Test data loaded
Network loaded

Testing on data:
('out:    ', '[0.908 ]')
('correct:', '[1     ]')
error:  0.00421459
('out:    ', '[0.607 ]')
('correct:', '[1     ]')
error:  0.07713896
('out:    ', '[0.154 ]')
('correct:', '[0     ]')
error:  0.01185702
('out:    ', '[0.884 ]')
('correct:', '[0     ]')
error:  0.39099217
('out:    ', '[0.936 ]')
('correct:', '[1     ]')
error:  0.00203823
('out:    ', '[0.898 ]')
('correct:', '[1     ]')
error:  0.00523842
('out:    ', '[0.548 ]')
('correct:', '[0     ]')
error:  0.15028588
('out:    ', '[0.478 ]')
('correct:', '[1     ]')
error:  0.13613767
('out:    ', '[0.217 ]')
('correct:', '[0     ]')
error:  0.02347690
('out:    ', '[0.649 ]')
('correct:', '[1     ]')
error:  0.06174664
('out:    ', '[0.603 ]')
('correct:', '[0     ]')
error:  0.18157312
('out:    ', '[0.928 ]')
('correct:', '[1     ]')
error:  0.00261900
('out:    ', '[0.795 ]')
('correct:', '[0     ]')
error:  0.31622515
('out:    ', '[0.855 ]')
('correct:', '[0     ]')
error:  0.36588321
('out:    ', '[0.939 ]')
('correct:', '[1     ]')
error:  0.00184659
('out:    ', '[0.799 ]')
('correct:', '[0     ]')
error:  0.31886920
('out:    ', '[0.865 ]')
('correct:', '[0     ]')
error:  0.37395003
('out:    ', '[0.916 ]')
('correct:', '[0     ]')
error:  0.41963204
('out:    ', '[0.881 ]')
('correct:', '[0     ]')
error:  0.38849564
('out:    ', '[0.647 ]')
('correct:', '[0     ]')
error:  0.20960832
('out:    ', '[0.725 ]')
('correct:', '[0     ]')
error:  0.26285138
('out:    ', '[0.856 ]')
('correct:', '[0     ]')
error:  0.36675972
('out:    ', '[0.98  ]')
('correct:', '[0     ]')
error:  0.47985775
('out:    ', '[0.935 ]')
('correct:', '[0     ]')
error:  0.43733678
('out:    ', '[0.951 ]')
('correct:', '[0     ]')
error:  0.45237657
('out:    ', '[0.703 ]')
('correct:', '[1     ]')
error:  0.04407317
('out:    ', '[0.107 ]')
('correct:', '[1     ]')
error:  0.39914976
('out:    ', '[0.807 ]')
('correct:', '[0     ]')
error:  0.32599771
('out:    ', '[0.885 ]')
('correct:', '[0     ]')
error:  0.39132826
('out:    ', '[0.116 ]')
('correct:', '[1     ]')
error:  0.39104646
('out:    ', '[0.646 ]')
('correct:', '[1     ]')
error:  0.06261645
('out:    ', '[0.923 ]')
('correct:', '[1     ]')
error:  0.00294711
('out:    ', '[0.571 ]')
('correct:', '[1     ]')
error:  0.09192646
('out:    ', '[0.965 ]')
('correct:', '[1     ]')
error:  0.00060453
('out:    ', '[0.605 ]')
('correct:', '[1     ]')
error:  0.07789359
('out:    ', '[0.486 ]')
('correct:', '[0     ]')
error:  0.11812572
('out:    ', '[0.897 ]')
('correct:', '[0     ]')
error:  0.40224178
('out:    ', '[0.618 ]')
('correct:', '[1     ]')
error:  0.07280108
('out:    ', '[0.732 ]')
('correct:', '[0     ]')
error:  0.26807905
('out:    ', '[0.916 ]')
('correct:', '[0     ]')
error:  0.41931614
('out:    ', '[0.955 ]')
('correct:', '[1     ]')
error:  0.00101790
('out:    ', '[0.529 ]')
('correct:', '[0     ]')
error:  0.13984095
('out:    ', '[0.705 ]')
('correct:', '[0     ]')
error:  0.24863081
('out:    ', '[0.444 ]')
('correct:', '[0     ]')
error:  0.09866851
('out:    ', '[0.804 ]')
('correct:', '[0     ]')
error:  0.32289995
('out:    ', '[0.755 ]')
('correct:', '[0     ]')
error:  0.28497586
('out:    ', '[0.962 ]')
('correct:', '[0     ]')
error:  0.46310534
('out:    ', '[0.827 ]')
('correct:', '[1     ]')
error:  0.01496938
('out:    ', '[0.911 ]')
('correct:', '[1     ]')
error:  0.00393624
('out:    ', '[0.281 ]')
('correct:', '[0     ]')
error:  0.03955541
('out:    ', '[0.194 ]')
('correct:', '[0     ]')
error:  0.01886256
('out:    ', '[0.953 ]')
('correct:', '[1     ]')
error:  0.00111175
('out:    ', '[0.098 ]')
('correct:', '[0     ]')
error:  0.00481637
('out:    ', '[0.403 ]')
('correct:', '[0     ]')
error:  0.08103586
('out:    ', '[0.81  ]')
('correct:', '[1     ]')
error:  0.01802683
('out:    ', '[0.983 ]')
('correct:', '[0     ]')
error:  0.48267084
('out:    ', '[0.352 ]')
('correct:', '[0     ]')
error:  0.06178510
('out:    ', '[0.9   ]')
('correct:', '[1     ]')
error:  0.00502952
('out:    ', '[0.938 ]')
('correct:', '[0     ]')
error:  0.43994788
('out:    ', '[0.438 ]')
('correct:', '[1     ]')
error:  0.15765141
('out:    ', '[0.579 ]')
('correct:', '[1     ]')
error:  0.08851245
('out:    ', '[0.979 ]')
('correct:', '[1     ]')
error:  0.00021787
('out:    ', '[0.116 ]')
('correct:', '[0     ]')
error:  0.00672995
('out:    ', '[0.683 ]')
('correct:', '[1     ]')
error:  0.05018848
('out:    ', '[0.675 ]')
('correct:', '[1     ]')
error:  0.05290868
('out:    ', '[0.897 ]')
('correct:', '[1     ]')
error:  0.00534090
('out:    ', '[0.678 ]')
('correct:', '[0     ]')
error:  0.23013590
('out:    ', '[0.775 ]')
('correct:', '[1     ]')
error:  0.02533422
('out:    ', '[0.858 ]')
('correct:', '[0     ]')
error:  0.36771015
('out:    ', '[0.995 ]')
('correct:', '[0     ]')
error:  0.49544004
('out:    ', '[0.855 ]')
('correct:', '[1     ]')
error:  0.01055399
('out:    ', '[0.747 ]')
('correct:', '[1     ]')
error:  0.03189474
('out:    ', '[0.521 ]')
('correct:', '[1     ]')
error:  0.11491925
('out:    ', '[0.645 ]')
('correct:', '[1     ]')
error:  0.06284845
('out:    ', '[0.731 ]')
('correct:', '[0     ]')
error:  0.26688626
('out:    ', '[0.745 ]')
('correct:', '[1     ]')
error:  0.03249551
('out:    ', '[0.721 ]')
('correct:', '[1     ]')
error:  0.03904511
('out:    ', '[0.736 ]')
('correct:', '[0     ]')
error:  0.27072899
('out:    ', '[0.642 ]')
('correct:', '[1     ]')
error:  0.06403586
('out:    ', '[0.711 ]')
('correct:', '[1     ]')
error:  0.04190152
('out:    ', '[0.892 ]')
('correct:', '[1     ]')
error:  0.00585622
('out:    ', '[0.906 ]')
('correct:', '[1     ]')
error:  0.00442791
('out:    ', '[0.898 ]')
('correct:', '[0     ]')
error:  0.40363437
('out:    ', '[0.904 ]')
('correct:', '[1     ]')
error:  0.00460380
('out:    ', '[0.744 ]')
('correct:', '[1     ]')
error:  0.03269606
('out:    ', '[0.437 ]')
('correct:', '[0     ]')
error:  0.09543455
('out:    ', '[0.932 ]')
('correct:', '[1     ]')
error:  0.00233618
('out:    ', '[0.719 ]')
('correct:', '[0     ]')
error:  0.25868584
('out:    ', '[0.562 ]')
('correct:', '[0     ]')
error:  0.15789818
('out:    ', '[0.582 ]')
('correct:', '[0     ]')
error:  0.16925353
('out:    ', '[0.133 ]')
('correct:', '[0     ]')
error:  0.00879020
('out:    ', '[0.964 ]')
('correct:', '[0     ]')
error:  0.46445166
('out:    ', '[0.366 ]')
('correct:', '[0     ]')
error:  0.06710389
('out:    ', '[0.757 ]')
('correct:', '[1     ]')
error:  0.02950034
('out:    ', '[0.117 ]')
('correct:', '[0     ]')
error:  0.00683254
('out:    ', '[0.586 ]')
('correct:', '[1     ]')
error:  0.08576737
('out:    ', '[0.798 ]')
('correct:', '[1     ]')
error:  0.02048651
('out:    ', '[0.855 ]')
('correct:', '[0     ]')
error:  0.36553572
('out:    ', '[0.932 ]')
('correct:', '[1     ]')
error:  0.00231080
('out:    ', '[0.803 ]')
('correct:', '[1     ]')
error:  0.01944175
('out:    ', '[0.907 ]')
('correct:', '[0     ]')
error:  0.41139066
('out:    ', '[0.354 ]')
('correct:', '[1     ]')
error:  0.20844170
('out:    ', '[0.807 ]')
('correct:', '[0     ]')
error:  0.32575708
('out:    ', '[0.631 ]')
('correct:', '[1     ]')
error:  0.06808610
('out:    ', '[0.184 ]')
('correct:', '[0     ]')
error:  0.01701841
('out:    ', '[0.925 ]')
('correct:', '[1     ]')
error:  0.00280460
('out:    ', '[0.864 ]')
('correct:', '[0     ]')
error:  0.37293153
('out:    ', '[0.874 ]')
('correct:', '[0     ]')
error:  0.38150342
('out:    ', '[0.931 ]')
('correct:', '[1     ]')
error:  0.00238694
('out:    ', '[0.454 ]')
('correct:', '[1     ]')
error:  0.14910017
('out:    ', '[0.86  ]')
('correct:', '[1     ]')
error:  0.00981314
('out:    ', '[0.642 ]')
('correct:', '[0     ]')
error:  0.20583107
('out:    ', '[0.934 ]')
('correct:', '[0     ]')
error:  0.43610446
('out:    ', '[0.152 ]')
('correct:', '[0     ]')
error:  0.01156526
('out:    ', '[0.769 ]')
('correct:', '[1     ]')
error:  0.02677951
('out:    ', '[0.994 ]')
('correct:', '[0     ]')
error:  0.49407198
('out:    ', '[0.906 ]')
('correct:', '[1     ]')
error:  0.00440318
('out:    ', '[0.263 ]')
('correct:', '[1     ]')
error:  0.27190192
('out:    ', '[0.919 ]')
('correct:', '[1     ]')
error:  0.00325551
('out:    ', '[0.943 ]')
('correct:', '[1     ]')
error:  0.00160066
('out:    ', '[0.166 ]')
('correct:', '[0     ]')
error:  0.01383721
('out:    ', '[0.928 ]')
('correct:', '[1     ]')
error:  0.00257085
('out:    ', '[0.996 ]')
('correct:', '[1     ]')
error:  0.00000760
('out:    ', '[0.792 ]')
('correct:', '[1     ]')
error:  0.02160267
('out:    ', '[0.905 ]')
('correct:', '[1     ]')
error:  0.00455184
('out:    ', '[0.632 ]')
('correct:', '[1     ]')
error:  0.06780249
('out:    ', '[0.898 ]')
('correct:', '[1     ]')
error:  0.00516237
('out:    ', '[0.885 ]')
('correct:', '[1     ]')
error:  0.00663878
('out:    ', '[0.942 ]')
('correct:', '[1     ]')
error:  0.00167362
('out:    ', '[0.862 ]')
('correct:', '[1     ]')
error:  0.00949534
('out:    ', '[0.929 ]')
('correct:', '[1     ]')
error:  0.00254969
('out:    ', '[0.939 ]')
('correct:', '[1     ]')
error:  0.00188365
('out:    ', '[0.888 ]')
('correct:', '[1     ]')
error:  0.00621941
('out:    ', '[0.927 ]')
('correct:', '[1     ]')
error:  0.00269111
('out:    ', '[0.517 ]')
('correct:', '[1     ]')
error:  0.11658463
('out:    ', '[0.537 ]')
('correct:', '[1     ]')
error:  0.10700018
('out:    ', '[0.626 ]')
('correct:', '[0     ]')
error:  0.19569045
('out:    ', '[0.45  ]')
('correct:', '[0     ]')
error:  0.10108113
('out:    ', '[0.157 ]')
('correct:', '[0     ]')
error:  0.01232853
('out:    ', '[0.262 ]')
('correct:', '[0     ]')
error:  0.03427708
('out:    ', '[0.936 ]')
('correct:', '[1     ]')
error:  0.00206916
('out:    ', '[0.922 ]')
('correct:', '[1     ]')
error:  0.00307904
('out:    ', '[0.529 ]')
('correct:', '[0     ]')
error:  0.14012022
('out:    ', '[0.556 ]')
('correct:', '[1     ]')
error:  0.09851387
('out:    ', '[0.903 ]')
('correct:', '[0     ]')
error:  0.40752236
('out:    ', '[0.935 ]')
('correct:', '[1     ]')
error:  0.00209787
('out:    ', '[0.875 ]')
('correct:', '[1     ]')
error:  0.00778696
('out:    ', '[0.946 ]')
('correct:', '[1     ]')
error:  0.00144249
('out:    ', '[0.32  ]')
('correct:', '[0     ]')
error:  0.05135238
('out:    ', '[0.792 ]')
('correct:', '[0     ]')
error:  0.31358071
('out:    ', '[0.936 ]')
('correct:', '[1     ]')
error:  0.00206747
('out:    ', '[0.948 ]')
('correct:', '[1     ]')
error:  0.00137107
('out:    ', '[0.679 ]')
('correct:', '[1     ]')
error:  0.05142950
('out:    ', '[0.663 ]')
('correct:', '[0     ]')
error:  0.21979229
('out:    ', '[0.257 ]')
('correct:', '[0     ]')
error:  0.03294760
('out:    ', '[0.802 ]')
('correct:', '[1     ]')
error:  0.01959030
('out:    ', '[0.526 ]')
('correct:', '[0     ]')
error:  0.13851154
('out:    ', '[0.681 ]')
('correct:', '[1     ]')
error:  0.05073441
('out:    ', '[0.935 ]')
('correct:', '[1     ]')
error:  0.00209661
('out:    ', '[0.881 ]')
('correct:', '[1     ]')
error:  0.00710337
('out:    ', '[0.898 ]')
('correct:', '[1     ]')
error:  0.00524471
('out:    ', '[0.376 ]')
('correct:', '[1     ]')
error:  0.19496614
('out:    ', '[0.756 ]')
('correct:', '[1     ]')
error:  0.02982619
('out:    ', '[0.425 ]')
('correct:', '[1     ]')
error:  0.16550018
('out:    ', '[0.892 ]')
('correct:', '[0     ]')
error:  0.39750942
('out:    ', '[0.576 ]')
('correct:', '[0     ]')
error:  0.16583258
('out:    ', '[0.834 ]')
('correct:', '[0     ]')
error:  0.34787541
('out:    ', '[0.931 ]')
('correct:', '[1     ]')
error:  0.00238158
('out:    ', '[0.795 ]')
('correct:', '[1     ]')
error:  0.02093892
('out:    ', '[0.932 ]')
('correct:', '[1     ]')
error:  0.00233887
('out:    ', '[0.575 ]')
('correct:', '[1     ]')
error:  0.09038114
('out:    ', '[0.896 ]')
('correct:', '[1     ]')
error:  0.00540305
('out:    ', '[0.905 ]')
('correct:', '[1     ]')
error:  0.00449100
('out:    ', '[0.765 ]')
('correct:', '[0     ]')
error:  0.29275950
('out:    ', '[0.241 ]')
('correct:', '[0     ]')
error:  0.02893404
('out:    ', '[0.378 ]')
('correct:', '[0     ]')
error:  0.07140981
('out:    ', '[0.802 ]')
('correct:', '[0     ]')
error:  0.32181470
('out:    ', '[0.671 ]')
('correct:', '[0     ]')
error:  0.22488633
('out:    ', '[0.722 ]')
('correct:', '[1     ]')
error:  0.03864453
('out:    ', '[0.849 ]')
('correct:', '[0     ]')
error:  0.36026060
('out:    ', '[0.906 ]')
('correct:', '[1     ]')
error:  0.00438799
('out:    ', '[0.594 ]')
('correct:', '[1     ]')
error:  0.08224505
('out:    ', '[0.61  ]')
('correct:', '[1     ]')
error:  0.07597512
('out:    ', '[0.961 ]')
('correct:', '[1     ]')
error:  0.00076460
('out:    ', '[0.847 ]')
('correct:', '[0     ]')
error:  0.35879202
('out:    ', '[0.967 ]')
('correct:', '[1     ]')
error:  0.00056031
('out:    ', '[0.656 ]')
('correct:', '[0     ]')
error:  0.21523237
('out:    ', '[0.946 ]')
('correct:', '[1     ]')
error:  0.00147534
('out:    ', '[0.769 ]')
('correct:', '[0     ]')
error:  0.29565190
('out:    ', '[0.942 ]')
('correct:', '[1     ]')
error:  0.00165906
('out:    ', '[0.709 ]')
('correct:', '[0     ]')
error:  0.25125639
('out:    ', '[0.819 ]')
('correct:', '[1     ]')
error:  0.01642301
('out:    ', '[0.905 ]')
('correct:', '[1     ]')
error:  0.00451469
('out:    ', '[0.899 ]')
('correct:', '[1     ]')
error:  0.00508418
('out:    ', '[0.7   ]')
('correct:', '[1     ]')
error:  0.04499402
('out:    ', '[0.852 ]')
('correct:', '[1     ]')
error:  0.01088896
('out:    ', '[0.931 ]')
('correct:', '[1     ]')
error:  0.00239239
('out:    ', '[0.59  ]')
('correct:', '[0     ]')
error:  0.17378391
('out:    ', '[0.925 ]')
('correct:', '[1     ]')
error:  0.00281963
('out:    ', '[0.416 ]')
('correct:', '[0     ]')
error:  0.08655409
('out:    ', '[0.945 ]')
('correct:', '[1     ]')
error:  0.00152350
('out:    ', '[0.523 ]')
('correct:', '[1     ]')
error:  0.11361097
('out:    ', '[0.749 ]')
('correct:', '[1     ]')
error:  0.03152766
('out:    ', '[0.768 ]')
('correct:', '[0     ]')
error:  0.29465313
('out:    ', '[0.931 ]')
('correct:', '[1     ]')
error:  0.00236275
('out:    ', '[0.117 ]')
('correct:', '[0     ]')
error:  0.00688604
('out:    ', '[0.517 ]')
('correct:', '[1     ]')
error:  0.11672018
('out:    ', '[0.899 ]')
('correct:', '[1     ]')
error:  0.00507108
('out:    ', '[0.928 ]')
('correct:', '[1     ]')
error:  0.00258724
('out:    ', '[0.518 ]')
('correct:', '[0     ]')
error:  0.13397169
('out:    ', '[0.205 ]')
('correct:', '[1     ]')
error:  0.31578105
('out:    ', '[0.603 ]')
('correct:', '[0     ]')
error:  0.18191840
('out:    ', '[0.931 ]')
('correct:', '[1     ]')
error:  0.00239902
('out:    ', '[0.692 ]')
('correct:', '[1     ]')
error:  0.04754219
('out:    ', '[0.483 ]')
('correct:', '[1     ]')
error:  0.13373246
('out:    ', '[0.56  ]')
('correct:', '[0     ]')
error:  0.15699629
('out:    ', '[0.919 ]')
('correct:', '[1     ]')
error:  0.00331374
('out:    ', '[0.129 ]')
('correct:', '[0     ]')
error:  0.00825614
('out:    ', '[0.595 ]')
('correct:', '[1     ]')
error:  0.08182694
('out:    ', '[0.995 ]')
('correct:', '[1     ]')
error:  0.00001451
('out:    ', '[0.944 ]')
('correct:', '[0     ]')
error:  0.44513443
('out:    ', '[0.165 ]')
('correct:', '[0     ]')
error:  0.01357465
('out:    ', '[0.742 ]')
('correct:', '[0     ]')
error:  0.27537243
('out:    ', '[0.916 ]')
('correct:', '[1     ]')
error:  0.00355471
('out:    ', '[0.981 ]')
('correct:', '[1     ]')
error:  0.00018928
('out:    ', '[0.215 ]')
('correct:', '[0     ]')
error:  0.02308727
('out:    ', '[0.742 ]')
('correct:', '[1     ]')
error:  0.03315493
('out:    ', '[0.858 ]')
('correct:', '[1     ]')
error:  0.01002513
('out:    ', '[0.903 ]')
('correct:', '[1     ]')
error:  0.00466205
('out:    ', '[0.76  ]')
('correct:', '[1     ]')
error:  0.02885542
('out:    ', '[0.811 ]')
('correct:', '[0     ]')
error:  0.32895887
('out:    ', '[0.713 ]')
('correct:', '[1     ]')
error:  0.04114990
('out:    ', '[0.681 ]')
('correct:', '[1     ]')
error:  0.05091481
('out:    ', '[0.64  ]')
('correct:', '[1     ]')
error:  0.06497298
('out:    ', '[0.842 ]')
('correct:', '[1     ]')
error:  0.01243680
('out:    ', '[0.886 ]')
('correct:', '[0     ]')
error:  0.39278293
('out:    ', '[0.925 ]')
('correct:', '[1     ]')
error:  0.00284735
('out:    ', '[0.494 ]')
('correct:', '[1     ]')
error:  0.12780229
('out:    ', '[0.736 ]')
('correct:', '[0     ]')
error:  0.27094488
('out:    ', '[0.296 ]')
('correct:', '[0     ]')
error:  0.04377818
('out:    ', '[0.569 ]')
('correct:', '[1     ]')
error:  0.09287160
('out:    ', '[0.771 ]')
('correct:', '[0     ]')
error:  0.29747138
('out:    ', '[0.931 ]')
('correct:', '[0     ]')
error:  0.43369123
('out:    ', '[0.637 ]')
('correct:', '[0     ]')
error:  0.20312131
('out:    ', '[0.337 ]')
('correct:', '[0     ]')
error:  0.05670037
('out:    ', '[0.898 ]')
('correct:', '[1     ]')
error:  0.00519536
('out:    ', '[0.993 ]')
('correct:', '[0     ]')
error:  0.49308625
('out:    ', '[0.882 ]')
('correct:', '[1     ]')
error:  0.00694336
('out:    ', '[0.799 ]')
('correct:', '[1     ]')
error:  0.02014682
('out:    ', '[0.82  ]')
('correct:', '[1     ]')
error:  0.01628095
('out:    ', '[0.282 ]')
('correct:', '[0     ]')
error:  0.03967603
('out:    ', '[0.31  ]')
('correct:', '[1     ]')
error:  0.23785014
('out:    ', '[0.95  ]')
('correct:', '[1     ]')
error:  0.00125663
('out:    ', '[0.576 ]')
('correct:', '[1     ]')
error:  0.08989003
('out:    ', '[0.68  ]')
('correct:', '[1     ]')
error:  0.05133235
('out:    ', '[0.472 ]')
('correct:', '[1     ]')
error:  0.13916294
('out:    ', '[0.86  ]')
('correct:', '[1     ]')
error:  0.00975824
('out:    ', '[0.657 ]')
('correct:', '[1     ]')
error:  0.05876656
('out:    ', '[0.554 ]')
('correct:', '[1     ]')
error:  0.09933888
('out:    ', '[0.711 ]')
('correct:', '[1     ]')
error:  0.04164554
('out:    ', '[0.698 ]')
('correct:', '[0     ]')
error:  0.24355613
('out:    ', '[0.846 ]')
('correct:', '[1     ]')
error:  0.01182456
('out:    ', '[0.234 ]')
('correct:', '[1     ]')
error:  0.29316618
('out:    ', '[0.993 ]')
('correct:', '[1     ]')
error:  0.00002717
('out:    ', '[0.951 ]')
('correct:', '[1     ]')
error:  0.00120123
('out:    ', '[0.86  ]')
('correct:', '[0     ]')
error:  0.36984584
('out:    ', '[0.914 ]')
('correct:', '[0     ]')
error:  0.41779838
('out:    ', '[0.717 ]')
('correct:', '[0     ]')
error:  0.25723213
('out:    ', '[0.777 ]')
('correct:', '[0     ]')
error:  0.30222294
('out:    ', '[0.453 ]')
('correct:', '[1     ]')
error:  0.14976028
('out:    ', '[0.896 ]')
('correct:', '[1     ]')
error:  0.00542177
('out:    ', '[0.704 ]')
('correct:', '[1     ]')
error:  0.04384544
('out:    ', '[0.851 ]')
('correct:', '[1     ]')
error:  0.01111743
('out:    ', '[0.753 ]')
('correct:', '[1     ]')
error:  0.03045069
('out:    ', '[0.979 ]')
('correct:', '[1     ]')
error:  0.00021697
('out:    ', '[0.922 ]')
('correct:', '[1     ]')
error:  0.00301396
('out:    ', '[0.735 ]')
('correct:', '[1     ]')
error:  0.03519517
('out:    ', '[0.81  ]')
('correct:', '[1     ]')
error:  0.01797869
('out:    ', '[0.292 ]')
('correct:', '[1     ]')
error:  0.25042929
('out:    ', '[0.87  ]')
('correct:', '[1     ]')
error:  0.00849445
('out:    ', '[0.591 ]')
('correct:', '[1     ]')
error:  0.08343978
('out:    ', '[0.94  ]')
('correct:', '[1     ]')
error:  0.00179229
('out:    ', '[0.949 ]')
('correct:', '[1     ]')
error:  0.00131653
('out:    ', '[0.686 ]')
('correct:', '[0     ]')
error:  0.23517316
('out:    ', '[0.271 ]')
('correct:', '[0     ]')
error:  0.03661611
('out:    ', '[0.808 ]')
('correct:', '[1     ]')
error:  0.01850487
('out:    ', '[0.616 ]')
('correct:', '[0     ]')
error:  0.18980830
('out:    ', '[0.652 ]')
('correct:', '[1     ]')
error:  0.06059378
('out:    ', '[0.795 ]')
('correct:', '[1     ]')
error:  0.02094936
('out:    ', '[0.921 ]')
('correct:', '[1     ]')
error:  0.00314066
('out:    ', '[0.524 ]')
('correct:', '[0     ]')
error:  0.13741034
('out:    ', '[0.931 ]')
('correct:', '[1     ]')
error:  0.00238695
('out:    ', '[0.827 ]')
('correct:', '[1     ]')
error:  0.01497815
('out:    ', '[0.692 ]')
('correct:', '[1     ]')
error:  0.04727883
('out:    ', '[0.258 ]')
('correct:', '[0     ]')
error:  0.03321859
('out:    ', '[0.844 ]')
('correct:', '[1     ]')
error:  0.01218515
('out:    ', '[0.422 ]')
('correct:', '[0     ]')
error:  0.08888697
('out:    ', '[0.147 ]')
('correct:', '[0     ]')
error:  0.01073872
('out:    ', '[0.995 ]')
('correct:', '[1     ]')
error:  0.00001126
('out:    ', '[0.841 ]')
('correct:', '[0     ]')
error:  0.35399493
('out:    ', '[0.634 ]')
('correct:', '[0     ]')
error:  0.20121135
('out:    ', '[0.953 ]')
('correct:', '[1     ]')
error:  0.00110161
('out:    ', '[0.547 ]')
('correct:', '[1     ]')
error:  0.10259186
('out:    ', '[0.615 ]')
('correct:', '[1     ]')
error:  0.07415714
('out:    ', '[0.522 ]')
('correct:', '[0     ]')
error:  0.13632672
('out:    ', '[0.406 ]')
('correct:', '[0     ]')
error:  0.08229054
('out:    ', '[0.327 ]')
('correct:', '[1     ]')
error:  0.22647553
('out:    ', '[0.942 ]')
('correct:', '[1     ]')
error:  0.00166171
('out:    ', '[0.945 ]')
('correct:', '[1     ]')
error:  0.00149117
('out:    ', '[0.815 ]')
('correct:', '[0     ]')
error:  0.33232973
('out:    ', '[0.786 ]')
('correct:', '[1     ]')
error:  0.02280110
('out:    ', '[0.931 ]')
('correct:', '[1     ]')
error:  0.00236528
('out:    ', '[0.388 ]')
('correct:', '[1     ]')
error:  0.18700597
('out:    ', '[0.922 ]')
('correct:', '[1     ]')
error:  0.00304840
('out:    ', '[0.886 ]')
('correct:', '[0     ]')
error:  0.39221265
('out:    ', '[0.419 ]')
('correct:', '[1     ]')
error:  0.16882061
('out:    ', '[0.994 ]')
('correct:', '[1     ]')
error:  0.00001677
('out:    ', '[0.256 ]')
('correct:', '[0     ]')
error:  0.03268600
('out:    ', '[0.616 ]')
('correct:', '[1     ]')
error:  0.07362528
('out:    ', '[0.984 ]')
('correct:', '[0     ]')
error:  0.48433453
('out:    ', '[0.216 ]')
('correct:', '[0     ]')
error:  0.02326051
('out:    ', '[0.851 ]')
('correct:', '[1     ]')
error:  0.01109620
('out:    ', '[0.303 ]')
('correct:', '[1     ]')
error:  0.24307706
('out:    ', '[0.947 ]')
('correct:', '[1     ]')
error:  0.00138542
('out:    ', '[0.601 ]')
('correct:', '[1     ]')
error:  0.07943153
('out:    ', '[0.619 ]')
('correct:', '[0     ]')
error:  0.19158521
('out:    ', '[0.812 ]')
('correct:', '[1     ]')
error:  0.01757955
('out:    ', '[0.376 ]')
('correct:', '[0     ]')
error:  0.07058118
('out:    ', '[0.662 ]')
('correct:', '[0     ]')
error:  0.21883220
('out:    ', '[0.586 ]')
('correct:', '[0     ]')
error:  0.17178572
('out:    ', '[0.709 ]')
('correct:', '[0     ]')
error:  0.25126955
('out:    ', '[0.675 ]')
('correct:', '[1     ]')
error:  0.05270899
('out:    ', '[0.969 ]')
('correct:', '[1     ]')
error:  0.00049081
('out:    ', '[0.255 ]')
('correct:', '[1     ]')
error:  0.27783418
('out:    ', '[0.929 ]')
('correct:', '[0     ]')
error:  0.43113956
('out:    ', '[0.9   ]')
('correct:', '[1     ]')
error:  0.00498689
('out:    ', '[0.822 ]')
('correct:', '[1     ]')
error:  0.01575542
('out:    ', '[0.813 ]')
('correct:', '[1     ]')
error:  0.01754359
('out:    ', '[0.828 ]')
('correct:', '[0     ]')
error:  0.34290390
('out:    ', '[0.114 ]')
('correct:', '[0     ]')
error:  0.00651641
('out:    ', '[0.99  ]')
('correct:', '[1     ]')
error:  0.00004680
('out:    ', '[0.947 ]')
('correct:', '[1     ]')
error:  0.00142948
('out:    ', '[0.951 ]')
('correct:', '[1     ]')
error:  0.00118244
('out:    ', '[0.214 ]')
('correct:', '[0     ]')
error:  0.02299215
('out:    ', '[0.943 ]')
('correct:', '[1     ]')
error:  0.00161045
('out:    ', '[0.822 ]')
('correct:', '[0     ]')
error:  0.33796238
('out:    ', '[0.204 ]')
('correct:', '[0     ]')
error:  0.02072318
('out:    ', '[0.656 ]')
('correct:', '[1     ]')
error:  0.05902490
('out:    ', '[0.656 ]')
('correct:', '[1     ]')
error:  0.05902747
('out:    ', '[0.715 ]')
('correct:', '[1     ]')
error:  0.04051215
('out:    ', '[0.198 ]')
('correct:', '[0     ]')
error:  0.01957758
('out:    ', '[0.996 ]')
('correct:', '[1     ]')
error:  0.00000974
('out:    ', '[0.931 ]')
('correct:', '[1     ]')
error:  0.00240964
('out:    ', '[0.518 ]')
('correct:', '[0     ]')
error:  0.13403218
('out:    ', '[0.197 ]')
('correct:', '[0     ]')
error:  0.01947156
('out:    ', '[0.93  ]')
('correct:', '[1     ]')
error:  0.00247479
('out:    ', '[0.797 ]')
('correct:', '[1     ]')
error:  0.02067409
('out:    ', '[0.184 ]')
('correct:', '[0     ]')
error:  0.01697954
('out:    ', '[0.84  ]')
('correct:', '[1     ]')
error:  0.01287933
('out:    ', '[0.9   ]')
('correct:', '[1     ]')
error:  0.00500937
('out:    ', '[0.734 ]')
('correct:', '[0     ]')
error:  0.26937726
('out:    ', '[0.561 ]')
('correct:', '[0     ]')
error:  0.15725042
('out:    ', '[0.74  ]')
('correct:', '[1     ]')
error:  0.03374080
('out:    ', '[0.9   ]')
('correct:', '[1     ]')
error:  0.00502922
('out:    ', '[0.23  ]')
('correct:', '[0     ]')
error:  0.02637964
('out:    ', '[0.799 ]')
('correct:', '[0     ]')
error:  0.31952653
('out:    ', '[0.503 ]')
('correct:', '[0     ]')
error:  0.12657746
('out:    ', '[0.716 ]')
('correct:', '[0     ]')
error:  0.25620557
('out:    ', '[0.893 ]')
('correct:', '[0     ]')
error:  0.39838788
('out:    ', '[0.863 ]')
('correct:', '[0     ]')
error:  0.37207029
('out:    ', '[0.933 ]')
('correct:', '[0     ]')
error:  0.43558131
('out:    ', '[0.842 ]')
('correct:', '[1     ]')
error:  0.01242334
('out:    ', '[0.332 ]')
('correct:', '[1     ]')
error:  0.22342270
('out:    ', '[0.253 ]')
('correct:', '[0     ]')
error:  0.03194362
('out:    ', '[0.318 ]')
('correct:', '[0     ]')
error:  0.05064339
('out:    ', '[0.98  ]')
('correct:', '[1     ]')
error:  0.00020972
('out:    ', '[0.493 ]')
('correct:', '[1     ]')
error:  0.12872245
('out:    ', '[0.341 ]')
('correct:', '[0     ]')
error:  0.05829232
('out:    ', '[0.34  ]')
('correct:', '[0     ]')
error:  0.05770833
('out:    ', '[0.796 ]')
('correct:', '[1     ]')
error:  0.02086839
('out:    ', '[0.891 ]')
('correct:', '[1     ]')
error:  0.00595048
('out:    ', '[0.509 ]')
('correct:', '[1     ]')
error:  0.12061375
('out:    ', '[0.739 ]')
('correct:', '[0     ]')
error:  0.27280441
('out:    ', '[0.491 ]')
('correct:', '[1     ]')
error:  0.12941349
('out:    ', '[0.767 ]')
('correct:', '[1     ]')
error:  0.02705107
('out:    ', '[0.723 ]')
('correct:', '[1     ]')
error:  0.03838697
('out:    ', '[0.59  ]')
('correct:', '[0     ]')
error:  0.17404011
('out:    ', '[0.526 ]')
('correct:', '[1     ]')
error:  0.11238656
('out:    ', '[0.838 ]')
('correct:', '[1     ]')
error:  0.01316231
('out:    ', '[0.621 ]')
('correct:', '[0     ]')
error:  0.19254982
('out:    ', '[0.919 ]')
('correct:', '[1     ]')
error:  0.00331977
('out:    ', '[0.906 ]')
('correct:', '[1     ]')
error:  0.00440084
('out:    ', '[0.443 ]')
('correct:', '[0     ]')
error:  0.09798233
('out:    ', '[0.941 ]')
('correct:', '[1     ]')
error:  0.00174819
('out:    ', '[0.695 ]')
('correct:', '[0     ]')
error:  0.24138493
('out:    ', '[0.724 ]')
('correct:', '[1     ]')
error:  0.03804258
('out:    ', '[0.672 ]')
('correct:', '[1     ]')
error:  0.05390244
('out:    ', '[0.687 ]')
('correct:', '[1     ]')
error:  0.04899466
('out:    ', '[0.396 ]')
('correct:', '[0     ]')
error:  0.07859343
('out:    ', '[0.625 ]')
('correct:', '[1     ]')
error:  0.07049408
('out:    ', '[0.883 ]')
('correct:', '[0     ]')
error:  0.38978658
('out:    ', '[0.866 ]')
('correct:', '[0     ]')
error:  0.37492697
('out:    ', '[0.684 ]')
('correct:', '[1     ]')
error:  0.04995855
('out:    ', '[0.66  ]')
('correct:', '[1     ]')
error:  0.05778689
('out:    ', '[0.9   ]')
('correct:', '[1     ]')
error:  0.00504256
('out:    ', '[0.933 ]')
('correct:', '[0     ]')
error:  0.43495101
('out:    ', '[0.756 ]')
('correct:', '[0     ]')
error:  0.28554505
('out:    ', '[0.883 ]')
('correct:', '[1     ]')
error:  0.00689946
('out:    ', '[0.576 ]')
('correct:', '[0     ]')
error:  0.16579012
('out:    ', '[0.186 ]')
('correct:', '[0     ]')
error:  0.01722477
('out:    ', '[0.625 ]')
('correct:', '[1     ]')
error:  0.07048047
('out:    ', '[0.587 ]')
('correct:', '[0     ]')
error:  0.17218222
('out:    ', '[0.894 ]')
('correct:', '[1     ]')
error:  0.00559287
('out:    ', '[0.333 ]')
('correct:', '[0     ]')
error:  0.05543593
('out:    ', '[0.118 ]')
('correct:', '[0     ]')
error:  0.00696452
('out:    ', '[0.951 ]')
('correct:', '[1     ]')
error:  0.00120582
('out:    ', '[0.908 ]')
('correct:', '[1     ]')
error:  0.00423086
('out:    ', '[0.899 ]')
('correct:', '[1     ]')
error:  0.00513015
('out:    ', '[0.919 ]')
('correct:', '[0     ]')
error:  0.42191700
('out:    ', '[0.73  ]')
('correct:', '[1     ]')
error:  0.03640390
('out:    ', '[0.227 ]')
('correct:', '[0     ]')
error:  0.02576707
('out:    ', '[0.444 ]')
('correct:', '[0     ]')
error:  0.09873482
('out:    ', '[0.773 ]')
('correct:', '[1     ]')
error:  0.02583337
('out:    ', '[0.932 ]')
('correct:', '[1     ]')
error:  0.00228150
('out:    ', '[0.567 ]')
('correct:', '[0     ]')
error:  0.16085869
('out:    ', '[0.781 ]')
('correct:', '[1     ]')
error:  0.02389200
('out:    ', '[0.358 ]')
('correct:', '[0     ]')
error:  0.06424726
('out:    ', '[0.664 ]')
('correct:', '[1     ]')
error:  0.05648474
('out:    ', '[0.773 ]')
('correct:', '[1     ]')
error:  0.02569818
('out:    ', '[0.931 ]')
('correct:', '[1     ]')
error:  0.00237948
('out:    ', '[0.56  ]')
('correct:', '[0     ]')
error:  0.15657870
('out:    ', '[0.328 ]')
('correct:', '[1     ]')
error:  0.22559786
('out:    ', '[0.778 ]')
('correct:', '[0     ]')
error:  0.30263593
('out:    ', '[0.246 ]')
('correct:', '[0     ]')
error:  0.03030625
('out:    ', '[0.747 ]')
('correct:', '[0     ]')
error:  0.27911428
('out:    ', '[0.673 ]')
('correct:', '[0     ]')
error:  0.22656454
('out:    ', '[0.263 ]')
('correct:', '[0     ]')
error:  0.03460502
('out:    ', '[0.81  ]')
('correct:', '[1     ]')
error:  0.01798487
('out:    ', '[0.807 ]')
('correct:', '[1     ]')
error:  0.01866039
('out:    ', '[0.763 ]')
('correct:', '[1     ]')
error:  0.02812762
('out:    ', '[0.719 ]')
('correct:', '[1     ]')
error:  0.03961786
('out:    ', '[0.626 ]')
('correct:', '[1     ]')
error:  0.06999388
('out:    ', '[0.894 ]')
('correct:', '[0     ]')
error:  0.39924929
('out:    ', '[0.676 ]')
('correct:', '[1     ]')
error:  0.05233033
('out:    ', '[0.631 ]')
('correct:', '[1     ]')
error:  0.06825770
('out:    ', '[0.792 ]')
('correct:', '[0     ]')
error:  0.31380519
('out:    ', '[0.116 ]')
('correct:', '[0     ]')
error:  0.00678070
('out:    ', '[0.689 ]')
('correct:', '[1     ]')
error:  0.04826542
('out:    ', '[0.426 ]')
('correct:', '[0     ]')
error:  0.09080492
('out:    ', '[0.903 ]')
('correct:', '[1     ]')
error:  0.00466625
('out:    ', '[0.929 ]')
('correct:', '[1     ]')
error:  0.00248597
('out:    ', '[0.55  ]')
('correct:', '[1     ]')
error:  0.10105908
('out:    ', '[0.698 ]')
('correct:', '[1     ]')
error:  0.04547348
('out:    ', '[0.602 ]')
('correct:', '[1     ]')
error:  0.07933554
('out:    ', '[0.895 ]')
('correct:', '[1     ]')
error:  0.00556454
('out:    ', '[0.759 ]')
('correct:', '[1     ]')
error:  0.02901632
('out:    ', '[0.464 ]')
('correct:', '[0     ]')
error:  0.10782829
('out:    ', '[0.703 ]')
('correct:', '[1     ]')
error:  0.04398450
('out:    ', '[0.876 ]')
('correct:', '[1     ]')
error:  0.00764513
('out:    ', '[0.525 ]')
('correct:', '[0     ]')
error:  0.13795692
('out:    ', '[0.642 ]')
('correct:', '[1     ]')
error:  0.06423450
('out:    ', '[0.939 ]')
('correct:', '[1     ]')
error:  0.00183093
('out:    ', '[0.994 ]')
('correct:', '[1     ]')
error:  0.00001940
('out:    ', '[0.79  ]')
('correct:', '[1     ]')
error:  0.02208882
('out:    ', '[0.576 ]')
('correct:', '[0     ]')
error:  0.16576645
('out:    ', '[0.927 ]')
('correct:', '[1     ]')
error:  0.00264178
('out:    ', '[0.838 ]')
('correct:', '[1     ]')
error:  0.01317735
('out:    ', '[0.333 ]')
('correct:', '[0     ]')
error:  0.05540826
('out:    ', '[0.639 ]')
('correct:', '[1     ]')
error:  0.06530735
('out:    ', '[0.976 ]')
('correct:', '[1     ]')
error:  0.00028441
('out:    ', '[0.995 ]')
('correct:', '[1     ]')
error:  0.00001122
('out:    ', '[0.931 ]')
('correct:', '[1     ]')
error:  0.00239590
('out:    ', '[0.207 ]')
('correct:', '[0     ]')
error:  0.02139652
('out:    ', '[0.399 ]')
('correct:', '[0     ]')
error:  0.07978651
('out:    ', '[0.939 ]')
('correct:', '[1     ]')
error:  0.00187145
('out:    ', '[0.655 ]')
('correct:', '[1     ]')
error:  0.05956222
('out:    ', '[0.915 ]')
('correct:', '[0     ]')
error:  0.41888026
('out:    ', '[0.928 ]')
('correct:', '[0     ]')
error:  0.43015190
('out:    ', '[0.689 ]')
('correct:', '[1     ]')
error:  0.04841804
('out:    ', '[0.441 ]')
('correct:', '[0     ]')
error:  0.09724460
('out:    ', '[0.595 ]')
('correct:', '[0     ]')
error:  0.17694155
('out:    ', '[0.929 ]')
('correct:', '[1     ]')
error:  0.00254461
('out:    ', '[0.989 ]')
('correct:', '[1     ]')
error:  0.00005564
('out:    ', '[0.811 ]')
('correct:', '[1     ]')
error:  0.01786153
('out:    ', '[0.613 ]')
('correct:', '[0     ]')
error:  0.18805305
('out:    ', '[0.782 ]')
('correct:', '[1     ]')
error:  0.02384961
('out:    ', '[0.938 ]')
('correct:', '[0     ]')
error:  0.43999571
('out:    ', '[0.949 ]')
('correct:', '[1     ]')
error:  0.00128812
('out:    ', '[0.476 ]')
('correct:', '[0     ]')
error:  0.11313447
('out:    ', '[0.561 ]')
('correct:', '[0     ]')
error:  0.15749382
('out:    ', '[0.547 ]')
('correct:', '[0     ]')
error:  0.14971934
('out:    ', '[0.814 ]')
('correct:', '[0     ]')
error:  0.33089498
('out:    ', '[0.145 ]')
('correct:', '[0     ]')
error:  0.01058192
('out:    ', '[0.917 ]')
('correct:', '[1     ]')
error:  0.00343625
('out:    ', '[0.376 ]')
('correct:', '[1     ]')
error:  0.19455488
('out:    ', '[0.717 ]')
('correct:', '[1     ]')
error:  0.03997512
('out:    ', '[0.926 ]')
('correct:', '[1     ]')
error:  0.00273965
('out:    ', '[0.907 ]')
('correct:', '[1     ]')
error:  0.00435618
('out:    ', '[0.876 ]')
('correct:', '[0     ]')
error:  0.38378455
('out:    ', '[0.655 ]')
('correct:', '[0     ]')
error:  0.21466055
('out:    ', '[0.202 ]')
('correct:', '[1     ]')
error:  0.31814203
('out:    ', '[0.93  ]')
('correct:', '[0     ]')
error:  0.43278320
('out:    ', '[0.171 ]')
('correct:', '[0     ]')
error:  0.01465326
('out:    ', '[0.595 ]')
('correct:', '[1     ]')
error:  0.08216722
('out:    ', '[0.173 ]')
('correct:', '[1     ]')
error:  0.34217846
('out:    ', '[0.944 ]')
('correct:', '[1     ]')
error:  0.00157501
('out:    ', '[0.154 ]')
('correct:', '[1     ]')
error:  0.35801056
('out:    ', '[0.709 ]')
('correct:', '[0     ]')
error:  0.25099093
('out:    ', '[0.82  ]')
('correct:', '[1     ]')
error:  0.01611216
('out:    ', '[0.431 ]')
('correct:', '[1     ]')
error:  0.16213603
('out:    ', '[0.199 ]')
('correct:', '[1     ]')
error:  0.32100771
('out:    ', '[0.725 ]')
('correct:', '[0     ]')
error:  0.26289829
('out:    ', '[0.683 ]')
('correct:', '[1     ]')
error:  0.05033074
('out:    ', '[0.861 ]')
('correct:', '[1     ]')
error:  0.00961597
('out:    ', '[0.996 ]')
('correct:', '[1     ]')
error:  0.00000778
('out:    ', '[0.985 ]')
('correct:', '[1     ]')
error:  0.00011817
('out:    ', '[0.804 ]')
('correct:', '[0     ]')
error:  0.32324151
('out:    ', '[0.14  ]')
('correct:', '[0     ]')
error:  0.00977249
('out:    ', '[0.624 ]')
('correct:', '[1     ]')
error:  0.07078237
('out:    ', '[0.513 ]')
('correct:', '[0     ]')
error:  0.13163500
('out:    ', '[0.997 ]')
('correct:', '[1     ]')
error:  0.00000529
('out:    ', '[0.635 ]')
('correct:', '[1     ]')
error:  0.06644368
('out:    ', '[0.653 ]')
('correct:', '[1     ]')
error:  0.06028249
('out:    ', '[0.896 ]')
('correct:', '[1     ]')
error:  0.00537960
('out:    ', '[0.665 ]')
('correct:', '[1     ]')
error:  0.05627371
('out:    ', '[0.908 ]')
('correct:', '[1     ]')
error:  0.00426827
('out:    ', '[0.925 ]')
('correct:', '[1     ]')
error:  0.00282762
('out:    ', '[0.876 ]')
('correct:', '[1     ]')
error:  0.00771465
('out:    ', '[0.431 ]')
('correct:', '[1     ]')
error:  0.16191746
('out:    ', '[0.992 ]')
('correct:', '[1     ]')
error:  0.00003348
('out:    ', '[0.939 ]')
('correct:', '[1     ]')
error:  0.00184229
('out:    ', '[0.939 ]')
('correct:', '[1     ]')
error:  0.00185949
('out:    ', '[0.352 ]')
('correct:', '[0     ]')
error:  0.06182119
('out:    ', '[0.474 ]')
('correct:', '[0     ]')
error:  0.11246858
('out:    ', '[0.839 ]')
('correct:', '[1     ]')
error:  0.01297212
('out:    ', '[0.773 ]')
('correct:', '[1     ]')
error:  0.02587266
('out:    ', '[0.105 ]')
('correct:', '[1     ]')
error:  0.40028442
('out:    ', '[0.597 ]')
('correct:', '[0     ]')
error:  0.17827448
('out:    ', '[0.708 ]')
('correct:', '[1     ]')
error:  0.04259399
('out:    ', '[0.905 ]')
('correct:', '[1     ]')
error:  0.00450617
('out:    ', '[0.736 ]')
('correct:', '[1     ]')
error:  0.03476802
('out:    ', '[0.944 ]')
('correct:', '[1     ]')
error:  0.00157901
('out:    ', '[0.942 ]')
('correct:', '[1     ]')
error:  0.00166202
('out:    ', '[0.595 ]')
('correct:', '[0     ]')
error:  0.17705163
('out:    ', '[0.635 ]')
('correct:', '[1     ]')
error:  0.06654830
('out:    ', '[0.115 ]')
('correct:', '[0     ]')
error:  0.00656261
('out:    ', '[0.618 ]')
('correct:', '[0     ]')
error:  0.19120323
('out:    ', '[0.686 ]')
('correct:', '[0     ]')
error:  0.23544444
('out:    ', '[0.956 ]')
('correct:', '[1     ]')
error:  0.00097609
('out:    ', '[0.939 ]')
('correct:', '[1     ]')
error:  0.00187215
('out:    ', '[0.252 ]')
('correct:', '[1     ]')
error:  0.27977993
('out:    ', '[0.925 ]')
('correct:', '[1     ]')
error:  0.00282388
('out:    ', '[0.606 ]')
('correct:', '[0     ]')
error:  0.18356410
('out:    ', '[0.529 ]')
('correct:', '[1     ]')
error:  0.11107693
('out:    ', '[0.773 ]')
('correct:', '[1     ]')
error:  0.02571348
('out:    ', '[0.946 ]')
('correct:', '[1     ]')
error:  0.00143710
('out:    ', '[0.766 ]')
('correct:', '[0     ]')
error:  0.29357302
('out:    ', '[0.653 ]')
('correct:', '[1     ]')
error:  0.06037103
('out:    ', '[0.936 ]')
('correct:', '[1     ]')
error:  0.00202976
('out:    ', '[0.363 ]')
('correct:', '[0     ]')
error:  0.06575304
('out:    ', '[0.936 ]')
('correct:', '[1     ]')
error:  0.00203367
('out:    ', '[0.9   ]')
('correct:', '[1     ]')
error:  0.00502919
('out:    ', '[0.649 ]')
('correct:', '[1     ]')
error:  0.06172098
('out:    ', '[0.814 ]')
('correct:', '[0     ]')
error:  0.33119987
('out:    ', '[0.785 ]')
('correct:', '[0     ]')
error:  0.30845785
('out:    ', '[0.873 ]')
('correct:', '[0     ]')
error:  0.38134914
('out:    ', '[0.694 ]')
('correct:', '[0     ]')
error:  0.24080260
('out:    ', '[0.638 ]')
('correct:', '[1     ]')
error:  0.06561800
('out:    ', '[0.078 ]')
('correct:', '[0     ]')
error:  0.00305490
('out:    ', '[0.912 ]')
('correct:', '[1     ]')
error:  0.00383659
('out:    ', '[0.279 ]')
('correct:', '[0     ]')
error:  0.03882067
('out:    ', '[0.907 ]')
('correct:', '[1     ]')
error:  0.00429039
('out:    ', '[0.285 ]')
('correct:', '[1     ]')
error:  0.25578857
('out:    ', '[0.561 ]')
('correct:', '[1     ]')
error:  0.09633394
('out:    ', '[0.618 ]')
('correct:', '[0     ]')
error:  0.19072109
('out:    ', '[0.402 ]')
('correct:', '[1     ]')
error:  0.17882439
('out:    ', '[0.891 ]')
('correct:', '[0     ]')
error:  0.39671794
('out:    ', '[0.221 ]')
('correct:', '[0     ]')
error:  0.02450552
('out:    ', '[0.766 ]')
('correct:', '[1     ]')
error:  0.02748602
('out:    ', '[0.997 ]')
('correct:', '[1     ]')
error:  0.00000528
('out:    ', '[0.98  ]')
('correct:', '[1     ]')
error:  0.00020779
('out:    ', '[0.842 ]')
('correct:', '[1     ]')
error:  0.01247101
('out:    ', '[0.543 ]')
('correct:', '[1     ]')
error:  0.10432728
('out:    ', '[0.247 ]')
('correct:', '[0     ]')
error:  0.03049613
('out:    ', '[0.93  ]')
('correct:', '[1     ]')
error:  0.00244542
('out:    ', '[0.652 ]')
('correct:', '[1     ]')
error:  0.06053388
('out:    ', '[0.199 ]')
('correct:', '[1     ]')
error:  0.32108626
('out:    ', '[0.102 ]')
('correct:', '[0     ]')
error:  0.00517512
('out:    ', '[0.689 ]')
('correct:', '[0     ]')
error:  0.23770482
('out:    ', '[0.938 ]')
('correct:', '[1     ]')
error:  0.00192092
('out:    ', '[0.859 ]')
('correct:', '[1     ]')
error:  0.00994962
('out:    ', '[0.932 ]')
('correct:', '[1     ]')
error:  0.00231564
('out:    ', '[0.719 ]')
('correct:', '[0     ]')
error:  0.25870699
('out:    ', '[0.437 ]')
('correct:', '[1     ]')
error:  0.15831116
('out:    ', '[0.931 ]')
('correct:', '[0     ]')
error:  0.43347056
('out:    ', '[0.865 ]')
('correct:', '[1     ]')
error:  0.00912042
('out:    ', '[0.815 ]')
('correct:', '[0     ]')
error:  0.33171831
('out:    ', '[0.898 ]')
('correct:', '[1     ]')
error:  0.00519580
('out:    ', '[0.705 ]')
('correct:', '[1     ]')
error:  0.04339366
('out:    ', '[0.831 ]')
('correct:', '[0     ]')
error:  0.34565472
('out:    ', '[0.259 ]')
('correct:', '[0     ]')
error:  0.03354223
('out:    ', '[0.878 ]')
('correct:', '[1     ]')
error:  0.00738917
('out:    ', '[0.43  ]')
('correct:', '[0     ]')
error:  0.09261055
('out:    ', '[0.2   ]')
('correct:', '[0     ]')
error:  0.01992220
('out:    ', '[0.93  ]')
('correct:', '[1     ]')
error:  0.00243418
('out:    ', '[0.574 ]')
('correct:', '[1     ]')
error:  0.09092472
('out:    ', '[0.436 ]')
('correct:', '[0     ]')
error:  0.09519576
('out:    ', '[0.875 ]')
('correct:', '[1     ]')
error:  0.00783124
('out:    ', '[0.937 ]')
('correct:', '[1     ]')
error:  0.00198503
('out:    ', '[0.674 ]')
('correct:', '[0     ]')
error:  0.22704914
('out:    ', '[0.931 ]')
('correct:', '[1     ]')
error:  0.00238406
('out:    ', '[0.216 ]')
('correct:', '[0     ]')
error:  0.02337653
('out:    ', '[0.989 ]')
('correct:', '[1     ]')
error:  0.00006439
('out:    ', '[0.912 ]')
('correct:', '[1     ]')
error:  0.00390863
('out:    ', '[0.806 ]')
('correct:', '[0     ]')
error:  0.32513249
('out:    ', '[0.897 ]')
('correct:', '[1     ]')
error:  0.00528814
('out:    ', '[0.782 ]')
('correct:', '[1     ]')
error:  0.02383412
('out:    ', '[0.541 ]')
('correct:', '[0     ]')
error:  0.14614605
('out:    ', '[0.817 ]')
('correct:', '[1     ]')
error:  0.01681531
('out:    ', '[0.907 ]')
('correct:', '[1     ]')
error:  0.00436031
('out:    ', '[0.512 ]')
('correct:', '[1     ]')
error:  0.11915812
('out:    ', '[0.911 ]')
('correct:', '[1     ]')
error:  0.00392591
('out:    ', '[0.784 ]')
('correct:', '[1     ]')
error:  0.02328252
('out:    ', '[0.93  ]')
('correct:', '[1     ]')
error:  0.00242259
('out:    ', '[0.79  ]')
('correct:', '[1     ]')
error:  0.02212897
('out:    ', '[0.954 ]')
('correct:', '[1     ]')
error:  0.00104249
('out:    ', '[0.365 ]')
('correct:', '[0     ]')
error:  0.06662950
('out:    ', '[0.947 ]')
('correct:', '[1     ]')
error:  0.00137881
('out:    ', '[0.916 ]')
('correct:', '[1     ]')
error:  0.00354713
('out:    ', '[0.393 ]')
('correct:', '[0     ]')
error:  0.07719250
('out:    ', '[0.906 ]')
('correct:', '[0     ]')
error:  0.41052404
('out:    ', '[0.852 ]')
('correct:', '[1     ]')
error:  0.01096983
('out:    ', '[0.413 ]')
('correct:', '[0     ]')
error:  0.08548253
('out:    ', '[0.244 ]')
('correct:', '[0     ]')
error:  0.02969619
('out:    ', '[0.657 ]')
('correct:', '[0     ]')
error:  0.21607591
('out:    ', '[0.85  ]')
('correct:', '[1     ]')
error:  0.01125074
('out:    ', '[0.726 ]')
('correct:', '[1     ]')
error:  0.03746573
('out:    ', '[0.903 ]')
('correct:', '[1     ]')
error:  0.00466159
('out:    ', '[0.8   ]')
('correct:', '[1     ]')
error:  0.02004918
('out:    ', '[0.519 ]')
('correct:', '[1     ]')
error:  0.11560822
('out:    ', '[0.794 ]')
('correct:', '[1     ]')
error:  0.02119110
('out:    ', '[0.946 ]')
('correct:', '[0     ]')
error:  0.44735984
('out:    ', '[0.874 ]')
('correct:', '[0     ]')
error:  0.38211579
('out:    ', '[0.923 ]')
('correct:', '[1     ]')
error:  0.00294191
('out:    ', '[0.869 ]')
('correct:', '[1     ]')
error:  0.00854070
('out:    ', '[0.927 ]')
('correct:', '[1     ]')
error:  0.00266241
('out:    ', '[0.948 ]')
('correct:', '[1     ]')
error:  0.00135229
('out:    ', '[0.848 ]')
('correct:', '[1     ]')
error:  0.01155662
('out:    ', '[0.119 ]')
('correct:', '[0     ]')
error:  0.00703848
('out:    ', '[0.934 ]')
('correct:', '[0     ]')
error:  0.43648086
('out:    ', '[0.724 ]')
('correct:', '[0     ]')
error:  0.26182658
('out:    ', '[0.446 ]')
('correct:', '[0     ]')
error:  0.09967075
('out:    ', '[0.653 ]')
('correct:', '[1     ]')
error:  0.06028266
('out:    ', '[0.739 ]')
('correct:', '[0     ]')
error:  0.27312543
('out:    ', '[0.902 ]')
('correct:', '[1     ]')
error:  0.00478942
('out:    ', '[0.522 ]')
('correct:', '[1     ]')
error:  0.11439604
('out:    ', '[0.932 ]')
('correct:', '[1     ]')
error:  0.00232675
('out:    ', '[0.766 ]')
('correct:', '[1     ]')
error:  0.02727657
('out:    ', '[0.161 ]')
('correct:', '[0     ]')
error:  0.01290281
('out:    ', '[0.299 ]')
('correct:', '[0     ]')
error:  0.04464954
('out:    ', '[0.922 ]')
('correct:', '[1     ]')
error:  0.00304680
('out:    ', '[0.38  ]')
('correct:', '[0     ]')
error:  0.07204307
('out:    ', '[0.188 ]')
('correct:', '[0     ]')
error:  0.01776396
('out:    ', '[0.688 ]')
('correct:', '[1     ]')
error:  0.04855445
('out:    ', '[0.798 ]')
('correct:', '[0     ]')
error:  0.31857014
('out:    ', '[0.412 ]')
('correct:', '[0     ]')
error:  0.08476129
('out:    ', '[0.664 ]')
('correct:', '[0     ]')
error:  0.22042209
('out:    ', '[0.302 ]')
('correct:', '[0     ]')
error:  0.04562298
('out:    ', '[0.917 ]')
('correct:', '[1     ]')
error:  0.00341454
('out:    ', '[0.483 ]')
('correct:', '[1     ]')
error:  0.13346090
('out:    ', '[0.567 ]')
('correct:', '[1     ]')
error:  0.09355141
('out:    ', '[0.218 ]')
('correct:', '[0     ]')
error:  0.02384870
('out:    ', '[0.367 ]')
('correct:', '[0     ]')
error:  0.06733430
('out:    ', '[0.364 ]')
('correct:', '[0     ]')
error:  0.06611463
('out:    ', '[0.873 ]')
('correct:', '[1     ]')
error:  0.00807793
('out:    ', '[0.739 ]')
('correct:', '[1     ]')
error:  0.03412686
('out:    ', '[0.881 ]')
('correct:', '[0     ]')
error:  0.38764382
('out:    ', '[0.886 ]')
('correct:', '[1     ]')
error:  0.00650043
('out:    ', '[0.861 ]')
('correct:', '[1     ]')
error:  0.00963662
('out:    ', '[0.678 ]')
('correct:', '[1     ]')
error:  0.05190464
('out:    ', '[0.887 ]')
('correct:', '[1     ]')
error:  0.00642599
('out:    ', '[0.895 ]')
('correct:', '[1     ]')
error:  0.00554532
('out:    ', '[0.22  ]')
('correct:', '[0     ]')
error:  0.02413671
('out:    ', '[0.674 ]')
('correct:', '[1     ]')
error:  0.05300149
('out:    ', '[0.957 ]')
('correct:', '[1     ]')
error:  0.00091811
('out:    ', '[0.811 ]')
('correct:', '[1     ]')
error:  0.01777836
('out:    ', '[0.496 ]')
('correct:', '[0     ]')
error:  0.12302320
('out:    ', '[0.617 ]')
('correct:', '[0     ]')
error:  0.19022735
('out:    ', '[0.354 ]')
('correct:', '[0     ]')
error:  0.06250898
('out:    ', '[0.587 ]')
('correct:', '[0     ]')
error:  0.17240830
('out:    ', '[0.843 ]')
('correct:', '[1     ]')
error:  0.01228586
('out:    ', '[0.94  ]')
('correct:', '[1     ]')
error:  0.00180696
('out:    ', '[0.174 ]')
('correct:', '[0     ]')
error:  0.01510203
('out:    ', '[0.695 ]')
('correct:', '[1     ]')
error:  0.04636865
('out:    ', '[0.474 ]')
('correct:', '[0     ]')
error:  0.11228776
('out:    ', '[0.903 ]')
('correct:', '[1     ]')
error:  0.00471942
('out:    ', '[0.632 ]')
('correct:', '[0     ]')
error:  0.19945389
('out:    ', '[0.943 ]')
('correct:', '[1     ]')
error:  0.00160680
('out:    ', '[0.689 ]')
('correct:', '[0     ]')
error:  0.23718516
('out:    ', '[0.507 ]')
('correct:', '[1     ]')
error:  0.12142320
('out:    ', '[0.902 ]')
('correct:', '[1     ]')
error:  0.00477097
('out:    ', '[0.852 ]')
('correct:', '[1     ]')
error:  0.01090880
('out:    ', '[0.985 ]')
('correct:', '[1     ]')
error:  0.00010718
('out:    ', '[0.913 ]')
('correct:', '[1     ]')
error:  0.00377101
('out:    ', '[0.738 ]')
('correct:', '[1     ]')
error:  0.03435380
('out:    ', '[0.614 ]')
('correct:', '[0     ]')
error:  0.18859512
('out:    ', '[0.733 ]')
('correct:', '[1     ]')
error:  0.03556201
('out:    ', '[0.595 ]')
('correct:', '[1     ]')
error:  0.08192378
('out:    ', '[0.692 ]')
('correct:', '[0     ]')
error:  0.23953192
('out:    ', '[0.801 ]')
('correct:', '[1     ]')
error:  0.01988421
('out:    ', '[0.663 ]')
('correct:', '[0     ]')
error:  0.21969667
('out:    ', '[0.849 ]')
('correct:', '[1     ]')
error:  0.01137792
('out:    ', '[0.257 ]')
('correct:', '[0     ]')
error:  0.03293773
('out:    ', '[0.756 ]')
('correct:', '[1     ]')
error:  0.02973430
('out:    ', '[0.947 ]')
('correct:', '[0     ]')
error:  0.44879767
('out:    ', '[0.926 ]')
('correct:', '[1     ]')
error:  0.00270965
('out:    ', '[0.963 ]')
('correct:', '[0     ]')
error:  0.46367001
('out:    ', '[0.157 ]')
('correct:', '[0     ]')
error:  0.01229658
('out:    ', '[0.919 ]')
('correct:', '[1     ]')
error:  0.00328422
('out:    ', '[0.545 ]')
('correct:', '[0     ]')
error:  0.14844050
('out:    ', '[0.879 ]')
('correct:', '[1     ]')
error:  0.00727121
('out:    ', '[0.881 ]')
('correct:', '[1     ]')
error:  0.00711808
('out:    ', '[0.931 ]')
('correct:', '[1     ]')
error:  0.00239773
('out:    ', '[0.238 ]')
('correct:', '[1     ]')
error:  0.29027446
('out:    ', '[0.995 ]')
('correct:', '[1     ]')
error:  0.00001217
('out:    ', '[0.513 ]')
('correct:', '[1     ]')
error:  0.11867320
('out:    ', '[0.937 ]')
('correct:', '[1     ]')
error:  0.00199295
('out:    ', '[0.322 ]')
('correct:', '[1     ]')
error:  0.22950366
('out:    ', '[0.79  ]')
('correct:', '[1     ]')
error:  0.02204459
('out:    ', '[0.833 ]')
('correct:', '[1     ]')
error:  0.01387809
('out:    ', '[0.798 ]')
('correct:', '[1     ]')
error:  0.02048699
('out:    ', '[0.513 ]')
('correct:', '[1     ]')
error:  0.11858323
('out:    ', '[0.871 ]')
('correct:', '[1     ]')
error:  0.00825839
('out:    ', '[0.927 ]')
('correct:', '[1     ]')
error:  0.00264889
('out:    ', '[0.898 ]')
('correct:', '[1     ]')
error:  0.00516714
('out:    ', '[0.663 ]')
('correct:', '[0     ]')
error:  0.21982024
('out:    ', '[0.186 ]')
('correct:', '[0     ]')
error:  0.01725919
('out:    ', '[0.985 ]')
('correct:', '[1     ]')
error:  0.00011925
('out:    ', '[0.939 ]')
('correct:', '[1     ]')
error:  0.00185571
('out:    ', '[0.929 ]')
('correct:', '[1     ]')
error:  0.00252305
('out:    ', '[0.683 ]')
('correct:', '[1     ]')
error:  0.05015691
('out:    ', '[0.576 ]')
('correct:', '[0     ]')
error:  0.16608803
('out:    ', '[0.996 ]')
('correct:', '[1     ]')
error:  0.00000627
('out:    ', '[0.688 ]')
('correct:', '[1     ]')
error:  0.04875054
('out:    ', '[0.854 ]')
('correct:', '[0     ]')
error:  0.36466994
('out:    ', '[0.987 ]')
('correct:', '[0     ]')
error:  0.48731910
('out:    ', '[0.965 ]')
('correct:', '[0     ]')
error:  0.46560474
('out:    ', '[0.916 ]')
('correct:', '[1     ]')
error:  0.00350589
('out:    ', '[0.73  ]')
('correct:', '[0     ]')
error:  0.26651448
('out:    ', '[0.364 ]')
('correct:', '[0     ]')
error:  0.06631274
('out:    ', '[0.641 ]')
('correct:', '[0     ]')
error:  0.20542986
('out:    ', '[0.943 ]')
('correct:', '[1     ]')
error:  0.00164649
('out:    ', '[0.957 ]')
('correct:', '[1     ]')
error:  0.00092585
('out:    ', '[0.891 ]')
('correct:', '[1     ]')
error:  0.00590238
('out:    ', '[0.893 ]')
('correct:', '[1     ]')
error:  0.00570854
('out:    ', '[0.712 ]')
('correct:', '[0     ]')
error:  0.25352285
('out:    ', '[0.927 ]')
('correct:', '[1     ]')
error:  0.00263751
('out:    ', '[0.435 ]')
('correct:', '[0     ]')
error:  0.09457862
('out:    ', '[0.863 ]')
('correct:', '[1     ]')
error:  0.00939229
('out:    ', '[0.814 ]')
('correct:', '[0     ]')
error:  0.33091675
('out:    ', '[0.141 ]')
('correct:', '[0     ]')
error:  0.00992392
('out:    ', '[0.655 ]')
('correct:', '[1     ]')
error:  0.05964479
('out:    ', '[0.575 ]')
('correct:', '[1     ]')
error:  0.09011166
('out:    ', '[0.745 ]')
('correct:', '[0     ]')
error:  0.27785951
('out:    ', '[0.698 ]')
('correct:', '[1     ]')
error:  0.04553245
('out:    ', '[0.973 ]')
('correct:', '[1     ]')
error:  0.00036364
('out:    ', '[0.435 ]')
('correct:', '[0     ]')
error:  0.09451019
('out:    ', '[0.99  ]')
('correct:', '[0     ]')
error:  0.48985564
('out:    ', '[0.929 ]')
('correct:', '[1     ]')
error:  0.00255418
('out:    ', '[0.64  ]')
('correct:', '[1     ]')
error:  0.06480996
('out:    ', '[0.767 ]')
('correct:', '[0     ]')
error:  0.29390925
('out:    ', '[0.259 ]')
('correct:', '[0     ]')
error:  0.03351533
('out:    ', '[0.203 ]')
('correct:', '[0     ]')
error:  0.02055788
('out:    ', '[0.915 ]')
('correct:', '[1     ]')
error:  0.00362037
('out:    ', '[0.517 ]')
('correct:', '[0     ]')
error:  0.13387696
('out:    ', '[0.956 ]')
('correct:', '[0     ]')
error:  0.45650634
('out:    ', '[0.939 ]')
('correct:', '[1     ]')
error:  0.00188048
('out:    ', '[0.93  ]')
('correct:', '[1     ]')
error:  0.00245907
('out:    ', '[0.668 ]')
('correct:', '[1     ]')
error:  0.05505552
('out:    ', '[0.633 ]')
('correct:', '[1     ]')
error:  0.06723789
('out:    ', '[0.543 ]')
('correct:', '[1     ]')
error:  0.10432880
('out:    ', '[0.107 ]')
('correct:', '[0     ]')
error:  0.00574878
('out:    ', '[0.91  ]')
('correct:', '[1     ]')
error:  0.00406203
('out:    ', '[0.957 ]')
('correct:', '[0     ]')
error:  0.45761273
('out:    ', '[0.451 ]')
('correct:', '[0     ]')
error:  0.10158344
('out:    ', '[0.881 ]')
('correct:', '[1     ]')
error:  0.00712455
('out:    ', '[0.942 ]')
('correct:', '[1     ]')
error:  0.00166229
('out:    ', '[0.707 ]')
('correct:', '[1     ]')
error:  0.04281198
('out:    ', '[0.708 ]')
('correct:', '[1     ]')
error:  0.04255097
('out:    ', '[0.489 ]')
('correct:', '[1     ]')
error:  0.13056094
('out:    ', '[0.267 ]')
('correct:', '[0     ]')
error:  0.03567433
('out:    ', '[0.93  ]')
('correct:', '[1     ]')
error:  0.00243603
('out:    ', '[0.502 ]')
('correct:', '[0     ]')
error:  0.12623156
('out:    ', '[0.562 ]')
('correct:', '[1     ]')
error:  0.09595719
('out:    ', '[0.839 ]')
('correct:', '[0     ]')
error:  0.35219393
('out:    ', '[0.901 ]')
('correct:', '[0     ]')
error:  0.40577060
('out:    ', '[0.786 ]')
('correct:', '[1     ]')
error:  0.02299729
('out:    ', '[0.648 ]')
('correct:', '[0     ]')
error:  0.20986977
('out:    ', '[0.351 ]')
('correct:', '[0     ]')
error:  0.06176023
('out:    ', '[0.931 ]')
('correct:', '[1     ]')
error:  0.00239555
('out:    ', '[0.621 ]')
('correct:', '[0     ]')
error:  0.19254404
('out:    ', '[0.818 ]')
('correct:', '[0     ]')
error:  0.33428409
('out:    ', '[0.923 ]')
('correct:', '[1     ]')
error:  0.00297307
('out:    ', '[0.946 ]')
('correct:', '[0     ]')
error:  0.44777048
('out:    ', '[0.796 ]')
('correct:', '[0     ]')
error:  0.31681120
('out:    ', '[0.961 ]')
('correct:', '[1     ]')
error:  0.00076835
('out:    ', '[0.941 ]')
('correct:', '[0     ]')
error:  0.44292999
('out:    ', '[0.912 ]')
('correct:', '[1     ]')
error:  0.00382863
('out:    ', '[0.73  ]')
('correct:', '[1     ]')
error:  0.03640411
('out:    ', '[0.803 ]')
('correct:', '[1     ]')
error:  0.01944149
('out:    ', '[0.655 ]')
('correct:', '[1     ]')
error:  0.05944875
('out:    ', '[0.513 ]')
('correct:', '[1     ]')
error:  0.11856327
('out:    ', '[0.828 ]')
('correct:', '[0     ]')
error:  0.34304995
('out:    ', '[0.723 ]')
('correct:', '[0     ]')
error:  0.26158807
('out:    ', '[0.228 ]')
('correct:', '[0     ]')
error:  0.02589003
('out:    ', '[0.271 ]')
('correct:', '[0     ]')
error:  0.03670105
('out:    ', '[0.921 ]')
('correct:', '[1     ]')
error:  0.00308291
('out:    ', '[0.712 ]')
('correct:', '[1     ]')
error:  0.04142968
('out:    ', '[0.94  ]')
('correct:', '[1     ]')
error:  0.00182750
('out:    ', '[0.758 ]')
('correct:', '[1     ]')
error:  0.02919716
('out:    ', '[0.473 ]')
('correct:', '[1     ]')
error:  0.13899503
('out:    ', '[0.708 ]')
('correct:', '[1     ]')
error:  0.04252288
('out:    ', '[0.952 ]')
('correct:', '[1     ]')
error:  0.00117175
('out:    ', '[0.938 ]')
('correct:', '[1     ]')
error:  0.00191327
('out:    ', '[0.822 ]')
('correct:', '[0     ]')
error:  0.33781680
('out:    ', '[0.854 ]')
('correct:', '[1     ]')
error:  0.01063195
('out:    ', '[0.947 ]')
('correct:', '[1     ]')
error:  0.00141517
('out:    ', '[0.792 ]')
('correct:', '[1     ]')
error:  0.02159483
('out:    ', '[0.892 ]')
('correct:', '[1     ]')
error:  0.00580307
('out:    ', '[0.855 ]')
('correct:', '[0     ]')
error:  0.36539076
('out:    ', '[0.235 ]')
('correct:', '[0     ]')
error:  0.02751756
('out:    ', '[0.715 ]')
('correct:', '[0     ]')
error:  0.25528586
('out:    ', '[0.841 ]')
('correct:', '[1     ]')
error:  0.01271279
('out:    ', '[0.964 ]')
('correct:', '[1     ]')
error:  0.00063347
('out:    ', '[0.912 ]')
('correct:', '[1     ]')
error:  0.00386076
('out:    ', '[0.67  ]')
('correct:', '[0     ]')
error:  0.22462062
('out:    ', '[0.992 ]')
('correct:', '[1     ]')
error:  0.00003352
('out:    ', '[0.799 ]')
('correct:', '[0     ]')
error:  0.31929034
('out:    ', '[0.498 ]')
('correct:', '[0     ]')
error:  0.12417220
('out:    ', '[0.632 ]')
('correct:', '[0     ]')
error:  0.19970203
('out:    ', '[0.229 ]')
('correct:', '[0     ]')
error:  0.02625848
('out:    ', '[0.852 ]')
('correct:', '[1     ]')
error:  0.01096489
('out:    ', '[0.393 ]')
('correct:', '[0     ]')
error:  0.07714786
('out:    ', '[0.93  ]')
('correct:', '[1     ]')
error:  0.00246293
('out:    ', '[0.786 ]')
('correct:', '[1     ]')
error:  0.02295036
('out:    ', '[0.505 ]')
('correct:', '[0     ]')
error:  0.12745863
('out:    ', '[0.822 ]')
('correct:', '[1     ]')
error:  0.01591418
('out:    ', '[0.362 ]')
('correct:', '[0     ]')
error:  0.06536451
('out:    ', '[0.894 ]')
('correct:', '[1     ]')
error:  0.00561744
('out:    ', '[0.444 ]')
('correct:', '[0     ]')
error:  0.09878269
('out:    ', '[0.617 ]')
('correct:', '[1     ]')
error:  0.07332876
('out:    ', '[0.549 ]')
('correct:', '[1     ]')
error:  0.10176663
('out:    ', '[0.673 ]')
('correct:', '[1     ]')
error:  0.05332390
('out:    ', '[0.931 ]')
('correct:', '[1     ]')
error:  0.00235983
('out:    ', '[0.864 ]')
('correct:', '[0     ]')
error:  0.37288300
('out:    ', '[0.803 ]')
('correct:', '[1     ]')
error:  0.01947969
('out:    ', '[0.943 ]')
('correct:', '[1     ]')
error:  0.00163212
('out:    ', '[0.728 ]')
('correct:', '[0     ]')
error:  0.26506382
('out:    ', '[0.852 ]')
('correct:', '[1     ]')
error:  0.01102395
('out:    ', '[0.612 ]')
('correct:', '[1     ]')
error:  0.07531478
('out:    ', '[0.584 ]')
('correct:', '[1     ]')
error:  0.08662149
('out:    ', '[0.512 ]')
('correct:', '[1     ]')
error:  0.11885668
('out:    ', '[0.858 ]')
('correct:', '[1     ]')
error:  0.01014751
('out:    ', '[0.489 ]')
('correct:', '[0     ]')
error:  0.11975631
('out:    ', '[0.992 ]')
('correct:', '[1     ]')
error:  0.00003226
('out:    ', '[0.757 ]')
('correct:', '[1     ]')
error:  0.02963919
('out:    ', '[0.685 ]')
('correct:', '[1     ]')
error:  0.04968008
('out:    ', '[0.905 ]')
('correct:', '[1     ]')
error:  0.00449548
('out:    ', '[0.895 ]')
('correct:', '[1     ]')
error:  0.00552685
('out:    ', '[0.62  ]')
('correct:', '[0     ]')
error:  0.19214273
('out:    ', '[0.521 ]')
('correct:', '[1     ]')
error:  0.11494822
('out:    ', '[0.84  ]')
('correct:', '[0     ]')
error:  0.35296410
('out:    ', '[0.8   ]')
('correct:', '[0     ]')
error:  0.31984291
('out:    ', '[0.442 ]')
('correct:', '[0     ]')
error:  0.09752749
('out:    ', '[0.937 ]')
('correct:', '[1     ]')
error:  0.00196152
('out:    ', '[0.918 ]')
('correct:', '[1     ]')
error:  0.00339811
('out:    ', '[0.715 ]')
('correct:', '[1     ]')
error:  0.04066240
('out:    ', '[0.392 ]')
('correct:', '[0     ]')
error:  0.07669832
('out:    ', '[0.087 ]')
('correct:', '[0     ]')
error:  0.00374203
('out:    ', '[0.672 ]')
('correct:', '[1     ]')
error:  0.05371990
('out:    ', '[0.942 ]')
('correct:', '[1     ]')
error:  0.00166582
('out:    ', '[0.727 ]')
('correct:', '[0     ]')
error:  0.26437692
('out:    ', '[0.804 ]')
('correct:', '[1     ]')
error:  0.01925798
('out:    ', '[0.991 ]')
('correct:', '[1     ]')
error:  0.00003921
('out:    ', '[0.902 ]')
('correct:', '[1     ]')
error:  0.00480815
('out:    ', '[0.849 ]')
('correct:', '[1     ]')
error:  0.01138420
('out:    ', '[0.613 ]')
('correct:', '[0     ]')
error:  0.18759037
('out:    ', '[0.398 ]')
('correct:', '[0     ]')
error:  0.07931355
('out:    ', '[0.507 ]')
('correct:', '[0     ]')
error:  0.12871043
('out:    ', '[0.794 ]')
('correct:', '[1     ]')
error:  0.02116791
('out:    ', '[0.596 ]')
('correct:', '[0     ]')
error:  0.17763154
('out:    ', '[0.94  ]')
('correct:', '[1     ]')
error:  0.00177270
('out:    ', '[0.13  ]')
('correct:', '[0     ]')
error:  0.00839644
('out:    ', '[0.618 ]')
('correct:', '[0     ]')
error:  0.19108907
('out:    ', '[0.926 ]')
('correct:', '[1     ]')
error:  0.00270325
('out:    ', '[0.574 ]')
('correct:', '[1     ]')
error:  0.09091188
('out:    ', '[0.751 ]')
('correct:', '[0     ]')
error:  0.28174079
('out:    ', '[0.972 ]')
('correct:', '[0     ]')
error:  0.47208104
('out:    ', '[0.695 ]')
('correct:', '[0     ]')
error:  0.24124675
('out:    ', '[0.691 ]')
('correct:', '[1     ]')
error:  0.04775994
('out:    ', '[0.919 ]')
('correct:', '[1     ]')
error:  0.00328457
('out:    ', '[0.233 ]')
('correct:', '[1     ]')
error:  0.29379345
('out:    ', '[0.894 ]')
('correct:', '[1     ]')
error:  0.00562570
('out:    ', '[0.931 ]')
('correct:', '[0     ]')
error:  0.43349854
('out:    ', '[0.369 ]')
('correct:', '[1     ]')
error:  0.19896845
('out:    ', '[0.153 ]')
('correct:', '[0     ]')
error:  0.01164063
('out:    ', '[0.579 ]')
('correct:', '[0     ]')
error:  0.16768372
('out:    ', '[0.896 ]')
('correct:', '[0     ]')
error:  0.40124799
('out:    ', '[0.27  ]')
('correct:', '[0     ]')
error:  0.03639408
('out:    ', '[0.931 ]')
('correct:', '[1     ]')
error:  0.00239215
('out:    ', '[0.568 ]')
('correct:', '[1     ]')
error:  0.09330365
('out:    ', '[0.928 ]')
('correct:', '[1     ]')
error:  0.00260250
('out:    ', '[0.905 ]')
('correct:', '[1     ]')
error:  0.00448628
('out:    ', '[0.655 ]')
('correct:', '[1     ]')
error:  0.05935864
('out:    ', '[0.943 ]')
('correct:', '[1     ]')
error:  0.00163095
('out:    ', '[0.252 ]')
('correct:', '[1     ]')
error:  0.27937844
('out:    ', '[0.225 ]')
('correct:', '[0     ]')
error:  0.02525626
('out:    ', '[0.952 ]')
('correct:', '[1     ]')
error:  0.00114245
('out:    ', '[0.372 ]')
('correct:', '[0     ]')
error:  0.06932151
('out:    ', '[0.182 ]')
('correct:', '[0     ]')
error:  0.01657756
('out:    ', '[0.677 ]')
('correct:', '[1     ]')
error:  0.05218300
('out:    ', '[0.287 ]')
('correct:', '[0     ]')
error:  0.04113329
('out:    ', '[0.943 ]')
('correct:', '[1     ]')
error:  0.00162863
('out:    ', '[0.416 ]')
('correct:', '[0     ]')
error:  0.08656173
('out:    ', '[0.798 ]')
('correct:', '[1     ]')
error:  0.02045960
('out:    ', '[0.343 ]')
('correct:', '[0     ]')
error:  0.05890534
('out:    ', '[0.963 ]')
('correct:', '[1     ]')
error:  0.00067513
('out:    ', '[0.95  ]')
('correct:', '[1     ]')
error:  0.00123104
('out:    ', '[0.23  ]')
('correct:', '[0     ]')
error:  0.02637227
('out:    ', '[0.314 ]')
('correct:', '[0     ]')
error:  0.04925013
('out:    ', '[0.607 ]')
('correct:', '[1     ]')
error:  0.07729439
('out:    ', '[0.814 ]')
('correct:', '[1     ]')
error:  0.01734062
('out:    ', '[0.255 ]')
('correct:', '[0     ]')
error:  0.03246211
('out:    ', '[0.506 ]')
('correct:', '[1     ]')
error:  0.12208177
('out:    ', '[0.921 ]')
('correct:', '[0     ]')
error:  0.42395679
('out:    ', '[0.285 ]')
('correct:', '[0     ]')
error:  0.04049317
('out:    ', '[0.826 ]')
('correct:', '[0     ]')
error:  0.34080249
('out:    ', '[0.932 ]')
('correct:', '[1     ]')
error:  0.00232498
('out:    ', '[0.863 ]')
('correct:', '[1     ]')
error:  0.00943443
('out:    ', '[0.889 ]')
('correct:', '[1     ]')
error:  0.00619597
('out:    ', '[0.928 ]')
('correct:', '[1     ]')
error:  0.00259049
('out:    ', '[0.735 ]')
('correct:', '[1     ]')
error:  0.03522977
('out:    ', '[0.88  ]')
('correct:', '[1     ]')
error:  0.00722164
('out:    ', '[0.855 ]')
('correct:', '[0     ]')
error:  0.36567555
('out:    ', '[0.77  ]')
('correct:', '[1     ]')
error:  0.02649213
('out:    ', '[0.752 ]')
('correct:', '[1     ]')
error:  0.03075731
('out:    ', '[0.141 ]')
('correct:', '[1     ]')
error:  0.36873907
('out:    ', '[0.929 ]')
('correct:', '[1     ]')
error:  0.00253120
('out:    ', '[0.863 ]')
('correct:', '[1     ]')
error:  0.00942147
('out:    ', '[0.957 ]')
('correct:', '[1     ]')
error:  0.00092141
('out:    ', '[0.888 ]')
('correct:', '[0     ]')
error:  0.39424659
('out:    ', '[0.594 ]')
('correct:', '[1     ]')
error:  0.08255691
('out:    ', '[0.852 ]')
('correct:', '[1     ]')
error:  0.01089645
('out:    ', '[0.831 ]')
('correct:', '[1     ]')
error:  0.01421397
('out:    ', '[0.826 ]')
('correct:', '[1     ]')
error:  0.01512861
('out:    ', '[0.904 ]')
('correct:', '[1     ]')
error:  0.00462913
('out:    ', '[0.3   ]')
('correct:', '[0     ]')
error:  0.04499840
('out:    ', '[0.682 ]')
('correct:', '[1     ]')
error:  0.05055102
('out:    ', '[0.843 ]')
('correct:', '[1     ]')
error:  0.01226176
('out:    ', '[0.505 ]')
('correct:', '[0     ]')
error:  0.12736240
('out:    ', '[0.766 ]')
('correct:', '[1     ]')
error:  0.02736278
('out:    ', '[0.486 ]')
('correct:', '[0     ]')
error:  0.11788462
('out:    ', '[0.781 ]')
('correct:', '[1     ]')
error:  0.02393357
('out:    ', '[0.86  ]')
('correct:', '[1     ]')
error:  0.00982859
('out:    ', '[0.491 ]')
('correct:', '[0     ]')
error:  0.12077942
('out:    ', '[0.668 ]')
('correct:', '[1     ]')
error:  0.05524835
('out:    ', '[0.941 ]')
('correct:', '[1     ]')
error:  0.00175857
('out:    ', '[0.984 ]')
('correct:', '[0     ]')
error:  0.48385050
('out:    ', '[0.8   ]')
('correct:', '[0     ]')
error:  0.32025865
('out:    ', '[0.963 ]')
('correct:', '[1     ]')
error:  0.00067138
('out:    ', '[0.801 ]')
('correct:', '[1     ]')
error:  0.01981372
('out:    ', '[0.92  ]')
('correct:', '[1     ]')
error:  0.00319719
('out:    ', '[0.752 ]')
('correct:', '[1     ]')
error:  0.03074723
('out:    ', '[0.803 ]')
('correct:', '[0     ]')
error:  0.32208293
('out:    ', '[0.909 ]')
('correct:', '[1     ]')
error:  0.00411678
('out:    ', '[0.138 ]')
('correct:', '[0     ]')
error:  0.00958316
('out:    ', '[0.28  ]')
('correct:', '[0     ]')
error:  0.03919233
('out:    ', '[0.811 ]')
('correct:', '[1     ]')
error:  0.01789614
('out:    ', '[0.942 ]')
('correct:', '[1     ]')
error:  0.00168619
('out:    ', '[0.719 ]')
('correct:', '[1     ]')
error:  0.03942189
('out:    ', '[0.968 ]')
('correct:', '[1     ]')
error:  0.00051142
('out:    ', '[0.802 ]')
('correct:', '[0     ]')
error:  0.32138570
('out:    ', '[0.488 ]')
('correct:', '[1     ]')
error:  0.13087676
('out:    ', '[0.344 ]')
('correct:', '[0     ]')
error:  0.05914016
('out:    ', '[0.712 ]')
('correct:', '[1     ]')
error:  0.04147340
('out:    ', '[0.803 ]')
('correct:', '[0     ]')
error:  0.32250089
('out:    ', '[0.596 ]')
('correct:', '[0     ]')
error:  0.17746787
('out:    ', '[0.977 ]')
('correct:', '[1     ]')
error:  0.00026826
('out:    ', '[0.699 ]')
('correct:', '[1     ]')
error:  0.04539214
('out:    ', '[0.157 ]')
('correct:', '[0     ]')
error:  0.01237457
('out:    ', '[0.687 ]')
('correct:', '[1     ]')
error:  0.04894382
('out:    ', '[0.754 ]')
('correct:', '[1     ]')
error:  0.03026981
('out:    ', '[0.912 ]')
('correct:', '[1     ]')
error:  0.00390195
('out:    ', '[0.511 ]')
('correct:', '[0     ]')
error:  0.13064948
('out:    ', '[0.102 ]')
('correct:', '[0     ]')
error:  0.00520344
('out:    ', '[0.668 ]')
('correct:', '[1     ]')
error:  0.05499214
('out:    ', '[0.848 ]')
('correct:', '[1     ]')
error:  0.01155989
('out:    ', '[0.533 ]')
('correct:', '[0     ]')
error:  0.14229430
('out:    ', '[0.92  ]')
('correct:', '[1     ]')
error:  0.00316640
('out:    ', '[0.646 ]')
('correct:', '[1     ]')
error:  0.06281548
('out:    ', '[0.294 ]')
('correct:', '[0     ]')
error:  0.04328160
('out:    ', '[0.941 ]')
('correct:', '[1     ]')
error:  0.00172602
('out:    ', '[0.877 ]')
('correct:', '[0     ]')
error:  0.38471841
('out:    ', '[0.907 ]')
('correct:', '[1     ]')
error:  0.00433637
('out:    ', '[0.625 ]')
('correct:', '[1     ]')
error:  0.07030280
('out:    ', '[0.996 ]')
('correct:', '[1     ]')
error:  0.00000672
('out:    ', '[0.832 ]')
('correct:', '[0     ]')
error:  0.34615032
('out:    ', '[0.778 ]')
('correct:', '[1     ]')
error:  0.02472996
('out:    ', '[0.684 ]')
('correct:', '[1     ]')
error:  0.04982385
('out:    ', '[0.508 ]')
('correct:', '[0     ]')
error:  0.12901685
('out:    ', '[0.927 ]')
('correct:', '[1     ]')
error:  0.00263084
('out:    ', '[0.548 ]')
('correct:', '[1     ]')
error:  0.10208037
('out:    ', '[0.943 ]')
('correct:', '[0     ]')
error:  0.44427434
('out:    ', '[0.633 ]')
('correct:', '[1     ]')
error:  0.06728466
('out:    ', '[0.769 ]')
('correct:', '[1     ]')
error:  0.02662674
('out:    ', '[0.103 ]')
('correct:', '[0     ]')
error:  0.00526039
('out:    ', '[0.165 ]')
('correct:', '[0     ]')
error:  0.01358109
('out:    ', '[0.753 ]')
('correct:', '[0     ]')
error:  0.28331984
('out:    ', '[0.968 ]')
('correct:', '[1     ]')
error:  0.00051726
('out:    ', '[0.851 ]')
('correct:', '[1     ]')
error:  0.01108534
('out:    ', '[0.914 ]')
('correct:', '[1     ]')
error:  0.00370850
('out:    ', '[0.805 ]')
('correct:', '[0     ]')
error:  0.32381797
('out:    ', '[0.633 ]')
('correct:', '[1     ]')
error:  0.06740560
('out:    ', '[0.833 ]')
('correct:', '[1     ]')
error:  0.01394334
('out:    ', '[0.942 ]')
('correct:', '[1     ]')
error:  0.00170072
('out:    ', '[0.754 ]')
('correct:', '[1     ]')
error:  0.03016256
('out:    ', '[0.899 ]')
('correct:', '[1     ]')
error:  0.00514399
('out:    ', '[0.708 ]')
('correct:', '[0     ]')
error:  0.25052862
('out:    ', '[0.874 ]')
('correct:', '[1     ]')
error:  0.00795407
('out:    ', '[0.732 ]')
('correct:', '[0     ]')
error:  0.26806283
('out:    ', '[0.903 ]')
('correct:', '[1     ]')
error:  0.00473132
('out:    ', '[0.754 ]')
('correct:', '[1     ]')
error:  0.03024888
('out:    ', '[0.898 ]')
('correct:', '[1     ]')
error:  0.00521018
('out:    ', '[0.479 ]')
('correct:', '[0     ]')
error:  0.11480865
('out:    ', '[0.806 ]')
('correct:', '[1     ]')
error:  0.01879576
('out:    ', '[0.539 ]')
('correct:', '[0     ]')
error:  0.14517682
('out:    ', '[0.935 ]')
('correct:', '[1     ]')
error:  0.00213483
('out:    ', '[0.99  ]')
('correct:', '[1     ]')
error:  0.00004729
('out:    ', '[0.192 ]')
('correct:', '[0     ]')
error:  0.01836268
('out:    ', '[0.655 ]')
('correct:', '[1     ]')
error:  0.05934382
('out:    ', '[0.755 ]')
('correct:', '[1     ]')
error:  0.03011057
('out:    ', '[0.723 ]')
('correct:', '[1     ]')
error:  0.03824605
('out:    ', '[0.871 ]')
('correct:', '[1     ]')
error:  0.00826522
('out:    ', '[0.921 ]')
('correct:', '[1     ]')
error:  0.00315707
('out:    ', '[0.396 ]')
('correct:', '[0     ]')
error:  0.07858299
('out:    ', '[0.948 ]')
('correct:', '[1     ]')
error:  0.00135833
('out:    ', '[0.79  ]')
('correct:', '[1     ]')
error:  0.02205378
('out:    ', '[0.705 ]')
('correct:', '[1     ]')
error:  0.04352425
('out:    ', '[0.164 ]')
('correct:', '[0     ]')
error:  0.01342927
('out:    ', '[0.881 ]')
('correct:', '[1     ]')
error:  0.00703474
('out:    ', '[0.91  ]')
('correct:', '[1     ]')
error:  0.00407794
('out:    ', '[0.958 ]')
('correct:', '[1     ]')
error:  0.00086291
('out:    ', '[0.231 ]')
('correct:', '[0     ]')
error:  0.02665476
('out:    ', '[0.372 ]')
('correct:', '[0     ]')
error:  0.06930774
('out:    ', '[0.949 ]')
('correct:', '[1     ]')
error:  0.00129183
('out:    ', '[0.731 ]')
('correct:', '[1     ]')
error:  0.03611292
('out:    ', '[0.979 ]')
('correct:', '[1     ]')
error:  0.00023038
('out:    ', '[0.831 ]')
('correct:', '[1     ]')
error:  0.01421604
('out:    ', '[0.899 ]')
('correct:', '[1     ]')
error:  0.00514190
('out:    ', '[0.666 ]')
('correct:', '[1     ]')
error:  0.05581639
('out:    ', '[0.995 ]')
('correct:', '[1     ]')
error:  0.00001265
('out:    ', '[0.701 ]')
('correct:', '[1     ]')
error:  0.04462914
('out:    ', '[0.961 ]')
('correct:', '[1     ]')
error:  0.00076294
('out:    ', '[0.209 ]')
('correct:', '[0     ]')
error:  0.02183805
('out:    ', '[0.51  ]')
('correct:', '[0     ]')
error:  0.13028240
('out:    ', '[0.731 ]')
('correct:', '[1     ]')
error:  0.03624259
('out:    ', '[0.904 ]')
('correct:', '[1     ]')
error:  0.00464627
('out:    ', '[0.468 ]')
('correct:', '[0     ]')
error:  0.10936402
('out:    ', '[0.804 ]')
('correct:', '[0     ]')
error:  0.32309105
('out:    ', '[0.791 ]')
('correct:', '[1     ]')
error:  0.02191521
('out:    ', '[0.615 ]')
('correct:', '[1     ]')
error:  0.07429959
('out:    ', '[0.203 ]')
('correct:', '[0     ]')
error:  0.02063499
('out:    ', '[0.653 ]')
('correct:', '[0     ]')
error:  0.21329043
('out:    ', '[0.633 ]')
('correct:', '[1     ]')
error:  0.06718792
('out:    ', '[0.919 ]')
('correct:', '[0     ]')
error:  0.42227385
('out:    ', '[0.602 ]')
('correct:', '[0     ]')
error:  0.18143046
('out:    ', '[0.988 ]')
('correct:', '[1     ]')
error:  0.00006616
('out:    ', '[0.596 ]')
('correct:', '[1     ]')
error:  0.08143979
('out:    ', '[0.549 ]')
('correct:', '[1     ]')
error:  0.10190577
('out:    ', '[0.93  ]')
('correct:', '[1     ]')
error:  0.00242301
('out:    ', '[0.131 ]')
('correct:', '[0     ]')
error:  0.00864047
('out:    ', '[0.916 ]')
('correct:', '[0     ]')
error:  0.41994570
('out:    ', '[0.671 ]')
('correct:', '[1     ]')
error:  0.05407988
('out:    ', '[0.816 ]')
('correct:', '[0     ]')
error:  0.33314805
('out:    ', '[0.645 ]')
('correct:', '[0     ]')
error:  0.20833166
('out:    ', '[0.608 ]')
('correct:', '[0     ]')
error:  0.18490696
('out:    ', '[0.98  ]')
('correct:', '[1     ]')
error:  0.00020804
('out:    ', '[0.356 ]')
('correct:', '[0     ]')
error:  0.06332477
('out:    ', '[0.914 ]')
('correct:', '[1     ]')
error:  0.00368617
('out:    ', '[0.636 ]')
('correct:', '[1     ]')
error:  0.06607048
('out:    ', '[0.857 ]')
('correct:', '[1     ]')
error:  0.01028632
('out:    ', '[0.244 ]')
('correct:', '[0     ]')
error:  0.02983677
('out:    ', '[0.829 ]')
('correct:', '[0     ]')
error:  0.34352037
('out:    ', '[0.735 ]')
('correct:', '[1     ]')
error:  0.03524026
('out:    ', '[0.161 ]')
('correct:', '[1     ]')
error:  0.35194592
('out:    ', '[0.168 ]')
('correct:', '[0     ]')
error:  0.01417607
('out:    ', '[0.68  ]')
('correct:', '[0     ]')
error:  0.23133079
('out:    ', '[0.55  ]')
('correct:', '[0     ]')
error:  0.15100794
('out:    ', '[0.85  ]')
('correct:', '[1     ]')
error:  0.01122131
('out:    ', '[0.829 ]')
('correct:', '[0     ]')
error:  0.34361963
('out:    ', '[0.716 ]')
('correct:', '[1     ]')
error:  0.04041344
('out:    ', '[0.775 ]')
('correct:', '[1     ]')
error:  0.02539408
('out:    ', '[0.651 ]')
('correct:', '[1     ]')
error:  0.06091187
('out:    ', '[0.956 ]')
('correct:', '[0     ]')
error:  0.45706991
('out:    ', '[0.43  ]')
('correct:', '[1     ]')
error:  0.16228240
('out:    ', '[0.918 ]')
('correct:', '[1     ]')
error:  0.00337122
('out:    ', '[0.547 ]')
('correct:', '[1     ]')
error:  0.10282428
('out:    ', '[0.605 ]')
('correct:', '[1     ]')
error:  0.07819677
('out:    ', '[0.089 ]')
('correct:', '[0     ]')
error:  0.00398830
('out:    ', '[0.275 ]')
('correct:', '[0     ]')
error:  0.03772913
('out:    ', '[0.083 ]')
('correct:', '[0     ]')
error:  0.00343108
('out:    ', '[0.208 ]')
('correct:', '[0     ]')
error:  0.02157190
('out:    ', '[0.683 ]')
('correct:', '[0     ]')
error:  0.23295344
('out:    ', '[0.253 ]')
('correct:', '[0     ]')
error:  0.03192942
('out:    ', '[0.844 ]')
('correct:', '[0     ]')
error:  0.35643322
('out:    ', '[0.949 ]')
('correct:', '[0     ]')
error:  0.45062176
('out:    ', '[0.882 ]')
('correct:', '[0     ]')
error:  0.38936340
('out:    ', '[0.172 ]')
('correct:', '[1     ]')
error:  0.34294823
('out:    ', '[0.933 ]')
('correct:', '[1     ]')
error:  0.00225303
('out:    ', '[0.987 ]')
('correct:', '[1     ]')
error:  0.00008523
('out:    ', '[0.947 ]')
('correct:', '[1     ]')
error:  0.00142118
('out:    ', '[0.44  ]')
('correct:', '[0     ]')
error:  0.09696138
('out:    ', '[0.851 ]')
('correct:', '[0     ]')
error:  0.36204972
('out:    ', '[0.895 ]')
('correct:', '[1     ]')
error:  0.00553922
('out:    ', '[0.985 ]')
('correct:', '[1     ]')
error:  0.00011803
('out:    ', '[0.544 ]')
('correct:', '[1     ]')
error:  0.10399618
('out:    ', '[0.597 ]')
('correct:', '[1     ]')
error:  0.08112154
('out:    ', '[0.841 ]')
('correct:', '[1     ]')
error:  0.01260761
('out:    ', '[0.787 ]')
('correct:', '[0     ]')
error:  0.30962973
('out:    ', '[0.857 ]')
('correct:', '[1     ]')
error:  0.01024364
('out:    ', '[0.634 ]')
('correct:', '[0     ]')
error:  0.20108676
('out:    ', '[0.809 ]')
('correct:', '[1     ]')
error:  0.01825981
('out:    ', '[0.503 ]')
('correct:', '[1     ]')
error:  0.12340246
('out:    ', '[0.705 ]')
('correct:', '[1     ]')
error:  0.04357729
('out:    ', '[0.562 ]')
('correct:', '[1     ]')
error:  0.09609123
('out:    ', '[0.492 ]')
('correct:', '[0     ]')
error:  0.12080170
('out:    ', '[0.844 ]')
('correct:', '[1     ]')
error:  0.01211186
('out:    ', '[0.918 ]')
('correct:', '[0     ]')
error:  0.42161575
('out:    ', '[0.382 ]')
('correct:', '[1     ]')
error:  0.19119980
('out:    ', '[0.94  ]')
('correct:', '[1     ]')
error:  0.00181001
('out:    ', '[0.54  ]')
('correct:', '[0     ]')
error:  0.14604334
('out:    ', '[0.873 ]')
('correct:', '[0     ]')
error:  0.38103489
('out:    ', '[0.71  ]')
('correct:', '[1     ]')
error:  0.04205117
('out:    ', '[0.756 ]')
('correct:', '[1     ]')
error:  0.02975727
('out:    ', '[0.43  ]')
('correct:', '[0     ]')
error:  0.09232096
('out:    ', '[0.802 ]')
('correct:', '[1     ]')
error:  0.01960051
('out:    ', '[0.973 ]')
('correct:', '[0     ]')
error:  0.47319030
('out:    ', '[0.305 ]')
('correct:', '[0     ]')
error:  0.04662378
('out:    ', '[0.478 ]')
('correct:', '[1     ]')
error:  0.13633555
('out:    ', '[0.966 ]')
('correct:', '[0     ]')
error:  0.46659013
('out:    ', '[0.797 ]')
('correct:', '[0     ]')
error:  0.31747833
('out:    ', '[0.165 ]')
('correct:', '[0     ]')
error:  0.01365754
('out:    ', '[0.945 ]')
('correct:', '[1     ]')
error:  0.00150266
('out:    ', '[0.431 ]')
('correct:', '[0     ]')
error:  0.09301184
('out:    ', '[0.73  ]')
('correct:', '[1     ]')
error:  0.03654354
('out:    ', '[0.936 ]')
('correct:', '[0     ]')
error:  0.43768752
('out:    ', '[0.905 ]')
('correct:', '[1     ]')
error:  0.00454151
('out:    ', '[0.931 ]')
('correct:', '[1     ]')
error:  0.00238342
('out:    ', '[0.904 ]')
('correct:', '[1     ]')
error:  0.00465561
('out:    ', '[0.899 ]')
('correct:', '[1     ]')
error:  0.00510678
('out:    ', '[0.286 ]')
('correct:', '[0     ]')
error:  0.04079795
('out:    ', '[0.731 ]')
('correct:', '[1     ]')
error:  0.03611824
('out:    ', '[0.752 ]')
('correct:', '[0     ]')
error:  0.28297688
('out:    ', '[0.296 ]')
('correct:', '[0     ]')
error:  0.04380108
('out:    ', '[0.264 ]')
('correct:', '[1     ]')
error:  0.27120236
('out:    ', '[0.854 ]')
('correct:', '[1     ]')
error:  0.01061319
('out:    ', '[0.948 ]')
('correct:', '[1     ]')
error:  0.00134079
('out:    ', '[0.635 ]')
('correct:', '[0     ]')
error:  0.20149371
('out:    ', '[0.917 ]')
('correct:', '[1     ]')
error:  0.00347203
('out:    ', '[0.137 ]')
('correct:', '[0     ]')
error:  0.00933677
('out:    ', '[0.857 ]')
('correct:', '[0     ]')
error:  0.36755587
('out:    ', '[0.916 ]')
('correct:', '[1     ]')
error:  0.00356225
('out:    ', '[0.725 ]')
('correct:', '[1     ]')
error:  0.03777673
('out:    ', '[0.316 ]')
('correct:', '[0     ]')
error:  0.05001569
('out:    ', '[0.521 ]')
('correct:', '[0     ]')
error:  0.13558067
('out:    ', '[0.452 ]')
('correct:', '[0     ]')
error:  0.10220349
('out:    ', '[0.976 ]')
('correct:', '[1     ]')
error:  0.00028665
('out:    ', '[0.72  ]')
('correct:', '[0     ]')
error:  0.25930955
('out:    ', '[0.894 ]')
('correct:', '[1     ]')
error:  0.00559766
('out:    ', '[0.53  ]')
('correct:', '[1     ]')
error:  0.11056290
('out:    ', '[0.689 ]')
('correct:', '[1     ]')
error:  0.04822924
('out:    ', '[0.934 ]')
('correct:', '[1     ]')
error:  0.00217008
('out:    ', '[0.994 ]')
('correct:', '[1     ]')
error:  0.00001728
('out:    ', '[0.898 ]')
('correct:', '[1     ]')
error:  0.00519929
('out:    ', '[0.8   ]')
('correct:', '[0     ]')
error:  0.31990384
('out:    ', '[0.316 ]')
('correct:', '[1     ]')
error:  0.23426751
('out:    ', '[0.701 ]')
('correct:', '[0     ]')
error:  0.24535196
('out:    ', '[0.344 ]')
('correct:', '[0     ]')
error:  0.05927669
('out:    ', '[0.501 ]')
('correct:', '[0     ]')
error:  0.12527604
('out:    ', '[0.613 ]')
('correct:', '[1     ]')
error:  0.07484348
('out:    ', '[0.873 ]')
('correct:', '[1     ]')
error:  0.00806078
('out:    ', '[0.801 ]')
('correct:', '[1     ]')
error:  0.01984740
('out:    ', '[0.376 ]')
('correct:', '[1     ]')
error:  0.19454921
('out:    ', '[0.776 ]')
('correct:', '[1     ]')
error:  0.02510833
('out:    ', '[0.29  ]')
('correct:', '[0     ]')
error:  0.04203132
('out:    ', '[0.662 ]')
('correct:', '[1     ]')
error:  0.05722620
('out:    ', '[0.309 ]')
('correct:', '[0     ]')
error:  0.04768511
('out:    ', '[0.799 ]')
('correct:', '[0     ]')
error:  0.31938153
('out:    ', '[0.699 ]')
('correct:', '[1     ]')
error:  0.04543084
('out:    ', '[0.747 ]')
('correct:', '[1     ]')
error:  0.03210701
('out:    ', '[0.687 ]')
('correct:', '[0     ]')
error:  0.23565241
('out:    ', '[0.91  ]')
('correct:', '[1     ]')
error:  0.00403920
('out:    ', '[0.587 ]')
('correct:', '[0     ]')
error:  0.17238887
('out:    ', '[0.675 ]')
('correct:', '[1     ]')
error:  0.05296618
('out:    ', '[0.984 ]')
('correct:', '[1     ]')
error:  0.00013549
('out:    ', '[0.984 ]')
('correct:', '[1     ]')
error:  0.00012672
('out:    ', '[0.321 ]')
('correct:', '[1     ]')
error:  0.23058098
('out:    ', '[0.534 ]')
('correct:', '[1     ]')
error:  0.10843524
('out:    ', '[0.748 ]')
('correct:', '[0     ]')
error:  0.27957190
('out:    ', '[0.189 ]')
('correct:', '[0     ]')
error:  0.01785431
('out:    ', '[0.867 ]')
('correct:', '[1     ]')
error:  0.00888937
('out:    ', '[0.576 ]')
('correct:', '[0     ]')
error:  0.16607957
('out:    ', '[0.929 ]')
('correct:', '[1     ]')
error:  0.00253222
('out:    ', '[0.609 ]')
('correct:', '[0     ]')
error:  0.18561346
('out:    ', '[0.931 ]')
('correct:', '[1     ]')
error:  0.00236891
('out:    ', '[0.127 ]')
('correct:', '[0     ]')
error:  0.00811004
('out:    ', '[0.852 ]')
('correct:', '[1     ]')
error:  0.01092535
('out:    ', '[0.881 ]')
('correct:', '[1     ]')
error:  0.00708040
('out:    ', '[0.519 ]')
('correct:', '[0     ]')
error:  0.13450607
('out:    ', '[0.723 ]')
('correct:', '[1     ]')
error:  0.03832163
('out:    ', '[0.676 ]')
('correct:', '[0     ]')
error:  0.22853966
('out:    ', '[0.14  ]')
('correct:', '[0     ]')
error:  0.00986369
('out:    ', '[0.397 ]')
('correct:', '[1     ]')
error:  0.18178404
('out:    ', '[0.804 ]')
('correct:', '[1     ]')
error:  0.01919105
('out:    ', '[0.264 ]')
('correct:', '[0     ]')
error:  0.03475939
('out:    ', '[0.488 ]')
('correct:', '[0     ]')
error:  0.11898292
('out:    ', '[0.177 ]')
('correct:', '[1     ]')
error:  0.33854480
('out:    ', '[0.891 ]')
('correct:', '[1     ]')
error:  0.00596959
('out:    ', '[0.86  ]')
('correct:', '[0     ]')
error:  0.36955338
('out:    ', '[0.938 ]')
('correct:', '[1     ]')
error:  0.00194544
('out:    ', '[0.9   ]')
('correct:', '[1     ]')
error:  0.00504005
('out:    ', '[0.871 ]')
('correct:', '[1     ]')
error:  0.00828694
('out:    ', '[0.865 ]')
('correct:', '[1     ]')
error:  0.00907838
('out:    ', '[0.125 ]')
('correct:', '[0     ]')
error:  0.00782274
('out:    ', '[0.198 ]')
('correct:', '[0     ]')
error:  0.01953860
('out:    ', '[0.984 ]')
('correct:', '[1     ]')
error:  0.00013034
('out:    ', '[0.939 ]')
('correct:', '[1     ]')
error:  0.00188404
('out:    ', '[0.707 ]')
('correct:', '[0     ]')
error:  0.25008856
('out:    ', '[0.931 ]')
('correct:', '[1     ]')
error:  0.00239479
('out:    ', '[0.24  ]')
('correct:', '[0     ]')
error:  0.02891017
('out:    ', '[0.992 ]')
('correct:', '[1     ]')
error:  0.00003585
('out:    ', '[0.54  ]')
('correct:', '[1     ]')
error:  0.10580215
('out:    ', '[0.943 ]')
('correct:', '[1     ]')
error:  0.00164098
('out:    ', '[0.919 ]')
('correct:', '[1     ]')
error:  0.00327811
('out:    ', '[0.939 ]')
('correct:', '[1     ]')
error:  0.00187693
('out:    ', '[0.932 ]')
('correct:', '[1     ]')
error:  0.00232911
('out:    ', '[0.155 ]')
('correct:', '[0     ]')
error:  0.01195448
('out:    ', '[0.807 ]')
('correct:', '[0     ]')
error:  0.32588589
('out:    ', '[0.695 ]')
('correct:', '[1     ]')
error:  0.04656681
('out:    ', '[0.669 ]')
('correct:', '[1     ]')
error:  0.05468766
('out:    ', '[0.777 ]')
('correct:', '[1     ]')
error:  0.02496285
('out:    ', '[0.856 ]')
('correct:', '[1     ]')
error:  0.01034161
('out:    ', '[0.222 ]')
('correct:', '[0     ]')
error:  0.02475063
('out:    ', '[0.972 ]')
('correct:', '[1     ]')
error:  0.00038436
('out:    ', '[0.827 ]')
('correct:', '[0     ]')
error:  0.34222985
('out:    ', '[0.824 ]')
('correct:', '[1     ]')
error:  0.01545633
('out:    ', '[0.952 ]')
('correct:', '[0     ]')
error:  0.45330527
('out:    ', '[0.94  ]')
('correct:', '[0     ]')
error:  0.44144402
('out:    ', '[0.15  ]')
('correct:', '[0     ]')
error:  0.01128313
('out:    ', '[0.883 ]')
('correct:', '[1     ]')
error:  0.00687925
('out:    ', '[0.855 ]')
('correct:', '[1     ]')
error:  0.01044220
('out:    ', '[0.236 ]')
('correct:', '[0     ]')
error:  0.02790045
('out:    ', '[0.529 ]')
('correct:', '[1     ]')
error:  0.11107244
('out:    ', '[0.981 ]')
('correct:', '[1     ]')
error:  0.00018323
('out:    ', '[0.151 ]')
('correct:', '[0     ]')
error:  0.01144593
('out:    ', '[0.947 ]')
('correct:', '[1     ]')
error:  0.00138925
('out:    ', '[0.661 ]')
('correct:', '[0     ]')
error:  0.21875773
('out:    ', '[0.891 ]')
('correct:', '[1     ]')
error:  0.00589280
('out:    ', '[0.94  ]')
('correct:', '[1     ]')
error:  0.00181093
('out:    ', '[0.697 ]')
('correct:', '[1     ]')
error:  0.04579709
('out:    ', '[0.599 ]')
('correct:', '[1     ]')
error:  0.08022042
('out:    ', '[0.351 ]')
('correct:', '[0     ]')
error:  0.06146547
('out:    ', '[0.91  ]')
('correct:', '[1     ]')
error:  0.00403505
('out:    ', '[0.308 ]')
('correct:', '[1     ]')
error:  0.23918935
('out:    ', '[0.719 ]')
('correct:', '[0     ]')
error:  0.25867905
('out:    ', '[0.432 ]')
('correct:', '[0     ]')
error:  0.09320818
('out:    ', '[0.996 ]')
('correct:', '[1     ]')
error:  0.00000667
('out:    ', '[0.891 ]')
('correct:', '[1     ]')
error:  0.00596484
('out:    ', '[0.876 ]')
('correct:', '[1     ]')
error:  0.00764858
('out:    ', '[0.137 ]')
('correct:', '[0     ]')
error:  0.00937619
('out:    ', '[0.718 ]')
('correct:', '[1     ]')
error:  0.03980430
('out:    ', '[0.944 ]')
('correct:', '[1     ]')
error:  0.00159082
('out:    ', '[0.912 ]')
('correct:', '[1     ]')
error:  0.00388342
('out:    ', '[0.673 ]')
('correct:', '[0     ]')
error:  0.22660498
('out:    ', '[0.495 ]')
('correct:', '[0     ]')
error:  0.12232485
('out:    ', '[0.756 ]')
('correct:', '[1     ]')
error:  0.02971488
('out:    ', '[0.848 ]')
('correct:', '[1     ]')
error:  0.01151544
('out:    ', '[0.92  ]')
('correct:', '[1     ]')
error:  0.00318974
('out:    ', '[0.985 ]')
('correct:', '[0     ]')
error:  0.48499642
('out:    ', '[0.477 ]')
('correct:', '[0     ]')
error:  0.11359598
('out:    ', '[0.458 ]')
('correct:', '[1     ]')
error:  0.14664690
('out:    ', '[0.943 ]')
('correct:', '[1     ]')
error:  0.00159885
('out:    ', '[0.649 ]')
('correct:', '[1     ]')
error:  0.06165626
('out:    ', '[0.612 ]')
('correct:', '[0     ]')
error:  0.18739000
('out:    ', '[0.93  ]')
('correct:', '[1     ]')
error:  0.00243441
('out:    ', '[0.199 ]')
('correct:', '[0     ]')
error:  0.01978337
('out:    ', '[0.966 ]')
('correct:', '[0     ]')
error:  0.46703156
('out:    ', '[0.923 ]')
('correct:', '[1     ]')
error:  0.00296049
('out:    ', '[0.795 ]')
('correct:', '[1     ]')
error:  0.02099523
('out:    ', '[0.697 ]')
('correct:', '[1     ]')
error:  0.04596242
('out:    ', '[0.574 ]')
('correct:', '[0     ]')
error:  0.16488941
('out:    ', '[0.967 ]')
('correct:', '[1     ]')
error:  0.00053124
('out:    ', '[0.9   ]')
('correct:', '[1     ]')
error:  0.00499198
('out:    ', '[0.872 ]')
('correct:', '[1     ]')
error:  0.00814806
('out:    ', '[0.393 ]')
('correct:', '[1     ]')
error:  0.18410194
('out:    ', '[0.739 ]')
('correct:', '[0     ]')
error:  0.27278441
('out:    ', '[0.947 ]')
('correct:', '[0     ]')
error:  0.44829117
('out:    ', '[0.822 ]')
('correct:', '[1     ]')
error:  0.01580037
('out:    ', '[0.752 ]')
('correct:', '[0     ]')
error:  0.28295624
('out:    ', '[0.65  ]')
('correct:', '[1     ]')
error:  0.06140974
('out:    ', '[0.746 ]')
('correct:', '[1     ]')
error:  0.03220997
('out:    ', '[0.994 ]')
('correct:', '[1     ]')
error:  0.00001996
('out:    ', '[0.716 ]')
('correct:', '[0     ]')
error:  0.25651875
('out:    ', '[0.426 ]')
('correct:', '[1     ]')
error:  0.16477883
('out:    ', '[0.909 ]')
('correct:', '[1     ]')
error:  0.00411364
('out:    ', '[0.658 ]')
('correct:', '[1     ]')
error:  0.05863913
('out:    ', '[0.723 ]')
('correct:', '[1     ]')
error:  0.03842490
('out:    ', '[0.183 ]')
('correct:', '[0     ]')
error:  0.01666008
('out:    ', '[0.996 ]')
('correct:', '[0     ]')
error:  0.49596013
('out:    ', '[0.828 ]')
('correct:', '[0     ]')
error:  0.34312892
('out:    ', '[0.638 ]')
('correct:', '[1     ]')
error:  0.06549059
('out:    ', '[0.613 ]')
('correct:', '[0     ]')
error:  0.18799020
('out:    ', '[0.805 ]')
('correct:', '[1     ]')
error:  0.01892685
('out:    ', '[0.145 ]')
('correct:', '[0     ]')
error:  0.01056669
('out:    ', '[0.571 ]')
('correct:', '[0     ]')
error:  0.16330193
('out:    ', '[0.391 ]')
('correct:', '[1     ]')
error:  0.18537146
('out:    ', '[0.508 ]')
('correct:', '[0     ]')
error:  0.12925592
('out:    ', '[0.827 ]')
('correct:', '[0     ]')
error:  0.34155922
('out:    ', '[0.512 ]')
('correct:', '[1     ]')
error:  0.11924989
('out:    ', '[0.93  ]')
('correct:', '[0     ]')
error:  0.43202996
('out:    ', '[0.4   ]')
('correct:', '[1     ]')
error:  0.17970858
('out:    ', '[0.796 ]')
('correct:', '[1     ]')
error:  0.02088104
('out:    ', '[0.899 ]')
('correct:', '[1     ]')
error:  0.00511256
('out:    ', '[0.485 ]')
('correct:', '[0     ]')
error:  0.11775127
('out:    ', '[0.838 ]')
('correct:', '[1     ]')
error:  0.01305158
('out:    ', '[0.904 ]')
('correct:', '[1     ]')
error:  0.00459251
('out:    ', '[0.429 ]')
('correct:', '[0     ]')
error:  0.09208506
('out:    ', '[0.39  ]')
('correct:', '[0     ]')
error:  0.07618918
('out:    ', '[0.732 ]')
('correct:', '[1     ]')
error:  0.03578100
('out:    ', '[0.951 ]')
('correct:', '[1     ]')
error:  0.00118038
('out:    ', '[0.898 ]')
('correct:', '[1     ]')
error:  0.00515407
('out:    ', '[0.616 ]')
('correct:', '[0     ]')
error:  0.18967808
('out:    ', '[0.892 ]')
('correct:', '[0     ]')
error:  0.39816585
('out:    ', '[0.79  ]')
('correct:', '[1     ]')
error:  0.02208847
('out:    ', '[0.729 ]')
('correct:', '[1     ]')
error:  0.03668478
('out:    ', '[0.889 ]')
('correct:', '[1     ]')
error:  0.00620348
('out:    ', '[0.827 ]')
('correct:', '[0     ]')
error:  0.34161344
('out:    ', '[0.312 ]')
('correct:', '[1     ]')
error:  0.23669456
('out:    ', '[0.252 ]')
('correct:', '[0     ]')
error:  0.03168288
('out:    ', '[0.695 ]')
('correct:', '[1     ]')
error:  0.04643378
('out:    ', '[0.755 ]')
('correct:', '[0     ]')
error:  0.28499796
('out:    ', '[0.966 ]')
('correct:', '[0     ]')
error:  0.46646214
('out:    ', '[0.086 ]')
('correct:', '[0     ]')
error:  0.00373930
('out:    ', '[0.31  ]')
('correct:', '[1     ]')
error:  0.23837278
('out:    ', '[0.888 ]')
('correct:', '[1     ]')
error:  0.00630208
('out:    ', '[0.594 ]')
('correct:', '[0     ]')
error:  0.17668468
('out:    ', '[0.196 ]')
('correct:', '[0     ]')
error:  0.01929260
('out:    ', '[0.665 ]')
('correct:', '[1     ]')
error:  0.05616946
('out:    ', '[0.928 ]')
('correct:', '[1     ]')
error:  0.00258761
('out:    ', '[0.441 ]')
('correct:', '[0     ]')
error:  0.09725639
('out:    ', '[0.932 ]')
('correct:', '[1     ]')
error:  0.00230524
('out:    ', '[0.083 ]')
('correct:', '[0     ]')
error:  0.00346036
('out:    ', '[0.851 ]')
('correct:', '[1     ]')
error:  0.01116553
('out:    ', '[0.175 ]')
('correct:', '[0     ]')
error:  0.01534004
('out:    ', '[0.692 ]')
('correct:', '[0     ]')
error:  0.23935491
('out:    ', '[0.577 ]')
('correct:', '[1     ]')
error:  0.08940309
('out:    ', '[0.931 ]')
('correct:', '[1     ]')
error:  0.00239905
('out:    ', '[0.289 ]')
('correct:', '[1     ]')
error:  0.25247568
('out:    ', '[0.135 ]')
('correct:', '[0     ]')
error:  0.00914065
('out:    ', '[0.731 ]')
('correct:', '[1     ]')
error:  0.03612844
('out:    ', '[0.774 ]')
('correct:', '[1     ]')
error:  0.02548914
('out:    ', '[0.988 ]')
('correct:', '[1     ]')
error:  0.00006799
('out:    ', '[0.449 ]')
('correct:', '[0     ]')
error:  0.10087336
('out:    ', '[0.931 ]')
('correct:', '[1     ]')
error:  0.00240102
('out:    ', '[0.274 ]')
('correct:', '[0     ]')
error:  0.03757353
('out:    ', '[0.895 ]')
('correct:', '[0     ]')
error:  0.40028682
('out:    ', '[0.15  ]')
('correct:', '[1     ]')
error:  0.36095490
('out:    ', '[0.767 ]')
('correct:', '[0     ]')
error:  0.29407648
('out:    ', '[0.372 ]')
('correct:', '[1     ]')
error:  0.19731973
('out:    ', '[0.215 ]')
('correct:', '[1     ]')
error:  0.30832578
('out:    ', '[0.834 ]')
('correct:', '[1     ]')
error:  0.01372268
('out:    ', '[0.757 ]')
('correct:', '[0     ]')
error:  0.28646762
('out:    ', '[0.554 ]')
('correct:', '[1     ]')
error:  0.09927529
('out:    ', '[0.921 ]')
('correct:', '[0     ]')
error:  0.42409808
('out:    ', '[0.762 ]')
('correct:', '[0     ]')
error:  0.29019232
('out:    ', '[0.672 ]')
('correct:', '[1     ]')
error:  0.05390578
('out:    ', '[0.737 ]')
('correct:', '[1     ]')
error:  0.03468943
('out:    ', '[0.58  ]')
('correct:', '[1     ]')
error:  0.08809882
('out:    ', '[0.863 ]')
('correct:', '[1     ]')
error:  0.00939043
('out:    ', '[0.183 ]')
('correct:', '[0     ]')
error:  0.01668140
('out:    ', '[0.985 ]')
('correct:', '[1     ]')
error:  0.00011806
('out:    ', '[0.941 ]')
('correct:', '[1     ]')
error:  0.00171504
('out:    ', '[0.738 ]')
('correct:', '[0     ]')
error:  0.27266342
('out:    ', '[0.791 ]')
('correct:', '[0     ]')
error:  0.31304911
('out:    ', '[0.902 ]')
('correct:', '[1     ]')
error:  0.00478894
('out:    ', '[0.806 ]')
('correct:', '[0     ]')
error:  0.32462609
('out:    ', '[0.634 ]')
('correct:', '[1     ]')
error:  0.06689701
('out:    ', '[0.894 ]')
('correct:', '[1     ]')
error:  0.00564266
('out:    ', '[0.676 ]')
('correct:', '[1     ]')
error:  0.05236857
('out:    ', '[0.65  ]')
('correct:', '[1     ]')
error:  0.06141123
('out:    ', '[0.681 ]')
('correct:', '[1     ]')
error:  0.05102943
('out:    ', '[0.771 ]')
('correct:', '[0     ]')
error:  0.29709217
('out:    ', '[0.82  ]')
('correct:', '[0     ]')
error:  0.33635425
('out:    ', '[0.927 ]')
('correct:', '[1     ]')
error:  0.00269462
('out:    ', '[0.991 ]')
('correct:', '[1     ]')
error:  0.00004507
('out:    ', '[0.914 ]')
('correct:', '[1     ]')
error:  0.00367825
('out:    ', '[0.46  ]')
('correct:', '[1     ]')
error:  0.14592815
('out:    ', '[0.604 ]')
('correct:', '[0     ]')
error:  0.18245276
('out:    ', '[0.792 ]')
('correct:', '[1     ]')
error:  0.02173063
('out:    ', '[0.607 ]')
('correct:', '[1     ]')
error:  0.07730023
('out:    ', '[0.936 ]')
('correct:', '[1     ]')
error:  0.00205531
('out:    ', '[0.742 ]')
('correct:', '[1     ]')
error:  0.03327688
('out:    ', '[0.836 ]')
('correct:', '[1     ]')
error:  0.01349421
('out:    ', '[0.946 ]')
('correct:', '[1     ]')
error:  0.00146243
('out:    ', '[0.504 ]')
('correct:', '[0     ]')
error:  0.12681920
('out:    ', '[0.516 ]')
('correct:', '[0     ]')
error:  0.13291491
('out:    ', '[0.595 ]')
('correct:', '[1     ]')
error:  0.08207427
('out:    ', '[0.927 ]')
('correct:', '[0     ]')
error:  0.42982214
('out:    ', '[0.854 ]')
('correct:', '[1     ]')
error:  0.01069216
('out:    ', '[0.839 ]')
('correct:', '[1     ]')
error:  0.01298075
('out:    ', '[0.256 ]')
('correct:', '[0     ]')
error:  0.03273821
('out:    ', '[0.891 ]')
('correct:', '[1     ]')
error:  0.00589510
('out:    ', '[0.733 ]')
('correct:', '[1     ]')
error:  0.03567831
('out:    ', '[0.177 ]')
('correct:', '[0     ]')
error:  0.01571345
('out:    ', '[0.757 ]')
('correct:', '[0     ]')
error:  0.28676952
('out:    ', '[0.933 ]')
('correct:', '[1     ]')
error:  0.00223461
('out:    ', '[0.814 ]')
('correct:', '[1     ]')
error:  0.01723850
('out:    ', '[0.496 ]')
('correct:', '[0     ]')
error:  0.12294240
('out:    ', '[0.99  ]')
('correct:', '[1     ]')
error:  0.00005462
('out:    ', '[0.911 ]')
('correct:', '[1     ]')
error:  0.00396932
('out:    ', '[0.832 ]')
('correct:', '[0     ]')
error:  0.34574928
('out:    ', '[0.182 ]')
('correct:', '[1     ]')
error:  0.33495643
('out:    ', '[0.365 ]')
('correct:', '[0     ]')
error:  0.06649470
('out:    ', '[0.747 ]')
('correct:', '[1     ]')
error:  0.03202325
('out:    ', '[0.85  ]')
('correct:', '[1     ]')
error:  0.01127187
('out:    ', '[0.84  ]')
('correct:', '[1     ]')
error:  0.01272470
('out:    ', '[0.859 ]')
('correct:', '[1     ]')
error:  0.00990315
('out:    ', '[0.581 ]')
('correct:', '[0     ]')
error:  0.16853170
('out:    ', '[0.945 ]')
('correct:', '[1     ]')
error:  0.00152259
('out:    ', '[0.773 ]')
('correct:', '[0     ]')
error:  0.29875822
('out:    ', '[0.967 ]')
('correct:', '[1     ]')
error:  0.00055475
('out:    ', '[0.297 ]')
('correct:', '[1     ]')
error:  0.24694852
('out:    ', '[0.651 ]')
('correct:', '[0     ]')
error:  0.21197995
('out:    ', '[0.592 ]')
('correct:', '[1     ]')
error:  0.08336692
('out:    ', '[0.984 ]')
('correct:', '[1     ]')
error:  0.00012927
('out:    ', '[0.794 ]')
('correct:', '[1     ]')
error:  0.02118078
('out:    ', '[0.897 ]')
('correct:', '[1     ]')
error:  0.00527644
('out:    ', '[0.608 ]')
('correct:', '[1     ]')
error:  0.07686286
('out:    ', '[0.477 ]')
('correct:', '[1     ]')
error:  0.13690220
('out:    ', '[0.99  ]')
('correct:', '[1     ]')
error:  0.00005331
('out:    ', '[0.895 ]')
('correct:', '[1     ]')
error:  0.00549234
('out:    ', '[0.569 ]')
('correct:', '[0     ]')
error:  0.16195002
('out:    ', '[0.248 ]')
('correct:', '[0     ]')
error:  0.03072918
('out:    ', '[0.949 ]')
('correct:', '[1     ]')
error:  0.00128609
('out:    ', '[0.939 ]')
('correct:', '[1     ]')
error:  0.00188781
('out:    ', '[0.512 ]')
('correct:', '[1     ]')
error:  0.11916473
('out:    ', '[0.676 ]')
('correct:', '[0     ]')
error:  0.22861785
('out:    ', '[0.943 ]')
('correct:', '[1     ]')
error:  0.00165127
('out:    ', '[0.38  ]')
('correct:', '[1     ]')
error:  0.19222119
('out:    ', '[0.826 ]')
('correct:', '[1     ]')
error:  0.01510551
('out:    ', '[0.942 ]')
('correct:', '[1     ]')
error:  0.00168873
('out:    ', '[0.927 ]')
('correct:', '[0     ]')
error:  0.43007652
('out:    ', '[0.855 ]')
('correct:', '[1     ]')
error:  0.01051127
('out:    ', '[0.244 ]')
('correct:', '[1     ]')
error:  0.28543603
('out:    ', '[0.444 ]')
('correct:', '[0     ]')
error:  0.09878832
('out:    ', '[0.561 ]')
('correct:', '[1     ]')
error:  0.09647436
('out:    ', '[0.725 ]')
('correct:', '[1     ]')
error:  0.03790748
('out:    ', '[0.374 ]')
('correct:', '[1     ]')
error:  0.19622368
('out:    ', '[0.958 ]')
('correct:', '[1     ]')
error:  0.00088562
('out:    ', '[0.882 ]')
('correct:', '[0     ]')
error:  0.38938456
('out:    ', '[0.93  ]')
('correct:', '[1     ]')
error:  0.00242253
('out:    ', '[0.406 ]')
('correct:', '[0     ]')
error:  0.08221765
('out:    ', '[0.884 ]')
('correct:', '[1     ]')
error:  0.00674896
('out:    ', '[0.614 ]')
('correct:', '[1     ]')
error:  0.07455927
('out:    ', '[0.916 ]')
('correct:', '[1     ]')
error:  0.00352563
('out:    ', '[0.939 ]')
('correct:', '[1     ]')
error:  0.00186507
('out:    ', '[0.668 ]')
('correct:', '[1     ]')
error:  0.05498726
('out:    ', '[0.387 ]')
('correct:', '[1     ]')
error:  0.18800378
('out:    ', '[0.526 ]')
('correct:', '[0     ]')
error:  0.13837475
('out:    ', '[0.845 ]')
('correct:', '[1     ]')
error:  0.01200212
('out:    ', '[0.799 ]')
('correct:', '[0     ]')
error:  0.31931900
('out:    ', '[0.594 ]')
('correct:', '[0     ]')
error:  0.17660004
('out:    ', '[0.539 ]')
('correct:', '[1     ]')
error:  0.10633549
('out:    ', '[0.993 ]')
('correct:', '[1     ]')
error:  0.00002524
('out:    ', '[0.423 ]')
('correct:', '[1     ]')
error:  0.16624433
('out:    ', '[0.834 ]')
('correct:', '[1     ]')
error:  0.01374985
('out:    ', '[0.684 ]')
('correct:', '[0     ]')
error:  0.23364102
('out:    ', '[0.238 ]')
('correct:', '[1     ]')
error:  0.29008136
('out:    ', '[0.198 ]')
('correct:', '[0     ]')
error:  0.01955197
('out:    ', '[0.786 ]')
('correct:', '[1     ]')
error:  0.02280684
('out:    ', '[0.858 ]')
('correct:', '[1     ]')
error:  0.01011719
('out:    ', '[0.835 ]')
('correct:', '[0     ]')
error:  0.34882487
('out:    ', '[0.462 ]')
('correct:', '[1     ]')
error:  0.14491162
('out:    ', '[0.228 ]')
('correct:', '[0     ]')
error:  0.02591854
('out:    ', '[0.894 ]')
('correct:', '[1     ]')
error:  0.00564052
('out:    ', '[0.915 ]')
('correct:', '[1     ]')
error:  0.00363982
('out:    ', '[0.837 ]')
('correct:', '[1     ]')
error:  0.01332860
('out:    ', '[0.887 ]')
('correct:', '[1     ]')
error:  0.00636007
('out:    ', '[0.856 ]')
('correct:', '[0     ]')
error:  0.36607508
('out:    ', '[0.633 ]')
('correct:', '[1     ]')
error:  0.06737291
('out:    ', '[0.868 ]')
('correct:', '[1     ]')
error:  0.00872920
('out:    ', '[0.862 ]')
('correct:', '[0     ]')
error:  0.37127664
('out:    ', '[0.751 ]')
('correct:', '[0     ]')
error:  0.28176741
('out:    ', '[0.751 ]')
('correct:', '[0     ]')
error:  0.28221780
('out:    ', '[0.236 ]')
('correct:', '[0     ]')
error:  0.02781438
('out:    ', '[0.941 ]')
('correct:', '[1     ]')
error:  0.00175368
('out:    ', '[0.262 ]')
('correct:', '[0     ]')
error:  0.03430582
('out:    ', '[0.681 ]')
('correct:', '[1     ]')
error:  0.05085896
('out:    ', '[0.952 ]')
('correct:', '[1     ]')
error:  0.00114783
('out:    ', '[0.143 ]')
('correct:', '[0     ]')
error:  0.01017383
('out:    ', '[0.307 ]')
('correct:', '[0     ]')
error:  0.04699920
('out:    ', '[0.373 ]')
('correct:', '[0     ]')
error:  0.06943754
('out:    ', '[0.733 ]')
('correct:', '[1     ]')
error:  0.03569834
('out:    ', '[0.826 ]')
('correct:', '[1     ]')
error:  0.01519472
('out:    ', '[0.674 ]')
('correct:', '[1     ]')
error:  0.05299128
('out:    ', '[0.575 ]')
('correct:', '[1     ]')
error:  0.09032593
('out:    ', '[0.738 ]')
('correct:', '[1     ]')
error:  0.03422855
('out:    ', '[0.485 ]')
('correct:', '[1     ]')
error:  0.13267475
('out:    ', '[0.681 ]')
('correct:', '[0     ]')
error:  0.23190519
('out:    ', '[0.861 ]')
('correct:', '[1     ]')
error:  0.00959853
('out:    ', '[0.193 ]')
('correct:', '[0     ]')
error:  0.01869039
('out:    ', '[0.941 ]')
('correct:', '[0     ]')
error:  0.44294683
('out:    ', '[0.94  ]')
('correct:', '[1     ]')
error:  0.00182731
('out:    ', '[0.184 ]')
('correct:', '[0     ]')
error:  0.01684377
('out:    ', '[0.967 ]')
('correct:', '[1     ]')
error:  0.00055618
('out:    ', '[0.945 ]')
('correct:', '[1     ]')
error:  0.00153884
('out:    ', '[0.152 ]')
('correct:', '[0     ]')
error:  0.01155159
('out:    ', '[0.9   ]')
('correct:', '[0     ]')
error:  0.40532349
('out:    ', '[0.914 ]')
('correct:', '[0     ]')
error:  0.41775019
('out:    ', '[0.404 ]')
('correct:', '[1     ]')
error:  0.17739260
('out:    ', '[0.897 ]')
('correct:', '[1     ]')
error:  0.00529142
('out:    ', '[0.745 ]')
('correct:', '[1     ]')
error:  0.03250010
('out:    ', '[0.984 ]')
('correct:', '[0     ]')
error:  0.48458813
('out:    ', '[0.942 ]')
('correct:', '[0     ]')
error:  0.44344299
('out:    ', '[0.694 ]')
('correct:', '[1     ]')
error:  0.04679264
('out:    ', '[0.928 ]')
('correct:', '[1     ]')
error:  0.00259536
('out:    ', '[0.987 ]')
('correct:', '[1     ]')
error:  0.00007926
('out:    ', '[0.725 ]')
('correct:', '[1     ]')
error:  0.03769632
('out:    ', '[0.781 ]')
('correct:', '[1     ]')
error:  0.02389054
('out:    ', '[0.196 ]')
('correct:', '[0     ]')
error:  0.01923712
('out:    ', '[0.4   ]')
('correct:', '[1     ]')
error:  0.18006354
('out:    ', '[0.928 ]')
('correct:', '[1     ]')
error:  0.00258569
('out:    ', '[0.7   ]')
('correct:', '[0     ]')
error:  0.24472783
('out:    ', '[0.638 ]')
('correct:', '[0     ]')
error:  0.20371970
('out:    ', '[0.991 ]')
('correct:', '[1     ]')
error:  0.00004104
('out:    ', '[0.46  ]')
('correct:', '[0     ]')
error:  0.10594134
('out:    ', '[0.928 ]')
('correct:', '[0     ]')
error:  0.43032897
('out:    ', '[0.931 ]')
('correct:', '[1     ]')
error:  0.00234837
('out:    ', '[0.511 ]')
('correct:', '[1     ]')
error:  0.11954458
('out:    ', '[0.706 ]')
('correct:', '[1     ]')
error:  0.04323657
('out:    ', '[0.192 ]')
('correct:', '[0     ]')
error:  0.01842882
('out:    ', '[0.505 ]')
('correct:', '[1     ]')
error:  0.12256591
('out:    ', '[0.942 ]')
('correct:', '[1     ]')
error:  0.00170359
('out:    ', '[0.701 ]')
('correct:', '[1     ]')
error:  0.04471086
('out:    ', '[0.236 ]')
('correct:', '[1     ]')
error:  0.29177746
('out:    ', '[0.757 ]')
('correct:', '[1     ]')
error:  0.02960438
('out:    ', '[0.982 ]')
('correct:', '[1     ]')
error:  0.00015594
('out:    ', '[0.967 ]')
('correct:', '[0     ]')
error:  0.46763255
('out:    ', '[0.898 ]')
('correct:', '[1     ]')
error:  0.00522496
('out:    ', '[0.631 ]')
('correct:', '[0     ]')
error:  0.19896611
('out:    ', '[0.314 ]')
('correct:', '[0     ]')
error:  0.04944255
('out:    ', '[0.92  ]')
('correct:', '[1     ]')
error:  0.00318566
('out:    ', '[0.68  ]')
('correct:', '[0     ]')
error:  0.23092706
('out:    ', '[0.799 ]')
('correct:', '[0     ]')
error:  0.31932891
('out:    ', '[0.588 ]')
('correct:', '[0     ]')
error:  0.17286222
('out:    ', '[0.803 ]')
('correct:', '[0     ]')
error:  0.32239905
('out:    ', '[0.162 ]')
('correct:', '[0     ]')
error:  0.01314024
('out:    ', '[0.627 ]')
('correct:', '[1     ]')
error:  0.06970104
('out:    ', '[0.614 ]')
('correct:', '[1     ]')
error:  0.07445407
('out:    ', '[0.811 ]')
('correct:', '[1     ]')
error:  0.01777437
('out:    ', '[0.808 ]')
('correct:', '[1     ]')
error:  0.01844996
('out:    ', '[0.626 ]')
('correct:', '[1     ]')
error:  0.07005064
('out:    ', '[0.943 ]')
('correct:', '[1     ]')
error:  0.00163910
('out:    ', '[0.126 ]')
('correct:', '[1     ]')
error:  0.38187463
('out:    ', '[0.77  ]')
('correct:', '[0     ]')
error:  0.29635747
('out:    ', '[0.797 ]')
('correct:', '[0     ]')
error:  0.31768489
('out:    ', '[0.214 ]')
('correct:', '[0     ]')
error:  0.02296434
('out:    ', '[0.746 ]')
('correct:', '[0     ]')
error:  0.27842140
('out:    ', '[0.542 ]')
('correct:', '[1     ]')
error:  0.10492264
('out:    ', '[0.92  ]')
('correct:', '[1     ]')
error:  0.00316268
('out:    ', '[0.966 ]')
('correct:', '[1     ]')
error:  0.00057640
('out:    ', '[0.275 ]')
('correct:', '[0     ]')
error:  0.03783909
('out:    ', '[0.938 ]')
('correct:', '[1     ]')
error:  0.00190549
('out:    ', '[0.932 ]')
('correct:', '[1     ]')
error:  0.00234476
('out:    ', '[0.963 ]')
('correct:', '[0     ]')
error:  0.46345853
('out:    ', '[0.858 ]')
('correct:', '[1     ]')
error:  0.01012757
('out:    ', '[0.952 ]')
('correct:', '[1     ]')
error:  0.00115691
('out:    ', '[0.809 ]')
('correct:', '[1     ]')
error:  0.01825181
('out:    ', '[0.768 ]')
('correct:', '[1     ]')
error:  0.02702529
('out:    ', '[0.558 ]')
('correct:', '[1     ]')
error:  0.09767969
('out:    ', '[0.991 ]')
('correct:', '[0     ]')
error:  0.49074456
('out:    ', '[0.344 ]')
('correct:', '[0     ]')
error:  0.05900714
('out:    ', '[0.686 ]')
('correct:', '[1     ]')
error:  0.04923889
('out:    ', '[0.911 ]')
('correct:', '[1     ]')
error:  0.00397894
('out:    ', '[0.65  ]')
('correct:', '[1     ]')
error:  0.06123403
('out:    ', '[0.614 ]')
('correct:', '[1     ]')
error:  0.07437377
('out:    ', '[0.215 ]')
('correct:', '[1     ]')
error:  0.30848807
('out:    ', '[0.643 ]')
('correct:', '[0     ]')
error:  0.20683567
('out:    ', '[0.499 ]')
('correct:', '[1     ]')
error:  0.12554177
('out:    ', '[0.13  ]')
('correct:', '[1     ]')
error:  0.37815349
('out:    ', '[0.946 ]')
('correct:', '[1     ]')
error:  0.00146442
('out:    ', '[0.686 ]')
('correct:', '[0     ]')
error:  0.23526038
('out:    ', '[0.894 ]')
('correct:', '[1     ]')
error:  0.00560314
('out:    ', '[0.91  ]')
('correct:', '[1     ]')
error:  0.00400829
('out:    ', '[0.935 ]')
('correct:', '[1     ]')
error:  0.00210769
('out:    ', '[0.206 ]')
('correct:', '[0     ]')
error:  0.02124502
('out:    ', '[0.622 ]')
('correct:', '[0     ]')
error:  0.19361727
('out:    ', '[0.69  ]')
('correct:', '[0     ]')
error:  0.23828082
('out:    ', '[0.535 ]')
('correct:', '[1     ]')
error:  0.10805874
('out:    ', '[0.888 ]')
('correct:', '[1     ]')
error:  0.00632059
('out:    ', '[0.692 ]')
('correct:', '[1     ]')
error:  0.04729831
('out:    ', '[0.826 ]')
('correct:', '[1     ]')
error:  0.01512258
('out:    ', '[0.951 ]')
('correct:', '[1     ]')
error:  0.00120063
('out:    ', '[0.938 ]')
('correct:', '[1     ]')
error:  0.00194834
('out:    ', '[0.669 ]')
('correct:', '[1     ]')
error:  0.05493028
('out:    ', '[0.984 ]')
('correct:', '[1     ]')
error:  0.00013392
('out:    ', '[0.613 ]')
('correct:', '[0     ]')
error:  0.18782036
('out:    ', '[0.646 ]')
('correct:', '[1     ]')
error:  0.06279519
('out:    ', '[0.814 ]')
('correct:', '[1     ]')
error:  0.01725838
('out:    ', '[0.512 ]')
('correct:', '[0     ]')
error:  0.13122270
('out:    ', '[0.987 ]')
('correct:', '[1     ]')
error:  0.00008656
('out:    ', '[0.323 ]')
('correct:', '[1     ]')
error:  0.22886694
('out:    ', '[0.467 ]')
('correct:', '[0     ]')
error:  0.10885930
('out:    ', '[0.429 ]')
('correct:', '[0     ]')
error:  0.09190665
('out:    ', '[0.535 ]')
('correct:', '[0     ]')
error:  0.14293800
('out:    ', '[0.804 ]')
('correct:', '[1     ]')
error:  0.01917831
('out:    ', '[0.815 ]')
('correct:', '[0     ]')
error:  0.33225800
('out:    ', '[0.949 ]')
('correct:', '[1     ]')
error:  0.00131978
('out:    ', '[0.976 ]')
('correct:', '[1     ]')
error:  0.00029241
('out:    ', '[0.931 ]')
('correct:', '[1     ]')
error:  0.00239298
('out:    ', '[0.12  ]')
('correct:', '[0     ]')
error:  0.00722702
('out:    ', '[0.773 ]')
('correct:', '[1     ]')
error:  0.02567355
('out:    ', '[0.446 ]')
('correct:', '[1     ]')
error:  0.15351226
('out:    ', '[0.707 ]')
('correct:', '[1     ]')
error:  0.04290799
('out:    ', '[0.923 ]')
('correct:', '[1     ]')
error:  0.00295279
('out:    ', '[0.389 ]')
('correct:', '[0     ]')
error:  0.07547428
('out:    ', '[0.607 ]')
('correct:', '[0     ]')
error:  0.18433452
('out:    ', '[0.929 ]')
('correct:', '[0     ]')
error:  0.43149504
('out:    ', '[0.442 ]')
('correct:', '[1     ]')
error:  0.15550265
('out:    ', '[0.835 ]')
('correct:', '[0     ]')
error:  0.34899031
('out:    ', '[0.971 ]')
('correct:', '[0     ]')
error:  0.47144605
('out:    ', '[0.845 ]')
('correct:', '[1     ]')
error:  0.01206877
('out:    ', '[0.737 ]')
('correct:', '[1     ]')
error:  0.03447439
('out:    ', '[0.521 ]')
('correct:', '[0     ]')
error:  0.13556949
('out:    ', '[0.514 ]')
('correct:', '[1     ]')
error:  0.11792109
('out:    ', '[0.96  ]')
('correct:', '[1     ]')
error:  0.00081767
('out:    ', '[0.241 ]')
('correct:', '[0     ]')
error:  0.02895219
('out:    ', '[0.945 ]')
('correct:', '[0     ]')
error:  0.44641633
('out:    ', '[0.378 ]')
('correct:', '[0     ]')
error:  0.07134221
('out:    ', '[0.183 ]')
('correct:', '[0     ]')
error:  0.01681759
('out:    ', '[0.823 ]')
('correct:', '[0     ]')
error:  0.33874691
('out:    ', '[0.957 ]')
('correct:', '[0     ]')
error:  0.45815724
('out:    ', '[0.51  ]')
('correct:', '[0     ]')
error:  0.12985733
('out:    ', '[0.319 ]')
('correct:', '[1     ]')
error:  0.23210277
('out:    ', '[0.465 ]')
('correct:', '[1     ]')
error:  0.14318915
('out:    ', '[0.481 ]')
('correct:', '[1     ]')
error:  0.13442376
('out:    ', '[0.517 ]')
('correct:', '[0     ]')
error:  0.13387988
('out:    ', '[0.993 ]')
('correct:', '[1     ]')
error:  0.00002459
('out:    ', '[0.759 ]')
('correct:', '[0     ]')
error:  0.28775082
('out:    ', '[0.647 ]')
('correct:', '[0     ]')
error:  0.20898289
('out:    ', '[0.981 ]')
('correct:', '[1     ]')
error:  0.00018983
('out:    ', '[0.973 ]')
('correct:', '[1     ]')
error:  0.00036877
('out:    ', '[0.58  ]')
('correct:', '[0     ]')
error:  0.16825536
('out:    ', '[0.979 ]')
('correct:', '[1     ]')
error:  0.00021197
('out:    ', '[0.578 ]')
('correct:', '[0     ]')
error:  0.16701338
('out:    ', '[0.726 ]')
('correct:', '[0     ]')
error:  0.26355948
('out:    ', '[0.872 ]')
('correct:', '[1     ]')
error:  0.00823565
('out:    ', '[0.689 ]')
('correct:', '[1     ]')
error:  0.04848503
('out:    ', '[0.567 ]')
('correct:', '[1     ]')
error:  0.09363283
('out:    ', '[0.701 ]')
('correct:', '[1     ]')
error:  0.04466939
('out:    ', '[0.964 ]')
('correct:', '[1     ]')
error:  0.00065947
('out:    ', '[0.292 ]')
('correct:', '[0     ]')
error:  0.04252607
('out:    ', '[0.943 ]')
('correct:', '[0     ]')
error:  0.44456954
('out:    ', '[0.899 ]')
('correct:', '[1     ]')
error:  0.00508448
('out:    ', '[0.918 ]')
('correct:', '[1     ]')
error:  0.00338296
('out:    ', '[0.633 ]')
('correct:', '[1     ]')
error:  0.06731950
('out:    ', '[0.211 ]')
('correct:', '[1     ]')
error:  0.31124033
('out:    ', '[0.931 ]')
('correct:', '[1     ]')
error:  0.00240883
('out:    ', '[0.104 ]')
('correct:', '[0     ]')
error:  0.00540148
('out:    ', '[0.962 ]')
('correct:', '[1     ]')
error:  0.00073400
('out:    ', '[0.464 ]')
('correct:', '[0     ]')
error:  0.10778880
('out:    ', '[0.51  ]')
('correct:', '[0     ]')
error:  0.12989215
('out:    ', '[0.528 ]')
('correct:', '[1     ]')
error:  0.11158629
('out:    ', '[0.944 ]')
('correct:', '[1     ]')
error:  0.00158328
('out:    ', '[0.688 ]')
('correct:', '[1     ]')
error:  0.04870605
('out:    ', '[0.907 ]')
('correct:', '[1     ]')
error:  0.00431059
('out:    ', '[0.927 ]')
('correct:', '[0     ]')
error:  0.43002330
('out:    ', '[0.93  ]')
('correct:', '[1     ]')
error:  0.00247543
('out:    ', '[0.903 ]')
('correct:', '[1     ]')
error:  0.00469395
('out:    ', '[0.652 ]')
('correct:', '[1     ]')
error:  0.06046438
('out:    ', '[0.626 ]')
('correct:', '[1     ]')
error:  0.07009762
('out:    ', '[0.753 ]')
('correct:', '[1     ]')
error:  0.03057884
('out:    ', '[0.664 ]')
('correct:', '[1     ]')
error:  0.05655275
('out:    ', '[0.896 ]')
('correct:', '[0     ]')
error:  0.40123202
('out:    ', '[0.691 ]')
('correct:', '[1     ]')
error:  0.04775957
('out:    ', '[0.832 ]')
('correct:', '[1     ]')
error:  0.01403704
('out:    ', '[0.258 ]')
('correct:', '[0     ]')
error:  0.03339358
('out:    ', '[0.951 ]')
('correct:', '[1     ]')
error:  0.00122223
('out:    ', '[0.945 ]')
('correct:', '[1     ]')
error:  0.00152832
('out:    ', '[0.786 ]')
('correct:', '[1     ]')
error:  0.02279544
('out:    ', '[0.5   ]')
('correct:', '[0     ]')
error:  0.12492385
('out:    ', '[0.934 ]')
('correct:', '[1     ]')
error:  0.00218836
('out:    ', '[0.992 ]')
('correct:', '[1     ]')
error:  0.00003592
('out:    ', '[0.881 ]')
('correct:', '[0     ]')
error:  0.38811340
('out:    ', '[0.766 ]')
('correct:', '[0     ]')
error:  0.29324252
('out:    ', '[0.72  ]')
('correct:', '[1     ]')
error:  0.03908606
('out:    ', '[0.9   ]')
('correct:', '[1     ]')
error:  0.00497178
('out:    ', '[0.919 ]')
('correct:', '[1     ]')
error:  0.00330905
('out:    ', '[0.73  ]')
('correct:', '[0     ]')
error:  0.26655454
('out:    ', '[0.708 ]')
('correct:', '[1     ]')
error:  0.04270972
('out:    ', '[0.844 ]')
('correct:', '[1     ]')
error:  0.01215732
('out:    ', '[0.91  ]')
('correct:', '[1     ]')
error:  0.00403448
('out:    ', '[0.811 ]')
('correct:', '[0     ]')
error:  0.32852480
('out:    ', '[0.9   ]')
('correct:', '[0     ]')
error:  0.40492859
('out:    ', '[0.236 ]')
('correct:', '[0     ]')
error:  0.02778211
('out:    ', '[0.942 ]')
('correct:', '[1     ]')
error:  0.00165951
('out:    ', '[0.465 ]')
('correct:', '[1     ]')
error:  0.14304990
('out:    ', '[0.185 ]')
('correct:', '[1     ]')
error:  0.33198946
('out:    ', '[0.924 ]')
('correct:', '[1     ]')
error:  0.00285178
('out:    ', '[0.677 ]')
('correct:', '[0     ]')
error:  0.22900764
('out:    ', '[0.704 ]')
('correct:', '[1     ]')
error:  0.04379912
('out:    ', '[0.56  ]')
('correct:', '[1     ]')
error:  0.09680764
('out:    ', '[0.827 ]')
('correct:', '[0     ]')
error:  0.34219113
('out:    ', '[0.528 ]')
('correct:', '[1     ]')
error:  0.11119431
('out:    ', '[0.628 ]')
('correct:', '[1     ]')
error:  0.06936305
('out:    ', '[0.897 ]')
('correct:', '[1     ]')
error:  0.00532981
('out:    ', '[0.152 ]')
('correct:', '[0     ]')
error:  0.01159131
('out:    ', '[0.694 ]')
('correct:', '[1     ]')
error:  0.04674920
('out:    ', '[0.942 ]')
('correct:', '[1     ]')
error:  0.00167534
('out:    ', '[0.826 ]')
('correct:', '[1     ]')
error:  0.01512109
('out:    ', '[0.112 ]')
('correct:', '[0     ]')
error:  0.00625264
('out:    ', '[0.894 ]')
('correct:', '[0     ]')
error:  0.39932655
('out:    ', '[0.904 ]')
('correct:', '[1     ]')
error:  0.00465589
('out:    ', '[0.797 ]')
('correct:', '[0     ]')
error:  0.31754959
('out:    ', '[0.658 ]')
('correct:', '[1     ]')
error:  0.05845367
('out:    ', '[0.275 ]')
('correct:', '[1     ]')
error:  0.26282067
('out:    ', '[0.677 ]')
('correct:', '[0     ]')
error:  0.22929063
('out:    ', '[0.162 ]')
('correct:', '[0     ]')
error:  0.01307106
('out:    ', '[0.937 ]')
('correct:', '[0     ]')
error:  0.43871737
('out:    ', '[0.31  ]')
('correct:', '[0     ]')
error:  0.04816321
('out:    ', '[0.942 ]')
('correct:', '[1     ]')
error:  0.00169177
('out:    ', '[0.634 ]')
('correct:', '[1     ]')
error:  0.06706271
('out:    ', '[0.906 ]')
('correct:', '[1     ]')
error:  0.00444100
('out:    ', '[0.622 ]')
('correct:', '[1     ]')
error:  0.07132157
('out:    ', '[0.848 ]')
('correct:', '[1     ]')
error:  0.01149984
('out:    ', '[0.59  ]')
('correct:', '[0     ]')
error:  0.17403805
('out:    ', '[0.755 ]')
('correct:', '[1     ]')
error:  0.03001754
('out:    ', '[0.699 ]')
('correct:', '[1     ]')
error:  0.04521098
('out:    ', '[0.299 ]')
('correct:', '[1     ]')
error:  0.24590964
('out:    ', '[0.611 ]')
('correct:', '[1     ]')
error:  0.07578382
('out:    ', '[0.119 ]')
('correct:', '[0     ]')
error:  0.00703475
('out:    ', '[0.909 ]')
('correct:', '[0     ]')
error:  0.41312356
('out:    ', '[0.874 ]')
('correct:', '[1     ]')
error:  0.00798071
('out:    ', '[0.722 ]')
('correct:', '[1     ]')
error:  0.03853648
('out:    ', '[0.789 ]')
('correct:', '[0     ]')
error:  0.31104371
('out:    ', '[0.962 ]')
('correct:', '[1     ]')
error:  0.00073005
('out:    ', '[0.668 ]')
('correct:', '[0     ]')
error:  0.22300609
('out:    ', '[0.787 ]')
('correct:', '[0     ]')
error:  0.31006569
('out:    ', '[0.931 ]')
('correct:', '[1     ]')
error:  0.00236451
('out:    ', '[0.965 ]')
('correct:', '[0     ]')
error:  0.46528954
('out:    ', '[0.563 ]')
('correct:', '[1     ]')
error:  0.09559049
('out:    ', '[0.615 ]')
('correct:', '[0     ]')
error:  0.18931970
('out:    ', '[0.955 ]')
('correct:', '[1     ]')
error:  0.00102801
('out:    ', '[0.738 ]')
('correct:', '[1     ]')
error:  0.03423799
('out:    ', '[0.866 ]')
('correct:', '[0     ]')
error:  0.37455714
('out:    ', '[0.641 ]')
('correct:', '[0     ]')
error:  0.20558822
('out:    ', '[0.118 ]')
('correct:', '[1     ]')
error:  0.38901272
('out:    ', '[0.548 ]')
('correct:', '[0     ]')
error:  0.14995050
('out:    ', '[0.935 ]')
('correct:', '[1     ]')
error:  0.00213004
('out:    ', '[0.985 ]')
('correct:', '[1     ]')
error:  0.00011949
('out:    ', '[0.738 ]')
('correct:', '[0     ]')
error:  0.27245528
('out:    ', '[0.9   ]')
('correct:', '[1     ]')
error:  0.00503840
('out:    ', '[0.721 ]')
('correct:', '[0     ]')
error:  0.26001127
('out:    ', '[0.585 ]')
('correct:', '[1     ]')
error:  0.08594241
('out:    ', '[0.681 ]')
('correct:', '[1     ]')
error:  0.05084261
('out:    ', '[0.598 ]')
('correct:', '[0     ]')
error:  0.17852178
('out:    ', '[0.972 ]')
('correct:', '[1     ]')
error:  0.00040590
('out:    ', '[0.217 ]')
('correct:', '[1     ]')
error:  0.30637093
('out:    ', '[0.46  ]')
('correct:', '[0     ]')
error:  0.10578420
('out:    ', '[0.87  ]')
('correct:', '[1     ]')
error:  0.00840721
('out:    ', '[0.929 ]')
('correct:', '[0     ]')
error:  0.43184447
('out:    ', '[0.7   ]')
('correct:', '[0     ]')
error:  0.24532377
('out:    ', '[0.748 ]')
('correct:', '[1     ]')
error:  0.03169346
('out:    ', '[0.673 ]')
('correct:', '[1     ]')
error:  0.05343070
('out:    ', '[0.689 ]')
('correct:', '[1     ]')
error:  0.04830402
('out:    ', '[0.905 ]')
('correct:', '[1     ]')
error:  0.00454523
('out:    ', '[0.944 ]')
('correct:', '[1     ]')
error:  0.00154976
('out:    ', '[0.942 ]')
('correct:', '[1     ]')
error:  0.00168947
('out:    ', '[0.74  ]')
('correct:', '[1     ]')
error:  0.03373681
('out:    ', '[0.634 ]')
('correct:', '[0     ]')
error:  0.20117103
('out:    ', '[0.335 ]')
('correct:', '[1     ]')
error:  0.22140079
('out:    ', '[0.124 ]')
('correct:', '[0     ]')
error:  0.00765569
('out:    ', '[0.697 ]')
('correct:', '[0     ]')
error:  0.24314071
('out:    ', '[0.572 ]')
('correct:', '[0     ]')
error:  0.16387040
('out:    ', '[0.912 ]')
('correct:', '[1     ]')
error:  0.00385477
('out:    ', '[0.518 ]')
('correct:', '[1     ]')
error:  0.11599457
('out:    ', '[0.888 ]')
('correct:', '[1     ]')
error:  0.00622055
('out:    ', '[0.83  ]')
('correct:', '[1     ]')
error:  0.01439139
('out:    ', '[0.971 ]')
('correct:', '[1     ]')
error:  0.00040874
('out:    ', '[0.592 ]')
('correct:', '[1     ]')
error:  0.08314932
('out:    ', '[0.819 ]')
('correct:', '[0     ]')
error:  0.33577333
('out:    ', '[0.943 ]')
('correct:', '[1     ]')
error:  0.00163784
('out:    ', '[0.587 ]')
('correct:', '[1     ]')
error:  0.08514900
('out:    ', '[0.981 ]')
('correct:', '[1     ]')
error:  0.00018494
('out:    ', '[0.743 ]')
('correct:', '[1     ]')
error:  0.03305715
('out:    ', '[0.857 ]')
('correct:', '[1     ]')
error:  0.01025221
('out:    ', '[0.906 ]')
('correct:', '[1     ]')
error:  0.00444115
('out:    ', '[0.54  ]')
('correct:', '[0     ]')
error:  0.14562896
('out:    ', '[0.68  ]')
('correct:', '[1     ]')
error:  0.05131934
('out:    ', '[0.954 ]')
('correct:', '[1     ]')
error:  0.00104981
('out:    ', '[0.642 ]')
('correct:', '[1     ]')
error:  0.06422815
('out:    ', '[0.304 ]')
('correct:', '[0     ]')
error:  0.04613270
('out:    ', '[0.336 ]')
('correct:', '[0     ]')
error:  0.05644729
('out:    ', '[0.2   ]')
('correct:', '[0     ]')
error:  0.02008835
('out:    ', '[0.832 ]')
('correct:', '[0     ]')
error:  0.34608790
('out:    ', '[0.538 ]')
('correct:', '[0     ]')
error:  0.14485526
('out:    ', '[0.529 ]')
('correct:', '[1     ]')
error:  0.11081775
('out:    ', '[0.612 ]')
('correct:', '[1     ]')
error:  0.07514967
('out:    ', '[0.726 ]')
('correct:', '[1     ]')
error:  0.03766757
('out:    ', '[0.871 ]')
('correct:', '[0     ]')
error:  0.37931083
('out:    ', '[0.903 ]')
('correct:', '[1     ]')
error:  0.00471259
('out:    ', '[0.907 ]')
('correct:', '[1     ]')
error:  0.00431527
('out:    ', '[0.181 ]')
('correct:', '[0     ]')
error:  0.01636378
('out:    ', '[0.509 ]')
('correct:', '[0     ]')
error:  0.12929366
('out:    ', '[0.145 ]')
('correct:', '[0     ]')
error:  0.01052707
('out:    ', '[0.779 ]')
('correct:', '[1     ]')
error:  0.02450963
('out:    ', '[0.817 ]')
('correct:', '[1     ]')
error:  0.01679357
('out:    ', '[0.935 ]')
('correct:', '[1     ]')
error:  0.00210753
('out:    ', '[0.489 ]')
('correct:', '[1     ]')
error:  0.13041699
('out:    ', '[0.707 ]')
('correct:', '[1     ]')
error:  0.04290160
('out:    ', '[0.891 ]')
('correct:', '[1     ]')
error:  0.00592865
('out:    ', '[0.265 ]')
('correct:', '[1     ]')
error:  0.27041990
('out:    ', '[0.727 ]')
('correct:', '[1     ]')
error:  0.03720579
('out:    ', '[0.954 ]')
('correct:', '[1     ]')
error:  0.00104970
('out:    ', '[0.929 ]')
('correct:', '[1     ]')
error:  0.00249623
('out:    ', '[0.705 ]')
('correct:', '[0     ]')
error:  0.24857252
('out:    ', '[0.976 ]')
('correct:', '[1     ]')
error:  0.00028588
('out:    ', '[0.996 ]')
('correct:', '[1     ]')
error:  0.00000636
('out:    ', '[0.934 ]')
('correct:', '[1     ]')
error:  0.00215949
('out:    ', '[0.757 ]')
('correct:', '[1     ]')
error:  0.02958513
('out:    ', '[0.798 ]')
('correct:', '[0     ]')
error:  0.31838773
('out:    ', '[0.926 ]')
('correct:', '[1     ]')
error:  0.00272831
('out:    ', '[0.931 ]')
('correct:', '[1     ]')
error:  0.00235588
('out:    ', '[0.786 ]')
('correct:', '[1     ]')
error:  0.02282331
('out:    ', '[0.263 ]')
('correct:', '[1     ]')
error:  0.27138038
('out:    ', '[0.867 ]')
('correct:', '[1     ]')
error:  0.00885557
('out:    ', '[0.248 ]')
('correct:', '[0     ]')
error:  0.03063120
('out:    ', '[0.855 ]')
('correct:', '[1     ]')
error:  0.01056873
('out:    ', '[0.111 ]')
('correct:', '[0     ]')
error:  0.00615240
('out:    ', '[0.104 ]')
('correct:', '[0     ]')
error:  0.00537876
('out:    ', '[0.689 ]')
('correct:', '[0     ]')
error:  0.23748928
('out:    ', '[0.964 ]')
('correct:', '[1     ]')
error:  0.00064771
('out:    ', '[0.685 ]')
('correct:', '[0     ]')
error:  0.23493126
('out:    ', '[0.931 ]')
('correct:', '[1     ]')
error:  0.00241103
('out:    ', '[0.496 ]')
('correct:', '[1     ]')
error:  0.12685372
('out:    ', '[0.898 ]')
('correct:', '[0     ]')
error:  0.40322178
('out:    ', '[0.252 ]')
('correct:', '[0     ]')
error:  0.03165928
('out:    ', '[0.816 ]')
('correct:', '[1     ]')
error:  0.01694778
('out:    ', '[0.926 ]')
('correct:', '[1     ]')
error:  0.00273073
('out:    ', '[0.681 ]')
('correct:', '[0     ]')
error:  0.23221377
('out:    ', '[0.594 ]')
('correct:', '[0     ]')
error:  0.17660834
('out:    ', '[0.986 ]')
('correct:', '[1     ]')
error:  0.00009125
('out:    ', '[0.836 ]')
('correct:', '[1     ]')
error:  0.01350174
('out:    ', '[0.646 ]')
('correct:', '[0     ]')
error:  0.20836817
('out:    ', '[0.981 ]')
('correct:', '[1     ]')
error:  0.00018612
('out:    ', '[0.965 ]')
('correct:', '[1     ]')
error:  0.00060648
('out:    ', '[0.1   ]')
('correct:', '[0     ]')
error:  0.00501856
('out:    ', '[0.117 ]')
('correct:', '[0     ]')
error:  0.00680617
('out:    ', '[0.626 ]')
('correct:', '[1     ]')
error:  0.06999337
('out:    ', '[0.795 ]')
('correct:', '[1     ]')
error:  0.02094359
('out:    ', '[0.625 ]')
('correct:', '[0     ]')
error:  0.19501639
('out:    ', '[0.895 ]')
('correct:', '[1     ]')
error:  0.00547095
('out:    ', '[0.993 ]')
('correct:', '[1     ]')
error:  0.00002134
('out:    ', '[0.758 ]')
('correct:', '[0     ]')
error:  0.28761731
('out:    ', '[0.811 ]')
('correct:', '[1     ]')
error:  0.01785878
('out:    ', '[0.38  ]')
('correct:', '[0     ]')
error:  0.07205655
('out:    ', '[0.629 ]')
('correct:', '[1     ]')
error:  0.06891477
('out:    ', '[0.217 ]')
('correct:', '[0     ]')
error:  0.02362304
('out:    ', '[0.496 ]')
('correct:', '[1     ]')
error:  0.12720532
('out:    ', '[0.989 ]')
('correct:', '[1     ]')
error:  0.00005666
('out:    ', '[0.95  ]')
('correct:', '[1     ]')
error:  0.00124575
('out:    ', '[0.938 ]')
('correct:', '[1     ]')
error:  0.00195021
('out:    ', '[0.892 ]')
('correct:', '[1     ]')
error:  0.00578193
('out:    ', '[0.93  ]')
('correct:', '[1     ]')
error:  0.00246287
('out:    ', '[0.924 ]')
('correct:', '[1     ]')
error:  0.00287282
('out:    ', '[0.381 ]')
('correct:', '[0     ]')
error:  0.07251138
('out:    ', '[0.139 ]')
('correct:', '[0     ]')
error:  0.00962901
('out:    ', '[0.934 ]')
('correct:', '[1     ]')
error:  0.00220053
('out:    ', '[0.838 ]')
('correct:', '[1     ]')
error:  0.01306044
('out:    ', '[0.451 ]')
('correct:', '[0     ]')
error:  0.10172310
('out:    ', '[0.932 ]')
('correct:', '[1     ]')
error:  0.00230869
('out:    ', '[0.273 ]')
('correct:', '[0     ]')
error:  0.03734803
('out:    ', '[0.374 ]')
('correct:', '[1     ]')
error:  0.19573874
('out:    ', '[0.989 ]')
('correct:', '[1     ]')
error:  0.00006416
('out:    ', '[0.9   ]')
('correct:', '[1     ]')
error:  0.00501891
('out:    ', '[0.748 ]')
('correct:', '[1     ]')
error:  0.03164889
('out:    ', '[0.113 ]')
('correct:', '[0     ]')
error:  0.00642052
('out:    ', '[0.54  ]')
('correct:', '[0     ]')
error:  0.14598367
('out:    ', '[0.748 ]')
('correct:', '[1     ]')
error:  0.03175678
('out:    ', '[0.216 ]')
('correct:', '[1     ]')
error:  0.30733449
('out:    ', '[0.597 ]')
('correct:', '[1     ]')
error:  0.08118093
('out:    ', '[0.71  ]')
('correct:', '[0     ]')
error:  0.25210014
('out:    ', '[0.906 ]')
('correct:', '[1     ]')
error:  0.00443749
('out:    ', '[0.65  ]')
('correct:', '[1     ]')
error:  0.06135359
('out:    ', '[0.894 ]')
('correct:', '[1     ]')
error:  0.00560347
('out:    ', '[0.111 ]')
('correct:', '[0     ]')
error:  0.00610894
('out:    ', '[0.75  ]')
('correct:', '[0     ]')
error:  0.28094011
('out:    ', '[0.691 ]')
('correct:', '[1     ]')
error:  0.04769310
('out:    ', '[0.981 ]')
('correct:', '[1     ]')
error:  0.00018424
('out:    ', '[0.682 ]')
('correct:', '[1     ]')
error:  0.05054728
('out:    ', '[0.105 ]')
('correct:', '[0     ]')
error:  0.00550543
('out:    ', '[0.981 ]')
('correct:', '[1     ]')
error:  0.00018628
('out:    ', '[0.347 ]')
('correct:', '[1     ]')
error:  0.21296150
('out:    ', '[0.228 ]')
('correct:', '[1     ]')
error:  0.29773688
('out:    ', '[0.901 ]')
('correct:', '[0     ]')
error:  0.40557568
('out:    ', '[0.817 ]')
('correct:', '[0     ]')
error:  0.33337418
('out:    ', '[0.685 ]')
('correct:', '[0     ]')
error:  0.23472062
('out:    ', '[0.897 ]')
('correct:', '[1     ]')
error:  0.00534555
('out:    ', '[0.822 ]')
('correct:', '[1     ]')
error:  0.01591148
('out:    ', '[0.826 ]')
('correct:', '[1     ]')
error:  0.01513642
('out:    ', '[0.939 ]')
('correct:', '[1     ]')
error:  0.00187141
('out:    ', '[0.926 ]')
('correct:', '[1     ]')
error:  0.00270613
('out:    ', '[0.968 ]')
('correct:', '[1     ]')
error:  0.00052057
('out:    ', '[0.147 ]')
('correct:', '[1     ]')
error:  0.36340410
('out:    ', '[0.966 ]')
('correct:', '[1     ]')
error:  0.00058917
('out:    ', '[0.826 ]')
('correct:', '[1     ]')
error:  0.01512349
('out:    ', '[0.984 ]')
('correct:', '[1     ]')
error:  0.00012606
('out:    ', '[0.628 ]')
('correct:', '[0     ]')
error:  0.19719349
('out:    ', '[0.425 ]')
('correct:', '[0     ]')
error:  0.09013153
('out:    ', '[0.76  ]')
('correct:', '[0     ]')
error:  0.28870234
('out:    ', '[0.198 ]')
('correct:', '[1     ]')
error:  0.32121831
('out:    ', '[0.604 ]')
('correct:', '[0     ]')
error:  0.18215990
('out:    ', '[0.96  ]')
('correct:', '[1     ]')
error:  0.00079693
('out:    ', '[0.637 ]')
('correct:', '[0     ]')
error:  0.20298929
('out:    ', '[0.217 ]')
('correct:', '[0     ]')
error:  0.02352139
('out:    ', '[0.45  ]')
('correct:', '[0     ]')
error:  0.10103645
('out:    ', '[0.22  ]')
('correct:', '[1     ]')
error:  0.30399969
('out:    ', '[0.933 ]')
('correct:', '[1     ]')
error:  0.00224640
('out:    ', '[0.687 ]')
('correct:', '[0     ]')
error:  0.23608362
('out:    ', '[0.853 ]')
('correct:', '[1     ]')
error:  0.01080978
('out:    ', '[0.694 ]')
('correct:', '[1     ]')
error:  0.04676885
('out:    ', '[0.858 ]')
('correct:', '[1     ]')
error:  0.01007637
('out:    ', '[0.366 ]')
('correct:', '[1     ]')
error:  0.20094973
('out:    ', '[0.845 ]')
('correct:', '[1     ]')
error:  0.01195057
('out:    ', '[0.61  ]')
('correct:', '[0     ]')
error:  0.18588207
('out:    ', '[0.688 ]')
('correct:', '[0     ]')
error:  0.23659737
('out:    ', '[0.906 ]')
('correct:', '[1     ]')
error:  0.00437914
('out:    ', '[0.801 ]')
('correct:', '[1     ]')
error:  0.01983926
('out:    ', '[0.933 ]')
('correct:', '[1     ]')
error:  0.00224422
('out:    ', '[0.939 ]')
('correct:', '[1     ]')
error:  0.00189112
('out:    ', '[0.797 ]')
('correct:', '[0     ]')
error:  0.31769265
('out:    ', '[0.157 ]')
('correct:', '[0     ]')
error:  0.01239396
('out:    ', '[0.266 ]')
('correct:', '[1     ]')
error:  0.26953816
('out:    ', '[0.802 ]')
('correct:', '[1     ]')
error:  0.01961410
('out:    ', '[0.927 ]')
('correct:', '[1     ]')
error:  0.00269434
('out:    ', '[0.804 ]')
('correct:', '[1     ]')
error:  0.01920585
('out:    ', '[0.661 ]')
('correct:', '[1     ]')
error:  0.05757438
('out:    ', '[0.88  ]')
('correct:', '[1     ]')
error:  0.00719268
('out:    ', '[0.879 ]')
('correct:', '[0     ]')
error:  0.38609864
('out:    ', '[0.624 ]')
('correct:', '[0     ]')
error:  0.19486249
('out:    ', '[0.361 ]')
('correct:', '[0     ]')
error:  0.06523195
('out:    ', '[0.278 ]')
('correct:', '[0     ]')
error:  0.03857045
('out:    ', '[0.547 ]')
('correct:', '[1     ]')
error:  0.10279984
('out:    ', '[0.421 ]')
('correct:', '[0     ]')
error:  0.08849951
('out:    ', '[0.53  ]')
('correct:', '[1     ]')
error:  0.11026296
('out:    ', '[0.816 ]')
('correct:', '[1     ]')
error:  0.01684838
('out:    ', '[0.937 ]')
('correct:', '[1     ]')
error:  0.00201168
('out:    ', '[0.498 ]')
('correct:', '[0     ]')
error:  0.12412606
('out:    ', '[0.931 ]')
('correct:', '[1     ]')
error:  0.00239934
('out:    ', '[0.221 ]')
('correct:', '[1     ]')
error:  0.30304025
('out:    ', '[0.872 ]')
('correct:', '[0     ]')
error:  0.37976636
('out:    ', '[0.565 ]')
('correct:', '[1     ]')
error:  0.09451202
('out:    ', '[0.917 ]')
('correct:', '[0     ]')
error:  0.42039653
('out:    ', '[0.189 ]')
('correct:', '[0     ]')
error:  0.01788876
('out:    ', '[0.943 ]')
('correct:', '[1     ]')
error:  0.00163160
('out:    ', '[0.809 ]')
('correct:', '[0     ]')
error:  0.32748113
('out:    ', '[0.377 ]')
('correct:', '[0     ]')
error:  0.07107416
('out:    ', '[0.471 ]')
('correct:', '[1     ]')
error:  0.13969934
('out:    ', '[0.621 ]')
('correct:', '[0     ]')
error:  0.19293815
('out:    ', '[0.129 ]')
('correct:', '[0     ]')
error:  0.00834456
('out:    ', '[0.743 ]')
('correct:', '[1     ]')
error:  0.03291324
('out:    ', '[0.754 ]')
('correct:', '[1     ]')
error:  0.03030948
('out:    ', '[0.822 ]')
('correct:', '[1     ]')
error:  0.01588199
('out:    ', '[0.384 ]')
('correct:', '[0     ]')
error:  0.07374762
('out:    ', '[0.919 ]')
('correct:', '[1     ]')
error:  0.00329017
('out:    ', '[0.894 ]')
('correct:', '[1     ]')
error:  0.00562474
('out:    ', '[0.946 ]')
('correct:', '[1     ]')
error:  0.00145036
('out:    ', '[0.508 ]')
('correct:', '[1     ]')
error:  0.12109508
('out:    ', '[0.528 ]')
('correct:', '[1     ]')
error:  0.11137955
('out:    ', '[0.932 ]')
('correct:', '[1     ]')
error:  0.00228697
('out:    ', '[0.3   ]')
('correct:', '[0     ]')
error:  0.04502717
('out:    ', '[0.83  ]')
('correct:', '[1     ]')
error:  0.01440674
('out:    ', '[0.751 ]')
('correct:', '[0     ]')
error:  0.28227912
('out:    ', '[0.231 ]')
('correct:', '[0     ]')
error:  0.02669549
('out:    ', '[0.816 ]')
('correct:', '[1     ]')
error:  0.01701746
('out:    ', '[0.716 ]')
('correct:', '[1     ]')
error:  0.04028193
('out:    ', '[0.573 ]')
('correct:', '[1     ]')
error:  0.09105975
('out:    ', '[0.858 ]')
('correct:', '[1     ]')
error:  0.01013412
('out:    ', '[0.897 ]')
('correct:', '[0     ]')
error:  0.40237162
('out:    ', '[0.987 ]')
('correct:', '[1     ]')
error:  0.00009066
('out:    ', '[0.795 ]')
('correct:', '[1     ]')
error:  0.02108418
('out:    ', '[0.854 ]')
('correct:', '[1     ]')
error:  0.01067312
('out:    ', '[0.892 ]')
('correct:', '[1     ]')
error:  0.00582830
('out:    ', '[0.948 ]')
('correct:', '[1     ]')
error:  0.00137789
('out:    ', '[0.943 ]')
('correct:', '[1     ]')
error:  0.00160335
('out:    ', '[0.906 ]')
('correct:', '[1     ]')
error:  0.00444250
('out:    ', '[0.859 ]')
('correct:', '[1     ]')
error:  0.00995082
('out:    ', '[0.848 ]')
('correct:', '[1     ]')
error:  0.01150282
('out:    ', '[0.719 ]')
('correct:', '[0     ]')
error:  0.25863105
('out:    ', '[0.636 ]')
('correct:', '[0     ]')
error:  0.20240038
('out:    ', '[0.915 ]')
('correct:', '[0     ]')
error:  0.41849219
('out:    ', '[0.897 ]')
('correct:', '[1     ]')
error:  0.00528414
('out:    ', '[0.916 ]')
('correct:', '[0     ]')
error:  0.41986222
('out:    ', '[0.935 ]')
('correct:', '[0     ]')
error:  0.43751331
('out:    ', '[0.787 ]')
('correct:', '[1     ]')
error:  0.02265680
('out:    ', '[0.937 ]')
('correct:', '[1     ]')
error:  0.00198041
('out:    ', '[0.778 ]')
('correct:', '[1     ]')
error:  0.02461169
('out:    ', '[0.261 ]')
('correct:', '[0     ]')
error:  0.03402068
('out:    ', '[0.754 ]')
('correct:', '[1     ]')
error:  0.03036258
('out:    ', '[0.744 ]')
('correct:', '[1     ]')
error:  0.03264029
('out:    ', '[0.316 ]')
('correct:', '[0     ]')
error:  0.04984497
('out:    ', '[0.73  ]')
('correct:', '[1     ]')
error:  0.03650527
('out:    ', '[0.93  ]')
('correct:', '[1     ]')
error:  0.00243337
('out:    ', '[0.198 ]')
('correct:', '[0     ]')
error:  0.01963580
('out:    ', '[0.695 ]')
('correct:', '[1     ]')
error:  0.04640594
('out:    ', '[0.867 ]')
('correct:', '[0     ]')
error:  0.37582466
('out:    ', '[0.966 ]')
('correct:', '[1     ]')
error:  0.00057654
('out:    ', '[0.457 ]')
('correct:', '[0     ]')
error:  0.10424474
('out:    ', '[0.944 ]')
('correct:', '[1     ]')
error:  0.00158909
('out:    ', '[0.88  ]')
('correct:', '[1     ]')
error:  0.00724406
('out:    ', '[0.236 ]')
('correct:', '[1     ]')
error:  0.29158106
('out:    ', '[0.944 ]')
('correct:', '[1     ]')
error:  0.00155680
('out:    ', '[0.553 ]')
('correct:', '[1     ]')
error:  0.09969064
('out:    ', '[0.602 ]')
('correct:', '[1     ]')
error:  0.07934408
('out:    ', '[0.718 ]')
('correct:', '[0     ]')
error:  0.25800693
('out:    ', '[0.565 ]')
('correct:', '[0     ]')
error:  0.15933901
('out:    ', '[0.897 ]')
('correct:', '[1     ]')
error:  0.00534759
('out:    ', '[0.151 ]')
('correct:', '[0     ]')
error:  0.01146222
('out:    ', '[0.776 ]')
('correct:', '[1     ]')
error:  0.02512821
('out:    ', '[0.995 ]')
('correct:', '[1     ]')
error:  0.00001165
('out:    ', '[0.969 ]')
('correct:', '[0     ]')
error:  0.46935928
('out:    ', '[0.207 ]')
('correct:', '[0     ]')
error:  0.02147010
('out:    ', '[0.599 ]')
('correct:', '[0     ]')
error:  0.17944214
('out:    ', '[0.673 ]')
('correct:', '[1     ]')
error:  0.05350880
('out:    ', '[0.924 ]')
('correct:', '[1     ]')
error:  0.00286527
('out:    ', '[0.945 ]')
('correct:', '[1     ]')
error:  0.00151649
('out:    ', '[0.631 ]')
('correct:', '[0     ]')
error:  0.19921367
('out:    ', '[0.623 ]')
('correct:', '[1     ]')
error:  0.07090460
('out:    ', '[0.212 ]')
('correct:', '[0     ]')
error:  0.02241915
('out:    ', '[0.816 ]')
('correct:', '[1     ]')
error:  0.01689204
('out:    ', '[0.16  ]')
('correct:', '[0     ]')
error:  0.01287809
('out:    ', '[0.71  ]')
('correct:', '[0     ]')
error:  0.25211028
('out:    ', '[0.766 ]')
('correct:', '[1     ]')
error:  0.02749505
('out:    ', '[0.751 ]')
('correct:', '[1     ]')
error:  0.03088379
('out:    ', '[0.588 ]')
('correct:', '[1     ]')
error:  0.08501653
('out:    ', '[0.856 ]')
('correct:', '[1     ]')
error:  0.01032536
('out:    ', '[0.606 ]')
('correct:', '[1     ]')
error:  0.07777679
('out:    ', '[0.82  ]')
('correct:', '[1     ]')
error:  0.01613716
('out:    ', '[0.836 ]')
('correct:', '[0     ]')
error:  0.34954313
('out:    ', '[0.926 ]')
('correct:', '[1     ]')
error:  0.00274220
('out:    ', '[0.994 ]')
('correct:', '[1     ]')
error:  0.00001713
('out:    ', '[0.301 ]')
('correct:', '[0     ]')
error:  0.04540653
('out:    ', '[0.88  ]')
('correct:', '[1     ]')
error:  0.00718969
('out:    ', '[0.93  ]')
('correct:', '[1     ]')
error:  0.00242196
('out:    ', '[0.747 ]')
('correct:', '[1     ]')
error:  0.03197617
('out:    ', '[0.269 ]')
('correct:', '[0     ]')
error:  0.03609740
('out:    ', '[0.902 ]')
('correct:', '[1     ]')
error:  0.00478266
('out:    ', '[0.806 ]')
('correct:', '[0     ]')
error:  0.32445980
('out:    ', '[0.875 ]')
('correct:', '[1     ]')
error:  0.00775100
('out:    ', '[0.996 ]')
('correct:', '[1     ]')
error:  0.00000793
('out:    ', '[0.921 ]')
('correct:', '[1     ]')
error:  0.00311383
('out:    ', '[0.659 ]')
('correct:', '[1     ]')
error:  0.05804042
('out:    ', '[0.519 ]')
('correct:', '[0     ]')
error:  0.13473650
('out:    ', '[0.954 ]')
('correct:', '[0     ]')
error:  0.45458404
('out:    ', '[0.533 ]')
('correct:', '[0     ]')
error:  0.14225652
('out:    ', '[0.93  ]')
('correct:', '[1     ]')
error:  0.00241850
('out:    ', '[0.622 ]')
('correct:', '[0     ]')
error:  0.19350829
('out:    ', '[0.761 ]')
('correct:', '[0     ]')
error:  0.28920497
('out:    ', '[0.798 ]')
('correct:', '[1     ]')
error:  0.02042703
('out:    ', '[0.877 ]')
('correct:', '[1     ]')
error:  0.00761944
('out:    ', '[0.96  ]')
('correct:', '[1     ]')
error:  0.00079719
('out:    ', '[0.874 ]')
('correct:', '[1     ]')
error:  0.00796941
('out:    ', '[0.983 ]')
('correct:', '[1     ]')
error:  0.00014087
('out:    ', '[0.659 ]')
('correct:', '[0     ]')
error:  0.21689997
('out:    ', '[0.83  ]')
('correct:', '[1     ]')
error:  0.01449480
('out:    ', '[0.951 ]')
('correct:', '[0     ]')
error:  0.45255510
('out:    ', '[0.184 ]')
('correct:', '[0     ]')
error:  0.01700749
('out:    ', '[0.557 ]')
('correct:', '[0     ]')
error:  0.15504079
('out:    ', '[0.395 ]')
('correct:', '[1     ]')
error:  0.18272297
('out:    ', '[0.337 ]')
('correct:', '[0     ]')
error:  0.05680938
('out:    ', '[0.856 ]')
('correct:', '[1     ]')
error:  0.01042956
('out:    ', '[0.467 ]')
('correct:', '[0     ]')
error:  0.10908330
('out:    ', '[0.639 ]')
('correct:', '[0     ]')
error:  0.20426694
('out:    ', '[0.91  ]')
('correct:', '[1     ]')
error:  0.00405549
('out:    ', '[0.444 ]')
('correct:', '[1     ]')
error:  0.15478053
('out:    ', '[0.525 ]')
('correct:', '[0     ]')
error:  0.13790254
('out:    ', '[0.328 ]')
('correct:', '[0     ]')
error:  0.05393869
('out:    ', '[0.504 ]')
('correct:', '[1     ]')
error:  0.12310869
('out:    ', '[0.41  ]')
('correct:', '[0     ]')
error:  0.08393765
('out:    ', '[0.701 ]')
('correct:', '[0     ]')
error:  0.24547474
('out:    ', '[0.822 ]')
('correct:', '[0     ]')
error:  0.33782907
('out:    ', '[0.887 ]')
('correct:', '[0     ]')
error:  0.39376172
('out:    ', '[0.258 ]')
('correct:', '[0     ]')
error:  0.03332931
('out:    ', '[0.604 ]')
('correct:', '[0     ]')
error:  0.18260174
('out:    ', '[0.184 ]')
('correct:', '[0     ]')
error:  0.01684240
('out:    ', '[0.458 ]')
('correct:', '[0     ]')
error:  0.10474915
('out:    ', '[0.957 ]')
('correct:', '[0     ]')
error:  0.45828536
('out:    ', '[0.936 ]')
('correct:', '[1     ]')
error:  0.00207533
('out:    ', '[0.851 ]')
('correct:', '[1     ]')
error:  0.01110644
('out:    ', '[0.417 ]')
('correct:', '[0     ]')
error:  0.08688101
('out:    ', '[0.597 ]')
('correct:', '[0     ]')
error:  0.17837907
('out:    ', '[0.926 ]')
('correct:', '[0     ]')
error:  0.42879148
('out:    ', '[0.903 ]')
('correct:', '[0     ]')
error:  0.40783980
('out:    ', '[0.933 ]')
('correct:', '[0     ]')
error:  0.43484634
('out:    ', '[0.842 ]')
('correct:', '[0     ]')
error:  0.35406808
('out:    ', '[0.674 ]')
('correct:', '[0     ]')
error:  0.22697092
('out:    ', '[0.094 ]')
('correct:', '[0     ]')
error:  0.00443899
('out:    ', '[0.357 ]')
('correct:', '[0     ]')
error:  0.06355772
('out:    ', '[0.277 ]')
('correct:', '[0     ]')
error:  0.03848394
('out:    ', '[0.528 ]')
('correct:', '[1     ]')
error:  0.11119124
('out:    ', '[0.651 ]')
('correct:', '[1     ]')
error:  0.06094823
('out:    ', '[0.419 ]')
('correct:', '[1     ]')
error:  0.16872807
('out:    ', '[0.694 ]')
('correct:', '[1     ]')
error:  0.04689654
('out:    ', '[0.823 ]')
('correct:', '[1     ]')
error:  0.01567022
('out:    ', '[0.694 ]')
('correct:', '[1     ]')
error:  0.04687863
('out:    ', '[0.93  ]')
('correct:', '[1     ]')
error:  0.00244850
('out:    ', '[0.198 ]')
('correct:', '[0     ]')
error:  0.01956447
('out:    ', '[0.716 ]')
('correct:', '[0     ]')
error:  0.25661583
('out:    ', '[0.926 ]')
('correct:', '[1     ]')
error:  0.00274169
('out:    ', '[0.316 ]')
('correct:', '[0     ]')
error:  0.04997263
('out:    ', '[0.281 ]')
('correct:', '[0     ]')
error:  0.03949800
('out:    ', '[0.958 ]')
('correct:', '[0     ]')
error:  0.45860553
('out:    ', '[0.763 ]')
('correct:', '[1     ]')
error:  0.02801465
('out:    ', '[0.743 ]')
('correct:', '[1     ]')
error:  0.03303763
('out:    ', '[0.928 ]')
('correct:', '[1     ]')
error:  0.00257806
('out:    ', '[0.77  ]')
('correct:', '[0     ]')
error:  0.29615857
('out:    ', '[0.602 ]')
('correct:', '[1     ]')
error:  0.07936819
('out:    ', '[0.737 ]')
('correct:', '[1     ]')
error:  0.03454497
('out:    ', '[0.828 ]')
('correct:', '[1     ]')
error:  0.01472955
('out:    ', '[0.499 ]')
('correct:', '[1     ]')
error:  0.12534143
('out:    ', '[0.336 ]')
('correct:', '[0     ]')
error:  0.05657363
('out:    ', '[0.176 ]')
('correct:', '[0     ]')
error:  0.01554305
('out:    ', '[0.841 ]')
('correct:', '[1     ]')
error:  0.01262488
('out:    ', '[0.829 ]')
('correct:', '[1     ]')
error:  0.01462860
('out:    ', '[0.697 ]')
('correct:', '[1     ]')
error:  0.04595701
('out:    ', '[0.19  ]')
('correct:', '[0     ]')
error:  0.01800856
('out:    ', '[0.542 ]')
('correct:', '[1     ]')
error:  0.10467319
('out:    ', '[0.83  ]')
('correct:', '[1     ]')
error:  0.01441546
('out:    ', '[0.905 ]')
('correct:', '[1     ]')
error:  0.00454574
('out:    ', '[0.621 ]')
('correct:', '[1     ]')
error:  0.07168824
('out:    ', '[0.758 ]')
('correct:', '[1     ]')
error:  0.02926564
('out:    ', '[0.791 ]')
('correct:', '[1     ]')
error:  0.02178409
('out:    ', '[0.219 ]')
('correct:', '[0     ]')
error:  0.02396898
('out:    ', '[0.583 ]')
('correct:', '[0     ]')
error:  0.16984354
('out:    ', '[0.505 ]')
('correct:', '[0     ]')
error:  0.12774372
('out:    ', '[0.463 ]')
('correct:', '[0     ]')
error:  0.10709792
('out:    ', '[0.541 ]')
('correct:', '[1     ]')
error:  0.10540913
('out:    ', '[0.875 ]')
('correct:', '[1     ]')
error:  0.00785470
('out:    ', '[0.336 ]')
('correct:', '[1     ]')
error:  0.22013403
('out:    ', '[0.647 ]')
('correct:', '[0     ]')
error:  0.20925867
('out:    ', '[0.987 ]')
('correct:', '[1     ]')
error:  0.00009021
('out:    ', '[0.899 ]')
('correct:', '[1     ]')
error:  0.00508829
('out:    ', '[0.921 ]')
('correct:', '[1     ]')
error:  0.00311955
('out:    ', '[0.183 ]')
('correct:', '[1     ]')
error:  0.33354202
('out:    ', '[0.607 ]')
('correct:', '[0     ]')
error:  0.18452473
('out:    ', '[0.227 ]')
('correct:', '[0     ]')
error:  0.02583835
('out:    ', '[0.858 ]')
('correct:', '[1     ]')
error:  0.01004063
('out:    ', '[0.859 ]')
('correct:', '[1     ]')
error:  0.00991237
('out:    ', '[0.832 ]')
('correct:', '[1     ]')
error:  0.01407711
('out:    ', '[0.465 ]')
('correct:', '[0     ]')
error:  0.10800347
('out:    ', '[0.228 ]')
('correct:', '[1     ]')
error:  0.29790900
('out:    ', '[0.711 ]')
('correct:', '[0     ]')
error:  0.25247322
('out:    ', '[0.899 ]')
('correct:', '[1     ]')
error:  0.00505181
('out:    ', '[0.683 ]')
('correct:', '[1     ]')
error:  0.05023117
('out:    ', '[0.621 ]')
('correct:', '[1     ]')
error:  0.07188366
('out:    ', '[0.672 ]')
('correct:', '[0     ]')
error:  0.22595254
('out:    ', '[0.223 ]')
('correct:', '[0     ]')
error:  0.02478176
('out:    ', '[0.929 ]')
('correct:', '[1     ]')
error:  0.00250756
('out:    ', '[0.34  ]')
('correct:', '[0     ]')
error:  0.05778656
('out:    ', '[0.9   ]')
('correct:', '[1     ]')
error:  0.00503973
('out:    ', '[0.663 ]')
('correct:', '[1     ]')
error:  0.05693882
('out:    ', '[0.899 ]')
('correct:', '[0     ]')
error:  0.40383762
('out:    ', '[0.778 ]')
('correct:', '[0     ]')
error:  0.30277135
('out:    ', '[0.92  ]')
('correct:', '[0     ]')
error:  0.42306072
('out:    ', '[0.365 ]')
('correct:', '[0     ]')
error:  0.06661558
('out:    ', '[0.289 ]')
('correct:', '[0     ]')
error:  0.04177300
('out:    ', '[0.188 ]')
('correct:', '[0     ]')
error:  0.01774920
('out:    ', '[0.875 ]')
('correct:', '[0     ]')
error:  0.38265000
('out:    ', '[0.092 ]')
('correct:', '[0     ]')
error:  0.00424441
('out:    ', '[0.639 ]')
('correct:', '[0     ]')
error:  0.20417645
('out:    ', '[0.943 ]')
('correct:', '[1     ]')
error:  0.00163965
('out:    ', '[0.281 ]')
('correct:', '[0     ]')
error:  0.03949003
('out:    ', '[0.749 ]')
('correct:', '[1     ]')
error:  0.03143400
('out:    ', '[0.933 ]')
('correct:', '[1     ]')
error:  0.00227234
('out:    ', '[0.931 ]')
('correct:', '[1     ]')
error:  0.00239830
('out:    ', '[0.925 ]')
('correct:', '[0     ]')
error:  0.42788012
('out:    ', '[0.537 ]')
('correct:', '[0     ]')
error:  0.14398772
('out:    ', '[0.772 ]')
('correct:', '[1     ]')
error:  0.02604172
('out:    ', '[0.526 ]')
('correct:', '[0     ]')
error:  0.13854341
('out:    ', '[0.885 ]')
('correct:', '[1     ]')
error:  0.00659751
('out:    ', '[0.961 ]')
('correct:', '[0     ]')
error:  0.46132661
('out:    ', '[0.69  ]')
('correct:', '[0     ]')
error:  0.23828762
('out:    ', '[0.472 ]')
('correct:', '[0     ]')
error:  0.11158610
('out:    ', '[0.945 ]')
('correct:', '[1     ]')
error:  0.00148550
('out:    ', '[0.195 ]')
('correct:', '[0     ]')
error:  0.01906836
('out:    ', '[0.994 ]')
('correct:', '[1     ]')
error:  0.00001800
('out:    ', '[0.559 ]')
('correct:', '[0     ]')
error:  0.15625748
('out:    ', '[0.644 ]')
('correct:', '[0     ]')
error:  0.20752827
('out:    ', '[0.872 ]')
('correct:', '[0     ]')
error:  0.38014025
('out:    ', '[0.943 ]')
('correct:', '[1     ]')
error:  0.00160943
('out:    ', '[0.52  ]')
('correct:', '[0     ]')
error:  0.13510623
('out:    ', '[0.778 ]')
('correct:', '[0     ]')
error:  0.30299262
('out:    ', '[0.807 ]')
('correct:', '[1     ]')
error:  0.01861057
('out:    ', '[0.635 ]')
('correct:', '[1     ]')
error:  0.06648166
('out:    ', '[0.927 ]')
('correct:', '[1     ]')
error:  0.00268154
('out:    ', '[0.547 ]')
('correct:', '[0     ]')
error:  0.14985896
('out:    ', '[0.879 ]')
('correct:', '[1     ]')
error:  0.00737101
('out:    ', '[0.342 ]')
('correct:', '[1     ]')
error:  0.21676967
('out:    ', '[0.806 ]')
('correct:', '[1     ]')
error:  0.01885401
('out:    ', '[0.516 ]')
('correct:', '[0     ]')
error:  0.13304776
('out:    ', '[0.2   ]')
('correct:', '[0     ]')
error:  0.01993541
('out:    ', '[0.803 ]')
('correct:', '[0     ]')
error:  0.32257421
('out:    ', '[0.719 ]')
('correct:', '[0     ]')
error:  0.25876268
('out:    ', '[0.16  ]')
('correct:', '[1     ]')
error:  0.35321665
('out:    ', '[0.855 ]')
('correct:', '[0     ]')
error:  0.36530649
('out:    ', '[0.675 ]')
('correct:', '[0     ]')
error:  0.22758259
('out:    ', '[0.594 ]')
('correct:', '[0     ]')
error:  0.17626473
('out:    ', '[0.732 ]')
('correct:', '[1     ]')
error:  0.03586138
('out:    ', '[0.901 ]')
('correct:', '[1     ]')
error:  0.00486021
('out:    ', '[0.866 ]')
('correct:', '[1     ]')
error:  0.00894849
('out:    ', '[0.666 ]')
('correct:', '[0     ]')
error:  0.22200567
('out:    ', '[0.748 ]')
('correct:', '[1     ]')
error:  0.03183439
('out:    ', '[0.682 ]')
('correct:', '[1     ]')
error:  0.05061820
('out:    ', '[0.992 ]')
('correct:', '[0     ]')
error:  0.49198677
('out:    ', '[0.837 ]')
('correct:', '[1     ]')
error:  0.01333189
('out:    ', '[0.766 ]')
('correct:', '[0     ]')
error:  0.29340239
('out:    ', '[0.158 ]')
('correct:', '[0     ]')
error:  0.01244381
('out:    ', '[0.899 ]')
('correct:', '[1     ]')
error:  0.00514772
('out:    ', '[0.929 ]')
('correct:', '[1     ]')
error:  0.00253442
('out:    ', '[0.894 ]')
('correct:', '[0     ]')
error:  0.40000500
('out:    ', '[0.204 ]')
('correct:', '[0     ]')
error:  0.02086095
('out:    ', '[0.653 ]')
('correct:', '[1     ]')
error:  0.06028137
('out:    ', '[0.378 ]')
('correct:', '[0     ]')
error:  0.07159801
('out:    ', '[0.472 ]')
('correct:', '[1     ]')
error:  0.13930006
('out:    ', '[0.93  ]')
('correct:', '[1     ]')
error:  0.00244579
('out:    ', '[0.988 ]')
('correct:', '[1     ]')
error:  0.00006998
('out:    ', '[0.58  ]')
('correct:', '[0     ]')
error:  0.16808093
('out:    ', '[0.703 ]')
('correct:', '[1     ]')
error:  0.04406195
('out:    ', '[0.788 ]')
('correct:', '[1     ]')
error:  0.02245609
('out:    ', '[0.602 ]')
('correct:', '[1     ]')
error:  0.07928102
('out:    ', '[0.722 ]')
('correct:', '[1     ]')
error:  0.03870363
('out:    ', '[0.691 ]')
('correct:', '[1     ]')
error:  0.04770397
('out:    ', '[0.878 ]')
('correct:', '[1     ]')
error:  0.00748861
('out:    ', '[0.931 ]')
('correct:', '[1     ]')
error:  0.00239127
('out:    ', '[0.936 ]')
('correct:', '[1     ]')
error:  0.00204201
('out:    ', '[0.642 ]')
('correct:', '[0     ]')
error:  0.20582254
('out:    ', '[0.871 ]')
('correct:', '[0     ]')
error:  0.37926065
('out:    ', '[0.993 ]')
('correct:', '[0     ]')
error:  0.49345713
('out:    ', '[0.948 ]')
('correct:', '[1     ]')
error:  0.00133389
('out:    ', '[0.944 ]')
('correct:', '[0     ]')
error:  0.44546358
('out:    ', '[0.942 ]')
('correct:', '[1     ]')
error:  0.00169805
('out:    ', '[0.868 ]')
('correct:', '[1     ]')
error:  0.00872542
('out:    ', '[0.742 ]')
('correct:', '[1     ]')
error:  0.03330675
('out:    ', '[0.753 ]')
('correct:', '[1     ]')
error:  0.03051026
('out:    ', '[0.931 ]')
('correct:', '[1     ]')
error:  0.00240415
('out:    ', '[0.574 ]')
('correct:', '[0     ]')
error:  0.16456928
('out:    ', '[0.721 ]')
('correct:', '[0     ]')
error:  0.25984226
('out:    ', '[0.796 ]')
('correct:', '[0     ]')
error:  0.31689509
('out:    ', '[0.563 ]')
('correct:', '[1     ]')
error:  0.09554569
('out:    ', '[0.782 ]')
('correct:', '[0     ]')
error:  0.30565904
('out:    ', '[0.356 ]')
('correct:', '[0     ]')
error:  0.06328985
('out:    ', '[0.868 ]')
('correct:', '[1     ]')
error:  0.00867625
('out:    ', '[0.911 ]')
('correct:', '[1     ]')
error:  0.00399975
('out:    ', '[0.985 ]')
('correct:', '[1     ]')
error:  0.00011586
('out:    ', '[0.854 ]')
('correct:', '[1     ]')
error:  0.01061337
('out:    ', '[0.888 ]')
('correct:', '[1     ]')
error:  0.00625420
('out:    ', '[0.844 ]')
('correct:', '[1     ]')
error:  0.01211937
('out:    ', '[0.781 ]')
('correct:', '[1     ]')
error:  0.02396764
('out:    ', '[0.289 ]')
('correct:', '[0     ]')
error:  0.04170496
('out:    ', '[0.992 ]')
('correct:', '[1     ]')
error:  0.00003336
('out:    ', '[0.282 ]')
('correct:', '[0     ]')
error:  0.03987315
('out:    ', '[0.818 ]')
('correct:', '[1     ]')
error:  0.01657097
('out:    ', '[0.661 ]')
('correct:', '[0     ]')
error:  0.21858317
('out:    ', '[0.941 ]')
('correct:', '[1     ]')
error:  0.00173942
('out:    ', '[0.901 ]')
('correct:', '[0     ]')
error:  0.40565849
('out:    ', '[0.311 ]')
('correct:', '[1     ]')
error:  0.23757238
('out:    ', '[0.118 ]')
('correct:', '[0     ]')
error:  0.00692261
('out:    ', '[0.943 ]')
('correct:', '[1     ]')
error:  0.00160145
('out:    ', '[0.443 ]')
('correct:', '[1     ]')
error:  0.15506989
('out:    ', '[0.913 ]')
('correct:', '[1     ]')
error:  0.00378429
('out:    ', '[0.898 ]')
('correct:', '[0     ]')
error:  0.40355203
('out:    ', '[0.615 ]')
('correct:', '[1     ]')
error:  0.07410191
('out:    ', '[0.933 ]')
('correct:', '[1     ]')
error:  0.00224363
('out:    ', '[0.598 ]')
('correct:', '[1     ]')
error:  0.08089874
('out:    ', '[0.791 ]')
('correct:', '[1     ]')
error:  0.02182806
('out:    ', '[0.965 ]')
('correct:', '[1     ]')
error:  0.00059593
('out:    ', '[0.303 ]')
('correct:', '[0     ]')
error:  0.04580657
('out:    ', '[0.83  ]')
('correct:', '[1     ]')
error:  0.01439767
('out:    ', '[0.938 ]')
('correct:', '[1     ]')
error:  0.00192233
('out:    ', '[0.737 ]')
('correct:', '[1     ]')
error:  0.03456687
('out:    ', '[0.8   ]')
('correct:', '[0     ]')
error:  0.31968437
('out:    ', '[0.191 ]')
('correct:', '[0     ]')
error:  0.01821883
('out:    ', '[0.957 ]')
('correct:', '[1     ]')
error:  0.00092137
('out:    ', '[0.954 ]')
('correct:', '[1     ]')
error:  0.00108063
('out:    ', '[0.663 ]')
('correct:', '[0     ]')
error:  0.21960899
('out:    ', '[0.649 ]')
('correct:', '[0     ]')
error:  0.21052770
('out:    ', '[0.66  ]')
('correct:', '[0     ]')
error:  0.21802861
('out:    ', '[0.788 ]')
('correct:', '[1     ]')
error:  0.02243052
('out:    ', '[0.928 ]')
('correct:', '[1     ]')
error:  0.00259868
('out:    ', '[0.699 ]')
('correct:', '[1     ]')
error:  0.04516546
('out:    ', '[0.92  ]')
('correct:', '[1     ]')
error:  0.00323209
('out:    ', '[0.681 ]')
('correct:', '[1     ]')
error:  0.05083837
('out:    ', '[0.261 ]')
('correct:', '[0     ]')
error:  0.03397552
('out:    ', '[0.538 ]')
('correct:', '[1     ]')
error:  0.10654673
('out:    ', '[0.268 ]')
('correct:', '[0     ]')
error:  0.03600971
('out:    ', '[0.879 ]')
('correct:', '[0     ]')
error:  0.38597840
('out:    ', '[0.688 ]')
('correct:', '[1     ]')
error:  0.04866110
('out:    ', '[0.717 ]')
('correct:', '[1     ]')
error:  0.04007554
('out:    ', '[0.646 ]')
('correct:', '[1     ]')
error:  0.06258969
('out:    ', '[0.979 ]')
('correct:', '[0     ]')
error:  0.47887677
('out:    ', '[0.368 ]')
('correct:', '[1     ]')
error:  0.19951996
('out:    ', '[0.697 ]')
('correct:', '[1     ]')
error:  0.04604813
('out:    ', '[0.628 ]')
('correct:', '[1     ]')
error:  0.06910158
('out:    ', '[0.77  ]')
('correct:', '[0     ]')
error:  0.29619538
('out:    ', '[0.916 ]')
('correct:', '[1     ]')
error:  0.00352783
('out:    ', '[0.921 ]')
('correct:', '[0     ]')
error:  0.42382407
('out:    ', '[0.376 ]')
('correct:', '[0     ]')
error:  0.07067589
('out:    ', '[0.824 ]')
('correct:', '[0     ]')
error:  0.33987451
('out:    ', '[0.769 ]')
('correct:', '[1     ]')
error:  0.02664855
('out:    ', '[0.821 ]')
('correct:', '[1     ]')
error:  0.01597543
('out:    ', '[0.349 ]')
('correct:', '[0     ]')
error:  0.06097896
('out:    ', '[0.852 ]')
('correct:', '[1     ]')
error:  0.01102036
('out:    ', '[0.906 ]')
('correct:', '[1     ]')
error:  0.00443733
('out:    ', '[0.1   ]')
('correct:', '[0     ]')
error:  0.00500537
('out:    ', '[0.763 ]')
('correct:', '[0     ]')
error:  0.29077061
('out:    ', '[0.577 ]')
('correct:', '[1     ]')
error:  0.08932024
('out:    ', '[0.834 ]')
('correct:', '[1     ]')
error:  0.01378819
('out:    ', '[0.754 ]')
('correct:', '[0     ]')
error:  0.28407236
('out:    ', '[0.959 ]')
('correct:', '[1     ]')
error:  0.00083023
('out:    ', '[0.44  ]')
('correct:', '[0     ]')
error:  0.09658132
('out:    ', '[0.895 ]')
('correct:', '[1     ]')
error:  0.00556393
('out:    ', '[0.686 ]')
('correct:', '[1     ]')
error:  0.04943276
('out:    ', '[0.932 ]')
('correct:', '[1     ]')
error:  0.00230990
('out:    ', '[0.95  ]')
('correct:', '[1     ]')
error:  0.00126892
('out:    ', '[0.794 ]')
('correct:', '[0     ]')
error:  0.31536083
('out:    ', '[0.962 ]')
('correct:', '[1     ]')
error:  0.00072212
('out:    ', '[0.724 ]')
('correct:', '[1     ]')
error:  0.03818054
('out:    ', '[0.699 ]')
('correct:', '[0     ]')
error:  0.24444670
('out:    ', '[0.607 ]')
('correct:', '[1     ]')
error:  0.07735087
('out:    ', '[0.77  ]')
('correct:', '[1     ]')
error:  0.02653930
('out:    ', '[0.83  ]')
('correct:', '[1     ]')
error:  0.01453150
('out:    ', '[0.82  ]')
('correct:', '[1     ]')
error:  0.01623315
('out:    ', '[0.929 ]')
('correct:', '[1     ]')
error:  0.00251066
('out:    ', '[0.615 ]')
('correct:', '[1     ]')
error:  0.07412756
('out:    ', '[0.714 ]')
('correct:', '[1     ]')
error:  0.04077006
('out:    ', '[0.986 ]')
('correct:', '[0     ]')
error:  0.48601863
('out:    ', '[0.361 ]')
('correct:', '[0     ]')
error:  0.06525936
('out:    ', '[0.596 ]')
('correct:', '[1     ]')
error:  0.08175482
('out:    ', '[0.898 ]')
('correct:', '[0     ]')
error:  0.40316207
('out:    ', '[0.445 ]')
('correct:', '[0     ]')
error:  0.09898039
('out:    ', '[0.796 ]')
('correct:', '[0     ]')
error:  0.31669043
('out:    ', '[0.429 ]')
('correct:', '[0     ]')
error:  0.09183916
('out:    ', '[0.903 ]')
('correct:', '[1     ]')
error:  0.00466028
('out:    ', '[0.897 ]')
('correct:', '[1     ]')
error:  0.00533915
('out:    ', '[0.817 ]')
('correct:', '[0     ]')
error:  0.33345469
('out:    ', '[0.635 ]')
('correct:', '[1     ]')
error:  0.06658508
('out:    ', '[0.475 ]')
('correct:', '[1     ]')
error:  0.13795476
('out:    ', '[0.888 ]')
('correct:', '[1     ]')
error:  0.00631280
('out:    ', '[0.854 ]')
('correct:', '[1     ]')
error:  0.01066720
('out:    ', '[0.931 ]')
('correct:', '[1     ]')
error:  0.00238222
('out:    ', '[0.669 ]')
('correct:', '[1     ]')
error:  0.05488781
('out:    ', '[0.652 ]')
('correct:', '[1     ]')
error:  0.06056214
('out:    ', '[0.261 ]')
('correct:', '[1     ]')
error:  0.27284475
('out:    ', '[0.932 ]')
('correct:', '[1     ]')
error:  0.00228200
('out:    ', '[0.908 ]')
('correct:', '[1     ]')
error:  0.00425393
('out:    ', '[0.29  ]')
('correct:', '[0     ]')
error:  0.04212584
('out:    ', '[0.926 ]')
('correct:', '[0     ]')
error:  0.42920107
('out:    ', '[0.797 ]')
('correct:', '[1     ]')
error:  0.02054391
('out:    ', '[0.981 ]')
('correct:', '[1     ]')
error:  0.00017433
('out:    ', '[0.916 ]')
('correct:', '[1     ]')
error:  0.00355292
('out:    ', '[0.803 ]')
('correct:', '[1     ]')
error:  0.01941374
('out:    ', '[0.47  ]')
('correct:', '[0     ]')
error:  0.11057405
('out:    ', '[0.933 ]')
('correct:', '[1     ]')
error:  0.00222926
('out:    ', '[0.936 ]')
('correct:', '[1     ]')
error:  0.00206613
('out:    ', '[0.151 ]')
('correct:', '[0     ]')
error:  0.01135043
('out:    ', '[0.893 ]')
('correct:', '[0     ]')
error:  0.39878201
('out:    ', '[0.656 ]')
('correct:', '[0     ]')
error:  0.21528172
('out:    ', '[0.413 ]')
('correct:', '[0     ]')
error:  0.08530904
('out:    ', '[0.639 ]')
('correct:', '[0     ]')
error:  0.20403555
('out:    ', '[0.972 ]')
('correct:', '[0     ]')
error:  0.47225313
('out:    ', '[0.879 ]')
('correct:', '[1     ]')
error:  0.00733399
('out:    ', '[0.769 ]')
('correct:', '[0     ]')
error:  0.29567266
('out:    ', '[0.148 ]')
('correct:', '[0     ]')
error:  0.01093660
('out:    ', '[0.945 ]')
('correct:', '[1     ]')
error:  0.00152253
('out:    ', '[0.451 ]')
('correct:', '[1     ]')
error:  0.15050468
('out:    ', '[0.931 ]')
('correct:', '[1     ]')
error:  0.00240857
('out:    ', '[0.921 ]')
('correct:', '[1     ]')
error:  0.00313658
('out:    ', '[0.813 ]')
('correct:', '[1     ]')
error:  0.01742816
('out:    ', '[0.392 ]')
('correct:', '[0     ]')
error:  0.07695128
('out:    ', '[0.792 ]')
('correct:', '[0     ]')
error:  0.31333742
('out:    ', '[0.685 ]')
('correct:', '[0     ]')
error:  0.23452235
('out:    ', '[0.364 ]')
('correct:', '[1     ]')
error:  0.20238705
('out:    ', '[0.544 ]')
('correct:', '[0     ]')
error:  0.14815902
('out:    ', '[0.879 ]')
('correct:', '[0     ]')
error:  0.38660081
('out:    ', '[0.832 ]')
('correct:', '[1     ]')
error:  0.01405974
('out:    ', '[0.649 ]')
('correct:', '[0     ]')
error:  0.21084035
('out:    ', '[0.666 ]')
('correct:', '[1     ]')
error:  0.05586623
('out:    ', '[0.675 ]')
('correct:', '[1     ]')
error:  0.05283542
('out:    ', '[0.928 ]')
('correct:', '[0     ]')
error:  0.43057511
('out:    ', '[0.456 ]')
('correct:', '[0     ]')
error:  0.10393422
('out:    ', '[0.929 ]')
('correct:', '[1     ]')
error:  0.00249041
('out:    ', '[0.914 ]')
('correct:', '[1     ]')
error:  0.00367356
('out:    ', '[0.85  ]')
('correct:', '[1     ]')
error:  0.01131624
('out:    ', '[0.429 ]')
('correct:', '[0     ]')
error:  0.09203001
('out:    ', '[0.383 ]')
('correct:', '[1     ]')
error:  0.19020979
('out:    ', '[0.286 ]')
('correct:', '[1     ]')
error:  0.25481382
('out:    ', '[0.959 ]')
('correct:', '[1     ]')
error:  0.00082279
('out:    ', '[0.943 ]')
('correct:', '[1     ]')
error:  0.00160127
('out:    ', '[0.664 ]')
('correct:', '[1     ]')
error:  0.05639162
('out:    ', '[0.618 ]')
('correct:', '[0     ]')
error:  0.19087466
('out:    ', '[0.43  ]')
('correct:', '[0     ]')
error:  0.09250413
('out:    ', '[0.158 ]')
('correct:', '[0     ]')
error:  0.01247989
('out:    ', '[0.397 ]')
('correct:', '[0     ]')
error:  0.07869221
('out:    ', '[0.756 ]')
('correct:', '[1     ]')
error:  0.02983984
('out:    ', '[0.621 ]')
('correct:', '[0     ]')
error:  0.19305209
('out:    ', '[0.899 ]')
('correct:', '[0     ]')
error:  0.40384177
('out:    ', '[0.928 ]')
('correct:', '[0     ]')
error:  0.43065914
('out:    ', '[0.499 ]')
('correct:', '[0     ]')
error:  0.12473367
('out:    ', '[0.684 ]')
('correct:', '[0     ]')
error:  0.23380010
('out:    ', '[0.655 ]')
('correct:', '[0     ]')
error:  0.21455137
('out:    ', '[0.275 ]')
('correct:', '[0     ]')
error:  0.03784337
('out:    ', '[0.908 ]')
('correct:', '[1     ]')
error:  0.00421089
('out:    ', '[0.105 ]')
('correct:', '[0     ]')
error:  0.00547048
('out:    ', '[0.087 ]')
('correct:', '[0     ]')
error:  0.00382576
('out:    ', '[0.691 ]')
('correct:', '[0     ]')
error:  0.23892300
('out:    ', '[0.89  ]')
('correct:', '[1     ]')
error:  0.00602910
('out:    ', '[0.851 ]')
('correct:', '[1     ]')
error:  0.01103265
('out:    ', '[0.725 ]')
('correct:', '[1     ]')
error:  0.03779812
('out:    ', '[0.957 ]')
('correct:', '[1     ]')
error:  0.00093079
('out:    ', '[0.397 ]')
('correct:', '[0     ]')
error:  0.07864018
('out:    ', '[0.9   ]')
('correct:', '[1     ]')
error:  0.00501143
('out:    ', '[0.872 ]')
('correct:', '[1     ]')
error:  0.00812994
('out:    ', '[0.996 ]')
('correct:', '[1     ]')
error:  0.00000627
('out:    ', '[0.931 ]')
('correct:', '[1     ]')
error:  0.00238013
('out:    ', '[0.665 ]')
('correct:', '[1     ]')
error:  0.05624612
('out:    ', '[0.879 ]')
('correct:', '[0     ]')
error:  0.38597830
('out:    ', '[0.746 ]')
('correct:', '[1     ]')
error:  0.03225180
('out:    ', '[0.808 ]')
('correct:', '[1     ]')
error:  0.01839591
('out:    ', '[0.952 ]')
('correct:', '[1     ]')
error:  0.00114581
('out:    ', '[0.15  ]')
('correct:', '[0     ]')
error:  0.01118722
('out:    ', '[0.161 ]')
('correct:', '[0     ]')
error:  0.01291369
('out:    ', '[0.687 ]')
('correct:', '[1     ]')
error:  0.04885795
('out:    ', '[0.603 ]')
('correct:', '[0     ]')
error:  0.18186845
('out:    ', '[0.928 ]')
('correct:', '[0     ]')
error:  0.43101154
('out:    ', '[0.666 ]')
('correct:', '[1     ]')
error:  0.05581246
('out:    ', '[0.998 ]')
('correct:', '[1     ]')
error:  0.00000281
('out:    ', '[0.629 ]')
('correct:', '[0     ]')
error:  0.19803533
('out:    ', '[0.902 ]')
('correct:', '[0     ]')
error:  0.40686491
('out:    ', '[0.226 ]')
('correct:', '[0     ]')
error:  0.02554766
('out:    ', '[0.955 ]')
('correct:', '[0     ]')
error:  0.45634930
('out:    ', '[0.219 ]')
('correct:', '[0     ]')
error:  0.02395541
('out:    ', '[0.682 ]')
('correct:', '[1     ]')
error:  0.05053340
('out:    ', '[0.509 ]')
('correct:', '[0     ]')
error:  0.12948070
('out:    ', '[0.785 ]')
('correct:', '[1     ]')
error:  0.02319934
('out:    ', '[0.138 ]')
('correct:', '[0     ]')
error:  0.00950134
('out:    ', '[0.356 ]')
('correct:', '[1     ]')
error:  0.20735497
('out:    ', '[0.886 ]')
('correct:', '[1     ]')
error:  0.00647224
('out:    ', '[0.926 ]')
('correct:', '[1     ]')
error:  0.00274171
('out:    ', '[0.564 ]')
('correct:', '[0     ]')
error:  0.15903240
('out:    ', '[0.443 ]')
('correct:', '[0     ]')
error:  0.09820465
('out:    ', '[0.927 ]')
('correct:', '[0     ]')
error:  0.42960800
('out:    ', '[0.943 ]')
('correct:', '[1     ]')
error:  0.00160503
('out:    ', '[0.91  ]')
('correct:', '[1     ]')
error:  0.00404410
('out:    ', '[0.108 ]')
('correct:', '[0     ]')
error:  0.00585095
('out:    ', '[0.912 ]')
('correct:', '[1     ]')
error:  0.00389776
('out:    ', '[0.615 ]')
('correct:', '[1     ]')
error:  0.07420626
('out:    ', '[0.629 ]')
('correct:', '[1     ]')
error:  0.06874110
('out:    ', '[0.671 ]')
('correct:', '[1     ]')
error:  0.05405465
('out:    ', '[0.682 ]')
('correct:', '[1     ]')
error:  0.05060156
('out:    ', '[0.918 ]')
('correct:', '[1     ]')
error:  0.00338062
('out:    ', '[0.853 ]')
('correct:', '[0     ]')
error:  0.36347727
('out:    ', '[0.848 ]')
('correct:', '[0     ]')
error:  0.35962773
('out:    ', '[0.826 ]')
('correct:', '[1     ]')
error:  0.01519837
('out:    ', '[0.208 ]')
('correct:', '[0     ]')
error:  0.02171541
('out:    ', '[0.135 ]')
('correct:', '[0     ]')
error:  0.00911191
('out:    ', '[0.942 ]')
('correct:', '[1     ]')
error:  0.00166192
('out:    ', '[0.896 ]')
('correct:', '[1     ]')
error:  0.00536178
('out:    ', '[0.868 ]')
('correct:', '[1     ]')
error:  0.00870382
('out:    ', '[0.907 ]')
('correct:', '[1     ]')
error:  0.00431213
('out:    ', '[0.613 ]')
('correct:', '[0     ]')
error:  0.18780675
('out:    ', '[0.745 ]')
('correct:', '[0     ]')
error:  0.27724335
('out:    ', '[0.839 ]')
('correct:', '[1     ]')
error:  0.01297166
('out:    ', '[0.214 ]')
('correct:', '[1     ]')
error:  0.30857302
('out:    ', '[0.111 ]')
('correct:', '[0     ]')
error:  0.00616365
('out:    ', '[0.899 ]')
('correct:', '[0     ]')
error:  0.40426896
('out:    ', '[0.93  ]')
('correct:', '[0     ]')
error:  0.43219767
('out:    ', '[0.307 ]')
('correct:', '[0     ]')
error:  0.04719312
('out:    ', '[0.889 ]')
('correct:', '[1     ]')
error:  0.00619929
('out:    ', '[0.914 ]')
('correct:', '[1     ]')
error:  0.00372008
('out:    ', '[0.671 ]')
('correct:', '[1     ]')
error:  0.05402968
('out:    ', '[0.95  ]')
('correct:', '[1     ]')
error:  0.00125112
('out:    ', '[0.495 ]')
('correct:', '[0     ]')
error:  0.12242467
('out:    ', '[0.878 ]')
('correct:', '[1     ]')
error:  0.00741330
('out:    ', '[0.69  ]')
('correct:', '[1     ]')
error:  0.04794825
('out:    ', '[0.948 ]')
('correct:', '[0     ]')
error:  0.44925007
('out:    ', '[0.936 ]')
('correct:', '[1     ]')
error:  0.00205460
('out:    ', '[0.83  ]')
('correct:', '[1     ]')
error:  0.01450279
('out:    ', '[0.472 ]')
('correct:', '[1     ]')
error:  0.13943963
('out:    ', '[0.814 ]')
('correct:', '[1     ]')
error:  0.01730102
('out:    ', '[0.626 ]')
('correct:', '[1     ]')
error:  0.06984846
('out:    ', '[0.866 ]')
('correct:', '[1     ]')
error:  0.00902363
('out:    ', '[0.82  ]')
('correct:', '[1     ]')
error:  0.01628283
('out:    ', '[0.279 ]')
('correct:', '[0     ]')
error:  0.03899468
('out:    ', '[0.974 ]')
('correct:', '[0     ]')
error:  0.47454800
('out:    ', '[0.929 ]')
('correct:', '[1     ]')
error:  0.00254487
('out:    ', '[0.788 ]')
('correct:', '[1     ]')
error:  0.02239744
('out:    ', '[0.796 ]')
('correct:', '[1     ]')
error:  0.02074691
('out:    ', '[0.831 ]')
('correct:', '[0     ]')
error:  0.34554654
('out:    ', '[0.354 ]')
('correct:', '[1     ]')
error:  0.20852543
('out:    ', '[0.951 ]')
('correct:', '[1     ]')
error:  0.00121560
('out:    ', '[0.803 ]')
('correct:', '[1     ]')
error:  0.01944481
('out:    ', '[0.87  ]')
('correct:', '[1     ]')
error:  0.00840198
('out:    ', '[0.831 ]')
('correct:', '[1     ]')
error:  0.01432864
('out:    ', '[0.992 ]')
('correct:', '[1     ]')
error:  0.00003229
('out:    ', '[0.736 ]')
('correct:', '[1     ]')
error:  0.03477683
('out:    ', '[0.85  ]')
('correct:', '[0     ]')
error:  0.36137873
('out:    ', '[0.997 ]')
('correct:', '[1     ]')
error:  0.00000386
('out:    ', '[0.514 ]')
('correct:', '[1     ]')
error:  0.11825666
('out:    ', '[0.802 ]')
('correct:', '[1     ]')
error:  0.01954056
('out:    ', '[0.32  ]')
('correct:', '[0     ]')
error:  0.05113676
('out:    ', '[0.236 ]')
('correct:', '[0     ]')
error:  0.02786232
('out:    ', '[0.371 ]')
('correct:', '[0     ]')
error:  0.06900411
('out:    ', '[0.111 ]')
('correct:', '[0     ]')
error:  0.00612589
('out:    ', '[0.449 ]')
('correct:', '[1     ]')
error:  0.15168399
('out:    ', '[0.793 ]')
('correct:', '[0     ]')
error:  0.31428766
('out:    ', '[0.942 ]')
('correct:', '[0     ]')
error:  0.44401264
('out:    ', '[0.167 ]')
('correct:', '[1     ]')
error:  0.34735234
('out:    ', '[0.779 ]')
('correct:', '[1     ]')
error:  0.02452566
('out:    ', '[0.166 ]')
('correct:', '[0     ]')
error:  0.01379727
('out:    ', '[0.538 ]')
('correct:', '[1     ]')
error:  0.10657867
('out:    ', '[0.663 ]')
('correct:', '[0     ]')
error:  0.22007918
('out:    ', '[0.704 ]')
('correct:', '[1     ]')
error:  0.04382514
('out:    ', '[0.912 ]')
('correct:', '[1     ]')
error:  0.00388279
('out:    ', '[0.93  ]')
('correct:', '[1     ]')
error:  0.00241681
('out:    ', '[0.965 ]')
('correct:', '[1     ]')
error:  0.00061724
('out:    ', '[0.113 ]')
('correct:', '[0     ]')
error:  0.00637947
('out:    ', '[0.495 ]')
('correct:', '[1     ]')
error:  0.12753860
('out:    ', '[0.305 ]')
('correct:', '[0     ]')
error:  0.04655426
('out:    ', '[0.916 ]')
('correct:', '[1     ]')
error:  0.00349616
('out:    ', '[0.46  ]')
('correct:', '[1     ]')
error:  0.14554875
('out:    ', '[0.554 ]')
('correct:', '[1     ]')
error:  0.09949958
('out:    ', '[0.405 ]')
('correct:', '[0     ]')
error:  0.08192073
('out:    ', '[0.753 ]')
('correct:', '[1     ]')
error:  0.03042703
('out:    ', '[0.652 ]')
('correct:', '[0     ]')
error:  0.21258845
('out:    ', '[0.573 ]')
('correct:', '[0     ]')
error:  0.16389868
('out:    ', '[0.414 ]')
('correct:', '[0     ]')
error:  0.08552132
('out:    ', '[0.93  ]')
('correct:', '[1     ]')
error:  0.00246541
('out:    ', '[0.726 ]')
('correct:', '[1     ]')
error:  0.03750122
('out:    ', '[0.811 ]')
('correct:', '[1     ]')
error:  0.01792880
('out:    ', '[0.828 ]')
('correct:', '[1     ]')
error:  0.01474066
('out:    ', '[0.164 ]')
('correct:', '[0     ]')
error:  0.01337141
('out:    ', '[0.182 ]')
('correct:', '[1     ]')
error:  0.33420370
('out:    ', '[0.539 ]')
('correct:', '[1     ]')
error:  0.10616173
('out:    ', '[0.597 ]')
('correct:', '[0     ]')
error:  0.17812629
('out:    ', '[0.422 ]')
('correct:', '[0     ]')
error:  0.08886021
('out:    ', '[0.28  ]')
('correct:', '[0     ]')
error:  0.03909949
('out:    ', '[0.51  ]')
('correct:', '[1     ]')
error:  0.11996878
('out:    ', '[0.638 ]')
('correct:', '[1     ]')
error:  0.06552612
('out:    ', '[0.979 ]')
('correct:', '[1     ]')
error:  0.00021114
('out:    ', '[0.853 ]')
('correct:', '[0     ]')
error:  0.36343971
('out:    ', '[0.556 ]')
('correct:', '[1     ]')
error:  0.09840720
('out:    ', '[0.786 ]')
('correct:', '[1     ]')
error:  0.02286067
('out:    ', '[0.947 ]')
('correct:', '[1     ]')
error:  0.00138809
('out:    ', '[0.649 ]')
('correct:', '[0     ]')
error:  0.21039512
('out:    ', '[0.906 ]')
('correct:', '[1     ]')
error:  0.00446304
('out:    ', '[0.935 ]')
('correct:', '[1     ]')
error:  0.00213515
('out:    ', '[0.943 ]')
('correct:', '[1     ]')
error:  0.00163029
('out:    ', '[0.944 ]')
('correct:', '[1     ]')
error:  0.00158482
('out:    ', '[0.932 ]')
('correct:', '[1     ]')
error:  0.00232687
('out:    ', '[0.634 ]')
('correct:', '[0     ]')
error:  0.20087694
('out:    ', '[0.99  ]')
('correct:', '[1     ]')
error:  0.00005438
('out:    ', '[0.888 ]')
('correct:', '[1     ]')
error:  0.00624934
('out:    ', '[0.924 ]')
('correct:', '[1     ]')
error:  0.00286366
('out:    ', '[0.829 ]')
('correct:', '[1     ]')
error:  0.01463419
('out:    ', '[0.691 ]')
('correct:', '[1     ]')
error:  0.04763505
('out:    ', '[0.658 ]')
('correct:', '[0     ]')
error:  0.21620546
('out:    ', '[0.898 ]')
('correct:', '[1     ]')
error:  0.00519695
('out:    ', '[0.407 ]')
('correct:', '[1     ]')
error:  0.17590975
('out:    ', '[0.932 ]')
('correct:', '[1     ]')
error:  0.00231918
('out:    ', '[0.549 ]')
('correct:', '[1     ]')
error:  0.10164933
('out:    ', '[0.834 ]')
('correct:', '[1     ]')
error:  0.01384804
('out:    ', '[0.743 ]')
('correct:', '[1     ]')
error:  0.03303949
('out:    ', '[0.995 ]')
('correct:', '[0     ]')
error:  0.49545358
('out:    ', '[0.932 ]')
('correct:', '[1     ]')
error:  0.00232892
('out:    ', '[0.932 ]')
('correct:', '[1     ]')
error:  0.00233511
('out:    ', '[0.899 ]')
('correct:', '[0     ]')
error:  0.40441650
('out:    ', '[0.996 ]')
('correct:', '[1     ]')
error:  0.00000623
('out:    ', '[0.477 ]')
('correct:', '[0     ]')
error:  0.11388634
('out:    ', '[0.878 ]')
('correct:', '[1     ]')
error:  0.00742545
('out:    ', '[0.846 ]')
('correct:', '[0     ]')
error:  0.35764453
('out:    ', '[0.566 ]')
('correct:', '[0     ]')
error:  0.16032018
('out:    ', '[0.873 ]')
('correct:', '[0     ]')
error:  0.38143560
('out:    ', '[0.717 ]')
('correct:', '[0     ]')
error:  0.25685416
('out:    ', '[0.754 ]')
('correct:', '[0     ]')
error:  0.28433718
('out:    ', '[0.42  ]')
('correct:', '[0     ]')
error:  0.08825840
('out:    ', '[0.143 ]')
('correct:', '[0     ]')
error:  0.01017755
('out:    ', '[0.804 ]')
('correct:', '[0     ]')
error:  0.32316533
('out:    ', '[0.886 ]')
('correct:', '[1     ]')
error:  0.00649775
('out:    ', '[0.84  ]')
('correct:', '[0     ]')
error:  0.35276155
('out:    ', '[0.745 ]')
('correct:', '[1     ]')
error:  0.03259286
('out:    ', '[0.792 ]')
('correct:', '[0     ]')
error:  0.31401213
('out:    ', '[0.536 ]')
('correct:', '[1     ]')
error:  0.10748076
('out:    ', '[0.541 ]')
('correct:', '[0     ]')
error:  0.14659535
('out:    ', '[0.699 ]')
('correct:', '[0     ]')
error:  0.24427908
('out:    ', '[0.716 ]')
('correct:', '[1     ]')
error:  0.04035360
('out:    ', '[0.407 ]')
('correct:', '[0     ]')
error:  0.08278741
('out:    ', '[0.886 ]')
('correct:', '[1     ]')
error:  0.00645568
('out:    ', '[0.995 ]')
('correct:', '[1     ]')
error:  0.00001302
('out:    ', '[0.875 ]')
('correct:', '[0     ]')
error:  0.38315863
('out:    ', '[0.732 ]')
('correct:', '[1     ]')
error:  0.03590585
('out:    ', '[0.938 ]')
('correct:', '[0     ]')
error:  0.44021635
('out:    ', '[0.748 ]')
('correct:', '[1     ]')
error:  0.03174661
('out:    ', '[0.836 ]')
('correct:', '[1     ]')
error:  0.01341447
('out:    ', '[0.828 ]')
('correct:', '[1     ]')
error:  0.01482053
('out:    ', '[0.617 ]')
('correct:', '[1     ]')
error:  0.07348579
('out:    ', '[0.921 ]')
('correct:', '[1     ]')
error:  0.00314577
('out:    ', '[0.71  ]')
('correct:', '[0     ]')
error:  0.25210697
('out:    ', '[0.799 ]')
('correct:', '[1     ]')
error:  0.02025752
('out:    ', '[0.754 ]')
('correct:', '[0     ]')
error:  0.28448554
('out:    ', '[0.727 ]')
('correct:', '[0     ]')
error:  0.26396996
('out:    ', '[0.931 ]')
('correct:', '[1     ]')
error:  0.00236412
('out:    ', '[0.493 ]')
('correct:', '[1     ]')
error:  0.12833812
('out:    ', '[0.931 ]')
('correct:', '[1     ]')
error:  0.00239047
('out:    ', '[0.954 ]')
('correct:', '[1     ]')
error:  0.00106420
('out:    ', '[0.887 ]')
('correct:', '[0     ]')
error:  0.39320685
('out:    ', '[0.191 ]')
('correct:', '[1     ]')
error:  0.32740557
('out:    ', '[0.204 ]')
('correct:', '[1     ]')
error:  0.31642017
('out:    ', '[0.932 ]')
('correct:', '[1     ]')
error:  0.00231324
('out:    ', '[0.672 ]')
('correct:', '[0     ]')
error:  0.22587394
('out:    ', '[0.259 ]')
('correct:', '[0     ]')
error:  0.03363453
('out:    ', '[0.37  ]')
('correct:', '[0     ]')
error:  0.06845203
('out:    ', '[0.802 ]')
('correct:', '[1     ]')
error:  0.01954662
('out:    ', '[0.831 ]')
('correct:', '[1     ]')
error:  0.01428254
('out:    ', '[0.814 ]')
('correct:', '[1     ]')
error:  0.01737614
('out:    ', '[0.828 ]')
('correct:', '[0     ]')
error:  0.34280518
('out:    ', '[0.944 ]')
('correct:', '[0     ]')
error:  0.44539675
('out:    ', '[0.083 ]')
('correct:', '[0     ]')
error:  0.00343831
('out:    ', '[0.956 ]')
('correct:', '[0     ]')
error:  0.45653865
('out:    ', '[0.903 ]')
('correct:', '[1     ]')
error:  0.00466490
('out:    ', '[0.168 ]')
('correct:', '[0     ]')
error:  0.01403124
('out:    ', '[0.691 ]')
('correct:', '[0     ]')
error:  0.23851223
('out:    ', '[0.83  ]')
('correct:', '[1     ]')
error:  0.01448579
('out:    ', '[0.892 ]')
('correct:', '[1     ]')
error:  0.00577981
('out:    ', '[0.82  ]')
('correct:', '[1     ]')
error:  0.01624741
('out:    ', '[0.854 ]')
('correct:', '[1     ]')
error:  0.01059213
('out:    ', '[0.931 ]')
('correct:', '[1     ]')
error:  0.00240100
('out:    ', '[0.931 ]')
('correct:', '[0     ]')
error:  0.43292025
('out:    ', '[0.608 ]')
('correct:', '[1     ]')
error:  0.07692339
('out:    ', '[0.42  ]')
('correct:', '[1     ]')
error:  0.16813458
('out:    ', '[0.5   ]')
('correct:', '[0     ]')
error:  0.12485015
('out:    ', '[0.668 ]')
('correct:', '[1     ]')
error:  0.05515863
('out:    ', '[0.922 ]')
('correct:', '[1     ]')
error:  0.00307659
('out:    ', '[0.406 ]')
('correct:', '[0     ]')
error:  0.08226938
('out:    ', '[0.58  ]')
('correct:', '[1     ]')
error:  0.08819214
('out:    ', '[0.448 ]')
('correct:', '[1     ]')
error:  0.15218346
('out:    ', '[0.375 ]')
('correct:', '[1     ]')
error:  0.19554297
('out:    ', '[0.721 ]')
('correct:', '[1     ]')
error:  0.03887147
('out:    ', '[0.121 ]')
('correct:', '[0     ]')
error:  0.00735782
('out:    ', '[0.888 ]')
('correct:', '[1     ]')
error:  0.00627802
('out:    ', '[0.903 ]')
('correct:', '[1     ]')
error:  0.00466491
('out:    ', '[0.451 ]')
('correct:', '[1     ]')
error:  0.15085187
('out:    ', '[0.909 ]')
('correct:', '[1     ]')
error:  0.00417549
('out:    ', '[0.314 ]')
('correct:', '[1     ]')
error:  0.23504268
('out:    ', '[0.848 ]')
('correct:', '[0     ]')
error:  0.35954050
('out:    ', '[0.153 ]')
('correct:', '[0     ]')
error:  0.01177105
('out:    ', '[0.948 ]')
('correct:', '[1     ]')
error:  0.00133391
('out:    ', '[0.7   ]')
('correct:', '[1     ]')
error:  0.04494067
('out:    ', '[0.776 ]')
('correct:', '[1     ]')
error:  0.02499367
('out:    ', '[0.539 ]')
('correct:', '[1     ]')
error:  0.10613302
('out:    ', '[0.56  ]')
('correct:', '[0     ]')
error:  0.15705042
('out:    ', '[0.267 ]')
('correct:', '[0     ]')
error:  0.03574738
('out:    ', '[0.849 ]')
('correct:', '[1     ]')
error:  0.01139124
('out:    ', '[0.156 ]')
('correct:', '[1     ]')
error:  0.35588644
('out:    ', '[0.982 ]')
('correct:', '[0     ]')
error:  0.48212819
('out:    ', '[0.418 ]')
('correct:', '[0     ]')
error:  0.08737972
('out:    ', '[0.932 ]')
('correct:', '[1     ]')
error:  0.00232024
('out:    ', '[0.934 ]')
('correct:', '[1     ]')
error:  0.00220210
('out:    ', '[0.804 ]')
('correct:', '[1     ]')
error:  0.01921216
('out:    ', '[0.931 ]')
('correct:', '[1     ]')
error:  0.00241048
('out:    ', '[0.856 ]')
('correct:', '[1     ]')
error:  0.01035644
('out:    ', '[0.936 ]')
('correct:', '[0     ]')
error:  0.43759028
('out:    ', '[0.95  ]')
('correct:', '[1     ]')
error:  0.00123202
('out:    ', '[0.687 ]')
('correct:', '[0     ]')
error:  0.23613605
('out:    ', '[0.398 ]')
('correct:', '[0     ]')
error:  0.07925292
('out:    ', '[0.845 ]')
('correct:', '[0     ]')
error:  0.35694921
('out:    ', '[0.93  ]')
('correct:', '[1     ]')
error:  0.00243246
('out:    ', '[0.851 ]')
('correct:', '[0     ]')
error:  0.36193424
('out:    ', '[0.679 ]')
('correct:', '[0     ]')
error:  0.23065743
('out:    ', '[0.541 ]')
('correct:', '[0     ]')
error:  0.14617606
('out:    ', '[0.873 ]')
('correct:', '[1     ]')
error:  0.00800425
('out:    ', '[0.931 ]')
('correct:', '[1     ]')
error:  0.00238442
('out:    ', '[0.346 ]')
('correct:', '[1     ]')
error:  0.21408520
('out:    ', '[0.781 ]')
('correct:', '[0     ]')
error:  0.30494062
('out:    ', '[0.193 ]')
('correct:', '[0     ]')
error:  0.01864018
('out:    ', '[0.423 ]')
('correct:', '[0     ]')
error:  0.08966297
('out:    ', '[0.61  ]')
('correct:', '[0     ]')
error:  0.18607527
('out:    ', '[0.644 ]')
('correct:', '[0     ]')
error:  0.20732332
('out:    ', '[0.483 ]')
('correct:', '[0     ]')
error:  0.11657840
('out:    ', '[0.551 ]')
('correct:', '[0     ]')
error:  0.15206466
('out:    ', '[0.749 ]')
('correct:', '[0     ]')
error:  0.28012836
('out:    ', '[0.942 ]')
('correct:', '[0     ]')
error:  0.44345966
('out:    ', '[0.643 ]')
('correct:', '[1     ]')
error:  0.06361950
('out:    ', '[0.958 ]')
('correct:', '[1     ]')
error:  0.00088482
('out:    ', '[0.592 ]')
('correct:', '[1     ]')
error:  0.08328144
('out:    ', '[0.94  ]')
('correct:', '[1     ]')
error:  0.00182033
('out:    ', '[0.576 ]')
('correct:', '[1     ]')
error:  0.08989588
('out:    ', '[0.686 ]')
('correct:', '[0     ]')
error:  0.23497911
('out:    ', '[0.524 ]')
('correct:', '[0     ]')
error:  0.13723100
('out:    ', '[0.604 ]')
('correct:', '[0     ]')
error:  0.18221952
('out:    ', '[0.645 ]')
('correct:', '[0     ]')
error:  0.20806684
('out:    ', '[0.69  ]')
('correct:', '[1     ]')
error:  0.04819843
('out:    ', '[0.593 ]')
('correct:', '[0     ]')
error:  0.17600554
('out:    ', '[0.749 ]')
('correct:', '[1     ]')
error:  0.03142674
('out:    ', '[0.14  ]')
('correct:', '[0     ]')
error:  0.00981704
('out:    ', '[0.857 ]')
('correct:', '[1     ]')
error:  0.01020982
('out:    ', '[0.687 ]')
('correct:', '[1     ]')
error:  0.04894555
('out:    ', '[0.301 ]')
('correct:', '[1     ]')
error:  0.24423143
('out:    ', '[0.666 ]')
('correct:', '[0     ]')
error:  0.22185526
('out:    ', '[0.924 ]')
('correct:', '[1     ]')
error:  0.00291055
('out:    ', '[0.599 ]')
('correct:', '[0     ]')
error:  0.17935662
('out:    ', '[0.403 ]')
('correct:', '[1     ]')
error:  0.17807041
('out:    ', '[0.161 ]')
('correct:', '[1     ]')
error:  0.35213598
('out:    ', '[0.499 ]')
('correct:', '[1     ]')
error:  0.12563253
('out:    ', '[0.587 ]')
('correct:', '[1     ]')
error:  0.08535837
('out:    ', '[0.872 ]')
('correct:', '[1     ]')
error:  0.00815856
('out:    ', '[0.88  ]')
('correct:', '[1     ]')
error:  0.00716155
('out:    ', '[0.84  ]')
('correct:', '[0     ]')
error:  0.35316943
('out:    ', '[0.615 ]')
('correct:', '[0     ]')
error:  0.18924768
('out:    ', '[0.699 ]')
('correct:', '[1     ]')
error:  0.04515614
('out:    ', '[0.908 ]')
('correct:', '[1     ]')
error:  0.00423544
('out:    ', '[0.922 ]')
('correct:', '[1     ]')
error:  0.00307710
('out:    ', '[0.958 ]')
('correct:', '[1     ]')
error:  0.00087778
('out:    ', '[0.911 ]')
('correct:', '[1     ]')
error:  0.00396726
('out:    ', '[0.516 ]')
('correct:', '[0     ]')
error:  0.13317310
('out:    ', '[0.622 ]')
('correct:', '[1     ]')
error:  0.07128251
('out:    ', '[0.962 ]')
('correct:', '[1     ]')
error:  0.00072703
('out:    ', '[0.901 ]')
('correct:', '[1     ]')
error:  0.00488225
('out:    ', '[0.844 ]')
('correct:', '[1     ]')
error:  0.01219898
('out:    ', '[0.817 ]')
('correct:', '[0     ]')
error:  0.33370218
('out:    ', '[0.84  ]')
('correct:', '[0     ]')
error:  0.35320260
('out:    ', '[0.303 ]')
('correct:', '[1     ]')
error:  0.24275338
('out:    ', '[0.945 ]')
('correct:', '[0     ]')
error:  0.44616365
('out:    ', '[0.266 ]')
('correct:', '[1     ]')
error:  0.26928352
('out:    ', '[0.298 ]')
('correct:', '[0     ]')
error:  0.04450103
('out:    ', '[0.928 ]')
('correct:', '[1     ]')
error:  0.00257843
('out:    ', '[0.871 ]')
('correct:', '[1     ]')
error:  0.00836209
('out:    ', '[0.927 ]')
('correct:', '[1     ]')
error:  0.00268226
('out:    ', '[0.515 ]')
('correct:', '[0     ]')
error:  0.13252037
('out:    ', '[0.726 ]')
('correct:', '[0     ]')
error:  0.26321556
('out:    ', '[0.568 ]')
('correct:', '[1     ]')
error:  0.09327532
('out:    ', '[0.189 ]')
('correct:', '[1     ]')
error:  0.32864193
('out:    ', '[0.906 ]')
('correct:', '[0     ]')
error:  0.41077397
('out:    ', '[0.443 ]')
('correct:', '[0     ]')
error:  0.09829655
('out:    ', '[0.816 ]')
('correct:', '[0     ]')
error:  0.33277378
('out:    ', '[0.557 ]')
('correct:', '[0     ]')
error:  0.15533437
('out:    ', '[0.801 ]')
('correct:', '[0     ]')
error:  0.32043437
('out:    ', '[0.706 ]')
('correct:', '[1     ]')
error:  0.04323208
('out:    ', '[0.886 ]')
('correct:', '[1     ]')
error:  0.00654430
('out:    ', '[0.516 ]')
('correct:', '[0     ]')
error:  0.13316860
('out:    ', '[0.194 ]')
('correct:', '[0     ]')
error:  0.01873961
('out:    ', '[0.767 ]')
('correct:', '[1     ]')
error:  0.02715022
('out:    ', '[0.802 ]')
('correct:', '[1     ]')
error:  0.01967320
('out:    ', '[0.456 ]')
('correct:', '[0     ]')
error:  0.10380128
('out:    ', '[0.348 ]')
('correct:', '[0     ]')
error:  0.06065665
('out:    ', '[0.833 ]')
('correct:', '[0     ]')
error:  0.34661898
('out:    ', '[0.718 ]')
('correct:', '[1     ]')
error:  0.03988194
('out:    ', '[0.749 ]')
('correct:', '[1     ]')
error:  0.03153890
('out:    ', '[0.665 ]')
('correct:', '[0     ]')
error:  0.22078941
('out:    ', '[0.77  ]')
('correct:', '[1     ]')
error:  0.02635189
('out:    ', '[0.338 ]')
('correct:', '[0     ]')
error:  0.05704274
('out:    ', '[0.906 ]')
('correct:', '[1     ]')
error:  0.00442987
('out:    ', '[0.928 ]')
('correct:', '[1     ]')
error:  0.00260457
('out:    ', '[0.67  ]')
('correct:', '[1     ]')
error:  0.05456651
('out:    ', '[0.431 ]')
('correct:', '[0     ]')
error:  0.09271442
('out:    ', '[0.965 ]')
('correct:', '[1     ]')
error:  0.00059997
('out:    ', '[0.55  ]')
('correct:', '[1     ]')
error:  0.10108268
('out:    ', '[0.425 ]')
('correct:', '[0     ]')
error:  0.09019312
('out:    ', '[0.938 ]')
('correct:', '[1     ]')
error:  0.00194569
('out:    ', '[0.754 ]')
('correct:', '[1     ]')
error:  0.03026171
('out:    ', '[0.931 ]')
('correct:', '[1     ]')
error:  0.00239758
('out:    ', '[0.988 ]')
('correct:', '[0     ]')
error:  0.48784582
('out:    ', '[0.332 ]')
('correct:', '[0     ]')
error:  0.05511792
('out:    ', '[0.894 ]')
('correct:', '[0     ]')
error:  0.39944757
('out:    ', '[0.583 ]')
('correct:', '[0     ]')
error:  0.16996224
('out:    ', '[0.608 ]')
('correct:', '[1     ]')
error:  0.07698875
('out:    ', '[0.381 ]')
('correct:', '[0     ]')
error:  0.07239599
('out:    ', '[0.869 ]')
('correct:', '[1     ]')
error:  0.00856067
('out:    ', '[0.656 ]')
('correct:', '[0     ]')
error:  0.21549546
('out:    ', '[0.174 ]')
('correct:', '[0     ]')
error:  0.01521497
('out:    ', '[0.831 ]')
('correct:', '[0     ]')
error:  0.34551888
('out:    ', '[0.968 ]')
('correct:', '[1     ]')
error:  0.00050198
('out:    ', '[0.835 ]')
('correct:', '[1     ]')
error:  0.01353443
('out:    ', '[0.993 ]')
('correct:', '[1     ]')
error:  0.00002416
('out:    ', '[0.754 ]')
('correct:', '[0     ]')
error:  0.28430238
('out:    ', '[0.426 ]')
('correct:', '[1     ]')
error:  0.16453358
('out:    ', '[0.83  ]')
('correct:', '[1     ]')
error:  0.01448316
('out:    ', '[0.927 ]')
('correct:', '[1     ]')
error:  0.00268456
('out:    ', '[0.685 ]')
('correct:', '[1     ]')
error:  0.04956791
('out:    ', '[0.19  ]')
('correct:', '[0     ]')
error:  0.01808870
('out:    ', '[0.787 ]')
('correct:', '[1     ]')
error:  0.02267284
('out:    ', '[0.745 ]')
('correct:', '[1     ]')
error:  0.03244611
('out:    ', '[0.85  ]')
('correct:', '[1     ]')
error:  0.01120992
('out:    ', '[0.864 ]')
('correct:', '[0     ]')
error:  0.37302004
('out:    ', '[0.75  ]')
('correct:', '[1     ]')
error:  0.03133890
('out:    ', '[0.254 ]')
('correct:', '[1     ]')
error:  0.27848353
('out:    ', '[0.597 ]')
('correct:', '[1     ]')
error:  0.08107069
('out:    ', '[0.931 ]')
('correct:', '[1     ]')
error:  0.00236552
('out:    ', '[0.188 ]')
('correct:', '[0     ]')
error:  0.01763174
('out:    ', '[0.585 ]')
('correct:', '[0     ]')
error:  0.17102607
('out:    ', '[0.774 ]')
('correct:', '[1     ]')
error:  0.02559662
('out:    ', '[0.818 ]')
('correct:', '[0     ]')
error:  0.33457681
('out:    ', '[0.841 ]')
('correct:', '[0     ]')
error:  0.35371378
('out:    ', '[0.894 ]')
('correct:', '[1     ]')
error:  0.00556521
('out:    ', '[0.851 ]')
('correct:', '[1     ]')
error:  0.01110341
('out:    ', '[0.456 ]')
('correct:', '[0     ]')
error:  0.10416931
('out:    ', '[0.637 ]')
('correct:', '[0     ]')
error:  0.20309040
('out:    ', '[0.931 ]')
('correct:', '[1     ]')
error:  0.00238621
('out:    ', '[0.76  ]')
('correct:', '[1     ]')
error:  0.02873255
('out:    ', '[0.963 ]')
('correct:', '[1     ]')
error:  0.00069429
('out:    ', '[0.941 ]')
('correct:', '[1     ]')
error:  0.00171573
('out:    ', '[0.526 ]')
('correct:', '[1     ]')
error:  0.11241344
('out:    ', '[0.274 ]')
('correct:', '[0     ]')
error:  0.03761979
('out:    ', '[0.42  ]')
('correct:', '[0     ]')
error:  0.08826143
('out:    ', '[0.825 ]')
('correct:', '[0     ]')
error:  0.34001079
('out:    ', '[0.426 ]')
('correct:', '[0     ]')
error:  0.09077074
('out:    ', '[0.114 ]')
('correct:', '[0     ]')
error:  0.00647271
('out:    ', '[0.83  ]')
('correct:', '[0     ]')
error:  0.34471269
('out:    ', '[0.961 ]')
('correct:', '[1     ]')
error:  0.00077633
('out:    ', '[0.976 ]')
('correct:', '[1     ]')
error:  0.00028051
('out:    ', '[0.907 ]')
('correct:', '[1     ]')
error:  0.00430796
('out:    ', '[0.604 ]')
('correct:', '[1     ]')
error:  0.07826125
('out:    ', '[0.619 ]')
('correct:', '[1     ]')
error:  0.07246466
('out:    ', '[0.943 ]')
('correct:', '[1     ]')
error:  0.00161117
('out:    ', '[0.829 ]')
('correct:', '[0     ]')
error:  0.34378620
('out:    ', '[0.264 ]')
('correct:', '[0     ]')
error:  0.03492297
('out:    ', '[0.941 ]')
('correct:', '[1     ]')
error:  0.00171869
('out:    ', '[0.815 ]')
('correct:', '[1     ]')
error:  0.01706127
('out:    ', '[0.961 ]')
('correct:', '[1     ]')
error:  0.00075487
('out:    ', '[0.678 ]')
('correct:', '[0     ]')
error:  0.23014341
('out:    ', '[0.54  ]')
('correct:', '[1     ]')
error:  0.10579507
('out:    ', '[0.892 ]')
('correct:', '[1     ]')
error:  0.00584948
('out:    ', '[0.718 ]')
('correct:', '[0     ]')
error:  0.25748159
('out:    ', '[0.188 ]')
('correct:', '[0     ]')
error:  0.01759287
('out:    ', '[0.274 ]')
('correct:', '[1     ]')
error:  0.26375324
('out:    ', '[0.718 ]')
('correct:', '[0     ]')
error:  0.25748238
('out:    ', '[0.622 ]')
('correct:', '[0     ]')
error:  0.19317655
('out:    ', '[0.772 ]')
('correct:', '[0     ]')
error:  0.29813320
('out:    ', '[0.791 ]')
('correct:', '[0     ]')
error:  0.31281821
('out:    ', '[0.8   ]')
('correct:', '[1     ]')
error:  0.02009889
('out:    ', '[0.705 ]')
('correct:', '[1     ]')
error:  0.04356282
('out:    ', '[0.193 ]')
('correct:', '[0     ]')
error:  0.01856341
('out:    ', '[0.652 ]')
('correct:', '[1     ]')
error:  0.06048418
('out:    ', '[0.903 ]')
('correct:', '[0     ]')
error:  0.40782968
('out:    ', '[0.527 ]')
('correct:', '[1     ]')
error:  0.11170894
('out:    ', '[0.543 ]')
('correct:', '[1     ]')
error:  0.10436471
('out:    ', '[0.988 ]')
('correct:', '[1     ]')
error:  0.00006988
('out:    ', '[0.231 ]')
('correct:', '[0     ]')
error:  0.02678233
('out:    ', '[0.74  ]')
('correct:', '[0     ]')
error:  0.27390303
('out:    ', '[0.775 ]')
('correct:', '[1     ]')
error:  0.02528993
('out:    ', '[0.589 ]')
('correct:', '[0     ]')
error:  0.17335366
('out:    ', '[0.149 ]')
('correct:', '[0     ]')
error:  0.01109484
('out:    ', '[0.609 ]')
('correct:', '[0     ]')
error:  0.18529080
('out:    ', '[0.175 ]')
('correct:', '[0     ]')
error:  0.01531461
('out:    ', '[0.756 ]')
('correct:', '[0     ]')
error:  0.28595423
('out:    ', '[0.758 ]')
('correct:', '[0     ]')
error:  0.28761413
('out:    ', '[0.815 ]')
('correct:', '[1     ]')
error:  0.01703148
('out:    ', '[0.797 ]')
('correct:', '[1     ]')
error:  0.02061244
('out:    ', '[0.791 ]')
('correct:', '[0     ]')
error:  0.31319444
('out:    ', '[0.936 ]')
('correct:', '[1     ]')
error:  0.00205444
('out:    ', '[0.693 ]')
('correct:', '[0     ]')
error:  0.24004450
('out:    ', '[0.183 ]')
('correct:', '[1     ]')
error:  0.33345746
('out:    ', '[0.921 ]')
('correct:', '[0     ]')
error:  0.42440931
('out:    ', '[0.11  ]')
('correct:', '[0     ]')
error:  0.00600480
('out:    ', '[0.909 ]')
('correct:', '[1     ]')
error:  0.00411836
('out:    ', '[0.622 ]')
('correct:', '[1     ]')
error:  0.07134992
('out:    ', '[0.543 ]')
('correct:', '[0     ]')
error:  0.14727801
('out:    ', '[0.941 ]')
('correct:', '[1     ]')
error:  0.00174305
('out:    ', '[0.939 ]')
('correct:', '[1     ]')
error:  0.00184883
('out:    ', '[0.873 ]')
('correct:', '[1     ]')
error:  0.00811545
('out:    ', '[0.933 ]')
('correct:', '[1     ]')
error:  0.00226993
('out:    ', '[0.379 ]')
('correct:', '[1     ]')
error:  0.19251091
('out:    ', '[0.798 ]')
('correct:', '[0     ]')
error:  0.31840543
('out:    ', '[0.805 ]')
('correct:', '[1     ]')
error:  0.01910461
('out:    ', '[0.8   ]')
('correct:', '[0     ]')
error:  0.32009718
('out:    ', '[0.34  ]')
('correct:', '[1     ]')
error:  0.21772709
('out:    ', '[0.896 ]')
('correct:', '[1     ]')
error:  0.00543098
('out:    ', '[0.257 ]')
('correct:', '[1     ]')
error:  0.27587659
('out:    ', '[0.715 ]')
('correct:', '[1     ]')
error:  0.04050557
('out:    ', '[0.849 ]')
('correct:', '[1     ]')
error:  0.01141417
('out:    ', '[0.923 ]')
('correct:', '[1     ]')
error:  0.00294289
('out:    ', '[0.436 ]')
('correct:', '[0     ]')
error:  0.09524824
('out:    ', '[0.439 ]')
('correct:', '[1     ]')
error:  0.15708106
('out:    ', '[0.408 ]')
('correct:', '[0     ]')
error:  0.08327610
('out:    ', '[0.73  ]')
('correct:', '[1     ]')
error:  0.03646344
('out:    ', '[0.908 ]')
('correct:', '[0     ]')
error:  0.41200337
('out:    ', '[0.653 ]')
('correct:', '[1     ]')
error:  0.06017648
('out:    ', '[0.937 ]')
('correct:', '[1     ]')
error:  0.00199347
('out:    ', '[0.987 ]')
('correct:', '[1     ]')
error:  0.00008422
('out:    ', '[0.661 ]')
('correct:', '[1     ]')
error:  0.05753741
('out:    ', '[0.699 ]')
('correct:', '[1     ]')
error:  0.04515400
('out:    ', '[0.853 ]')
('correct:', '[0     ]')
error:  0.36389285
('out:    ', '[0.347 ]')
('correct:', '[0     ]')
error:  0.06016991
('out:    ', '[0.723 ]')
('correct:', '[0     ]')
error:  0.26158467
('out:    ', '[0.968 ]')
('correct:', '[1     ]')
error:  0.00050896
('out:    ', '[0.641 ]')
('correct:', '[0     ]')
error:  0.20515105
('out:    ', '[0.896 ]')
('correct:', '[1     ]')
error:  0.00536107
('out:    ', '[0.994 ]')
('correct:', '[1     ]')
error:  0.00001602
('out:    ', '[0.982 ]')
('correct:', '[1     ]')
error:  0.00017060
('out:    ', '[0.794 ]')
('correct:', '[0     ]')
error:  0.31555916
('out:    ', '[0.754 ]')
('correct:', '[1     ]')
error:  0.03015309
('out:    ', '[0.961 ]')
('correct:', '[1     ]')
error:  0.00076552
('out:    ', '[0.922 ]')
('correct:', '[0     ]')
error:  0.42472997
('out:    ', '[0.354 ]')
('correct:', '[0     ]')
error:  0.06267189
('out:    ', '[0.505 ]')
('correct:', '[0     ]')
error:  0.12752835
('out:    ', '[0.951 ]')
('correct:', '[1     ]')
error:  0.00117958
('out:    ', '[0.964 ]')
('correct:', '[1     ]')
error:  0.00066032
('out:    ', '[0.241 ]')
('correct:', '[1     ]')
error:  0.28798805
('out:    ', '[0.914 ]')
('correct:', '[1     ]')
error:  0.00371448
('out:    ', '[0.338 ]')
('correct:', '[0     ]')
error:  0.05725820
('out:    ', '[0.553 ]')
('correct:', '[1     ]')
error:  0.10010324
('out:    ', '[0.887 ]')
('correct:', '[1     ]')
error:  0.00633090
('out:    ', '[0.882 ]')
('correct:', '[1     ]')
error:  0.00701073
('out:    ', '[0.965 ]')
('correct:', '[1     ]')
error:  0.00059761
('out:    ', '[0.626 ]')
('correct:', '[1     ]')
error:  0.06993747
('out:    ', '[0.416 ]')
('correct:', '[0     ]')
error:  0.08647385
('out:    ', '[0.825 ]')
('correct:', '[0     ]')
error:  0.34029491
('out:    ', '[0.568 ]')
('correct:', '[1     ]')
error:  0.09333345
('out:    ', '[0.694 ]')
('correct:', '[1     ]')
error:  0.04694795
('out:    ', '[0.74  ]')
('correct:', '[1     ]')
error:  0.03374449
('out:    ', '[0.994 ]')
('correct:', '[1     ]')
error:  0.00002092
('out:    ', '[0.273 ]')
('correct:', '[1     ]')
error:  0.26415398
('out:    ', '[0.9   ]')
('correct:', '[0     ]')
error:  0.40483406
('out:    ', '[0.877 ]')
('correct:', '[1     ]')
error:  0.00754867
('out:    ', '[0.659 ]')
('correct:', '[1     ]')
error:  0.05813393
('out:    ', '[0.595 ]')
('correct:', '[0     ]')
error:  0.17694870
('out:    ', '[0.991 ]')
('correct:', '[1     ]')
error:  0.00004143
('out:    ', '[0.52  ]')
('correct:', '[1     ]')
error:  0.11523690
('out:    ', '[0.835 ]')
('correct:', '[1     ]')
error:  0.01363669
('out:    ', '[0.758 ]')
('correct:', '[1     ]')
error:  0.02928284
('out:    ', '[0.687 ]')
('correct:', '[1     ]')
error:  0.04908523
('out:    ', '[0.923 ]')
('correct:', '[1     ]')
error:  0.00294761
('out:    ', '[0.578 ]')
('correct:', '[0     ]')
error:  0.16727987
('out:    ', '[0.947 ]')
('correct:', '[0     ]')
error:  0.44806526
('out:    ', '[0.497 ]')
('correct:', '[0     ]')
error:  0.12370932
('out:    ', '[0.752 ]')
('correct:', '[0     ]')
error:  0.28282339
('out:    ', '[0.758 ]')
('correct:', '[0     ]')
error:  0.28755364
('out:    ', '[0.724 ]')
('correct:', '[0     ]')
error:  0.26189403
('out:    ', '[0.773 ]')
('correct:', '[1     ]')
error:  0.02575519
('out:    ', '[0.619 ]')
('correct:', '[0     ]')
error:  0.19158020
('out:    ', '[0.374 ]')
('correct:', '[1     ]')
error:  0.19573531
('out:    ', '[0.895 ]')
('correct:', '[1     ]')
error:  0.00554121
('out:    ', '[0.137 ]')
('correct:', '[0     ]')
error:  0.00938588
('out:    ', '[0.703 ]')
('correct:', '[0     ]')
error:  0.24680148
('out:    ', '[0.667 ]')
('correct:', '[1     ]')
error:  0.05558262
('out:    ', '[0.858 ]')
('correct:', '[1     ]')
error:  0.01013008
('out:    ', '[0.588 ]')
('correct:', '[0     ]')
error:  0.17297506
('out:    ', '[0.878 ]')
('correct:', '[1     ]')
error:  0.00739270
('out:    ', '[0.676 ]')
('correct:', '[0     ]')
error:  0.22875923
('out:    ', '[0.615 ]')
('correct:', '[1     ]')
error:  0.07392508
('out:    ', '[0.943 ]')
('correct:', '[1     ]')
error:  0.00164537
('out:    ', '[0.915 ]')
('correct:', '[1     ]')
error:  0.00359167
('out:    ', '[0.772 ]')
('correct:', '[0     ]')
error:  0.29812916
('out:    ', '[0.878 ]')
('correct:', '[1     ]')
error:  0.00740282
('out:    ', '[0.911 ]')
('correct:', '[1     ]')
error:  0.00396708
('out:    ', '[0.794 ]')
('correct:', '[1     ]')
error:  0.02128011
('out:    ', '[0.631 ]')
('correct:', '[0     ]')
error:  0.19886432
('out:    ', '[0.816 ]')
('correct:', '[1     ]')
error:  0.01687793
('out:    ', '[0.853 ]')
('correct:', '[1     ]')
error:  0.01078692
('out:    ', '[0.934 ]')
('correct:', '[1     ]')
error:  0.00218816
('out:    ', '[0.654 ]')
('correct:', '[0     ]')
error:  0.21371480
('out:    ', '[0.734 ]')
('correct:', '[1     ]')
error:  0.03549569
('out:    ', '[0.809 ]')
('correct:', '[1     ]')
error:  0.01815942
('out:    ', '[0.926 ]')
('correct:', '[1     ]')
error:  0.00274239
('out:    ', '[0.616 ]')
('correct:', '[1     ]')
error:  0.07364763
('out:    ', '[0.746 ]')
('correct:', '[0     ]')
error:  0.27857520
('out:    ', '[0.436 ]')
('correct:', '[0     ]')
error:  0.09525578
('out:    ', '[0.342 ]')
('correct:', '[1     ]')
error:  0.21649326
('out:    ', '[0.877 ]')
('correct:', '[1     ]')
error:  0.00752384
('out:    ', '[0.839 ]')
('correct:', '[0     ]')
error:  0.35174202
('out:    ', '[0.476 ]')
('correct:', '[0     ]')
error:  0.11346820
('out:    ', '[0.365 ]')
('correct:', '[1     ]')
error:  0.20178142
('out:    ', '[0.502 ]')
('correct:', '[1     ]')
error:  0.12413665
('out:    ', '[0.923 ]')
('correct:', '[1     ]')
error:  0.00295073
('out:    ', '[0.883 ]')
('correct:', '[1     ]')
error:  0.00680757
('out:    ', '[0.636 ]')
('correct:', '[1     ]')
error:  0.06630254
('out:    ', '[0.911 ]')
('correct:', '[1     ]')
error:  0.00391926
('out:    ', '[0.571 ]')
('correct:', '[1     ]')
error:  0.09210690
('out:    ', '[0.901 ]')
('correct:', '[1     ]')
error:  0.00490780
('out:    ', '[0.26  ]')
('correct:', '[0     ]')
error:  0.03376028
('out:    ', '[0.85  ]')
('correct:', '[1     ]')
error:  0.01132360
('out:    ', '[0.99  ]')
('correct:', '[1     ]')
error:  0.00005444
('out:    ', '[0.887 ]')
('correct:', '[1     ]')
error:  0.00638010
('out:    ', '[0.75  ]')
('correct:', '[1     ]')
error:  0.03127128
('out:    ', '[0.118 ]')
('correct:', '[0     ]')
error:  0.00692715
('out:    ', '[0.335 ]')
('correct:', '[1     ]')
error:  0.22107189
('out:    ', '[0.479 ]')
('correct:', '[0     ]')
error:  0.11456070
('out:    ', '[0.804 ]')
('correct:', '[1     ]')
error:  0.01911467
('out:    ', '[0.93  ]')
('correct:', '[1     ]')
error:  0.00245493
('out:    ', '[0.663 ]')
('correct:', '[0     ]')
error:  0.21966178
('out:    ', '[0.692 ]')
('correct:', '[0     ]')
error:  0.23915740
('out:    ', '[0.843 ]')
('correct:', '[0     ]')
error:  0.35547637
('out:    ', '[0.979 ]')
('correct:', '[1     ]')
error:  0.00021042
('out:    ', '[0.747 ]')
('correct:', '[1     ]')
error:  0.03189789
('out:    ', '[0.573 ]')
('correct:', '[1     ]')
error:  0.09109108
('out:    ', '[0.59  ]')
('correct:', '[1     ]')
error:  0.08425460
('out:    ', '[0.787 ]')
('correct:', '[1     ]')
error:  0.02264885
('out:    ', '[0.845 ]')
('correct:', '[0     ]')
error:  0.35735603
('out:    ', '[0.897 ]')
('correct:', '[1     ]')
error:  0.00531640
('out:    ', '[0.816 ]')
('correct:', '[0     ]')
error:  0.33299209
('out:    ', '[0.638 ]')
('correct:', '[0     ]')
error:  0.20321171
('out:    ', '[0.918 ]')
('correct:', '[1     ]')
error:  0.00337628
('out:    ', '[0.655 ]')
('correct:', '[1     ]')
error:  0.05948028
('out:    ', '[0.751 ]')
('correct:', '[1     ]')
error:  0.03095386
('out:    ', '[0.904 ]')
('correct:', '[1     ]')
error:  0.00457817
('out:    ', '[0.926 ]')
('correct:', '[0     ]')
error:  0.42912521
('out:    ', '[0.629 ]')
('correct:', '[0     ]')
error:  0.19789790
('out:    ', '[0.252 ]')
('correct:', '[0     ]')
error:  0.03179275
('out:    ', '[0.931 ]')
('correct:', '[1     ]')
error:  0.00238750
('out:    ', '[0.962 ]')
('correct:', '[1     ]')
error:  0.00073311
('out:    ', '[0.962 ]')
('correct:', '[1     ]')
error:  0.00070422
('out:    ', '[0.31  ]')
('correct:', '[0     ]')
error:  0.04790389
('out:    ', '[0.932 ]')
('correct:', '[1     ]')
error:  0.00228476
('out:    ', '[0.787 ]')
('correct:', '[0     ]')
error:  0.30984194
('out:    ', '[0.9   ]')
('correct:', '[1     ]')
error:  0.00496327
('out:    ', '[0.401 ]')
('correct:', '[0     ]')
error:  0.08031154
('out:    ', '[0.892 ]')
('correct:', '[1     ]')
error:  0.00579203
('out:    ', '[0.973 ]')
('correct:', '[1     ]')
error:  0.00037808
('out:    ', '[0.631 ]')
('correct:', '[1     ]')
error:  0.06809639
('out:    ', '[0.939 ]')
('correct:', '[1     ]')
error:  0.00187623
('out:    ', '[0.682 ]')
('correct:', '[1     ]')
error:  0.05053630
('out:    ', '[0.461 ]')
('correct:', '[1     ]')
error:  0.14548898
('out:    ', '[0.699 ]')
('correct:', '[1     ]')
error:  0.04523754
('out:    ', '[0.94  ]')
('correct:', '[1     ]')
error:  0.00178401
('out:    ', '[0.345 ]')
('correct:', '[1     ]')
error:  0.21457461
('out:    ', '[0.806 ]')
('correct:', '[0     ]')
error:  0.32521017
('out:    ', '[0.943 ]')
('correct:', '[1     ]')
error:  0.00164643
('out:    ', '[0.713 ]')
('correct:', '[1     ]')
error:  0.04107840
('out:    ', '[0.961 ]')
('correct:', '[0     ]')
error:  0.46192117
('out:    ', '[0.909 ]')
('correct:', '[1     ]')
error:  0.00418023
('out:    ', '[0.957 ]')
('correct:', '[1     ]')
error:  0.00092153
('out:    ', '[0.942 ]')
('correct:', '[1     ]')
error:  0.00168718
('out:    ', '[0.941 ]')
('correct:', '[1     ]')
error:  0.00174779
('out:    ', '[0.951 ]')
('correct:', '[0     ]')
error:  0.45230532
('out:    ', '[0.788 ]')
('correct:', '[1     ]')
error:  0.02251676
('out:    ', '[0.42  ]')
('correct:', '[1     ]')
error:  0.16827114
('out:    ', '[0.586 ]')
('correct:', '[1     ]')
error:  0.08586841
('out:    ', '[0.925 ]')
('correct:', '[0     ]')
error:  0.42807274
('out:    ', '[0.897 ]')
('correct:', '[1     ]')
error:  0.00528970
('out:    ', '[0.709 ]')
('correct:', '[0     ]')
error:  0.25136674
('out:    ', '[0.336 ]')
('correct:', '[0     ]')
error:  0.05634123
('out:    ', '[0.186 ]')
('correct:', '[0     ]')
error:  0.01730022
('out:    ', '[0.828 ]')
('correct:', '[0     ]')
error:  0.34288340
('out:    ', '[0.88  ]')
('correct:', '[1     ]')
error:  0.00718507
('out:    ', '[0.761 ]')
('correct:', '[1     ]')
error:  0.02859891
('out:    ', '[0.706 ]')
('correct:', '[1     ]')
error:  0.04324650
('out:    ', '[0.969 ]')
('correct:', '[0     ]')
error:  0.46971602
('out:    ', '[0.741 ]')
('correct:', '[1     ]')
error:  0.03361598
('out:    ', '[0.432 ]')
('correct:', '[0     ]')
error:  0.09317950
('out:    ', '[0.664 ]')
('correct:', '[0     ]')
error:  0.22022444
('out:    ', '[0.906 ]')
('correct:', '[0     ]')
error:  0.41082945
('out:    ', '[0.906 ]')
('correct:', '[1     ]')
error:  0.00439302
('out:    ', '[0.727 ]')
('correct:', '[0     ]')
error:  0.26438119
('out:    ', '[0.943 ]')
('correct:', '[1     ]')
error:  0.00163867
('out:    ', '[0.936 ]')
('correct:', '[1     ]')
error:  0.00203229
('out:    ', '[0.222 ]')
('correct:', '[0     ]')
error:  0.02466363
('out:    ', '[0.862 ]')
('correct:', '[1     ]')
error:  0.00958255
('out:    ', '[0.685 ]')
('correct:', '[0     ]')
error:  0.23482172
('out:    ', '[0.982 ]')
('correct:', '[1     ]')
error:  0.00016433
('out:    ', '[0.086 ]')
('correct:', '[0     ]')
error:  0.00367993
('out:    ', '[0.618 ]')
('correct:', '[1     ]')
error:  0.07287934
('out:    ', '[0.667 ]')
('correct:', '[1     ]')
error:  0.05555403
('out:    ', '[0.823 ]')
('correct:', '[0     ]')
error:  0.33899470
('out:    ', '[0.816 ]')
('correct:', '[1     ]')
error:  0.01698583
('out:    ', '[0.097 ]')
('correct:', '[0     ]')
error:  0.00474840
('out:    ', '[0.69  ]')
('correct:', '[0     ]')
error:  0.23789942
('out:    ', '[0.836 ]')
('correct:', '[1     ]')
error:  0.01351242
('out:    ', '[0.652 ]')
('correct:', '[0     ]')
error:  0.21249325
('out:    ', '[0.449 ]')
('correct:', '[0     ]')
error:  0.10073109
('out:    ', '[0.757 ]')
('correct:', '[1     ]')
error:  0.02944982
('out:    ', '[0.475 ]')
('correct:', '[1     ]')
error:  0.13774993
('out:    ', '[0.225 ]')
('correct:', '[0     ]')
error:  0.02539074
('out:    ', '[0.182 ]')
('correct:', '[0     ]')
error:  0.01656045
('out:    ', '[0.84  ]')
('correct:', '[1     ]')
error:  0.01278236
('out:    ', '[0.21  ]')
('correct:', '[0     ]')
error:  0.02208663
('out:    ', '[0.818 ]')
('correct:', '[0     ]')
error:  0.33456520
('out:    ', '[0.621 ]')
('correct:', '[0     ]')
error:  0.19283552
('out:    ', '[0.791 ]')
('correct:', '[1     ]')
error:  0.02179266
('out:    ', '[0.632 ]')
('correct:', '[1     ]')
error:  0.06762404
('out:    ', '[0.946 ]')
('correct:', '[1     ]')
error:  0.00147547
('out:    ', '[0.969 ]')
('correct:', '[1     ]')
error:  0.00046668
('out:    ', '[0.375 ]')
('correct:', '[1     ]')
error:  0.19538270
('out:    ', '[0.527 ]')
('correct:', '[1     ]')
error:  0.11208242
('out:    ', '[0.975 ]')
('correct:', '[1     ]')
error:  0.00030391
('out:    ', '[0.95  ]')
('correct:', '[1     ]')
error:  0.00123935
('out:    ', '[0.652 ]')
('correct:', '[0     ]')
error:  0.21273700
('out:    ', '[0.895 ]')
('correct:', '[1     ]')
error:  0.00552627
('out:    ', '[0.684 ]')
('correct:', '[1     ]')
error:  0.04991821
('out:    ', '[0.663 ]')
('correct:', '[1     ]')
error:  0.05691842
('out:    ', '[0.673 ]')
('correct:', '[0     ]')
error:  0.22646417
('out:    ', '[0.904 ]')
('correct:', '[1     ]')
error:  0.00459609
('out:    ', '[0.898 ]')
('correct:', '[1     ]')
error:  0.00519105
('out:    ', '[0.773 ]')
('correct:', '[0     ]')
error:  0.29907026
('out:    ', '[0.923 ]')
('correct:', '[1     ]')
error:  0.00299306
('out:    ', '[0.593 ]')
('correct:', '[0     ]')
error:  0.17564283
('out:    ', '[0.1   ]')
('correct:', '[0     ]')
error:  0.00501746
('out:    ', '[0.943 ]')
('correct:', '[1     ]')
error:  0.00164355
('out:    ', '[0.987 ]')
('correct:', '[1     ]')
error:  0.00008498
('out:    ', '[0.903 ]')
('correct:', '[1     ]')
error:  0.00468160
('out:    ', '[0.942 ]')
('correct:', '[1     ]')
error:  0.00171037
('out:    ', '[0.73  ]')
('correct:', '[1     ]')
error:  0.03640714
('out:    ', '[0.933 ]')
('correct:', '[1     ]')
error:  0.00227597
('out:    ', '[0.834 ]')
('correct:', '[1     ]')
error:  0.01370602
('out:    ', '[0.489 ]')
('correct:', '[0     ]')
error:  0.11934107
('out:    ', '[0.897 ]')
('correct:', '[0     ]')
error:  0.40222987
('out:    ', '[0.933 ]')
('correct:', '[1     ]')
error:  0.00227551
('out:    ', '[0.167 ]')
('correct:', '[0     ]')
error:  0.01397522
('out:    ', '[0.965 ]')
('correct:', '[1     ]')
error:  0.00061085
('out:    ', '[0.923 ]')
('correct:', '[1     ]')
error:  0.00297609
('out:    ', '[0.115 ]')
('correct:', '[0     ]')
error:  0.00664750
('out:    ', '[0.247 ]')
('correct:', '[1     ]')
error:  0.28373914
('out:    ', '[0.564 ]')
('correct:', '[0     ]')
error:  0.15904345
('out:    ', '[0.938 ]')
('correct:', '[1     ]')
error:  0.00191121
('out:    ', '[0.962 ]')
('correct:', '[0     ]')
error:  0.46282110
('out:    ', '[0.777 ]')
('correct:', '[1     ]')
error:  0.02494832
('out:    ', '[0.539 ]')
('correct:', '[1     ]')
error:  0.10637353
('out:    ', '[0.538 ]')
('correct:', '[0     ]')
error:  0.14455784
('out:    ', '[0.621 ]')
('correct:', '[0     ]')
error:  0.19312189
('out:    ', '[0.943 ]')
('correct:', '[1     ]')
error:  0.00164512
('out:    ', '[0.992 ]')
('correct:', '[1     ]')
error:  0.00003525
('out:    ', '[0.904 ]')
('correct:', '[0     ]')
error:  0.40818274
('out:    ', '[0.722 ]')
('correct:', '[1     ]')
error:  0.03858658
('out:    ', '[0.722 ]')
('correct:', '[1     ]')
error:  0.03874008
('out:    ', '[0.926 ]')
('correct:', '[1     ]')
error:  0.00271474
('out:    ', '[0.835 ]')
('correct:', '[1     ]')
error:  0.01366299
('out:    ', '[0.945 ]')
('correct:', '[1     ]')
error:  0.00148724
('out:    ', '[0.947 ]')
('correct:', '[1     ]')
error:  0.00140655
('out:    ', '[0.726 ]')
('correct:', '[0     ]')
error:  0.26371218
('out:    ', '[0.337 ]')
('correct:', '[1     ]')
error:  0.21947805
('out:    ', '[0.686 ]')
('correct:', '[1     ]')
error:  0.04922403
('out:    ', '[0.372 ]')
('correct:', '[0     ]')
error:  0.06917250
('out:    ', '[0.708 ]')
('correct:', '[1     ]')
error:  0.04262827
('out:    ', '[0.859 ]')
('correct:', '[0     ]')
error:  0.36873818
('out:    ', '[0.97  ]')
('correct:', '[1     ]')
error:  0.00044289
('out:    ', '[0.852 ]')
('correct:', '[1     ]')
error:  0.01102476
('out:    ', '[0.762 ]')
('correct:', '[0     ]')
error:  0.29021139
('out:    ', '[0.646 ]')
('correct:', '[0     ]')
error:  0.20840382
('out:    ', '[0.847 ]')
('correct:', '[1     ]')
error:  0.01163186
('out:    ', '[0.944 ]')
('correct:', '[1     ]')
error:  0.00155195
('out:    ', '[0.669 ]')
('correct:', '[1     ]')
error:  0.05486138
('out:    ', '[0.588 ]')
('correct:', '[0     ]')
error:  0.17287851
('out:    ', '[0.962 ]')
('correct:', '[0     ]')
error:  0.46294164
('out:    ', '[0.607 ]')
('correct:', '[0     ]')
error:  0.18437912
('out:    ', '[0.713 ]')
('correct:', '[0     ]')
error:  0.25385331
('out:    ', '[0.724 ]')
('correct:', '[0     ]')
error:  0.26206907
('out:    ', '[0.826 ]')
('correct:', '[1     ]')
error:  0.01505414
('out:    ', '[0.683 ]')
('correct:', '[1     ]')
error:  0.05034500
('out:    ', '[0.952 ]')
('correct:', '[1     ]')
error:  0.00115453
('out:    ', '[0.665 ]')
('correct:', '[1     ]')
error:  0.05610263
('out:    ', '[0.881 ]')
('correct:', '[1     ]')
error:  0.00711310
('out:    ', '[0.979 ]')
('correct:', '[1     ]')
error:  0.00021050
('out:    ', '[0.667 ]')
('correct:', '[1     ]')
error:  0.05534582
('out:    ', '[0.498 ]')
('correct:', '[0     ]')
error:  0.12396281
('out:    ', '[0.988 ]')
('correct:', '[1     ]')
error:  0.00007637
('out:    ', '[0.527 ]')
('correct:', '[1     ]')
error:  0.11200287
('out:    ', '[0.859 ]')
('correct:', '[1     ]')
error:  0.01000939
('out:    ', '[0.839 ]')
('correct:', '[1     ]')
error:  0.01297858
('out:    ', '[0.306 ]')
('correct:', '[1     ]')
error:  0.24084328
('out:    ', '[0.735 ]')
('correct:', '[1     ]')
error:  0.03506341
('out:    ', '[0.741 ]')
('correct:', '[0     ]')
error:  0.27458927
('out:    ', '[0.727 ]')
('correct:', '[0     ]')
error:  0.26412510
('out:    ', '[0.962 ]')
('correct:', '[1     ]')
error:  0.00072824
('out:    ', '[0.833 ]')
('correct:', '[1     ]')
error:  0.01387765
('out:    ', '[0.604 ]')
('correct:', '[0     ]')
error:  0.18235887
('out:    ', '[0.631 ]')
('correct:', '[1     ]')
error:  0.06790580
('out:    ', '[0.665 ]')
('correct:', '[0     ]')
error:  0.22099638
('out:    ', '[0.686 ]')
('correct:', '[1     ]')
error:  0.04927680
('out:    ', '[0.87  ]')
('correct:', '[0     ]')
error:  0.37808722
('out:    ', '[0.841 ]')
('correct:', '[1     ]')
error:  0.01261144
('out:    ', '[0.549 ]')
('correct:', '[1     ]')
error:  0.10148500
('out:    ', '[0.806 ]')
('correct:', '[1     ]')
error:  0.01884852
('out:    ', '[0.783 ]')
('correct:', '[1     ]')
error:  0.02352921
('out:    ', '[0.645 ]')
('correct:', '[1     ]')
error:  0.06315422
('out:    ', '[0.61  ]')
('correct:', '[1     ]')
error:  0.07607284
('out:    ', '[0.711 ]')
('correct:', '[1     ]')
error:  0.04168084
('out:    ', '[0.453 ]')
('correct:', '[0     ]')
error:  0.10261305
('out:    ', '[0.654 ]')
('correct:', '[1     ]')
error:  0.05969028
('out:    ', '[0.862 ]')
('correct:', '[0     ]')
error:  0.37123360
('out:    ', '[0.405 ]')
('correct:', '[1     ]')
error:  0.17710972
('out:    ', '[0.68  ]')
('correct:', '[1     ]')
error:  0.05121157
('out:    ', '[0.949 ]')
('correct:', '[1     ]')
error:  0.00128115
('out:    ', '[0.766 ]')
('correct:', '[1     ]')
error:  0.02748719
('out:    ', '[0.943 ]')
('correct:', '[1     ]')
error:  0.00160170
('out:    ', '[0.931 ]')
('correct:', '[1     ]')
error:  0.00240874
('out:    ', '[0.514 ]')
('correct:', '[1     ]')
error:  0.11799070
('out:    ', '[0.842 ]')
('correct:', '[1     ]')
error:  0.01249577
('out:    ', '[0.528 ]')
('correct:', '[1     ]')
error:  0.11144598
('out:    ', '[0.798 ]')
('correct:', '[0     ]')
error:  0.31860818
('out:    ', '[0.724 ]')
('correct:', '[1     ]')
error:  0.03821414
('out:    ', '[0.742 ]')
('correct:', '[0     ]')
error:  0.27523108
('out:    ', '[0.764 ]')
('correct:', '[0     ]')
error:  0.29163877
('out:    ', '[0.733 ]')
('correct:', '[0     ]')
error:  0.26876714
('out:    ', '[0.523 ]')
('correct:', '[0     ]')
error:  0.13652860
('out:    ', '[0.894 ]')
('correct:', '[0     ]')
error:  0.39976597
('out:    ', '[0.088 ]')
('correct:', '[0     ]')
error:  0.00386122
('out:    ', '[0.826 ]')
('correct:', '[1     ]')
error:  0.01507448
('out:    ', '[0.154 ]')
('correct:', '[1     ]')
error:  0.35809922
('out:    ', '[0.247 ]')
('correct:', '[0     ]')
error:  0.03042896
('out:    ', '[0.965 ]')
('correct:', '[1     ]')
error:  0.00059795
('out:    ', '[0.349 ]')
('correct:', '[0     ]')
error:  0.06099133
('out:    ', '[0.602 ]')
('correct:', '[1     ]')
error:  0.07911984
('out:    ', '[0.829 ]')
('correct:', '[1     ]')
error:  0.01457743
('out:    ', '[0.971 ]')
('correct:', '[0     ]')
error:  0.47147829
('out:    ', '[0.944 ]')
('correct:', '[1     ]')
error:  0.00156203
('out:    ', '[0.941 ]')
('correct:', '[0     ]')
error:  0.44264051
('out:    ', '[0.6   ]')
('correct:', '[0     ]')
error:  0.18009353
('out:    ', '[0.943 ]')
('correct:', '[1     ]')
error:  0.00163940
('out:    ', '[0.247 ]')
('correct:', '[0     ]')
error:  0.03038766
('out:    ', '[0.697 ]')
('correct:', '[0     ]')
error:  0.24260633
('out:    ', '[0.437 ]')
('correct:', '[1     ]')
error:  0.15840615
('out:    ', '[0.84  ]')
('correct:', '[1     ]')
error:  0.01275612
('out:    ', '[0.871 ]')
('correct:', '[1     ]')
error:  0.00833188
('out:    ', '[0.964 ]')
('correct:', '[1     ]')
error:  0.00065967
('out:    ', '[0.127 ]')
('correct:', '[0     ]')
error:  0.00801826
('out:    ', '[0.927 ]')
('correct:', '[1     ]')
error:  0.00262896
('out:    ', '[0.99  ]')
('correct:', '[1     ]')
error:  0.00005093
('out:    ', '[0.708 ]')
('correct:', '[1     ]')
error:  0.04263488
('out:    ', '[0.933 ]')
('correct:', '[1     ]')
error:  0.00221455
('out:    ', '[0.816 ]')
('correct:', '[1     ]')
error:  0.01687357
('out:    ', '[0.642 ]')
('correct:', '[0     ]')
error:  0.20599206
('out:    ', '[0.523 ]')
('correct:', '[1     ]')
error:  0.11379266
('out:    ', '[0.35  ]')
('correct:', '[1     ]')
error:  0.21120028
('out:    ', '[0.607 ]')
('correct:', '[0     ]')
error:  0.18407841
('out:    ', '[0.766 ]')
('correct:', '[1     ]')
error:  0.02729488
('out:    ', '[0.782 ]')
('correct:', '[0     ]')
error:  0.30564662
('out:    ', '[0.755 ]')
('correct:', '[0     ]')
error:  0.28526185
('out:    ', '[0.78  ]')
('correct:', '[0     ]')
error:  0.30450019
('out:    ', '[0.931 ]')
('correct:', '[1     ]')
error:  0.00235658
('out:    ', '[0.698 ]')
('correct:', '[1     ]')
error:  0.04561189
('out:    ', '[0.951 ]')
('correct:', '[1     ]')
error:  0.00120489
('out:    ', '[0.332 ]')
('correct:', '[0     ]')
error:  0.05505670
('out:    ', '[0.189 ]')
('correct:', '[0     ]')
error:  0.01781668
('out:    ', '[0.655 ]')
('correct:', '[1     ]')
error:  0.05960448
('out:    ', '[0.524 ]')
('correct:', '[0     ]')
error:  0.13734552
('out:    ', '[0.526 ]')
('correct:', '[0     ]')
error:  0.13848568
('out:    ', '[0.977 ]')
('correct:', '[0     ]')
error:  0.47755145
('out:    ', '[0.803 ]')
('correct:', '[1     ]')
error:  0.01938838
('out:    ', '[0.914 ]')
('correct:', '[1     ]')
error:  0.00367790
('out:    ', '[0.624 ]')
('correct:', '[1     ]')
error:  0.07075230
('out:    ', '[0.476 ]')
('correct:', '[1     ]')
error:  0.13712990
('out:    ', '[0.835 ]')
('correct:', '[0     ]')
error:  0.34885818
('out:    ', '[0.932 ]')
('correct:', '[0     ]')
error:  0.43411139
('out:    ', '[0.933 ]')
('correct:', '[1     ]')
error:  0.00226541
('out:    ', '[0.386 ]')
('correct:', '[0     ]')
error:  0.07454502
('out:    ', '[0.643 ]')
('correct:', '[0     ]')
error:  0.20684228
('out:    ', '[0.608 ]')
('correct:', '[1     ]')
error:  0.07665302
('out:    ', '[0.941 ]')
('correct:', '[1     ]')
error:  0.00171824
('out:    ', '[0.704 ]')
('correct:', '[0     ]')
error:  0.24800309
('out:    ', '[0.61  ]')
('correct:', '[0     ]')
error:  0.18601041
('out:    ', '[0.696 ]')
('correct:', '[0     ]')
error:  0.24187519
('out:    ', '[0.649 ]')
('correct:', '[0     ]')
error:  0.21036267
('out:    ', '[0.591 ]')
('correct:', '[0     ]')
error:  0.17455417
('out:    ', '[0.77  ]')
('correct:', '[1     ]')
error:  0.02655968
('out:    ', '[0.834 ]')
('correct:', '[1     ]')
error:  0.01378483
('out:    ', '[0.931 ]')
('correct:', '[1     ]')
error:  0.00237911
('out:    ', '[0.927 ]')
('correct:', '[1     ]')
error:  0.00266483
('out:    ', '[0.876 ]')
('correct:', '[0     ]')
error:  0.38368793
('out:    ', '[0.881 ]')
('correct:', '[1     ]')
error:  0.00708266
('out:    ', '[0.478 ]')
('correct:', '[1     ]')
error:  0.13606581
('out:    ', '[0.933 ]')
('correct:', '[1     ]')
error:  0.00225173
('out:    ', '[0.42  ]')
('correct:', '[0     ]')
error:  0.08808092
('out:    ', '[0.866 ]')
('correct:', '[0     ]')
error:  0.37458926
('out:    ', '[0.953 ]')
('correct:', '[1     ]')
error:  0.00109659
('out:    ', '[0.592 ]')
('correct:', '[1     ]')
error:  0.08334921
('out:    ', '[0.697 ]')
('correct:', '[1     ]')
error:  0.04586963
('out:    ', '[0.172 ]')
('correct:', '[1     ]')
error:  0.34245707
('out:    ', '[0.178 ]')
('correct:', '[0     ]')
error:  0.01591023
('out:    ', '[0.947 ]')
('correct:', '[1     ]')
error:  0.00140220
('out:    ', '[0.934 ]')
('correct:', '[1     ]')
error:  0.00215456
('out:    ', '[0.904 ]')
('correct:', '[1     ]')
error:  0.00464566
('out:    ', '[0.927 ]')
('correct:', '[1     ]')
error:  0.00263333
('out:    ', '[0.986 ]')
('correct:', '[0     ]')
error:  0.48619077
('out:    ', '[0.161 ]')
('correct:', '[0     ]')
error:  0.01303738
('out:    ', '[0.92  ]')
('correct:', '[1     ]')
error:  0.00316432
('out:    ', '[0.89  ]')
('correct:', '[1     ]')
error:  0.00606143
('out:    ', '[0.888 ]')
('correct:', '[1     ]')
error:  0.00625995
('out:    ', '[0.678 ]')
('correct:', '[1     ]')
error:  0.05175878
('out:    ', '[0.92  ]')
('correct:', '[1     ]')
error:  0.00319628
('out:    ', '[0.552 ]')
('correct:', '[0     ]')
error:  0.15250149
('out:    ', '[0.634 ]')
('correct:', '[0     ]')
error:  0.20076474
('out:    ', '[0.407 ]')
('correct:', '[1     ]')
error:  0.17587653
('out:    ', '[0.548 ]')
('correct:', '[1     ]')
error:  0.10206345
('out:    ', '[0.84  ]')
('correct:', '[1     ]')
error:  0.01282220
('out:    ', '[0.959 ]')
('correct:', '[1     ]')
error:  0.00084225
('out:    ', '[0.987 ]')
('correct:', '[1     ]')
error:  0.00008718
('out:    ', '[0.944 ]')
('correct:', '[1     ]')
error:  0.00156659
('out:    ', '[0.688 ]')
('correct:', '[1     ]')
error:  0.04864953
('out:    ', '[0.924 ]')
('correct:', '[1     ]')
error:  0.00288807
('out:    ', '[0.69  ]')
('correct:', '[1     ]')
error:  0.04815241
('out:    ', '[0.949 ]')
('correct:', '[0     ]')
error:  0.45015957
('out:    ', '[0.985 ]')
('correct:', '[1     ]')
error:  0.00010574
('out:    ', '[0.205 ]')
('correct:', '[1     ]')
error:  0.31603841
('out:    ', '[0.205 ]')
('correct:', '[1     ]')
error:  0.31603841
('out:    ', '[0.126 ]')
('correct:', '[0     ]')
error:  0.00797315
('out:    ', '[0.675 ]')
('correct:', '[1     ]')
error:  0.05267175
('out:    ', '[0.693 ]')
('correct:', '[1     ]')
error:  0.04716321
('out:    ', '[0.629 ]')
('correct:', '[1     ]')
error:  0.06873999
('out:    ', '[0.755 ]')
('correct:', '[0     ]')
error:  0.28470858
('out:    ', '[0.794 ]')
('correct:', '[1     ]')
error:  0.02113172
('out:    ', '[0.605 ]')
('correct:', '[0     ]')
error:  0.18271737
('out:    ', '[0.632 ]')
('correct:', '[1     ]')
error:  0.06769090
('out:    ', '[0.778 ]')
('correct:', '[1     ]')
error:  0.02458751
('out:    ', '[0.94  ]')
('correct:', '[1     ]')
error:  0.00177848
('out:    ', '[0.935 ]')
('correct:', '[1     ]')
error:  0.00208025
('out:    ', '[0.351 ]')
('correct:', '[0     ]')
error:  0.06155269
('out:    ', '[0.299 ]')
('correct:', '[0     ]')
error:  0.04473140
('out:    ', '[0.824 ]')
('correct:', '[1     ]')
error:  0.01544208
('out:    ', '[0.614 ]')
('correct:', '[1     ]')
error:  0.07435181
('out:    ', '[0.316 ]')
('correct:', '[0     ]')
error:  0.04980391
('out:    ', '[0.933 ]')
('correct:', '[0     ]')
error:  0.43551965
('out:    ', '[0.966 ]')
('correct:', '[1     ]')
error:  0.00056451
('out:    ', '[0.51  ]')
('correct:', '[1     ]')
error:  0.12012380
('out:    ', '[0.763 ]')
('correct:', '[0     ]')
error:  0.29126266
('out:    ', '[0.942 ]')
('correct:', '[1     ]')
error:  0.00165757
('out:    ', '[0.139 ]')
('correct:', '[0     ]')
error:  0.00964573
('out:    ', '[0.627 ]')
('correct:', '[1     ]')
error:  0.06954348
('out:    ', '[0.707 ]')
('correct:', '[1     ]')
error:  0.04306938
('out:    ', '[0.158 ]')
('correct:', '[0     ]')
error:  0.01251162
('out:    ', '[0.613 ]')
('correct:', '[0     ]')
error:  0.18770261
('out:    ', '[0.545 ]')
('correct:', '[1     ]')
error:  0.10369984
('out:    ', '[0.687 ]')
('correct:', '[1     ]')
error:  0.04896353
('out:    ', '[0.837 ]')
('correct:', '[1     ]')
error:  0.01332324
('out:    ', '[0.38  ]')
('correct:', '[0     ]')
error:  0.07221607
('out:    ', '[0.932 ]')
('correct:', '[0     ]')
error:  0.43476445
('out:    ', '[0.794 ]')
('correct:', '[1     ]')
error:  0.02129365
('out:    ', '[0.878 ]')
('correct:', '[0     ]')
error:  0.38551505
('out:    ', '[0.185 ]')
('correct:', '[1     ]')
error:  0.33238574
('out:    ', '[0.276 ]')
('correct:', '[0     ]')
error:  0.03801761
('out:    ', '[0.929 ]')
('correct:', '[1     ]')
error:  0.00249736
('out:    ', '[0.873 ]')
('correct:', '[1     ]')
error:  0.00812056
('out:    ', '[0.667 ]')
('correct:', '[1     ]')
error:  0.05551036
('out:    ', '[0.381 ]')
('correct:', '[1     ]')
error:  0.19132562
('out:    ', '[0.931 ]')
('correct:', '[1     ]')
error:  0.00240700
('out:    ', '[0.815 ]')
('correct:', '[1     ]')
error:  0.01702495
('out:    ', '[0.875 ]')
('correct:', '[1     ]')
error:  0.00777766
('out:    ', '[0.295 ]')
('correct:', '[0     ]')
error:  0.04339968
('out:    ', '[0.827 ]')
('correct:', '[1     ]')
error:  0.01504157
('out:    ', '[0.522 ]')
('correct:', '[1     ]')
error:  0.11445718
('out:    ', '[0.666 ]')
('correct:', '[1     ]')
error:  0.05562711
('out:    ', '[0.752 ]')
('correct:', '[1     ]')
error:  0.03063570
('out:    ', '[0.573 ]')
('correct:', '[0     ]')
error:  0.16433527
('out:    ', '[0.839 ]')
('correct:', '[1     ]')
error:  0.01301382
('out:    ', '[0.898 ]')
('correct:', '[0     ]')
error:  0.40358998
('out:    ', '[0.495 ]')
('correct:', '[1     ]')
error:  0.12750858
('out:    ', '[0.935 ]')
('correct:', '[1     ]')
error:  0.00210190
('out:    ', '[0.802 ]')
('correct:', '[1     ]')
error:  0.01960915
('out:    ', '[0.644 ]')
('correct:', '[1     ]')
error:  0.06324576
('out:    ', '[0.957 ]')
('correct:', '[1     ]')
error:  0.00092580
('out:    ', '[0.898 ]')
('correct:', '[1     ]')
error:  0.00516697
('out:    ', '[0.681 ]')
('correct:', '[1     ]')
error:  0.05089457
('out:    ', '[0.915 ]')
('correct:', '[0     ]')
error:  0.41877285
('out:    ', '[0.681 ]')
('correct:', '[1     ]')
error:  0.05079211
('out:    ', '[0.996 ]')
('correct:', '[1     ]')
error:  0.00000842
('out:    ', '[0.895 ]')
('correct:', '[1     ]')
error:  0.00549139
('out:    ', '[0.987 ]')
('correct:', '[1     ]')
error:  0.00008656
('out:    ', '[0.85  ]')
('correct:', '[0     ]')
error:  0.36137467
('out:    ', '[0.87  ]')
('correct:', '[1     ]')
error:  0.00850063
('out:    ', '[0.595 ]')
('correct:', '[1     ]')
error:  0.08221170
('out:    ', '[0.818 ]')
('correct:', '[1     ]')
error:  0.01662732
('out:    ', '[0.282 ]')
('correct:', '[1     ]')
error:  0.25807146
('out:    ', '[0.737 ]')
('correct:', '[0     ]')
error:  0.27190518
('out:    ', '[0.678 ]')
('correct:', '[1     ]')
error:  0.05198650
('out:    ', '[0.932 ]')
('correct:', '[1     ]')
error:  0.00234361
('out:    ', '[0.866 ]')
('correct:', '[0     ]')
error:  0.37494417
('out:    ', '[0.931 ]')
('correct:', '[1     ]')
error:  0.00234846
('out:    ', '[0.749 ]')
('correct:', '[1     ]')
error:  0.03145868
('out:    ', '[0.882 ]')
('correct:', '[1     ]')
error:  0.00699577
('out:    ', '[0.995 ]')
('correct:', '[1     ]')
error:  0.00001421
('out:    ', '[0.767 ]')
('correct:', '[1     ]')
error:  0.02723132
('out:    ', '[0.52  ]')
('correct:', '[0     ]')
error:  0.13513385
('out:    ', '[0.844 ]')
('correct:', '[0     ]')
error:  0.35633419
('out:    ', '[0.249 ]')
('correct:', '[0     ]')
error:  0.03106423
('out:    ', '[0.851 ]')
('correct:', '[0     ]')
error:  0.36205755
('out:    ', '[0.825 ]')
('correct:', '[1     ]')
error:  0.01530046
('out:    ', '[0.853 ]')
('correct:', '[1     ]')
error:  0.01077111
('out:    ', '[0.9   ]')
('correct:', '[1     ]')
error:  0.00501499
('out:    ', '[0.181 ]')
('correct:', '[0     ]')
error:  0.01638133
('out:    ', '[0.922 ]')
('correct:', '[1     ]')
error:  0.00302011
('out:    ', '[0.115 ]')
('correct:', '[1     ]')
error:  0.39166109
('out:    ', '[0.827 ]')
('correct:', '[1     ]')
error:  0.01500422
('out:    ', '[0.553 ]')
('correct:', '[0     ]')
error:  0.15291357
('out:    ', '[0.883 ]')
('correct:', '[1     ]')
error:  0.00679390
('out:    ', '[0.928 ]')
('correct:', '[1     ]')
error:  0.00257624
('out:    ', '[0.987 ]')
('correct:', '[1     ]')
error:  0.00008621
('out:    ', '[0.831 ]')
('correct:', '[1     ]')
error:  0.01426735
('out:    ', '[0.278 ]')
('correct:', '[0     ]')
error:  0.03851195
('out:    ', '[0.774 ]')
('correct:', '[0     ]')
error:  0.29992321
('out:    ', '[0.916 ]')
('correct:', '[1     ]')
error:  0.00350569
('out:    ', '[0.258 ]')
('correct:', '[1     ]')
error:  0.27521854
('out:    ', '[0.774 ]')
('correct:', '[0     ]')
error:  0.29991017
('out:    ', '[0.926 ]')
('correct:', '[1     ]')
error:  0.00275021
('out:    ', '[0.952 ]')
('correct:', '[1     ]')
error:  0.00117108
('out:    ', '[0.555 ]')
('correct:', '[1     ]')
error:  0.09890707
('out:    ', '[0.55  ]')
('correct:', '[0     ]')
error:  0.15116520
('out:    ', '[0.91  ]')
('correct:', '[0     ]')
error:  0.41400581
('out:    ', '[0.996 ]')
('correct:', '[1     ]')
error:  0.00000894
('out:    ', '[0.992 ]')
('correct:', '[1     ]')
error:  0.00003253
('out:    ', '[0.612 ]')
('correct:', '[1     ]')
error:  0.07536354
('out:    ', '[0.931 ]')
('correct:', '[1     ]')
error:  0.00239390
('out:    ', '[0.271 ]')
('correct:', '[1     ]')
error:  0.26592049
('out:    ', '[0.942 ]')
('correct:', '[0     ]')
error:  0.44399452
('out:    ', '[0.732 ]')
('correct:', '[1     ]')
error:  0.03595641
('out:    ', '[0.278 ]')
('correct:', '[0     ]')
error:  0.03857651
('out:    ', '[0.911 ]')
('correct:', '[1     ]')
error:  0.00398524
('out:    ', '[0.447 ]')
('correct:', '[1     ]')
error:  0.15314714
('out:    ', '[0.931 ]')
('correct:', '[1     ]')
error:  0.00235181
('out:    ', '[0.441 ]')
('correct:', '[0     ]')
error:  0.09714056
('out:    ', '[0.652 ]')
('correct:', '[0     ]')
error:  0.21236928
('out:    ', '[0.948 ]')
('correct:', '[0     ]')
error:  0.44965744
('out:    ', '[0.729 ]')
('correct:', '[1     ]')
error:  0.03666409
('out:    ', '[0.758 ]')
('correct:', '[0     ]')
error:  0.28726130
('out:    ', '[0.728 ]')
('correct:', '[1     ]')
error:  0.03712206
('out:    ', '[0.869 ]')
('correct:', '[1     ]')
error:  0.00853769
('out:    ', '[0.785 ]')
('correct:', '[0     ]')
error:  0.30819995
('out:    ', '[0.274 ]')
('correct:', '[0     ]')
error:  0.03749214
('out:    ', '[0.809 ]')
('correct:', '[0     ]')
error:  0.32737783
('out:    ', '[0.966 ]')
('correct:', '[1     ]')
error:  0.00056226
('out:    ', '[0.833 ]')
('correct:', '[1     ]')
error:  0.01391685
('out:    ', '[0.189 ]')
('correct:', '[1     ]')
error:  0.32851812
('out:    ', '[0.596 ]')
('correct:', '[0     ]')
error:  0.17788891
('out:    ', '[0.938 ]')
('correct:', '[1     ]')
error:  0.00193079
('out:    ', '[0.673 ]')
('correct:', '[1     ]')
error:  0.05359162
('out:    ', '[0.776 ]')
('correct:', '[0     ]')
error:  0.30084158
('out:    ', '[0.393 ]')
('correct:', '[1     ]')
error:  0.18445585
('out:    ', '[0.73  ]')
('correct:', '[1     ]')
error:  0.03644094
('out:    ', '[0.631 ]')
('correct:', '[0     ]')
error:  0.19894234
('out:    ', '[0.965 ]')
('correct:', '[1     ]')
error:  0.00062054
('out:    ', '[0.431 ]')
('correct:', '[1     ]')
error:  0.16176539
('out:    ', '[0.772 ]')
('correct:', '[1     ]')
error:  0.02600258
('out:    ', '[0.677 ]')
('correct:', '[0     ]')
error:  0.22904882
('out:    ', '[0.56  ]')
('correct:', '[0     ]')
error:  0.15652799
('out:    ', '[0.746 ]')
('correct:', '[1     ]')
error:  0.03228528
('out:    ', '[0.98  ]')
('correct:', '[1     ]')
error:  0.00019811
('out:    ', '[0.218 ]')
('correct:', '[1     ]')
error:  0.30554646
('out:    ', '[0.818 ]')
('correct:', '[0     ]')
error:  0.33474946
('out:    ', '[0.274 ]')
('correct:', '[0     ]')
error:  0.03743445
('out:    ', '[0.767 ]')
('correct:', '[1     ]')
error:  0.02711669
('out:    ', '[0.787 ]')
('correct:', '[1     ]')
error:  0.02276911
('out:    ', '[0.903 ]')
('correct:', '[0     ]')
error:  0.40753847
('out:    ', '[0.84  ]')
('correct:', '[1     ]')
error:  0.01287556
('out:    ', '[0.63  ]')
('correct:', '[1     ]')
error:  0.06849238
('out:    ', '[0.929 ]')
('correct:', '[1     ]')
error:  0.00255160
('out:    ', '[0.248 ]')
('correct:', '[0     ]')
error:  0.03079598
('out:    ', '[0.781 ]')
('correct:', '[1     ]')
error:  0.02400209
('out:    ', '[0.698 ]')
('correct:', '[1     ]')
error:  0.04547049
('out:    ', '[0.512 ]')
('correct:', '[1     ]')
error:  0.11903638
('out:    ', '[0.938 ]')
('correct:', '[1     ]')
error:  0.00193576
('out:    ', '[0.466 ]')
('correct:', '[0     ]')
error:  0.10863736
('out:    ', '[0.941 ]')
('correct:', '[0     ]')
error:  0.44311846
('out:    ', '[0.941 ]')
('correct:', '[0     ]')
error:  0.44307997
('out:    ', '[0.94  ]')
('correct:', '[1     ]')
error:  0.00182861
('out:    ', '[0.705 ]')
('correct:', '[1     ]')
error:  0.04341826
('out:    ', '[0.68  ]')
('correct:', '[0     ]')
error:  0.23135331
('out:    ', '[0.853 ]')
('correct:', '[1     ]')
error:  0.01087220
('out:    ', '[0.754 ]')
('correct:', '[0     ]')
error:  0.28407293
('out:    ', '[0.741 ]')
('correct:', '[0     ]')
error:  0.27460193
('out:    ', '[0.925 ]')
('correct:', '[1     ]')
error:  0.00280180
('out:    ', '[0.823 ]')
('correct:', '[0     ]')
error:  0.33901888
('out:    ', '[0.927 ]')
('correct:', '[0     ]')
error:  0.42968262
('out:    ', '[0.674 ]')
('correct:', '[1     ]')
error:  0.05308803
('out:    ', '[0.828 ]')
('correct:', '[1     ]')
error:  0.01476062
('out:    ', '[0.957 ]')
('correct:', '[1     ]')
error:  0.00093721
('out:    ', '[0.651 ]')
('correct:', '[0     ]')
error:  0.21197116
('out:    ', '[0.828 ]')
('correct:', '[1     ]')
error:  0.01487018
('out:    ', '[0.923 ]')
('correct:', '[1     ]')
error:  0.00295245
('out:    ', '[0.63  ]')
('correct:', '[0     ]')
error:  0.19852777
('out:    ', '[0.903 ]')
('correct:', '[1     ]')
error:  0.00474747
('out:    ', '[0.631 ]')
('correct:', '[1     ]')
error:  0.06798278
('out:    ', '[0.843 ]')
('correct:', '[1     ]')
error:  0.01234069
('out:    ', '[0.823 ]')
('correct:', '[0     ]')
error:  0.33829000
('out:    ', '[0.203 ]')
('correct:', '[0     ]')
error:  0.02065648
('out:    ', '[0.538 ]')
('correct:', '[0     ]')
error:  0.14448983
('out:    ', '[0.81  ]')
('correct:', '[1     ]')
error:  0.01808657
('out:    ', '[0.561 ]')
('correct:', '[0     ]')
error:  0.15716843
('out:    ', '[0.675 ]')
('correct:', '[1     ]')
error:  0.05290804
('out:    ', '[0.437 ]')
('correct:', '[0     ]')
error:  0.09551962
('out:    ', '[0.613 ]')
('correct:', '[0     ]')
error:  0.18795031
('out:    ', '[0.475 ]')
('correct:', '[0     ]')
error:  0.11263983
('out:    ', '[0.765 ]')
('correct:', '[1     ]')
error:  0.02752007
('out:    ', '[0.209 ]')
('correct:', '[0     ]')
error:  0.02183775
('out:    ', '[0.85  ]')
('correct:', '[1     ]')
error:  0.01131963
('out:    ', '[0.495 ]')
('correct:', '[0     ]')
error:  0.12238600
('out:    ', '[0.703 ]')
('correct:', '[1     ]')
error:  0.04402646
('out:    ', '[0.987 ]')
('correct:', '[1     ]')
error:  0.00009082
('out:    ', '[0.567 ]')
('correct:', '[1     ]')
error:  0.09388296
('out:    ', '[0.951 ]')
('correct:', '[1     ]')
error:  0.00120098
('out:    ', '[0.931 ]')
('correct:', '[1     ]')
error:  0.00239214
('out:    ', '[0.981 ]')
('correct:', '[0     ]')
error:  0.48118975
('out:    ', '[0.817 ]')
('correct:', '[0     ]')
error:  0.33409883
('out:    ', '[0.987 ]')
('correct:', '[1     ]')
error:  0.00008261
('out:    ', '[0.284 ]')
('correct:', '[0     ]')
error:  0.04038055
('out:    ', '[0.902 ]')
('correct:', '[1     ]')
error:  0.00478675
('out:    ', '[0.429 ]')
('correct:', '[0     ]')
error:  0.09192880
('out:    ', '[0.958 ]')
('correct:', '[1     ]')
error:  0.00086683
('out:    ', '[0.786 ]')
('correct:', '[0     ]')
error:  0.30900796
('out:    ', '[0.733 ]')
('correct:', '[1     ]')
error:  0.03576956
('out:    ', '[0.618 ]')
('correct:', '[1     ]')
error:  0.07309136
('out:    ', '[0.943 ]')
('correct:', '[1     ]')
error:  0.00164295
('out:    ', '[0.452 ]')
('correct:', '[0     ]')
error:  0.10229829
('out:    ', '[0.527 ]')
('correct:', '[1     ]')
error:  0.11201591
('out:    ', '[0.987 ]')
('correct:', '[0     ]')
error:  0.48680913
('out:    ', '[0.163 ]')
('correct:', '[1     ]')
error:  0.35043163
('out:    ', '[0.634 ]')
('correct:', '[0     ]')
error:  0.20073151
('out:    ', '[0.937 ]')
('correct:', '[1     ]')
error:  0.00195848
('out:    ', '[0.378 ]')
('correct:', '[1     ]')
error:  0.19352242
('out:    ', '[0.657 ]')
('correct:', '[0     ]')
error:  0.21575688
('out:    ', '[0.905 ]')
('correct:', '[0     ]')
error:  0.40976786
('out:    ', '[0.688 ]')
('correct:', '[0     ]')
error:  0.23680874
('out:    ', '[0.715 ]')
('correct:', '[0     ]')
error:  0.25550948
('out:    ', '[0.455 ]')
('correct:', '[0     ]')
error:  0.10361317
('out:    ', '[0.152 ]')
('correct:', '[1     ]')
error:  0.35922038
('out:    ', '[0.627 ]')
('correct:', '[1     ]')
error:  0.06967562
('out:    ', '[0.63  ]')
('correct:', '[1     ]')
error:  0.06846063
('out:    ', '[0.552 ]')
('correct:', '[1     ]')
error:  0.10036537
('out:    ', '[0.274 ]')
('correct:', '[1     ]')
error:  0.26333119
('out:    ', '[0.919 ]')
('correct:', '[1     ]')
error:  0.00329110
('out:    ', '[0.931 ]')
('correct:', '[1     ]')
error:  0.00239322
('out:    ', '[0.989 ]')
('correct:', '[1     ]')
error:  0.00005614
('out:    ', '[0.501 ]')
('correct:', '[1     ]')
error:  0.12435381
('out:    ', '[0.415 ]')
('correct:', '[0     ]')
error:  0.08602658
('out:    ', '[0.943 ]')
('correct:', '[1     ]')
error:  0.00161471
('out:    ', '[0.73  ]')
('correct:', '[1     ]')
error:  0.03634039
('out:    ', '[0.755 ]')
('correct:', '[1     ]')
error:  0.03013182
('out:    ', '[0.178 ]')
('correct:', '[0     ]')
error:  0.01589041
('out:    ', '[0.907 ]')
('correct:', '[1     ]')
error:  0.00430378
('out:    ', '[0.44  ]')
('correct:', '[0     ]')
error:  0.09685570
('out:    ', '[0.827 ]')
('correct:', '[1     ]')
error:  0.01492974
('out:    ', '[0.919 ]')
('correct:', '[0     ]')
error:  0.42241494
('out:    ', '[0.925 ]')
('correct:', '[0     ]')
error:  0.42779134
('out:    ', '[0.887 ]')
('correct:', '[1     ]')
error:  0.00641501
('out:    ', '[0.933 ]')
('correct:', '[1     ]')
error:  0.00226656
('out:    ', '[0.703 ]')
('correct:', '[0     ]')
error:  0.24737958
('out:    ', '[0.977 ]')
('correct:', '[1     ]')
error:  0.00026375
('out:    ', '[0.826 ]')
('correct:', '[1     ]')
error:  0.01518946
('out:    ', '[0.942 ]')
('correct:', '[1     ]')
error:  0.00166564
('out:    ', '[0.97  ]')
('correct:', '[1     ]')
error:  0.00044857
('out:    ', '[0.924 ]')
('correct:', '[1     ]')
error:  0.00286430
('out:    ', '[0.903 ]')
('correct:', '[0     ]')
error:  0.40797815
('out:    ', '[0.472 ]')
('correct:', '[1     ]')
error:  0.13937134
('out:    ', '[0.595 ]')
('correct:', '[1     ]')
error:  0.08210062
('out:    ', '[0.944 ]')
('correct:', '[1     ]')
error:  0.00155028
('out:    ', '[0.749 ]')
('correct:', '[0     ]')
error:  0.28034113
('out:    ', '[0.92  ]')
('correct:', '[1     ]')
error:  0.00320364
('out:    ', '[0.95  ]')
('correct:', '[1     ]')
error:  0.00124783
('out:    ', '[0.313 ]')
('correct:', '[1     ]')
error:  0.23583058
('out:    ', '[0.611 ]')
('correct:', '[1     ]')
error:  0.07560038
('out:    ', '[0.89  ]')
('correct:', '[1     ]')
error:  0.00600545
('out:    ', '[0.65  ]')
('correct:', '[1     ]')
error:  0.06129514
('out:    ', '[0.942 ]')
('correct:', '[0     ]')
error:  0.44368724
('out:    ', '[0.116 ]')
('correct:', '[1     ]')
error:  0.39103533
('out:    ', '[0.477 ]')
('correct:', '[0     ]')
error:  0.11370708
('out:    ', '[0.796 ]')
('correct:', '[0     ]')
error:  0.31677427
('out:    ', '[0.168 ]')
('correct:', '[0     ]')
error:  0.01407984
('out:    ', '[0.69  ]')
('correct:', '[1     ]')
error:  0.04802147
('out:    ', '[0.42  ]')
('correct:', '[0     ]')
error:  0.08833177
('out:    ', '[0.769 ]')
('correct:', '[0     ]')
error:  0.29541313
('out:    ', '[0.679 ]')
('correct:', '[0     ]')
error:  0.23027536
('out:    ', '[0.926 ]')
('correct:', '[1     ]')
error:  0.00270314
('out:    ', '[0.715 ]')
('correct:', '[0     ]')
error:  0.25565713
('out:    ', '[0.8   ]')
('correct:', '[1     ]')
error:  0.02006468
('out:    ', '[0.605 ]')
('correct:', '[0     ]')
error:  0.18321102
('out:    ', '[0.908 ]')
('correct:', '[0     ]')
error:  0.41212480
('out:    ', '[0.728 ]')
('correct:', '[1     ]')
error:  0.03709701
('out:    ', '[0.943 ]')
('correct:', '[1     ]')
error:  0.00160376
('out:    ', '[0.628 ]')
('correct:', '[1     ]')
error:  0.06924374
('out:    ', '[0.594 ]')
('correct:', '[0     ]')
error:  0.17651099
('out:    ', '[0.64  ]')
('correct:', '[0     ]')
error:  0.20462921
('out:    ', '[0.946 ]')
('correct:', '[1     ]')
error:  0.00146229
('out:    ', '[0.941 ]')
('correct:', '[1     ]')
error:  0.00173416
('out:    ', '[0.919 ]')
('correct:', '[0     ]')
error:  0.42254435
('out:    ', '[0.902 ]')
('correct:', '[1     ]')
error:  0.00476214
('out:    ', '[0.893 ]')
('correct:', '[1     ]')
error:  0.00575880
('out:    ', '[0.855 ]')
('correct:', '[1     ]')
error:  0.01048491
('out:    ', '[0.899 ]')
('correct:', '[1     ]')
error:  0.00511688
('out:    ', '[0.428 ]')
('correct:', '[0     ]')
error:  0.09178486
('out:    ', '[0.713 ]')
('correct:', '[0     ]')
error:  0.25428970
('out:    ', '[0.842 ]')
('correct:', '[1     ]')
error:  0.01242857
('out:    ', '[0.093 ]')
('correct:', '[0     ]')
error:  0.00429608
('out:    ', '[0.694 ]')
('correct:', '[1     ]')
error:  0.04670864
('out:    ', '[0.795 ]')
('correct:', '[0     ]')
error:  0.31623498
('out:    ', '[0.896 ]')
('correct:', '[1     ]')
error:  0.00538481
('out:    ', '[0.815 ]')
('correct:', '[1     ]')
error:  0.01703258
('out:    ', '[0.385 ]')
('correct:', '[1     ]')
error:  0.18891740
('out:    ', '[0.926 ]')
('correct:', '[1     ]')
error:  0.00273531
('out:    ', '[0.647 ]')
('correct:', '[0     ]')
error:  0.20931365
('out:    ', '[0.876 ]')
('correct:', '[1     ]')
error:  0.00770934
('out:    ', '[0.983 ]')
('correct:', '[0     ]')
error:  0.48342980
('out:    ', '[0.992 ]')
('correct:', '[1     ]')
error:  0.00003474
('out:    ', '[0.993 ]')
('correct:', '[1     ]')
error:  0.00002268
('out:    ', '[0.997 ]')
('correct:', '[1     ]')
error:  0.00000419
('out:    ', '[0.98  ]')
('correct:', '[1     ]')
error:  0.00020905
('out:    ', '[0.968 ]')
('correct:', '[1     ]')
error:  0.00052550
('out:    ', '[0.897 ]')
('correct:', '[1     ]')
error:  0.00532270
('out:    ', '[0.992 ]')
('correct:', '[1     ]')
error:  0.00002911
('out:    ', '[0.976 ]')
('correct:', '[1     ]')
error:  0.00028198
('out:    ', '[0.991 ]')
('correct:', '[1     ]')
error:  0.00004248
('out:    ', '[0.928 ]')
('correct:', '[1     ]')
error:  0.00261654
('out:    ', '[0.765 ]')
('correct:', '[1     ]')
error:  0.02768765
('out:    ', '[0.993 ]')
('correct:', '[1     ]')
error:  0.00002239
('out:    ', '[0.995 ]')
('correct:', '[1     ]')
error:  0.00001321
('out:    ', '[0.994 ]')
('correct:', '[1     ]')
error:  0.00002019
('out:    ', '[0.993 ]')
('correct:', '[1     ]')
error:  0.00002710
('out:    ', '[0.995 ]')
('correct:', '[1     ]')
error:  0.00001182
('out:    ', '[0.988 ]')
('correct:', '[1     ]')
error:  0.00007508
('out:    ', '[0.926 ]')
('correct:', '[1     ]')
error:  0.00273678
('out:    ', '[0.993 ]')
('correct:', '[1     ]')
error:  0.00002169
('out:    ', '[0.993 ]')
('correct:', '[1     ]')
error:  0.00002374
('out:    ', '[0.985 ]')
('correct:', '[1     ]')
error:  0.00011430
('out:    ', '[0.807 ]')
('correct:', '[1     ]')
error:  0.01870061
('out:    ', '[0.965 ]')
('correct:', '[1     ]')
error:  0.00060855
('out:    ', '[0.97  ]')
('correct:', '[1     ]')
error:  0.00044787
('out:    ', '[0.993 ]')
('correct:', '[1     ]')
error:  0.00002449
('out:    ', '[0.989 ]')
('correct:', '[1     ]')
error:  0.00005548
('out:    ', '[0.997 ]')
('correct:', '[1     ]')
error:  0.00000340
('out:    ', '[0.994 ]')
('correct:', '[1     ]')
error:  0.00002046
('out:    ', '[0.993 ]')
('correct:', '[1     ]')
error:  0.00002716
('out:    ', '[0.95  ]')
('correct:', '[1     ]')
error:  0.00127189
('out:    ', '[0.985 ]')
('correct:', '[1     ]')
error:  0.00011767
('out:    ', '[0.989 ]')
('correct:', '[1     ]')
error:  0.00006583
('out:    ', '[0.985 ]')
('correct:', '[1     ]')
error:  0.00011516
('out:    ', '[0.994 ]')
('correct:', '[1     ]')
error:  0.00001608
('out:    ', '[0.998 ]')
('correct:', '[1     ]')
error:  0.00000311
('out:    ', '[0.992 ]')
('correct:', '[1     ]')
error:  0.00002870
('out:    ', '[0.276 ]')
('correct:', '[1     ]')
error:  0.26180964
('out:    ', '[0.995 ]')
('correct:', '[1     ]')
error:  0.00001065
('out:    ', '[0.946 ]')
('correct:', '[1     ]')
error:  0.00143797
('out:    ', '[0.983 ]')
('correct:', '[1     ]')
error:  0.00014834
('out:    ', '[0.995 ]')
('correct:', '[1     ]')
error:  0.00001148
('out:    ', '[0.989 ]')
('correct:', '[1     ]')
error:  0.00006458
('out:    ', '[0.993 ]')
('correct:', '[1     ]')
error:  0.00002406
('out:    ', '[0.994 ]')
('correct:', '[1     ]')
error:  0.00001910
('out:    ', '[0.996 ]')
('correct:', '[1     ]')
error:  0.00000917
('out:    ', '[0.961 ]')
('correct:', '[1     ]')
error:  0.00075697
('out:    ', '[0.993 ]')
('correct:', '[1     ]')
error:  0.00002696
('out:    ', '[0.991 ]')
('correct:', '[1     ]')
error:  0.00003935
('out:    ', '[0.992 ]')
('correct:', '[1     ]')
error:  0.00003203
('out:    ', '[0.994 ]')
('correct:', '[1     ]')
error:  0.00001749
('out:    ', '[0.997 ]')
('correct:', '[1     ]')
error:  0.00000403
('out:    ', '[0.984 ]')
('correct:', '[1     ]')
error:  0.00012314
('out:    ', '[0.987 ]')
('correct:', '[1     ]')
error:  0.00008045
('out:    ', '[0.995 ]')
('correct:', '[1     ]')
error:  0.00001014
('out:    ', '[0.974 ]')
('correct:', '[1     ]')
error:  0.00033419
('out:    ', '[0.994 ]')
('correct:', '[1     ]')
error:  0.00002039
('out:    ', '[0.994 ]')
('correct:', '[1     ]')
error:  0.00001901
('out:    ', '[0.988 ]')
('correct:', '[1     ]')
error:  0.00006790
('out:    ', '[0.997 ]')
('correct:', '[1     ]')
error:  0.00000593
('out:    ', '[0.994 ]')
('correct:', '[1     ]')
error:  0.00001622
('out:    ', '[0.996 ]')
('correct:', '[1     ]')
error:  0.00000696
('out:    ', '[0.987 ]')
('correct:', '[1     ]')
error:  0.00008462
('out:    ', '[0.708 ]')
('correct:', '[1     ]')
error:  0.04256615
('out:    ', '[0.995 ]')
('correct:', '[1     ]')
error:  0.00001449
('out:    ', '[0.9   ]')
('correct:', '[1     ]')
error:  0.00504355
('out:    ', '[0.988 ]')
('correct:', '[1     ]')
error:  0.00006975
('out:    ', '[0.989 ]')
('correct:', '[1     ]')
error:  0.00006045
('out:    ', '[0.995 ]')
('correct:', '[1     ]')
error:  0.00001069
('out:    ', '[0.982 ]')
('correct:', '[1     ]')
error:  0.00015485
('out:    ', '[0.979 ]')
('correct:', '[1     ]')
error:  0.00021116
('out:    ', '[0.985 ]')
('correct:', '[1     ]')
error:  0.00011240
('out:    ', '[0.997 ]')
('correct:', '[1     ]')
error:  0.00000530
('out:    ', '[0.988 ]')
('correct:', '[1     ]')
error:  0.00006868
('out:    ', '[0.997 ]')
('correct:', '[1     ]')
error:  0.00000478
('out:    ', '[0.994 ]')
('correct:', '[1     ]')
error:  0.00001982
('out:    ', '[0.994 ]')
('correct:', '[1     ]')
error:  0.00001847
('out:    ', '[0.983 ]')
('correct:', '[1     ]')
error:  0.00014005
('out:    ', '[0.98  ]')
('correct:', '[1     ]')
error:  0.00019975
('out:    ', '[0.923 ]')
('correct:', '[1     ]')
error:  0.00297273
('out:    ', '[0.99  ]')
('correct:', '[1     ]')
error:  0.00004621
('out:    ', '[0.973 ]')
('correct:', '[1     ]')
error:  0.00035227
('out:    ', '[0.997 ]')
('correct:', '[1     ]')
error:  0.00000428
('out:    ', '[0.992 ]')
('correct:', '[1     ]')
error:  0.00003209
('out:    ', '[0.997 ]')
('correct:', '[1     ]')
error:  0.00000468
('out:    ', '[0.993 ]')
('correct:', '[1     ]')
error:  0.00002362
('out:    ', '[0.583 ]')
('correct:', '[1     ]')
error:  0.08697930
('out:    ', '[0.994 ]')
('correct:', '[1     ]')
error:  0.00001879
('out:    ', '[0.988 ]')
('correct:', '[1     ]')
error:  0.00007402
('out:    ', '[0.988 ]')
('correct:', '[1     ]')
error:  0.00006821
('out:    ', '[0.992 ]')
('correct:', '[1     ]')
error:  0.00003060
('out:    ', '[0.996 ]')
('correct:', '[1     ]')
error:  0.00000727
('out:    ', '[0.993 ]')
('correct:', '[1     ]')
error:  0.00002806
('out:    ', '[0.995 ]')
('correct:', '[1     ]')
error:  0.00001494
('out:    ', '[0.988 ]')
('correct:', '[1     ]')
error:  0.00007011
('out:    ', '[0.953 ]')
('correct:', '[1     ]')
error:  0.00112144
('out:    ', '[0.99  ]')
('correct:', '[1     ]')
error:  0.00005276
('out:    ', '[0.98  ]')
('correct:', '[1     ]')
error:  0.00019587
('out:    ', '[0.985 ]')
('correct:', '[1     ]')
error:  0.00010922
('out:    ', '[0.912 ]')
('correct:', '[1     ]')
error:  0.00389474
('out:    ', '[0.8   ]')
('correct:', '[1     ]')
error:  0.01996436
('out:    ', '[0.992 ]')
('correct:', '[1     ]')
error:  0.00002927
('out:    ', '[0.996 ]')
('correct:', '[1     ]')
error:  0.00000838
('out:    ', '[0.997 ]')
('correct:', '[1     ]')
error:  0.00000548
('out:    ', '[0.985 ]')
('correct:', '[1     ]')
error:  0.00011875
('out:    ', '[0.984 ]')
('correct:', '[1     ]')
error:  0.00012448
('out:    ', '[0.996 ]')
('correct:', '[1     ]')
error:  0.00000689
('out:    ', '[0.911 ]')
('correct:', '[1     ]')
error:  0.00397649
('out:    ', '[0.997 ]')
('correct:', '[1     ]')
error:  0.00000476
('out:    ', '[0.988 ]')
('correct:', '[1     ]')
error:  0.00006838
('out:    ', '[0.979 ]')
('correct:', '[1     ]')
error:  0.00021512
('out:    ', '[0.996 ]')
('correct:', '[1     ]')
error:  0.00000771
('out:    ', '[0.995 ]')
('correct:', '[1     ]')
error:  0.00001464
('out:    ', '[0.98  ]')
('correct:', '[1     ]')
error:  0.00020475
('out:    ', '[0.992 ]')
('correct:', '[1     ]')
error:  0.00003451
('out:    ', '[0.997 ]')
('correct:', '[1     ]')
error:  0.00000377
('out:    ', '[0.996 ]')
('correct:', '[1     ]')
error:  0.00000862
('out:    ', '[0.996 ]')
('correct:', '[1     ]')
error:  0.00000759
('out:    ', '[0.996 ]')
('correct:', '[1     ]')
error:  0.00000868
('out:    ', '[0.922 ]')
('correct:', '[1     ]')
error:  0.00306068
('out:    ', '[0.822 ]')
('correct:', '[1     ]')
error:  0.01577286
('out:    ', '[0.996 ]')
('correct:', '[1     ]')
error:  0.00000760
('out:    ', '[0.993 ]')
('correct:', '[1     ]')
error:  0.00002635
('out:    ', '[0.998 ]')
('correct:', '[1     ]')
error:  0.00000219
('out:    ', '[0.99  ]')
('correct:', '[1     ]')
error:  0.00005507
('out:    ', '[0.991 ]')
('correct:', '[1     ]')
error:  0.00003924
('out:    ', '[0.977 ]')
('correct:', '[1     ]')
error:  0.00026690
('out:    ', '[0.996 ]')
('correct:', '[1     ]')
error:  0.00000917
('out:    ', '[0.993 ]')
('correct:', '[1     ]')
error:  0.00002660
('out:    ', '[0.985 ]')
('correct:', '[1     ]')
error:  0.00011969
('out:    ', '[0.995 ]')
('correct:', '[1     ]')
error:  0.00001089
('out:    ', '[0.997 ]')
('correct:', '[1     ]')
error:  0.00000412
('out:    ', '[0.997 ]')
('correct:', '[1     ]')
error:  0.00000592
('out:    ', '[0.957 ]')
('correct:', '[1     ]')
error:  0.00091118
('out:    ', '[0.997 ]')
('correct:', '[1     ]')
error:  0.00000339
('out:    ', '[0.988 ]')
('correct:', '[1     ]')
error:  0.00007530
('out:    ', '[0.974 ]')
('correct:', '[1     ]')
error:  0.00034881
('out:    ', '[0.996 ]')
('correct:', '[1     ]')
error:  0.00000947
('out:    ', '[0.994 ]')
('correct:', '[1     ]')
error:  0.00001809
('out:    ', '[0.996 ]')
('correct:', '[1     ]')
error:  0.00000769
('out:    ', '[0.996 ]')
('correct:', '[1     ]')
error:  0.00000822
('out:    ', '[0.995 ]')
('correct:', '[1     ]')
error:  0.00001069
('out:    ', '[0.997 ]')
('correct:', '[1     ]')
error:  0.00000475
('out:    ', '[0.997 ]')
('correct:', '[1     ]')
error:  0.00000609
('out:    ', '[0.984 ]')
('correct:', '[1     ]')
error:  0.00012129
('out:    ', '[0.996 ]')
('correct:', '[1     ]')
error:  0.00000974
('out:    ', '[0.982 ]')
('correct:', '[1     ]')
error:  0.00015603
('out:    ', '[0.98  ]')
('correct:', '[1     ]')
error:  0.00019579
('out:    ', '[0.956 ]')
('correct:', '[1     ]')
error:  0.00097641
('out:    ', '[0.993 ]')
('correct:', '[1     ]')
error:  0.00002439
('out:    ', '[0.989 ]')
('correct:', '[1     ]')
error:  0.00006027
('out:    ', '[0.997 ]')
('correct:', '[1     ]')
error:  0.00000548
('out:    ', '[0.991 ]')
('correct:', '[1     ]')
error:  0.00004057
('out:    ', '[0.994 ]')
('correct:', '[1     ]')
error:  0.00002034
('out:    ', '[0.993 ]')
('correct:', '[1     ]')
error:  0.00002313
('out:    ', '[0.99  ]')
('correct:', '[1     ]')
error:  0.00004529
('out:    ', '[0.994 ]')
('correct:', '[1     ]')
error:  0.00001921
('out:    ', '[0.984 ]')
('correct:', '[1     ]')
error:  0.00012312
('out:    ', '[0.636 ]')
('correct:', '[1     ]')
error:  0.06630241
('out:    ', '[0.71  ]')
('correct:', '[1     ]')
error:  0.04211413
('out:    ', '[0.997 ]')
('correct:', '[1     ]')
error:  0.00000521
('out:    ', '[0.98  ]')
('correct:', '[1     ]')
error:  0.00019427
('out:    ', '[0.708 ]')
('correct:', '[1     ]')
error:  0.04263761
('out:    ', '[0.984 ]')
('correct:', '[1     ]')
error:  0.00013543
('out:    ', '[0.956 ]')
('correct:', '[1     ]')
error:  0.00096803
('out:    ', '[0.995 ]')
('correct:', '[1     ]')
error:  0.00001145
('out:    ', '[0.994 ]')
('correct:', '[1     ]')
error:  0.00001732
('out:    ', '[0.995 ]')
('correct:', '[1     ]')
error:  0.00001445
('out:    ', '[0.954 ]')
('correct:', '[1     ]')
error:  0.00104162
('out:    ', '[0.997 ]')
('correct:', '[1     ]')
error:  0.00000526
('out:    ', '[0.99  ]')
('correct:', '[1     ]')
error:  0.00005108
('out:    ', '[0.985 ]')
('correct:', '[1     ]')
error:  0.00010888
('out:    ', '[0.995 ]')
('correct:', '[1     ]')
error:  0.00001160
('out:    ', '[0.995 ]')
('correct:', '[1     ]')
error:  0.00001036
('out:    ', '[0.931 ]')
('correct:', '[1     ]')
error:  0.00237538
('out:    ', '[0.994 ]')
('correct:', '[1     ]')
error:  0.00001683
('out:    ', '[0.995 ]')
('correct:', '[1     ]')
error:  0.00001052
('out:    ', '[0.833 ]')
('correct:', '[1     ]')
error:  0.01397486
('out:    ', '[0.993 ]')
('correct:', '[1     ]')
error:  0.00002469
('out:    ', '[0.986 ]')
('correct:', '[1     ]')
error:  0.00009234
('out:    ', '[0.99  ]')
('correct:', '[1     ]')
error:  0.00005361
('out:    ', '[0.988 ]')
('correct:', '[1     ]')
error:  0.00007018
('out:    ', '[0.927 ]')
('correct:', '[1     ]')
error:  0.00268483
('out:    ', '[0.974 ]')
('correct:', '[1     ]')
error:  0.00034161
('out:    ', '[0.887 ]')
('correct:', '[1     ]')
error:  0.00638555
('out:    ', '[0.995 ]')
('correct:', '[1     ]')
error:  0.00001443
('out:    ', '[0.987 ]')
('correct:', '[1     ]')
error:  0.00008513
('out:    ', '[0.997 ]')
('correct:', '[1     ]')
error:  0.00000432
('out:    ', '[0.993 ]')
('correct:', '[1     ]')
error:  0.00002800
('out:    ', '[0.997 ]')
('correct:', '[1     ]')
error:  0.00000597
('out:    ', '[0.989 ]')
('correct:', '[1     ]')
error:  0.00006450
('out:    ', '[0.998 ]')
('correct:', '[1     ]')
error:  0.00000292
('out:    ', '[0.995 ]')
('correct:', '[1     ]')
error:  0.00001278
('out:    ', '[0.995 ]')
('correct:', '[1     ]')
error:  0.00001408
('out:    ', '[0.992 ]')
('correct:', '[1     ]')
error:  0.00003576
('out:    ', '[0.993 ]')
('correct:', '[1     ]')
error:  0.00002346
('out:    ', '[0.994 ]')
('correct:', '[1     ]')
error:  0.00001631
('out:    ', '[0.988 ]')
('correct:', '[1     ]')
error:  0.00007274
('out:    ', '[0.979 ]')
('correct:', '[1     ]')
error:  0.00021517
('out:    ', '[0.993 ]')
('correct:', '[1     ]')
error:  0.00002369
('out:    ', '[0.986 ]')
('correct:', '[1     ]')
error:  0.00010445
('out:    ', '[0.954 ]')
('correct:', '[1     ]')
error:  0.00106872
('out:    ', '[0.997 ]')
('correct:', '[1     ]')
error:  0.00000353
('out:    ', '[0.987 ]')
('correct:', '[1     ]')
error:  0.00008559
('out:    ', '[0.995 ]')
('correct:', '[1     ]')
error:  0.00001039
('out:    ', '[0.993 ]')
('correct:', '[1     ]')
error:  0.00002807
('out:    ', '[0.724 ]')
('correct:', '[1     ]')
error:  0.03803699
('out:    ', '[0.994 ]')
('correct:', '[1     ]')
error:  0.00002089
('out:    ', '[0.995 ]')
('correct:', '[1     ]')
error:  0.00001388
('out:    ', '[0.508 ]')
('correct:', '[1     ]')
error:  0.12127565
('out:    ', '[0.995 ]')
('correct:', '[1     ]')
error:  0.00001284
('out:    ', '[0.528 ]')
('correct:', '[0     ]')
error:  0.13964290
('out:    ', '[0.995 ]')
('correct:', '[1     ]')
error:  0.00001438
('out:    ', '[0.967 ]')
('correct:', '[1     ]')
error:  0.00053190
('out:    ', '[0.987 ]')
('correct:', '[1     ]')
error:  0.00008601
('out:    ', '[0.992 ]')
('correct:', '[1     ]')
error:  0.00003540
('out:    ', '[0.987 ]')
('correct:', '[1     ]')
error:  0.00008261
('out:    ', '[0.992 ]')
('correct:', '[1     ]')
error:  0.00003298
('out:    ', '[0.994 ]')
('correct:', '[1     ]')
error:  0.00001618
('out:    ', '[0.997 ]')
('correct:', '[1     ]')
error:  0.00000594
('out:    ', '[0.992 ]')
('correct:', '[1     ]')
error:  0.00003044
('out:    ', '[0.993 ]')
('correct:', '[1     ]')
error:  0.00002804
('out:    ', '[0.995 ]')
('correct:', '[1     ]')
error:  0.00001192
('out:    ', '[0.988 ]')
('correct:', '[1     ]')
error:  0.00006927
('out:    ', '[0.973 ]')
('correct:', '[1     ]')
error:  0.00037109
('out:    ', '[0.997 ]')
('correct:', '[1     ]')
error:  0.00000602
('out:    ', '[0.634 ]')
('correct:', '[1     ]')
error:  0.06697911
('out:    ', '[0.994 ]')
('correct:', '[1     ]')
error:  0.00001531
('out:    ', '[0.997 ]')
('correct:', '[1     ]')
error:  0.00000594
('out:    ', '[0.988 ]')
('correct:', '[1     ]')
error:  0.00006688
('out:    ', '[0.994 ]')
('correct:', '[1     ]')
error:  0.00001820
('out:    ', '[0.99  ]')
('correct:', '[1     ]')
error:  0.00005369
('out:    ', '[0.994 ]')
('correct:', '[1     ]')
error:  0.00001743
('out:    ', '[0.972 ]')
('correct:', '[1     ]')
error:  0.00039735
('out:    ', '[0.995 ]')
('correct:', '[1     ]')
error:  0.00001017
('out:    ', '[0.98  ]')
('correct:', '[1     ]')
error:  0.00020403
('out:    ', '[0.988 ]')
('correct:', '[1     ]')
error:  0.00006711
('out:    ', '[0.988 ]')
('correct:', '[1     ]')
error:  0.00006970
('out:    ', '[0.997 ]')
('correct:', '[1     ]')
error:  0.00000387
('out:    ', '[0.988 ]')
('correct:', '[1     ]')
error:  0.00007402
('out:    ', '[0.995 ]')
('correct:', '[1     ]')
error:  0.00001029
('out:    ', '[0.996 ]')
('correct:', '[1     ]')
error:  0.00000932
('out:    ', '[0.987 ]')
('correct:', '[1     ]')
error:  0.00008087
('out:    ', '[0.993 ]')
('correct:', '[1     ]')
error:  0.00002641
('out:    ', '[0.989 ]')
('correct:', '[1     ]')
error:  0.00005717
('out:    ', '[0.992 ]')
('correct:', '[1     ]')
error:  0.00003427
('out:    ', '[0.982 ]')
('correct:', '[1     ]')
error:  0.00016415
('out:    ', '[0.798 ]')
('correct:', '[0     ]')
error:  0.31865247
('out:    ', '[0.996 ]')
('correct:', '[1     ]')
error:  0.00000814
('out:    ', '[0.974 ]')
('correct:', '[1     ]')
error:  0.00033006
('out:    ', '[0.97  ]')
('correct:', '[1     ]')
error:  0.00044370
('out:    ', '[0.991 ]')
('correct:', '[1     ]')
error:  0.00004005
('out:    ', '[0.994 ]')
('correct:', '[1     ]')
error:  0.00001730
('out:    ', '[0.995 ]')
('correct:', '[1     ]')
error:  0.00001488
('out:    ', '[0.82  ]')
('correct:', '[1     ]')
error:  0.01620712
('out:    ', '[0.98  ]')
('correct:', '[1     ]')
error:  0.00019973
('out:    ', '[0.992 ]')
('correct:', '[1     ]')
error:  0.00003354
('out:    ', '[0.993 ]')
('correct:', '[1     ]')
error:  0.00002208
('out:    ', '[0.97  ]')
('correct:', '[1     ]')
error:  0.00044532
('out:    ', '[0.995 ]')
('correct:', '[1     ]')
error:  0.00001036
('out:    ', '[0.987 ]')
('correct:', '[1     ]')
error:  0.00009016
('out:    ', '[0.996 ]')
('correct:', '[1     ]')
error:  0.00000988
('out:    ', '[0.919 ]')
('correct:', '[1     ]')
error:  0.00328614
('out:    ', '[0.996 ]')
('correct:', '[1     ]')
error:  0.00000657
('out:    ', '[0.996 ]')
('correct:', '[1     ]')
error:  0.00000657
('out:    ', '[0.993 ]')
('correct:', '[1     ]')
error:  0.00002418
('out:    ', '[0.992 ]')
('correct:', '[1     ]')
error:  0.00003122
('out:    ', '[0.996 ]')
('correct:', '[1     ]')
error:  0.00000752
('out:    ', '[0.995 ]')
('correct:', '[1     ]')
error:  0.00001125
('out:    ', '[0.997 ]')
('correct:', '[1     ]')
error:  0.00000532
('out:    ', '[0.995 ]')
('correct:', '[1     ]')
error:  0.00001020
('out:    ', '[0.997 ]')
('correct:', '[1     ]')
error:  0.00000505
('out:    ', '[0.995 ]')
('correct:', '[1     ]')
error:  0.00001039
('out:    ', '[0.987 ]')
('correct:', '[1     ]')
error:  0.00008315
('out:    ', '[0.992 ]')
('correct:', '[1     ]')
error:  0.00003043
('out:    ', '[0.996 ]')
('correct:', '[1     ]')
error:  0.00000620
('out:    ', '[0.992 ]')
('correct:', '[1     ]')
error:  0.00003073
('out:    ', '[0.992 ]')
('correct:', '[1     ]')
error:  0.00002890
('out:    ', '[0.992 ]')
('correct:', '[1     ]')
error:  0.00002951
('out:    ', '[0.979 ]')
('correct:', '[1     ]')
error:  0.00022672
('out:    ', '[0.973 ]')
('correct:', '[1     ]')
error:  0.00035843
('out:    ', '[0.984 ]')
('correct:', '[1     ]')
error:  0.00013260
('out:    ', '[0.995 ]')
('correct:', '[1     ]')
error:  0.00001071
('out:    ', '[0.994 ]')
('correct:', '[1     ]')
error:  0.00001608
('out:    ', '[0.994 ]')
('correct:', '[1     ]')
error:  0.00001867
('out:    ', '[0.992 ]')
('correct:', '[1     ]')
error:  0.00002825
('out:    ', '[0.986 ]')
('correct:', '[1     ]')
error:  0.00009715
('out:    ', '[0.984 ]')
('correct:', '[1     ]')
error:  0.00012677
('out:    ', '[0.889 ]')
('correct:', '[1     ]')
error:  0.00616885
('out:    ', '[0.997 ]')
('correct:', '[1     ]')
error:  0.00000345
('out:    ', '[0.985 ]')
('correct:', '[1     ]')
error:  0.00010759
('out:    ', '[0.988 ]')
('correct:', '[1     ]')
error:  0.00007510
('out:    ', '[0.994 ]')
('correct:', '[1     ]')
error:  0.00001607
('out:    ', '[0.862 ]')
('correct:', '[1     ]')
error:  0.00946830
('out:    ', '[0.978 ]')
('correct:', '[1     ]')
error:  0.00024166
('out:    ', '[0.976 ]')
('correct:', '[1     ]')
error:  0.00028428
('out:    ', '[0.996 ]')
('correct:', '[1     ]')
error:  0.00000977
('out:    ', '[0.988 ]')
('correct:', '[1     ]')
error:  0.00006614
('out:    ', '[0.647 ]')
('correct:', '[1     ]')
error:  0.06223707
('out:    ', '[0.957 ]')
('correct:', '[1     ]')
error:  0.00093728
('out:    ', '[0.985 ]')
('correct:', '[1     ]')
error:  0.00011877
('out:    ', '[0.995 ]')
('correct:', '[1     ]')
error:  0.00001083
('out:    ', '[0.994 ]')
('correct:', '[1     ]')
error:  0.00001619
('out:    ', '[0.997 ]')
('correct:', '[1     ]')
error:  0.00000432
('out:    ', '[0.994 ]')
('correct:', '[1     ]')
error:  0.00001640
('out:    ', '[0.979 ]')
('correct:', '[1     ]')
error:  0.00021703
('out:    ', '[0.998 ]')
('correct:', '[1     ]')
error:  0.00000301
('out:    ', '[0.997 ]')
('correct:', '[1     ]')
error:  0.00000404
('out:    ', '[0.997 ]')
('correct:', '[1     ]')
error:  0.00000538
('out:    ', '[0.986 ]')
('correct:', '[1     ]')
error:  0.00010490
('out:    ', '[0.939 ]')
('correct:', '[1     ]')
error:  0.00188102
('out:    ', '[0.908 ]')
('correct:', '[1     ]')
error:  0.00421534
('out:    ', '[0.995 ]')
('correct:', '[1     ]')
error:  0.00001335
('out:    ', '[0.995 ]')
('correct:', '[1     ]')
error:  0.00001082
('out:    ', '[0.989 ]')
('correct:', '[1     ]')
error:  0.00005621
('out:    ', '[0.997 ]')
('correct:', '[1     ]')
error:  0.00000551
('out:    ', '[0.994 ]')
('correct:', '[1     ]')
error:  0.00001978
('out:    ', '[0.994 ]')
('correct:', '[1     ]')
error:  0.00002037
('out:    ', '[0.976 ]')
('correct:', '[1     ]')
error:  0.00029330
('out:    ', '[0.99  ]')
('correct:', '[1     ]')
error:  0.00005024
('out:    ', '[0.996 ]')
('correct:', '[1     ]')
error:  0.00000850
('out:    ', '[0.985 ]')
('correct:', '[1     ]')
error:  0.00011790
('out:    ', '[0.997 ]')
('correct:', '[1     ]')
error:  0.00000525
('out:    ', '[0.99  ]')
('correct:', '[1     ]')
error:  0.00004701
('out:    ', '[0.994 ]')
('correct:', '[1     ]')
error:  0.00001672
('out:    ', '[0.993 ]')
('correct:', '[1     ]')
error:  0.00002335
('out:    ', '[0.998 ]')
('correct:', '[1     ]')
error:  0.00000229
('out:    ', '[0.997 ]')
('correct:', '[1     ]')
error:  0.00000488
('out:    ', '[0.993 ]')
('correct:', '[1     ]')
error:  0.00002535
('out:    ', '[0.995 ]')
('correct:', '[1     ]')
error:  0.00001117
('out:    ', '[0.736 ]')
('correct:', '[1     ]')
error:  0.03488363
('out:    ', '[0.991 ]')
('correct:', '[1     ]')
error:  0.00003844
('out:    ', '[0.868 ]')
('correct:', '[1     ]')
error:  0.00873262
('out:    ', '[0.987 ]')
('correct:', '[1     ]')
error:  0.00008201
('out:    ', '[0.75  ]')
('correct:', '[1     ]')
error:  0.03122756
('out:    ', '[0.996 ]')
('correct:', '[1     ]')
error:  0.00000870
('out:    ', '[0.987 ]')
('correct:', '[1     ]')
error:  0.00007920
('out:    ', '[0.791 ]')
('correct:', '[1     ]')
error:  0.02177304
('out:    ', '[0.99  ]')
('correct:', '[1     ]')
error:  0.00004614
('out:    ', '[0.995 ]')
('correct:', '[1     ]')
error:  0.00001030
('out:    ', '[0.996 ]')
('correct:', '[1     ]')
error:  0.00000859
('out:    ', '[0.996 ]')
('correct:', '[1     ]')
error:  0.00000914
('out:    ', '[0.993 ]')
('correct:', '[1     ]')
error:  0.00002410
('out:    ', '[0.992 ]')
('correct:', '[1     ]')
error:  0.00002926
('out:    ', '[0.992 ]')
('correct:', '[1     ]')
error:  0.00002814
('out:    ', '[0.986 ]')
('correct:', '[1     ]')
error:  0.00009843
('out:    ', '[0.997 ]')
('correct:', '[1     ]')
error:  0.00000355
('out:    ', '[0.993 ]')
('correct:', '[1     ]')
error:  0.00002131
('out:    ', '[0.937 ]')
('correct:', '[1     ]')
error:  0.00195966
('out:    ', '[0.993 ]')
('correct:', '[1     ]')
error:  0.00002639
('out:    ', '[0.996 ]')
('correct:', '[1     ]')
error:  0.00000646
('out:    ', '[0.996 ]')
('correct:', '[1     ]')
error:  0.00000910
('out:    ', '[0.981 ]')
('correct:', '[1     ]')
error:  0.00017773
('out:    ', '[0.995 ]')
('correct:', '[1     ]')
error:  0.00001053
('out:    ', '[0.994 ]')
('correct:', '[1     ]')
error:  0.00001705
('out:    ', '[0.978 ]')
('correct:', '[1     ]')
error:  0.00023151
('out:    ', '[0.994 ]')
('correct:', '[1     ]')
error:  0.00001939
('out:    ', '[0.993 ]')
('correct:', '[1     ]')
error:  0.00002535
('out:    ', '[0.993 ]')
('correct:', '[1     ]')
error:  0.00002116
('out:    ', '[0.981 ]')
('correct:', '[1     ]')
error:  0.00018466
('out:    ', '[0.379 ]')
('correct:', '[1     ]')
error:  0.19265044
('out:    ', '[0.996 ]')
('correct:', '[1     ]')
error:  0.00000741
('out:    ', '[0.994 ]')
('correct:', '[1     ]')
error:  0.00001868
('out:    ', '[0.993 ]')
('correct:', '[1     ]')
error:  0.00002615
('out:    ', '[0.997 ]')
('correct:', '[1     ]')
error:  0.00000340
('out:    ', '[0.709 ]')
('correct:', '[1     ]')
error:  0.04239441
('out:    ', '[0.948 ]')
('correct:', '[1     ]')
error:  0.00132863
('out:    ', '[0.993 ]')
('correct:', '[1     ]')
error:  0.00002611
('out:    ', '[0.992 ]')
('correct:', '[1     ]')
error:  0.00003488
('out:    ', '[0.961 ]')
('correct:', '[1     ]')
error:  0.00074847
('out:    ', '[0.992 ]')
('correct:', '[1     ]')
error:  0.00003288
('out:    ', '[0.995 ]')
('correct:', '[1     ]')
error:  0.00001062
('out:    ', '[0.995 ]')
('correct:', '[1     ]')
error:  0.00001113
('out:    ', '[0.997 ]')
('correct:', '[1     ]')
error:  0.00000479
('out:    ', '[0.994 ]')
('correct:', '[1     ]')
error:  0.00002003
('out:    ', '[0.997 ]')
('correct:', '[1     ]')
error:  0.00000493
('out:    ', '[0.982 ]')
('correct:', '[1     ]')
error:  0.00015762
('out:    ', '[0.992 ]')
('correct:', '[1     ]')
error:  0.00002954
('out:    ', '[0.99  ]')
('correct:', '[1     ]')
error:  0.00004802
('out:    ', '[0.991 ]')
('correct:', '[1     ]')
error:  0.00003926
('out:    ', '[0.996 ]')
('correct:', '[1     ]')
error:  0.00000868
('out:    ', '[0.997 ]')
('correct:', '[1     ]')
error:  0.00000491
('out:    ', '[0.992 ]')
('correct:', '[1     ]')
error:  0.00003296
('out:    ', '[0.995 ]')
('correct:', '[1     ]')
error:  0.00001083
('out:    ', '[0.992 ]')
('correct:', '[1     ]')
error:  0.00002844
('out:    ', '[0.958 ]')
('correct:', '[1     ]')
error:  0.00087252
('out:    ', '[0.996 ]')
('correct:', '[1     ]')
error:  0.00000626
('out:    ', '[0.982 ]')
('correct:', '[1     ]')
error:  0.00016020
('out:    ', '[0.9   ]')
('correct:', '[1     ]')
error:  0.00496924
('out:    ', '[0.987 ]')
('correct:', '[1     ]')
error:  0.00008579
('out:    ', '[0.996 ]')
('correct:', '[1     ]')
error:  0.00000649
('out:    ', '[0.995 ]')
('correct:', '[1     ]')
error:  0.00001046
('out:    ', '[0.931 ]')
('correct:', '[1     ]')
error:  0.00235107
('out:    ', '[0.996 ]')
('correct:', '[1     ]')
error:  0.00000879
('out:    ', '[0.998 ]')
('correct:', '[1     ]')
error:  0.00000258
('out:    ', '[0.995 ]')
('correct:', '[1     ]')
error:  0.00001298
('out:    ', '[0.994 ]')
('correct:', '[1     ]')
error:  0.00002077
('out:    ', '[0.992 ]')
('correct:', '[1     ]')
error:  0.00002845
('out:    ', '[0.995 ]')
('correct:', '[1     ]')
error:  0.00001242
('out:    ', '[0.985 ]')
('correct:', '[1     ]')
error:  0.00011094
('out:    ', '[0.992 ]')
('correct:', '[1     ]')
error:  0.00003310
('out:    ', '[0.996 ]')
('correct:', '[1     ]')
error:  0.00000800
('out:    ', '[0.997 ]')
('correct:', '[1     ]')
error:  0.00000604
('out:    ', '[0.995 ]')
('correct:', '[1     ]')
error:  0.00001068
('out:    ', '[0.99  ]')
('correct:', '[1     ]')
error:  0.00004741
('out:    ', '[0.997 ]')
('correct:', '[1     ]')
error:  0.00000437
('out:    ', '[0.995 ]')
('correct:', '[1     ]')
error:  0.00001107
('out:    ', '[0.993 ]')
('correct:', '[1     ]')
error:  0.00002317
('out:    ', '[0.982 ]')
('correct:', '[1     ]')
error:  0.00016881
('out:    ', '[0.966 ]')
('correct:', '[1     ]')
error:  0.00057230
('out:    ', '[0.794 ]')
('correct:', '[1     ]')
error:  0.02123659
('out:    ', '[0.988 ]')
('correct:', '[1     ]')
error:  0.00006884
('out:    ', '[0.995 ]')
('correct:', '[1     ]')
error:  0.00001324
('out:    ', '[0.893 ]')
('correct:', '[1     ]')
error:  0.00570580
('out:    ', '[0.993 ]')
('correct:', '[1     ]')
error:  0.00002325
('out:    ', '[0.953 ]')
('correct:', '[1     ]')
error:  0.00111858
('out:    ', '[0.996 ]')
('correct:', '[1     ]')
error:  0.00000650
('out:    ', '[0.995 ]')
('correct:', '[1     ]')
error:  0.00001061
('out:    ', '[0.99  ]')
('correct:', '[1     ]')
error:  0.00004626
('out:    ', '[0.995 ]')
('correct:', '[1     ]')
error:  0.00001136
('out:    ', '[0.994 ]')
('correct:', '[1     ]')
error:  0.00001787
('out:    ', '[0.824 ]')
('correct:', '[1     ]')
error:  0.01546392
('out:    ', '[0.994 ]')
('correct:', '[1     ]')
error:  0.00001537
('out:    ', '[0.988 ]')
('correct:', '[1     ]')
error:  0.00006873
('out:    ', '[0.995 ]')
('correct:', '[1     ]')
error:  0.00001372
('out:    ', '[0.729 ]')
('correct:', '[1     ]')
error:  0.03682022
('out:    ', '[0.995 ]')
('correct:', '[1     ]')
error:  0.00001486
('out:    ', '[0.997 ]')
('correct:', '[1     ]')
error:  0.00000570
('out:    ', '[0.987 ]')
('correct:', '[1     ]')
error:  0.00008871
('out:    ', '[0.987 ]')
('correct:', '[1     ]')
error:  0.00008708
('out:    ', '[0.992 ]')
('correct:', '[1     ]')
error:  0.00003604
('out:    ', '[0.989 ]')
('correct:', '[1     ]')
error:  0.00005710
('out:    ', '[0.989 ]')
('correct:', '[1     ]')
error:  0.00005833
('out:    ', '[0.977 ]')
('correct:', '[1     ]')
error:  0.00027162
('out:    ', '[0.997 ]')
('correct:', '[1     ]')
error:  0.00000319
('out:    ', '[0.996 ]')
('correct:', '[1     ]')
error:  0.00000840
('out:    ', '[0.993 ]')
('correct:', '[1     ]')
error:  0.00002649
('out:    ', '[0.997 ]')
('correct:', '[1     ]')
error:  0.00000511
('out:    ', '[0.988 ]')
('correct:', '[1     ]')
error:  0.00006655
('out:    ', '[0.648 ]')
('correct:', '[1     ]')
error:  0.06179832
('out:    ', '[0.995 ]')
('correct:', '[1     ]')
error:  0.00001273
('out:    ', '[0.97  ]')
('correct:', '[1     ]')
error:  0.00044115
('out:    ', '[0.893 ]')
('correct:', '[1     ]')
error:  0.00570315
('out:    ', '[0.989 ]')
('correct:', '[1     ]')
error:  0.00006565
('out:    ', '[0.996 ]')
('correct:', '[1     ]')
error:  0.00000789
('out:    ', '[0.983 ]')
('correct:', '[1     ]')
error:  0.00013842
('out:    ', '[0.997 ]')
('correct:', '[1     ]')
error:  0.00000493
('out:    ', '[0.996 ]')
('correct:', '[1     ]')
error:  0.00000883
('out:    ', '[0.994 ]')
('correct:', '[1     ]')
error:  0.00001980
('out:    ', '[0.995 ]')
('correct:', '[1     ]')
error:  0.00001320
('out:    ', '[0.994 ]')
('correct:', '[1     ]')
error:  0.00001874
('out:    ', '[0.995 ]')
('correct:', '[1     ]')
error:  0.00001254
('out:    ', '[0.996 ]')
('correct:', '[1     ]')
error:  0.00000833
('out:    ', '[0.952 ]')
('correct:', '[1     ]')
error:  0.00114016
('out:    ', '[0.947 ]')
('correct:', '[1     ]')
error:  0.00141305
('out:    ', '[0.995 ]')
('correct:', '[1     ]')
error:  0.00001301
('out:    ', '[0.987 ]')
('correct:', '[1     ]')
error:  0.00008066
('out:    ', '[0.996 ]')
('correct:', '[1     ]')
error:  0.00000816
('out:    ', '[0.989 ]')
('correct:', '[1     ]')
error:  0.00005814
('out:    ', '[0.995 ]')
('correct:', '[1     ]')
error:  0.00001176
('out:    ', '[0.994 ]')
('correct:', '[1     ]')
error:  0.00001852
('out:    ', '[0.994 ]')
('correct:', '[1     ]')
error:  0.00001736
('out:    ', '[0.993 ]')
('correct:', '[1     ]')
error:  0.00002242
('out:    ', '[0.989 ]')
('correct:', '[1     ]')
error:  0.00006028
('out:    ', '[0.995 ]')
('correct:', '[1     ]')
error:  0.00001088
('out:    ', '[0.723 ]')
('correct:', '[1     ]')
error:  0.03845769
('out:    ', '[0.988 ]')
('correct:', '[1     ]')
error:  0.00007528
('out:    ', '[0.92  ]')
('correct:', '[1     ]')
error:  0.00317427
('out:    ', '[0.997 ]')
('correct:', '[1     ]')
error:  0.00000319
('out:    ', '[0.991 ]')
('correct:', '[1     ]')
error:  0.00003949
('out:    ', '[0.333 ]')
('correct:', '[1     ]')
error:  0.22226881
('out:    ', '[0.995 ]')
('correct:', '[1     ]')
error:  0.00001064
('out:    ', '[0.995 ]')
('correct:', '[1     ]')
error:  0.00001168
('out:    ', '[0.924 ]')
('correct:', '[1     ]')
error:  0.00288982
('out:    ', '[0.995 ]')
('correct:', '[1     ]')
error:  0.00001452
('out:    ', '[0.9   ]')
('correct:', '[1     ]')
error:  0.00500926
('out:    ', '[0.982 ]')
('correct:', '[1     ]')
error:  0.00016161
('out:    ', '[0.996 ]')
('correct:', '[1     ]')
error:  0.00000988
('out:    ', '[0.983 ]')
('correct:', '[1     ]')
error:  0.00015153
('out:    ', '[0.995 ]')
('correct:', '[1     ]')
error:  0.00001146
('out:    ', '[0.991 ]')
('correct:', '[1     ]')
error:  0.00004289
('out:    ', '[0.993 ]')
('correct:', '[1     ]')
error:  0.00002597
('out:    ', '[0.994 ]')
('correct:', '[1     ]')
error:  0.00001860
('out:    ', '[0.988 ]')
('correct:', '[1     ]')
error:  0.00006631
('out:    ', '[0.997 ]')
('correct:', '[1     ]')
error:  0.00000463
('out:    ', '[0.939 ]')
('correct:', '[1     ]')
error:  0.00183446
('out:    ', '[0.997 ]')
('correct:', '[1     ]')
error:  0.00000542
('out:    ', '[0.995 ]')
('correct:', '[1     ]')
error:  0.00001217
('out:    ', '[0.989 ]')
('correct:', '[1     ]')
error:  0.00006191
('out:    ', '[0.996 ]')
('correct:', '[1     ]')
error:  0.00000653
('out:    ', '[0.991 ]')
('correct:', '[1     ]')
error:  0.00003966
('out:    ', '[0.997 ]')
('correct:', '[1     ]')
error:  0.00000546
('out:    ', '[0.981 ]')
('correct:', '[1     ]')
error:  0.00017617
('out:    ', '[0.997 ]')
('correct:', '[1     ]')
error:  0.00000585
('out:    ', '[0.894 ]')
('correct:', '[1     ]')
error:  0.00557555
('out:    ', '[0.992 ]')
('correct:', '[1     ]')
error:  0.00003157
('out:    ', '[0.971 ]')
('correct:', '[1     ]')
error:  0.00042490
('out:    ', '[0.995 ]')
('correct:', '[1     ]')
error:  0.00001094
('out:    ', '[0.995 ]')
('correct:', '[1     ]')
error:  0.00001256
('out:    ', '[0.993 ]')
('correct:', '[1     ]')
error:  0.00002115
('out:    ', '[0.997 ]')
('correct:', '[1     ]')
error:  0.00000570
('out:    ', '[0.989 ]')
('correct:', '[1     ]')
error:  0.00006351
('out:    ', '[0.997 ]')
('correct:', '[1     ]')
error:  0.00000356
('out:    ', '[0.773 ]')
('correct:', '[1     ]')
error:  0.02577215
('out:    ', '[0.988 ]')
('correct:', '[1     ]')
error:  0.00007313
('out:    ', '[0.995 ]')
('correct:', '[1     ]')
error:  0.00001356
('out:    ', '[0.983 ]')
('correct:', '[1     ]')
error:  0.00015221
('out:    ', '[0.995 ]')
('correct:', '[1     ]')
error:  0.00001339
('out:    ', '[0.982 ]')
('correct:', '[1     ]')
error:  0.00016129
('out:    ', '[0.995 ]')
('correct:', '[1     ]')
error:  0.00001237
('out:    ', '[0.987 ]')
('correct:', '[1     ]')
error:  0.00008220
('out:    ', '[0.965 ]')
('correct:', '[1     ]')
error:  0.00060227
('out:    ', '[0.993 ]')
('correct:', '[1     ]')
error:  0.00002465
('out:    ', '[0.836 ]')
('correct:', '[1     ]')
error:  0.01348893
('out:    ', '[0.904 ]')
('correct:', '[1     ]')
error:  0.00457431
('out:    ', '[0.995 ]')
('correct:', '[1     ]')
error:  0.00001122
('out:    ', '[0.997 ]')
('correct:', '[1     ]')
error:  0.00000337
('out:    ', '[0.994 ]')
('correct:', '[1     ]')
error:  0.00001849
('out:    ', '[0.963 ]')
('correct:', '[1     ]')
error:  0.00069338
('out:    ', '[0.991 ]')
('correct:', '[1     ]')
error:  0.00004400
('out:    ', '[0.977 ]')
('correct:', '[1     ]')
error:  0.00025831
('out:    ', '[0.998 ]')
('correct:', '[1     ]')
error:  0.00000271
('out:    ', '[0.997 ]')
('correct:', '[1     ]')
error:  0.00000568
('out:    ', '[0.997 ]')
('correct:', '[1     ]')
error:  0.00000465
('out:    ', '[0.977 ]')
('correct:', '[1     ]')
error:  0.00025600
('out:    ', '[0.995 ]')
('correct:', '[1     ]')
error:  0.00001046
('out:    ', '[0.997 ]')
('correct:', '[1     ]')
error:  0.00000548
('out:    ', '[0.987 ]')
('correct:', '[1     ]')
error:  0.00008445
('out:    ', '[0.979 ]')
('correct:', '[1     ]')
error:  0.00021156
('out:    ', '[0.996 ]')
('correct:', '[1     ]')
error:  0.00000827
('out:    ', '[0.957 ]')
('correct:', '[1     ]')
error:  0.00093966
('out:    ', '[0.996 ]')
('correct:', '[1     ]')
error:  0.00000754
('out:    ', '[0.993 ]')
('correct:', '[1     ]')
error:  0.00002518
('out:    ', '[0.996 ]')
('correct:', '[1     ]')
error:  0.00000711
('out:    ', '[0.996 ]')
('correct:', '[1     ]')
error:  0.00000929
('out:    ', '[0.996 ]')
('correct:', '[1     ]')
error:  0.00000634
('out:    ', '[0.892 ]')
('correct:', '[1     ]')
error:  0.00587968
('out:    ', '[0.976 ]')
('correct:', '[1     ]')
error:  0.00027662
('out:    ', '[0.931 ]')
('correct:', '[1     ]')
error:  0.00238146
('out:    ', '[0.994 ]')
('correct:', '[1     ]')
error:  0.00001921
('out:    ', '[0.982 ]')
('correct:', '[1     ]')
error:  0.00016042
('out:    ', '[0.985 ]')
('correct:', '[1     ]')
error:  0.00011028
('out:    ', '[0.99  ]')
('correct:', '[1     ]')
error:  0.00005381
('out:    ', '[0.992 ]')
('correct:', '[1     ]')
error:  0.00003423
('out:    ', '[0.994 ]')
('correct:', '[1     ]')
error:  0.00002047
('out:    ', '[0.963 ]')
('correct:', '[1     ]')
error:  0.00067315
('out:    ', '[0.995 ]')
('correct:', '[1     ]')
error:  0.00001026
('out:    ', '[0.996 ]')
('correct:', '[1     ]')
error:  0.00000764
('out:    ', '[0.718 ]')
('correct:', '[1     ]')
error:  0.03977067
('out:    ', '[0.993 ]')
('correct:', '[1     ]')
error:  0.00002234
('out:    ', '[0.995 ]')
('correct:', '[1     ]')
error:  0.00001025
('out:    ', '[0.926 ]')
('correct:', '[1     ]')
error:  0.00275352
('out:    ', '[0.993 ]')
('correct:', '[1     ]')
error:  0.00002551
('out:    ', '[0.806 ]')
('correct:', '[0     ]')
error:  0.32492355
('out:    ', '[0.997 ]')
('correct:', '[1     ]')
error:  0.00000360
('out:    ', '[0.977 ]')
('correct:', '[1     ]')
error:  0.00026928
('out:    ', '[0.995 ]')
('correct:', '[1     ]')
error:  0.00001028
('out:    ', '[0.988 ]')
('correct:', '[1     ]')
error:  0.00007233
('out:    ', '[0.995 ]')
('correct:', '[1     ]')
error:  0.00001050
('out:    ', '[0.995 ]')
('correct:', '[1     ]')
error:  0.00001268
('out:    ', '[0.987 ]')
('correct:', '[1     ]')
error:  0.00008743
('out:    ', '[0.997 ]')
('correct:', '[1     ]')
error:  0.00000572
('out:    ', '[0.852 ]')
('correct:', '[1     ]')
error:  0.01096119
('out:    ', '[0.875 ]')
('correct:', '[1     ]')
error:  0.00775349
('out:    ', '[0.996 ]')
('correct:', '[1     ]')
error:  0.00000653
('out:    ', '[0.993 ]')
('correct:', '[1     ]')
error:  0.00002275
('out:    ', '[0.993 ]')
('correct:', '[1     ]')
error:  0.00002662
('out:    ', '[0.995 ]')
('correct:', '[1     ]')
error:  0.00001170
('out:    ', '[0.986 ]')
('correct:', '[1     ]')
error:  0.00009426
('out:    ', '[0.975 ]')
('correct:', '[1     ]')
error:  0.00031328
('out:    ', '[0.995 ]')
('correct:', '[1     ]')
error:  0.00001052
('out:    ', '[0.996 ]')
('correct:', '[1     ]')
error:  0.00000861
('out:    ', '[0.696 ]')
('correct:', '[1     ]')
error:  0.04612101
('out:    ', '[0.989 ]')
('correct:', '[1     ]')
error:  0.00006267
('out:    ', '[0.96  ]')
('correct:', '[1     ]')
error:  0.00078951
('out:    ', '[0.984 ]')
('correct:', '[1     ]')
error:  0.00012063
('out:    ', '[0.993 ]')
('correct:', '[1     ]')
error:  0.00002117
('out:    ', '[0.996 ]')
('correct:', '[1     ]')
error:  0.00000975
('out:    ', '[0.995 ]')
('correct:', '[1     ]')
error:  0.00001357
('out:    ', '[0.984 ]')
('correct:', '[1     ]')
error:  0.00013196
('out:    ', '[0.987 ]')
('correct:', '[1     ]')
error:  0.00008274
('out:    ', '[0.957 ]')
('correct:', '[1     ]')
error:  0.00093227
('out:    ', '[0.994 ]')
('correct:', '[1     ]')
error:  0.00001736
('out:    ', '[0.994 ]')
('correct:', '[1     ]')
error:  0.00002028
('out:    ', '[0.993 ]')
('correct:', '[1     ]')
error:  0.00002649
('out:    ', '[0.987 ]')
('correct:', '[1     ]')
error:  0.00008693
('out:    ', '[0.838 ]')
('correct:', '[1     ]')
error:  0.01305085
('out:    ', '[0.93  ]')
('correct:', '[1     ]')
error:  0.00241533
('out:    ', '[0.915 ]')
('correct:', '[1     ]')
error:  0.00360756
('out:    ', '[0.992 ]')
('correct:', '[1     ]')
error:  0.00002937
('out:    ', '[0.927 ]')
('correct:', '[0     ]')
error:  0.42981016
('out:    ', '[0.998 ]')
('correct:', '[1     ]')
error:  0.00000289
('out:    ', '[0.99  ]')
('correct:', '[1     ]')
error:  0.00004973
('out:    ', '[0.991 ]')
('correct:', '[1     ]')
error:  0.00004077
('out:    ', '[0.878 ]')
('correct:', '[1     ]')
error:  0.00743501
('out:    ', '[0.981 ]')
('correct:', '[1     ]')
error:  0.00017780
('out:    ', '[0.968 ]')
('correct:', '[1     ]')
error:  0.00051622
('out:    ', '[0.986 ]')
('correct:', '[1     ]')
error:  0.00009574
('out:    ', '[0.931 ]')
('correct:', '[1     ]')
error:  0.00234642
('out:    ', '[0.88  ]')
('correct:', '[1     ]')
error:  0.00724194
('out:    ', '[0.994 ]')
('correct:', '[1     ]')
error:  0.00002032
('out:    ', '[0.997 ]')
('correct:', '[1     ]')
error:  0.00000351
('out:    ', '[0.952 ]')
('correct:', '[1     ]')
error:  0.00113193
('out:    ', '[0.991 ]')
('correct:', '[1     ]')
error:  0.00003627
('out:    ', '[0.977 ]')
('correct:', '[1     ]')
error:  0.00025617
('out:    ', '[0.994 ]')
('correct:', '[1     ]')
error:  0.00001890
('out:    ', '[0.994 ]')
('correct:', '[1     ]')
error:  0.00001887
('out:    ', '[0.993 ]')
('correct:', '[1     ]')
error:  0.00002455
('out:    ', '[0.667 ]')
('correct:', '[1     ]')
error:  0.05535930
('out:    ', '[0.879 ]')
('correct:', '[1     ]')
error:  0.00727794
('out:    ', '[0.755 ]')
('correct:', '[1     ]')
error:  0.03002903
('out:    ', '[0.703 ]')
('correct:', '[1     ]')
error:  0.04414451
('out:    ', '[0.986 ]')
('correct:', '[1     ]')
error:  0.00009662
('out:    ', '[0.995 ]')
('correct:', '[1     ]')
error:  0.00001503
('out:    ', '[0.998 ]')
('correct:', '[1     ]')
error:  0.00000265
('out:    ', '[0.663 ]')
('correct:', '[1     ]')
error:  0.05673722
('out:    ', '[0.987 ]')
('correct:', '[1     ]')
error:  0.00008303
('out:    ', '[0.985 ]')
('correct:', '[1     ]')
error:  0.00011290
('out:    ', '[0.75  ]')
('correct:', '[1     ]')
error:  0.03125975
('out:    ', '[0.984 ]')
('correct:', '[1     ]')
error:  0.00012278
('out:    ', '[0.183 ]')
('correct:', '[1     ]')
error:  0.33337587
('out:    ', '[0.995 ]')
('correct:', '[1     ]')
error:  0.00001291
('out:    ', '[0.993 ]')
('correct:', '[1     ]')
error:  0.00002477
('out:    ', '[0.931 ]')
('correct:', '[1     ]')
error:  0.00235187
('out:    ', '[0.995 ]')
('correct:', '[1     ]')
error:  0.00001430
('out:    ', '[0.993 ]')
('correct:', '[1     ]')
error:  0.00002454
('out:    ', '[0.993 ]')
('correct:', '[1     ]')
error:  0.00002332
('out:    ', '[0.896 ]')
('correct:', '[1     ]')
error:  0.00535932
('out:    ', '[0.995 ]')
('correct:', '[1     ]')
error:  0.00001029
('out:    ', '[0.995 ]')
('correct:', '[1     ]')
error:  0.00001026
('out:    ', '[0.991 ]')
('correct:', '[1     ]')
error:  0.00004481
('out:    ', '[0.996 ]')
('correct:', '[1     ]')
error:  0.00001001
('out:    ', '[0.837 ]')
('correct:', '[1     ]')
error:  0.01326011
('out:    ', '[0.987 ]')
('correct:', '[1     ]')
error:  0.00008138
('out:    ', '[0.84  ]')
('correct:', '[1     ]')
error:  0.01275685
('out:    ', '[0.995 ]')
('correct:', '[1     ]')
error:  0.00001474
('out:    ', '[0.99  ]')
('correct:', '[1     ]')
error:  0.00004800
('out:    ', '[0.962 ]')
('correct:', '[1     ]')
error:  0.00072020
('out:    ', '[0.996 ]')
('correct:', '[1     ]')
error:  0.00000978
('out:    ', '[0.997 ]')
('correct:', '[1     ]')
error:  0.00000494
('out:    ', '[0.861 ]')
('correct:', '[1     ]')
error:  0.00962325
('out:    ', '[0.989 ]')
('correct:', '[1     ]')
error:  0.00006066
('out:    ', '[0.96  ]')
('correct:', '[1     ]')
error:  0.00080910
('out:    ', '[0.868 ]')
('correct:', '[1     ]')
error:  0.00877369
('out:    ', '[0.992 ]')
('correct:', '[1     ]')
error:  0.00003287
('out:    ', '[0.997 ]')
('correct:', '[1     ]')
error:  0.00000320
('out:    ', '[0.91  ]')
('correct:', '[1     ]')
error:  0.00406338
('out:    ', '[0.981 ]')
('correct:', '[1     ]')
error:  0.00017921
('out:    ', '[0.902 ]')
('correct:', '[1     ]')
error:  0.00476675
('out:    ', '[0.934 ]')
('correct:', '[1     ]')
error:  0.00218202
('out:    ', '[0.985 ]')
('correct:', '[1     ]')
error:  0.00010531
('out:    ', '[0.852 ]')
('correct:', '[1     ]')
error:  0.01097771
('out:    ', '[0.977 ]')
('correct:', '[1     ]')
error:  0.00027522
('out:    ', '[0.997 ]')
('correct:', '[1     ]')
error:  0.00000497
('out:    ', '[0.99  ]')
('correct:', '[1     ]')
error:  0.00005227
('out:    ', '[0.99  ]')
('correct:', '[1     ]')
error:  0.00005288
('out:    ', '[0.988 ]')
('correct:', '[1     ]')
error:  0.00006781
('out:    ', '[0.989 ]')
('correct:', '[1     ]')
error:  0.00005635
('out:    ', '[0.994 ]')
('correct:', '[1     ]')
error:  0.00001657
('out:    ', '[0.995 ]')
('correct:', '[1     ]')
error:  0.00001111
('out:    ', '[0.974 ]')
('correct:', '[1     ]')
error:  0.00034560
('out:    ', '[0.992 ]')
('correct:', '[1     ]')
error:  0.00002831
('out:    ', '[0.982 ]')
('correct:', '[1     ]')
error:  0.00015886
('out:    ', '[0.985 ]')
('correct:', '[1     ]')
error:  0.00010866
('out:    ', '[0.929 ]')
('correct:', '[1     ]')
error:  0.00249538
('out:    ', '[0.996 ]')
('correct:', '[1     ]')
error:  0.00000808
('out:    ', '[0.987 ]')
('correct:', '[1     ]')
error:  0.00007999
('out:    ', '[0.994 ]')
('correct:', '[1     ]')
error:  0.00001726
('out:    ', '[0.842 ]')
('correct:', '[1     ]')
error:  0.01249812
('out:    ', '[0.93  ]')
('correct:', '[1     ]')
error:  0.00247763
('out:    ', '[0.992 ]')
('correct:', '[1     ]')
error:  0.00002885
('out:    ', '[0.989 ]')
('correct:', '[1     ]')
error:  0.00005624
('out:    ', '[0.996 ]')
('correct:', '[1     ]')
error:  0.00000762
('out:    ', '[0.993 ]')
('correct:', '[1     ]')
error:  0.00002346
('out:    ', '[0.996 ]')
('correct:', '[1     ]')
error:  0.00000781
('out:    ', '[0.995 ]')
('correct:', '[1     ]')
error:  0.00001174
('out:    ', '[0.929 ]')
('correct:', '[1     ]')
error:  0.00249454
('out:    ', '[0.992 ]')
('correct:', '[1     ]')
error:  0.00003361
('out:    ', '[0.996 ]')
('correct:', '[1     ]')
error:  0.00000754
('out:    ', '[0.993 ]')
('correct:', '[1     ]')
error:  0.00002143
('out:    ', '[0.991 ]')
('correct:', '[1     ]')
error:  0.00003996
('out:    ', '[0.994 ]')
('correct:', '[1     ]')
error:  0.00001701
('out:    ', '[0.995 ]')
('correct:', '[1     ]')
error:  0.00001145
('out:    ', '[0.987 ]')
('correct:', '[1     ]')
error:  0.00008429
('out:    ', '[0.992 ]')
('correct:', '[1     ]')
error:  0.00002987
('out:    ', '[0.996 ]')
('correct:', '[1     ]')
error:  0.00000950
('out:    ', '[0.997 ]')
('correct:', '[1     ]')
error:  0.00000502
('out:    ', '[0.993 ]')
('correct:', '[1     ]')
error:  0.00002203
('out:    ', '[0.99  ]')
('correct:', '[1     ]')
error:  0.00004645
('out:    ', '[0.996 ]')
('correct:', '[1     ]')
error:  0.00000787
('out:    ', '[0.997 ]')
('correct:', '[1     ]')
error:  0.00000518
('out:    ', '[0.985 ]')
('correct:', '[1     ]')
error:  0.00010539
('out:    ', '[0.986 ]')
('correct:', '[1     ]')
error:  0.00010396
('out:    ', '[0.996 ]')
('correct:', '[1     ]')
error:  0.00000653
('out:    ', '[0.994 ]')
('correct:', '[1     ]')
error:  0.00001531
('out:    ', '[0.997 ]')
('correct:', '[1     ]')
error:  0.00000506
('out:    ', '[0.984 ]')
('correct:', '[1     ]')
error:  0.00012758
('out:    ', '[0.992 ]')
('correct:', '[1     ]')
error:  0.00002897
('out:    ', '[0.967 ]')
('correct:', '[1     ]')
error:  0.00053271
('out:    ', '[0.995 ]')
('correct:', '[1     ]')
error:  0.00001069
('out:    ', '[0.988 ]')
('correct:', '[1     ]')
error:  0.00007498
('out:    ', '[0.903 ]')
('correct:', '[1     ]')
error:  0.00470599
('out:    ', '[0.986 ]')
('correct:', '[1     ]')
error:  0.00009957
('out:    ', '[0.99  ]')
('correct:', '[1     ]')
error:  0.00005379
('out:    ', '[0.997 ]')
('correct:', '[1     ]')
error:  0.00000598
('out:    ', '[0.986 ]')
('correct:', '[1     ]')
error:  0.00010074
('out:    ', '[0.871 ]')
('correct:', '[1     ]')
error:  0.00837161
('out:    ', '[0.938 ]')
('correct:', '[1     ]')
error:  0.00194340
('out:    ', '[0.995 ]')
('correct:', '[1     ]')
error:  0.00001277
('out:    ', '[0.969 ]')
('correct:', '[1     ]')
error:  0.00049168
('out:    ', '[0.866 ]')
('correct:', '[1     ]')
error:  0.00894533
('out:    ', '[0.991 ]')
('correct:', '[1     ]')
error:  0.00004051
('out:    ', '[0.985 ]')
('correct:', '[1     ]')
error:  0.00011584
('out:    ', '[0.994 ]')
('correct:', '[1     ]')
error:  0.00001701
('out:    ', '[0.988 ]')
('correct:', '[1     ]')
error:  0.00007587
('out:    ', '[0.734 ]')
('correct:', '[1     ]')
error:  0.03526431
('out:    ', '[0.993 ]')
('correct:', '[1     ]')
error:  0.00002651
('out:    ', '[0.994 ]')
('correct:', '[1     ]')
error:  0.00001774
('out:    ', '[0.995 ]')
('correct:', '[1     ]')
error:  0.00001123
('out:    ', '[0.993 ]')
('correct:', '[1     ]')
error:  0.00002750
('out:    ', '[0.997 ]')
('correct:', '[1     ]')
error:  0.00000329
('out:    ', '[0.916 ]')
('correct:', '[1     ]')
error:  0.00356573
('out:    ', '[0.981 ]')
('correct:', '[1     ]')
error:  0.00018821
('out:    ', '[0.996 ]')
('correct:', '[1     ]')
error:  0.00000987
('out:    ', '[0.986 ]')
('correct:', '[1     ]')
error:  0.00010254
('out:    ', '[0.992 ]')
('correct:', '[1     ]')
error:  0.00002962
('out:    ', '[0.994 ]')
('correct:', '[1     ]')
error:  0.00001582
('out:    ', '[0.933 ]')
('correct:', '[1     ]')
error:  0.00225830
('out:    ', '[0.986 ]')
('correct:', '[1     ]')
error:  0.00009607
('out:    ', '[0.988 ]')
('correct:', '[1     ]')
error:  0.00007711
('out:    ', '[0.994 ]')
('correct:', '[1     ]')
error:  0.00001809
('out:    ', '[0.987 ]')
('correct:', '[1     ]')
error:  0.00008986
('out:    ', '[0.994 ]')
('correct:', '[1     ]')
error:  0.00001982
('out:    ', '[0.993 ]')
('correct:', '[1     ]')
error:  0.00002236
('out:    ', '[0.989 ]')
('correct:', '[1     ]')
error:  0.00005846
('out:    ', '[0.994 ]')
('correct:', '[1     ]')
error:  0.00002034
('out:    ', '[0.79  ]')
('correct:', '[1     ]')
error:  0.02197956
('out:    ', '[0.978 ]')
('correct:', '[1     ]')
error:  0.00024991
('out:    ', '[0.985 ]')
('correct:', '[1     ]')
error:  0.00011966
('out:    ', '[0.988 ]')
('correct:', '[1     ]')
error:  0.00007304
('out:    ', '[0.994 ]')
('correct:', '[1     ]')
error:  0.00002005
('out:    ', '[0.995 ]')
('correct:', '[1     ]')
error:  0.00001369
('out:    ', '[0.994 ]')
('correct:', '[1     ]')
error:  0.00001867
('out:    ', '[0.994 ]')
('correct:', '[1     ]')
error:  0.00001778
('out:    ', '[0.997 ]')
('correct:', '[1     ]')
error:  0.00000559
('out:    ', '[0.997 ]')
('correct:', '[1     ]')
error:  0.00000405
('out:    ', '[0.997 ]')
('correct:', '[1     ]')
error:  0.00000535
('out:    ', '[0.994 ]')
('correct:', '[1     ]')
error:  0.00001827
('out:    ', '[0.987 ]')
('correct:', '[1     ]')
error:  0.00007828
('out:    ', '[0.995 ]')
('correct:', '[1     ]')
error:  0.00001027
('out:    ', '[0.995 ]')
('correct:', '[1     ]')
error:  0.00001066
('out:    ', '[0.974 ]')
('correct:', '[1     ]')
error:  0.00032680
('out:    ', '[0.987 ]')
('correct:', '[1     ]')
error:  0.00008521
('out:    ', '[0.987 ]')
('correct:', '[1     ]')
error:  0.00009024
('out:    ', '[0.991 ]')
('correct:', '[1     ]')
error:  0.00003990
('out:    ', '[0.988 ]')
('correct:', '[1     ]')
error:  0.00007649
('out:    ', '[0.985 ]')
('correct:', '[1     ]')
error:  0.00010960
('out:    ', '[0.991 ]')
('correct:', '[1     ]')
error:  0.00004272
('out:    ', '[0.743 ]')
('correct:', '[1     ]')
error:  0.03292413
('out:    ', '[0.993 ]')
('correct:', '[1     ]')
error:  0.00002132
('out:    ', '[0.99  ]')
('correct:', '[1     ]')
error:  0.00004708
('out:    ', '[0.991 ]')
('correct:', '[1     ]')
error:  0.00003647
('out:    ', '[0.987 ]')
('correct:', '[1     ]')
error:  0.00008659
('out:    ', '[0.991 ]')
('correct:', '[1     ]')
error:  0.00003758
('out:    ', '[0.989 ]')
('correct:', '[1     ]')
error:  0.00006498
('out:    ', '[0.875 ]')
('correct:', '[1     ]')
error:  0.00786932
('out:    ', '[0.997 ]')
('correct:', '[1     ]')
error:  0.00000610
('out:    ', '[0.905 ]')
('correct:', '[1     ]')
error:  0.00449405
('out:    ', '[0.751 ]')
('correct:', '[1     ]')
error:  0.03108445
('out:    ', '[0.366 ]')
('correct:', '[1     ]')
error:  0.20119861
('out:    ', '[0.99  ]')
('correct:', '[1     ]')
error:  0.00004923
('out:    ', '[0.973 ]')
('correct:', '[1     ]')
error:  0.00037091
('out:    ', '[0.96  ]')
('correct:', '[1     ]')
error:  0.00078665
('out:    ', '[0.993 ]')
('correct:', '[1     ]')
error:  0.00002677
('out:    ', '[0.994 ]')
('correct:', '[1     ]')
error:  0.00001719
('out:    ', '[0.992 ]')
('correct:', '[1     ]')
error:  0.00003313
('out:    ', '[0.979 ]')
('correct:', '[1     ]')
error:  0.00021483
('out:    ', '[0.98  ]')
('correct:', '[1     ]')
error:  0.00020573
('out:    ', '[0.985 ]')
('correct:', '[1     ]')
error:  0.00011773
('out:    ', '[0.994 ]')
('correct:', '[1     ]')
error:  0.00001576
('out:    ', '[0.99  ]')
('correct:', '[1     ]')
error:  0.00005146
('out:    ', '[0.993 ]')
('correct:', '[1     ]')
error:  0.00002710
('out:    ', '[0.994 ]')
('correct:', '[1     ]')
error:  0.00002092
('out:    ', '[0.987 ]')
('correct:', '[1     ]')
error:  0.00008853
('out:    ', '[0.987 ]')
('correct:', '[1     ]')
error:  0.00008574
('out:    ', '[0.989 ]')
('correct:', '[1     ]')
error:  0.00005943
('out:    ', '[0.909 ]')
('correct:', '[1     ]')
error:  0.00411987
('out:    ', '[0.989 ]')
('correct:', '[1     ]')
error:  0.00005554
('out:    ', '[0.994 ]')
('correct:', '[1     ]')
error:  0.00001712
('out:    ', '[0.993 ]')
('correct:', '[1     ]')
error:  0.00002321
('out:    ', '[0.987 ]')
('correct:', '[1     ]')
error:  0.00008258
('out:    ', '[0.744 ]')
('correct:', '[1     ]')
error:  0.03279711
('out:    ', '[0.977 ]')
('correct:', '[1     ]')
error:  0.00027075
('out:    ', '[0.874 ]')
('correct:', '[1     ]')
error:  0.00795956
('out:    ', '[0.971 ]')
('correct:', '[1     ]')
error:  0.00041938
('out:    ', '[0.915 ]')
('correct:', '[1     ]')
error:  0.00357042
('out:    ', '[0.993 ]')
('correct:', '[1     ]')
error:  0.00002263
('out:    ', '[0.979 ]')
('correct:', '[1     ]')
error:  0.00022975
('out:    ', '[0.973 ]')
('correct:', '[1     ]')
error:  0.00036129
('out:    ', '[0.99  ]')
('correct:', '[1     ]')
error:  0.00005094
('out:    ', '[0.987 ]')
('correct:', '[1     ]')
error:  0.00009013
('out:    ', '[0.996 ]')
('correct:', '[1     ]')
error:  0.00000885
('out:    ', '[0.993 ]')
('correct:', '[1     ]')
error:  0.00002373
('out:    ', '[0.985 ]')
('correct:', '[1     ]')
error:  0.00011026
('out:    ', '[0.992 ]')
('correct:', '[1     ]')
error:  0.00003588
('out:    ', '[0.989 ]')
('correct:', '[1     ]')
error:  0.00006586
('out:    ', '[0.972 ]')
('correct:', '[1     ]')
error:  0.00038748
('out:    ', '[0.977 ]')
('correct:', '[1     ]')
error:  0.00027505
('out:    ', '[0.987 ]')
('correct:', '[1     ]')
error:  0.00008926
('out:    ', '[0.996 ]')
('correct:', '[1     ]')
error:  0.00000636
('out:    ', '[0.985 ]')
('correct:', '[1     ]')
error:  0.00011785
('out:    ', '[0.996 ]')
('correct:', '[1     ]')
error:  0.00000777
('out:    ', '[0.898 ]')
('correct:', '[1     ]')
error:  0.00520228
('out:    ', '[0.988 ]')
('correct:', '[1     ]')
error:  0.00006657
('out:    ', '[0.923 ]')
('correct:', '[1     ]')
error:  0.00298948
('out:    ', '[0.98  ]')
('correct:', '[1     ]')
error:  0.00019662
('out:    ', '[0.994 ]')
('correct:', '[1     ]')
error:  0.00001944
('out:    ', '[0.793 ]')
('correct:', '[1     ]')
error:  0.02145541
('out:    ', '[0.711 ]')
('correct:', '[1     ]')
error:  0.04174584
('out:    ', '[0.988 ]')
('correct:', '[1     ]')
error:  0.00007578
('out:    ', '[0.972 ]')
('correct:', '[1     ]')
error:  0.00038103
('out:    ', '[0.927 ]')
('correct:', '[1     ]')
error:  0.00263467
('out:    ', '[0.992 ]')
('correct:', '[1     ]')
error:  0.00003049
('out:    ', '[0.985 ]')
('correct:', '[1     ]')
error:  0.00011850
('out:    ', '[0.822 ]')
('correct:', '[1     ]')
error:  0.01584381
('out:    ', '[0.987 ]')
('correct:', '[1     ]')
error:  0.00008830
('out:    ', '[0.996 ]')
('correct:', '[1     ]')
error:  0.00000776
('out:    ', '[0.941 ]')
('correct:', '[1     ]')
error:  0.00173360
('out:    ', '[0.957 ]')
('correct:', '[1     ]')
error:  0.00092328
('out:    ', '[0.992 ]')
('correct:', '[1     ]')
error:  0.00003523
('out:    ', '[0.949 ]')
('correct:', '[1     ]')
error:  0.00129303
('out:    ', '[0.995 ]')
('correct:', '[1     ]')
error:  0.00001033
('out:    ', '[0.997 ]')
('correct:', '[1     ]')
error:  0.00000526
('out:    ', '[0.902 ]')
('correct:', '[1     ]')
error:  0.00481953
('out:    ', '[0.806 ]')
('correct:', '[1     ]')
error:  0.01881119
('out:    ', '[0.988 ]')
('correct:', '[1     ]')
error:  0.00007753
('out:    ', '[0.994 ]')
('correct:', '[1     ]')
error:  0.00001956
('out:    ', '[0.994 ]')
('correct:', '[1     ]')
error:  0.00001536
('out:    ', '[0.996 ]')
('correct:', '[1     ]')
error:  0.00000833
('out:    ', '[0.959 ]')
('correct:', '[1     ]')
error:  0.00084169
('out:    ', '[0.988 ]')
('correct:', '[1     ]')
error:  0.00007173
('out:    ', '[0.964 ]')
('correct:', '[1     ]')
error:  0.00064987
('out:    ', '[0.996 ]')
('correct:', '[1     ]')
error:  0.00000714
('out:    ', '[0.994 ]')
('correct:', '[1     ]')
error:  0.00001962
('out:    ', '[0.925 ]')
('correct:', '[1     ]')
error:  0.00278829
('out:    ', '[0.885 ]')
('correct:', '[1     ]')
error:  0.00661164
('out:    ', '[0.985 ]')
('correct:', '[1     ]')
error:  0.00011973
('out:    ', '[0.995 ]')
('correct:', '[1     ]')
error:  0.00001431
('out:    ', '[0.881 ]')
('correct:', '[1     ]')
error:  0.00709751
('out:    ', '[0.985 ]')
('correct:', '[1     ]')
error:  0.00010965
('out:    ', '[0.979 ]')
('correct:', '[1     ]')
error:  0.00021865
('out:    ', '[0.987 ]')
('correct:', '[1     ]')
error:  0.00008991
('out:    ', '[0.992 ]')
('correct:', '[1     ]')
error:  0.00003351
('out:    ', '[0.991 ]')
('correct:', '[1     ]')
error:  0.00004127
('out:    ', '[0.987 ]')
('correct:', '[1     ]')
error:  0.00008409
('out:    ', '[0.994 ]')
('correct:', '[1     ]')
error:  0.00001928
('out:    ', '[0.919 ]')
('correct:', '[1     ]')
error:  0.00326193
('out:    ', '[0.997 ]')
('correct:', '[1     ]')
error:  0.00000410
('out:    ', '[0.926 ]')
('correct:', '[1     ]')
error:  0.00275701
('out:    ', '[0.989 ]')
('correct:', '[1     ]')
error:  0.00005748
('out:    ', '[0.913 ]')
('correct:', '[1     ]')
error:  0.00380965
('out:    ', '[0.967 ]')
('correct:', '[1     ]')
error:  0.00055891
('out:    ', '[0.9   ]')
('correct:', '[1     ]')
error:  0.00500368
('out:    ', '[0.997 ]')
('correct:', '[1     ]')
error:  0.00000601
('out:    ', '[0.861 ]')
('correct:', '[1     ]')
error:  0.00967640
('out:    ', '[0.994 ]')
('correct:', '[1     ]')
error:  0.00002101
('out:    ', '[0.996 ]')
('correct:', '[1     ]')
error:  0.00000663
('out:    ', '[0.995 ]')
('correct:', '[1     ]')
error:  0.00001037
('out:    ', '[0.951 ]')
('correct:', '[1     ]')
error:  0.00118357
('out:    ', '[0.994 ]')
('correct:', '[1     ]')
error:  0.00001850
('out:    ', '[0.998 ]')
('correct:', '[1     ]')
error:  0.00000269
('out:    ', '[0.992 ]')
('correct:', '[1     ]')
error:  0.00003376
('out:    ', '[0.997 ]')
('correct:', '[1     ]')
error:  0.00000582
('out:    ', '[0.997 ]')
('correct:', '[1     ]')
error:  0.00000519
('out:    ', '[0.929 ]')
('correct:', '[1     ]')
error:  0.00251063
('out:    ', '[0.92  ]')
('correct:', '[1     ]')
error:  0.00321700
('out:    ', '[0.997 ]')
('correct:', '[1     ]')
error:  0.00000584
('out:    ', '[0.99  ]')
('correct:', '[1     ]')
error:  0.00005382
('out:    ', '[0.962 ]')
('correct:', '[1     ]')
error:  0.00072616
('out:    ', '[0.986 ]')
('correct:', '[1     ]')
error:  0.00009492
('out:    ', '[0.98  ]')
('correct:', '[1     ]')
error:  0.00019898
('out:    ', '[0.967 ]')
('correct:', '[1     ]')
error:  0.00052877
('out:    ', '[0.9   ]')
('correct:', '[1     ]')
error:  0.00499786
('out:    ', '[0.991 ]')
('correct:', '[1     ]')
error:  0.00004314
('out:    ', '[0.968 ]')
('correct:', '[1     ]')
error:  0.00051651
('out:    ', '[0.992 ]')
('correct:', '[1     ]')
error:  0.00002821
('out:    ', '[0.997 ]')
('correct:', '[1     ]')
error:  0.00000515
('out:    ', '[0.989 ]')
('correct:', '[1     ]')
error:  0.00005913
('out:    ', '[0.931 ]')
('correct:', '[1     ]')
error:  0.00236421
('out:    ', '[0.996 ]')
('correct:', '[1     ]')
error:  0.00000657
('out:    ', '[0.68  ]')
('correct:', '[1     ]')
error:  0.05129798
('out:    ', '[0.996 ]')
('correct:', '[1     ]')
error:  0.00000963
('out:    ', '[0.941 ]')
('correct:', '[1     ]')
error:  0.00171125
('out:    ', '[0.924 ]')
('correct:', '[1     ]')
error:  0.00290962
('out:    ', '[0.981 ]')
('correct:', '[1     ]')
error:  0.00017996
('out:    ', '[0.981 ]')
('correct:', '[1     ]')
error:  0.00018168
('out:    ', '[0.987 ]')
('correct:', '[1     ]')
error:  0.00008284
('out:    ', '[0.982 ]')
('correct:', '[1     ]')
error:  0.00015368
('out:    ', '[0.985 ]')
('correct:', '[1     ]')
error:  0.00010987
('out:    ', '[0.997 ]')
('correct:', '[1     ]')
error:  0.00000466
('out:    ', '[0.993 ]')
('correct:', '[1     ]')
error:  0.00002292
('out:    ', '[0.938 ]')
('correct:', '[1     ]')
error:  0.00193734
('out:    ', '[0.976 ]')
('correct:', '[1     ]')
error:  0.00029026
('out:    ', '[0.977 ]')
('correct:', '[1     ]')
error:  0.00026656
('out:    ', '[0.984 ]')
('correct:', '[1     ]')
error:  0.00012663
('out:    ', '[0.996 ]')
('correct:', '[1     ]')
error:  0.00000966
('out:    ', '[0.994 ]')
('correct:', '[1     ]')
error:  0.00001975
('out:    ', '[0.993 ]')
('correct:', '[1     ]')
error:  0.00002499
('out:    ', '[0.985 ]')
('correct:', '[1     ]')
error:  0.00011716
('out:    ', '[0.949 ]')
('correct:', '[1     ]')
error:  0.00129686
('out:    ', '[0.99  ]')
('correct:', '[1     ]')
error:  0.00004886
('out:    ', '[0.993 ]')
('correct:', '[1     ]')
error:  0.00002207
('out:    ', '[0.986 ]')
('correct:', '[1     ]')
error:  0.00009999
('out:    ', '[0.947 ]')
('correct:', '[1     ]')
error:  0.00138807
('out:    ', '[0.868 ]')
('correct:', '[1     ]')
error:  0.00873011
('out:    ', '[0.993 ]')
('correct:', '[1     ]')
error:  0.00002411
('out:    ', '[0.996 ]')
('correct:', '[1     ]')
error:  0.00001006
('out:    ', '[0.991 ]')
('correct:', '[1     ]')
error:  0.00004102
('out:    ', '[0.987 ]')
('correct:', '[1     ]')
error:  0.00008115
('out:    ', '[0.988 ]')
('correct:', '[1     ]')
error:  0.00007409
('out:    ', '[0.988 ]')
('correct:', '[1     ]')
error:  0.00007659
('out:    ', '[0.989 ]')
('correct:', '[1     ]')
error:  0.00005658
('out:    ', '[0.931 ]')
('correct:', '[1     ]')
error:  0.00239027
('out:    ', '[0.993 ]')
('correct:', '[1     ]')
error:  0.00002300
('out:    ', '[0.906 ]')
('correct:', '[1     ]')
error:  0.00437724
('out:    ', '[0.987 ]')
('correct:', '[1     ]')
error:  0.00008933
('out:    ', '[0.995 ]')
('correct:', '[1     ]')
error:  0.00001482
('out:    ', '[0.994 ]')
('correct:', '[1     ]')
error:  0.00001666
('out:    ', '[0.993 ]')
('correct:', '[1     ]')
error:  0.00002761
('out:    ', '[0.988 ]')
('correct:', '[1     ]')
error:  0.00007606
('out:    ', '[0.97  ]')
('correct:', '[1     ]')
error:  0.00045190
('out:    ', '[0.987 ]')
('correct:', '[1     ]')
error:  0.00008368
('out:    ', '[0.994 ]')
('correct:', '[1     ]')
error:  0.00001940
('out:    ', '[0.989 ]')
('correct:', '[1     ]')
error:  0.00005834
('out:    ', '[0.985 ]')
('correct:', '[1     ]')
error:  0.00010980
('out:    ', '[0.983 ]')
('correct:', '[1     ]')
error:  0.00014397
('out:    ', '[0.99  ]')
('correct:', '[1     ]')
error:  0.00005221
('out:    ', '[0.988 ]')
('correct:', '[1     ]')
error:  0.00007207
('out:    ', '[0.997 ]')
('correct:', '[1     ]')
error:  0.00000358
('out:    ', '[0.987 ]')
('correct:', '[1     ]')
error:  0.00007842
('out:    ', '[0.995 ]')
('correct:', '[1     ]')
error:  0.00001043
('out:    ', '[0.996 ]')
('correct:', '[1     ]')
error:  0.00000958
('out:    ', '[0.995 ]')
('correct:', '[1     ]')
error:  0.00001412
('out:    ', '[0.969 ]')
('correct:', '[1     ]')
error:  0.00048120
('out:    ', '[0.986 ]')
('correct:', '[1     ]')
error:  0.00009321
('out:    ', '[0.995 ]')
('correct:', '[1     ]')
error:  0.00001285
('out:    ', '[0.992 ]')
('correct:', '[1     ]')
error:  0.00003586
('out:    ', '[0.996 ]')
('correct:', '[1     ]')
error:  0.00000942
('out:    ', '[0.985 ]')
('correct:', '[1     ]')
error:  0.00011548
('out:    ', '[0.995 ]')
('correct:', '[1     ]')
error:  0.00001418
('out:    ', '[0.99  ]')
('correct:', '[1     ]')
error:  0.00004643
('out:    ', '[0.991 ]')
('correct:', '[1     ]')
error:  0.00004453
('out:    ', '[0.962 ]')
('correct:', '[1     ]')
error:  0.00073495
('out:    ', '[0.995 ]')
('correct:', '[1     ]')
error:  0.00001030
('out:    ', '[0.91  ]')
('correct:', '[1     ]')
error:  0.00404107
('out:    ', '[0.99  ]')
('correct:', '[1     ]')
error:  0.00005100
('out:    ', '[0.989 ]')
('correct:', '[1     ]')
error:  0.00005580
('out:    ', '[0.997 ]')
('correct:', '[1     ]')
error:  0.00000528
('out:    ', '[0.974 ]')
('correct:', '[1     ]')
error:  0.00032862
('out:    ', '[0.997 ]')
('correct:', '[1     ]')
error:  0.00000567
('out:    ', '[0.99  ]')
('correct:', '[1     ]')
error:  0.00005468
('out:    ', '[0.993 ]')
('correct:', '[1     ]')
error:  0.00002126
('out:    ', '[0.996 ]')
('correct:', '[1     ]')
error:  0.00000953
('out:    ', '[0.987 ]')
('correct:', '[1     ]')
error:  0.00008728
('out:    ', '[0.996 ]')
('correct:', '[1     ]')
error:  0.00000720
('out:    ', '[0.995 ]')
('correct:', '[1     ]')
error:  0.00001292
('out:    ', '[0.978 ]')
('correct:', '[1     ]')
error:  0.00024030
('out:    ', '[0.994 ]')
('correct:', '[1     ]')
error:  0.00001782
('out:    ', '[0.98  ]')
('correct:', '[1     ]')
error:  0.00020340
('out:    ', '[0.995 ]')
('correct:', '[1     ]')
error:  0.00001078
('out:    ', '[0.992 ]')
('correct:', '[1     ]')
error:  0.00003495
('out:    ', '[0.855 ]')
('correct:', '[1     ]')
error:  0.01053270
('out:    ', '[0.848 ]')
('correct:', '[1     ]')
error:  0.01158019
('out:    ', '[0.982 ]')
('correct:', '[1     ]')
error:  0.00016960
('out:    ', '[0.988 ]')
('correct:', '[1     ]')
error:  0.00006650
('out:    ', '[0.994 ]')
('correct:', '[1     ]')
error:  0.00001747
('out:    ', '[0.953 ]')
('correct:', '[1     ]')
error:  0.00110996
('out:    ', '[0.863 ]')
('correct:', '[1     ]')
error:  0.00934887
('out:    ', '[0.997 ]')
('correct:', '[1     ]')
error:  0.00000517
('out:    ', '[0.995 ]')
('correct:', '[1     ]')
error:  0.00001028
('out:    ', '[0.973 ]')
('correct:', '[1     ]')
error:  0.00036566
('out:    ', '[0.995 ]')
('correct:', '[1     ]')
error:  0.00001234
('out:    ', '[0.988 ]')
('correct:', '[1     ]')
error:  0.00006697
('out:    ', '[0.985 ]')
('correct:', '[1     ]')
error:  0.00011940
('out:    ', '[0.984 ]')
('correct:', '[1     ]')
error:  0.00012337
('out:    ', '[0.993 ]')
('correct:', '[1     ]')
error:  0.00002699
('out:    ', '[0.98  ]')
('correct:', '[1     ]')
error:  0.00020201
('out:    ', '[0.988 ]')
('correct:', '[1     ]')
error:  0.00007621
('out:    ', '[0.987 ]')
('correct:', '[1     ]')
error:  0.00008682
('out:    ', '[0.995 ]')
('correct:', '[1     ]')
error:  0.00001499
('out:    ', '[0.987 ]')
('correct:', '[1     ]')
error:  0.00008956
('out:    ', '[0.994 ]')
('correct:', '[1     ]')
error:  0.00001565
('out:    ', '[0.984 ]')
('correct:', '[1     ]')
error:  0.00013463
('out:    ', '[0.877 ]')
('correct:', '[1     ]')
error:  0.00751586
('out:    ', '[0.997 ]')
('correct:', '[1     ]')
error:  0.00000349
('out:    ', '[0.996 ]')
('correct:', '[1     ]')
error:  0.00000643
('out:    ', '[0.986 ]')
('correct:', '[1     ]')
error:  0.00009687
('out:    ', '[0.973 ]')
('correct:', '[1     ]')
error:  0.00035914
('out:    ', '[0.988 ]')
('correct:', '[1     ]')
error:  0.00007045
('out:    ', '[0.97  ]')
('correct:', '[1     ]')
error:  0.00043567
('out:    ', '[0.81  ]')
('correct:', '[1     ]')
error:  0.01804456
('out:    ', '[0.993 ]')
('correct:', '[1     ]')
error:  0.00002663
('out:    ', '[0.991 ]')
('correct:', '[1     ]')
error:  0.00004187
('out:    ', '[0.98  ]')
('correct:', '[1     ]')
error:  0.00020469
('out:    ', '[0.996 ]')
('correct:', '[1     ]')
error:  0.00000679
('out:    ', '[0.627 ]')
('correct:', '[1     ]')
error:  0.06958731
('out:    ', '[0.986 ]')
('correct:', '[1     ]')
error:  0.00009677
('out:    ', '[0.991 ]')
('correct:', '[1     ]')
error:  0.00004224
('out:    ', '[0.997 ]')
('correct:', '[1     ]')
error:  0.00000521
('out:    ', '[0.992 ]')
('correct:', '[1     ]')
error:  0.00003547
('out:    ', '[0.991 ]')
('correct:', '[1     ]')
error:  0.00004279
('out:    ', '[0.996 ]')
('correct:', '[1     ]')
error:  0.00001004
('out:    ', '[0.994 ]')
('correct:', '[1     ]')
error:  0.00001705
('out:    ', '[0.996 ]')
('correct:', '[1     ]')
error:  0.00000945
('out:    ', '[0.985 ]')
('correct:', '[1     ]')
error:  0.00011794
('out:    ', '[0.993 ]')
('correct:', '[1     ]')
error:  0.00002674
('out:    ', '[0.944 ]')
('correct:', '[1     ]')
error:  0.00155810
('out:    ', '[0.995 ]')
('correct:', '[1     ]')
error:  0.00001357
('out:    ', '[0.989 ]')
('correct:', '[1     ]')
error:  0.00005698
('out:    ', '[0.985 ]')
('correct:', '[1     ]')
error:  0.00011247
('out:    ', '[0.996 ]')
('correct:', '[1     ]')
error:  0.00000675
('out:    ', '[0.997 ]')
('correct:', '[1     ]')
error:  0.00000560
('out:    ', '[0.996 ]')
('correct:', '[1     ]')
error:  0.00000675
('out:    ', '[0.986 ]')
('correct:', '[1     ]')
error:  0.00009878
('out:    ', '[0.997 ]')
('correct:', '[1     ]')
error:  0.00000511
('out:    ', '[0.988 ]')
('correct:', '[1     ]')
error:  0.00007641
('out:    ', '[0.995 ]')
('correct:', '[1     ]')
error:  0.00001056
('out:    ', '[0.935 ]')
('correct:', '[1     ]')
error:  0.00212807
('out:    ', '[0.997 ]')
('correct:', '[1     ]')
error:  0.00000495
('out:    ', '[0.987 ]')
('correct:', '[1     ]')
error:  0.00008344
('out:    ', '[0.99  ]')
('correct:', '[1     ]')
error:  0.00005303
('out:    ', '[0.993 ]')
('correct:', '[1     ]')
error:  0.00002416
('out:    ', '[0.988 ]')
('correct:', '[1     ]')
error:  0.00007708
('out:    ', '[0.978 ]')
('correct:', '[1     ]')
error:  0.00023728
('out:    ', '[0.993 ]')
('correct:', '[1     ]')
error:  0.00002115
('out:    ', '[0.993 ]')
('correct:', '[1     ]')
error:  0.00002569
('out:    ', '[0.977 ]')
('correct:', '[1     ]')
error:  0.00026724
('out:    ', '[0.985 ]')
('correct:', '[1     ]')
error:  0.00011143
('out:    ', '[0.996 ]')
('correct:', '[1     ]')
error:  0.00000973
('out:    ', '[0.992 ]')
('correct:', '[1     ]')
error:  0.00003186
('out:    ', '[0.913 ]')
('correct:', '[1     ]')
error:  0.00375664
('out:    ', '[0.934 ]')
('correct:', '[1     ]')
error:  0.00221091
('out:    ', '[0.985 ]')
('correct:', '[1     ]')
error:  0.00011017
('out:    ', '[0.989 ]')
('correct:', '[1     ]')
error:  0.00005900
('out:    ', '[0.995 ]')
('correct:', '[1     ]')
error:  0.00001324
('out:    ', '[0.992 ]')
('correct:', '[1     ]')
error:  0.00003275
('out:    ', '[0.988 ]')
('correct:', '[1     ]')
error:  0.00006796
('out:    ', '[0.993 ]')
('correct:', '[1     ]')
error:  0.00002605
('out:    ', '[0.992 ]')
('correct:', '[1     ]')
error:  0.00003192
('out:    ', '[0.985 ]')
('correct:', '[1     ]')
error:  0.00011630
('out:    ', '[0.995 ]')
('correct:', '[1     ]')
error:  0.00001141
('out:    ', '[0.986 ]')
('correct:', '[1     ]')
error:  0.00010479
('out:    ', '[0.987 ]')
('correct:', '[1     ]')
error:  0.00008278
('out:    ', '[0.997 ]')
('correct:', '[1     ]')
error:  0.00000339
('out:    ', '[0.931 ]')
('correct:', '[1     ]')
error:  0.00240811
('out:    ', '[0.99  ]')
('correct:', '[1     ]')
error:  0.00004674
('out:    ', '[0.995 ]')
('correct:', '[1     ]')
error:  0.00001131
('out:    ', '[0.997 ]')
('correct:', '[1     ]')
error:  0.00000390
('out:    ', '[0.987 ]')
('correct:', '[1     ]')
error:  0.00008383
('out:    ', '[0.852 ]')
('correct:', '[1     ]')
error:  0.01100101
('out:    ', '[0.996 ]')
('correct:', '[1     ]')
error:  0.00000623
('out:    ', '[0.833 ]')
('correct:', '[1     ]')
error:  0.01390122
('out:    ', '[0.985 ]')
('correct:', '[1     ]')
error:  0.00010582
('out:    ', '[0.995 ]')
('correct:', '[1     ]')
error:  0.00001105
('out:    ', '[0.982 ]')
('correct:', '[1     ]')
error:  0.00016290
('out:    ', '[0.987 ]')
('correct:', '[1     ]')
error:  0.00008448
('out:    ', '[0.99  ]')
('correct:', '[1     ]')
error:  0.00004631
('out:    ', '[0.994 ]')
('correct:', '[1     ]')
error:  0.00002030
('out:    ', '[0.997 ]')
('correct:', '[1     ]')
error:  0.00000347
('out:    ', '[0.664 ]')
('correct:', '[1     ]')
error:  0.05651449
('out:    ', '[0.965 ]')
('correct:', '[1     ]')
error:  0.00059592
('out:    ', '[0.894 ]')
('correct:', '[1     ]')
error:  0.00557642
('out:    ', '[0.984 ]')
('correct:', '[1     ]')
error:  0.00012392
('out:    ', '[0.99  ]')
('correct:', '[1     ]')
error:  0.00005481
('out:    ', '[0.995 ]')
('correct:', '[1     ]')
error:  0.00001030
('out:    ', '[0.995 ]')
('correct:', '[1     ]')
error:  0.00001246
('out:    ', '[0.995 ]')
('correct:', '[1     ]')
error:  0.00001222
('out:    ', '[0.996 ]')
('correct:', '[1     ]')
error:  0.00000787
('out:    ', '[0.996 ]')
('correct:', '[1     ]')
error:  0.00000672
('out:    ', '[0.802 ]')
('correct:', '[1     ]')
error:  0.01965277
('out:    ', '[0.996 ]')
('correct:', '[1     ]')
error:  0.00000687
('out:    ', '[0.995 ]')
('correct:', '[1     ]')
error:  0.00001042
('out:    ', '[0.997 ]')
('correct:', '[1     ]')
error:  0.00000529
('out:    ', '[0.995 ]')
('correct:', '[1     ]')
error:  0.00001105
('out:    ', '[0.998 ]')
('correct:', '[1     ]')
error:  0.00000249
('out:    ', '[0.986 ]')
('correct:', '[1     ]')
error:  0.00010416
('out:    ', '[0.995 ]')
('correct:', '[1     ]')
error:  0.00001104
('out:    ', '[0.996 ]')
('correct:', '[1     ]')
error:  0.00000805
('out:    ', '[0.996 ]')
('correct:', '[1     ]')
error:  0.00000802
('out:    ', '[0.998 ]')
('correct:', '[1     ]')
error:  0.00000240
('out:    ', '[0.993 ]')
('correct:', '[1     ]')
error:  0.00002412
('out:    ', '[0.995 ]')
('correct:', '[1     ]')
error:  0.00001143
('out:    ', '[0.988 ]')
('correct:', '[1     ]')
error:  0.00006979
('out:    ', '[0.982 ]')
('correct:', '[1     ]')
error:  0.00016023
('out:    ', '[0.988 ]')
('correct:', '[1     ]')
error:  0.00006870
('out:    ', '[0.989 ]')
('correct:', '[1     ]')
error:  0.00006078
('out:    ', '[0.953 ]')
('correct:', '[1     ]')
error:  0.00111714
('out:    ', '[0.993 ]')
('correct:', '[1     ]')
error:  0.00002230
('out:    ', '[0.984 ]')
('correct:', '[1     ]')
error:  0.00012266
('out:    ', '[0.984 ]')
('correct:', '[1     ]')
error:  0.00013166
('out:    ', '[0.993 ]')
('correct:', '[1     ]')
error:  0.00002570
('out:    ', '[0.997 ]')
('correct:', '[1     ]')
error:  0.00000524
('out:    ', '[0.997 ]')
('correct:', '[1     ]')
error:  0.00000551
('out:    ', '[0.953 ]')
('correct:', '[1     ]')
error:  0.00108689
('out:    ', '[0.997 ]')
('correct:', '[1     ]')
error:  0.00000434
('out:    ', '[0.993 ]')
('correct:', '[1     ]')
error:  0.00002591
('out:    ', '[0.998 ]')
('correct:', '[1     ]')
error:  0.00000276
('out:    ', '[0.996 ]')
('correct:', '[1     ]')
error:  0.00000762
('out:    ', '[0.99  ]')
('correct:', '[1     ]')
error:  0.00004772
('out:    ', '[0.992 ]')
('correct:', '[1     ]')
error:  0.00003357
('out:    ', '[0.986 ]')
('correct:', '[1     ]')
error:  0.00009276
('out:    ', '[0.983 ]')
('correct:', '[1     ]')
error:  0.00015085
('out:    ', '[0.991 ]')
('correct:', '[1     ]')
error:  0.00004461
('out:    ', '[0.994 ]')
('correct:', '[1     ]')
error:  0.00001883
('out:    ', '[0.996 ]')
('correct:', '[1     ]')
error:  0.00000622
('out:    ', '[0.996 ]')
('correct:', '[1     ]')
error:  0.00000637
('out:    ', '[0.99  ]')
('correct:', '[1     ]')
error:  0.00005001
('out:    ', '[0.994 ]')
('correct:', '[1     ]')
error:  0.00001671
('out:    ', '[0.997 ]')
('correct:', '[1     ]')
error:  0.00000475
('out:    ', '[0.993 ]')
('correct:', '[1     ]')
error:  0.00002690
('out:    ', '[0.991 ]')
('correct:', '[1     ]')
error:  0.00004409
('out:    ', '[0.996 ]')
('correct:', '[1     ]')
error:  0.00000617
('out:    ', '[0.901 ]')
('correct:', '[1     ]')
error:  0.00492142
('out:    ', '[0.989 ]')
('correct:', '[1     ]')
error:  0.00006008
('out:    ', '[0.907 ]')
('correct:', '[1     ]')
error:  0.00429678
('out:    ', '[0.988 ]')
('correct:', '[1     ]')
error:  0.00006894
('out:    ', '[0.997 ]')
('correct:', '[1     ]')
error:  0.00000611
('out:    ', '[0.995 ]')
('correct:', '[1     ]')
error:  0.00001428
('out:    ', '[0.984 ]')
('correct:', '[1     ]')
error:  0.00012909
('out:    ', '[0.955 ]')
('correct:', '[1     ]')
error:  0.00101264
('out:    ', '[0.976 ]')
('correct:', '[1     ]')
error:  0.00029757
('out:    ', '[0.965 ]')
('correct:', '[1     ]')
error:  0.00061948
('out:    ', '[0.987 ]')
('correct:', '[0     ]')
error:  0.48714268
('out:    ', '[0.995 ]')
('correct:', '[1     ]')
error:  0.00001382
('out:    ', '[0.992 ]')
('correct:', '[1     ]')
error:  0.00002981
('out:    ', '[0.987 ]')
('correct:', '[1     ]')
error:  0.00008174
('out:    ', '[0.995 ]')
('correct:', '[1     ]')
error:  0.00001126
('out:    ', '[0.995 ]')
('correct:', '[1     ]')
error:  0.00001058
('out:    ', '[0.992 ]')
('correct:', '[1     ]')
error:  0.00003455
('out:    ', '[0.995 ]')
('correct:', '[1     ]')
error:  0.00001081
('out:    ', '[0.997 ]')
('correct:', '[1     ]')
error:  0.00000533
('out:    ', '[0.992 ]')
('correct:', '[1     ]')
error:  0.00003173
('out:    ', '[0.989 ]')
('correct:', '[1     ]')
error:  0.00006144
('out:    ', '[0.997 ]')
('correct:', '[1     ]')
error:  0.00000527
('out:    ', '[0.744 ]')
('correct:', '[1     ]')
error:  0.03276925
('out:    ', '[0.995 ]')
('correct:', '[1     ]')
error:  0.00001407
('out:    ', '[0.994 ]')
('correct:', '[1     ]')
error:  0.00001547
('out:    ', '[0.992 ]')
('correct:', '[1     ]')
error:  0.00003362
('out:    ', '[0.996 ]')
('correct:', '[1     ]')
error:  0.00000942
('out:    ', '[0.987 ]')
('correct:', '[1     ]')
error:  0.00008408
('out:    ', '[0.987 ]')
('correct:', '[1     ]')
error:  0.00008416
('out:    ', '[0.984 ]')
('correct:', '[1     ]')
error:  0.00013193
('out:    ', '[0.993 ]')
('correct:', '[1     ]')
error:  0.00002482
('out:    ', '[0.997 ]')
('correct:', '[1     ]')
error:  0.00000507
('out:    ', '[0.947 ]')
('correct:', '[1     ]')
error:  0.00142131
('out:    ', '[0.992 ]')
('correct:', '[1     ]')
error:  0.00002850
('out:    ', '[0.996 ]')
('correct:', '[1     ]')
error:  0.00000839
('out:    ', '[0.844 ]')
('correct:', '[1     ]')
error:  0.01220598
('out:    ', '[0.987 ]')
('correct:', '[1     ]')
error:  0.00008282
('out:    ', '[0.994 ]')
('correct:', '[1     ]')
error:  0.00001989
('out:    ', '[0.962 ]')
('correct:', '[1     ]')
error:  0.00072387
('out:    ', '[0.99  ]')
('correct:', '[1     ]')
error:  0.00004865
('out:    ', '[0.997 ]')
('correct:', '[1     ]')
error:  0.00000525
('out:    ', '[0.997 ]')
('correct:', '[1     ]')
error:  0.00000469
('out:    ', '[0.98  ]')
('correct:', '[1     ]')
error:  0.00019329
('out:    ', '[0.984 ]')
('correct:', '[1     ]')
error:  0.00012860
('out:    ', '[0.987 ]')
('correct:', '[1     ]')
error:  0.00008639
('out:    ', '[0.995 ]')
('correct:', '[1     ]')
error:  0.00001135
('out:    ', '[0.994 ]')
('correct:', '[1     ]')
error:  0.00002110
('out:    ', '[0.957 ]')
('correct:', '[1     ]')
error:  0.00091288
('out:    ', '[0.931 ]')
('correct:', '[1     ]')
error:  0.00237152
('out:    ', '[0.995 ]')
('correct:', '[1     ]')
error:  0.00001252
('out:    ', '[0.995 ]')
('correct:', '[1     ]')
error:  0.00001102
('out:    ', '[0.994 ]')
('correct:', '[1     ]')
error:  0.00001761
('out:    ', '[0.972 ]')
('correct:', '[1     ]')
error:  0.00039769
('out:    ', '[0.989 ]')
('correct:', '[1     ]')
error:  0.00006054
('out:    ', '[0.99  ]')
('correct:', '[1     ]')
error:  0.00005448
('out:    ', '[0.995 ]')
('correct:', '[1     ]')
error:  0.00001199
('out:    ', '[0.988 ]')
('correct:', '[1     ]')
error:  0.00006705
('out:    ', '[0.933 ]')
('correct:', '[1     ]')
error:  0.00223562
('out:    ', '[0.997 ]')
('correct:', '[1     ]')
error:  0.00000450
('out:    ', '[0.969 ]')
('correct:', '[1     ]')
error:  0.00047976
('out:    ', '[0.996 ]')
('correct:', '[1     ]')
error:  0.00001005
('out:    ', '[0.99  ]')
('correct:', '[1     ]')
error:  0.00005482
('out:    ', '[0.988 ]')
('correct:', '[1     ]')
error:  0.00007009
('out:    ', '[0.996 ]')
('correct:', '[1     ]')
error:  0.00000719
('out:    ', '[0.967 ]')
('correct:', '[1     ]')
error:  0.00054411
('out:    ', '[0.996 ]')
('correct:', '[1     ]')
error:  0.00001010
('out:    ', '[0.99  ]')
('correct:', '[1     ]')
error:  0.00005142
('out:    ', '[0.988 ]')
('correct:', '[1     ]')
error:  0.00007280
('out:    ', '[0.978 ]')
('correct:', '[1     ]')
error:  0.00023180
('out:    ', '[0.996 ]')
('correct:', '[1     ]')
error:  0.00000648
('out:    ', '[0.991 ]')
('correct:', '[1     ]')
error:  0.00004492
('out:    ', '[0.986 ]')
('correct:', '[1     ]')
error:  0.00009959
('out:    ', '[0.993 ]')
('correct:', '[1     ]')
error:  0.00002648
('out:    ', '[0.931 ]')
('correct:', '[1     ]')
error:  0.00238529
('out:    ', '[0.997 ]')
('correct:', '[1     ]')
error:  0.00000524
('out:    ', '[0.993 ]')
('correct:', '[1     ]')
error:  0.00002507
('out:    ', '[0.997 ]')
('correct:', '[1     ]')
error:  0.00000574
('out:    ', '[0.985 ]')
('correct:', '[1     ]')
error:  0.00011961
('out:    ', '[0.995 ]')
('correct:', '[1     ]')
error:  0.00001440
('out:    ', '[0.994 ]')
('correct:', '[1     ]')
error:  0.00001538
('out:    ', '[0.993 ]')
('correct:', '[1     ]')
error:  0.00002716
('out:    ', '[0.935 ]')
('correct:', '[1     ]')
error:  0.00209979
('out:    ', '[0.995 ]')
('correct:', '[1     ]')
error:  0.00001369
('out:    ', '[0.992 ]')
('correct:', '[1     ]')
error:  0.00003429
('out:    ', '[0.997 ]')
('correct:', '[1     ]')
error:  0.00000411
('out:    ', '[0.761 ]')
('correct:', '[1     ]')
error:  0.02858397
('out:    ', '[0.845 ]')
('correct:', '[1     ]')
error:  0.01199311
('out:    ', '[0.993 ]')
('correct:', '[1     ]')
error:  0.00002562
('out:    ', '[0.995 ]')
('correct:', '[1     ]')
error:  0.00001056
('out:    ', '[0.989 ]')
('correct:', '[1     ]')
error:  0.00005762
('out:    ', '[0.993 ]')
('correct:', '[1     ]')
error:  0.00002414
('out:    ', '[0.931 ]')
('correct:', '[1     ]')
error:  0.00241131
('out:    ', '[0.985 ]')
('correct:', '[1     ]')
error:  0.00010557
('out:    ', '[0.942 ]')
('correct:', '[1     ]')
error:  0.00168506
('out:    ', '[0.997 ]')
('correct:', '[1     ]')
error:  0.00000588
('out:    ', '[0.994 ]')
('correct:', '[1     ]')
error:  0.00001598
('out:    ', '[0.971 ]')
('correct:', '[1     ]')
error:  0.00041603
('out:    ', '[0.96  ]')
('correct:', '[1     ]')
error:  0.00078489
('out:    ', '[0.996 ]')
('correct:', '[1     ]')
error:  0.00000922
('out:    ', '[0.961 ]')
('correct:', '[1     ]')
error:  0.00076335
('out:    ', '[0.996 ]')
('correct:', '[1     ]')
error:  0.00000872
('out:    ', '[0.971 ]')
('correct:', '[1     ]')
error:  0.00041155
('out:    ', '[0.991 ]')
('correct:', '[1     ]')
error:  0.00004367
('out:    ', '[0.986 ]')
('correct:', '[1     ]')
error:  0.00009319
('out:    ', '[0.99  ]')
('correct:', '[1     ]')
error:  0.00005300
('out:    ', '[0.976 ]')
('correct:', '[1     ]')
error:  0.00029056
('out:    ', '[0.994 ]')
('correct:', '[1     ]')
error:  0.00001573
('out:    ', '[0.997 ]')
('correct:', '[1     ]')
error:  0.00000385
('out:    ', '[0.994 ]')
('correct:', '[1     ]')
error:  0.00001650
('out:    ', '[0.876 ]')
('correct:', '[1     ]')
error:  0.00772653
('out:    ', '[0.984 ]')
('correct:', '[1     ]')
error:  0.00013181
('out:    ', '[0.994 ]')
('correct:', '[1     ]')
error:  0.00001728
('out:    ', '[0.996 ]')
('correct:', '[1     ]')
error:  0.00000666
('out:    ', '[0.984 ]')
('correct:', '[1     ]')
error:  0.00012227
('out:    ', '[0.993 ]')
('correct:', '[1     ]')
error:  0.00002367
('out:    ', '[0.985 ]')
('correct:', '[1     ]')
error:  0.00010618
('out:    ', '[0.975 ]')
('correct:', '[1     ]')
error:  0.00030559
('out:    ', '[0.99  ]')
('correct:', '[1     ]')
error:  0.00004956
('out:    ', '[0.998 ]')
('correct:', '[1     ]')
error:  0.00000312
('out:    ', '[0.988 ]')
('correct:', '[1     ]')
error:  0.00007626
('out:    ', '[0.99  ]')
('correct:', '[1     ]')
error:  0.00005483
('out:    ', '[0.99  ]')
('correct:', '[1     ]')
error:  0.00005196
('out:    ', '[0.972 ]')
('correct:', '[1     ]')
error:  0.00039837
('out:    ', '[0.989 ]')
('correct:', '[1     ]')
error:  0.00006335
('out:    ', '[0.571 ]')
('correct:', '[0     ]')
error:  0.16278935
('out:    ', '[0.995 ]')
('correct:', '[1     ]')
error:  0.00001130
('out:    ', '[0.989 ]')
('correct:', '[1     ]')
error:  0.00006597
('out:    ', '[0.996 ]')
('correct:', '[1     ]')
error:  0.00000895
('out:    ', '[0.995 ]')
('correct:', '[1     ]')
error:  0.00001503
('out:    ', '[0.994 ]')
('correct:', '[1     ]')
error:  0.00001890
('out:    ', '[0.997 ]')
('correct:', '[1     ]')
error:  0.00000524
('out:    ', '[0.995 ]')
('correct:', '[1     ]')
error:  0.00001041
('out:    ', '[0.995 ]')
('correct:', '[1     ]')
error:  0.00001281
('out:    ', '[0.994 ]')
('correct:', '[1     ]')
error:  0.00001980
('out:    ', '[0.995 ]')
('correct:', '[1     ]')
error:  0.00001177
('out:    ', '[0.987 ]')
('correct:', '[1     ]')
error:  0.00007829
('out:    ', '[0.996 ]')
('correct:', '[1     ]')
error:  0.00000910
('out:    ', '[0.992 ]')
('correct:', '[1     ]')
error:  0.00002851
('out:    ', '[0.997 ]')
('correct:', '[1     ]')
error:  0.00000519
('out:    ', '[0.985 ]')
('correct:', '[1     ]')
error:  0.00011444
('out:    ', '[0.988 ]')
('correct:', '[1     ]')
error:  0.00007313
('out:    ', '[0.996 ]')
('correct:', '[1     ]')
error:  0.00000960
('out:    ', '[0.996 ]')
('correct:', '[1     ]')
error:  0.00000678
('out:    ', '[0.995 ]')
('correct:', '[1     ]')
error:  0.00001048
('out:    ', '[0.996 ]')
('correct:', '[1     ]')
error:  0.00000775
('out:    ', '[0.988 ]')
('correct:', '[1     ]')
error:  0.00007035
('out:    ', '[0.944 ]')
('correct:', '[1     ]')
error:  0.00157640
('out:    ', '[0.594 ]')
('correct:', '[1     ]')
error:  0.08227231
('out:    ', '[0.995 ]')
('correct:', '[1     ]')
error:  0.00001066
('out:    ', '[0.987 ]')
('correct:', '[1     ]')
error:  0.00009083
('out:    ', '[0.996 ]')
('correct:', '[1     ]')
error:  0.00000771
('out:    ', '[0.987 ]')
('correct:', '[1     ]')
error:  0.00008910
('out:    ', '[0.988 ]')
('correct:', '[1     ]')
error:  0.00006643
('out:    ', '[0.972 ]')
('correct:', '[1     ]')
error:  0.00038730
('out:    ', '[0.997 ]')
('correct:', '[1     ]')
error:  0.00000396
('out:    ', '[0.997 ]')
('correct:', '[1     ]')
error:  0.00000468
('out:    ', '[0.994 ]')
('correct:', '[1     ]')
error:  0.00001925
('out:    ', '[0.99  ]')
('correct:', '[1     ]')
error:  0.00004855
('out:    ', '[0.987 ]')
('correct:', '[1     ]')
error:  0.00008316
('out:    ', '[0.992 ]')
('correct:', '[1     ]')
error:  0.00002906
('out:    ', '[0.985 ]')
('correct:', '[1     ]')
error:  0.00010642
('out:    ', '[0.332 ]')
('correct:', '[1     ]')
error:  0.22292969
('out:    ', '[0.995 ]')
('correct:', '[1     ]')
error:  0.00001037
('out:    ', '[0.997 ]')
('correct:', '[1     ]')
error:  0.00000531
('out:    ', '[0.996 ]')
('correct:', '[1     ]')
error:  0.00000944
('out:    ', '[0.989 ]')
('correct:', '[1     ]')
error:  0.00006269
('out:    ', '[0.995 ]')
('correct:', '[1     ]')
error:  0.00001024
('out:    ', '[0.979 ]')
('correct:', '[1     ]')
error:  0.00021623
('out:    ', '[0.988 ]')
('correct:', '[1     ]')
error:  0.00006943
('out:    ', '[0.985 ]')
('correct:', '[1     ]')
error:  0.00011531
('out:    ', '[0.993 ]')
('correct:', '[1     ]')
error:  0.00002154
('out:    ', '[0.984 ]')
('correct:', '[1     ]')
error:  0.00012960
('out:    ', '[0.936 ]')
('correct:', '[1     ]')
error:  0.00203013
('out:    ', '[0.993 ]')
('correct:', '[1     ]')
error:  0.00002427
('out:    ', '[0.993 ]')
('correct:', '[1     ]')
error:  0.00002410
('out:    ', '[0.986 ]')
('correct:', '[1     ]')
error:  0.00009526
('out:    ', '[0.987 ]')
('correct:', '[1     ]')
error:  0.00008528
('out:    ', '[0.765 ]')
('correct:', '[1     ]')
error:  0.02772698
('out:    ', '[0.992 ]')
('correct:', '[1     ]')
error:  0.00003453
('out:    ', '[0.996 ]')
('correct:', '[1     ]')
error:  0.00000755
('out:    ', '[0.995 ]')
('correct:', '[1     ]')
error:  0.00001124
('out:    ', '[0.988 ]')
('correct:', '[1     ]')
error:  0.00007429
('out:    ', '[0.984 ]')
('correct:', '[1     ]')
error:  0.00013082
('out:    ', '[0.996 ]')
('correct:', '[1     ]')
error:  0.00000906
('out:    ', '[0.995 ]')
('correct:', '[1     ]')
error:  0.00001366
('out:    ', '[0.996 ]')
('correct:', '[1     ]')
error:  0.00000676
('out:    ', '[0.993 ]')
('correct:', '[1     ]')
error:  0.00002172
('out:    ', '[0.95  ]')
('correct:', '[1     ]')
error:  0.00125342
('out:    ', '[0.992 ]')
('correct:', '[1     ]')
error:  0.00002932
('out:    ', '[0.844 ]')
('correct:', '[1     ]')
error:  0.01218660
('out:    ', '[0.993 ]')
('correct:', '[1     ]')
error:  0.00002592
('out:    ', '[0.986 ]')
('correct:', '[1     ]')
error:  0.00009219
('out:    ', '[0.972 ]')
('correct:', '[1     ]')
error:  0.00037990
('out:    ', '[0.969 ]')
('correct:', '[1     ]')
error:  0.00047090
('out:    ', '[0.934 ]')
('correct:', '[1     ]')
error:  0.00220110
('out:    ', '[0.993 ]')
('correct:', '[1     ]')
error:  0.00002716
('out:    ', '[0.565 ]')
('correct:', '[1     ]')
error:  0.09440421
('out:    ', '[0.958 ]')
('correct:', '[1     ]')
error:  0.00090094
('out:    ', '[0.994 ]')
('correct:', '[1     ]')
error:  0.00001520
('out:    ', '[0.989 ]')
('correct:', '[1     ]')
error:  0.00005951
('out:    ', '[0.997 ]')
('correct:', '[1     ]')
error:  0.00000389
('out:    ', '[0.994 ]')
('correct:', '[1     ]')
error:  0.00001848
('out:    ', '[0.99  ]')
('correct:', '[1     ]')
error:  0.00005387
('out:    ', '[0.985 ]')
('correct:', '[1     ]')
error:  0.00011944
('out:    ', '[0.992 ]')
('correct:', '[1     ]')
error:  0.00003428
('out:    ', '[0.99  ]')
('correct:', '[1     ]')
error:  0.00005359
('out:    ', '[0.985 ]')
('correct:', '[1     ]')
error:  0.00011211
('out:    ', '[0.997 ]')
('correct:', '[1     ]')
error:  0.00000535
('out:    ', '[0.995 ]')
('correct:', '[1     ]')
error:  0.00001081
('out:    ', '[0.934 ]')
('correct:', '[1     ]')
error:  0.00217883
('out:    ', '[0.996 ]')
('correct:', '[1     ]')
error:  0.00000871
('out:    ', '[0.926 ]')
('correct:', '[1     ]')
error:  0.00275883
('out:    ', '[0.991 ]')
('correct:', '[1     ]')
error:  0.00003640
('out:    ', '[0.975 ]')
('correct:', '[1     ]')
error:  0.00030584
('out:    ', '[0.992 ]')
('correct:', '[1     ]')
error:  0.00002939
('out:    ', '[0.997 ]')
('correct:', '[1     ]')
error:  0.00000492
('out:    ', '[0.997 ]')
('correct:', '[1     ]')
error:  0.00000478
('out:    ', '[0.991 ]')
('correct:', '[1     ]')
error:  0.00004511
('out:    ', '[0.997 ]')
('correct:', '[1     ]')
error:  0.00000406
('out:    ', '[0.891 ]')
('correct:', '[1     ]')
error:  0.00594024
('out:    ', '[0.995 ]')
('correct:', '[1     ]')
error:  0.00001064
('out:    ', '[0.993 ]')
('correct:', '[1     ]')
error:  0.00002184
('out:    ', '[0.966 ]')
('correct:', '[1     ]')
error:  0.00056381
('out:    ', '[0.997 ]')
('correct:', '[1     ]')
error:  0.00000343
('out:    ', '[0.991 ]')
('correct:', '[1     ]')
error:  0.00003994
('out:    ', '[0.996 ]')
('correct:', '[1     ]')
error:  0.00000777
('out:    ', '[0.996 ]')
('correct:', '[1     ]')
error:  0.00000721
('out:    ', '[0.988 ]')
('correct:', '[1     ]')
error:  0.00007361
('out:    ', '[0.984 ]')
('correct:', '[1     ]')
error:  0.00013266
('out:    ', '[0.996 ]')
('correct:', '[1     ]')
error:  0.00000788
('out:    ', '[0.996 ]')
('correct:', '[1     ]')
error:  0.00000731
('out:    ', '[0.993 ]')
('correct:', '[1     ]')
error:  0.00002660
('out:    ', '[0.997 ]')
('correct:', '[1     ]')
error:  0.00000345
('out:    ', '[0.995 ]')
('correct:', '[1     ]')
error:  0.00001341
('out:    ', '[0.993 ]')
('correct:', '[1     ]')
error:  0.00002486
('out:    ', '[0.996 ]')
('correct:', '[1     ]')
error:  0.00000952
('out:    ', '[0.972 ]')
('correct:', '[1     ]')
error:  0.00038233
('out:    ', '[0.99  ]')
('correct:', '[1     ]')
error:  0.00005488
('out:    ', '[0.994 ]')
('correct:', '[1     ]')
error:  0.00001766
('out:    ', '[0.968 ]')
('correct:', '[1     ]')
error:  0.00052784
('out:    ', '[0.992 ]')
('correct:', '[1     ]')
error:  0.00002899
('out:    ', '[0.992 ]')
('correct:', '[1     ]')
error:  0.00003226
('out:    ', '[0.995 ]')
('correct:', '[1     ]')
error:  0.00001461
('out:    ', '[0.459 ]')
('correct:', '[1     ]')
error:  0.14607127
('out:    ', '[0.994 ]')
('correct:', '[1     ]')
error:  0.00001684
('out:    ', '[0.99  ]')
('correct:', '[1     ]')
error:  0.00004685
('out:    ', '[0.995 ]')
('correct:', '[1     ]')
error:  0.00001077
('out:    ', '[0.995 ]')
('correct:', '[1     ]')
error:  0.00001479
('out:    ', '[0.994 ]')
('correct:', '[1     ]')
error:  0.00001928
('out:    ', '[0.989 ]')
('correct:', '[1     ]')
error:  0.00006390
('out:    ', '[0.997 ]')
('correct:', '[1     ]')
error:  0.00000344
('out:    ', '[0.997 ]')
('correct:', '[1     ]')
error:  0.00000536
('out:    ', '[0.944 ]')
('correct:', '[1     ]')
error:  0.00154387
('out:    ', '[0.969 ]')
('correct:', '[1     ]')
error:  0.00048370
('out:    ', '[0.995 ]')
('correct:', '[1     ]')
error:  0.00001118
('out:    ', '[0.993 ]')
('correct:', '[1     ]')
error:  0.00002471
('out:    ', '[0.996 ]')
('correct:', '[1     ]')
error:  0.00000907
('out:    ', '[0.993 ]')
('correct:', '[1     ]')
error:  0.00002191
('out:    ', '[0.995 ]')
('correct:', '[1     ]')
error:  0.00001463
('out:    ', '[0.967 ]')
('correct:', '[1     ]')
error:  0.00054379
('out:    ', '[0.99  ]')
('correct:', '[1     ]')
error:  0.00005398
('out:    ', '[0.997 ]')
('correct:', '[1     ]')
error:  0.00000501
('out:    ', '[0.994 ]')
('correct:', '[1     ]')
error:  0.00001995
('out:    ', '[0.99  ]')
('correct:', '[1     ]')
error:  0.00005405
('out:    ', '[0.988 ]')
('correct:', '[1     ]')
error:  0.00007101
('out:    ', '[0.986 ]')
('correct:', '[1     ]')
error:  0.00009840
('out:    ', '[0.931 ]')
('correct:', '[1     ]')
error:  0.00239806
('out:    ', '[0.995 ]')
('correct:', '[1     ]')
error:  0.00001306
('out:    ', '[0.995 ]')
('correct:', '[1     ]')
error:  0.00001453
('out:    ', '[0.951 ]')
('correct:', '[1     ]')
error:  0.00122510
('out:    ', '[0.997 ]')
('correct:', '[1     ]')
error:  0.00000402
('out:    ', '[0.993 ]')
('correct:', '[1     ]')
error:  0.00002530
('out:    ', '[0.784 ]')
('correct:', '[1     ]')
error:  0.02324772
('out:    ', '[0.997 ]')
('correct:', '[1     ]')
error:  0.00000528
('out:    ', '[0.994 ]')
('correct:', '[1     ]')
error:  0.00001900
('out:    ', '[0.864 ]')
('correct:', '[1     ]')
error:  0.00930009
('out:    ', '[0.997 ]')
('correct:', '[1     ]')
error:  0.00000609
('out:    ', '[0.993 ]')
('correct:', '[1     ]')
error:  0.00002784
('out:    ', '[0.995 ]')
('correct:', '[1     ]')
error:  0.00001468
('out:    ', '[0.985 ]')
('correct:', '[1     ]')
error:  0.00011823
('out:    ', '[0.995 ]')
('correct:', '[1     ]')
error:  0.00001316
('out:    ', '[0.99  ]')
('correct:', '[1     ]')
error:  0.00004823
('out:    ', '[0.997 ]')
('correct:', '[1     ]')
error:  0.00000484
('out:    ', '[0.969 ]')
('correct:', '[1     ]')
error:  0.00048260
('out:    ', '[0.99  ]')
('correct:', '[1     ]')
error:  0.00005257
('out:    ', '[0.997 ]')
('correct:', '[1     ]')
error:  0.00000472
('out:    ', '[0.995 ]')
('correct:', '[1     ]')
error:  0.00001394
('out:    ', '[0.902 ]')
('correct:', '[1     ]')
error:  0.00478213
('out:    ', '[0.987 ]')
('correct:', '[1     ]')
error:  0.00008373
('out:    ', '[0.995 ]')
('correct:', '[1     ]')
error:  0.00001366
('out:    ', '[0.993 ]')
('correct:', '[1     ]')
error:  0.00002775
('out:    ', '[0.967 ]')
('correct:', '[0     ]')
error:  0.46759923
('out:    ', '[0.997 ]')
('correct:', '[1     ]')
error:  0.00000551
('out:    ', '[0.977 ]')
('correct:', '[1     ]')
error:  0.00026860
('out:    ', '[0.925 ]')
('correct:', '[1     ]')
error:  0.00282092
('out:    ', '[0.974 ]')
('correct:', '[1     ]')
error:  0.00033781
('out:    ', '[0.818 ]')
('correct:', '[1     ]')
error:  0.01651388
('out:    ', '[0.958 ]')
('correct:', '[1     ]')
error:  0.00086749
('out:    ', '[0.994 ]')
('correct:', '[1     ]')
error:  0.00001602
('out:    ', '[0.986 ]')
('correct:', '[1     ]')
error:  0.00009343
('out:    ', '[0.987 ]')
('correct:', '[1     ]')
error:  0.00008256
('out:    ', '[0.994 ]')
('correct:', '[1     ]')
error:  0.00001944
('out:    ', '[0.978 ]')
('correct:', '[1     ]')
error:  0.00023586
('out:    ', '[0.994 ]')
('correct:', '[1     ]')
error:  0.00001968
('out:    ', '[0.988 ]')
('correct:', '[1     ]')
error:  0.00007222
('out:    ', '[0.961 ]')
('correct:', '[1     ]')
error:  0.00075117
('out:    ', '[0.92  ]')
('correct:', '[1     ]')
error:  0.00320850
('out:    ', '[0.915 ]')
('correct:', '[1     ]')
error:  0.00361319
('out:    ', '[0.744 ]')
('correct:', '[1     ]')
error:  0.03274910
('out:    ', '[0.989 ]')
('correct:', '[1     ]')
error:  0.00006303
('out:    ', '[0.995 ]')
('correct:', '[1     ]')
error:  0.00001184
('out:    ', '[0.989 ]')
('correct:', '[1     ]')
error:  0.00005587
('out:    ', '[0.889 ]')
('correct:', '[1     ]')
error:  0.00615655
('out:    ', '[0.986 ]')
('correct:', '[1     ]')
error:  0.00009376
('out:    ', '[0.985 ]')
('correct:', '[1     ]')
error:  0.00011498
('out:    ', '[0.768 ]')
('correct:', '[1     ]')
error:  0.02692160
('out:    ', '[0.986 ]')
('correct:', '[1     ]')
error:  0.00009977
('out:    ', '[0.99  ]')
('correct:', '[1     ]')
error:  0.00004922
('out:    ', '[0.99  ]')
('correct:', '[1     ]')
error:  0.00005370
('out:    ', '[0.985 ]')
('correct:', '[1     ]')
error:  0.00011159
('out:    ', '[0.986 ]')
('correct:', '[1     ]')
error:  0.00010002
('out:    ', '[0.988 ]')
('correct:', '[1     ]')
error:  0.00007166
('out:    ', '[0.993 ]')
('correct:', '[1     ]')
error:  0.00002262
('out:    ', '[0.983 ]')
('correct:', '[1     ]')
error:  0.00013928
('out:    ', '[0.895 ]')
('correct:', '[1     ]')
error:  0.00548210
('out:    ', '[0.993 ]')
('correct:', '[1     ]')
error:  0.00002357
('out:    ', '[0.989 ]')
('correct:', '[1     ]')
error:  0.00006337
('out:    ', '[0.982 ]')
('correct:', '[1     ]')
error:  0.00015369
('out:    ', '[0.994 ]')
('correct:', '[1     ]')
error:  0.00001804
('out:    ', '[0.983 ]')
('correct:', '[1     ]')
error:  0.00013617
('out:    ', '[0.797 ]')
('correct:', '[1     ]')
error:  0.02069168
('out:    ', '[0.989 ]')
('correct:', '[1     ]')
error:  0.00006153
('out:    ', '[0.995 ]')
('correct:', '[1     ]')
error:  0.00001294
('out:    ', '[0.986 ]')
('correct:', '[1     ]')
error:  0.00010175
('out:    ', '[0.991 ]')
('correct:', '[1     ]')
error:  0.00004077
('out:    ', '[0.995 ]')
('correct:', '[1     ]')
error:  0.00001179
('out:    ', '[0.99  ]')
('correct:', '[1     ]')
error:  0.00004881
('out:    ', '[0.994 ]')
('correct:', '[1     ]')
error:  0.00001784
('out:    ', '[0.997 ]')
('correct:', '[1     ]')
error:  0.00000574
('out:    ', '[0.985 ]')
('correct:', '[1     ]')
error:  0.00010555
('out:    ', '[0.988 ]')
('correct:', '[1     ]')
error:  0.00007574
('out:    ', '[0.984 ]')
('correct:', '[1     ]')
error:  0.00012541
('out:    ', '[0.988 ]')
('correct:', '[1     ]')
error:  0.00007401
('out:    ', '[0.992 ]')
('correct:', '[1     ]')
error:  0.00002838
('out:    ', '[0.99  ]')
('correct:', '[1     ]')
error:  0.00005234
('out:    ', '[0.979 ]')
('correct:', '[1     ]')
error:  0.00022015
('out:    ', '[0.983 ]')
('correct:', '[1     ]')
error:  0.00014255
('out:    ', '[0.997 ]')
('correct:', '[1     ]')
error:  0.00000320
('out:    ', '[0.99  ]')
('correct:', '[1     ]')
error:  0.00004614
('out:    ', '[0.995 ]')
('correct:', '[1     ]')
error:  0.00001117
('out:    ', '[0.989 ]')
('correct:', '[1     ]')
error:  0.00006342
('out:    ', '[0.994 ]')
('correct:', '[1     ]')
error:  0.00001932
('out:    ', '[0.997 ]')
('correct:', '[1     ]')
error:  0.00000568
('out:    ', '[0.995 ]')
('correct:', '[1     ]')
error:  0.00001438
('out:    ', '[0.948 ]')
('correct:', '[1     ]')
error:  0.00132944
('out:    ', '[0.995 ]')
('correct:', '[1     ]')
error:  0.00001289
('out:    ', '[0.996 ]')
('correct:', '[1     ]')
error:  0.00000639
('out:    ', '[0.996 ]')
('correct:', '[1     ]')
error:  0.00000858
('out:    ', '[0.995 ]')
('correct:', '[1     ]')
error:  0.00001042
('out:    ', '[0.997 ]')
('correct:', '[1     ]')
error:  0.00000485
('out:    ', '[0.995 ]')
('correct:', '[1     ]')
error:  0.00001399
('out:    ', '[0.985 ]')
('correct:', '[1     ]')
error:  0.00011713
('out:    ', '[0.976 ]')
('correct:', '[1     ]')
error:  0.00029080
('out:    ', '[0.996 ]')
('correct:', '[1     ]')
error:  0.00000917
('out:    ', '[0.996 ]')
('correct:', '[1     ]')
error:  0.00000629
('out:    ', '[0.992 ]')
('correct:', '[1     ]')
error:  0.00002830
('out:    ', '[0.992 ]')
('correct:', '[1     ]')
error:  0.00002935
('out:    ', '[0.813 ]')
('correct:', '[1     ]')
error:  0.01744965
('out:    ', '[0.994 ]')
('correct:', '[1     ]')
error:  0.00001564
('out:    ', '[0.995 ]')
('correct:', '[1     ]')
error:  0.00001151
('out:    ', '[0.993 ]')
('correct:', '[1     ]')
error:  0.00002380
('out:    ', '[0.994 ]')
('correct:', '[1     ]')
error:  0.00001896
('out:    ', '[0.984 ]')
('correct:', '[1     ]')
error:  0.00012280
('out:    ', '[0.989 ]')
('correct:', '[1     ]')
error:  0.00005552
('out:    ', '[0.985 ]')
('correct:', '[1     ]')
error:  0.00011154
('out:    ', '[0.981 ]')
('correct:', '[1     ]')
error:  0.00017461
('out:    ', '[0.981 ]')
('correct:', '[1     ]')
error:  0.00017253
('out:    ', '[0.985 ]')
('correct:', '[1     ]')
error:  0.00011560
('out:    ', '[0.978 ]')
('correct:', '[1     ]')
error:  0.00025277
('out:    ', '[0.996 ]')
('correct:', '[1     ]')
error:  0.00001001
('out:    ', '[0.988 ]')
('correct:', '[1     ]')
error:  0.00007258
('out:    ', '[0.996 ]')
('correct:', '[1     ]')
error:  0.00000950
('out:    ', '[0.993 ]')
('correct:', '[1     ]')
error:  0.00002617
('out:    ', '[0.996 ]')
('correct:', '[1     ]')
error:  0.00001008
('out:    ', '[0.905 ]')
('correct:', '[1     ]')
error:  0.00453070
('out:    ', '[0.996 ]')
('correct:', '[1     ]')
error:  0.00000995
('out:    ', '[0.984 ]')
('correct:', '[1     ]')
error:  0.00013022
('out:    ', '[0.797 ]')
('correct:', '[1     ]')
error:  0.02056542
('out:    ', '[0.992 ]')
('correct:', '[1     ]')
error:  0.00003038
('out:    ', '[0.996 ]')
('correct:', '[1     ]')
error:  0.00000788
('out:    ', '[0.991 ]')
('correct:', '[1     ]')
error:  0.00003732
('out:    ', '[0.975 ]')
('correct:', '[1     ]')
error:  0.00031522
('out:    ', '[0.985 ]')
('correct:', '[1     ]')
error:  0.00010905
('out:    ', '[0.977 ]')
('correct:', '[1     ]')
error:  0.00027331
('out:    ', '[0.987 ]')
('correct:', '[1     ]')
error:  0.00008106
('out:    ', '[0.997 ]')
('correct:', '[1     ]')
error:  0.00000554
('out:    ', '[0.909 ]')
('correct:', '[1     ]')
error:  0.00413927
('out:    ', '[0.921 ]')
('correct:', '[1     ]')
error:  0.00308214
('out:    ', '[0.993 ]')
('correct:', '[1     ]')
error:  0.00002472
('out:    ', '[0.993 ]')
('correct:', '[1     ]')
error:  0.00002335
('out:    ', '[0.99  ]')
('correct:', '[1     ]')
error:  0.00004533
('out:    ', '[0.572 ]')
('correct:', '[1     ]')
error:  0.09157969
('out:    ', '[0.991 ]')
('correct:', '[1     ]')
error:  0.00003702
('out:    ', '[0.994 ]')
('correct:', '[1     ]')
error:  0.00001844
('out:    ', '[0.992 ]')
('correct:', '[1     ]')
error:  0.00003376
('out:    ', '[0.877 ]')
('correct:', '[1     ]')
error:  0.00762323
('out:    ', '[0.968 ]')
('correct:', '[1     ]')
error:  0.00050697
('out:    ', '[0.921 ]')
('correct:', '[1     ]')
error:  0.00314875
('out:    ', '[0.993 ]')
('correct:', '[1     ]')
error:  0.00002289
('out:    ', '[0.994 ]')
('correct:', '[1     ]')
error:  0.00001960
('out:    ', '[0.987 ]')
('correct:', '[1     ]')
error:  0.00007915
('out:    ', '[0.962 ]')
('correct:', '[1     ]')
error:  0.00073132
('out:    ', '[0.997 ]')
('correct:', '[1     ]')
error:  0.00000368
('out:    ', '[0.992 ]')
('correct:', '[1     ]')
error:  0.00003165
('out:    ', '[0.987 ]')
('correct:', '[1     ]')
error:  0.00008164
('out:    ', '[0.995 ]')
('correct:', '[1     ]')
error:  0.00001039
('out:    ', '[0.994 ]')
('correct:', '[1     ]')
error:  0.00002008
('out:    ', '[0.993 ]')
('correct:', '[1     ]')
error:  0.00002616
('out:    ', '[0.987 ]')
('correct:', '[1     ]')
error:  0.00009044
('out:    ', '[0.994 ]')
('correct:', '[1     ]')
error:  0.00001994
('out:    ', '[0.994 ]')
('correct:', '[1     ]')
error:  0.00001973
('out:    ', '[0.97  ]')
('correct:', '[1     ]')
error:  0.00046364
('out:    ', '[0.984 ]')
('correct:', '[1     ]')
error:  0.00012903
('out:    ', '[0.994 ]')
('correct:', '[1     ]')
error:  0.00001823
('out:    ', '[0.984 ]')
('correct:', '[1     ]')
error:  0.00012576
('out:    ', '[0.734 ]')
('correct:', '[1     ]')
error:  0.03533017
('out:    ', '[0.993 ]')
('correct:', '[1     ]')
error:  0.00002525
('out:    ', '[0.989 ]')
('correct:', '[1     ]')
error:  0.00006516
('out:    ', '[0.98  ]')
('correct:', '[1     ]')
error:  0.00020078
('out:    ', '[0.996 ]')
('correct:', '[1     ]')
error:  0.00000900
('out:    ', '[0.994 ]')
('correct:', '[1     ]')
error:  0.00001777
('out:    ', '[0.984 ]')
('correct:', '[1     ]')
error:  0.00012457
('out:    ', '[0.988 ]')
('correct:', '[1     ]')
error:  0.00007405
('out:    ', '[0.994 ]')
('correct:', '[1     ]')
error:  0.00001735
('out:    ', '[0.994 ]')
('correct:', '[1     ]')
error:  0.00001771
('out:    ', '[0.995 ]')
('correct:', '[1     ]')
error:  0.00001039
('out:    ', '[0.997 ]')
('correct:', '[1     ]')
error:  0.00000561
('out:    ', '[0.997 ]')
('correct:', '[1     ]')
error:  0.00000374
('out:    ', '[0.995 ]')
('correct:', '[1     ]')
error:  0.00001249
('out:    ', '[0.995 ]')
('correct:', '[1     ]')
error:  0.00001272
('out:    ', '[0.993 ]')
('correct:', '[1     ]')
error:  0.00002166
('out:    ', '[0.972 ]')
('correct:', '[1     ]')
error:  0.00039771
('out:    ', '[0.994 ]')
('correct:', '[1     ]')
error:  0.00001960
('out:    ', '[0.659 ]')
('correct:', '[1     ]')
error:  0.05804679
('out:    ', '[0.982 ]')
('correct:', '[1     ]')
error:  0.00016906
('out:    ', '[0.997 ]')
('correct:', '[1     ]')
error:  0.00000514
('out:    ', '[0.759 ]')
('correct:', '[1     ]')
error:  0.02905564
('out:    ', '[0.987 ]')
('correct:', '[1     ]')
error:  0.00008726
('out:    ', '[0.995 ]')
('correct:', '[1     ]')
error:  0.00001075
('out:    ', '[0.993 ]')
('correct:', '[1     ]')
error:  0.00002609
('out:    ', '[0.995 ]')
('correct:', '[1     ]')
error:  0.00001212
('out:    ', '[0.927 ]')
('correct:', '[1     ]')
error:  0.00264742
('out:    ', '[0.997 ]')
('correct:', '[1     ]')
error:  0.00000443
('out:    ', '[0.987 ]')
('correct:', '[1     ]')
error:  0.00008375
('out:    ', '[0.99  ]')
('correct:', '[1     ]')
error:  0.00004955
('out:    ', '[0.996 ]')
('correct:', '[1     ]')
error:  0.00000928
('out:    ', '[0.988 ]')
('correct:', '[1     ]')
error:  0.00006892
('out:    ', '[0.995 ]')
('correct:', '[1     ]')
error:  0.00001068
('out:    ', '[0.737 ]')
('correct:', '[1     ]')
error:  0.03451652
('out:    ', '[0.995 ]')
('correct:', '[1     ]')
error:  0.00001169
('out:    ', '[0.992 ]')
('correct:', '[1     ]')
error:  0.00002839
('out:    ', '[0.997 ]')
('correct:', '[1     ]')
error:  0.00000522
('out:    ', '[0.938 ]')
('correct:', '[1     ]')
error:  0.00193007
('out:    ', '[0.996 ]')
('correct:', '[1     ]')
error:  0.00000665
('out:    ', '[0.985 ]')
('correct:', '[1     ]')
error:  0.00011053
('out:    ', '[0.846 ]')
('correct:', '[1     ]')
error:  0.01183985
('out:    ', '[0.991 ]')
('correct:', '[1     ]')
error:  0.00004447
('out:    ', '[0.881 ]')
('correct:', '[1     ]')
error:  0.00711978
('out:    ', '[0.987 ]')
('correct:', '[1     ]')
error:  0.00008346
('out:    ', '[0.979 ]')
('correct:', '[1     ]')
error:  0.00021132
('out:    ', '[0.994 ]')
('correct:', '[1     ]')
error:  0.00001665
('out:    ', '[0.981 ]')
('correct:', '[1     ]')
error:  0.00017585
('out:    ', '[0.981 ]')
('correct:', '[1     ]')
error:  0.00018204
('out:    ', '[0.798 ]')
('correct:', '[1     ]')
error:  0.02031589
('out:    ', '[0.997 ]')
('correct:', '[1     ]')
error:  0.00000597
('out:    ', '[0.989 ]')
('correct:', '[1     ]')
error:  0.00006276
('out:    ', '[0.929 ]')
('correct:', '[1     ]')
error:  0.00254095
('out:    ', '[0.995 ]')
('correct:', '[1     ]')
error:  0.00001041
('out:    ', '[0.992 ]')
('correct:', '[1     ]')
error:  0.00003543
('out:    ', '[0.118 ]')
('correct:', '[1     ]')
error:  0.38921774
('out:    ', '[0.995 ]')
('correct:', '[1     ]')
error:  0.00001084
('out:    ', '[0.993 ]')
('correct:', '[1     ]')
error:  0.00002401
('out:    ', '[0.997 ]')
('correct:', '[1     ]')
error:  0.00000475
('out:    ', '[0.985 ]')
('correct:', '[1     ]')
error:  0.00011440
('out:    ', '[0.958 ]')
('correct:', '[1     ]')
error:  0.00087841
('out:    ', '[0.994 ]')
('correct:', '[1     ]')
error:  0.00001860
('out:    ', '[0.38  ]')
('correct:', '[1     ]')
error:  0.19231102
('out:    ', '[0.649 ]')
('correct:', '[1     ]')
error:  0.06148370
('out:    ', '[0.994 ]')
('correct:', '[1     ]')
error:  0.00001662
('out:    ', '[0.988 ]')
('correct:', '[1     ]')
error:  0.00006684
('out:    ', '[0.993 ]')
('correct:', '[1     ]')
error:  0.00002477
('out:    ', '[0.982 ]')
('correct:', '[1     ]')
error:  0.00016725
('out:    ', '[0.987 ]')
('correct:', '[1     ]')
error:  0.00008208
('out:    ', '[0.902 ]')
('correct:', '[1     ]')
error:  0.00481328
('out:    ', '[0.996 ]')
('correct:', '[1     ]')
error:  0.00000928
('out:    ', '[0.995 ]')
('correct:', '[1     ]')
error:  0.00001028
('out:    ', '[0.993 ]')
('correct:', '[1     ]')
error:  0.00002125
('out:    ', '[0.978 ]')
('correct:', '[1     ]')
error:  0.00023907
('out:    ', '[0.997 ]')
('correct:', '[1     ]')
error:  0.00000462
('out:    ', '[0.98  ]')
('correct:', '[1     ]')
error:  0.00020560
('out:    ', '[0.977 ]')
('correct:', '[1     ]')
error:  0.00026722
('out:    ', '[0.987 ]')
('correct:', '[1     ]')
error:  0.00008615
('out:    ', '[0.96  ]')
('correct:', '[1     ]')
error:  0.00079331
('out:    ', '[0.995 ]')
('correct:', '[1     ]')
error:  0.00001017
('out:    ', '[0.993 ]')
('correct:', '[1     ]')
error:  0.00002256
('out:    ', '[0.987 ]')
('correct:', '[1     ]')
error:  0.00007814
('out:    ', '[0.994 ]')
('correct:', '[1     ]')
error:  0.00001865
('out:    ', '[0.716 ]')
('correct:', '[1     ]')
error:  0.04023627
('out:    ', '[0.986 ]')
('correct:', '[1     ]')
error:  0.00009896
('out:    ', '[0.868 ]')
('correct:', '[1     ]')
error:  0.00876491
('out:    ', '[0.99  ]')
('correct:', '[1     ]')
error:  0.00004861
('out:    ', '[0.997 ]')
('correct:', '[1     ]')
error:  0.00000520
('out:    ', '[0.988 ]')
('correct:', '[1     ]')
error:  0.00007153
('out:    ', '[0.985 ]')
('correct:', '[1     ]')
error:  0.00011067
('out:    ', '[0.993 ]')
('correct:', '[1     ]')
error:  0.00002491
('out:    ', '[0.997 ]')
('correct:', '[1     ]')
error:  0.00000400
('out:    ', '[0.982 ]')
('correct:', '[1     ]')
error:  0.00017093
('out:    ', '[0.991 ]')
('correct:', '[1     ]')
error:  0.00004183
('out:    ', '[0.802 ]')
('correct:', '[1     ]')
error:  0.01957364
('out:    ', '[0.995 ]')
('correct:', '[1     ]')
error:  0.00001057
('out:    ', '[0.963 ]')
('correct:', '[1     ]')
error:  0.00067842
('out:    ', '[0.997 ]')
('correct:', '[1     ]')
error:  0.00000544
('out:    ', '[0.994 ]')
('correct:', '[1     ]')
error:  0.00001700
('out:    ', '[0.995 ]')
('correct:', '[1     ]')
error:  0.00001040
('out:    ', '[0.992 ]')
('correct:', '[1     ]')
error:  0.00003271
('out:    ', '[0.994 ]')
('correct:', '[1     ]')
error:  0.00001628
('out:    ', '[0.995 ]')
('correct:', '[1     ]')
error:  0.00001023
('out:    ', '[0.996 ]')
('correct:', '[1     ]')
error:  0.00000959
('out:    ', '[0.992 ]')
('correct:', '[1     ]')
error:  0.00003178
('out:    ', '[0.978 ]')
('correct:', '[1     ]')
error:  0.00023877
('out:    ', '[0.995 ]')
('correct:', '[1     ]')
error:  0.00001347
('out:    ', '[0.97  ]')
('correct:', '[1     ]')
error:  0.00043704
('out:    ', '[0.724 ]')
('correct:', '[1     ]')
error:  0.03819086
('out:    ', '[0.997 ]')
('correct:', '[1     ]')
error:  0.00000440
('out:    ', '[0.974 ]')
('correct:', '[1     ]')
error:  0.00033723
('out:    ', '[0.989 ]')
('correct:', '[1     ]')
error:  0.00005587
('out:    ', '[0.974 ]')
('correct:', '[1     ]')
error:  0.00033190
('out:    ', '[0.914 ]')
('correct:', '[1     ]')
error:  0.00370198
('out:    ', '[0.99  ]')
('correct:', '[1     ]')
error:  0.00005474
('out:    ', '[0.993 ]')
('correct:', '[1     ]')
error:  0.00002531
('out:    ', '[0.994 ]')
('correct:', '[1     ]')
error:  0.00001898
('out:    ', '[0.976 ]')
('correct:', '[1     ]')
error:  0.00028266
('out:    ', '[0.996 ]')
('correct:', '[1     ]')
error:  0.00000906
('out:    ', '[0.987 ]')
('correct:', '[1     ]')
error:  0.00008263
('out:    ', '[0.996 ]')
('correct:', '[1     ]')
error:  0.00000899
('out:    ', '[0.998 ]')
('correct:', '[1     ]')
error:  0.00000297
('out:    ', '[0.991 ]')
('correct:', '[1     ]')
error:  0.00004401
('out:    ', '[0.656 ]')
('correct:', '[1     ]')
error:  0.05920666
('out:    ', '[0.993 ]')
('correct:', '[1     ]')
error:  0.00002699
('out:    ', '[0.991 ]')
('correct:', '[1     ]')
error:  0.00004271
('out:    ', '[0.991 ]')
('correct:', '[1     ]')
error:  0.00004262
('out:    ', '[0.993 ]')
('correct:', '[1     ]')
error:  0.00002128
('out:    ', '[0.984 ]')
('correct:', '[1     ]')
error:  0.00012904
('out:    ', '[0.886 ]')
('correct:', '[1     ]')
error:  0.00647010
('out:    ', '[0.993 ]')
('correct:', '[1     ]')
error:  0.00002142
('out:    ', '[0.995 ]')
('correct:', '[1     ]')
error:  0.00001362
('out:    ', '[0.989 ]')
('correct:', '[1     ]')
error:  0.00006030
('out:    ', '[0.984 ]')
('correct:', '[1     ]')
error:  0.00013570
('out:    ', '[0.903 ]')
('correct:', '[1     ]')
error:  0.00474478
('out:    ', '[0.994 ]')
('correct:', '[1     ]')
error:  0.00001609
('out:    ', '[0.993 ]')
('correct:', '[1     ]')
error:  0.00002551
('out:    ', '[0.995 ]')
('correct:', '[1     ]')
error:  0.00001506
('out:    ', '[0.991 ]')
('correct:', '[1     ]')
error:  0.00004483
('out:    ', '[0.145 ]')
('correct:', '[1     ]')
error:  0.36550148
('out:    ', '[0.992 ]')
('correct:', '[1     ]')
error:  0.00003508
('out:    ', '[0.995 ]')
('correct:', '[1     ]')
error:  0.00001040
('out:    ', '[0.948 ]')
('correct:', '[1     ]')
error:  0.00134352
('out:    ', '[0.986 ]')
('correct:', '[1     ]')
error:  0.00009519
('out:    ', '[0.996 ]')
('correct:', '[1     ]')
error:  0.00000955
('out:    ', '[0.995 ]')
('correct:', '[1     ]')
error:  0.00001060
('out:    ', '[0.997 ]')
('correct:', '[1     ]')
error:  0.00000338
('out:    ', '[0.89  ]')
('correct:', '[1     ]')
error:  0.00609389
('out:    ', '[0.996 ]')
('correct:', '[1     ]')
error:  0.00000779
('out:    ', '[0.992 ]')
('correct:', '[1     ]')
error:  0.00002853
('out:    ', '[0.994 ]')
('correct:', '[1     ]')
error:  0.00002069
('out:    ', '[0.98  ]')
('correct:', '[1     ]')
error:  0.00019493
('out:    ', '[0.99  ]')
('correct:', '[1     ]')
error:  0.00005213
('out:    ', '[0.991 ]')
('correct:', '[1     ]')
error:  0.00004454
('out:    ', '[0.925 ]')
('correct:', '[1     ]')
error:  0.00282600
('out:    ', '[0.902 ]')
('correct:', '[1     ]')
error:  0.00476189
('out:    ', '[0.996 ]')
('correct:', '[1     ]')
error:  0.00000783
('out:    ', '[0.986 ]')
('correct:', '[1     ]')
error:  0.00009701
('out:    ', '[0.968 ]')
('correct:', '[1     ]')
error:  0.00052105
('out:    ', '[0.997 ]')
('correct:', '[1     ]')
error:  0.00000336
('out:    ', '[0.996 ]')
('correct:', '[1     ]')
error:  0.00000684
('out:    ', '[0.997 ]')
('correct:', '[1     ]')
error:  0.00000580
('out:    ', '[0.997 ]')
('correct:', '[1     ]')
error:  0.00000577
('out:    ', '[0.985 ]')
('correct:', '[1     ]')
error:  0.00011648
('out:    ', '[0.98  ]')
('correct:', '[1     ]')
error:  0.00019245
('out:    ', '[0.993 ]')
('correct:', '[1     ]')
error:  0.00002464
('out:    ', '[0.985 ]')
('correct:', '[1     ]')
error:  0.00010711
('out:    ', '[0.994 ]')
('correct:', '[1     ]')
error:  0.00001797
('out:    ', '[0.997 ]')
('correct:', '[1     ]')
error:  0.00000517
('out:    ', '[0.991 ]')
('correct:', '[1     ]')
error:  0.00004452
('out:    ', '[0.996 ]')
('correct:', '[1     ]')
error:  0.00000868
('out:    ', '[0.995 ]')
('correct:', '[1     ]')
error:  0.00001049
('out:    ', '[0.991 ]')
('correct:', '[1     ]')
error:  0.00003968
('out:    ', '[0.601 ]')
('correct:', '[1     ]')
error:  0.07971171
('out:    ', '[0.997 ]')
('correct:', '[1     ]')
error:  0.00000482
('out:    ', '[0.996 ]')
('correct:', '[1     ]')
error:  0.00000749
('out:    ', '[0.993 ]')
('correct:', '[1     ]')
error:  0.00002214
('out:    ', '[0.88  ]')
('correct:', '[1     ]')
error:  0.00723122
('out:    ', '[0.991 ]')
('correct:', '[1     ]')
error:  0.00003705
('out:    ', '[0.995 ]')
('correct:', '[1     ]')
error:  0.00001153
('out:    ', '[0.981 ]')
('correct:', '[1     ]')
error:  0.00018848
('out:    ', '[0.992 ]')
('correct:', '[1     ]')
error:  0.00003378
('out:    ', '[0.997 ]')
('correct:', '[1     ]')
error:  0.00000523
('out:    ', '[0.841 ]')
('correct:', '[1     ]')
error:  0.01258630
('out:    ', '[0.892 ]')
('correct:', '[1     ]')
error:  0.00586993
('out:    ', '[0.997 ]')
('correct:', '[1     ]')
error:  0.00000565
('out:    ', '[0.992 ]')
('correct:', '[1     ]')
error:  0.00002842
('out:    ', '[0.996 ]')
('correct:', '[1     ]')
error:  0.00000941
('out:    ', '[0.994 ]')
('correct:', '[1     ]')
error:  0.00001552
('out:    ', '[0.996 ]')
('correct:', '[1     ]')
error:  0.00000681
('out:    ', '[0.993 ]')
('correct:', '[1     ]')
error:  0.00002783
('out:    ', '[0.819 ]')
('correct:', '[1     ]')
error:  0.01631728
('out:    ', '[0.994 ]')
('correct:', '[1     ]')
error:  0.00002096
('out:    ', '[0.982 ]')
('correct:', '[1     ]')
error:  0.00015358
('out:    ', '[0.993 ]')
('correct:', '[1     ]')
error:  0.00002694
('out:    ', '[0.997 ]')
('correct:', '[1     ]')
error:  0.00000524
('out:    ', '[0.994 ]')
('correct:', '[1     ]')
error:  0.00001646
('out:    ', '[0.996 ]')
('correct:', '[1     ]')
error:  0.00000754
('out:    ', '[0.997 ]')
('correct:', '[1     ]')
error:  0.00000561
('out:    ', '[0.995 ]')
('correct:', '[1     ]')
error:  0.00001277
('out:    ', '[0.987 ]')
('correct:', '[1     ]')
error:  0.00008867
('out:    ', '[0.997 ]')
('correct:', '[1     ]')
error:  0.00000607
('out:    ', '[0.995 ]')
('correct:', '[1     ]')
error:  0.00001051
('out:    ', '[0.986 ]')
('correct:', '[1     ]')
error:  0.00010233
('out:    ', '[0.993 ]')
('correct:', '[1     ]')
error:  0.00002626
('out:    ', '[0.978 ]')
('correct:', '[1     ]')
error:  0.00023611
('out:    ', '[0.992 ]')
('correct:', '[1     ]')
error:  0.00003228
('out:    ', '[0.993 ]')
('correct:', '[1     ]')
error:  0.00002514
('out:    ', '[0.996 ]')
('correct:', '[1     ]')
error:  0.00000965
('out:    ', '[0.926 ]')
('correct:', '[1     ]')
error:  0.00271311
('out:    ', '[0.987 ]')
('correct:', '[1     ]')
error:  0.00008411
('out:    ', '[0.993 ]')
('correct:', '[1     ]')
error:  0.00002293
('out:    ', '[0.995 ]')
('correct:', '[1     ]')
error:  0.00001013
('out:    ', '[0.997 ]')
('correct:', '[1     ]')
error:  0.00000354
('out:    ', '[0.982 ]')
('correct:', '[1     ]')
error:  0.00015640
('out:    ', '[0.995 ]')
('correct:', '[1     ]')
error:  0.00001374
('out:    ', '[0.994 ]')
('correct:', '[1     ]')
error:  0.00001796
('out:    ', '[0.997 ]')
('correct:', '[1     ]')
error:  0.00000558
('out:    ', '[0.825 ]')
('correct:', '[1     ]')
error:  0.01524687
('out:    ', '[0.998 ]')
('correct:', '[1     ]')
error:  0.00000288
('out:    ', '[0.99  ]')
('correct:', '[1     ]')
error:  0.00005104
('out:    ', '[0.994 ]')
('correct:', '[1     ]')
error:  0.00001698
('out:    ', '[0.991 ]')
('correct:', '[1     ]')
error:  0.00003891
('out:    ', '[0.929 ]')
('correct:', '[1     ]')
error:  0.00251987
('out:    ', '[0.995 ]')
('correct:', '[1     ]')
error:  0.00001033
('out:    ', '[0.982 ]')
('correct:', '[1     ]')
error:  0.00016549
('out:    ', '[0.993 ]')
('correct:', '[1     ]')
error:  0.00002224
('out:    ', '[0.993 ]')
('correct:', '[1     ]')
error:  0.00002181
('out:    ', '[0.984 ]')
('correct:', '[1     ]')
error:  0.00012421
('out:    ', '[0.994 ]')
('correct:', '[1     ]')
error:  0.00001764
('out:    ', '[0.997 ]')
('correct:', '[1     ]')
error:  0.00000525
('out:    ', '[0.962 ]')
('correct:', '[1     ]')
error:  0.00073233
('out:    ', '[0.979 ]')
('correct:', '[1     ]')
error:  0.00023081
('out:    ', '[0.894 ]')
('correct:', '[1     ]')
error:  0.00558863
('out:    ', '[0.995 ]')
('correct:', '[1     ]')
error:  0.00001171
('out:    ', '[0.984 ]')
('correct:', '[1     ]')
error:  0.00012173
('out:    ', '[0.996 ]')
('correct:', '[1     ]')
error:  0.00000630
('out:    ', '[0.994 ]')
('correct:', '[1     ]')
error:  0.00001732
('out:    ', '[0.995 ]')
('correct:', '[1     ]')
error:  0.00001495
('out:    ', '[0.502 ]')
('correct:', '[1     ]')
error:  0.12379214
('out:    ', '[0.989 ]')
('correct:', '[1     ]')
error:  0.00005678
('out:    ', '[0.984 ]')
('correct:', '[1     ]')
error:  0.00012079
('out:    ', '[0.917 ]')
('correct:', '[1     ]')
error:  0.00342483
('out:    ', '[0.982 ]')
('correct:', '[1     ]')
error:  0.00015747
('out:    ', '[0.996 ]')
('correct:', '[1     ]')
error:  0.00000828
('out:    ', '[0.995 ]')
('correct:', '[1     ]')
error:  0.00001390
('out:    ', '[0.989 ]')
('correct:', '[1     ]')
error:  0.00005824
('out:    ', '[0.994 ]')
('correct:', '[1     ]')
error:  0.00001890
('out:    ', '[0.982 ]')
('correct:', '[1     ]')
error:  0.00016519
('out:    ', '[0.99  ]')
('correct:', '[1     ]')
error:  0.00005211
('out:    ', '[0.987 ]')
('correct:', '[1     ]')
error:  0.00007951
('out:    ', '[0.996 ]')
('correct:', '[1     ]')
error:  0.00000920
('out:    ', '[0.987 ]')
('correct:', '[1     ]')
error:  0.00008064
('out:    ', '[0.985 ]')
('correct:', '[1     ]')
error:  0.00011094
('out:    ', '[0.981 ]')
('correct:', '[1     ]')
error:  0.00018342
('out:    ', '[0.919 ]')
('correct:', '[1     ]')
error:  0.00331607
('out:    ', '[0.993 ]')
('correct:', '[1     ]')
error:  0.00002711
('out:    ', '[0.992 ]')
('correct:', '[1     ]')
error:  0.00002998
('out:    ', '[0.989 ]')
('correct:', '[1     ]')
error:  0.00006141
('out:    ', '[0.996 ]')
('correct:', '[1     ]')
error:  0.00000800
('out:    ', '[0.995 ]')
('correct:', '[1     ]')
error:  0.00001031
('out:    ', '[0.995 ]')
('correct:', '[1     ]')
error:  0.00001087
('out:    ', '[0.997 ]')
('correct:', '[1     ]')
error:  0.00000564
('out:    ', '[0.989 ]')
('correct:', '[1     ]')
error:  0.00005929
('out:    ', '[0.997 ]')
('correct:', '[1     ]')
error:  0.00000503
('out:    ', '[0.994 ]')
('correct:', '[1     ]')
error:  0.00001949
('out:    ', '[0.961 ]')
('correct:', '[1     ]')
error:  0.00077413
('out:    ', '[0.995 ]')
('correct:', '[1     ]')
error:  0.00001148
('out:    ', '[0.995 ]')
('correct:', '[1     ]')
error:  0.00001409
('out:    ', '[0.96  ]')
('correct:', '[1     ]')
error:  0.00079945
('out:    ', '[0.993 ]')
('correct:', '[1     ]')
error:  0.00002123
('out:    ', '[0.996 ]')
('correct:', '[1     ]')
error:  0.00001002
('out:    ', '[0.995 ]')
('correct:', '[1     ]')
error:  0.00001375
('out:    ', '[0.994 ]')
('correct:', '[1     ]')
error:  0.00001534
('out:    ', '[0.997 ]')
('correct:', '[1     ]')
error:  0.00000542
('out:    ', '[0.994 ]')
('correct:', '[1     ]')
error:  0.00001783
('out:    ', '[0.988 ]')
('correct:', '[1     ]')
error:  0.00006613
('out:    ', '[0.994 ]')
('correct:', '[1     ]')
error:  0.00002051
('out:    ', '[0.988 ]')
('correct:', '[1     ]')
error:  0.00006640
('out:    ', '[0.988 ]')
('correct:', '[1     ]')
error:  0.00006889
('out:    ', '[0.899 ]')
('correct:', '[1     ]')
error:  0.00514776
('out:    ', '[0.994 ]')
('correct:', '[1     ]')
error:  0.00001995
('out:    ', '[0.993 ]')
('correct:', '[1     ]')
error:  0.00002427
('out:    ', '[0.996 ]')
('correct:', '[1     ]')
error:  0.00000905
('out:    ', '[0.997 ]')
('correct:', '[1     ]')
error:  0.00000526
('out:    ', '[0.99  ]')
('correct:', '[1     ]')
error:  0.00004517
('out:    ', '[0.99  ]')
('correct:', '[1     ]')
error:  0.00005446
('out:    ', '[0.995 ]')
('correct:', '[1     ]')
error:  0.00001119
('out:    ', '[0.995 ]')
('correct:', '[1     ]')
error:  0.00001301
('out:    ', '[0.987 ]')
('correct:', '[1     ]')
error:  0.00008374
('out:    ', '[0.997 ]')
('correct:', '[1     ]')
error:  0.00000486
('out:    ', '[0.991 ]')
('correct:', '[1     ]')
error:  0.00004310
('out:    ', '[0.996 ]')
('correct:', '[1     ]')
error:  0.00000697
('out:    ', '[0.994 ]')
('correct:', '[1     ]')
error:  0.00001637
('out:    ', '[0.989 ]')
('correct:', '[1     ]')
error:  0.00005612
('out:    ', '[0.99  ]')
('correct:', '[1     ]')
error:  0.00005316
('out:    ', '[0.897 ]')
('correct:', '[1     ]')
error:  0.00534452
('out:    ', '[0.993 ]')
('correct:', '[1     ]')
error:  0.00002733
('out:    ', '[0.973 ]')
('correct:', '[1     ]')
error:  0.00036840
('out:    ', '[0.961 ]')
('correct:', '[1     ]')
error:  0.00077997
('out:    ', '[0.976 ]')
('correct:', '[1     ]')
error:  0.00028110
('out:    ', '[0.937 ]')
('correct:', '[1     ]')
error:  0.00198101
('out:    ', '[0.994 ]')
('correct:', '[1     ]')
error:  0.00001928
('out:    ', '[0.997 ]')
('correct:', '[1     ]')
error:  0.00000524
('out:    ', '[0.843 ]')
('correct:', '[1     ]')
error:  0.01238462
('out:    ', '[0.995 ]')
('correct:', '[1     ]')
error:  0.00001318
('out:    ', '[0.987 ]')
('correct:', '[1     ]')
error:  0.00008816
('out:    ', '[0.996 ]')
('correct:', '[1     ]')
error:  0.00000683
('out:    ', '[0.994 ]')
('correct:', '[1     ]')
error:  0.00001645
('out:    ', '[0.982 ]')
('correct:', '[1     ]')
error:  0.00016020
('out:    ', '[0.997 ]')
('correct:', '[1     ]')
error:  0.00000505
('out:    ', '[0.962 ]')
('correct:', '[1     ]')
error:  0.00071824
('out:    ', '[0.996 ]')
('correct:', '[1     ]')
error:  0.00000971
('out:    ', '[0.997 ]')
('correct:', '[1     ]')
error:  0.00000419
('out:    ', '[0.968 ]')
('correct:', '[1     ]')
error:  0.00051194
('out:    ', '[0.996 ]')
('correct:', '[1     ]')
error:  0.00000645
('out:    ', '[0.988 ]')
('correct:', '[1     ]')
error:  0.00007076
('out:    ', '[0.982 ]')
('correct:', '[1     ]')
error:  0.00015996
('out:    ', '[0.979 ]')
('correct:', '[1     ]')
error:  0.00021700
('out:    ', '[0.974 ]')
('correct:', '[1     ]')
error:  0.00033856
('out:    ', '[0.993 ]')
('correct:', '[1     ]')
error:  0.00002123
('out:    ', '[0.988 ]')
('correct:', '[1     ]')
error:  0.00007283
('out:    ', '[0.996 ]')
('correct:', '[1     ]')
error:  0.00000738
('out:    ', '[0.996 ]')
('correct:', '[1     ]')
error:  0.00000897
('out:    ', '[0.984 ]')
('correct:', '[1     ]')
error:  0.00012311
('out:    ', '[0.996 ]')
('correct:', '[1     ]')
error:  0.00000746
('out:    ', '[0.991 ]')
('correct:', '[1     ]')
error:  0.00004248
('out:    ', '[0.997 ]')
('correct:', '[1     ]')
error:  0.00000333
('out:    ', '[0.994 ]')
('correct:', '[1     ]')
error:  0.00001742
('out:    ', '[0.986 ]')
('correct:', '[1     ]')
error:  0.00009679
('out:    ', '[0.996 ]')
('correct:', '[1     ]')
error:  0.00000915
('out:    ', '[0.902 ]')
('correct:', '[1     ]')
error:  0.00482771
('out:    ', '[0.993 ]')
('correct:', '[1     ]')
error:  0.00002786
('out:    ', '[0.987 ]')
('correct:', '[1     ]')
error:  0.00007840
('out:    ', '[0.984 ]')
('correct:', '[1     ]')
error:  0.00013404
('out:    ', '[0.985 ]')
('correct:', '[1     ]')
error:  0.00010574
('out:    ', '[0.949 ]')
('correct:', '[1     ]')
error:  0.00130731
('out:    ', '[0.98  ]')
('correct:', '[1     ]')
error:  0.00020266
('out:    ', '[0.907 ]')
('correct:', '[1     ]')
error:  0.00429455
('out:    ', '[0.978 ]')
('correct:', '[1     ]')
error:  0.00024120
('out:    ', '[0.995 ]')
('correct:', '[1     ]')
error:  0.00001359
('out:    ', '[0.994 ]')
('correct:', '[1     ]')
error:  0.00002084
('out:    ', '[0.986 ]')
('correct:', '[1     ]')
error:  0.00010110
('out:    ', '[0.98  ]')
('correct:', '[1     ]')
error:  0.00019182
('out:    ', '[0.993 ]')
('correct:', '[1     ]')
error:  0.00002541
('out:    ', '[0.996 ]')
('correct:', '[1     ]')
error:  0.00000857
('out:    ', '[0.997 ]')
('correct:', '[1     ]')
error:  0.00000329
('out:    ', '[0.891 ]')
('correct:', '[1     ]')
error:  0.00596823
('out:    ', '[0.995 ]')
('correct:', '[1     ]')
error:  0.00001074
('out:    ', '[0.952 ]')
('correct:', '[1     ]')
error:  0.00115203
('out:    ', '[0.99  ]')
('correct:', '[1     ]')
error:  0.00004979
('out:    ', '[0.771 ]')
('correct:', '[1     ]')
error:  0.02615359
('out:    ', '[0.997 ]')
('correct:', '[1     ]')
error:  0.00000358
('out:    ', '[0.994 ]')
('correct:', '[1     ]')
error:  0.00001879
('out:    ', '[0.984 ]')
('correct:', '[1     ]')
error:  0.00012906
('out:    ', '[0.997 ]')
('correct:', '[1     ]')
error:  0.00000326
('out:    ', '[0.98  ]')
('correct:', '[1     ]')
error:  0.00020677
('out:    ', '[0.951 ]')
('correct:', '[1     ]')
error:  0.00121273
('out:    ', '[0.992 ]')
('correct:', '[1     ]')
error:  0.00003533
('out:    ', '[0.987 ]')
('correct:', '[1     ]')
error:  0.00008442
('out:    ', '[0.995 ]')
('correct:', '[1     ]')
error:  0.00001115
('out:    ', '[0.995 ]')
('correct:', '[1     ]')
error:  0.00001325
('out:    ', '[0.991 ]')
('correct:', '[1     ]')
error:  0.00003720
('out:    ', '[0.995 ]')
('correct:', '[1     ]')
error:  0.00001030
('out:    ', '[0.995 ]')
('correct:', '[1     ]')
error:  0.00001456
('out:    ', '[0.985 ]')
('correct:', '[1     ]')
error:  0.00011337
('out:    ', '[0.994 ]')
('correct:', '[1     ]')
error:  0.00002111
('out:    ', '[0.987 ]')
('correct:', '[1     ]')
error:  0.00008420
('out:    ', '[0.994 ]')
('correct:', '[1     ]')
error:  0.00001996
('out:    ', '[0.994 ]')
('correct:', '[1     ]')
error:  0.00001707
('out:    ', '[0.986 ]')
('correct:', '[1     ]')
error:  0.00009515
('out:    ', '[0.997 ]')
('correct:', '[1     ]')
error:  0.00000464
('out:    ', '[0.995 ]')
('correct:', '[1     ]')
error:  0.00001043
('out:    ', '[0.995 ]')
('correct:', '[1     ]')
error:  0.00001056
('out:    ', '[0.994 ]')
('correct:', '[1     ]')
error:  0.00001554
('out:    ', '[0.99  ]')
('correct:', '[1     ]')
error:  0.00005238
('out:    ', '[0.996 ]')
('correct:', '[1     ]')
error:  0.00000736
('out:    ', '[0.996 ]')
('correct:', '[1     ]')
error:  0.00000725
('out:    ', '[0.989 ]')
('correct:', '[1     ]')
error:  0.00005741
('out:    ', '[0.992 ]')
('correct:', '[1     ]')
error:  0.00002940
('out:    ', '[0.753 ]')
('correct:', '[1     ]')
error:  0.03059856
('out:    ', '[0.992 ]')
('correct:', '[1     ]')
error:  0.00003348
('out:    ', '[0.996 ]')
('correct:', '[1     ]')
error:  0.00000782
('out:    ', '[0.993 ]')
('correct:', '[1     ]')
error:  0.00002394
('out:    ', '[0.993 ]')
('correct:', '[1     ]')
error:  0.00002758
('out:    ', '[0.997 ]')
('correct:', '[1     ]')
error:  0.00000441
('out:    ', '[0.988 ]')
('correct:', '[1     ]')
error:  0.00007598
('out:    ', '[0.995 ]')
('correct:', '[1     ]')
error:  0.00001156
('out:    ', '[0.997 ]')
('correct:', '[1     ]')
error:  0.00000595
('out:    ', '[0.979 ]')
('correct:', '[1     ]')
error:  0.00021103
('out:    ', '[0.995 ]')
('correct:', '[1     ]')
error:  0.00001288
('out:    ', '[0.987 ]')
('correct:', '[1     ]')
error:  0.00008024
('out:    ', '[0.996 ]')
('correct:', '[1     ]')
error:  0.00000997
('out:    ', '[0.997 ]')
('correct:', '[1     ]')
error:  0.00000525
('out:    ', '[0.997 ]')
('correct:', '[1     ]')
error:  0.00000525
('out:    ', '[0.995 ]')
('correct:', '[1     ]')
error:  0.00001188
('out:    ', '[0.954 ]')
('correct:', '[1     ]')
error:  0.00106825
('out:    ', '[0.994 ]')
('correct:', '[1     ]')
error:  0.00001773
('out:    ', '[0.99  ]')
('correct:', '[1     ]')
error:  0.00005503
('out:    ', '[0.991 ]')
('correct:', '[1     ]')
error:  0.00004162
('out:    ', '[0.977 ]')
('correct:', '[1     ]')
error:  0.00025534
('out:    ', '[0.996 ]')
('correct:', '[1     ]')
error:  0.00000981
('out:    ', '[0.994 ]')
('correct:', '[1     ]')
error:  0.00001676
('out:    ', '[0.996 ]')
('correct:', '[1     ]')
error:  0.00000724
('out:    ', '[0.973 ]')
('correct:', '[1     ]')
error:  0.00037273
('out:    ', '[0.988 ]')
('correct:', '[1     ]')
error:  0.00007288
('out:    ', '[0.989 ]')
('correct:', '[1     ]')
error:  0.00006077
('out:    ', '[0.996 ]')
('correct:', '[1     ]')
error:  0.00000705
('out:    ', '[0.952 ]')
('correct:', '[1     ]')
error:  0.00116038
('out:    ', '[0.97  ]')
('correct:', '[1     ]')
error:  0.00045405
('out:    ', '[0.724 ]')
('correct:', '[1     ]')
error:  0.03807513
('out:    ', '[0.979 ]')
('correct:', '[1     ]')
error:  0.00022465
('out:    ', '[0.996 ]')
('correct:', '[1     ]')
error:  0.00000972
('out:    ', '[0.997 ]')
('correct:', '[1     ]')
error:  0.00000526
('out:    ', '[0.997 ]')
('correct:', '[1     ]')
error:  0.00000535
('out:    ', '[0.995 ]')
('correct:', '[1     ]')
error:  0.00001054
('out:    ', '[0.991 ]')
('correct:', '[1     ]')
error:  0.00003937
('out:    ', '[0.997 ]')
('correct:', '[1     ]')
error:  0.00000513
('out:    ', '[0.958 ]')
('correct:', '[1     ]')
error:  0.00090095
('out:    ', '[0.964 ]')
('correct:', '[1     ]')
error:  0.00064716
('out:    ', '[0.988 ]')
('correct:', '[1     ]')
error:  0.00007714
('out:    ', '[0.969 ]')
('correct:', '[1     ]')
error:  0.00049550
('out:    ', '[0.995 ]')
('correct:', '[1     ]')
error:  0.00001046
('out:    ', '[0.997 ]')
('correct:', '[1     ]')
error:  0.00000336
('out:    ', '[0.992 ]')
('correct:', '[1     ]')
error:  0.00003336
('out:    ', '[0.937 ]')
('correct:', '[1     ]')
error:  0.00201363
('out:    ', '[0.837 ]')
('correct:', '[1     ]')
error:  0.01323902
('out:    ', '[0.982 ]')
('correct:', '[1     ]')
error:  0.00015893
('out:    ', '[0.997 ]')
('correct:', '[1     ]')
error:  0.00000350
('out:    ', '[0.994 ]')
('correct:', '[1     ]')
error:  0.00001667
('out:    ', '[0.997 ]')
('correct:', '[1     ]')
error:  0.00000550
('out:    ', '[0.995 ]')
('correct:', '[1     ]')
error:  0.00001032
('out:    ', '[0.992 ]')
('correct:', '[1     ]')
error:  0.00003182
('out:    ', '[0.996 ]')
('correct:', '[1     ]')
error:  0.00000942
('out:    ', '[0.995 ]')
('correct:', '[1     ]')
error:  0.00001489
('out:    ', '[0.996 ]')
('correct:', '[1     ]')
error:  0.00000926
('out:    ', '[0.989 ]')
('correct:', '[1     ]')
error:  0.00005888
('out:    ', '[0.994 ]')
('correct:', '[1     ]')
error:  0.00001908
('out:    ', '[0.994 ]')
('correct:', '[1     ]')
error:  0.00001893
('out:    ', '[0.951 ]')
('correct:', '[1     ]')
error:  0.00121776
('out:    ', '[0.985 ]')
('correct:', '[1     ]')
error:  0.00010743
('out:    ', '[0.964 ]')
('correct:', '[1     ]')
error:  0.00063541
('out:    ', '[0.954 ]')
('correct:', '[1     ]')
error:  0.00103940
('out:    ', '[0.993 ]')
('correct:', '[1     ]')
error:  0.00002484
('out:    ', '[0.993 ]')
('correct:', '[1     ]')
error:  0.00002142
('out:    ', '[0.995 ]')
('correct:', '[1     ]')
error:  0.00001017
('out:    ', '[0.994 ]')
('correct:', '[1     ]')
error:  0.00001963
('out:    ', '[0.997 ]')
('correct:', '[1     ]')
error:  0.00000391
('out:    ', '[0.992 ]')
('correct:', '[1     ]')
error:  0.00003341
('out:    ', '[0.992 ]')
('correct:', '[1     ]')
error:  0.00003283
('out:    ', '[0.994 ]')
('correct:', '[1     ]')
error:  0.00001655
('out:    ', '[0.864 ]')
('correct:', '[1     ]')
error:  0.00931453
('out:    ', '[0.988 ]')
('correct:', '[1     ]')
error:  0.00007319
('out:    ', '[0.976 ]')
('correct:', '[1     ]')
error:  0.00027928
('out:    ', '[0.991 ]')
('correct:', '[1     ]')
error:  0.00003778
('out:    ', '[0.993 ]')
('correct:', '[1     ]')
error:  0.00002173
('out:    ', '[0.787 ]')
('correct:', '[1     ]')
error:  0.02274015
('out:    ', '[0.966 ]')
('correct:', '[1     ]')
error:  0.00058572
('out:    ', '[0.997 ]')
('correct:', '[1     ]')
error:  0.00000558
('out:    ', '[0.996 ]')
('correct:', '[1     ]')
error:  0.00000821
('out:    ', '[0.996 ]')
('correct:', '[1     ]')
error:  0.00001006
('out:    ', '[0.994 ]')
('correct:', '[1     ]')
error:  0.00001923
('out:    ', '[0.991 ]')
('correct:', '[1     ]')
error:  0.00003979
('out:    ', '[0.993 ]')
('correct:', '[1     ]')
error:  0.00002727
('out:    ', '[0.998 ]')
('correct:', '[1     ]')
error:  0.00000300
('out:    ', '[0.993 ]')
('correct:', '[1     ]')
error:  0.00002552
('out:    ', '[0.994 ]')
('correct:', '[1     ]')
error:  0.00001885
('out:    ', '[0.988 ]')
('correct:', '[1     ]')
error:  0.00006947
('out:    ', '[0.994 ]')
('correct:', '[1     ]')
error:  0.00001690
('out:    ', '[0.997 ]')
('correct:', '[1     ]')
error:  0.00000521
('out:    ', '[0.995 ]')
('correct:', '[1     ]')
error:  0.00001365
('out:    ', '[0.997 ]')
('correct:', '[1     ]')
error:  0.00000518
('out:    ', '[0.992 ]')
('correct:', '[1     ]')
error:  0.00003146
('out:    ', '[0.994 ]')
('correct:', '[1     ]')
error:  0.00001563
('out:    ', '[0.995 ]')
('correct:', '[1     ]')
error:  0.00001362
('out:    ', '[0.995 ]')
('correct:', '[1     ]')
error:  0.00001268
('out:    ', '[0.996 ]')
('correct:', '[1     ]')
error:  0.00000964
('out:    ', '[0.996 ]')
('correct:', '[1     ]')
error:  0.00001009
('out:    ', '[0.973 ]')
('correct:', '[1     ]')
error:  0.00037232
('out:    ', '[0.997 ]')
('correct:', '[1     ]')
error:  0.00000596
('out:    ', '[0.995 ]')
('correct:', '[1     ]')
error:  0.00001025
('out:    ', '[0.996 ]')
('correct:', '[1     ]')
error:  0.00000921
('out:    ', '[0.994 ]')
('correct:', '[1     ]')
error:  0.00001894
('out:    ', '[0.997 ]')
('correct:', '[1     ]')
error:  0.00000324
('out:    ', '[0.995 ]')
('correct:', '[1     ]')
error:  0.00001405
('out:    ', '[0.996 ]')
('correct:', '[1     ]')
error:  0.00000845
('out:    ', '[0.994 ]')
('correct:', '[1     ]')
error:  0.00002080
('out:    ', '[0.951 ]')
('correct:', '[1     ]')
error:  0.00119987
('out:    ', '[0.995 ]')
('correct:', '[1     ]')
error:  0.00001039
('out:    ', '[0.995 ]')
('correct:', '[1     ]')
error:  0.00001044
('out:    ', '[0.989 ]')
('correct:', '[1     ]')
error:  0.00006376
('out:    ', '[0.987 ]')
('correct:', '[1     ]')
error:  0.00007864
('out:    ', '[0.993 ]')
('correct:', '[1     ]')
error:  0.00002807
('out:    ', '[0.848 ]')
('correct:', '[1     ]')
error:  0.01158905
('out:    ', '[0.996 ]')
('correct:', '[1     ]')
error:  0.00000751
('out:    ', '[0.996 ]')
('correct:', '[1     ]')
error:  0.00000971
('out:    ', '[0.995 ]')
('correct:', '[1     ]')
error:  0.00001059
('out:    ', '[0.989 ]')
('correct:', '[1     ]')
error:  0.00006216
('out:    ', '[0.988 ]')
('correct:', '[1     ]')
error:  0.00006965
('out:    ', '[0.964 ]')
('correct:', '[1     ]')
error:  0.00064592
('out:    ', '[0.92  ]')
('correct:', '[1     ]')
error:  0.00322430
('out:    ', '[0.985 ]')
('correct:', '[1     ]')
error:  0.00011494
('out:    ', '[0.995 ]')
('correct:', '[1     ]')
error:  0.00001144
('out:    ', '[0.995 ]')
('correct:', '[1     ]')
error:  0.00001173
('out:    ', '[0.997 ]')
('correct:', '[1     ]')
error:  0.00000491
('out:    ', '[0.997 ]')
('correct:', '[1     ]')
error:  0.00000526
('out:    ', '[0.752 ]')
('correct:', '[1     ]')
error:  0.03066484
('out:    ', '[0.993 ]')
('correct:', '[1     ]')
error:  0.00002284
('out:    ', '[0.99  ]')
('correct:', '[1     ]')
error:  0.00004788
('out:    ', '[0.988 ]')
('correct:', '[1     ]')
error:  0.00006731
('out:    ', '[0.989 ]')
('correct:', '[1     ]')
error:  0.00006398
('out:    ', '[0.995 ]')
('correct:', '[1     ]')
error:  0.00001190
('out:    ', '[0.994 ]')
('correct:', '[1     ]')
error:  0.00002078
('out:    ', '[0.991 ]')
('correct:', '[1     ]')
error:  0.00003847
('out:    ', '[0.983 ]')
('correct:', '[1     ]')
error:  0.00013962
('out:    ', '[0.98  ]')
('correct:', '[1     ]')
error:  0.00020706
('out:    ', '[0.997 ]')
('correct:', '[1     ]')
error:  0.00000494
('out:    ', '[0.997 ]')
('correct:', '[1     ]')
error:  0.00000520
('out:    ', '[0.997 ]')
('correct:', '[1     ]')
error:  0.00000546
('out:    ', '[0.997 ]')
('correct:', '[1     ]')
error:  0.00000313
('out:    ', '[0.992 ]')
('correct:', '[1     ]')
error:  0.00003459
('out:    ', '[0.993 ]')
('correct:', '[1     ]')
error:  0.00002709
('out:    ', '[0.997 ]')
('correct:', '[1     ]')
error:  0.00000536
('out:    ', '[0.989 ]')
('correct:', '[1     ]')
error:  0.00006439
('out:    ', '[0.988 ]')
('correct:', '[1     ]')
error:  0.00006908
('out:    ', '[0.979 ]')
('correct:', '[1     ]')
error:  0.00021016
('out:    ', '[0.98  ]')
('correct:', '[1     ]')
error:  0.00019804
('out:    ', '[0.996 ]')
('correct:', '[1     ]')
error:  0.00000743
('out:    ', '[0.995 ]')
('correct:', '[1     ]')
error:  0.00001168
('out:    ', '[0.991 ]')
('correct:', '[1     ]')
error:  0.00003730
('out:    ', '[0.984 ]')
('correct:', '[1     ]')
error:  0.00013050
('out:    ', '[0.542 ]')
('correct:', '[1     ]')
error:  0.10482867
('out:    ', '[0.996 ]')
('correct:', '[1     ]')
error:  0.00000721
('out:    ', '[0.996 ]')
('correct:', '[1     ]')
error:  0.00000779
('out:    ', '[0.994 ]')
('correct:', '[1     ]')
error:  0.00001674
('out:    ', '[0.976 ]')
('correct:', '[1     ]')
error:  0.00029002
('out:    ', '[0.994 ]')
('correct:', '[1     ]')
error:  0.00001715
('out:    ', '[0.997 ]')
('correct:', '[1     ]')
error:  0.00000525
('out:    ', '[0.988 ]')
('correct:', '[1     ]')
error:  0.00007284
('out:    ', '[0.997 ]')
('correct:', '[1     ]')
error:  0.00000457
('out:    ', '[0.98  ]')
('correct:', '[1     ]')
error:  0.00020868
('out:    ', '[0.962 ]')
('correct:', '[1     ]')
error:  0.00073523
('out:    ', '[0.995 ]')
('correct:', '[1     ]')
error:  0.00001254
('out:    ', '[0.994 ]')
('correct:', '[1     ]')
error:  0.00002091
('out:    ', '[0.997 ]')
('correct:', '[1     ]')
error:  0.00000340
('out:    ', '[0.995 ]')
('correct:', '[1     ]')
error:  0.00001038
('out:    ', '[0.988 ]')
('correct:', '[1     ]')
error:  0.00006922
('out:    ', '[0.986 ]')
('correct:', '[1     ]')
error:  0.00010177
('out:    ', '[0.985 ]')
('correct:', '[1     ]')
error:  0.00011846
('out:    ', '[0.991 ]')
('correct:', '[1     ]')
error:  0.00003978
('out:    ', '[0.991 ]')
('correct:', '[1     ]')
error:  0.00003729
('out:    ', '[0.996 ]')
('correct:', '[1     ]')
error:  0.00000983
('out:    ', '[0.989 ]')
('correct:', '[1     ]')
error:  0.00005956
('out:    ', '[0.991 ]')
('correct:', '[1     ]')
error:  0.00003673
('out:    ', '[0.995 ]')
('correct:', '[1     ]')
error:  0.00001141
('out:    ', '[0.995 ]')
('correct:', '[1     ]')
error:  0.00001307
('out:    ', '[0.792 ]')
('correct:', '[1     ]')
error:  0.02165166
('out:    ', '[0.99  ]')
('correct:', '[1     ]')
error:  0.00005387
('out:    ', '[0.957 ]')
('correct:', '[1     ]')
error:  0.00092182
('out:    ', '[0.705 ]')
('correct:', '[1     ]')
error:  0.04349824
('out:    ', '[0.994 ]')
('correct:', '[1     ]')
error:  0.00002011
('out:    ', '[0.993 ]')
('correct:', '[1     ]')
error:  0.00002375
('out:    ', '[0.991 ]')
('correct:', '[1     ]')
error:  0.00003684
('out:    ', '[0.996 ]')
('correct:', '[1     ]')
error:  0.00000708
('out:    ', '[0.995 ]')
('correct:', '[1     ]')
error:  0.00001039
('out:    ', '[0.915 ]')
('correct:', '[1     ]')
error:  0.00361632
('out:    ', '[0.993 ]')
('correct:', '[1     ]')
error:  0.00002585
('out:    ', '[0.991 ]')
('correct:', '[1     ]')
error:  0.00004250
('out:    ', '[0.991 ]')
('correct:', '[1     ]')
error:  0.00003874
('out:    ', '[0.994 ]')
('correct:', '[1     ]')
error:  0.00001739
('out:    ', '[0.997 ]')
('correct:', '[1     ]')
error:  0.00000461
('out:    ', '[0.962 ]')
('correct:', '[1     ]')
error:  0.00073951
('out:    ', '[0.997 ]')
('correct:', '[1     ]')
error:  0.00000340
('out:    ', '[0.997 ]')
('correct:', '[1     ]')
error:  0.00000521
('out:    ', '[0.458 ]')
('correct:', '[1     ]')
error:  0.14697583
('out:    ', '[0.989 ]')
('correct:', '[1     ]')
error:  0.00006594
('out:    ', '[0.964 ]')
('correct:', '[1     ]')
error:  0.00066446
('out:    ', '[0.993 ]')
('correct:', '[1     ]')
error:  0.00002415
('out:    ', '[0.753 ]')
('correct:', '[1     ]')
error:  0.03057341
('out:    ', '[0.989 ]')
('correct:', '[1     ]')
error:  0.00005907
('out:    ', '[0.991 ]')
('correct:', '[1     ]')
error:  0.00004129
('out:    ', '[0.994 ]')
('correct:', '[1     ]')
error:  0.00001537
('out:    ', '[0.907 ]')
('correct:', '[1     ]')
error:  0.00427883
('out:    ', '[0.864 ]')
('correct:', '[1     ]')
error:  0.00925413
('out:    ', '[0.983 ]')
('correct:', '[1     ]')
error:  0.00014766
('out:    ', '[0.987 ]')
('correct:', '[1     ]')
error:  0.00008498
('out:    ', '[0.991 ]')
('correct:', '[1     ]')
error:  0.00004422
('out:    ', '[0.981 ]')
('correct:', '[1     ]')
error:  0.00018996
('out:    ', '[0.981 ]')
('correct:', '[1     ]')
error:  0.00019004
('out:    ', '[0.994 ]')
('correct:', '[1     ]')
error:  0.00001977
('out:    ', '[0.994 ]')
('correct:', '[1     ]')
error:  0.00001972
('out:    ', '[0.993 ]')
('correct:', '[1     ]')
error:  0.00002256
('out:    ', '[0.817 ]')
('correct:', '[1     ]')
error:  0.01681522
('out:    ', '[0.994 ]')
('correct:', '[1     ]')
error:  0.00001847
('out:    ', '[0.989 ]')
('correct:', '[1     ]')
error:  0.00005998
('out:    ', '[0.996 ]')
('correct:', '[1     ]')
error:  0.00000634
('out:    ', '[0.997 ]')
('correct:', '[1     ]')
error:  0.00000428
('out:    ', '[0.982 ]')
('correct:', '[1     ]')
error:  0.00016978
('out:    ', '[0.989 ]')
('correct:', '[1     ]')
error:  0.00006208
('out:    ', '[0.996 ]')
('correct:', '[1     ]')
error:  0.00000929
('out:    ', '[0.996 ]')
('correct:', '[1     ]')
error:  0.00001003
('out:    ', '[0.958 ]')
('correct:', '[1     ]')
error:  0.00088844
('out:    ', '[0.994 ]')
('correct:', '[1     ]')
error:  0.00001881
('out:    ', '[0.978 ]')
('correct:', '[1     ]')
error:  0.00025127
('out:    ', '[0.996 ]')
('correct:', '[1     ]')
error:  0.00000833
('out:    ', '[0.796 ]')
('correct:', '[1     ]')
error:  0.02090858
('out:    ', '[0.991 ]')
('correct:', '[1     ]')
error:  0.00004296
('out:    ', '[0.997 ]')
('correct:', '[1     ]')
error:  0.00000413
('out:    ', '[0.997 ]')
('correct:', '[1     ]')
error:  0.00000552
('out:    ', '[0.996 ]')
('correct:', '[1     ]')
error:  0.00000628
('out:    ', '[0.927 ]')
('correct:', '[1     ]')
error:  0.00263483
('out:    ', '[0.997 ]')
('correct:', '[1     ]')
error:  0.00000529
('out:    ', '[0.996 ]')
('correct:', '[1     ]')
error:  0.00000969
('out:    ', '[0.986 ]')
('correct:', '[1     ]')
error:  0.00009142
('out:    ', '[0.993 ]')
('correct:', '[1     ]')
error:  0.00002693
('out:    ', '[0.997 ]')
('correct:', '[1     ]')
error:  0.00000417
('out:    ', '[0.997 ]')
('correct:', '[1     ]')
error:  0.00000495
('out:    ', '[0.997 ]')
('correct:', '[1     ]')
error:  0.00000480
('out:    ', '[0.995 ]')
('correct:', '[1     ]')
error:  0.00001433
('out:    ', '[0.996 ]')
('correct:', '[1     ]')
error:  0.00000631
('out:    ', '[0.989 ]')
('correct:', '[1     ]')
error:  0.00006344
('out:    ', '[0.987 ]')
('correct:', '[1     ]')
error:  0.00008480
('out:    ', '[0.997 ]')
('correct:', '[1     ]')
error:  0.00000471
('out:    ', '[0.997 ]')
('correct:', '[1     ]')
error:  0.00000524
('out:    ', '[0.994 ]')
('correct:', '[1     ]')
error:  0.00001990
('out:    ', '[0.937 ]')
('correct:', '[1     ]')
error:  0.00201441
('out:    ', '[0.994 ]')
('correct:', '[1     ]')
error:  0.00001727
('out:    ', '[0.994 ]')
('correct:', '[1     ]')
error:  0.00001538
('out:    ', '[0.991 ]')
('correct:', '[1     ]')
error:  0.00004257
('out:    ', '[0.962 ]')
('correct:', '[1     ]')
error:  0.00070495
('out:    ', '[0.904 ]')
('correct:', '[1     ]')
error:  0.00462282
('out:    ', '[0.978 ]')
('correct:', '[1     ]')
error:  0.00023832
('out:    ', '[0.995 ]')
('correct:', '[1     ]')
error:  0.00001083
('out:    ', '[0.997 ]')
('correct:', '[1     ]')
error:  0.00000525
('out:    ', '[0.983 ]')
('correct:', '[1     ]')
error:  0.00013955
('out:    ', '[0.758 ]')
('correct:', '[1     ]')
error:  0.02939239
('out:    ', '[0.964 ]')
('correct:', '[1     ]')
error:  0.00066466
('out:    ', '[0.994 ]')
('correct:', '[1     ]')
error:  0.00001718
('out:    ', '[0.931 ]')
('correct:', '[1     ]')
error:  0.00239422
('out:    ', '[0.988 ]')
('correct:', '[1     ]')
error:  0.00007661
('out:    ', '[0.897 ]')
('correct:', '[1     ]')
error:  0.00532802
('out:    ', '[0.994 ]')
('correct:', '[1     ]')
error:  0.00001801
('out:    ', '[0.995 ]')
('correct:', '[1     ]')
error:  0.00001114
('out:    ', '[0.991 ]')
('correct:', '[1     ]')
error:  0.00003820
('out:    ', '[0.993 ]')
('correct:', '[1     ]')
error:  0.00002648
('out:    ', '[0.988 ]')
('correct:', '[1     ]')
error:  0.00007161
('out:    ', '[0.993 ]')
('correct:', '[1     ]')
error:  0.00002131
('out:    ', '[0.932 ]')
('correct:', '[1     ]')
error:  0.00234105
('out:    ', '[0.996 ]')
('correct:', '[1     ]')
error:  0.00001012
('out:    ', '[0.996 ]')
('correct:', '[1     ]')
error:  0.00000709
('out:    ', '[0.997 ]')
('correct:', '[1     ]')
error:  0.00000434
('out:    ', '[0.979 ]')
('correct:', '[1     ]')
error:  0.00022336
('out:    ', '[0.992 ]')
('correct:', '[1     ]')
error:  0.00003493
('out:    ', '[0.886 ]')
('correct:', '[0     ]')
error:  0.39231951
('out:    ', '[0.983 ]')
('correct:', '[1     ]')
error:  0.00015004
('out:    ', '[0.983 ]')
('correct:', '[1     ]')
error:  0.00014830
('out:    ', '[0.708 ]')
('correct:', '[1     ]')
error:  0.04262360
('out:    ', '[0.988 ]')
('correct:', '[1     ]')
error:  0.00006867
('out:    ', '[0.939 ]')
('correct:', '[1     ]')
error:  0.00185946
('out:    ', '[0.993 ]')
('correct:', '[1     ]')
error:  0.00002746
('out:    ', '[0.994 ]')
('correct:', '[1     ]')
error:  0.00001641
('out:    ', '[0.989 ]')
('correct:', '[1     ]')
error:  0.00006295
('out:    ', '[0.996 ]')
('correct:', '[1     ]')
error:  0.00000627
('out:    ', '[0.995 ]')
('correct:', '[1     ]')
error:  0.00001121
('out:    ', '[0.964 ]')
('correct:', '[1     ]')
error:  0.00065210
('out:    ', '[0.973 ]')
('correct:', '[1     ]')
error:  0.00036021
('out:    ', '[0.988 ]')
('correct:', '[1     ]')
error:  0.00007536
('out:    ', '[0.988 ]')
('correct:', '[1     ]')
error:  0.00007149
('out:    ', '[0.989 ]')
('correct:', '[1     ]')
error:  0.00006407
('out:    ', '[0.993 ]')
('correct:', '[1     ]')
error:  0.00002365
('out:    ', '[0.996 ]')
('correct:', '[1     ]')
error:  0.00000651
('out:    ', '[0.988 ]')
('correct:', '[1     ]')
error:  0.00007248
('out:    ', '[0.992 ]')
('correct:', '[1     ]')
error:  0.00003413
('out:    ', '[0.987 ]')
('correct:', '[1     ]')
error:  0.00008473
('out:    ', '[0.993 ]')
('correct:', '[1     ]')
error:  0.00002217
('out:    ', '[0.98  ]')
('correct:', '[1     ]')
error:  0.00020003
('out:    ', '[0.997 ]')
('correct:', '[1     ]')
error:  0.00000546
('out:    ', '[0.987 ]')
('correct:', '[1     ]')
error:  0.00008250
('out:    ', '[0.995 ]')
('correct:', '[1     ]')
error:  0.00001139
('out:    ', '[0.96  ]')
('correct:', '[1     ]')
error:  0.00079681
('out:    ', '[0.993 ]')
('correct:', '[1     ]')
error:  0.00002482
('out:    ', '[0.961 ]')
('correct:', '[1     ]')
error:  0.00075477
('out:    ', '[0.994 ]')
('correct:', '[1     ]')
error:  0.00001878
('out:    ', '[0.962 ]')
('correct:', '[1     ]')
error:  0.00070702
('out:    ', '[0.996 ]')
('correct:', '[1     ]')
error:  0.00000783
('out:    ', '[0.95  ]')
('correct:', '[1     ]')
error:  0.00122594
('out:    ', '[0.996 ]')
('correct:', '[1     ]')
error:  0.00000771
('out:    ', '[0.76  ]')
('correct:', '[1     ]')
error:  0.02872104
('out:    ', '[0.916 ]')
('correct:', '[1     ]')
error:  0.00356735
('out:    ', '[0.99  ]')
('correct:', '[1     ]')
error:  0.00004986
('out:    ', '[0.993 ]')
('correct:', '[1     ]')
error:  0.00002746
('out:    ', '[0.997 ]')
('correct:', '[1     ]')
error:  0.00000544
('out:    ', '[0.995 ]')
('correct:', '[1     ]')
error:  0.00001403
('out:    ', '[0.994 ]')
('correct:', '[1     ]')
error:  0.00001799
('out:    ', '[0.988 ]')
('correct:', '[1     ]')
error:  0.00007167
('out:    ', '[0.995 ]')
('correct:', '[1     ]')
error:  0.00001060
('out:    ', '[0.996 ]')
('correct:', '[1     ]')
error:  0.00000967
('out:    ', '[0.997 ]')
('correct:', '[1     ]')
error:  0.00000600
('out:    ', '[0.995 ]')
('correct:', '[1     ]')
error:  0.00001103
('out:    ', '[0.984 ]')
('correct:', '[1     ]')
error:  0.00012878
('out:    ', '[0.989 ]')
('correct:', '[1     ]')
error:  0.00006074
('out:    ', '[0.993 ]')
('correct:', '[1     ]')
error:  0.00002677
('out:    ', '[0.998 ]')
('correct:', '[1     ]')
error:  0.00000272
('out:    ', '[0.997 ]')
('correct:', '[1     ]')
error:  0.00000447
('out:    ', '[0.983 ]')
('correct:', '[1     ]')
error:  0.00014251
('out:    ', '[0.996 ]')
('correct:', '[1     ]')
error:  0.00000667
('out:    ', '[0.997 ]')
('correct:', '[1     ]')
error:  0.00000525
('out:    ', '[0.983 ]')
('correct:', '[1     ]')
error:  0.00014656
('out:    ', '[0.883 ]')
('correct:', '[1     ]')
error:  0.00681351
('out:    ', '[0.928 ]')
('correct:', '[1     ]')
error:  0.00261163
('out:    ', '[0.988 ]')
('correct:', '[1     ]')
error:  0.00007027
('out:    ', '[0.994 ]')
('correct:', '[1     ]')
error:  0.00001753
('out:    ', '[0.996 ]')
('correct:', '[1     ]')
error:  0.00000819
('out:    ', '[0.997 ]')
('correct:', '[1     ]')
error:  0.00000341
('out:    ', '[0.947 ]')
('correct:', '[1     ]')
error:  0.00139361
('out:    ', '[0.994 ]')
('correct:', '[1     ]')
error:  0.00001686
('out:    ', '[0.966 ]')
('correct:', '[1     ]')
error:  0.00059373
('out:    ', '[0.989 ]')
('correct:', '[1     ]')
error:  0.00006568
('out:    ', '[0.997 ]')
('correct:', '[1     ]')
error:  0.00000526
('out:    ', '[0.983 ]')
('correct:', '[1     ]')
error:  0.00014622
('out:    ', '[0.993 ]')
('correct:', '[1     ]')
error:  0.00002633
('out:    ', '[0.987 ]')
('correct:', '[1     ]')
error:  0.00007826
('out:    ', '[0.994 ]')
('correct:', '[1     ]')
error:  0.00001635
('out:    ', '[0.988 ]')
('correct:', '[1     ]')
error:  0.00007094
('out:    ', '[0.997 ]')
('correct:', '[1     ]')
error:  0.00000509
('out:    ', '[0.996 ]')
('correct:', '[1     ]')
error:  0.00000997
('out:    ', '[0.995 ]')
('correct:', '[1     ]')
error:  0.00001036
('out:    ', '[0.997 ]')
('correct:', '[1     ]')
error:  0.00000406
('out:    ', '[0.997 ]')
('correct:', '[1     ]')
error:  0.00000482
('out:    ', '[0.995 ]')
('correct:', '[1     ]')
error:  0.00001175
('out:    ', '[0.98  ]')
('correct:', '[1     ]')
error:  0.00019271
('out:    ', '[0.944 ]')
('correct:', '[1     ]')
error:  0.00155742
('out:    ', '[0.942 ]')
('correct:', '[1     ]')
error:  0.00167895
('out:    ', '[0.971 ]')
('correct:', '[1     ]')
error:  0.00043507
('out:    ', '[0.996 ]')
('correct:', '[1     ]')
error:  0.00000749
('out:    ', '[0.996 ]')
('correct:', '[1     ]')
error:  0.00000901
('out:    ', '[0.995 ]')
('correct:', '[1     ]')
error:  0.00001109
('out:    ', '[0.997 ]')
('correct:', '[1     ]')
error:  0.00000581
('out:    ', '[0.79  ]')
('correct:', '[1     ]')
error:  0.02201755
('out:    ', '[0.993 ]')
('correct:', '[1     ]')
error:  0.00002669
('out:    ', '[0.992 ]')
('correct:', '[1     ]')
error:  0.00003394
('out:    ', '[0.993 ]')
('correct:', '[1     ]')
error:  0.00002171
('out:    ', '[0.997 ]')
('correct:', '[1     ]')
error:  0.00000401
('out:    ', '[0.994 ]')
('correct:', '[1     ]')
error:  0.00001852
('out:    ', '[0.988 ]')
('correct:', '[1     ]')
error:  0.00006810
('out:    ', '[0.96  ]')
('correct:', '[1     ]')
error:  0.00080245
('out:    ', '[0.995 ]')
('correct:', '[1     ]')
error:  0.00001032
('out:    ', '[0.946 ]')
('correct:', '[1     ]')
error:  0.00147422
('out:    ', '[0.997 ]')
('correct:', '[1     ]')
error:  0.00000359
('out:    ', '[0.996 ]')
('correct:', '[1     ]')
error:  0.00000732
('out:    ', '[0.995 ]')
('correct:', '[1     ]')
error:  0.00001153
('out:    ', '[0.993 ]')
('correct:', '[1     ]')
error:  0.00002676
('out:    ', '[0.893 ]')
('correct:', '[1     ]')
error:  0.00575184
('out:    ', '[0.994 ]')
('correct:', '[1     ]')
error:  0.00001697
('out:    ', '[0.978 ]')
('correct:', '[1     ]')
error:  0.00024439
('out:    ', '[0.966 ]')
('correct:', '[1     ]')
error:  0.00057756
('out:    ', '[0.994 ]')
('correct:', '[1     ]')
error:  0.00001766
('out:    ', '[0.994 ]')
('correct:', '[1     ]')
error:  0.00002044
('out:    ', '[0.996 ]')
('correct:', '[1     ]')
error:  0.00000791
('out:    ', '[0.993 ]')
('correct:', '[1     ]')
error:  0.00002177
('out:    ', '[0.993 ]')
('correct:', '[1     ]')
error:  0.00002419
('out:    ', '[0.997 ]')
('correct:', '[1     ]')
error:  0.00000529
('out:    ', '[0.995 ]')
('correct:', '[1     ]')
error:  0.00001475
('out:    ', '[0.994 ]')
('correct:', '[1     ]')
error:  0.00001913
('out:    ', '[0.992 ]')
('correct:', '[1     ]')
error:  0.00003022
('out:    ', '[0.996 ]')
('correct:', '[1     ]')
error:  0.00000649
('out:    ', '[0.996 ]')
('correct:', '[1     ]')
error:  0.00000728
('out:    ', '[0.994 ]')
('correct:', '[1     ]')
error:  0.00001898
('out:    ', '[0.997 ]')
('correct:', '[1     ]')
error:  0.00000363
('out:    ', '[0.989 ]')
('correct:', '[1     ]')
error:  0.00005993
('out:    ', '[0.983 ]')
('correct:', '[1     ]')
error:  0.00014769
('out:    ', '[0.995 ]')
('correct:', '[1     ]')
error:  0.00001031
('out:    ', '[0.988 ]')
('correct:', '[1     ]')
error:  0.00006637
('out:    ', '[0.365 ]')
('correct:', '[1     ]')
error:  0.20165021
('out:    ', '[0.993 ]')
('correct:', '[1     ]')
error:  0.00002539
('out:    ', '[0.99  ]')
('correct:', '[1     ]')
error:  0.00005485
('out:    ', '[0.979 ]')
('correct:', '[1     ]')
error:  0.00021261
('out:    ', '[0.995 ]')
('correct:', '[1     ]')
error:  0.00001036
('out:    ', '[0.99  ]')
('correct:', '[1     ]')
error:  0.00004801
('out:    ', '[0.971 ]')
('correct:', '[1     ]')
error:  0.00042448
('out:    ', '[0.892 ]')
('correct:', '[1     ]')
error:  0.00585657
('out:    ', '[0.995 ]')
('correct:', '[1     ]')
error:  0.00001199
('out:    ', '[0.997 ]')
('correct:', '[1     ]')
error:  0.00000525
('out:    ', '[0.995 ]')
('correct:', '[1     ]')
error:  0.00001178
('out:    ', '[0.993 ]')
('correct:', '[1     ]')
error:  0.00002230
('out:    ', '[0.993 ]')
('correct:', '[1     ]')
error:  0.00002160
('out:    ', '[0.994 ]')
('correct:', '[1     ]')
error:  0.00002072
('out:    ', '[0.998 ]')
('correct:', '[1     ]')
error:  0.00000288
('out:    ', '[0.992 ]')
('correct:', '[1     ]')
error:  0.00002951
('out:    ', '[0.994 ]')
('correct:', '[1     ]')
error:  0.00001621
('out:    ', '[0.987 ]')
('correct:', '[1     ]')
error:  0.00008765
('out:    ', '[0.992 ]')
('correct:', '[1     ]')
error:  0.00002876
('out:    ', '[0.996 ]')
('correct:', '[1     ]')
error:  0.00000648
('out:    ', '[0.893 ]')
('correct:', '[1     ]')
error:  0.00571106
('out:    ', '[0.992 ]')
('correct:', '[1     ]')
error:  0.00003142
('out:    ', '[0.986 ]')
('correct:', '[1     ]')
error:  0.00010239
('out:    ', '[0.993 ]')
('correct:', '[1     ]')
error:  0.00002262
('out:    ', '[0.888 ]')
('correct:', '[1     ]')
error:  0.00629977
('out:    ', '[0.751 ]')
('correct:', '[1     ]')
error:  0.03100676
('out:    ', '[0.882 ]')
('correct:', '[1     ]')
error:  0.00690548
('out:    ', '[0.995 ]')
('correct:', '[1     ]')
error:  0.00001049
('out:    ', '[0.997 ]')
('correct:', '[1     ]')
error:  0.00000497
('out:    ', '[0.997 ]')
('correct:', '[1     ]')
error:  0.00000491
('out:    ', '[0.825 ]')
('correct:', '[1     ]')
error:  0.01538738
('out:    ', '[0.995 ]')
('correct:', '[1     ]')
error:  0.00001026
('out:    ', '[0.988 ]')
('correct:', '[1     ]')
error:  0.00007575
('out:    ', '[0.997 ]')
('correct:', '[1     ]')
error:  0.00000431
('out:    ', '[0.994 ]')
('correct:', '[1     ]')
error:  0.00001826
('out:    ', '[0.761 ]')
('correct:', '[1     ]')
error:  0.02860698
('out:    ', '[0.911 ]')
('correct:', '[1     ]')
error:  0.00393991
('out:    ', '[0.986 ]')
('correct:', '[1     ]')
error:  0.00010114
('out:    ', '[0.99  ]')
('correct:', '[1     ]')
error:  0.00005489
('out:    ', '[0.986 ]')
('correct:', '[1     ]')
error:  0.00010247
('out:    ', '[0.995 ]')
('correct:', '[1     ]')
error:  0.00001032
('out:    ', '[0.995 ]')
('correct:', '[1     ]')
error:  0.00001458
('out:    ', '[0.995 ]')
('correct:', '[1     ]')
error:  0.00001485
('out:    ', '[0.993 ]')
('correct:', '[1     ]')
error:  0.00002327
('out:    ', '[0.994 ]')
('correct:', '[1     ]')
error:  0.00001549
('out:    ', '[0.995 ]')
('correct:', '[1     ]')
error:  0.00001403
('out:    ', '[0.997 ]')
('correct:', '[1     ]')
error:  0.00000612
('out:    ', '[0.992 ]')
('correct:', '[1     ]')
error:  0.00003371
('out:    ', '[0.996 ]')
('correct:', '[1     ]')
error:  0.00000646
('out:    ', '[0.996 ]')
('correct:', '[1     ]')
error:  0.00000770
('out:    ', '[0.985 ]')
('correct:', '[1     ]')
error:  0.00010781
('out:    ', '[0.979 ]')
('correct:', '[1     ]')
error:  0.00021847
('out:    ', '[0.994 ]')
('correct:', '[1     ]')
error:  0.00001609
('out:    ', '[0.994 ]')
('correct:', '[1     ]')
error:  0.00002084
('out:    ', '[0.994 ]')
('correct:', '[1     ]')
error:  0.00001529
('out:    ', '[0.997 ]')
('correct:', '[1     ]')
error:  0.00000425
('out:    ', '[0.941 ]')
('correct:', '[1     ]')
error:  0.00173017
('out:    ', '[0.988 ]')
('correct:', '[1     ]')
error:  0.00007558
('out:    ', '[0.997 ]')
('correct:', '[1     ]')
error:  0.00000545
('out:    ', '[0.97  ]')
('correct:', '[1     ]')
error:  0.00045157
('out:    ', '[0.873 ]')
('correct:', '[1     ]')
error:  0.00807360
('out:    ', '[0.997 ]')
('correct:', '[1     ]')
error:  0.00000446
('out:    ', '[0.995 ]')
('correct:', '[1     ]')
error:  0.00001250
('out:    ', '[0.928 ]')
('correct:', '[1     ]')
error:  0.00256100
('out:    ', '[0.997 ]')
('correct:', '[1     ]')
error:  0.00000533
('out:    ', '[0.997 ]')
('correct:', '[1     ]')
error:  0.00000364
('out:    ', '[0.987 ]')
('correct:', '[1     ]')
error:  0.00008826
('out:    ', '[0.998 ]')
('correct:', '[1     ]')
error:  0.00000300
('out:    ', '[0.956 ]')
('correct:', '[1     ]')
error:  0.00096684
('out:    ', '[0.986 ]')
('correct:', '[1     ]')
error:  0.00009685
('out:    ', '[0.989 ]')
('correct:', '[1     ]')
error:  0.00005809
('out:    ', '[0.996 ]')
('correct:', '[1     ]')
error:  0.00000653
('out:    ', '[0.991 ]')
('correct:', '[1     ]')
error:  0.00003851
('out:    ', '[0.994 ]')
('correct:', '[1     ]')
error:  0.00001674
('out:    ', '[0.994 ]')
('correct:', '[1     ]')
error:  0.00001519
('out:    ', '[0.997 ]')
('correct:', '[1     ]')
error:  0.00000518
('out:    ', '[0.992 ]')
('correct:', '[1     ]')
error:  0.00003281
('out:    ', '[0.696 ]')
('correct:', '[1     ]')
error:  0.04630825
('out:    ', '[0.816 ]')
('correct:', '[1     ]')
error:  0.01693768
('out:    ', '[0.997 ]')
('correct:', '[1     ]')
error:  0.00000492
('out:    ', '[0.97  ]')
('correct:', '[1     ]')
error:  0.00045731
('out:    ', '[0.969 ]')
('correct:', '[1     ]')
error:  0.00048089
('out:    ', '[0.995 ]')
('correct:', '[1     ]')
error:  0.00001023
('out:    ', '[0.993 ]')
('correct:', '[1     ]')
error:  0.00002329
('out:    ', '[0.989 ]')
('correct:', '[1     ]')
error:  0.00005908
('out:    ', '[0.991 ]')
('correct:', '[1     ]')
error:  0.00004264
('out:    ', '[0.997 ]')
('correct:', '[1     ]')
error:  0.00000520
('out:    ', '[0.997 ]')
('correct:', '[1     ]')
error:  0.00000570
('out:    ', '[0.897 ]')
('correct:', '[1     ]')
error:  0.00534334
('out:    ', '[0.99  ]')
('correct:', '[1     ]')
error:  0.00004668
('out:    ', '[0.755 ]')
('correct:', '[1     ]')
error:  0.02990795
('out:    ', '[0.812 ]')
('correct:', '[1     ]')
error:  0.01758216
('out:    ', '[0.992 ]')
('correct:', '[1     ]')
error:  0.00003547
('out:    ', '[0.975 ]')
('correct:', '[1     ]')
error:  0.00031002
('out:    ', '[0.985 ]')
('correct:', '[1     ]')
error:  0.00011735
('out:    ', '[0.947 ]')
('correct:', '[1     ]')
error:  0.00141713
('out:    ', '[0.985 ]')
('correct:', '[1     ]')
error:  0.00010810
('out:    ', '[0.994 ]')
('correct:', '[1     ]')
error:  0.00001848
('out:    ', '[0.995 ]')
('correct:', '[1     ]')
error:  0.00001044
('out:    ', '[0.985 ]')
('correct:', '[1     ]')
error:  0.00010647
('out:    ', '[0.994 ]')
('correct:', '[1     ]')
error:  0.00001793
('out:    ', '[0.997 ]')
('correct:', '[1     ]')
error:  0.00000598
('out:    ', '[0.997 ]')
('correct:', '[1     ]')
error:  0.00000505
('out:    ', '[0.984 ]')
('correct:', '[1     ]')
error:  0.00012458
('out:    ', '[0.991 ]')
('correct:', '[1     ]')
error:  0.00004266
('out:    ', '[0.981 ]')
('correct:', '[1     ]')
error:  0.00018465
('out:    ', '[0.993 ]')
('correct:', '[1     ]')
error:  0.00002165
('out:    ', '[0.994 ]')
('correct:', '[1     ]')
error:  0.00001599
('out:    ', '[0.995 ]')
('correct:', '[1     ]')
error:  0.00001067
('out:    ', '[0.997 ]')
('correct:', '[1     ]')
error:  0.00000486
('out:    ', '[0.988 ]')
('correct:', '[1     ]')
error:  0.00007385
('out:    ', '[0.982 ]')
('correct:', '[1     ]')
error:  0.00016871
('out:    ', '[0.995 ]')
('correct:', '[1     ]')
error:  0.00001043
('out:    ', '[0.734 ]')
('correct:', '[1     ]')
error:  0.03524594
('out:    ', '[0.995 ]')
('correct:', '[1     ]')
error:  0.00001050
('out:    ', '[0.848 ]')
('correct:', '[1     ]')
error:  0.01151099
('out:    ', '[0.997 ]')
('correct:', '[1     ]')
error:  0.00000456
('out:    ', '[0.994 ]')
('correct:', '[1     ]')
error:  0.00001918
('out:    ', '[0.995 ]')
('correct:', '[1     ]')
error:  0.00001252
('out:    ', '[0.722 ]')
('correct:', '[1     ]')
error:  0.03858478
('out:    ', '[0.995 ]')
('correct:', '[1     ]')
error:  0.00001052
('out:    ', '[0.997 ]')
('correct:', '[1     ]')
error:  0.00000562
('out:    ', '[0.702 ]')
('correct:', '[1     ]')
error:  0.04441470
('out:    ', '[0.996 ]')
('correct:', '[1     ]')
error:  0.00000981
('out:    ', '[0.963 ]')
('correct:', '[1     ]')
error:  0.00069402
('out:    ', '[0.983 ]')
('correct:', '[1     ]')
error:  0.00014205
('out:    ', '[0.995 ]')
('correct:', '[1     ]')
error:  0.00001223
('out:    ', '[0.979 ]')
('correct:', '[1     ]')
error:  0.00021633
('out:    ', '[0.989 ]')
('correct:', '[1     ]')
error:  0.00005802
('out:    ', '[0.936 ]')
('correct:', '[1     ]')
error:  0.00201936
('out:    ', '[0.997 ]')
('correct:', '[1     ]')
error:  0.00000531
('out:    ', '[0.745 ]')
('correct:', '[1     ]')
error:  0.03261635
('out:    ', '[0.988 ]')
('correct:', '[1     ]')
error:  0.00006748
('out:    ', '[0.987 ]')
('correct:', '[1     ]')
error:  0.00008943
('out:    ', '[0.997 ]')
('correct:', '[1     ]')
error:  0.00000557
('out:    ', '[0.994 ]')
('correct:', '[1     ]')
error:  0.00002026
('out:    ', '[0.996 ]')
('correct:', '[1     ]')
error:  0.00000629
('out:    ', '[0.997 ]')
('correct:', '[1     ]')
error:  0.00000532
('out:    ', '[0.91  ]')
('correct:', '[1     ]')
error:  0.00407453
('out:    ', '[0.99  ]')
('correct:', '[1     ]')
error:  0.00004903
('out:    ', '[0.996 ]')
('correct:', '[1     ]')
error:  0.00000956
('out:    ', '[0.988 ]')
('correct:', '[1     ]')
error:  0.00007082
('out:    ', '[0.994 ]')
('correct:', '[1     ]')
error:  0.00001724
('out:    ', '[0.991 ]')
('correct:', '[1     ]')
error:  0.00003630
('out:    ', '[0.995 ]')
('correct:', '[1     ]')
error:  0.00001112
('out:    ', '[0.994 ]')
('correct:', '[1     ]')
error:  0.00001810
('out:    ', '[0.978 ]')
('correct:', '[1     ]')
error:  0.00024014
('out:    ', '[0.993 ]')
('correct:', '[1     ]')
error:  0.00002808
('out:    ', '[0.994 ]')
('correct:', '[1     ]')
error:  0.00001630
('out:    ', '[0.995 ]')
('correct:', '[1     ]')
error:  0.00001171
('out:    ', '[0.627 ]')
('correct:', '[1     ]')
error:  0.06952038
('out:    ', '[0.996 ]')
('correct:', '[1     ]')
error:  0.00000943
('out:    ', '[0.792 ]')
('correct:', '[1     ]')
error:  0.02166621
('out:    ', '[0.993 ]')
('correct:', '[1     ]')
error:  0.00002211
('out:    ', '[0.752 ]')
('correct:', '[1     ]')
error:  0.03066323
('out:    ', '[0.826 ]')
('correct:', '[1     ]')
error:  0.01516927
('out:    ', '[0.992 ]')
('correct:', '[1     ]')
error:  0.00003019
('out:    ', '[0.991 ]')
('correct:', '[1     ]')
error:  0.00004412
('out:    ', '[0.997 ]')
('correct:', '[1     ]')
error:  0.00000511
('out:    ', '[0.987 ]')
('correct:', '[1     ]')
error:  0.00008493
('out:    ', '[0.995 ]')
('correct:', '[1     ]')
error:  0.00001053
('out:    ', '[0.907 ]')
('correct:', '[1     ]')
error:  0.00436075
('out:    ', '[0.741 ]')
('correct:', '[0     ]')
error:  0.27458412
('out:    ', '[0.878 ]')
('correct:', '[1     ]')
error:  0.00747305
('out:    ', '[0.996 ]')
('correct:', '[1     ]')
error:  0.00000857
('out:    ', '[0.995 ]')
('correct:', '[1     ]')
error:  0.00001048
('out:    ', '[0.994 ]')
('correct:', '[1     ]')
error:  0.00001699
('out:    ', '[0.991 ]')
('correct:', '[1     ]')
error:  0.00004265
('out:    ', '[0.995 ]')
('correct:', '[1     ]')
error:  0.00001398
('out:    ', '[0.984 ]')
('correct:', '[1     ]')
error:  0.00012677
('out:    ', '[0.988 ]')
('correct:', '[1     ]')
error:  0.00007154
('out:    ', '[0.969 ]')
('correct:', '[1     ]')
error:  0.00046995
('out:    ', '[0.975 ]')
('correct:', '[1     ]')
error:  0.00031028
('out:    ', '[0.997 ]')
('correct:', '[1     ]')
error:  0.00000487
('out:    ', '[0.988 ]')
('correct:', '[1     ]')
error:  0.00006974
('out:    ', '[0.994 ]')
('correct:', '[1     ]')
error:  0.00002004
('out:    ', '[0.995 ]')
('correct:', '[1     ]')
error:  0.00001038
('out:    ', '[0.964 ]')
('correct:', '[1     ]')
error:  0.00063076
('out:    ', '[0.985 ]')
('correct:', '[1     ]')
error:  0.00011813
('out:    ', '[0.988 ]')
('correct:', '[1     ]')
error:  0.00007264
('out:    ', '[0.996 ]')
('correct:', '[1     ]')
error:  0.00000859
('out:    ', '[0.992 ]')
('correct:', '[1     ]')
error:  0.00002971
('out:    ', '[0.997 ]')
('correct:', '[1     ]')
error:  0.00000529
('out:    ', '[0.989 ]')
('correct:', '[1     ]')
error:  0.00006310
('out:    ', '[0.995 ]')
('correct:', '[1     ]')
error:  0.00001501
('out:    ', '[0.995 ]')
('correct:', '[1     ]')
error:  0.00001450
('out:    ', '[0.993 ]')
('correct:', '[1     ]')
error:  0.00002765
('out:    ', '[0.918 ]')
('correct:', '[1     ]')
error:  0.00339474
('out:    ', '[0.997 ]')
('correct:', '[1     ]')
error:  0.00000456
('out:    ', '[0.996 ]')
('correct:', '[1     ]')
error:  0.00000727
('out:    ', '[0.992 ]')
('correct:', '[1     ]')
error:  0.00002866
('out:    ', '[0.99  ]')
('correct:', '[1     ]')
error:  0.00004570
('out:    ', '[0.995 ]')
('correct:', '[1     ]')
error:  0.00001106
('out:    ', '[0.984 ]')
('correct:', '[1     ]')
error:  0.00013182
('out:    ', '[0.994 ]')
('correct:', '[1     ]')
error:  0.00001685
('out:    ', '[0.995 ]')
('correct:', '[1     ]')
error:  0.00001026
('out:    ', '[0.989 ]')
('correct:', '[1     ]')
error:  0.00005887
('out:    ', '[0.993 ]')
('correct:', '[1     ]')
error:  0.00002728
('out:    ', '[0.988 ]')
('correct:', '[1     ]')
error:  0.00007604
('out:    ', '[0.994 ]')
('correct:', '[1     ]')
error:  0.00002018
('out:    ', '[0.995 ]')
('correct:', '[1     ]')
error:  0.00001020
('out:    ', '[0.984 ]')
('correct:', '[1     ]')
error:  0.00012721
('out:    ', '[0.993 ]')
('correct:', '[1     ]')
error:  0.00002413
('out:    ', '[0.996 ]')
('correct:', '[1     ]')
error:  0.00000989
('out:    ', '[0.987 ]')
('correct:', '[1     ]')
error:  0.00008990
('out:    ', '[0.973 ]')
('correct:', '[1     ]')
error:  0.00035641
('out:    ', '[0.703 ]')
('correct:', '[1     ]')
error:  0.04415031
('out:    ', '[0.995 ]')
('correct:', '[1     ]')
error:  0.00001039
('out:    ', '[0.942 ]')
('correct:', '[1     ]')
error:  0.00170403
('out:    ', '[0.996 ]')
('correct:', '[1     ]')
error:  0.00000630
('out:    ', '[0.99  ]')
('correct:', '[1     ]')
error:  0.00005222
('out:    ', '[0.986 ]')
('correct:', '[1     ]')
error:  0.00009718
('out:    ', '[0.995 ]')
('correct:', '[1     ]')
error:  0.00001409
('out:    ', '[0.992 ]')
('correct:', '[1     ]')
error:  0.00003591
('out:    ', '[0.994 ]')
('correct:', '[1     ]')
error:  0.00002051
('out:    ', '[0.966 ]')
('correct:', '[1     ]')
error:  0.00056534
('out:    ', '[0.991 ]')
('correct:', '[1     ]')
error:  0.00003828
('out:    ', '[0.994 ]')
('correct:', '[1     ]')
error:  0.00001638
('out:    ', '[0.996 ]')
('correct:', '[1     ]')
error:  0.00000647
('out:    ', '[0.972 ]')
('correct:', '[1     ]')
error:  0.00039524
('out:    ', '[0.995 ]')
('correct:', '[1     ]')
error:  0.00001032
('out:    ', '[0.997 ]')
('correct:', '[1     ]')
error:  0.00000523
('out:    ', '[0.516 ]')
('correct:', '[1     ]')
error:  0.11688761
('out:    ', '[0.993 ]')
('correct:', '[1     ]')
error:  0.00002615
('out:    ', '[0.995 ]')
('correct:', '[1     ]')
error:  0.00001016
('out:    ', '[0.995 ]')
('correct:', '[1     ]')
error:  0.00001274
('out:    ', '[0.993 ]')
('correct:', '[1     ]')
error:  0.00002738
('out:    ', '[0.98  ]')
('correct:', '[1     ]')
error:  0.00019990
('out:    ', '[0.994 ]')
('correct:', '[1     ]')
error:  0.00001820
('out:    ', '[0.997 ]')
('correct:', '[1     ]')
error:  0.00000534
('out:    ', '[0.995 ]')
('correct:', '[1     ]')
error:  0.00001366
('out:    ', '[0.996 ]')
('correct:', '[1     ]')
error:  0.00000974
('out:    ', '[0.994 ]')
('correct:', '[1     ]')
error:  0.00001531
('out:    ', '[0.994 ]')
('correct:', '[1     ]')
error:  0.00001801
('out:    ', '[0.775 ]')
('correct:', '[1     ]')
error:  0.02535199
('out:    ', '[0.977 ]')
('correct:', '[1     ]')
error:  0.00025552
('out:    ', '[0.985 ]')
('correct:', '[1     ]')
error:  0.00011422
('out:    ', '[0.994 ]')
('correct:', '[1     ]')
error:  0.00001776
('out:    ', '[0.86  ]')
('correct:', '[1     ]')
error:  0.00977191
('out:    ', '[0.997 ]')
('correct:', '[1     ]')
error:  0.00000381
('out:    ', '[0.988 ]')
('correct:', '[1     ]')
error:  0.00006778
('out:    ', '[0.993 ]')
('correct:', '[1     ]')
error:  0.00002405
('out:    ', '[0.997 ]')
('correct:', '[1     ]')
error:  0.00000388
('out:    ', '[0.927 ]')
('correct:', '[1     ]')
error:  0.00268036
('out:    ', '[0.981 ]')
('correct:', '[1     ]')
error:  0.00017900
('out:    ', '[0.899 ]')
('correct:', '[1     ]')
error:  0.00507367
('out:    ', '[0.985 ]')
('correct:', '[1     ]')
error:  0.00010849
('out:    ', '[0.995 ]')
('correct:', '[1     ]')
error:  0.00001060
('out:    ', '[0.996 ]')
('correct:', '[1     ]')
error:  0.00000887
('out:    ', '[0.987 ]')
('correct:', '[1     ]')
error:  0.00008752
('out:    ', '[0.995 ]')
('correct:', '[1     ]')
error:  0.00001022
('out:    ', '[0.988 ]')
('correct:', '[1     ]')
error:  0.00006653
('out:    ', '[0.997 ]')
('correct:', '[1     ]')
error:  0.00000339
('out:    ', '[0.988 ]')
('correct:', '[1     ]')
error:  0.00007241
('out:    ', '[0.99  ]')
('correct:', '[1     ]')
error:  0.00005189
('out:    ', '[0.986 ]')
('correct:', '[1     ]')
error:  0.00009779
('out:    ', '[0.993 ]')
('correct:', '[1     ]')
error:  0.00002479
('out:    ', '[0.995 ]')
('correct:', '[1     ]')
error:  0.00001098
('out:    ', '[0.994 ]')
('correct:', '[1     ]')
error:  0.00001593
('out:    ', '[0.197 ]')
('correct:', '[1     ]')
error:  0.32262159
('out:    ', '[0.988 ]')
('correct:', '[1     ]')
error:  0.00006969
('out:    ', '[0.997 ]')
('correct:', '[1     ]')
error:  0.00000398
('out:    ', '[0.991 ]')
('correct:', '[1     ]')
error:  0.00003929
('out:    ', '[0.989 ]')
('correct:', '[1     ]')
error:  0.00005683
('out:    ', '[0.986 ]')
('correct:', '[1     ]')
error:  0.00009657
('out:    ', '[0.993 ]')
('correct:', '[1     ]')
error:  0.00002755
('out:    ', '[0.985 ]')
('correct:', '[1     ]')
error:  0.00011063
('out:    ', '[0.995 ]')
('correct:', '[1     ]')
error:  0.00001145
('out:    ', '[0.932 ]')
('correct:', '[1     ]')
error:  0.00230331
('out:    ', '[0.997 ]')
('correct:', '[1     ]')
error:  0.00000520
('out:    ', '[0.995 ]')
('correct:', '[1     ]')
error:  0.00001420
('out:    ', '[0.927 ]')
('correct:', '[1     ]')
error:  0.00267140
('out:    ', '[0.991 ]')
('correct:', '[1     ]')
error:  0.00004511
('out:    ', '[0.992 ]')
('correct:', '[1     ]')
error:  0.00003597
('out:    ', '[0.946 ]')
('correct:', '[1     ]')
error:  0.00145493
('out:    ', '[0.978 ]')
('correct:', '[1     ]')
error:  0.00024548
('out:    ', '[0.975 ]')
('correct:', '[1     ]')
error:  0.00030422
('out:    ', '[0.995 ]')
('correct:', '[1     ]')
error:  0.00001038
('out:    ', '[0.972 ]')
('correct:', '[1     ]')
error:  0.00039411
('out:    ', '[0.991 ]')
('correct:', '[1     ]')
error:  0.00004363
('out:    ', '[0.992 ]')
('correct:', '[1     ]')
error:  0.00003568
('out:    ', '[0.933 ]')
('correct:', '[1     ]')
error:  0.00223971
('out:    ', '[0.995 ]')
('correct:', '[1     ]')
error:  0.00001040
('out:    ', '[0.988 ]')
('correct:', '[1     ]')
error:  0.00007302
('out:    ', '[0.978 ]')
('correct:', '[1     ]')
error:  0.00024539
('out:    ', '[0.983 ]')
('correct:', '[1     ]')
error:  0.00014223
('out:    ', '[0.994 ]')
('correct:', '[1     ]')
error:  0.00001547
('out:    ', '[0.934 ]')
('correct:', '[1     ]')
error:  0.00220354
('out:    ', '[0.993 ]')
('correct:', '[1     ]')
error:  0.00002213
('out:    ', '[0.978 ]')
('correct:', '[1     ]')
error:  0.00024114
('out:    ', '[0.994 ]')
('correct:', '[1     ]')
error:  0.00001912
('out:    ', '[0.849 ]')
('correct:', '[1     ]')
error:  0.01134533
('out:    ', '[0.997 ]')
('correct:', '[1     ]')
error:  0.00000511
('out:    ', '[0.994 ]')
('correct:', '[1     ]')
error:  0.00001893
('out:    ', '[0.995 ]')
('correct:', '[1     ]')
error:  0.00001302
('out:    ', '[0.921 ]')
('correct:', '[1     ]')
error:  0.00315971
('out:    ', '[0.994 ]')
('correct:', '[1     ]')
error:  0.00001986
('out:    ', '[0.997 ]')
('correct:', '[1     ]')
error:  0.00000330
('out:    ', '[0.995 ]')
('correct:', '[1     ]')
error:  0.00001089
('out:    ', '[0.996 ]')
('correct:', '[1     ]')
error:  0.00000994
('out:    ', '[0.997 ]')
('correct:', '[1     ]')
error:  0.00000549
('out:    ', '[0.991 ]')
('correct:', '[1     ]')
error:  0.00003720
('out:    ', '[0.991 ]')
('correct:', '[1     ]')
error:  0.00003672
('out:    ', '[0.994 ]')
('correct:', '[1     ]')
error:  0.00001943
('out:    ', '[0.989 ]')
('correct:', '[1     ]')
error:  0.00005868
('out:    ', '[0.985 ]')
('correct:', '[1     ]')
error:  0.00011997
('out:    ', '[0.977 ]')
('correct:', '[1     ]')
error:  0.00025576
('out:    ', '[0.987 ]')
('correct:', '[1     ]')
error:  0.00008151
('out:    ', '[0.996 ]')
('correct:', '[1     ]')
error:  0.00000943
('out:    ', '[0.968 ]')
('correct:', '[1     ]')
error:  0.00052737
('out:    ', '[0.994 ]')
('correct:', '[1     ]')
error:  0.00001702
('out:    ', '[0.91  ]')
('correct:', '[1     ]')
error:  0.00405567
('out:    ', '[0.986 ]')
('correct:', '[1     ]')
error:  0.00009261
('out:    ', '[0.93  ]')
('correct:', '[1     ]')
error:  0.00243223
('out:    ', '[0.992 ]')
('correct:', '[1     ]')
error:  0.00003579
('out:    ', '[0.995 ]')
('correct:', '[1     ]')
error:  0.00001085
('out:    ', '[0.985 ]')
('correct:', '[1     ]')
error:  0.00011569
('out:    ', '[0.996 ]')
('correct:', '[1     ]')
error:  0.00000682
('out:    ', '[0.996 ]')
('correct:', '[1     ]')
error:  0.00000738
('out:    ', '[0.988 ]')
('correct:', '[1     ]')
error:  0.00007437
('out:    ', '[0.984 ]')
('correct:', '[1     ]')
error:  0.00012586
('out:    ', '[0.966 ]')
('correct:', '[1     ]')
error:  0.00056138
('out:    ', '[0.993 ]')
('correct:', '[1     ]')
error:  0.00002294
('out:    ', '[0.994 ]')
('correct:', '[1     ]')
error:  0.00001676
('out:    ', '[0.967 ]')
('correct:', '[1     ]')
error:  0.00053404
('out:    ', '[0.993 ]')
('correct:', '[1     ]')
error:  0.00002560
('out:    ', '[0.996 ]')
('correct:', '[1     ]')
error:  0.00000982
('out:    ', '[0.997 ]')
('correct:', '[1     ]')
error:  0.00000415
('out:    ', '[0.975 ]')
('correct:', '[1     ]')
error:  0.00030660
('out:    ', '[0.989 ]')
('correct:', '[1     ]')
error:  0.00006236
('out:    ', '[0.997 ]')
('correct:', '[1     ]')
error:  0.00000584
('out:    ', '[0.986 ]')
('correct:', '[1     ]')
error:  0.00009185
('out:    ', '[0.994 ]')
('correct:', '[1     ]')
error:  0.00001932
('out:    ', '[0.992 ]')
('correct:', '[1     ]')
error:  0.00002847
('out:    ', '[0.916 ]')
('correct:', '[1     ]')
error:  0.00356008
('out:    ', '[0.992 ]')
('correct:', '[1     ]')
error:  0.00003474
('out:    ', '[0.997 ]')
('correct:', '[1     ]')
error:  0.00000595
('out:    ', '[0.988 ]')
('correct:', '[1     ]')
error:  0.00007521
('out:    ', '[0.99  ]')
('correct:', '[1     ]')
error:  0.00004600
('out:    ', '[0.948 ]')
('correct:', '[1     ]')
error:  0.00134472
('out:    ', '[0.993 ]')
('correct:', '[1     ]')
error:  0.00002152
('out:    ', '[0.987 ]')
('correct:', '[1     ]')
error:  0.00008395
('out:    ', '[0.97  ]')
('correct:', '[1     ]')
error:  0.00045371
('out:    ', '[0.981 ]')
('correct:', '[1     ]')
error:  0.00017215
('out:    ', '[0.996 ]')
('correct:', '[1     ]')
error:  0.00000837
('out:    ', '[0.96  ]')
('correct:', '[1     ]')
error:  0.00080350
('out:    ', '[0.995 ]')
('correct:', '[1     ]')
error:  0.00001137
('out:    ', '[0.986 ]')
('correct:', '[1     ]')
error:  0.00009872
('out:    ', '[0.989 ]')
('correct:', '[1     ]')
error:  0.00006291
('out:    ', '[0.974 ]')
('correct:', '[1     ]')
error:  0.00032641
('out:    ', '[0.995 ]')
('correct:', '[1     ]')
error:  0.00001094
('out:    ', '[0.994 ]')
('correct:', '[1     ]')
error:  0.00001516
('out:    ', '[0.996 ]')
('correct:', '[1     ]')
error:  0.00000668
('out:    ', '[0.976 ]')
('correct:', '[1     ]')
error:  0.00029069
('out:    ', '[0.989 ]')
('correct:', '[1     ]')
error:  0.00006391
('out:    ', '[0.961 ]')
('correct:', '[1     ]')
error:  0.00077141
('out:    ', '[0.986 ]')
('correct:', '[1     ]')
error:  0.00009993
('out:    ', '[0.992 ]')
('correct:', '[1     ]')
error:  0.00003351
('out:    ', '[0.994 ]')
('correct:', '[1     ]')
error:  0.00001903
('out:    ', '[0.996 ]')
('correct:', '[1     ]')
error:  0.00001001
('out:    ', '[0.997 ]')
('correct:', '[1     ]')
error:  0.00000471
('out:    ', '[0.997 ]')
('correct:', '[1     ]')
error:  0.00000494
('out:    ', '[0.995 ]')
('correct:', '[1     ]')
error:  0.00001288
('out:    ', '[0.935 ]')
('correct:', '[1     ]')
error:  0.00212812
('out:    ', '[0.986 ]')
('correct:', '[1     ]')
error:  0.00010028
('out:    ', '[0.969 ]')
('correct:', '[1     ]')
error:  0.00049042
('out:    ', '[0.899 ]')
('correct:', '[1     ]')
error:  0.00513881
('out:    ', '[0.995 ]')
('correct:', '[1     ]')
error:  0.00001049
('out:    ', '[0.993 ]')
('correct:', '[1     ]')
error:  0.00002570
('out:    ', '[0.984 ]')
('correct:', '[1     ]')
error:  0.00012547
('out:    ', '[0.934 ]')
('correct:', '[1     ]')
error:  0.00221025
('out:    ', '[0.993 ]')
('correct:', '[1     ]')
error:  0.00002217
('out:    ', '[0.984 ]')
('correct:', '[1     ]')
error:  0.00012929
('out:    ', '[0.994 ]')
('correct:', '[1     ]')
error:  0.00002066
('out:    ', '[0.993 ]')
('correct:', '[1     ]')
error:  0.00002366
('out:    ', '[0.99  ]')
('correct:', '[1     ]')
error:  0.00004566
('out:    ', '[0.994 ]')
('correct:', '[1     ]')
error:  0.00002040
('out:    ', '[0.93  ]')
('correct:', '[1     ]')
error:  0.00242160
('out:    ', '[0.969 ]')
('correct:', '[1     ]')
error:  0.00046768
('out:    ', '[0.988 ]')
('correct:', '[1     ]')
error:  0.00007352
('out:    ', '[0.993 ]')
('correct:', '[1     ]')
error:  0.00002670
('out:    ', '[0.995 ]')
('correct:', '[1     ]')
error:  0.00001018
('out:    ', '[0.997 ]')
('correct:', '[1     ]')
error:  0.00000581
('out:    ', '[0.995 ]')
('correct:', '[1     ]')
error:  0.00001418
('out:    ', '[0.993 ]')
('correct:', '[1     ]')
error:  0.00002164
('out:    ', '[0.93  ]')
('correct:', '[1     ]')
error:  0.00247843
('out:    ', '[0.993 ]')
('correct:', '[1     ]')
error:  0.00002506
('out:    ', '[0.991 ]')
('correct:', '[1     ]')
error:  0.00003863
('out:    ', '[0.993 ]')
('correct:', '[1     ]')
error:  0.00002143
('out:    ', '[0.993 ]')
('correct:', '[1     ]')
error:  0.00002403
('out:    ', '[0.971 ]')
('correct:', '[1     ]')
error:  0.00041716
('out:    ', '[0.996 ]')
('correct:', '[1     ]')
error:  0.00000887
('out:    ', '[0.992 ]')
('correct:', '[1     ]')
error:  0.00002833
('out:    ', '[0.98  ]')
('correct:', '[1     ]')
error:  0.00019472
('out:    ', '[0.995 ]')
('correct:', '[1     ]')
error:  0.00001396
('out:    ', '[0.985 ]')
('correct:', '[1     ]')
error:  0.00010782
('out:    ', '[0.996 ]')
('correct:', '[1     ]')
error:  0.00000993
('out:    ', '[0.988 ]')
('correct:', '[1     ]')
error:  0.00006896
('out:    ', '[0.996 ]')
('correct:', '[1     ]')
error:  0.00000906
('out:    ', '[0.995 ]')
('correct:', '[1     ]')
error:  0.00001303
('out:    ', '[0.996 ]')
('correct:', '[1     ]')
error:  0.00000945
('out:    ', '[0.994 ]')
('correct:', '[1     ]')
error:  0.00001693
('out:    ', '[0.996 ]')
('correct:', '[1     ]')
error:  0.00000743
('out:    ', '[0.989 ]')
('correct:', '[1     ]')
error:  0.00006585
('out:    ', '[0.996 ]')
('correct:', '[1     ]')
error:  0.00000640
('out:    ', '[0.996 ]')
('correct:', '[1     ]')
error:  0.00000677
('out:    ', '[0.969 ]')
('correct:', '[1     ]')
error:  0.00049171
('out:    ', '[0.995 ]')
('correct:', '[1     ]')
error:  0.00001028
('out:    ', '[0.987 ]')
('correct:', '[1     ]')
error:  0.00008409
('out:    ', '[0.964 ]')
('correct:', '[1     ]')
error:  0.00065445
('out:    ', '[0.993 ]')
('correct:', '[1     ]')
error:  0.00002748
('out:    ', '[0.988 ]')
('correct:', '[1     ]')
error:  0.00006760
('out:    ', '[0.987 ]')
('correct:', '[1     ]')
error:  0.00008346
('out:    ', '[0.934 ]')
('correct:', '[1     ]')
error:  0.00215386
('out:    ', '[0.987 ]')
('correct:', '[1     ]')
error:  0.00008642
('out:    ', '[0.99  ]')
('correct:', '[1     ]')
error:  0.00004654
('out:    ', '[0.995 ]')
('correct:', '[1     ]')
error:  0.00001069
('out:    ', '[0.985 ]')
('correct:', '[1     ]')
error:  0.00011577
('out:    ', '[0.953 ]')
('correct:', '[1     ]')
error:  0.00112329
('out:    ', '[0.989 ]')
('correct:', '[1     ]')
error:  0.00006519
('out:    ', '[0.995 ]')
('correct:', '[1     ]')
error:  0.00001037
('out:    ', '[0.992 ]')
('correct:', '[1     ]')
error:  0.00003575
('out:    ', '[0.995 ]')
('correct:', '[1     ]')
error:  0.00001176
('out:    ', '[0.995 ]')
('correct:', '[1     ]')
error:  0.00001037
('out:    ', '[0.996 ]')
('correct:', '[1     ]')
error:  0.00000963
('out:    ', '[0.994 ]')
('correct:', '[1     ]')
error:  0.00001959
('out:    ', '[0.701 ]')
('correct:', '[0     ]')
error:  0.24587847
('out:    ', '[0.901 ]')
('correct:', '[1     ]')
error:  0.00487345
('out:    ', '[0.682 ]')
('correct:', '[0     ]')
error:  0.23254703
('out:    ', '[0.991 ]')
('correct:', '[1     ]')
error:  0.00004073
('out:    ', '[0.997 ]')
('correct:', '[1     ]')
error:  0.00000538
('out:    ', '[0.997 ]')
('correct:', '[1     ]')
error:  0.00000529
('out:    ', '[0.974 ]')
('correct:', '[1     ]')
error:  0.00033153
('out:    ', '[0.994 ]')
('correct:', '[1     ]')
error:  0.00001553
('out:    ', '[0.981 ]')
('correct:', '[1     ]')
error:  0.00017535
('out:    ', '[0.989 ]')
('correct:', '[1     ]')
error:  0.00005739
('out:    ', '[0.995 ]')
('correct:', '[1     ]')
error:  0.00001506
('out:    ', '[0.997 ]')
('correct:', '[1     ]')
error:  0.00000328
('out:    ', '[0.974 ]')
('correct:', '[1     ]')
error:  0.00033707
('out:    ', '[0.9   ]')
('correct:', '[1     ]')
error:  0.00504645
('out:    ', '[0.994 ]')
('correct:', '[1     ]')
error:  0.00001901
('out:    ', '[0.996 ]')
('correct:', '[1     ]')
error:  0.00000799
('out:    ', '[0.995 ]')
('correct:', '[1     ]')
error:  0.00001308
('out:    ', '[0.726 ]')
('correct:', '[1     ]')
error:  0.03746744
('out:    ', '[0.997 ]')
('correct:', '[1     ]')
error:  0.00000488
('out:    ', '[0.987 ]')
('correct:', '[1     ]')
error:  0.00009046
('out:    ', '[0.744 ]')
('correct:', '[1     ]')
error:  0.03282831
('out:    ', '[0.462 ]')
('correct:', '[0     ]')
error:  0.10679814
('out:    ', '[0.994 ]')
('correct:', '[1     ]')
error:  0.00001782
('out:    ', '[0.993 ]')
('correct:', '[1     ]')
error:  0.00002398
('out:    ', '[0.954 ]')
('correct:', '[1     ]')
error:  0.00105553
('out:    ', '[0.993 ]')
('correct:', '[1     ]')
error:  0.00002377
('out:    ', '[0.912 ]')
('correct:', '[1     ]')
error:  0.00389858
('out:    ', '[0.997 ]')
('correct:', '[1     ]')
error:  0.00000593
('out:    ', '[0.997 ]')
('correct:', '[1     ]')
error:  0.00000456
('out:    ', '[0.711 ]')
('correct:', '[1     ]')
error:  0.04189677
('out:    ', '[0.993 ]')
('correct:', '[1     ]')
error:  0.00002220
('out:    ', '[0.934 ]')
('correct:', '[0     ]')
error:  0.43597272
('out:    ', '[0.993 ]')
('correct:', '[1     ]')
error:  0.00002196
('out:    ', '[0.99  ]')
('correct:', '[1     ]')
error:  0.00005273
('out:    ', '[0.242 ]')
('correct:', '[1     ]')
error:  0.28744538
('out:    ', '[0.95  ]')
('correct:', '[1     ]')
error:  0.00127071
('out:    ', '[0.677 ]')
('correct:', '[0     ]')
error:  0.22939898
('out:    ', '[0.99  ]')
('correct:', '[1     ]')
error:  0.00004897
('out:    ', '[0.962 ]')
('correct:', '[1     ]')
error:  0.00073979
('out:    ', '[0.997 ]')
('correct:', '[1     ]')
error:  0.00000442
('out:    ', '[0.987 ]')
('correct:', '[1     ]')
error:  0.00008202
('out:    ', '[0.995 ]')
('correct:', '[1     ]')
error:  0.00001058
('out:    ', '[0.923 ]')
('correct:', '[1     ]')
error:  0.00294319
('out:    ', '[0.995 ]')
('correct:', '[1     ]')
error:  0.00001038
('out:    ', '[0.993 ]')
('correct:', '[1     ]')
error:  0.00002680
('out:    ', '[0.995 ]')
('correct:', '[1     ]')
error:  0.00001338
('out:    ', '[0.979 ]')
('correct:', '[1     ]')
error:  0.00021485
('out:    ', '[0.931 ]')
('correct:', '[1     ]')
error:  0.00239807
('out:    ', '[0.994 ]')
('correct:', '[1     ]')
error:  0.00001550
('out:    ', '[0.995 ]')
('correct:', '[1     ]')
error:  0.00001134
('out:    ', '[0.987 ]')
('correct:', '[1     ]')
error:  0.00008474
('out:    ', '[0.987 ]')
('correct:', '[1     ]')
error:  0.00008503
('out:    ', '[0.905 ]')
('correct:', '[1     ]')
error:  0.00453907
('out:    ', '[0.527 ]')
('correct:', '[1     ]')
error:  0.11184690
('out:    ', '[0.996 ]')
('correct:', '[1     ]')
error:  0.00000786
('out:    ', '[0.986 ]')
('correct:', '[1     ]')
error:  0.00009698
('out:    ', '[0.979 ]')
('correct:', '[1     ]')
error:  0.00022388
('out:    ', '[0.995 ]')
('correct:', '[1     ]')
error:  0.00001460
('out:    ', '[0.996 ]')
('correct:', '[1     ]')
error:  0.00000813
('out:    ', '[0.982 ]')
('correct:', '[1     ]')
error:  0.00016855
('out:    ', '[0.994 ]')
('correct:', '[1     ]')
error:  0.00001997
('out:    ', '[0.995 ]')
('correct:', '[1     ]')
error:  0.00001286
('out:    ', '[0.99  ]')
('correct:', '[1     ]')
error:  0.00005356
('out:    ', '[0.996 ]')
('correct:', '[1     ]')
error:  0.00000907
('out:    ', '[0.997 ]')
('correct:', '[1     ]')
error:  0.00000537
('out:    ', '[0.992 ]')
('correct:', '[1     ]')
error:  0.00003466
('out:    ', '[0.995 ]')
('correct:', '[1     ]')
error:  0.00001191
('out:    ', '[0.994 ]')
('correct:', '[1     ]')
error:  0.00001870
('out:    ', '[0.995 ]')
('correct:', '[1     ]')
error:  0.00001038
('out:    ', '[0.944 ]')
('correct:', '[1     ]')
error:  0.00159285
('out:    ', '[0.993 ]')
('correct:', '[1     ]')
error:  0.00002275
('out:    ', '[0.975 ]')
('correct:', '[1     ]')
error:  0.00031079
('out:    ', '[0.985 ]')
('correct:', '[1     ]')
error:  0.00011871
('out:    ', '[0.994 ]')
('correct:', '[1     ]')
error:  0.00001933
('out:    ', '[0.995 ]')
('correct:', '[1     ]')
error:  0.00001257
('out:    ', '[0.92  ]')
('correct:', '[1     ]')
error:  0.00323316
('out:    ', '[0.909 ]')
('correct:', '[1     ]')
error:  0.00417889
('out:    ', '[0.98  ]')
('correct:', '[1     ]')
error:  0.00019478
('out:    ', '[0.995 ]')
('correct:', '[1     ]')
error:  0.00001041
('out:    ', '[0.99  ]')
('correct:', '[1     ]')
error:  0.00005069
('out:    ', '[0.992 ]')
('correct:', '[1     ]')
error:  0.00003219
('out:    ', '[0.994 ]')
('correct:', '[1     ]')
error:  0.00001589
('out:    ', '[0.97  ]')
('correct:', '[1     ]')
error:  0.00044536
('out:    ', '[0.995 ]')
('correct:', '[1     ]')
error:  0.00001287
('out:    ', '[0.995 ]')
('correct:', '[1     ]')
error:  0.00001246
('out:    ', '[0.997 ]')
('correct:', '[1     ]')
error:  0.00000537
('out:    ', '[0.992 ]')
('correct:', '[1     ]')
error:  0.00003298
('out:    ', '[0.997 ]')
('correct:', '[1     ]')
error:  0.00000523
('out:    ', '[0.989 ]')
('correct:', '[1     ]')
error:  0.00006245
('out:    ', '[0.991 ]')
('correct:', '[1     ]')
error:  0.00004310
('out:    ', '[0.993 ]')
('correct:', '[1     ]')
error:  0.00002218
('out:    ', '[0.995 ]')
('correct:', '[1     ]')
error:  0.00001042
('out:    ', '[0.995 ]')
('correct:', '[1     ]')
error:  0.00001082
('out:    ', '[0.993 ]')
('correct:', '[1     ]')
error:  0.00002731
('out:    ', '[0.993 ]')
('correct:', '[1     ]')
error:  0.00002353
('out:    ', '[0.797 ]')
('correct:', '[0     ]')
error:  0.31786344
('out:    ', '[0.959 ]')
('correct:', '[1     ]')
error:  0.00083267
('out:    ', '[0.962 ]')
('correct:', '[1     ]')
error:  0.00073689
('out:    ', '[0.994 ]')
('correct:', '[1     ]')
error:  0.00001880
('out:    ', '[0.994 ]')
('correct:', '[1     ]')
error:  0.00002068
('out:    ', '[0.991 ]')
('correct:', '[1     ]')
error:  0.00003940
('out:    ', '[0.988 ]')
('correct:', '[1     ]')
error:  0.00006670
('out:    ', '[0.991 ]')
('correct:', '[1     ]')
error:  0.00003765
('out:    ', '[0.995 ]')
('correct:', '[1     ]')
error:  0.00001360
('out:    ', '[0.943 ]')
('correct:', '[1     ]')
error:  0.00162649
('out:    ', '[0.984 ]')
('correct:', '[1     ]')
error:  0.00012652
('out:    ', '[0.993 ]')
('correct:', '[1     ]')
error:  0.00002254
('out:    ', '[0.967 ]')
('correct:', '[1     ]')
error:  0.00055805
('out:    ', '[0.995 ]')
('correct:', '[1     ]')
error:  0.00001030
('out:    ', '[0.944 ]')
('correct:', '[1     ]')
error:  0.00156057
('out:    ', '[0.982 ]')
('correct:', '[1     ]')
error:  0.00015671
('out:    ', '[0.992 ]')
('correct:', '[1     ]')
error:  0.00003429
('out:    ', '[0.953 ]')
('correct:', '[1     ]')
error:  0.00109707
('out:    ', '[0.993 ]')
('correct:', '[1     ]')
error:  0.00002640
('out:    ', '[0.995 ]')
('correct:', '[1     ]')
error:  0.00001036
('out:    ', '[0.978 ]')
('correct:', '[1     ]')
error:  0.00023919
('out:    ', '[0.995 ]')
('correct:', '[1     ]')
error:  0.00001046
('out:    ', '[0.994 ]')
('correct:', '[1     ]')
error:  0.00002056
('out:    ', '[0.995 ]')
('correct:', '[1     ]')
error:  0.00001115
('out:    ', '[0.993 ]')
('correct:', '[1     ]')
error:  0.00002330
('out:    ', '[0.997 ]')
('correct:', '[1     ]')
error:  0.00000562
('out:    ', '[0.994 ]')
('correct:', '[1     ]')
error:  0.00001944
('out:    ', '[0.99  ]')
('correct:', '[1     ]')
error:  0.00004700
('out:    ', '[0.985 ]')
('correct:', '[1     ]')
error:  0.00010586
('out:    ', '[0.995 ]')
('correct:', '[1     ]')
error:  0.00001044
('out:    ', '[0.997 ]')
('correct:', '[1     ]')
error:  0.00000447
('out:    ', '[0.995 ]')
('correct:', '[1     ]')
error:  0.00001028
('out:    ', '[0.992 ]')
('correct:', '[1     ]')
error:  0.00002980
('out:    ', '[0.989 ]')
('correct:', '[1     ]')
error:  0.00005618
('out:    ', '[0.993 ]')
('correct:', '[1     ]')
error:  0.00002116
('out:    ', '[0.995 ]')
('correct:', '[1     ]')
error:  0.00001038
('out:    ', '[0.964 ]')
('correct:', '[1     ]')
error:  0.00066036
('out:    ', '[0.989 ]')
('correct:', '[1     ]')
error:  0.00006328
('out:    ', '[0.991 ]')
('correct:', '[1     ]')
error:  0.00004175
('out:    ', '[0.926 ]')
('correct:', '[1     ]')
error:  0.00270908
('out:    ', '[0.996 ]')
('correct:', '[1     ]')
error:  0.00000650
('out:    ', '[0.942 ]')
('correct:', '[1     ]')
error:  0.00167887
('out:    ', '[0.989 ]')
('correct:', '[1     ]')
error:  0.00005592
('out:    ', '[0.984 ]')
('correct:', '[1     ]')
error:  0.00012306
('out:    ', '[0.983 ]')
('correct:', '[1     ]')
error:  0.00014374
('out:    ', '[0.519 ]')
('correct:', '[1     ]')
error:  0.11547661
('out:    ', '[0.997 ]')
('correct:', '[1     ]')
error:  0.00000342
('out:    ', '[0.989 ]')
('correct:', '[1     ]')
error:  0.00006166
('out:    ', '[0.998 ]')
('correct:', '[1     ]')
error:  0.00000258
('out:    ', '[0.927 ]')
('correct:', '[1     ]')
error:  0.00262959
('out:    ', '[0.996 ]')
('correct:', '[1     ]')
error:  0.00000985
('out:    ', '[0.992 ]')
('correct:', '[1     ]')
error:  0.00003498
('out:    ', '[0.993 ]')
('correct:', '[1     ]')
error:  0.00002130
('out:    ', '[0.985 ]')
('correct:', '[1     ]')
error:  0.00010688
('out:    ', '[0.821 ]')
('correct:', '[1     ]')
error:  0.01606916
('out:    ', '[0.993 ]')
('correct:', '[1     ]')
error:  0.00002530
('out:    ', '[0.996 ]')
('correct:', '[1     ]')
error:  0.00000776
('out:    ', '[0.988 ]')
('correct:', '[1     ]')
error:  0.00006981
('out:    ', '[0.995 ]')
('correct:', '[1     ]')
error:  0.00001249
('out:    ', '[0.958 ]')
('correct:', '[1     ]')
error:  0.00087862
('out:    ', '[0.995 ]')
('correct:', '[1     ]')
error:  0.00001106
('out:    ', '[0.99  ]')
('correct:', '[1     ]')
error:  0.00004914
('out:    ', '[0.994 ]')
('correct:', '[1     ]')
error:  0.00001707
('out:    ', '[0.927 ]')
('correct:', '[1     ]')
error:  0.00266904
('out:    ', '[0.996 ]')
('correct:', '[1     ]')
error:  0.00000968
('out:    ', '[0.975 ]')
('correct:', '[1     ]')
error:  0.00030044
('out:    ', '[0.996 ]')
('correct:', '[1     ]')
error:  0.00000840
('out:    ', '[0.992 ]')
('correct:', '[1     ]')
error:  0.00003267
('out:    ', '[0.983 ]')
('correct:', '[1     ]')
error:  0.00013801
('out:    ', '[0.998 ]')
('correct:', '[1     ]')
error:  0.00000262
('out:    ', '[0.976 ]')
('correct:', '[1     ]')
error:  0.00028999
('out:    ', '[0.992 ]')
('correct:', '[1     ]')
error:  0.00002995
('out:    ', '[0.997 ]')
('correct:', '[1     ]')
error:  0.00000437
('out:    ', '[0.997 ]')
('correct:', '[1     ]')
error:  0.00000391
('out:    ', '[0.991 ]')
('correct:', '[1     ]')
error:  0.00004327
('out:    ', '[0.995 ]')
('correct:', '[1     ]')
error:  0.00001184
('out:    ', '[0.929 ]')
('correct:', '[1     ]')
error:  0.00252238
('out:    ', '[0.996 ]')
('correct:', '[1     ]')
error:  0.00000936
('out:    ', '[0.988 ]')
('correct:', '[1     ]')
error:  0.00007025
('out:    ', '[0.992 ]')
('correct:', '[1     ]')
error:  0.00003363
('out:    ', '[0.95  ]')
('correct:', '[1     ]')
error:  0.00123801
('out:    ', '[0.892 ]')
('correct:', '[1     ]')
error:  0.00588365
('out:    ', '[0.995 ]')
('correct:', '[1     ]')
error:  0.00001162
('out:    ', '[0.995 ]')
('correct:', '[1     ]')
error:  0.00001315
('out:    ', '[0.995 ]')
('correct:', '[1     ]')
error:  0.00001494
('out:    ', '[0.988 ]')
('correct:', '[1     ]')
error:  0.00006690
('out:    ', '[0.993 ]')
('correct:', '[1     ]')
error:  0.00002252
('out:    ', '[0.868 ]')
('correct:', '[1     ]')
error:  0.00873976
('out:    ', '[0.827 ]')
('correct:', '[1     ]')
error:  0.01493893
('out:    ', '[0.995 ]')
('correct:', '[1     ]')
error:  0.00001023
('out:    ', '[0.995 ]')
('correct:', '[1     ]')
error:  0.00001289
('out:    ', '[0.997 ]')
('correct:', '[1     ]')
error:  0.00000535
('out:    ', '[0.989 ]')
('correct:', '[1     ]')
error:  0.00006390
('out:    ', '[0.995 ]')
('correct:', '[1     ]')
error:  0.00001200
('out:    ', '[0.997 ]')
('correct:', '[1     ]')
error:  0.00000521
('out:    ', '[0.996 ]')
('correct:', '[1     ]')
error:  0.00000827
('out:    ', '[0.994 ]')
('correct:', '[1     ]')
error:  0.00002109
('out:    ', '[0.992 ]')
('correct:', '[1     ]')
error:  0.00003130
('out:    ', '[0.996 ]')
('correct:', '[1     ]')
error:  0.00000634
('out:    ', '[0.993 ]')
('correct:', '[1     ]')
error:  0.00002415
('out:    ', '[0.995 ]')
('correct:', '[1     ]')
error:  0.00001327
('out:    ', '[0.986 ]')
('correct:', '[1     ]')
error:  0.00010030
('out:    ', '[0.995 ]')
('correct:', '[1     ]')
error:  0.00001483
('out:    ', '[0.978 ]')
('correct:', '[1     ]')
error:  0.00024464
('out:    ', '[0.779 ]')
('correct:', '[1     ]')
error:  0.02444362
('out:    ', '[0.993 ]')
('correct:', '[1     ]')
error:  0.00002378
('out:    ', '[0.933 ]')
('correct:', '[1     ]')
error:  0.00223845
('out:    ', '[0.994 ]')
('correct:', '[1     ]')
error:  0.00001531
('out:    ', '[0.974 ]')
('correct:', '[1     ]')
error:  0.00034626
('out:    ', '[0.986 ]')
('correct:', '[1     ]')
error:  0.00009856
('out:    ', '[0.996 ]')
('correct:', '[1     ]')
error:  0.00000798
('out:    ', '[0.996 ]')
('correct:', '[1     ]')
error:  0.00001003
('out:    ', '[0.997 ]')
('correct:', '[1     ]')
error:  0.00000565
('out:    ', '[0.927 ]')
('correct:', '[1     ]')
error:  0.00268337
('out:    ', '[0.985 ]')
('correct:', '[1     ]')
error:  0.00011820
('out:    ', '[0.994 ]')
('correct:', '[1     ]')
error:  0.00001601
('out:    ', '[0.989 ]')
('correct:', '[1     ]')
error:  0.00006505
('out:    ', '[0.955 ]')
('correct:', '[1     ]')
error:  0.00100449
('out:    ', '[0.997 ]')
('correct:', '[1     ]')
error:  0.00000532
('out:    ', '[0.992 ]')
('correct:', '[1     ]')
error:  0.00003126
('out:    ', '[0.996 ]')
('correct:', '[1     ]')
error:  0.00000727
('out:    ', '[0.992 ]')
('correct:', '[1     ]')
error:  0.00002939
('out:    ', '[0.995 ]')
('correct:', '[1     ]')
error:  0.00001047
('out:    ', '[0.992 ]')
('correct:', '[1     ]')
error:  0.00002972
('out:    ', '[0.995 ]')
('correct:', '[1     ]')
error:  0.00001070
('out:    ', '[0.996 ]')
('correct:', '[1     ]')
error:  0.00000931
('out:    ', '[0.996 ]')
('correct:', '[1     ]')
error:  0.00000887
('out:    ', '[0.993 ]')
('correct:', '[1     ]')
error:  0.00002777
('out:    ', '[0.988 ]')
('correct:', '[1     ]')
error:  0.00007074
('out:    ', '[0.988 ]')
('correct:', '[1     ]')
error:  0.00007081
('out:    ', '[0.664 ]')
('correct:', '[0     ]')
error:  0.22077976
('out:    ', '[0.995 ]')
('correct:', '[1     ]')
error:  0.00001210
('out:    ', '[0.993 ]')
('correct:', '[1     ]')
error:  0.00002403
('out:    ', '[0.971 ]')
('correct:', '[1     ]')
error:  0.00042172
('out:    ', '[0.944 ]')
('correct:', '[1     ]')
error:  0.00154241
('out:    ', '[0.967 ]')
('correct:', '[1     ]')
error:  0.00054999
('out:    ', '[0.926 ]')
('correct:', '[1     ]')
error:  0.00271449
('out:    ', '[0.995 ]')
('correct:', '[1     ]')
error:  0.00001075
('out:    ', '[0.926 ]')
('correct:', '[1     ]')
error:  0.00276296
('out:    ', '[0.989 ]')
('correct:', '[1     ]')
error:  0.00006609
('out:    ', '[0.976 ]')
('correct:', '[1     ]')
error:  0.00029727
('out:    ', '[0.989 ]')
('correct:', '[1     ]')
error:  0.00006382
('out:    ', '[0.986 ]')
('correct:', '[1     ]')
error:  0.00010391
('out:    ', '[0.996 ]')
('correct:', '[1     ]')
error:  0.00000690
('out:    ', '[0.994 ]')
('correct:', '[1     ]')
error:  0.00001783
('out:    ', '[0.996 ]')
('correct:', '[1     ]')
error:  0.00000952
('out:    ', '[0.958 ]')
('correct:', '[1     ]')
error:  0.00087729
('out:    ', '[0.994 ]')
('correct:', '[1     ]')
error:  0.00001559
('out:    ', '[0.994 ]')
('correct:', '[1     ]')
error:  0.00001952
('out:    ', '[0.997 ]')
('correct:', '[1     ]')
error:  0.00000508
('out:    ', '[0.995 ]')
('correct:', '[1     ]')
error:  0.00001045
('out:    ', '[0.995 ]')
('correct:', '[1     ]')
error:  0.00001495
('out:    ', '[0.997 ]')
('correct:', '[1     ]')
error:  0.00000432
('out:    ', '[0.997 ]')
('correct:', '[1     ]')
error:  0.00000607
('out:    ', '[0.993 ]')
('correct:', '[1     ]')
error:  0.00002143
('out:    ', '[0.992 ]')
('correct:', '[1     ]')
error:  0.00003601
('out:    ', '[0.967 ]')
('correct:', '[1     ]')
error:  0.00053555
('out:    ', '[0.994 ]')
('correct:', '[1     ]')
error:  0.00002070
('out:    ', '[0.993 ]')
('correct:', '[1     ]')
error:  0.00002337
('out:    ', '[0.987 ]')
('correct:', '[1     ]')
error:  0.00008134
('out:    ', '[0.995 ]')
('correct:', '[1     ]')
error:  0.00001487
('out:    ', '[0.995 ]')
('correct:', '[1     ]')
error:  0.00001107
('out:    ', '[0.996 ]')
('correct:', '[1     ]')
error:  0.00000975
('out:    ', '[0.995 ]')
('correct:', '[1     ]')
error:  0.00001472
('out:    ', '[0.996 ]')
('correct:', '[1     ]')
error:  0.00001005
('out:    ', '[0.995 ]')
('correct:', '[1     ]')
error:  0.00001079
('out:    ', '[0.996 ]')
('correct:', '[1     ]')
error:  0.00000866
('out:    ', '[0.996 ]')
('correct:', '[1     ]')
error:  0.00000825
('out:    ', '[0.986 ]')
('correct:', '[1     ]')
error:  0.00009198
('out:    ', '[0.98  ]')
('correct:', '[1     ]')
error:  0.00019654
('out:    ', '[0.995 ]')
('correct:', '[1     ]')
error:  0.00001059
('out:    ', '[0.994 ]')
('correct:', '[1     ]')
error:  0.00001776
('out:    ', '[0.948 ]')
('correct:', '[1     ]')
error:  0.00137505
('out:    ', '[0.997 ]')
('correct:', '[1     ]')
error:  0.00000359
('out:    ', '[0.997 ]')
('correct:', '[1     ]')
error:  0.00000605
('out:    ', '[0.987 ]')
('correct:', '[1     ]')
error:  0.00009009
('out:    ', '[0.797 ]')
('correct:', '[1     ]')
error:  0.02061463
('out:    ', '[0.995 ]')
('correct:', '[1     ]')
error:  0.00001031
('out:    ', '[0.996 ]')
('correct:', '[1     ]')
error:  0.00000750
('out:    ', '[0.731 ]')
('correct:', '[1     ]')
error:  0.03615430
('out:    ', '[0.995 ]')
('correct:', '[1     ]')
error:  0.00001016
('out:    ', '[0.995 ]')
('correct:', '[1     ]')
error:  0.00001170
('out:    ', '[0.997 ]')
('correct:', '[1     ]')
error:  0.00000564
('out:    ', '[0.979 ]')
('correct:', '[1     ]')
error:  0.00022081
('out:    ', '[0.964 ]')
('correct:', '[1     ]')
error:  0.00065396
('out:    ', '[0.994 ]')
('correct:', '[1     ]')
error:  0.00001601
('out:    ', '[0.989 ]')
('correct:', '[1     ]')
error:  0.00006431
('out:    ', '[0.956 ]')
('correct:', '[1     ]')
error:  0.00097520
('out:    ', '[0.758 ]')
('correct:', '[1     ]')
error:  0.02937868
('out:    ', '[0.979 ]')
('correct:', '[1     ]')
error:  0.00021046
('out:    ', '[0.986 ]')
('correct:', '[1     ]')
error:  0.00009936
('out:    ', '[0.995 ]')
('correct:', '[1     ]')
error:  0.00001318
('out:    ', '[0.856 ]')
('correct:', '[1     ]')
error:  0.01036115
('out:    ', '[0.996 ]')
('correct:', '[1     ]')
error:  0.00000840
('out:    ', '[0.938 ]')
('correct:', '[1     ]')
error:  0.00190088
('out:    ', '[0.974 ]')
('correct:', '[1     ]')
error:  0.00034433
('out:    ', '[0.989 ]')
('correct:', '[1     ]')
error:  0.00005547
('out:    ', '[0.993 ]')
('correct:', '[1     ]')
error:  0.00002368
('out:    ', '[0.997 ]')
('correct:', '[1     ]')
error:  0.00000335
('out:    ', '[0.906 ]')
('correct:', '[1     ]')
error:  0.00439795
('out:    ', '[0.995 ]')
('correct:', '[1     ]')
error:  0.00001059
('out:    ', '[0.984 ]')
('correct:', '[1     ]')
error:  0.00012196
('out:    ', '[0.915 ]')
('correct:', '[1     ]')
error:  0.00357743
('out:    ', '[0.987 ]')
('correct:', '[1     ]')
error:  0.00008888
('out:    ', '[0.998 ]')
('correct:', '[1     ]')
error:  0.00000222
('out:    ', '[0.973 ]')
('correct:', '[1     ]')
error:  0.00037219
('out:    ', '[0.989 ]')
('correct:', '[1     ]')
error:  0.00005978
('out:    ', '[0.995 ]')
('correct:', '[1     ]')
error:  0.00001039
('out:    ', '[0.991 ]')
('correct:', '[1     ]')
error:  0.00004421
('out:    ', '[0.997 ]')
('correct:', '[1     ]')
error:  0.00000525
('out:    ', '[0.997 ]')
('correct:', '[1     ]')
error:  0.00000369
('out:    ', '[0.996 ]')
('correct:', '[1     ]')
error:  0.00000881
('out:    ', '[0.995 ]')
('correct:', '[1     ]')
error:  0.00001086
('out:    ', '[0.994 ]')
('correct:', '[1     ]')
error:  0.00001874
('out:    ', '[0.918 ]')
('correct:', '[0     ]')
error:  0.42167828
('out:    ', '[0.986 ]')
('correct:', '[1     ]')
error:  0.00010122
('out:    ', '[0.995 ]')
('correct:', '[1     ]')
error:  0.00001044
('out:    ', '[0.993 ]')
('correct:', '[1     ]')
error:  0.00002573
('out:    ', '[0.983 ]')
('correct:', '[1     ]')
error:  0.00015164
('out:    ', '[0.995 ]')
('correct:', '[1     ]')
error:  0.00001021
('out:    ', '[0.994 ]')
('correct:', '[1     ]')
error:  0.00001561
('out:    ', '[0.969 ]')
('correct:', '[1     ]')
error:  0.00046880
('out:    ', '[0.978 ]')
('correct:', '[1     ]')
error:  0.00024734
('out:    ', '[0.988 ]')
('correct:', '[1     ]')
error:  0.00007372
('out:    ', '[0.995 ]')
('correct:', '[1     ]')
error:  0.00001069
('out:    ', '[0.997 ]')
('correct:', '[1     ]')
error:  0.00000541
('out:    ', '[0.986 ]')
('correct:', '[1     ]')
error:  0.00009937
('out:    ', '[0.995 ]')
('correct:', '[1     ]')
error:  0.00001106
('out:    ', '[0.996 ]')
('correct:', '[1     ]')
error:  0.00000652
('out:    ', '[0.996 ]')
('correct:', '[1     ]')
error:  0.00000790
('out:    ', '[0.98  ]')
('correct:', '[1     ]')
error:  0.00020677
('out:    ', '[0.994 ]')
('correct:', '[1     ]')
error:  0.00001526
('out:    ', '[0.986 ]')
('correct:', '[1     ]')
error:  0.00010247
('out:    ', '[0.962 ]')
('correct:', '[1     ]')
error:  0.00072932
('out:    ', '[0.995 ]')
('correct:', '[1     ]')
error:  0.00001306
('out:    ', '[0.954 ]')
('correct:', '[1     ]')
error:  0.00105146
('out:    ', '[0.888 ]')
('correct:', '[1     ]')
error:  0.00623832
('out:    ', '[0.994 ]')
('correct:', '[1     ]')
error:  0.00002029
('out:    ', '[0.995 ]')
('correct:', '[1     ]')
error:  0.00001374
('out:    ', '[0.992 ]')
('correct:', '[1     ]')
error:  0.00003331
('out:    ', '[0.983 ]')
('correct:', '[1     ]')
error:  0.00014038
('out:    ', '[0.989 ]')
('correct:', '[1     ]')
error:  0.00006356
('out:    ', '[0.994 ]')
('correct:', '[1     ]')
error:  0.00001552
('out:    ', '[0.979 ]')
('correct:', '[1     ]')
error:  0.00022798
('out:    ', '[0.995 ]')
('correct:', '[1     ]')
error:  0.00001496
('out:    ', '[0.996 ]')
('correct:', '[1     ]')
error:  0.00000998
('out:    ', '[0.93  ]')
('correct:', '[1     ]')
error:  0.00245683
('out:    ', '[0.988 ]')
('correct:', '[1     ]')
error:  0.00007593
('out:    ', '[0.993 ]')
('correct:', '[1     ]')
error:  0.00002406
('out:    ', '[0.99  ]')
('correct:', '[1     ]')
error:  0.00004745
('out:    ', '[0.996 ]')
('correct:', '[1     ]')
error:  0.00000677
('out:    ', '[0.356 ]')
('correct:', '[0     ]')
error:  0.06350647
('out:    ', '[0.963 ]')
('correct:', '[1     ]')
error:  0.00066942
('out:    ', '[0.995 ]')
('correct:', '[1     ]')
error:  0.00001220
('out:    ', '[0.903 ]')
('correct:', '[1     ]')
error:  0.00473117
('out:    ', '[0.995 ]')
('correct:', '[1     ]')
error:  0.00001034
('out:    ', '[0.988 ]')
('correct:', '[1     ]')
error:  0.00007031
('out:    ', '[0.975 ]')
('correct:', '[1     ]')
error:  0.00032170
('out:    ', '[0.878 ]')
('correct:', '[1     ]')
error:  0.00745094
('out:    ', '[0.992 ]')
('correct:', '[1     ]')
error:  0.00002814
('out:    ', '[0.998 ]')
('correct:', '[1     ]')
error:  0.00000305
('out:    ', '[0.994 ]')
('correct:', '[1     ]')
error:  0.00001661
('out:    ', '[0.985 ]')
('correct:', '[1     ]')
error:  0.00011095
('out:    ', '[0.968 ]')
('correct:', '[1     ]')
error:  0.00051280
('out:    ', '[0.99  ]')
('correct:', '[1     ]')
error:  0.00005350
('out:    ', '[0.99  ]')
('correct:', '[1     ]')
error:  0.00004516
('out:    ', '[0.974 ]')
('correct:', '[1     ]')
error:  0.00034925
('out:    ', '[0.981 ]')
('correct:', '[1     ]')
error:  0.00018086
('out:    ', '[0.996 ]')
('correct:', '[1     ]')
error:  0.00000913
('out:    ', '[0.983 ]')
('correct:', '[1     ]')
error:  0.00014742
('out:    ', '[0.909 ]')
('correct:', '[1     ]')
error:  0.00409736
('out:    ', '[0.98  ]')
('correct:', '[1     ]')
error:  0.00020464
('out:    ', '[0.901 ]')
('correct:', '[1     ]')
error:  0.00494266
('out:    ', '[0.997 ]')
('correct:', '[1     ]')
error:  0.00000363
('out:    ', '[0.976 ]')
('correct:', '[1     ]')
error:  0.00029454
('out:    ', '[0.997 ]')
('correct:', '[1     ]')
error:  0.00000534
('out:    ', '[0.992 ]')
('correct:', '[1     ]')
error:  0.00003498
('out:    ', '[0.995 ]')
('correct:', '[1     ]')
error:  0.00001101
('out:    ', '[0.992 ]')
('correct:', '[1     ]')
error:  0.00003329
('out:    ', '[0.929 ]')
('correct:', '[1     ]')
error:  0.00251149
('out:    ', '[0.993 ]')
('correct:', '[1     ]')
error:  0.00002342
('out:    ', '[0.992 ]')
('correct:', '[1     ]')
error:  0.00003513
('out:    ', '[0.994 ]')
('correct:', '[1     ]')
error:  0.00001517
('out:    ', '[0.996 ]')
('correct:', '[1     ]')
error:  0.00000671
('out:    ', '[0.979 ]')
('correct:', '[1     ]')
error:  0.00022437
('out:    ', '[0.991 ]')
('correct:', '[1     ]')
error:  0.00004169
('out:    ', '[0.985 ]')
('correct:', '[1     ]')
error:  0.00010540
('out:    ', '[0.971 ]')
('correct:', '[1     ]')
error:  0.00042538
('out:    ', '[0.873 ]')
('correct:', '[1     ]')
error:  0.00803710
('out:    ', '[0.886 ]')
('correct:', '[1     ]')
error:  0.00653202
('out:    ', '[0.626 ]')
('correct:', '[0     ]')
error:  0.19600533
('out:    ', '[0.993 ]')
('correct:', '[1     ]')
error:  0.00002529
('out:    ', '[0.995 ]')
('correct:', '[1     ]')
error:  0.00001141
('out:    ', '[0.927 ]')
('correct:', '[1     ]')
error:  0.00268312
('out:    ', '[0.995 ]')
('correct:', '[1     ]')
error:  0.00001128
('out:    ', '[0.996 ]')
('correct:', '[1     ]')
error:  0.00000758
('out:    ', '[0.989 ]')
('correct:', '[1     ]')
error:  0.00006289
('out:    ', '[0.994 ]')
('correct:', '[1     ]')
error:  0.00001956
('out:    ', '[0.993 ]')
('correct:', '[1     ]')
error:  0.00002406
('out:    ', '[0.972 ]')
('correct:', '[1     ]')
error:  0.00038580
('out:    ', '[0.975 ]')
('correct:', '[1     ]')
error:  0.00030787
('out:    ', '[0.183 ]')
('correct:', '[1     ]')
error:  0.33338065
('out:    ', '[0.997 ]')
('correct:', '[1     ]')
error:  0.00000479
('out:    ', '[0.995 ]')
('correct:', '[1     ]')
error:  0.00001035
('out:    ', '[0.992 ]')
('correct:', '[1     ]')
error:  0.00002854
('out:    ', '[0.991 ]')
('correct:', '[1     ]')
error:  0.00003999
('out:    ', '[0.994 ]')
('correct:', '[1     ]')
error:  0.00001776
('out:    ', '[0.989 ]')
('correct:', '[1     ]')
error:  0.00006312
('out:    ', '[0.995 ]')
('correct:', '[1     ]')
error:  0.00001457
('out:    ', '[0.997 ]')
('correct:', '[1     ]')
error:  0.00000524
('out:    ', '[0.985 ]')
('correct:', '[1     ]')
error:  0.00010955
('out:    ', '[0.997 ]')
('correct:', '[1     ]')
error:  0.00000583
('out:    ', '[0.985 ]')
('correct:', '[1     ]')
error:  0.00011837
('out:    ', '[0.996 ]')
('correct:', '[1     ]')
error:  0.00001009
('out:    ', '[0.997 ]')
('correct:', '[1     ]')
error:  0.00000535
('out:    ', '[0.994 ]')
('correct:', '[1     ]')
error:  0.00001613
('out:    ', '[0.991 ]')
('correct:', '[1     ]')
error:  0.00003701
('out:    ', '[0.988 ]')
('correct:', '[1     ]')
error:  0.00006914
('out:    ', '[0.997 ]')
('correct:', '[1     ]')
error:  0.00000498
('out:    ', '[0.996 ]')
('correct:', '[1     ]')
error:  0.00000847
('out:    ', '[0.994 ]')
('correct:', '[1     ]')
error:  0.00002014
('out:    ', '[0.997 ]')
('correct:', '[1     ]')
error:  0.00000434
('out:    ', '[0.983 ]')
('correct:', '[1     ]')
error:  0.00014315
('out:    ', '[0.991 ]')
('correct:', '[1     ]')
error:  0.00004425
('out:    ', '[0.993 ]')
('correct:', '[1     ]')
error:  0.00002652
('out:    ', '[0.985 ]')
('correct:', '[1     ]')
error:  0.00010688
('out:    ', '[0.984 ]')
('correct:', '[1     ]')
error:  0.00012755
('out:    ', '[0.987 ]')
('correct:', '[1     ]')
error:  0.00008016
('out:    ', '[0.804 ]')
('correct:', '[1     ]')
error:  0.01923821
('out:    ', '[0.994 ]')
('correct:', '[1     ]')
error:  0.00001815
('out:    ', '[0.983 ]')
('correct:', '[1     ]')
error:  0.00014271
('out:    ', '[0.993 ]')
('correct:', '[1     ]')
error:  0.00002553
('out:    ', '[0.931 ]')
('correct:', '[1     ]')
error:  0.00238364
('out:    ', '[0.994 ]')
('correct:', '[1     ]')
error:  0.00002021
('out:    ', '[0.997 ]')
('correct:', '[1     ]')
error:  0.00000525
('out:    ', '[0.996 ]')
('correct:', '[1     ]')
error:  0.00000863
('out:    ', '[0.995 ]')
('correct:', '[1     ]')
error:  0.00001036
('out:    ', '[0.981 ]')
('correct:', '[1     ]')
error:  0.00018131
('out:    ', '[0.997 ]')
('correct:', '[1     ]')
error:  0.00000351
('out:    ', '[0.988 ]')
('correct:', '[1     ]')
error:  0.00007079
('out:    ', '[0.932 ]')
('correct:', '[1     ]')
error:  0.00232055
('out:    ', '[0.98  ]')
('correct:', '[1     ]')
error:  0.00020174
('out:    ', '[0.995 ]')
('correct:', '[1     ]')
error:  0.00001017
('out:    ', '[0.995 ]')
('correct:', '[1     ]')
error:  0.00001045
('out:    ', '[0.987 ]')
('correct:', '[1     ]')
error:  0.00008270
('out:    ', '[0.995 ]')
('correct:', '[1     ]')
error:  0.00001107
('out:    ', '[0.978 ]')
('correct:', '[1     ]')
error:  0.00024942
('out:    ', '[0.997 ]')
('correct:', '[1     ]')
error:  0.00000499
('out:    ', '[0.993 ]')
('correct:', '[1     ]')
error:  0.00002766
('out:    ', '[0.995 ]')
('correct:', '[1     ]')
error:  0.00001396
('out:    ', '[0.994 ]')
('correct:', '[1     ]')
error:  0.00002085
('out:    ', '[0.995 ]')
('correct:', '[1     ]')
error:  0.00001035
('out:    ', '[0.929 ]')
('correct:', '[1     ]')
error:  0.00251209
('out:    ', '[0.997 ]')
('correct:', '[1     ]')
error:  0.00000468
('out:    ', '[0.599 ]')
('correct:', '[1     ]')
error:  0.08028362
('out:    ', '[0.994 ]')
('correct:', '[1     ]')
error:  0.00001695
('out:    ', '[0.995 ]')
('correct:', '[1     ]')
error:  0.00001135
('out:    ', '[0.955 ]')
('correct:', '[1     ]')
error:  0.00102382
('out:    ', '[0.987 ]')
('correct:', '[1     ]')
error:  0.00008068
('out:    ', '[0.917 ]')
('correct:', '[1     ]')
error:  0.00342388
('out:    ', '[0.986 ]')
('correct:', '[1     ]')
error:  0.00009130
('out:    ', '[0.992 ]')
('correct:', '[1     ]')
error:  0.00003594
('out:    ', '[0.973 ]')
('correct:', '[1     ]')
error:  0.00036741
('out:    ', '[0.994 ]')
('correct:', '[1     ]')
error:  0.00001707
('out:    ', '[0.976 ]')
('correct:', '[1     ]')
error:  0.00029115
('out:    ', '[0.988 ]')
('correct:', '[1     ]')
error:  0.00007349
('out:    ', '[0.991 ]')
('correct:', '[1     ]')
error:  0.00003972
('out:    ', '[0.983 ]')
('correct:', '[1     ]')
error:  0.00014121
('out:    ', '[0.995 ]')
('correct:', '[1     ]')
error:  0.00001032
('out:    ', '[0.977 ]')
('correct:', '[1     ]')
error:  0.00027199
('out:    ', '[0.993 ]')
('correct:', '[1     ]')
error:  0.00002484
('out:    ', '[0.994 ]')
('correct:', '[1     ]')
error:  0.00001732
('out:    ', '[0.976 ]')
('correct:', '[1     ]')
error:  0.00028604
('out:    ', '[0.995 ]')
('correct:', '[1     ]')
error:  0.00001050
('out:    ', '[0.993 ]')
('correct:', '[1     ]')
error:  0.00002254
('out:    ', '[0.993 ]')
('correct:', '[1     ]')
error:  0.00002409
('out:    ', '[0.994 ]')
('correct:', '[1     ]')
error:  0.00001892
('out:    ', '[0.997 ]')
('correct:', '[1     ]')
error:  0.00000600
('out:    ', '[0.994 ]')
('correct:', '[1     ]')
error:  0.00001733
('out:    ', '[0.95  ]')
('correct:', '[1     ]')
error:  0.00124001
('out:    ', '[0.992 ]')
('correct:', '[1     ]')
error:  0.00002861
('out:    ', '[0.992 ]')
('correct:', '[1     ]')
error:  0.00003207
('out:    ', '[0.993 ]')
('correct:', '[1     ]')
error:  0.00002583
('out:    ', '[0.995 ]')
('correct:', '[1     ]')
error:  0.00001208
('out:    ', '[0.997 ]')
('correct:', '[1     ]')
error:  0.00000562
('out:    ', '[0.996 ]')
('correct:', '[1     ]')
error:  0.00000903
('out:    ', '[0.985 ]')
('correct:', '[1     ]')
error:  0.00011161
('out:    ', '[0.997 ]')
('correct:', '[1     ]')
error:  0.00000489
('out:    ', '[0.996 ]')
('correct:', '[1     ]')
error:  0.00000622
('out:    ', '[0.958 ]')
('correct:', '[1     ]')
error:  0.00088796
('out:    ', '[0.99  ]')
('correct:', '[1     ]')
error:  0.00004834
('out:    ', '[0.995 ]')
('correct:', '[1     ]')
error:  0.00001202
('out:    ', '[0.986 ]')
('correct:', '[1     ]')
error:  0.00010186
('out:    ', '[0.994 ]')
('correct:', '[1     ]')
error:  0.00001911
('out:    ', '[0.962 ]')
('correct:', '[1     ]')
error:  0.00070785
('out:    ', '[0.995 ]')
('correct:', '[1     ]')
error:  0.00001453
('out:    ', '[0.993 ]')
('correct:', '[1     ]')
error:  0.00002672
('out:    ', '[0.951 ]')
('correct:', '[1     ]')
error:  0.00122369
('out:    ', '[0.903 ]')
('correct:', '[1     ]')
error:  0.00471895
('out:    ', '[0.997 ]')
('correct:', '[1     ]')
error:  0.00000483
('out:    ', '[0.988 ]')
('correct:', '[1     ]')
error:  0.00007176
('out:    ', '[0.932 ]')
('correct:', '[1     ]')
error:  0.00233280
('out:    ', '[0.997 ]')
('correct:', '[1     ]')
error:  0.00000554
('out:    ', '[0.995 ]')
('correct:', '[1     ]')
error:  0.00001141
('out:    ', '[0.998 ]')
('correct:', '[1     ]')
error:  0.00000303
('out:    ', '[0.98  ]')
('correct:', '[1     ]')
error:  0.00019146
('out:    ', '[0.862 ]')
('correct:', '[1     ]')
error:  0.00950774
('out:    ', '[0.996 ]')
('correct:', '[1     ]')
error:  0.00000867
('out:    ', '[0.968 ]')
('correct:', '[1     ]')
error:  0.00051022
('out:    ', '[0.893 ]')
('correct:', '[1     ]')
error:  0.00572565
('out:    ', '[0.988 ]')
('correct:', '[1     ]')
error:  0.00007223
('out:    ', '[0.933 ]')
('correct:', '[1     ]')
error:  0.00223383
('out:    ', '[0.996 ]')
('correct:', '[1     ]')
error:  0.00000927
('out:    ', '[0.994 ]')
('correct:', '[1     ]')
error:  0.00001541
('out:    ', '[0.996 ]')
('correct:', '[1     ]')
error:  0.00000842
('out:    ', '[0.99  ]')
('correct:', '[1     ]')
error:  0.00005389
('out:    ', '[0.995 ]')
('correct:', '[1     ]')
error:  0.00001037
('out:    ', '[0.992 ]')
('correct:', '[1     ]')
error:  0.00002926
('out:    ', '[0.895 ]')
('correct:', '[1     ]')
error:  0.00552467
('out:    ', '[0.995 ]')
('correct:', '[1     ]')
error:  0.00001024
('out:    ', '[0.995 ]')
('correct:', '[1     ]')
error:  0.00001227
('out:    ', '[0.991 ]')
('correct:', '[1     ]')
error:  0.00004170
('out:    ', '[0.995 ]')
('correct:', '[1     ]')
error:  0.00001090
('out:    ', '[0.984 ]')
('correct:', '[1     ]')
error:  0.00012993
('out:    ', '[0.929 ]')
('correct:', '[1     ]')
error:  0.00248730
('out:    ', '[0.996 ]')
('correct:', '[1     ]')
error:  0.00000915
('out:    ', '[0.992 ]')
('correct:', '[1     ]')
error:  0.00003540
('out:    ', '[0.899 ]')
('correct:', '[1     ]')
error:  0.00508221
('out:    ', '[0.995 ]')
('correct:', '[1     ]')
error:  0.00001415
('out:    ', '[0.994 ]')
('correct:', '[1     ]')
error:  0.00001759
('out:    ', '[0.994 ]')
('correct:', '[1     ]')
error:  0.00002102
('out:    ', '[0.995 ]')
('correct:', '[1     ]')
error:  0.00001198
('out:    ', '[0.956 ]')
('correct:', '[1     ]')
error:  0.00096193
('out:    ', '[0.977 ]')
('correct:', '[1     ]')
error:  0.00026305
('out:    ', '[0.997 ]')
('correct:', '[1     ]')
error:  0.00000420
('out:    ', '[0.984 ]')
('correct:', '[1     ]')
error:  0.00013308
('out:    ', '[0.994 ]')
('correct:', '[1     ]')
error:  0.00001825
('out:    ', '[0.99  ]')
('correct:', '[1     ]')
error:  0.00005331
('out:    ', '[0.994 ]')
('correct:', '[1     ]')
error:  0.00002026
('out:    ', '[0.992 ]')
('correct:', '[1     ]')
error:  0.00003310
('out:    ', '[0.996 ]')
('correct:', '[1     ]')
error:  0.00000982
('out:    ', '[0.997 ]')
('correct:', '[1     ]')
error:  0.00000527
('out:    ', '[0.99  ]')
('correct:', '[1     ]')
error:  0.00004540
('out:    ', '[0.793 ]')
('correct:', '[1     ]')
error:  0.02152059
('out:    ', '[0.997 ]')
('correct:', '[1     ]')
error:  0.00000370
('out:    ', '[0.997 ]')
('correct:', '[1     ]')
error:  0.00000533
('out:    ', '[0.992 ]')
('correct:', '[1     ]')
error:  0.00003070
('out:    ', '[0.997 ]')
('correct:', '[1     ]')
error:  0.00000563
('out:    ', '[0.805 ]')
('correct:', '[1     ]')
error:  0.01903103
('out:    ', '[0.995 ]')
('correct:', '[1     ]')
error:  0.00001208
('out:    ', '[0.978 ]')
('correct:', '[1     ]')
error:  0.00024850
('out:    ', '[0.996 ]')
('correct:', '[1     ]')
error:  0.00000868
('out:    ', '[0.996 ]')
('correct:', '[1     ]')
error:  0.00000827
('out:    ', '[0.985 ]')
('correct:', '[1     ]')
error:  0.00011637
('out:    ', '[0.958 ]')
('correct:', '[1     ]')
error:  0.00087889
('out:    ', '[0.979 ]')
('correct:', '[1     ]')
error:  0.00021919
('out:    ', '[0.988 ]')
('correct:', '[1     ]')
error:  0.00007179
('out:    ', '[0.988 ]')
('correct:', '[1     ]')
error:  0.00006927
('out:    ', '[0.994 ]')
('correct:', '[1     ]')
error:  0.00002085
('out:    ', '[0.959 ]')
('correct:', '[1     ]')
error:  0.00085088
('out:    ', '[0.994 ]')
('correct:', '[1     ]')
error:  0.00001668
('out:    ', '[0.996 ]')
('correct:', '[1     ]')
error:  0.00000642
('out:    ', '[0.95  ]')
('correct:', '[1     ]')
error:  0.00123540
('out:    ', '[0.993 ]')
('correct:', '[1     ]')
error:  0.00002501
('out:    ', '[0.989 ]')
('correct:', '[1     ]')
error:  0.00005694
('out:    ', '[0.996 ]')
('correct:', '[1     ]')
error:  0.00000903
('out:    ', '[0.968 ]')
('correct:', '[1     ]')
error:  0.00049817
('out:    ', '[0.986 ]')
('correct:', '[1     ]')
error:  0.00009650
('out:    ', '[0.996 ]')
('correct:', '[1     ]')
error:  0.00000829
('out:    ', '[0.995 ]')
('correct:', '[1     ]')
error:  0.00001039
('out:    ', '[0.993 ]')
('correct:', '[1     ]')
error:  0.00002474
('out:    ', '[0.861 ]')
('correct:', '[1     ]')
error:  0.00965188
('out:    ', '[0.983 ]')
('correct:', '[1     ]')
error:  0.00014182
('out:    ', '[0.994 ]')
('correct:', '[1     ]')
error:  0.00001925
('out:    ', '[0.819 ]')
('correct:', '[1     ]')
error:  0.01645939
('out:    ', '[0.986 ]')
('correct:', '[1     ]')
error:  0.00010037
('out:    ', '[0.984 ]')
('correct:', '[1     ]')
error:  0.00012168
('out:    ', '[0.993 ]')
('correct:', '[1     ]')
error:  0.00002213
('out:    ', '[0.941 ]')
('correct:', '[1     ]')
error:  0.00172350
('out:    ', '[0.986 ]')
('correct:', '[1     ]')
error:  0.00009279
('out:    ', '[0.956 ]')
('correct:', '[1     ]')
error:  0.00096105
('out:    ', '[0.995 ]')
('correct:', '[1     ]')
error:  0.00001015
('out:    ', '[0.994 ]')
('correct:', '[1     ]')
error:  0.00002007
('out:    ', '[0.984 ]')
('correct:', '[1     ]')
error:  0.00012921
('out:    ', '[0.996 ]')
('correct:', '[1     ]')
error:  0.00000960
('out:    ', '[0.995 ]')
('correct:', '[1     ]')
error:  0.00001311
('out:    ', '[0.954 ]')
('correct:', '[1     ]')
error:  0.00107207
('out:    ', '[0.985 ]')
('correct:', '[1     ]')
error:  0.00011617
('out:    ', '[0.996 ]')
('correct:', '[1     ]')
error:  0.00000903
('out:    ', '[0.989 ]')
('correct:', '[1     ]')
error:  0.00005910
('out:    ', '[0.989 ]')
('correct:', '[1     ]')
error:  0.00006215
('out:    ', '[0.995 ]')
('correct:', '[1     ]')
error:  0.00001051
('out:    ', '[0.997 ]')
('correct:', '[1     ]')
error:  0.00000328
('out:    ', '[0.994 ]')
('correct:', '[1     ]')
error:  0.00001798
('out:    ', '[0.996 ]')
('correct:', '[1     ]')
error:  0.00000735
('out:    ', '[0.961 ]')
('correct:', '[0     ]')
error:  0.46170813
('out:    ', '[0.915 ]')
('correct:', '[1     ]')
error:  0.00362441
('out:    ', '[0.997 ]')
('correct:', '[1     ]')
error:  0.00000508
('out:    ', '[0.997 ]')
('correct:', '[1     ]')
error:  0.00000340
('out:    ', '[0.874 ]')
('correct:', '[1     ]')
error:  0.00788460
('out:    ', '[0.995 ]')
('correct:', '[1     ]')
error:  0.00001353
('out:    ', '[0.98  ]')
('correct:', '[1     ]')
error:  0.00020848
('out:    ', '[0.158 ]')
('correct:', '[1     ]')
error:  0.35416002
('out:    ', '[0.987 ]')
('correct:', '[1     ]')
error:  0.00008985
('out:    ', '[0.977 ]')
('correct:', '[1     ]')
error:  0.00025746
('out:    ', '[0.994 ]')
('correct:', '[1     ]')
error:  0.00001758
('out:    ', '[0.973 ]')
('correct:', '[1     ]')
error:  0.00035419
('out:    ', '[0.995 ]')
('correct:', '[1     ]')
error:  0.00001030
('out:    ', '[0.952 ]')
('correct:', '[1     ]')
error:  0.00116449
('out:    ', '[0.995 ]')
('correct:', '[1     ]')
error:  0.00001399
('out:    ', '[0.993 ]')
('correct:', '[1     ]')
error:  0.00002292
('out:    ', '[0.987 ]')
('correct:', '[1     ]')
error:  0.00008828
('out:    ', '[0.681 ]')
('correct:', '[1     ]')
error:  0.05100991
('out:    ', '[0.996 ]')
('correct:', '[1     ]')
error:  0.00000757
('out:    ', '[0.589 ]')
('correct:', '[1     ]')
error:  0.08448543
('out:    ', '[0.961 ]')
('correct:', '[1     ]')
error:  0.00076111
('out:    ', '[0.687 ]')
('correct:', '[1     ]')
error:  0.04904268
('out:    ', '[0.98  ]')
('correct:', '[1     ]')
error:  0.00020329
('out:    ', '[0.925 ]')
('correct:', '[1     ]')
error:  0.00283157
('out:    ', '[0.995 ]')
('correct:', '[1     ]')
error:  0.00001373
('out:    ', '[0.975 ]')
('correct:', '[1     ]')
error:  0.00031052
('out:    ', '[0.865 ]')
('correct:', '[1     ]')
error:  0.00915229
('out:    ', '[0.989 ]')
('correct:', '[1     ]')
error:  0.00006505
('out:    ', '[0.939 ]')
('correct:', '[1     ]')
error:  0.00187315
('out:    ', '[0.988 ]')
('correct:', '[1     ]')
error:  0.00006858
('out:    ', '[0.976 ]')
('correct:', '[1     ]')
error:  0.00027676
('out:    ', '[0.946 ]')
('correct:', '[1     ]')
error:  0.00146209
('out:    ', '[0.995 ]')
('correct:', '[1     ]')
error:  0.00001161
('out:    ', '[0.993 ]')
('correct:', '[1     ]')
error:  0.00002240
('out:    ', '[0.99  ]')
('correct:', '[1     ]')
error:  0.00004689
('out:    ', '[0.99  ]')
('correct:', '[1     ]')
error:  0.00005225
('out:    ', '[0.925 ]')
('correct:', '[1     ]')
error:  0.00280010
('out:    ', '[0.997 ]')
('correct:', '[1     ]')
error:  0.00000524
('out:    ', '[0.979 ]')
('correct:', '[1     ]')
error:  0.00022361
('out:    ', '[0.996 ]')
('correct:', '[1     ]')
error:  0.00000814
('out:    ', '[0.993 ]')
('correct:', '[1     ]')
error:  0.00002486
('out:    ', '[0.996 ]')
('correct:', '[1     ]')
error:  0.00000993
('out:    ', '[0.997 ]')
('correct:', '[1     ]')
error:  0.00000413
('out:    ', '[0.997 ]')
('correct:', '[1     ]')
error:  0.00000524
('out:    ', '[0.99  ]')
('correct:', '[1     ]')
error:  0.00005230
('out:    ', '[0.979 ]')
('correct:', '[1     ]')
error:  0.00022131
('out:    ', '[0.995 ]')
('correct:', '[1     ]')
error:  0.00001399
('out:    ', '[0.994 ]')
('correct:', '[1     ]')
error:  0.00001935
('out:    ', '[0.775 ]')
('correct:', '[1     ]')
error:  0.02530405
('out:    ', '[0.993 ]')
('correct:', '[1     ]')
error:  0.00002349
('out:    ', '[0.927 ]')
('correct:', '[1     ]')
error:  0.00263849
('out:    ', '[0.994 ]')
('correct:', '[1     ]')
error:  0.00001975
('out:    ', '[0.963 ]')
('correct:', '[1     ]')
error:  0.00069640
('out:    ', '[0.989 ]')
('correct:', '[1     ]')
error:  0.00006002
('out:    ', '[0.977 ]')
('correct:', '[1     ]')
error:  0.00026890
('out:    ', '[0.997 ]')
('correct:', '[1     ]')
error:  0.00000487
('out:    ', '[0.992 ]')
('correct:', '[1     ]')
error:  0.00002902
('out:    ', '[0.93  ]')
('correct:', '[1     ]')
error:  0.00243256
('out:    ', '[0.91  ]')
('correct:', '[1     ]')
error:  0.00404075
('out:    ', '[0.862 ]')
('correct:', '[1     ]')
error:  0.00955733
('out:    ', '[0.989 ]')
('correct:', '[1     ]')
error:  0.00006151
('out:    ', '[0.967 ]')
('correct:', '[1     ]')
error:  0.00053892
('out:    ', '[0.994 ]')
('correct:', '[1     ]')
error:  0.00001904
('out:    ', '[0.989 ]')
('correct:', '[1     ]')
error:  0.00006043
('out:    ', '[0.995 ]')
('correct:', '[1     ]')
error:  0.00001509
('out:    ', '[0.992 ]')
('correct:', '[1     ]')
error:  0.00003096
('out:    ', '[0.952 ]')
('correct:', '[1     ]')
error:  0.00114739
('out:    ', '[0.993 ]')
('correct:', '[1     ]')
error:  0.00002511
('out:    ', '[0.992 ]')
('correct:', '[1     ]')
error:  0.00002853
('out:    ', '[0.771 ]')
('correct:', '[1     ]')
error:  0.02624376
('out:    ', '[0.995 ]')
('correct:', '[1     ]')
error:  0.00001456
('out:    ', '[0.974 ]')
('correct:', '[1     ]')
error:  0.00035004
('out:    ', '[0.99  ]')
('correct:', '[1     ]')
error:  0.00005415
('out:    ', '[0.996 ]')
('correct:', '[1     ]')
error:  0.00000732
('out:    ', '[0.99  ]')
('correct:', '[1     ]')
error:  0.00004889
('out:    ', '[0.995 ]')
('correct:', '[1     ]')
error:  0.00001044
('out:    ', '[0.993 ]')
('correct:', '[1     ]')
error:  0.00002300
('out:    ', '[0.992 ]')
('correct:', '[1     ]')
error:  0.00003268
('out:    ', '[0.996 ]')
('correct:', '[1     ]')
error:  0.00000849
('out:    ', '[0.993 ]')
('correct:', '[1     ]')
error:  0.00002439
('out:    ', '[0.924 ]')
('correct:', '[1     ]')
error:  0.00285565
('out:    ', '[0.844 ]')
('correct:', '[1     ]')
error:  0.01212100
('out:    ', '[0.996 ]')
('correct:', '[1     ]')
error:  0.00000837
('out:    ', '[0.983 ]')
('correct:', '[1     ]')
error:  0.00013691
('out:    ', '[0.995 ]')
('correct:', '[1     ]')
error:  0.00001416
('out:    ', '[0.94  ]')
('correct:', '[1     ]')
error:  0.00178734
('out:    ', '[0.995 ]')
('correct:', '[1     ]')
error:  0.00001048
('out:    ', '[0.997 ]')
('correct:', '[1     ]')
error:  0.00000340
('out:    ', '[0.996 ]')
('correct:', '[1     ]')
error:  0.00000884
('out:    ', '[0.967 ]')
('correct:', '[1     ]')
error:  0.00055739
('out:    ', '[0.995 ]')
('correct:', '[1     ]')
error:  0.00001134
('out:    ', '[0.995 ]')
('correct:', '[1     ]')
error:  0.00001357
('out:    ', '[0.966 ]')
('correct:', '[1     ]')
error:  0.00057197
('out:    ', '[0.996 ]')
('correct:', '[1     ]')
error:  0.00000836
('out:    ', '[0.989 ]')
('correct:', '[1     ]')
error:  0.00006337
('out:    ', '[0.965 ]')
('correct:', '[1     ]')
error:  0.00061154
('out:    ', '[0.724 ]')
('correct:', '[1     ]')
error:  0.03796443
('out:    ', '[0.996 ]')
('correct:', '[1     ]')
error:  0.00001000
('out:    ', '[0.995 ]')
('correct:', '[1     ]')
error:  0.00001015
('out:    ', '[0.995 ]')
('correct:', '[1     ]')
error:  0.00001365
('out:    ', '[0.993 ]')
('correct:', '[1     ]')
error:  0.00002218
('out:    ', '[0.997 ]')
('correct:', '[1     ]')
error:  0.00000504
('out:    ', '[0.995 ]')
('correct:', '[1     ]')
error:  0.00001186
('out:    ', '[0.99  ]')
('correct:', '[1     ]')
error:  0.00004516
('out:    ', '[0.99  ]')
('correct:', '[1     ]')
error:  0.00004770
('out:    ', '[0.974 ]')
('correct:', '[1     ]')
error:  0.00034929
('out:    ', '[0.991 ]')
('correct:', '[1     ]')
error:  0.00003674
('out:    ', '[0.982 ]')
('correct:', '[1     ]')
error:  0.00015578
('out:    ', '[0.522 ]')
('correct:', '[1     ]')
error:  0.11406856
('out:    ', '[0.996 ]')
('correct:', '[1     ]')
error:  0.00000678
('out:    ', '[0.955 ]')
('correct:', '[1     ]')
error:  0.00101762
('out:    ', '[0.995 ]')
('correct:', '[1     ]')
error:  0.00001225
('out:    ', '[0.985 ]')
('correct:', '[1     ]')
error:  0.00010567
('out:    ', '[0.994 ]')
('correct:', '[1     ]')
error:  0.00001593
('out:    ', '[0.982 ]')
('correct:', '[1     ]')
error:  0.00016747
('out:    ', '[0.996 ]')
('correct:', '[1     ]')
error:  0.00000625
('out:    ', '[0.994 ]')
('correct:', '[1     ]')
error:  0.00001997
('out:    ', '[0.862 ]')
('correct:', '[1     ]')
error:  0.00947461
('out:    ', '[0.965 ]')
('correct:', '[1     ]')
error:  0.00060037
('out:    ', '[0.993 ]')
('correct:', '[1     ]')
error:  0.00002676
('out:    ', '[0.988 ]')
('correct:', '[1     ]')
error:  0.00007109
('out:    ', '[0.991 ]')
('correct:', '[1     ]')
error:  0.00003657
('out:    ', '[0.996 ]')
('correct:', '[1     ]')
error:  0.00000671
('out:    ', '[0.986 ]')
('correct:', '[1     ]')
error:  0.00009759
('out:    ', '[0.827 ]')
('correct:', '[1     ]')
error:  0.01497143
('out:    ', '[0.854 ]')
('correct:', '[1     ]')
error:  0.01059049
('out:    ', '[0.968 ]')
('correct:', '[1     ]')
error:  0.00050476
('out:    ', '[0.991 ]')
('correct:', '[1     ]')
error:  0.00004230
('out:    ', '[0.988 ]')
('correct:', '[1     ]')
error:  0.00007700
('out:    ', '[0.994 ]')
('correct:', '[1     ]')
error:  0.00001670
('out:    ', '[0.989 ]')
('correct:', '[1     ]')
error:  0.00006099
('out:    ', '[0.994 ]')
('correct:', '[1     ]')
error:  0.00001792
('out:    ', '[0.996 ]')
('correct:', '[1     ]')
error:  0.00000733
('out:    ', '[0.969 ]')
('correct:', '[1     ]')
error:  0.00047618
('out:    ', '[0.99  ]')
('correct:', '[1     ]')
error:  0.00004675
('out:    ', '[0.997 ]')
('correct:', '[1     ]')
error:  0.00000466
('out:    ', '[0.987 ]')
('correct:', '[1     ]')
error:  0.00008389
('out:    ', '[0.954 ]')
('correct:', '[1     ]')
error:  0.00106380
('out:    ', '[0.993 ]')
('correct:', '[1     ]')
error:  0.00002779
('out:    ', '[0.995 ]')
('correct:', '[1     ]')
error:  0.00001368
('out:    ', '[0.991 ]')
('correct:', '[1     ]')
error:  0.00004097
('out:    ', '[0.984 ]')
('correct:', '[1     ]')
error:  0.00012169
('out:    ', '[0.997 ]')
('correct:', '[1     ]')
error:  0.00000533
('out:    ', '[0.948 ]')
('correct:', '[1     ]')
error:  0.00135524
('out:    ', '[0.988 ]')
('correct:', '[1     ]')
error:  0.00007545
('out:    ', '[0.973 ]')
('correct:', '[1     ]')
error:  0.00037453
('out:    ', '[0.995 ]')
('correct:', '[1     ]')
error:  0.00001303
('out:    ', '[0.993 ]')
('correct:', '[1     ]')
error:  0.00002574
('out:    ', '[0.987 ]')
('correct:', '[1     ]')
error:  0.00007820
('out:    ', '[0.71  ]')
('correct:', '[1     ]')
error:  0.04213776
('out:    ', '[0.993 ]')
('correct:', '[1     ]')
error:  0.00002614
('out:    ', '[0.973 ]')
('correct:', '[1     ]')
error:  0.00036571
('out:    ', '[0.994 ]')
('correct:', '[1     ]')
error:  0.00001640
('out:    ', '[0.997 ]')
('correct:', '[1     ]')
error:  0.00000561
('out:    ', '[0.972 ]')
('correct:', '[1     ]')
error:  0.00039626
('out:    ', '[0.995 ]')
('correct:', '[1     ]')
error:  0.00001385
('out:    ', '[0.881 ]')
('correct:', '[0     ]')
error:  0.38810053
('out:    ', '[0.958 ]')
('correct:', '[1     ]')
error:  0.00088376
('out:    ', '[0.96  ]')
('correct:', '[1     ]')
error:  0.00080432
('out:    ', '[0.997 ]')
('correct:', '[1     ]')
error:  0.00000542
('out:    ', '[0.977 ]')
('correct:', '[1     ]')
error:  0.00025325
('out:    ', '[0.996 ]')
('correct:', '[1     ]')
error:  0.00000955
('out:    ', '[0.995 ]')
('correct:', '[1     ]')
error:  0.00001315
('out:    ', '[0.99  ]')
('correct:', '[1     ]')
error:  0.00005282
('out:    ', '[0.98  ]')
('correct:', '[1     ]')
error:  0.00019353
('out:    ', '[0.932 ]')
('correct:', '[1     ]')
error:  0.00231684
('out:    ', '[0.941 ]')
('correct:', '[1     ]')
error:  0.00176209
('out:    ', '[0.993 ]')
('correct:', '[1     ]')
error:  0.00002371
('out:    ', '[0.989 ]')
('correct:', '[1     ]')
error:  0.00005579
('out:    ', '[0.915 ]')
('correct:', '[1     ]')
error:  0.00362465
('out:    ', '[0.99  ]')
('correct:', '[1     ]')
error:  0.00004673
('out:    ', '[0.997 ]')
('correct:', '[1     ]')
error:  0.00000343
('out:    ', '[0.99  ]')
('correct:', '[1     ]')
error:  0.00005312
('out:    ', '[0.992 ]')
('correct:', '[1     ]')
error:  0.00003127
('out:    ', '[0.993 ]')
('correct:', '[1     ]')
error:  0.00002285
('out:    ', '[0.986 ]')
('correct:', '[1     ]')
error:  0.00009189
('out:    ', '[0.928 ]')
('correct:', '[1     ]')
error:  0.00261854
('out:    ', '[0.923 ]')
('correct:', '[1     ]')
error:  0.00296870
('out:    ', '[0.996 ]')
('correct:', '[1     ]')
error:  0.00000985
('out:    ', '[0.995 ]')
('correct:', '[1     ]')
error:  0.00001156
('out:    ', '[0.61  ]')
('correct:', '[1     ]')
error:  0.07617960
('out:    ', '[0.995 ]')
('correct:', '[1     ]')
error:  0.00001208
('out:    ', '[0.994 ]')
('correct:', '[1     ]')
error:  0.00001812
('out:    ', '[0.957 ]')
('correct:', '[1     ]')
error:  0.00090989
('out:    ', '[0.995 ]')
('correct:', '[1     ]')
error:  0.00001199
('out:    ', '[0.947 ]')
('correct:', '[1     ]')
error:  0.00142347
('out:    ', '[0.996 ]')
('correct:', '[1     ]')
error:  0.00000765
('out:    ', '[0.865 ]')
('correct:', '[1     ]')
error:  0.00908835
('out:    ', '[0.995 ]')
('correct:', '[1     ]')
error:  0.00001216
('out:    ', '[0.99  ]')
('correct:', '[1     ]')
error:  0.00004825
('out:    ', '[0.94  ]')
('correct:', '[0     ]')
error:  0.44161591
('out:    ', '[0.936 ]')
('correct:', '[1     ]')
error:  0.00205693
('out:    ', '[0.628 ]')
('correct:', '[1     ]')
error:  0.06919288
('out:    ', '[0.988 ]')
('correct:', '[1     ]')
error:  0.00006932
('out:    ', '[0.989 ]')
('correct:', '[1     ]')
error:  0.00005838
('out:    ', '[0.995 ]')
('correct:', '[1     ]')
error:  0.00001154
('out:    ', '[0.971 ]')
('correct:', '[1     ]')
error:  0.00043288
('out:    ', '[0.995 ]')
('correct:', '[1     ]')
error:  0.00001064
('out:    ', '[0.993 ]')
('correct:', '[1     ]')
error:  0.00002687
('out:    ', '[0.996 ]')
('correct:', '[1     ]')
error:  0.00000913
('out:    ', '[0.994 ]')
('correct:', '[1     ]')
error:  0.00001698
('out:    ', '[0.995 ]')
('correct:', '[1     ]')
error:  0.00001067
('out:    ', '[0.979 ]')
('correct:', '[1     ]')
error:  0.00022425
('out:    ', '[0.99  ]')
('correct:', '[1     ]')
error:  0.00005335
('out:    ', '[0.995 ]')
('correct:', '[1     ]')
error:  0.00001043
('out:    ', '[0.997 ]')
('correct:', '[1     ]')
error:  0.00000546
('out:    ', '[0.986 ]')
('correct:', '[1     ]')
error:  0.00010021
('out:    ', '[0.993 ]')
('correct:', '[1     ]')
error:  0.00002574
('out:    ', '[0.996 ]')
('correct:', '[1     ]')
error:  0.00000954
('out:    ', '[0.99  ]')
('correct:', '[1     ]')
error:  0.00005452
('out:    ', '[0.992 ]')
('correct:', '[1     ]')
error:  0.00002859
('out:    ', '[0.7   ]')
('correct:', '[1     ]')
error:  0.04509619
('out:    ', '[0.944 ]')
('correct:', '[1     ]')
error:  0.00159558
('out:    ', '[0.995 ]')
('correct:', '[1     ]')
error:  0.00001083
('out:    ', '[0.995 ]')
('correct:', '[1     ]')
error:  0.00001178
('out:    ', '[0.808 ]')
('correct:', '[1     ]')
error:  0.01844237
('out:    ', '[0.995 ]')
('correct:', '[1     ]')
error:  0.00001467
('out:    ', '[0.816 ]')
('correct:', '[0     ]')
error:  0.33273825
('out:    ', '[0.988 ]')
('correct:', '[1     ]')
error:  0.00007380
('out:    ', '[0.997 ]')
('correct:', '[1     ]')
error:  0.00000444
('out:    ', '[0.987 ]')
('correct:', '[1     ]')
error:  0.00008884
('out:    ', '[0.989 ]')
('correct:', '[1     ]')
error:  0.00005858
('out:    ', '[0.981 ]')
('correct:', '[1     ]')
error:  0.00018217
('out:    ', '[0.798 ]')
('correct:', '[1     ]')
error:  0.02042490
('out:    ', '[0.938 ]')
('correct:', '[1     ]')
error:  0.00191996
('out:    ', '[0.992 ]')
('correct:', '[1     ]')
error:  0.00002902
('out:    ', '[0.988 ]')
('correct:', '[1     ]')
error:  0.00007676
('out:    ', '[0.997 ]')
('correct:', '[1     ]')
error:  0.00000421
('out:    ', '[0.997 ]')
('correct:', '[1     ]')
error:  0.00000529
('out:    ', '[0.99  ]')
('correct:', '[1     ]')
error:  0.00004868
('out:    ', '[0.975 ]')
('correct:', '[1     ]')
error:  0.00030440
('out:    ', '[0.987 ]')
('correct:', '[1     ]')
error:  0.00008269
('out:    ', '[0.994 ]')
('correct:', '[1     ]')
error:  0.00002005
('out:    ', '[0.995 ]')
('correct:', '[1     ]')
error:  0.00001205
('out:    ', '[0.997 ]')
('correct:', '[1     ]')
error:  0.00000478
('out:    ', '[0.996 ]')
('correct:', '[1     ]')
error:  0.00000699
('out:    ', '[0.997 ]')
('correct:', '[1     ]')
error:  0.00000337
('out:    ', '[0.993 ]')
('correct:', '[1     ]')
error:  0.00002134
('out:    ', '[0.997 ]')
('correct:', '[1     ]')
error:  0.00000427
('out:    ', '[0.971 ]')
('correct:', '[1     ]')
error:  0.00042048
('out:    ', '[0.997 ]')
('correct:', '[1     ]')
error:  0.00000428
('out:    ', '[0.979 ]')
('correct:', '[1     ]')
error:  0.00022954
('out:    ', '[0.986 ]')
('correct:', '[1     ]')
error:  0.00009464
('out:    ', '[0.943 ]')
('correct:', '[1     ]')
error:  0.00161217
('out:    ', '[0.944 ]')
('correct:', '[1     ]')
error:  0.00156868
('out:    ', '[0.985 ]')
('correct:', '[1     ]')
error:  0.00010570
('out:    ', '[0.989 ]')
('correct:', '[1     ]')
error:  0.00006435
('out:    ', '[0.982 ]')
('correct:', '[1     ]')
error:  0.00015979
('out:    ', '[0.988 ]')
('correct:', '[1     ]')
error:  0.00007711
('out:    ', '[0.947 ]')
('correct:', '[1     ]')
error:  0.00141624
('out:    ', '[0.995 ]')
('correct:', '[1     ]')
error:  0.00001243
('out:    ', '[0.986 ]')
('correct:', '[1     ]')
error:  0.00009617
('out:    ', '[0.932 ]')
('correct:', '[1     ]')
error:  0.00232538
('out:    ', '[0.995 ]')
('correct:', '[1     ]')
error:  0.00001072
('out:    ', '[0.99  ]')
('correct:', '[1     ]')
error:  0.00005057
('out:    ', '[0.976 ]')
('correct:', '[1     ]')
error:  0.00029115
('out:    ', '[0.996 ]')
('correct:', '[1     ]')
error:  0.00000956
('out:    ', '[0.989 ]')
('correct:', '[1     ]')
error:  0.00006498
('out:    ', '[0.996 ]')
('correct:', '[1     ]')
error:  0.00000613
('out:    ', '[0.989 ]')
('correct:', '[1     ]')
error:  0.00006493
('out:    ', '[0.987 ]')
('correct:', '[1     ]')
error:  0.00008069
('out:    ', '[0.994 ]')
('correct:', '[1     ]')
error:  0.00001998
('out:    ', '[0.99  ]')
('correct:', '[1     ]')
error:  0.00004768
('out:    ', '[0.996 ]')
('correct:', '[1     ]')
error:  0.00000780
('out:    ', '[0.994 ]')
('correct:', '[1     ]')
error:  0.00001547
('out:    ', '[0.98  ]')
('correct:', '[1     ]')
error:  0.00019581
('out:    ', '[0.988 ]')
('correct:', '[1     ]')
error:  0.00007183
('out:    ', '[0.991 ]')
('correct:', '[1     ]')
error:  0.00003617
('out:    ', '[0.997 ]')
('correct:', '[1     ]')
error:  0.00000524
('out:    ', '[0.996 ]')
('correct:', '[1     ]')
error:  0.00000636
('out:    ', '[0.996 ]')
('correct:', '[1     ]')
error:  0.00000630
('out:    ', '[0.993 ]')
('correct:', '[1     ]')
error:  0.00002533
('out:    ', '[0.996 ]')
('correct:', '[1     ]')
error:  0.00000943
('out:    ', '[0.993 ]')
('correct:', '[1     ]')
error:  0.00002128
('out:    ', '[0.994 ]')
('correct:', '[1     ]')
error:  0.00002005
('out:    ', '[0.996 ]')
('correct:', '[1     ]')
error:  0.00000874
('out:    ', '[0.993 ]')
('correct:', '[1     ]')
error:  0.00002206
('out:    ', '[0.952 ]')
('correct:', '[1     ]')
error:  0.00114819
('out:    ', '[0.973 ]')
('correct:', '[1     ]')
error:  0.00035602
('out:    ', '[0.992 ]')
('correct:', '[1     ]')
error:  0.00003175
('out:    ', '[0.978 ]')
('correct:', '[1     ]')
error:  0.00023841
('out:    ', '[0.994 ]')
('correct:', '[1     ]')
error:  0.00002009
('out:    ', '[0.996 ]')
('correct:', '[1     ]')
error:  0.00001012
('out:    ', '[0.996 ]')
('correct:', '[1     ]')
error:  0.00000664
('out:    ', '[0.986 ]')
('correct:', '[1     ]')
error:  0.00010093
('out:    ', '[0.997 ]')
('correct:', '[1     ]')
error:  0.00000321
('out:    ', '[0.811 ]')
('correct:', '[1     ]')
error:  0.01791957
('out:    ', '[0.862 ]')
('correct:', '[1     ]')
error:  0.00951289
('out:    ', '[0.984 ]')
('correct:', '[1     ]')
error:  0.00012279
('out:    ', '[0.994 ]')
('correct:', '[1     ]')
error:  0.00001896
('out:    ', '[0.991 ]')
('correct:', '[1     ]')
error:  0.00003741
('out:    ', '[0.995 ]')
('correct:', '[1     ]')
error:  0.00001173
('out:    ', '[0.992 ]')
('correct:', '[1     ]')
error:  0.00003374
('out:    ', '[0.997 ]')
('correct:', '[1     ]')
error:  0.00000466
('out:    ', '[0.994 ]')
('correct:', '[1     ]')
error:  0.00001951
('out:    ', '[0.997 ]')
('correct:', '[1     ]')
error:  0.00000526
('out:    ', '[0.997 ]')
('correct:', '[1     ]')
error:  0.00000512
('out:    ', '[0.995 ]')
('correct:', '[1     ]')
error:  0.00001038
('out:    ', '[0.994 ]')
('correct:', '[1     ]')
error:  0.00002087
('out:    ', '[0.993 ]')
('correct:', '[1     ]')
error:  0.00002601
('out:    ', '[0.882 ]')
('correct:', '[1     ]')
error:  0.00698888
('out:    ', '[0.997 ]')
('correct:', '[1     ]')
error:  0.00000558
('out:    ', '[0.986 ]')
('correct:', '[1     ]')
error:  0.00009225
('out:    ', '[0.991 ]')
('correct:', '[1     ]')
error:  0.00003905
('out:    ', '[0.996 ]')
('correct:', '[1     ]')
error:  0.00000825
('out:    ', '[0.993 ]')
('correct:', '[1     ]')
error:  0.00002392
('out:    ', '[0.993 ]')
('correct:', '[1     ]')
error:  0.00002294
('out:    ', '[0.995 ]')
('correct:', '[1     ]')
error:  0.00001193
('out:    ', '[0.986 ]')
('correct:', '[1     ]')
error:  0.00009663
('out:    ', '[0.989 ]')
('correct:', '[1     ]')
error:  0.00006160
('out:    ', '[0.989 ]')
('correct:', '[1     ]')
error:  0.00006104
('out:    ', '[0.934 ]')
('correct:', '[1     ]')
error:  0.00215253
('out:    ', '[0.99  ]')
('correct:', '[1     ]')
error:  0.00004810
('out:    ', '[0.993 ]')
('correct:', '[1     ]')
error:  0.00002374
('out:    ', '[0.987 ]')
('correct:', '[1     ]')
error:  0.00008786
('out:    ', '[0.977 ]')
('correct:', '[1     ]')
error:  0.00025698
('out:    ', '[0.984 ]')
('correct:', '[1     ]')
error:  0.00012467
('out:    ', '[0.977 ]')
('correct:', '[1     ]')
error:  0.00025614
('out:    ', '[0.995 ]')
('correct:', '[1     ]')
error:  0.00001044
('out:    ', '[0.633 ]')
('correct:', '[1     ]')
error:  0.06738112
('out:    ', '[0.711 ]')
('correct:', '[0     ]')
error:  0.25290730
('out:    ', '[0.93  ]')
('correct:', '[1     ]')
error:  0.00241950
('out:    ', '[0.994 ]')
('correct:', '[1     ]')
error:  0.00001808
('out:    ', '[0.93  ]')
('correct:', '[1     ]')
error:  0.00241813
('out:    ', '[0.997 ]')
('correct:', '[1     ]')
error:  0.00000339
('out:    ', '[0.946 ]')
('correct:', '[1     ]')
error:  0.00148196
('out:    ', '[0.992 ]')
('correct:', '[1     ]')
error:  0.00003067
('out:    ', '[0.981 ]')
('correct:', '[1     ]')
error:  0.00017991
('out:    ', '[0.991 ]')
('correct:', '[1     ]')
error:  0.00003854
('out:    ', '[0.994 ]')
('correct:', '[1     ]')
error:  0.00001904
('out:    ', '[0.744 ]')
('correct:', '[1     ]')
error:  0.03266653
('out:    ', '[0.995 ]')
('correct:', '[1     ]')
error:  0.00001021
('out:    ', '[0.99  ]')
('correct:', '[1     ]')
error:  0.00005226
('out:    ', '[0.996 ]')
('correct:', '[1     ]')
error:  0.00000698
('out:    ', '[0.888 ]')
('correct:', '[1     ]')
error:  0.00631017
('out:    ', '[0.98  ]')
('correct:', '[1     ]')
error:  0.00020737
('out:    ', '[0.992 ]')
('correct:', '[1     ]')
error:  0.00003014
('out:    ', '[0.782 ]')
('correct:', '[1     ]')
error:  0.02374083
('out:    ', '[0.992 ]')
('correct:', '[1     ]')
error:  0.00003008
('out:    ', '[0.997 ]')
('correct:', '[1     ]')
error:  0.00000531
('out:    ', '[0.994 ]')
('correct:', '[1     ]')
error:  0.00001520
('out:    ', '[0.995 ]')
('correct:', '[1     ]')
error:  0.00001392
('out:    ', '[0.987 ]')
('correct:', '[1     ]')
error:  0.00008531
('out:    ', '[0.994 ]')
('correct:', '[1     ]')
error:  0.00001696
('out:    ', '[0.996 ]')
('correct:', '[1     ]')
error:  0.00000833
('out:    ', '[0.995 ]')
('correct:', '[1     ]')
error:  0.00001195
('out:    ', '[0.983 ]')
('correct:', '[1     ]')
error:  0.00014777
('out:    ', '[0.905 ]')
('correct:', '[1     ]')
error:  0.00455063
('out:    ', '[0.994 ]')
('correct:', '[1     ]')
error:  0.00001961
('out:    ', '[0.987 ]')
('correct:', '[1     ]')
error:  0.00008051
('out:    ', '[0.997 ]')
('correct:', '[1     ]')
error:  0.00000523
('out:    ', '[0.996 ]')
('correct:', '[1     ]')
error:  0.00000923
('out:    ', '[0.966 ]')
('correct:', '[1     ]')
error:  0.00057599
('out:    ', '[0.994 ]')
('correct:', '[1     ]')
error:  0.00001725
('out:    ', '[0.965 ]')
('correct:', '[1     ]')
error:  0.00060759
('out:    ', '[0.992 ]')
('correct:', '[1     ]')
error:  0.00003022
('out:    ', '[0.997 ]')
('correct:', '[1     ]')
error:  0.00000524
('out:    ', '[0.997 ]')
('correct:', '[1     ]')
error:  0.00000480
('out:    ', '[0.994 ]')
('correct:', '[1     ]')
error:  0.00001998
('out:    ', '[0.993 ]')
('correct:', '[1     ]')
error:  0.00002381
('out:    ', '[0.982 ]')
('correct:', '[1     ]')
error:  0.00015575
('out:    ', '[0.994 ]')
('correct:', '[1     ]')
error:  0.00002084
('out:    ', '[0.986 ]')
('correct:', '[1     ]')
error:  0.00009166
('out:    ', '[0.992 ]')
('correct:', '[1     ]')
error:  0.00003295
('out:    ', '[0.993 ]')
('correct:', '[1     ]')
error:  0.00002239
('out:    ', '[0.98  ]')
('correct:', '[1     ]')
error:  0.00019902
('out:    ', '[0.976 ]')
('correct:', '[1     ]')
error:  0.00030004
('out:    ', '[0.98  ]')
('correct:', '[1     ]')
error:  0.00019282
('out:    ', '[0.992 ]')
('correct:', '[1     ]')
error:  0.00003000
('out:    ', '[0.992 ]')
('correct:', '[1     ]')
error:  0.00003380
('out:    ', '[0.929 ]')
('correct:', '[1     ]')
error:  0.00250882
('out:    ', '[0.966 ]')
('correct:', '[1     ]')
error:  0.00059121
('out:    ', '[0.994 ]')
('correct:', '[1     ]')
error:  0.00001578
('out:    ', '[0.967 ]')
('correct:', '[1     ]')
error:  0.00054183
('out:    ', '[0.996 ]')
('correct:', '[1     ]')
error:  0.00000702
('out:    ', '[0.798 ]')
('correct:', '[1     ]')
error:  0.02044084
('out:    ', '[0.99  ]')
('correct:', '[1     ]')
error:  0.00005326
('out:    ', '[0.99  ]')
('correct:', '[1     ]')
error:  0.00004531
('out:    ', '[0.996 ]')
('correct:', '[1     ]')
error:  0.00000891
('out:    ', '[0.99  ]')
('correct:', '[1     ]')
error:  0.00005346
('out:    ', '[0.613 ]')
('correct:', '[1     ]')
error:  0.07501704
('out:    ', '[0.964 ]')
('correct:', '[1     ]')
error:  0.00064359
('out:    ', '[0.997 ]')
('correct:', '[1     ]')
error:  0.00000397
('out:    ', '[0.774 ]')
('correct:', '[1     ]')
error:  0.02556143
('out:    ', '[0.955 ]')
('correct:', '[1     ]')
error:  0.00099479
('out:    ', '[0.987 ]')
('correct:', '[1     ]')
error:  0.00008230
('out:    ', '[0.997 ]')
('correct:', '[1     ]')
error:  0.00000542
('out:    ', '[0.738 ]')
('correct:', '[1     ]')
error:  0.03435432
('out:    ', '[0.995 ]')
('correct:', '[1     ]')
error:  0.00001367
('out:    ', '[0.997 ]')
('correct:', '[1     ]')
error:  0.00000351
('out:    ', '[0.795 ]')
('correct:', '[1     ]')
error:  0.02097184
('out:    ', '[0.953 ]')
('correct:', '[1     ]')
error:  0.00110800
('out:    ', '[0.985 ]')
('correct:', '[1     ]')
error:  0.00011779
('out:    ', '[0.993 ]')
('correct:', '[1     ]')
error:  0.00002265
('out:    ', '[0.683 ]')
('correct:', '[1     ]')
error:  0.05022103
('out:    ', '[0.992 ]')
('correct:', '[1     ]')
error:  0.00003394
('out:    ', '[0.993 ]')
('correct:', '[1     ]')
error:  0.00002324
('out:    ', '[0.993 ]')
('correct:', '[1     ]')
error:  0.00002384
('out:    ', '[0.996 ]')
('correct:', '[1     ]')
error:  0.00001012
('out:    ', '[0.996 ]')
('correct:', '[1     ]')
error:  0.00000734
('out:    ', '[0.99  ]')
('correct:', '[1     ]')
error:  0.00005271
('out:    ', '[0.994 ]')
('correct:', '[1     ]')
error:  0.00002108
('out:    ', '[0.996 ]')
('correct:', '[1     ]')
error:  0.00000656
('out:    ', '[0.959 ]')
('correct:', '[1     ]')
error:  0.00085071
('out:    ', '[0.995 ]')
('correct:', '[1     ]')
error:  0.00001512
('out:    ', '[0.997 ]')
('correct:', '[1     ]')
error:  0.00000535
('out:    ', '[0.992 ]')
('correct:', '[1     ]')
error:  0.00003188
('out:    ', '[0.989 ]')
('correct:', '[1     ]')
error:  0.00006129
('out:    ', '[0.988 ]')
('correct:', '[1     ]')
error:  0.00007384
('out:    ', '[0.995 ]')
('correct:', '[1     ]')
error:  0.00001025
('out:    ', '[0.965 ]')
('correct:', '[1     ]')
error:  0.00059568
('out:    ', '[0.985 ]')
('correct:', '[1     ]')
error:  0.00010670
('out:    ', '[0.994 ]')
('correct:', '[1     ]')
error:  0.00001756
('out:    ', '[0.996 ]')
('correct:', '[1     ]')
error:  0.00000651
('out:    ', '[0.996 ]')
('correct:', '[1     ]')
error:  0.00000772
('out:    ', '[0.997 ]')
('correct:', '[1     ]')
error:  0.00000514
('out:    ', '[0.906 ]')
('correct:', '[1     ]')
error:  0.00441655
('out:    ', '[0.994 ]')
('correct:', '[1     ]')
error:  0.00002098
('out:    ', '[0.994 ]')
('correct:', '[1     ]')
error:  0.00001832
('out:    ', '[0.26  ]')
('correct:', '[1     ]')
error:  0.27362488
('out:    ', '[0.995 ]')
('correct:', '[1     ]')
error:  0.00001247
('out:    ', '[0.992 ]')
('correct:', '[1     ]')
error:  0.00003047
('out:    ', '[0.902 ]')
('correct:', '[1     ]')
error:  0.00483273
('out:    ', '[0.996 ]')
('correct:', '[1     ]')
error:  0.00000976
('out:    ', '[0.995 ]')
('correct:', '[1     ]')
error:  0.00001122
('out:    ', '[0.947 ]')
('correct:', '[1     ]')
error:  0.00140589
('out:    ', '[0.996 ]')
('correct:', '[1     ]')
error:  0.00000959
('out:    ', '[0.997 ]')
('correct:', '[1     ]')
error:  0.00000437
('out:    ', '[0.983 ]')
('correct:', '[1     ]')
error:  0.00014901
('out:    ', '[0.903 ]')
('correct:', '[1     ]')
error:  0.00472515
('out:    ', '[0.994 ]')
('correct:', '[1     ]')
error:  0.00001891
('out:    ', '[0.781 ]')
('correct:', '[1     ]')
error:  0.02392954
('out:    ', '[0.994 ]')
('correct:', '[1     ]')
error:  0.00001725
('out:    ', '[0.997 ]')
('correct:', '[1     ]')
error:  0.00000403
('out:    ', '[0.993 ]')
('correct:', '[1     ]')
error:  0.00002710
('out:    ', '[0.985 ]')
('correct:', '[1     ]')
error:  0.00011948
('out:    ', '[0.986 ]')
('correct:', '[1     ]')
error:  0.00009644
('out:    ', '[0.987 ]')
('correct:', '[1     ]')
error:  0.00008986
('out:    ', '[0.997 ]')
('correct:', '[1     ]')
error:  0.00000574
('out:    ', '[0.997 ]')
('correct:', '[1     ]')
error:  0.00000337
('out:    ', '[0.989 ]')
('correct:', '[1     ]')
error:  0.00005869
('out:    ', '[0.997 ]')
('correct:', '[1     ]')
error:  0.00000498
('out:    ', '[0.997 ]')
('correct:', '[1     ]')
error:  0.00000525
('out:    ', '[0.991 ]')
('correct:', '[1     ]')
error:  0.00004165
('out:    ', '[0.992 ]')
('correct:', '[1     ]')
error:  0.00003058
('out:    ', '[0.996 ]')
('correct:', '[1     ]')
error:  0.00000983
('out:    ', '[0.994 ]')
('correct:', '[1     ]')
error:  0.00001735
('out:    ', '[0.771 ]')
('correct:', '[1     ]')
error:  0.02617101
('out:    ', '[0.997 ]')
('correct:', '[1     ]')
error:  0.00000524
('out:    ', '[0.997 ]')
('correct:', '[1     ]')
error:  0.00000540
('out:    ', '[0.982 ]')
('correct:', '[1     ]')
error:  0.00017088
('out:    ', '[0.995 ]')
('correct:', '[1     ]')
error:  0.00001119
('out:    ', '[0.997 ]')
('correct:', '[1     ]')
error:  0.00000588
('out:    ', '[0.997 ]')
('correct:', '[1     ]')
error:  0.00000537
('out:    ', '[0.992 ]')
('correct:', '[1     ]')
error:  0.00003381
('out:    ', '[0.964 ]')
('correct:', '[1     ]')
error:  0.00063332
('out:    ', '[0.986 ]')
('correct:', '[1     ]')
error:  0.00009179
('out:    ', '[0.987 ]')
('correct:', '[1     ]')
error:  0.00008841
('out:    ', '[0.993 ]')
('correct:', '[1     ]')
error:  0.00002671
('out:    ', '[0.986 ]')
('correct:', '[1     ]')
error:  0.00010142
('out:    ', '[0.964 ]')
('correct:', '[1     ]')
error:  0.00064787
('out:    ', '[0.99  ]')
('correct:', '[1     ]')
error:  0.00005501
('out:    ', '[0.282 ]')
('correct:', '[1     ]')
error:  0.25742775
('out:    ', '[0.997 ]')
('correct:', '[1     ]')
error:  0.00000544
('out:    ', '[0.998 ]')
('correct:', '[1     ]')
error:  0.00000304
('out:    ', '[0.991 ]')
('correct:', '[1     ]')
error:  0.00003816
('out:    ', '[0.993 ]')
('correct:', '[1     ]')
error:  0.00002573
('out:    ', '[0.996 ]')
('correct:', '[1     ]')
error:  0.00000873
('out:    ', '[0.997 ]')
('correct:', '[1     ]')
error:  0.00000407
('out:    ', '[0.988 ]')
('correct:', '[1     ]')
error:  0.00007449
('out:    ', '[0.953 ]')
('correct:', '[1     ]')
error:  0.00110635
('out:    ', '[0.987 ]')
('correct:', '[1     ]')
error:  0.00008321
('out:    ', '[0.99  ]')
('correct:', '[1     ]')
error:  0.00005384
('out:    ', '[0.996 ]')
('correct:', '[1     ]')
error:  0.00000685
('out:    ', '[0.997 ]')
('correct:', '[1     ]')
error:  0.00000548
('out:    ', '[0.993 ]')
('correct:', '[1     ]')
error:  0.00002181
('out:    ', '[0.995 ]')
('correct:', '[1     ]')
error:  0.00001127
('out:    ', '[0.993 ]')
('correct:', '[1     ]')
error:  0.00002139
('out:    ', '[0.978 ]')
('correct:', '[1     ]')
error:  0.00023888
('out:    ', '[0.995 ]')
('correct:', '[1     ]')
error:  0.00001285
('out:    ', '[0.993 ]')
('correct:', '[1     ]')
error:  0.00002561
('out:    ', '[0.997 ]')
('correct:', '[1     ]')
error:  0.00000399
('out:    ', '[0.995 ]')
('correct:', '[1     ]')
error:  0.00001269
('out:    ', '[0.986 ]')
('correct:', '[1     ]')
error:  0.00009494
('out:    ', '[0.127 ]')
('correct:', '[1     ]')
error:  0.38067468
('out:    ', '[0.932 ]')
('correct:', '[1     ]')
error:  0.00230389
('out:    ', '[0.995 ]')
('correct:', '[1     ]')
error:  0.00001097
('out:    ', '[0.991 ]')
('correct:', '[1     ]')
error:  0.00004506
('out:    ', '[0.996 ]')
('correct:', '[1     ]')
error:  0.00000858
('out:    ', '[0.932 ]')
('correct:', '[1     ]')
error:  0.00229737
('out:    ', '[0.928 ]')
('correct:', '[1     ]')
error:  0.00261178
('out:    ', '[0.996 ]')
('correct:', '[1     ]')
error:  0.00001001
('out:    ', '[0.995 ]')
('correct:', '[1     ]')
error:  0.00001069
('out:    ', '[0.778 ]')
('correct:', '[1     ]')
error:  0.02462901
('out:    ', '[0.994 ]')
('correct:', '[1     ]')
error:  0.00001905
('out:    ', '[0.993 ]')
('correct:', '[1     ]')
error:  0.00002533
('out:    ', '[0.986 ]')
('correct:', '[1     ]')
error:  0.00009947
('out:    ', '[0.994 ]')
('correct:', '[1     ]')
error:  0.00001770
('out:    ', '[0.995 ]')
('correct:', '[1     ]')
error:  0.00001411
('out:    ', '[0.995 ]')
('correct:', '[1     ]')
error:  0.00001486
('out:    ', '[0.985 ]')
('correct:', '[1     ]')
error:  0.00011671
('out:    ', '[0.998 ]')
('correct:', '[1     ]')
error:  0.00000270
('out:    ', '[0.996 ]')
('correct:', '[1     ]')
error:  0.00001006
('out:    ', '[0.997 ]')
('correct:', '[1     ]')
error:  0.00000356
('out:    ', '[0.868 ]')
('correct:', '[1     ]')
error:  0.00871394
('out:    ', '[0.993 ]')
('correct:', '[1     ]')
error:  0.00002174
('out:    ', '[0.98  ]')
('correct:', '[1     ]')
error:  0.00019222
('out:    ', '[0.991 ]')
('correct:', '[1     ]')
error:  0.00004308
('out:    ', '[0.879 ]')
('correct:', '[1     ]')
error:  0.00729959
('out:    ', '[0.984 ]')
('correct:', '[1     ]')
error:  0.00013270
('out:    ', '[0.977 ]')
('correct:', '[1     ]')
error:  0.00026094
('out:    ', '[0.95  ]')
('correct:', '[1     ]')
error:  0.00126606
('out:    ', '[0.995 ]')
('correct:', '[1     ]')
error:  0.00001081
('out:    ', '[0.986 ]')
('correct:', '[1     ]')
error:  0.00010260
('out:    ', '[0.993 ]')
('correct:', '[1     ]')
error:  0.00002688
('out:    ', '[0.99  ]')
('correct:', '[1     ]')
error:  0.00004523
('out:    ', '[0.996 ]')
('correct:', '[1     ]')
error:  0.00000721
('out:    ', '[0.996 ]')
('correct:', '[1     ]')
error:  0.00000796
('out:    ', '[0.968 ]')
('correct:', '[1     ]')
error:  0.00051953
('out:    ', '[0.992 ]')
('correct:', '[1     ]')
error:  0.00003516
('out:    ', '[0.994 ]')
('correct:', '[1     ]')
error:  0.00001971
('out:    ', '[0.932 ]')
('correct:', '[1     ]')
error:  0.00233702
('out:    ', '[0.898 ]')
('correct:', '[1     ]')
error:  0.00518986
('out:    ', '[0.993 ]')
('correct:', '[1     ]')
error:  0.00002245
('out:    ', '[0.991 ]')
('correct:', '[1     ]')
error:  0.00004425
('out:    ', '[0.975 ]')
('correct:', '[1     ]')
error:  0.00031035
('out:    ', '[0.814 ]')
('correct:', '[1     ]')
error:  0.01727788
('out:    ', '[0.996 ]')
('correct:', '[1     ]')
error:  0.00000719
('out:    ', '[0.901 ]')
('correct:', '[1     ]')
error:  0.00494288
('out:    ', '[0.585 ]')
('correct:', '[1     ]')
error:  0.08606524
('out:    ', '[0.962 ]')
('correct:', '[1     ]')
error:  0.00070719
('out:    ', '[0.994 ]')
('correct:', '[1     ]')
error:  0.00002086
('out:    ', '[0.938 ]')
('correct:', '[1     ]')
error:  0.00190433
('out:    ', '[0.992 ]')
('correct:', '[1     ]')
error:  0.00003382
('out:    ', '[0.988 ]')
('correct:', '[1     ]')
error:  0.00006637
('out:    ', '[0.997 ]')
('correct:', '[1     ]')
error:  0.00000481
('out:    ', '[0.996 ]')
('correct:', '[1     ]')
error:  0.00000685
('out:    ', '[0.894 ]')
('correct:', '[1     ]')
error:  0.00565382
('out:    ', '[0.986 ]')
('correct:', '[1     ]')
error:  0.00009339
('out:    ', '[0.995 ]')
('correct:', '[1     ]')
error:  0.00001117
('out:    ', '[0.997 ]')
('correct:', '[1     ]')
error:  0.00000355
('out:    ', '[0.996 ]')
('correct:', '[1     ]')
error:  0.00000763
('out:    ', '[0.995 ]')
('correct:', '[1     ]')
error:  0.00001217
('out:    ', '[0.987 ]')
('correct:', '[1     ]')
error:  0.00008580
('out:    ', '[0.931 ]')
('correct:', '[1     ]')
error:  0.00237567
('out:    ', '[0.994 ]')
('correct:', '[1     ]')
error:  0.00001886
('out:    ', '[0.993 ]')
('correct:', '[1     ]')
error:  0.00002709
('out:    ', '[0.996 ]')
('correct:', '[1     ]')
error:  0.00000725
('out:    ', '[0.996 ]')
('correct:', '[1     ]')
error:  0.00000789
('out:    ', '[0.908 ]')
('correct:', '[1     ]')
error:  0.00419823
('out:    ', '[0.989 ]')
('correct:', '[1     ]')
error:  0.00006099
('out:    ', '[0.996 ]')
('correct:', '[1     ]')
error:  0.00001012
('out:    ', '[0.994 ]')
('correct:', '[1     ]')
error:  0.00002066
('out:    ', '[0.994 ]')
('correct:', '[1     ]')
error:  0.00002094
('out:    ', '[0.963 ]')
('correct:', '[1     ]')
error:  0.00069576
('out:    ', '[0.996 ]')
('correct:', '[1     ]')
error:  0.00000659
('out:    ', '[0.993 ]')
('correct:', '[1     ]')
error:  0.00002207
('out:    ', '[0.974 ]')
('correct:', '[1     ]')
error:  0.00034075
('out:    ', '[0.997 ]')
('correct:', '[1     ]')
error:  0.00000531
('out:    ', '[0.758 ]')
('correct:', '[1     ]')
error:  0.02927086
('out:    ', '[0.995 ]')
('correct:', '[1     ]')
error:  0.00001026
('out:    ', '[0.461 ]')
('correct:', '[1     ]')
error:  0.14546104
('out:    ', '[0.963 ]')
('correct:', '[1     ]')
error:  0.00069499
('out:    ', '[0.994 ]')
('correct:', '[1     ]')
error:  0.00002006
('out:    ', '[0.988 ]')
('correct:', '[1     ]')
error:  0.00007556
('out:    ', '[0.997 ]')
('correct:', '[1     ]')
error:  0.00000507
('out:    ', '[0.967 ]')
('correct:', '[1     ]')
error:  0.00054389
('out:    ', '[0.955 ]')
('correct:', '[1     ]')
error:  0.00101664
('out:    ', '[0.994 ]')
('correct:', '[1     ]')
error:  0.00001956
('out:    ', '[0.979 ]')
('correct:', '[1     ]')
error:  0.00022356
('out:    ', '[0.994 ]')
('correct:', '[1     ]')
error:  0.00001860
('out:    ', '[0.908 ]')
('correct:', '[1     ]')
error:  0.00420300
('out:    ', '[0.995 ]')
('correct:', '[1     ]')
error:  0.00001041
('out:    ', '[0.996 ]')
('correct:', '[1     ]')
error:  0.00000808
('out:    ', '[0.986 ]')
('correct:', '[1     ]')
error:  0.00010391
('out:    ', '[0.995 ]')
('correct:', '[1     ]')
error:  0.00001087
('out:    ', '[0.994 ]')
('correct:', '[1     ]')
error:  0.00001533
('out:    ', '[0.982 ]')
('correct:', '[1     ]')
error:  0.00016489
('out:    ', '[0.983 ]')
('correct:', '[1     ]')
error:  0.00014464
('out:    ', '[0.993 ]')
('correct:', '[1     ]')
error:  0.00002669
('out:    ', '[0.995 ]')
('correct:', '[1     ]')
error:  0.00001210
('out:    ', '[0.993 ]')
('correct:', '[1     ]')
error:  0.00002756
('out:    ', '[0.993 ]')
('correct:', '[1     ]')
error:  0.00002310
('out:    ', '[0.94  ]')
('correct:', '[1     ]')
error:  0.00177945
('out:    ', '[0.65  ]')
('correct:', '[1     ]')
error:  0.06122050
('out:    ', '[0.995 ]')
('correct:', '[1     ]')
error:  0.00001406
('out:    ', '[0.988 ]')
('correct:', '[1     ]')
error:  0.00006885
('out:    ', '[0.994 ]')
('correct:', '[1     ]')
error:  0.00001715
('out:    ', '[0.994 ]')
('correct:', '[1     ]')
error:  0.00001907
('out:    ', '[0.997 ]')
('correct:', '[1     ]')
error:  0.00000347
('out:    ', '[0.982 ]')
('correct:', '[1     ]')
error:  0.00016958
('out:    ', '[0.993 ]')
('correct:', '[1     ]')
error:  0.00002128
('out:    ', '[0.994 ]')
('correct:', '[1     ]')
error:  0.00001747
('out:    ', '[0.992 ]')
('correct:', '[1     ]')
error:  0.00003023
('out:    ', '[0.998 ]')
('correct:', '[1     ]')
error:  0.00000242
('out:    ', '[0.996 ]')
('correct:', '[1     ]')
error:  0.00000765
('out:    ', '[0.981 ]')
('correct:', '[1     ]')
error:  0.00018193
('out:    ', '[0.948 ]')
('correct:', '[1     ]')
error:  0.00133233
('out:    ', '[0.988 ]')
('correct:', '[1     ]')
error:  0.00007224
('out:    ', '[0.992 ]')
('correct:', '[1     ]')
error:  0.00003205
('out:    ', '[0.997 ]')
('correct:', '[1     ]')
error:  0.00000498
('out:    ', '[0.97  ]')
('correct:', '[1     ]')
error:  0.00045655
('out:    ', '[0.995 ]')
('correct:', '[1     ]')
error:  0.00001099
('out:    ', '[0.994 ]')
('correct:', '[1     ]')
error:  0.00001775
('out:    ', '[0.997 ]')
('correct:', '[1     ]')
error:  0.00000401
('out:    ', '[0.997 ]')
('correct:', '[1     ]')
error:  0.00000508
('out:    ', '[0.981 ]')
('correct:', '[1     ]')
error:  0.00017813
('out:    ', '[0.988 ]')
('correct:', '[1     ]')
error:  0.00007179
('out:    ', '[0.819 ]')
('correct:', '[1     ]')
error:  0.01636381
('out:    ', '[0.991 ]')
('correct:', '[1     ]')
error:  0.00004308
('out:    ', '[0.993 ]')
('correct:', '[1     ]')
error:  0.00002505
('out:    ', '[0.997 ]')
('correct:', '[1     ]')
error:  0.00000532
('out:    ', '[0.995 ]')
('correct:', '[1     ]')
error:  0.00001119
('out:    ', '[0.968 ]')
('correct:', '[1     ]')
error:  0.00051297
('out:    ', '[0.995 ]')
('correct:', '[1     ]')
error:  0.00001180
('out:    ', '[0.994 ]')
('correct:', '[1     ]')
error:  0.00001781
('out:    ', '[0.995 ]')
('correct:', '[1     ]')
error:  0.00001109
('out:    ', '[0.997 ]')
('correct:', '[1     ]')
error:  0.00000527
('out:    ', '[0.997 ]')
('correct:', '[1     ]')
error:  0.00000579
('out:    ', '[0.994 ]')
('correct:', '[1     ]')
error:  0.00001802
('out:    ', '[0.995 ]')
('correct:', '[1     ]')
error:  0.00001362
('out:    ', '[0.996 ]')
('correct:', '[1     ]')
error:  0.00000730
('out:    ', '[0.997 ]')
('correct:', '[1     ]')
error:  0.00000411
('out:    ', '[0.996 ]')
('correct:', '[1     ]')
error:  0.00000976
('out:    ', '[0.994 ]')
('correct:', '[1     ]')
error:  0.00001876
('out:    ', '[0.99  ]')
('correct:', '[1     ]')
error:  0.00005206
('out:    ', '[0.997 ]')
('correct:', '[1     ]')
error:  0.00000345
('out:    ', '[0.996 ]')
('correct:', '[1     ]')
error:  0.00000735
('out:    ', '[0.995 ]')
('correct:', '[1     ]')
error:  0.00001045
('out:    ', '[0.988 ]')
('correct:', '[1     ]')
error:  0.00006759
('out:    ', '[0.972 ]')
('correct:', '[1     ]')
error:  0.00039818
('out:    ', '[0.997 ]')
('correct:', '[1     ]')
error:  0.00000530
('out:    ', '[0.993 ]')
('correct:', '[1     ]')
error:  0.00002132
('out:    ', '[0.996 ]')
('correct:', '[1     ]')
error:  0.00000759
('out:    ', '[0.89  ]')
('correct:', '[1     ]')
error:  0.00602080
('out:    ', '[0.995 ]')
('correct:', '[1     ]')
error:  0.00001245
('out:    ', '[0.995 ]')
('correct:', '[1     ]')
error:  0.00001415
('out:    ', '[0.995 ]')
('correct:', '[1     ]')
error:  0.00001397
('out:    ', '[0.995 ]')
('correct:', '[1     ]')
error:  0.00001083
('out:    ', '[0.829 ]')
('correct:', '[1     ]')
error:  0.01465408
('out:    ', '[0.995 ]')
('correct:', '[1     ]')
error:  0.00001043
('out:    ', '[0.997 ]')
('correct:', '[1     ]')
error:  0.00000397
('out:    ', '[0.855 ]')
('correct:', '[1     ]')
error:  0.01054068
('out:    ', '[0.989 ]')
('correct:', '[1     ]')
error:  0.00005589
('out:    ', '[0.992 ]')
('correct:', '[1     ]')
error:  0.00003062
('out:    ', '[0.995 ]')
('correct:', '[1     ]')
error:  0.00001361
('out:    ', '[0.994 ]')
('correct:', '[1     ]')
error:  0.00001720
('out:    ', '[0.956 ]')
('correct:', '[1     ]')
error:  0.00097893
('out:    ', '[0.995 ]')
('correct:', '[1     ]')
error:  0.00001340
('out:    ', '[0.994 ]')
('correct:', '[1     ]')
error:  0.00001656
('out:    ', '[0.99  ]')
('correct:', '[1     ]')
error:  0.00004608
('out:    ', '[0.992 ]')
('correct:', '[1     ]')
error:  0.00002895
('out:    ', '[0.996 ]')
('correct:', '[1     ]')
error:  0.00000640
('out:    ', '[0.994 ]')
('correct:', '[1     ]')
error:  0.00001921
('out:    ', '[0.92  ]')
('correct:', '[1     ]')
error:  0.00317476
('out:    ', '[0.997 ]')
('correct:', '[1     ]')
error:  0.00000425
('out:    ', '[0.995 ]')
('correct:', '[1     ]')
error:  0.00001294
('out:    ', '[0.997 ]')
('correct:', '[1     ]')
error:  0.00000506
('out:    ', '[0.998 ]')
('correct:', '[1     ]')
error:  0.00000243
('out:    ', '[0.982 ]')
('correct:', '[1     ]')
error:  0.00015623
('out:    ', '[0.995 ]')
('correct:', '[1     ]')
error:  0.00001264
('out:    ', '[0.979 ]')
('correct:', '[1     ]')
error:  0.00022534
('out:    ', '[0.996 ]')
('correct:', '[1     ]')
error:  0.00000616
('out:    ', '[0.995 ]')
('correct:', '[1     ]')
error:  0.00001111
('out:    ', '[0.963 ]')
('correct:', '[1     ]')
error:  0.00068156
('out:    ', '[0.992 ]')
('correct:', '[1     ]')
error:  0.00002980
('out:    ', '[0.996 ]')
('correct:', '[1     ]')
error:  0.00000627
('out:    ', '[0.995 ]')
('correct:', '[1     ]')
error:  0.00001195
('out:    ', '[0.997 ]')
('correct:', '[1     ]')
error:  0.00000334
('out:    ', '[0.994 ]')
('correct:', '[1     ]')
error:  0.00001535
('out:    ', '[0.993 ]')
('correct:', '[1     ]')
error:  0.00002445
('out:    ', '[0.997 ]')
('correct:', '[1     ]')
error:  0.00000540
('out:    ', '[0.992 ]')
('correct:', '[1     ]')
error:  0.00002905
('out:    ', '[0.984 ]')
('correct:', '[1     ]')
error:  0.00013030
('out:    ', '[0.993 ]')
('correct:', '[1     ]')
error:  0.00002465
('out:    ', '[0.984 ]')
('correct:', '[1     ]')
error:  0.00013370
('out:    ', '[0.993 ]')
('correct:', '[1     ]')
error:  0.00002603
('out:    ', '[0.995 ]')
('correct:', '[1     ]')
error:  0.00001039
('out:    ', '[0.985 ]')
('correct:', '[1     ]')
error:  0.00011850
('out:    ', '[0.972 ]')
('correct:', '[1     ]')
error:  0.00039619
('out:    ', '[0.997 ]')
('correct:', '[1     ]')
error:  0.00000363
('out:    ', '[0.986 ]')
('correct:', '[1     ]')
error:  0.00009543
('out:    ', '[0.901 ]')
('correct:', '[1     ]')
error:  0.00489714
('out:    ', '[0.995 ]')
('correct:', '[1     ]')
error:  0.00001028
('out:    ', '[0.996 ]')
('correct:', '[1     ]')
error:  0.00000963
('out:    ', '[0.837 ]')
('correct:', '[1     ]')
error:  0.01335888
('out:    ', '[0.997 ]')
('correct:', '[1     ]')
error:  0.00000553
('out:    ', '[0.961 ]')
('correct:', '[1     ]')
error:  0.00076288
('out:    ', '[0.99  ]')
('correct:', '[1     ]')
error:  0.00004994
('out:    ', '[0.649 ]')
('correct:', '[1     ]')
error:  0.06150979
('out:    ', '[0.996 ]')
('correct:', '[1     ]')
error:  0.00000622
('out:    ', '[0.997 ]')
('correct:', '[1     ]')
error:  0.00000466
('out:    ', '[0.994 ]')
('correct:', '[1     ]')
error:  0.00001589
('out:    ', '[0.997 ]')
('correct:', '[1     ]')
error:  0.00000545
('out:    ', '[0.995 ]')
('correct:', '[1     ]')
error:  0.00001259
('out:    ', '[0.995 ]')
('correct:', '[1     ]')
error:  0.00001065
('out:    ', '[0.997 ]')
('correct:', '[1     ]')
error:  0.00000596
('out:    ', '[0.991 ]')
('correct:', '[1     ]')
error:  0.00003665
('out:    ', '[0.997 ]')
('correct:', '[1     ]')
error:  0.00000606
('out:    ', '[0.99  ]')
('correct:', '[1     ]')
error:  0.00004902
('out:    ', '[0.996 ]')
('correct:', '[1     ]')
error:  0.00000812
('out:    ', '[0.975 ]')
('correct:', '[1     ]')
error:  0.00031732
('out:    ', '[0.988 ]')
('correct:', '[1     ]')
error:  0.00006913
('out:    ', '[0.976 ]')
('correct:', '[1     ]')
error:  0.00027619
('out:    ', '[0.993 ]')
('correct:', '[1     ]')
error:  0.00002643
('out:    ', '[0.995 ]')
('correct:', '[1     ]')
error:  0.00001486
('out:    ', '[0.995 ]')
('correct:', '[1     ]')
error:  0.00001411
('out:    ', '[0.997 ]')
('correct:', '[1     ]')
error:  0.00000376
('out:    ', '[0.992 ]')
('correct:', '[1     ]')
error:  0.00003441
('out:    ', '[0.984 ]')
('correct:', '[1     ]')
error:  0.00012161
('out:    ', '[0.991 ]')
('correct:', '[1     ]')
error:  0.00003730
('out:    ', '[0.995 ]')
('correct:', '[1     ]')
error:  0.00001040
('out:    ', '[0.991 ]')
('correct:', '[1     ]')
error:  0.00003998
('out:    ', '[0.385 ]')
('correct:', '[1     ]')
error:  0.18881040
('out:    ', '[0.997 ]')
('correct:', '[1     ]')
error:  0.00000612
('out:    ', '[0.995 ]')
('correct:', '[1     ]')
error:  0.00001042
('out:    ', '[0.994 ]')
('correct:', '[1     ]')
error:  0.00001614
('out:    ', '[0.99  ]')
('correct:', '[1     ]')
error:  0.00005457
('out:    ', '[0.996 ]')
('correct:', '[1     ]')
error:  0.00000631
('out:    ', '[0.982 ]')
('correct:', '[1     ]')
error:  0.00015611
('out:    ', '[0.986 ]')
('correct:', '[1     ]')
error:  0.00010313
('out:    ', '[0.994 ]')
('correct:', '[1     ]')
error:  0.00001815
('out:    ', '[0.996 ]')
('correct:', '[1     ]')
error:  0.00000891
('out:    ', '[0.996 ]')
('correct:', '[1     ]')
error:  0.00000720
('out:    ', '[0.995 ]')
('correct:', '[1     ]')
error:  0.00001491
('out:    ', '[0.995 ]')
('correct:', '[1     ]')
error:  0.00001224
('out:    ', '[0.994 ]')
('correct:', '[1     ]')
error:  0.00001955
('out:    ', '[0.995 ]')
('correct:', '[1     ]')
error:  0.00001060
('out:    ', '[0.985 ]')
('correct:', '[1     ]')
error:  0.00011060
('out:    ', '[0.978 ]')
('correct:', '[1     ]')
error:  0.00025253
('out:    ', '[0.996 ]')
('correct:', '[1     ]')
error:  0.00000769
('out:    ', '[0.995 ]')
('correct:', '[1     ]')
error:  0.00001475
('out:    ', '[0.995 ]')
('correct:', '[1     ]')
error:  0.00001130
('out:    ', '[0.995 ]')
('correct:', '[1     ]')
error:  0.00001197
('out:    ', '[0.995 ]')
('correct:', '[1     ]')
error:  0.00001023
('out:    ', '[0.997 ]')
('correct:', '[1     ]')
error:  0.00000540
('out:    ', '[0.955 ]')
('correct:', '[1     ]')
error:  0.00101685
('out:    ', '[0.993 ]')
('correct:', '[1     ]')
error:  0.00002197
('out:    ', '[0.991 ]')
('correct:', '[1     ]')
error:  0.00003951
('out:    ', '[0.996 ]')
('correct:', '[1     ]')
error:  0.00000647
('out:    ', '[0.996 ]')
('correct:', '[1     ]')
error:  0.00000628
('out:    ', '[0.97  ]')
('correct:', '[1     ]')
error:  0.00045345
('out:    ', '[0.98  ]')
('correct:', '[1     ]')
error:  0.00020198
('out:    ', '[0.996 ]')
('correct:', '[1     ]')
error:  0.00000797
('out:    ', '[0.952 ]')
('correct:', '[1     ]')
error:  0.00117163
('out:    ', '[0.991 ]')
('correct:', '[1     ]')
error:  0.00004454
('out:    ', '[0.997 ]')
('correct:', '[1     ]')
error:  0.00000529
('out:    ', '[0.994 ]')
('correct:', '[1     ]')
error:  0.00001872
('out:    ', '[0.977 ]')
('correct:', '[1     ]')
error:  0.00027409
('out:    ', '[0.988 ]')
('correct:', '[1     ]')
error:  0.00007410
('out:    ', '[0.996 ]')
('correct:', '[1     ]')
error:  0.00000825
('out:    ', '[0.992 ]')
('correct:', '[1     ]')
error:  0.00003454
('out:    ', '[0.992 ]')
('correct:', '[1     ]')
error:  0.00003554
('out:    ', '[0.995 ]')
('correct:', '[1     ]')
error:  0.00001026
('out:    ', '[0.997 ]')
('correct:', '[1     ]')
error:  0.00000488
('out:    ', '[0.995 ]')
('correct:', '[1     ]')
error:  0.00001048
('out:    ', '[0.996 ]')
('correct:', '[1     ]')
error:  0.00000849
('out:    ', '[0.995 ]')
('correct:', '[1     ]')
error:  0.00001084
('out:    ', '[0.927 ]')
('correct:', '[1     ]')
error:  0.00266562
('out:    ', '[0.995 ]')
('correct:', '[1     ]')
error:  0.00001498
('out:    ', '[0.995 ]')
('correct:', '[1     ]')
error:  0.00001403
('out:    ', '[0.903 ]')
('correct:', '[1     ]')
error:  0.00465804
('out:    ', '[0.994 ]')
('correct:', '[1     ]')
error:  0.00002004
('out:    ', '[0.996 ]')
('correct:', '[1     ]')
error:  0.00000775
('out:    ', '[0.996 ]')
('correct:', '[1     ]')
error:  0.00001010
('out:    ', '[0.898 ]')
('correct:', '[1     ]')
error:  0.00523923
('out:    ', '[0.994 ]')
('correct:', '[1     ]')
error:  0.00001677
('out:    ', '[0.953 ]')
('correct:', '[1     ]')
error:  0.00108740
('out:    ', '[0.995 ]')
('correct:', '[1     ]')
error:  0.00001502
('out:    ', '[0.992 ]')
('correct:', '[1     ]')
error:  0.00003392
('out:    ', '[0.979 ]')
('correct:', '[1     ]')
error:  0.00021203
('out:    ', '[0.831 ]')
('correct:', '[1     ]')
error:  0.01428796
('out:    ', '[0.997 ]')
('correct:', '[1     ]')
error:  0.00000520
('out:    ', '[0.933 ]')
('correct:', '[1     ]')
error:  0.00226575
('out:    ', '[0.982 ]')
('correct:', '[1     ]')
error:  0.00015346
('out:    ', '[0.996 ]')
('correct:', '[1     ]')
error:  0.00000939
('out:    ', '[0.995 ]')
('correct:', '[1     ]')
error:  0.00001372
('out:    ', '[0.987 ]')
('correct:', '[1     ]')
error:  0.00008218
('out:    ', '[0.993 ]')
('correct:', '[1     ]')
error:  0.00002447
('out:    ', '[0.993 ]')
('correct:', '[1     ]')
error:  0.00002634
('out:    ', '[0.875 ]')
('correct:', '[1     ]')
error:  0.00778623
('out:    ', '[0.99  ]')
('correct:', '[1     ]')
error:  0.00005466
('out:    ', '[0.993 ]')
('correct:', '[1     ]')
error:  0.00002469
('out:    ', '[0.986 ]')
('correct:', '[1     ]')
error:  0.00009620
('out:    ', '[0.996 ]')
('correct:', '[1     ]')
error:  0.00000824
('out:    ', '[0.994 ]')
('correct:', '[1     ]')
error:  0.00002047
('out:    ', '[0.986 ]')
('correct:', '[1     ]')
error:  0.00009781
('out:    ', '[0.994 ]')
('correct:', '[1     ]')
error:  0.00002030
('out:    ', '[0.989 ]')
('correct:', '[1     ]')
error:  0.00005718
('out:    ', '[0.995 ]')
('correct:', '[1     ]')
error:  0.00001042
('out:    ', '[0.996 ]')
('correct:', '[1     ]')
error:  0.00000927
('out:    ', '[0.993 ]')
('correct:', '[1     ]')
error:  0.00002677
('out:    ', '[0.99  ]')
('correct:', '[1     ]')
error:  0.00005451
('out:    ', '[0.997 ]')
('correct:', '[1     ]')
error:  0.00000335
('out:    ', '[0.981 ]')
('correct:', '[1     ]')
error:  0.00017839
('out:    ', '[0.997 ]')
('correct:', '[1     ]')
error:  0.00000524
('out:    ', '[0.987 ]')
('correct:', '[1     ]')
error:  0.00008262
('out:    ', '[0.996 ]')
('correct:', '[1     ]')
error:  0.00000928
('out:    ', '[0.992 ]')
('correct:', '[1     ]')
error:  0.00002973
('out:    ', '[0.995 ]')
('correct:', '[1     ]')
error:  0.00001389
('out:    ', '[0.873 ]')
('correct:', '[1     ]')
error:  0.00804413
('out:    ', '[0.967 ]')
('correct:', '[0     ]')
error:  0.46757849
('out:    ', '[0.984 ]')
('correct:', '[1     ]')
error:  0.00013523
('out:    ', '[0.988 ]')
('correct:', '[1     ]')
error:  0.00006866
('out:    ', '[0.993 ]')
('correct:', '[1     ]')
error:  0.00002259
('out:    ', '[0.905 ]')
('correct:', '[1     ]')
error:  0.00452756
('out:    ', '[0.994 ]')
('correct:', '[1     ]')
error:  0.00001772
('out:    ', '[0.992 ]')
('correct:', '[1     ]')
error:  0.00003390
('out:    ', '[0.983 ]')
('correct:', '[1     ]')
error:  0.00015057
('out:    ', '[0.994 ]')
('correct:', '[1     ]')
error:  0.00001630
('out:    ', '[0.993 ]')
('correct:', '[1     ]')
error:  0.00002334
('out:    ', '[0.979 ]')
('correct:', '[1     ]')
error:  0.00021307
('out:    ', '[0.973 ]')
('correct:', '[1     ]')
error:  0.00037227
('out:    ', '[0.979 ]')
('correct:', '[1     ]')
error:  0.00022149
('out:    ', '[0.997 ]')
('correct:', '[1     ]')
error:  0.00000539
('out:    ', '[0.997 ]')
('correct:', '[1     ]')
error:  0.00000524
('out:    ', '[0.989 ]')
('correct:', '[1     ]')
error:  0.00006158
('out:    ', '[0.914 ]')
('correct:', '[1     ]')
error:  0.00370887
('out:    ', '[0.992 ]')
('correct:', '[1     ]')
error:  0.00002820
('out:    ', '[0.994 ]')
('correct:', '[1     ]')
error:  0.00001568
('out:    ', '[0.989 ]')
('correct:', '[1     ]')
error:  0.00006305
('out:    ', '[0.991 ]')
('correct:', '[1     ]')
error:  0.00004263
('out:    ', '[0.997 ]')
('correct:', '[1     ]')
error:  0.00000551
('out:    ', '[0.988 ]')
('correct:', '[1     ]')
error:  0.00007221
('out:    ', '[0.993 ]')
('correct:', '[1     ]')
error:  0.00002146
('out:    ', '[0.994 ]')
('correct:', '[1     ]')
error:  0.00002086
('out:    ', '[0.984 ]')
('correct:', '[1     ]')
error:  0.00013540
('out:    ', '[0.984 ]')
('correct:', '[1     ]')
error:  0.00012894
('out:    ', '[0.994 ]')
('correct:', '[1     ]')
error:  0.00001854
('out:    ', '[0.994 ]')
('correct:', '[1     ]')
error:  0.00001916
('out:    ', '[0.995 ]')
('correct:', '[1     ]')
error:  0.00001048
('out:    ', '[0.996 ]')
('correct:', '[1     ]')
error:  0.00000944
('out:    ', '[0.997 ]')
('correct:', '[1     ]')
error:  0.00000493
('out:    ', '[0.996 ]')
('correct:', '[1     ]')
error:  0.00000695
('out:    ', '[0.997 ]')
('correct:', '[1     ]')
error:  0.00000462
('out:    ', '[0.974 ]')
('correct:', '[1     ]')
error:  0.00034313
('out:    ', '[0.997 ]')
('correct:', '[1     ]')
error:  0.00000552
('out:    ', '[0.996 ]')
('correct:', '[1     ]')
error:  0.00000620
('out:    ', '[0.97  ]')
('correct:', '[1     ]')
error:  0.00046393
('out:    ', '[0.987 ]')
('correct:', '[1     ]')
error:  0.00008687
('out:    ', '[0.985 ]')
('correct:', '[1     ]')
error:  0.00011544
('out:    ', '[0.951 ]')
('correct:', '[1     ]')
error:  0.00118234
('out:    ', '[0.989 ]')
('correct:', '[1     ]')
error:  0.00006536
('out:    ', '[0.988 ]')
('correct:', '[1     ]')
error:  0.00007042
('out:    ', '[0.996 ]')
('correct:', '[1     ]')
error:  0.00000919
('out:    ', '[0.981 ]')
('correct:', '[1     ]')
error:  0.00018996
('out:    ', '[0.632 ]')
('correct:', '[1     ]')
error:  0.06759510
('out:    ', '[0.962 ]')
('correct:', '[1     ]')
error:  0.00071521
('out:    ', '[0.992 ]')
('correct:', '[1     ]')
error:  0.00003012
('out:    ', '[0.993 ]')
('correct:', '[1     ]')
error:  0.00002623
('out:    ', '[0.994 ]')
('correct:', '[1     ]')
error:  0.00002098
('out:    ', '[0.996 ]')
('correct:', '[1     ]')
error:  0.00000691
('out:    ', '[0.994 ]')
('correct:', '[1     ]')
error:  0.00002056
('out:    ', '[0.991 ]')
('correct:', '[1     ]')
error:  0.00003845
('out:    ', '[0.995 ]')
('correct:', '[1     ]')
error:  0.00001197
('out:    ', '[0.997 ]')
('correct:', '[1     ]')
error:  0.00000525
('out:    ', '[0.996 ]')
('correct:', '[1     ]')
error:  0.00000937
('out:    ', '[0.995 ]')
('correct:', '[1     ]')
error:  0.00001277
('out:    ', '[0.996 ]')
('correct:', '[1     ]')
error:  0.00000641
('out:    ', '[0.995 ]')
('correct:', '[1     ]')
error:  0.00001025
('out:    ', '[0.997 ]')
('correct:', '[1     ]')
error:  0.00000341
('out:    ', '[0.976 ]')
('correct:', '[1     ]')
error:  0.00028192
('out:    ', '[0.986 ]')
('correct:', '[1     ]')
error:  0.00009180
('out:    ', '[0.988 ]')
('correct:', '[1     ]')
error:  0.00007066
('out:    ', '[0.987 ]')
('correct:', '[1     ]')
error:  0.00008587
('out:    ', '[0.929 ]')
('correct:', '[1     ]')
error:  0.00248996
('out:    ', '[0.994 ]')
('correct:', '[1     ]')
error:  0.00001902
('out:    ', '[0.995 ]')
('correct:', '[1     ]')
error:  0.00001252
('out:    ', '[0.991 ]')
('correct:', '[1     ]')
error:  0.00004156
('out:    ', '[0.997 ]')
('correct:', '[1     ]')
error:  0.00000457
('out:    ', '[0.985 ]')
('correct:', '[1     ]')
error:  0.00010548
('out:    ', '[0.627 ]')
('correct:', '[1     ]')
error:  0.06948650
('out:    ', '[0.955 ]')
('correct:', '[1     ]')
error:  0.00101821
('out:    ', '[0.993 ]')
('correct:', '[1     ]')
error:  0.00002675
('out:    ', '[0.869 ]')
('correct:', '[1     ]')
error:  0.00853663
('out:    ', '[0.986 ]')
('correct:', '[1     ]')
error:  0.00009667
('out:    ', '[0.988 ]')
('correct:', '[1     ]')
error:  0.00007277
('out:    ', '[0.987 ]')
('correct:', '[1     ]')
error:  0.00008621
('out:    ', '[0.996 ]')
('correct:', '[1     ]')
error:  0.00000665
('out:    ', '[0.995 ]')
('correct:', '[1     ]')
error:  0.00001284
('out:    ', '[0.961 ]')
('correct:', '[1     ]')
error:  0.00074227
('out:    ', '[0.997 ]')
('correct:', '[1     ]')
error:  0.00000411
('out:    ', '[0.993 ]')
('correct:', '[1     ]')
error:  0.00002265
('out:    ', '[0.887 ]')
('correct:', '[1     ]')
error:  0.00640318
('out:    ', '[0.993 ]')
('correct:', '[1     ]')
error:  0.00002217
('out:    ', '[0.992 ]')
('correct:', '[1     ]')
error:  0.00002886
('out:    ', '[0.993 ]')
('correct:', '[1     ]')
error:  0.00002719
('out:    ', '[0.99  ]')
('correct:', '[1     ]')
error:  0.00005265
('out:    ', '[0.996 ]')
('correct:', '[1     ]')
error:  0.00001000
('out:    ', '[0.95  ]')
('correct:', '[1     ]')
error:  0.00124405
('out:    ', '[0.994 ]')
('correct:', '[1     ]')
error:  0.00001827
('out:    ', '[0.995 ]')
('correct:', '[1     ]')
error:  0.00001448
('out:    ', '[0.987 ]')
('correct:', '[1     ]')
error:  0.00008618
('out:    ', '[0.927 ]')
('correct:', '[1     ]')
error:  0.00267496
('out:    ', '[0.996 ]')
('correct:', '[1     ]')
error:  0.00000754
('out:    ', '[0.991 ]')
('correct:', '[1     ]')
error:  0.00004469
('out:    ', '[0.635 ]')
('correct:', '[1     ]')
error:  0.06648392
('out:    ', '[0.992 ]')
('correct:', '[1     ]')
error:  0.00003026
('out:    ', '[0.904 ]')
('correct:', '[1     ]')
error:  0.00463655
('out:    ', '[0.993 ]')
('correct:', '[1     ]')
error:  0.00002412
('out:    ', '[0.99  ]')
('correct:', '[1     ]')
error:  0.00005117
('out:    ', '[0.977 ]')
('correct:', '[1     ]')
error:  0.00027045
('out:    ', '[0.995 ]')
('correct:', '[1     ]')
error:  0.00001123
('out:    ', '[0.995 ]')
('correct:', '[1     ]')
error:  0.00001470
('out:    ', '[0.997 ]')
('correct:', '[1     ]')
error:  0.00000494
('out:    ', '[0.96  ]')
('correct:', '[1     ]')
error:  0.00080631
('out:    ', '[0.994 ]')
('correct:', '[1     ]')
error:  0.00001767
('out:    ', '[0.994 ]')
('correct:', '[1     ]')
error:  0.00001850
('out:    ', '[0.996 ]')
('correct:', '[1     ]')
error:  0.00000712
('out:    ', '[0.996 ]')
('correct:', '[1     ]')
error:  0.00000673
('out:    ', '[0.975 ]')
('correct:', '[1     ]')
error:  0.00032381
('out:    ', '[0.993 ]')
('correct:', '[1     ]')
error:  0.00002312
('out:    ', '[0.996 ]')
('correct:', '[1     ]')
error:  0.00000829
('out:    ', '[0.996 ]')
('correct:', '[1     ]')
error:  0.00001005
('out:    ', '[0.994 ]')
('correct:', '[1     ]')
error:  0.00001555
('out:    ', '[0.989 ]')
('correct:', '[1     ]')
error:  0.00005955
('out:    ', '[0.994 ]')
('correct:', '[1     ]')
error:  0.00001785
('out:    ', '[0.993 ]')
('correct:', '[1     ]')
error:  0.00002500
('out:    ', '[0.996 ]')
('correct:', '[1     ]')
error:  0.00000764
('out:    ', '[0.997 ]')
('correct:', '[1     ]')
error:  0.00000534
('out:    ', '[0.995 ]')
('correct:', '[1     ]')
error:  0.00001074
('out:    ', '[0.995 ]')
('correct:', '[1     ]')
error:  0.00001358
('out:    ', '[0.996 ]')
('correct:', '[1     ]')
error:  0.00000962
('out:    ', '[0.721 ]')
('correct:', '[1     ]')
error:  0.03889982
('out:    ', '[0.982 ]')
('correct:', '[1     ]')
error:  0.00016643
('out:    ', '[0.997 ]')
('correct:', '[1     ]')
error:  0.00000488
('out:    ', '[0.993 ]')
('correct:', '[1     ]')
error:  0.00002153
('out:    ', '[0.988 ]')
('correct:', '[1     ]')
error:  0.00006794
('out:    ', '[0.996 ]')
('correct:', '[1     ]')
error:  0.00000989
('out:    ', '[0.99  ]')
('correct:', '[1     ]')
error:  0.00005134
('out:    ', '[0.993 ]')
('correct:', '[1     ]')
error:  0.00002180
('out:    ', '[0.984 ]')
('correct:', '[1     ]')
error:  0.00013227
('out:    ', '[0.982 ]')
('correct:', '[1     ]')
error:  0.00015692
('out:    ', '[0.966 ]')
('correct:', '[1     ]')
error:  0.00057661
('out:    ', '[0.466 ]')
('correct:', '[1     ]')
error:  0.14280563
('out:    ', '[0.979 ]')
('correct:', '[1     ]')
error:  0.00021744
('out:    ', '[0.994 ]')
('correct:', '[1     ]')
error:  0.00001889
('out:    ', '[0.995 ]')
('correct:', '[1     ]')
error:  0.00001026
('out:    ', '[0.995 ]')
('correct:', '[1     ]')
error:  0.00001050
('out:    ', '[0.997 ]')
('correct:', '[1     ]')
error:  0.00000575
('out:    ', '[0.997 ]')
('correct:', '[1     ]')
error:  0.00000446
('out:    ', '[0.987 ]')
('correct:', '[1     ]')
error:  0.00009052
('out:    ', '[0.996 ]')
('correct:', '[1     ]')
error:  0.00000996
('out:    ', '[0.994 ]')
('correct:', '[1     ]')
error:  0.00001662
('out:    ', '[0.996 ]')
('correct:', '[1     ]')
error:  0.00000863
('out:    ', '[0.997 ]')
('correct:', '[1     ]')
error:  0.00000525
('out:    ', '[0.996 ]')
('correct:', '[1     ]')
error:  0.00000735
('out:    ', '[0.992 ]')
('correct:', '[1     ]')
error:  0.00003509
('out:    ', '[0.901 ]')
('correct:', '[1     ]')
error:  0.00488805
('out:    ', '[0.994 ]')
('correct:', '[1     ]')
error:  0.00001670
('out:    ', '[0.992 ]')
('correct:', '[1     ]')
error:  0.00002999
('out:    ', '[0.992 ]')
('correct:', '[1     ]')
error:  0.00003416
('out:    ', '[0.988 ]')
('correct:', '[1     ]')
error:  0.00007355
('out:    ', '[0.994 ]')
('correct:', '[1     ]')
error:  0.00001880
('out:    ', '[0.996 ]')
('correct:', '[1     ]')
error:  0.00000727
('out:    ', '[0.996 ]')
('correct:', '[1     ]')
error:  0.00000953
('out:    ', '[0.997 ]')
('correct:', '[1     ]')
error:  0.00000335
('out:    ', '[0.963 ]')
('correct:', '[1     ]')
error:  0.00068292
('out:    ', '[0.995 ]')
('correct:', '[1     ]')
error:  0.00001224
('out:    ', '[0.994 ]')
('correct:', '[1     ]')
error:  0.00001600
('out:    ', '[0.989 ]')
('correct:', '[1     ]')
error:  0.00005573
('out:    ', '[0.99  ]')
('correct:', '[1     ]')
error:  0.00004597
('out:    ', '[0.991 ]')
('correct:', '[1     ]')
error:  0.00003904
('out:    ', '[0.995 ]')
('correct:', '[1     ]')
error:  0.00001018
('out:    ', '[0.997 ]')
('correct:', '[1     ]')
error:  0.00000583
('out:    ', '[0.988 ]')
('correct:', '[1     ]')
error:  0.00007708
('out:    ', '[0.986 ]')
('correct:', '[1     ]')
error:  0.00009559
('out:    ', '[0.99  ]')
('correct:', '[1     ]')
error:  0.00005182
('out:    ', '[0.996 ]')
('correct:', '[1     ]')
error:  0.00000643
('out:    ', '[0.996 ]')
('correct:', '[1     ]')
error:  0.00000947
('out:    ', '[0.994 ]')
('correct:', '[1     ]')
error:  0.00001687
('out:    ', '[0.988 ]')
('correct:', '[1     ]')
error:  0.00007331
('out:    ', '[0.991 ]')
('correct:', '[1     ]')
error:  0.00003631
('out:    ', '[0.992 ]')
('correct:', '[1     ]')
error:  0.00003278
('out:    ', '[0.996 ]')
('correct:', '[1     ]')
error:  0.00000825
('out:    ', '[0.546 ]')
('correct:', '[1     ]')
error:  0.10315189
('out:    ', '[0.995 ]')
('correct:', '[1     ]')
error:  0.00001023
('out:    ', '[0.987 ]')
('correct:', '[1     ]')
error:  0.00008685
('out:    ', '[0.995 ]')
('correct:', '[1     ]')
error:  0.00001134
('out:    ', '[0.997 ]')
('correct:', '[1     ]')
error:  0.00000543
('out:    ', '[0.994 ]')
('correct:', '[1     ]')
error:  0.00001706
('out:    ', '[0.947 ]')
('correct:', '[1     ]')
error:  0.00139273
('out:    ', '[0.959 ]')
('correct:', '[1     ]')
error:  0.00084359
('out:    ', '[0.996 ]')
('correct:', '[1     ]')
error:  0.00000648
('out:    ', '[0.995 ]')
('correct:', '[1     ]')
error:  0.00001346
('out:    ', '[0.988 ]')
('correct:', '[1     ]')
error:  0.00007421
('out:    ', '[0.995 ]')
('correct:', '[1     ]')
error:  0.00001179
('out:    ', '[0.983 ]')
('correct:', '[1     ]')
error:  0.00014463
('out:    ', '[0.997 ]')
('correct:', '[1     ]')
error:  0.00000337
('out:    ', '[0.995 ]')
('correct:', '[1     ]')
error:  0.00001028
('out:    ', '[0.995 ]')
('correct:', '[1     ]')
error:  0.00001407
('out:    ', '[0.994 ]')
('correct:', '[1     ]')
error:  0.00001898
('out:    ', '[0.97  ]')
('correct:', '[1     ]')
error:  0.00043571
('out:    ', '[0.987 ]')
('correct:', '[1     ]')
error:  0.00007983
('out:    ', '[0.997 ]')
('correct:', '[1     ]')
error:  0.00000334
('out:    ', '[0.987 ]')
('correct:', '[1     ]')
error:  0.00008344
('out:    ', '[0.997 ]')
('correct:', '[1     ]')
error:  0.00000535
('out:    ', '[0.995 ]')
('correct:', '[1     ]')
error:  0.00001505
('out:    ', '[0.994 ]')
('correct:', '[1     ]')
error:  0.00001660
('out:    ', '[0.989 ]')
('correct:', '[1     ]')
error:  0.00006543
('out:    ', '[0.993 ]')
('correct:', '[1     ]')
error:  0.00002133
('out:    ', '[0.994 ]')
('correct:', '[1     ]')
error:  0.00001513
('out:    ', '[0.992 ]')
('correct:', '[1     ]')
error:  0.00003329
('out:    ', '[0.993 ]')
('correct:', '[1     ]')
error:  0.00002771
('out:    ', '[0.991 ]')
('correct:', '[1     ]')
error:  0.00003637
('out:    ', '[0.981 ]')
('correct:', '[1     ]')
error:  0.00018464
('out:    ', '[0.994 ]')
('correct:', '[1     ]')
error:  0.00001877
('out:    ', '[0.994 ]')
('correct:', '[1     ]')
error:  0.00002052
('out:    ', '[0.996 ]')
('correct:', '[1     ]')
error:  0.00000826
('out:    ', '[0.994 ]')
('correct:', '[1     ]')
error:  0.00001927
('out:    ', '[0.995 ]')
('correct:', '[1     ]')
error:  0.00001058
('out:    ', '[0.995 ]')
('correct:', '[1     ]')
error:  0.00001036
('out:    ', '[0.997 ]')
('correct:', '[1     ]')
error:  0.00000570
('out:    ', '[0.996 ]')
('correct:', '[1     ]')
error:  0.00000749
('out:    ', '[0.993 ]')
('correct:', '[1     ]')
error:  0.00002575
('out:    ', '[0.996 ]')
('correct:', '[1     ]')
error:  0.00000915
('out:    ', '[0.973 ]')
('correct:', '[1     ]')
error:  0.00037225
('out:    ', '[0.997 ]')
('correct:', '[1     ]')
error:  0.00000529
('out:    ', '[0.996 ]')
('correct:', '[1     ]')
error:  0.00001004
('out:    ', '[0.988 ]')
('correct:', '[1     ]')
error:  0.00007394
('out:    ', '[0.943 ]')
('correct:', '[1     ]')
error:  0.00160399
('out:    ', '[0.995 ]')
('correct:', '[1     ]')
error:  0.00001221
('out:    ', '[0.996 ]')
('correct:', '[1     ]')
error:  0.00000812
('out:    ', '[0.995 ]')
('correct:', '[1     ]')
error:  0.00001292
('out:    ', '[0.996 ]')
('correct:', '[1     ]')
error:  0.00000850
('out:    ', '[0.997 ]')
('correct:', '[1     ]')
error:  0.00000514
('out:    ', '[0.995 ]')
('correct:', '[1     ]')
error:  0.00001121
('out:    ', '[0.876 ]')
('correct:', '[1     ]')
error:  0.00774727
('out:    ', '[0.965 ]')
('correct:', '[1     ]')
error:  0.00061127
('out:    ', '[0.996 ]')
('correct:', '[1     ]')
error:  0.00000665
('out:    ', '[0.987 ]')
('correct:', '[1     ]')
error:  0.00008409
('out:    ', '[0.997 ]')
('correct:', '[1     ]')
error:  0.00000453
('out:    ', '[0.995 ]')
('correct:', '[1     ]')
error:  0.00001241
('out:    ', '[0.995 ]')
('correct:', '[1     ]')
error:  0.00001283
('out:    ', '[0.996 ]')
('correct:', '[1     ]')
error:  0.00000988
('out:    ', '[0.994 ]')
('correct:', '[1     ]')
error:  0.00001901
('out:    ', '[0.987 ]')
('correct:', '[1     ]')
error:  0.00008383
('out:    ', '[0.997 ]')
('correct:', '[1     ]')
error:  0.00000340
('out:    ', '[0.938 ]')
('correct:', '[1     ]')
error:  0.00192008
('out:    ', '[0.991 ]')
('correct:', '[1     ]')
error:  0.00003716
('out:    ', '[0.996 ]')
('correct:', '[1     ]')
error:  0.00000778
('out:    ', '[0.987 ]')
('correct:', '[1     ]')
error:  0.00007921
('out:    ', '[0.988 ]')
('correct:', '[1     ]')
error:  0.00007180
('out:    ', '[0.995 ]')
('correct:', '[1     ]')
error:  0.00001454
('out:    ', '[0.996 ]')
('correct:', '[1     ]')
error:  0.00000701
('out:    ', '[0.99  ]')
('correct:', '[1     ]')
error:  0.00004746
('out:    ', '[0.43  ]')
('correct:', '[1     ]')
error:  0.16235078
('out:    ', '[0.997 ]')
('correct:', '[1     ]')
error:  0.00000579
('out:    ', '[0.994 ]')
('correct:', '[1     ]')
error:  0.00001677
('out:    ', '[0.995 ]')
('correct:', '[1     ]')
error:  0.00001086
('out:    ', '[0.989 ]')
('correct:', '[1     ]')
error:  0.00005516
('out:    ', '[0.95  ]')
('correct:', '[1     ]')
error:  0.00124707
('out:    ', '[0.995 ]')
('correct:', '[1     ]')
error:  0.00001035
('out:    ', '[0.994 ]')
('correct:', '[1     ]')
error:  0.00002055
('out:    ', '[0.993 ]')
('correct:', '[1     ]')
error:  0.00002427
('out:    ', '[0.993 ]')
('correct:', '[1     ]')
error:  0.00002688
('out:    ', '[0.993 ]')
('correct:', '[1     ]')
error:  0.00002638
('out:    ', '[0.995 ]')
('correct:', '[1     ]')
error:  0.00001094
('out:    ', '[0.987 ]')
('correct:', '[1     ]')
error:  0.00009010
('out:    ', '[0.799 ]')
('correct:', '[1     ]')
error:  0.02020439
('out:    ', '[0.995 ]')
('correct:', '[1     ]')
error:  0.00001447
('out:    ', '[0.997 ]')
('correct:', '[1     ]')
error:  0.00000397
('out:    ', '[0.982 ]')
('correct:', '[1     ]')
error:  0.00017051
('out:    ', '[0.997 ]')
('correct:', '[1     ]')
error:  0.00000595
('out:    ', '[0.994 ]')
('correct:', '[1     ]')
error:  0.00001518
('out:    ', '[0.992 ]')
('correct:', '[1     ]')
error:  0.00003046
('out:    ', '[0.995 ]')
('correct:', '[1     ]')
error:  0.00001223
('out:    ', '[0.992 ]')
('correct:', '[1     ]')
error:  0.00003596
('out:    ', '[0.952 ]')
('correct:', '[1     ]')
error:  0.00113513
('out:    ', '[0.954 ]')
('correct:', '[1     ]')
error:  0.00103635
('out:    ', '[0.994 ]')
('correct:', '[1     ]')
error:  0.00001516
('out:    ', '[0.997 ]')
('correct:', '[1     ]')
error:  0.00000468
('out:    ', '[0.995 ]')
('correct:', '[1     ]')
error:  0.00001176
('out:    ', '[0.997 ]')
('correct:', '[1     ]')
error:  0.00000583
('out:    ', '[0.993 ]')
('correct:', '[1     ]')
error:  0.00002788
('out:    ', '[0.963 ]')
('correct:', '[1     ]')
error:  0.00067565
('out:    ', '[0.987 ]')
('correct:', '[1     ]')
error:  0.00008094
('out:    ', '[0.993 ]')
('correct:', '[1     ]')
error:  0.00002635
('out:    ', '[0.982 ]')
('correct:', '[1     ]')
error:  0.00016453
('out:    ', '[0.997 ]')
('correct:', '[1     ]')
error:  0.00000519
('out:    ', '[0.995 ]')
('correct:', '[1     ]')
error:  0.00001065
('out:    ', '[0.993 ]')
('correct:', '[1     ]')
error:  0.00002520
('out:    ', '[0.996 ]')
('correct:', '[1     ]')
error:  0.00000724
('out:    ', '[0.995 ]')
('correct:', '[1     ]')
error:  0.00001387
('out:    ', '[0.992 ]')
('correct:', '[1     ]')
error:  0.00003372
('out:    ', '[0.997 ]')
('correct:', '[1     ]')
error:  0.00000520
('out:    ', '[0.986 ]')
('correct:', '[1     ]')
error:  0.00010228
('out:    ', '[0.821 ]')
('correct:', '[1     ]')
error:  0.01602038
('out:    ', '[0.993 ]')
('correct:', '[1     ]')
error:  0.00002755
('out:    ', '[0.853 ]')
('correct:', '[1     ]')
error:  0.01084025
('out:    ', '[0.995 ]')
('correct:', '[1     ]')
error:  0.00001474
('out:    ', '[0.983 ]')
('correct:', '[1     ]')
error:  0.00015083
('out:    ', '[0.993 ]')
('correct:', '[1     ]')
error:  0.00002307
('out:    ', '[0.996 ]')
('correct:', '[1     ]')
error:  0.00000932
('out:    ', '[0.987 ]')
('correct:', '[1     ]')
error:  0.00009023
('out:    ', '[0.995 ]')
('correct:', '[1     ]')
error:  0.00001039
('out:    ', '[0.997 ]')
('correct:', '[1     ]')
error:  0.00000587
('out:    ', '[0.989 ]')
('correct:', '[1     ]')
error:  0.00005812
('out:    ', '[0.992 ]')
('correct:', '[1     ]')
error:  0.00003073
('out:    ', '[0.995 ]')
('correct:', '[1     ]')
error:  0.00001472
('out:    ', '[0.995 ]')
('correct:', '[1     ]')
error:  0.00001034
('out:    ', '[0.994 ]')
('correct:', '[1     ]')
error:  0.00002063
('out:    ', '[0.982 ]')
('correct:', '[1     ]')
error:  0.00016542
('out:    ', '[0.984 ]')
('correct:', '[1     ]')
error:  0.00012526
('out:    ', '[0.996 ]')
('correct:', '[1     ]')
error:  0.00000631
('out:    ', '[0.96  ]')
('correct:', '[1     ]')
error:  0.00078582
('out:    ', '[0.372 ]')
('correct:', '[0     ]')
error:  0.06929535
('out:    ', '[0.995 ]')
('correct:', '[1     ]')
error:  0.00001028
('out:    ', '[0.996 ]')
('correct:', '[1     ]')
error:  0.00000618
('out:    ', '[0.996 ]')
('correct:', '[1     ]')
error:  0.00000827
('out:    ', '[0.995 ]')
('correct:', '[1     ]')
error:  0.00001035
('out:    ', '[0.933 ]')
('correct:', '[1     ]')
error:  0.00226052
('out:    ', '[0.765 ]')
('correct:', '[1     ]')
error:  0.02753288
('out:    ', '[0.997 ]')
('correct:', '[1     ]')
error:  0.00000501
('out:    ', '[0.963 ]')
('correct:', '[1     ]')
error:  0.00067292
('out:    ', '[0.995 ]')
('correct:', '[1     ]')
error:  0.00001310
('out:    ', '[0.996 ]')
('correct:', '[1     ]')
error:  0.00000987
('out:    ', '[0.993 ]')
('correct:', '[1     ]')
error:  0.00002215
('out:    ', '[0.69  ]')
('correct:', '[1     ]')
error:  0.04818046
('out:    ', '[0.994 ]')
('correct:', '[1     ]')
error:  0.00002004
('out:    ', '[0.981 ]')
('correct:', '[1     ]')
error:  0.00018109
('out:    ', '[0.994 ]')
('correct:', '[1     ]')
error:  0.00001704
('out:    ', '[0.983 ]')
('correct:', '[1     ]')
error:  0.00013818
('out:    ', '[0.994 ]')
('correct:', '[1     ]')
error:  0.00002051
('out:    ', '[0.977 ]')
('correct:', '[1     ]')
error:  0.00026583
('out:    ', '[0.731 ]')
('correct:', '[1     ]')
error:  0.03618575
('out:    ', '[0.995 ]')
('correct:', '[1     ]')
error:  0.00001052
('out:    ', '[0.946 ]')
('correct:', '[1     ]')
error:  0.00148125
('out:    ', '[0.994 ]')
('correct:', '[1     ]')
error:  0.00001972
('out:    ', '[0.971 ]')
('correct:', '[1     ]')
error:  0.00043160
('out:    ', '[0.995 ]')
('correct:', '[1     ]')
error:  0.00001320
('out:    ', '[0.639 ]')
('correct:', '[1     ]')
error:  0.06505892
('out:    ', '[0.997 ]')
('correct:', '[1     ]')
error:  0.00000546
('out:    ', '[0.993 ]')
('correct:', '[1     ]')
error:  0.00002611
('out:    ', '[0.989 ]')
('correct:', '[1     ]')
error:  0.00005844
('out:    ', '[0.988 ]')
('correct:', '[1     ]')
error:  0.00006968
('out:    ', '[0.996 ]')
('correct:', '[1     ]')
error:  0.00000955
('out:    ', '[0.926 ]')
('correct:', '[1     ]')
error:  0.00277151
('out:    ', '[0.996 ]')
('correct:', '[1     ]')
error:  0.00000671
('out:    ', '[0.995 ]')
('correct:', '[1     ]')
error:  0.00001097
('out:    ', '[0.986 ]')
('correct:', '[1     ]')
error:  0.00009657
('out:    ', '[0.99  ]')
('correct:', '[1     ]')
error:  0.00004738
('out:    ', '[0.997 ]')
('correct:', '[1     ]')
error:  0.00000382
('out:    ', '[0.995 ]')
('correct:', '[1     ]')
error:  0.00001209
('out:    ', '[0.996 ]')
('correct:', '[1     ]')
error:  0.00000623
('out:    ', '[0.99  ]')
('correct:', '[1     ]')
error:  0.00005220
('out:    ', '[0.996 ]')
('correct:', '[1     ]')
error:  0.00000858
('out:    ', '[0.984 ]')
('correct:', '[1     ]')
error:  0.00012436
('out:    ', '[0.958 ]')
('correct:', '[1     ]')
error:  0.00088795
('out:    ', '[0.986 ]')
('correct:', '[1     ]')
error:  0.00009178
('out:    ', '[0.922 ]')
('correct:', '[1     ]')
error:  0.00304882
('out:    ', '[0.996 ]')
('correct:', '[1     ]')
error:  0.00000911
('out:    ', '[0.994 ]')
('correct:', '[1     ]')
error:  0.00001551
('out:    ', '[0.933 ]')
('correct:', '[1     ]')
error:  0.00226280
('out:    ', '[0.996 ]')
('correct:', '[1     ]')
error:  0.00000715
('out:    ', '[0.988 ]')
('correct:', '[1     ]')
error:  0.00006647
('out:    ', '[0.991 ]')
('correct:', '[1     ]')
error:  0.00003816
('out:    ', '[0.997 ]')
('correct:', '[1     ]')
error:  0.00000464
('out:    ', '[0.994 ]')
('correct:', '[1     ]')
error:  0.00001926
('out:    ', '[0.995 ]')
('correct:', '[1     ]')
error:  0.00001051
('out:    ', '[0.729 ]')
('correct:', '[1     ]')
error:  0.03667138
('out:    ', '[0.99  ]')
('correct:', '[1     ]')
error:  0.00004789
('out:    ', '[0.996 ]')
('correct:', '[1     ]')
error:  0.00000929
('out:    ', '[0.994 ]')
('correct:', '[1     ]')
error:  0.00002066
('out:    ', '[0.995 ]')
('correct:', '[1     ]')
error:  0.00001405
('out:    ', '[0.917 ]')
('correct:', '[1     ]')
error:  0.00348393
('out:    ', '[0.994 ]')
('correct:', '[1     ]')
error:  0.00001605
('out:    ', '[0.995 ]')
('correct:', '[1     ]')
error:  0.00001421
('out:    ', '[0.969 ]')
('correct:', '[1     ]')
error:  0.00048311
('out:    ', '[0.995 ]')
('correct:', '[1     ]')
error:  0.00001038
('out:    ', '[0.96  ]')
('correct:', '[1     ]')
error:  0.00079299
('out:    ', '[0.997 ]')
('correct:', '[1     ]')
error:  0.00000355
('out:    ', '[0.993 ]')
('correct:', '[1     ]')
error:  0.00002188
('out:    ', '[0.995 ]')
('correct:', '[1     ]')
error:  0.00001401
('out:    ', '[0.993 ]')
('correct:', '[1     ]')
error:  0.00002547
('out:    ', '[0.653 ]')
('correct:', '[1     ]')
error:  0.06023369
('out:    ', '[0.997 ]')
('correct:', '[1     ]')
error:  0.00000559
('out:    ', '[0.996 ]')
('correct:', '[1     ]')
error:  0.00000771
('out:    ', '[0.997 ]')
('correct:', '[1     ]')
error:  0.00000365
('out:    ', '[0.997 ]')
('correct:', '[1     ]')
error:  0.00000463
('out:    ', '[0.997 ]')
('correct:', '[1     ]')
error:  0.00000488
('out:    ', '[0.992 ]')
('correct:', '[1     ]')
error:  0.00002850
('out:    ', '[0.995 ]')
('correct:', '[1     ]')
error:  0.00001353
('out:    ', '[0.95  ]')
('correct:', '[1     ]')
error:  0.00126774
('out:    ', '[0.994 ]')
('correct:', '[1     ]')
error:  0.00002068
('out:    ', '[0.99  ]')
('correct:', '[1     ]')
error:  0.00004558
('out:    ', '[0.994 ]')
('correct:', '[1     ]')
error:  0.00002107
('out:    ', '[0.995 ]')
('correct:', '[1     ]')
error:  0.00001101
('out:    ', '[0.992 ]')
('correct:', '[1     ]')
error:  0.00003119
('out:    ', '[0.974 ]')
('correct:', '[1     ]')
error:  0.00032918
('out:    ', '[0.756 ]')
('correct:', '[1     ]')
error:  0.02985811
('out:    ', '[0.988 ]')
('correct:', '[1     ]')
error:  0.00007345
('out:    ', '[0.994 ]')
('correct:', '[1     ]')
error:  0.00001525
('out:    ', '[0.987 ]')
('correct:', '[1     ]')
error:  0.00007995
('out:    ', '[0.988 ]')
('correct:', '[1     ]')
error:  0.00006663
('out:    ', '[0.99  ]')
('correct:', '[1     ]')
error:  0.00004686
('out:    ', '[0.995 ]')
('correct:', '[1     ]')
error:  0.00001138
('out:    ', '[0.992 ]')
('correct:', '[1     ]')
error:  0.00002951
('out:    ', '[0.992 ]')
('correct:', '[1     ]')
error:  0.00003566
('out:    ', '[0.997 ]')
('correct:', '[1     ]')
error:  0.00000525
('out:    ', '[0.995 ]')
('correct:', '[1     ]')
error:  0.00001041
('out:    ', '[0.996 ]')
('correct:', '[1     ]')
error:  0.00000819
('out:    ', '[0.996 ]')
('correct:', '[1     ]')
error:  0.00000653
('out:    ', '[0.983 ]')
('correct:', '[1     ]')
error:  0.00014019
('out:    ', '[0.995 ]')
('correct:', '[1     ]')
error:  0.00001043
('out:    ', '[0.389 ]')
('correct:', '[1     ]')
error:  0.18660680
('out:    ', '[0.995 ]')
('correct:', '[1     ]')
error:  0.00001066
('out:    ', '[0.989 ]')
('correct:', '[1     ]')
error:  0.00005592
('out:    ', '[0.997 ]')
('correct:', '[1     ]')
error:  0.00000610
('out:    ', '[0.995 ]')
('correct:', '[1     ]')
error:  0.00001403
('out:    ', '[0.997 ]')
('correct:', '[1     ]')
error:  0.00000378
('out:    ', '[0.996 ]')
('correct:', '[1     ]')
error:  0.00000769
('out:    ', '[0.994 ]')
('correct:', '[1     ]')
error:  0.00001967
('out:    ', '[0.993 ]')
('correct:', '[1     ]')
error:  0.00002216
('out:    ', '[0.93  ]')
('correct:', '[1     ]')
error:  0.00243098
('out:    ', '[0.993 ]')
('correct:', '[1     ]')
error:  0.00002156
('out:    ', '[0.995 ]')
('correct:', '[1     ]')
error:  0.00001154
('out:    ', '[0.995 ]')
('correct:', '[1     ]')
error:  0.00001184
('out:    ', '[0.996 ]')
('correct:', '[1     ]')
error:  0.00000623
('out:    ', '[0.995 ]')
('correct:', '[1     ]')
error:  0.00001331
('out:    ', '[0.977 ]')
('correct:', '[1     ]')
error:  0.00026151
('out:    ', '[0.992 ]')
('correct:', '[1     ]')
error:  0.00003383
('out:    ', '[0.801 ]')
('correct:', '[1     ]')
error:  0.01980535
('out:    ', '[0.843 ]')
('correct:', '[1     ]')
error:  0.01230033
('out:    ', '[0.996 ]')
('correct:', '[1     ]')
error:  0.00000729
('out:    ', '[0.996 ]')
('correct:', '[1     ]')
error:  0.00000632
('out:    ', '[0.99  ]')
('correct:', '[1     ]')
error:  0.00005169
('out:    ', '[0.997 ]')
('correct:', '[1     ]')
error:  0.00000368
('out:    ', '[0.994 ]')
('correct:', '[1     ]')
error:  0.00001784
('out:    ', '[0.988 ]')
('correct:', '[1     ]')
error:  0.00007392
('out:    ', '[0.95  ]')
('correct:', '[1     ]')
error:  0.00125214
('out:    ', '[0.993 ]')
('correct:', '[1     ]')
error:  0.00002618
('out:    ', '[0.995 ]')
('correct:', '[1     ]')
error:  0.00001099
('out:    ', '[0.996 ]')
('correct:', '[1     ]')
error:  0.00000637
('out:    ', '[0.979 ]')
('correct:', '[1     ]')
error:  0.00023085
('out:    ', '[0.996 ]')
('correct:', '[1     ]')
error:  0.00000754
('out:    ', '[0.996 ]')
('correct:', '[1     ]')
error:  0.00000713
('out:    ', '[0.853 ]')
('correct:', '[1     ]')
error:  0.01087256
('out:    ', '[0.996 ]')
('correct:', '[1     ]')
error:  0.00000827
('out:    ', '[0.996 ]')
('correct:', '[1     ]')
error:  0.00000754
('out:    ', '[0.993 ]')
('correct:', '[1     ]')
error:  0.00002195
('out:    ', '[0.995 ]')
('correct:', '[1     ]')
error:  0.00001035
('out:    ', '[0.996 ]')
('correct:', '[1     ]')
error:  0.00001002
('out:    ', '[0.762 ]')
('correct:', '[1     ]')
error:  0.02834703
('out:    ', '[0.825 ]')
('correct:', '[1     ]')
error:  0.01530136
('out:    ', '[0.986 ]')
('correct:', '[1     ]')
error:  0.00009321
('out:    ', '[0.991 ]')
('correct:', '[1     ]')
error:  0.00004285
('out:    ', '[0.985 ]')
('correct:', '[1     ]')
error:  0.00011220
('out:    ', '[0.987 ]')
('correct:', '[1     ]')
error:  0.00008294
('out:    ', '[0.996 ]')
('correct:', '[1     ]')
error:  0.00000742
('out:    ', '[0.994 ]')
('correct:', '[1     ]')
error:  0.00001997
('out:    ', '[0.932 ]')
('correct:', '[1     ]')
error:  0.00233017
('out:    ', '[0.997 ]')
('correct:', '[1     ]')
error:  0.00000514
('out:    ', '[0.972 ]')
('correct:', '[1     ]')
error:  0.00039373
('out:    ', '[0.998 ]')
('correct:', '[1     ]')
error:  0.00000289
('out:    ', '[0.994 ]')
('correct:', '[1     ]')
error:  0.00001832
('out:    ', '[0.996 ]')
('correct:', '[1     ]')
error:  0.00000744
('out:    ', '[0.936 ]')
('correct:', '[1     ]')
error:  0.00202384
('out:    ', '[0.99  ]')
('correct:', '[1     ]')
error:  0.00004814
('out:    ', '[0.732 ]')
('correct:', '[1     ]')
error:  0.03593872
('out:    ', '[0.982 ]')
('correct:', '[1     ]')
error:  0.00016148
('out:    ', '[0.987 ]')
('correct:', '[1     ]')
error:  0.00007872
('out:    ', '[0.995 ]')
('correct:', '[1     ]')
error:  0.00001030
('out:    ', '[0.994 ]')
('correct:', '[1     ]')
error:  0.00001672
('out:    ', '[0.89  ]')
('correct:', '[1     ]')
error:  0.00604254
('out:    ', '[0.996 ]')
('correct:', '[1     ]')
error:  0.00000905
('out:    ', '[0.993 ]')
('correct:', '[1     ]')
error:  0.00002673
('out:    ', '[0.991 ]')
('correct:', '[1     ]')
error:  0.00004179
('out:    ', '[0.989 ]')
('correct:', '[1     ]')
error:  0.00006393
('out:    ', '[0.992 ]')
('correct:', '[0     ]')
error:  0.49187718
('out:    ', '[0.996 ]')
('correct:', '[1     ]')
error:  0.00001010
('out:    ', '[0.993 ]')
('correct:', '[1     ]')
error:  0.00002462
('out:    ', '[0.976 ]')
('correct:', '[1     ]')
error:  0.00029286
('out:    ', '[0.996 ]')
('correct:', '[1     ]')
error:  0.00000803
('out:    ', '[0.987 ]')
('correct:', '[1     ]')
error:  0.00008701
('out:    ', '[0.929 ]')
('correct:', '[1     ]')
error:  0.00251223
('out:    ', '[0.984 ]')
('correct:', '[1     ]')
error:  0.00012512
('out:    ', '[0.995 ]')
('correct:', '[1     ]')
error:  0.00001253
('out:    ', '[0.993 ]')
('correct:', '[1     ]')
error:  0.00002526
('out:    ', '[0.993 ]')
('correct:', '[1     ]')
error:  0.00002667
('out:    ', '[0.997 ]')
('correct:', '[1     ]')
error:  0.00000332
('out:    ', '[0.994 ]')
('correct:', '[1     ]')
error:  0.00001794
('out:    ', '[0.994 ]')
('correct:', '[1     ]')
error:  0.00001620
('out:    ', '[0.994 ]')
('correct:', '[1     ]')
error:  0.00001641
('out:    ', '[0.995 ]')
('correct:', '[1     ]')
error:  0.00001397
('out:    ', '[0.956 ]')
('correct:', '[1     ]')
error:  0.00098316
('out:    ', '[0.989 ]')
('correct:', '[1     ]')
error:  0.00006562
('out:    ', '[0.995 ]')
('correct:', '[1     ]')
error:  0.00001231
('out:    ', '[0.989 ]')
('correct:', '[1     ]')
error:  0.00005534
('out:    ', '[0.919 ]')
('correct:', '[1     ]')
error:  0.00328333
('out:    ', '[0.586 ]')
('correct:', '[1     ]')
error:  0.08585106
('out:    ', '[0.972 ]')
('correct:', '[1     ]')
error:  0.00038601
('out:    ', '[0.995 ]')
('correct:', '[1     ]')
error:  0.00001038
('out:    ', '[0.993 ]')
('correct:', '[1     ]')
error:  0.00002271
('out:    ', '[0.997 ]')
('correct:', '[1     ]')
error:  0.00000530
('out:    ', '[0.977 ]')
('correct:', '[1     ]')
error:  0.00026650
('out:    ', '[0.997 ]')
('correct:', '[1     ]')
error:  0.00000534
('out:    ', '[0.997 ]')
('correct:', '[1     ]')
error:  0.00000529
('out:    ', '[0.993 ]')
('correct:', '[1     ]')
error:  0.00002169
('out:    ', '[0.993 ]')
('correct:', '[1     ]')
error:  0.00002781
('out:    ', '[0.939 ]')
('correct:', '[1     ]')
error:  0.00187016
('out:    ', '[0.995 ]')
('correct:', '[1     ]')
error:  0.00001204
('out:    ', '[0.989 ]')
('correct:', '[1     ]')
error:  0.00005865
('out:    ', '[0.996 ]')
('correct:', '[1     ]')
error:  0.00000682
('out:    ', '[0.995 ]')
('correct:', '[1     ]')
error:  0.00001022
('out:    ', '[0.995 ]')
('correct:', '[1     ]')
error:  0.00001036
('out:    ', '[0.997 ]')
('correct:', '[1     ]')
error:  0.00000393
('out:    ', '[0.994 ]')
('correct:', '[1     ]')
error:  0.00001885
('out:    ', '[0.996 ]')
('correct:', '[1     ]')
error:  0.00000819
('out:    ', '[0.994 ]')
('correct:', '[1     ]')
error:  0.00001891
('out:    ', '[0.992 ]')
('correct:', '[1     ]')
error:  0.00003524
('out:    ', '[0.993 ]')
('correct:', '[1     ]')
error:  0.00002727
('out:    ', '[0.211 ]')
('correct:', '[1     ]')
error:  0.31133027
('out:    ', '[0.993 ]')
('correct:', '[1     ]')
error:  0.00002158
('out:    ', '[0.88  ]')
('correct:', '[1     ]')
error:  0.00716533
('out:    ', '[0.895 ]')
('correct:', '[1     ]')
error:  0.00549068
('out:    ', '[0.997 ]')
('correct:', '[1     ]')
error:  0.00000334
('out:    ', '[0.992 ]')
('correct:', '[1     ]')
error:  0.00002992
('out:    ', '[0.997 ]')
('correct:', '[1     ]')
error:  0.00000531
('out:    ', '[0.995 ]')
('correct:', '[1     ]')
error:  0.00001031
('out:    ', '[0.99  ]')
('correct:', '[1     ]')
error:  0.00005314
('out:    ', '[0.952 ]')
('correct:', '[1     ]')
error:  0.00113256
('out:    ', '[0.994 ]')
('correct:', '[1     ]')
error:  0.00001559
('out:    ', '[0.995 ]')
('correct:', '[1     ]')
error:  0.00001369
('out:    ', '[0.997 ]')
('correct:', '[1     ]')
error:  0.00000579
('out:    ', '[0.969 ]')
('correct:', '[0     ]')
error:  0.46949204
('out:    ', '[0.995 ]')
('correct:', '[1     ]')
error:  0.00001049
('out:    ', '[0.937 ]')
('correct:', '[1     ]')
error:  0.00197420
('out:    ', '[0.995 ]')
('correct:', '[1     ]')
error:  0.00001032
('out:    ', '[0.832 ]')
('correct:', '[1     ]')
error:  0.01418815
('out:    ', '[0.99  ]')
('correct:', '[1     ]')
error:  0.00004598
('out:    ', '[0.997 ]')
('correct:', '[1     ]')
error:  0.00000603
('out:    ', '[0.995 ]')
('correct:', '[1     ]')
error:  0.00001077
('out:    ', '[0.988 ]')
('correct:', '[1     ]')
error:  0.00007494
('out:    ', '[0.925 ]')
('correct:', '[1     ]')
error:  0.00279848
('out:    ', '[0.404 ]')
('correct:', '[0     ]')
error:  0.08145768
('out:    ', '[0.993 ]')
('correct:', '[1     ]')
error:  0.00002567
('out:    ', '[0.916 ]')
('correct:', '[1     ]')
error:  0.00356385
('out:    ', '[0.984 ]')
('correct:', '[1     ]')
error:  0.00012657
('out:    ', '[0.943 ]')
('correct:', '[1     ]')
error:  0.00163023
('out:    ', '[0.928 ]')
('correct:', '[1     ]')
error:  0.00258414
('out:    ', '[0.966 ]')
('correct:', '[1     ]')
error:  0.00058230
('out:    ', '[0.994 ]')
('correct:', '[1     ]')
error:  0.00001830
('out:    ', '[0.988 ]')
('correct:', '[1     ]')
error:  0.00007387
('out:    ', '[0.985 ]')
('correct:', '[1     ]')
error:  0.00011721
('out:    ', '[0.959 ]')
('correct:', '[1     ]')
error:  0.00083318
('out:    ', '[0.997 ]')
('correct:', '[1     ]')
error:  0.00000314
('out:    ', '[0.981 ]')
('correct:', '[1     ]')
error:  0.00018821
('out:    ', '[0.986 ]')
('correct:', '[1     ]')
error:  0.00009592
('out:    ', '[0.272 ]')
('correct:', '[1     ]')
error:  0.26519935
('out:    ', '[0.994 ]')
('correct:', '[1     ]')
error:  0.00001861
('out:    ', '[0.997 ]')
('correct:', '[1     ]')
error:  0.00000504
('out:    ', '[0.997 ]')
('correct:', '[1     ]')
error:  0.00000398
('out:    ', '[0.995 ]')
('correct:', '[1     ]')
error:  0.00001188
('out:    ', '[0.995 ]')
('correct:', '[1     ]')
error:  0.00001022
('out:    ', '[0.734 ]')
('correct:', '[1     ]')
error:  0.03540776
('out:    ', '[0.994 ]')
('correct:', '[1     ]')
error:  0.00001924
('out:    ', '[0.968 ]')
('correct:', '[1     ]')
error:  0.00050567
('out:    ', '[0.996 ]')
('correct:', '[1     ]')
error:  0.00000912
('out:    ', '[0.996 ]')
('correct:', '[1     ]')
error:  0.00000889
('out:    ', '[0.632 ]')
('correct:', '[1     ]')
error:  0.06784557
('out:    ', '[0.995 ]')
('correct:', '[1     ]')
error:  0.00001065
('out:    ', '[0.987 ]')
('correct:', '[1     ]')
error:  0.00008100
('out:    ', '[0.99  ]')
('correct:', '[1     ]')
error:  0.00004604
('out:    ', '[0.993 ]')
('correct:', '[1     ]')
error:  0.00002158
('out:    ', '[0.985 ]')
('correct:', '[1     ]')
error:  0.00011253
('out:    ', '[0.65  ]')
('correct:', '[1     ]')
error:  0.06114095
('out:    ', '[0.997 ]')
('correct:', '[1     ]')
error:  0.00000554
('out:    ', '[0.995 ]')
('correct:', '[1     ]')
error:  0.00001037
('out:    ', '[0.995 ]')
('correct:', '[1     ]')
error:  0.00001193
('out:    ', '[0.997 ]')
('correct:', '[1     ]')
error:  0.00000584
('out:    ', '[0.995 ]')
('correct:', '[1     ]')
error:  0.00001467
('out:    ', '[0.988 ]')
('correct:', '[1     ]')
error:  0.00007745
('out:    ', '[0.995 ]')
('correct:', '[1     ]')
error:  0.00001435
('out:    ', '[0.996 ]')
('correct:', '[1     ]')
error:  0.00000660
('out:    ', '[0.988 ]')
('correct:', '[1     ]')
error:  0.00007287
('out:    ', '[0.986 ]')
('correct:', '[1     ]')
error:  0.00009912
('out:    ', '[0.995 ]')
('correct:', '[1     ]')
error:  0.00001072
('out:    ', '[0.997 ]')
('correct:', '[1     ]')
error:  0.00000530
('out:    ', '[0.995 ]')
('correct:', '[1     ]')
error:  0.00001077
('out:    ', '[0.991 ]')
('correct:', '[1     ]')
error:  0.00003954
('out:    ', '[0.941 ]')
('correct:', '[1     ]')
error:  0.00171307
('out:    ', '[0.998 ]')
('correct:', '[1     ]')
error:  0.00000262
('out:    ', '[0.995 ]')
('correct:', '[1     ]')
error:  0.00001267
('out:    ', '[0.995 ]')
('correct:', '[1     ]')
error:  0.00001098
('out:    ', '[0.986 ]')
('correct:', '[1     ]')
error:  0.00009921
('out:    ', '[0.969 ]')
('correct:', '[1     ]')
error:  0.00048168
('out:    ', '[0.993 ]')
('correct:', '[1     ]')
error:  0.00002630
('out:    ', '[0.958 ]')
('correct:', '[1     ]')
error:  0.00088688
('out:    ', '[0.992 ]')
('correct:', '[1     ]')
error:  0.00003271
('out:    ', '[0.996 ]')
('correct:', '[1     ]')
error:  0.00000981
('out:    ', '[0.933 ]')
('correct:', '[1     ]')
error:  0.00227120
('out:    ', '[0.989 ]')
('correct:', '[1     ]')
error:  0.00005835
('out:    ', '[0.994 ]')
('correct:', '[1     ]')
error:  0.00002008
('out:    ', '[0.991 ]')
('correct:', '[1     ]')
error:  0.00003715
('out:    ', '[0.993 ]')
('correct:', '[1     ]')
error:  0.00002357
('out:    ', '[0.994 ]')
('correct:', '[1     ]')
error:  0.00001830
('out:    ', '[0.993 ]')
('correct:', '[1     ]')
error:  0.00002702
('out:    ', '[0.991 ]')
('correct:', '[1     ]')
error:  0.00003912
('out:    ', '[0.994 ]')
('correct:', '[1     ]')
error:  0.00002043
('out:    ', '[0.994 ]')
('correct:', '[1     ]')
error:  0.00001809
('out:    ', '[0.993 ]')
('correct:', '[1     ]')
error:  0.00002800
('out:    ', '[0.994 ]')
('correct:', '[1     ]')
error:  0.00001905
('out:    ', '[0.903 ]')
('correct:', '[1     ]')
error:  0.00469890
('out:    ', '[0.986 ]')
('correct:', '[1     ]')
error:  0.00009979
('out:    ', '[0.997 ]')
('correct:', '[1     ]')
error:  0.00000568
('out:    ', '[0.993 ]')
('correct:', '[1     ]')
error:  0.00002190
('out:    ', '[0.995 ]')
('correct:', '[1     ]')
error:  0.00001278
('out:    ', '[0.57  ]')
('correct:', '[1     ]')
error:  0.09229221
('out:    ', '[0.995 ]')
('correct:', '[1     ]')
error:  0.00001018
('out:    ', '[0.995 ]')
('correct:', '[1     ]')
error:  0.00001038
('out:    ', '[0.989 ]')
('correct:', '[1     ]')
error:  0.00005845
('out:    ', '[0.997 ]')
('correct:', '[1     ]')
error:  0.00000571
('out:    ', '[0.899 ]')
('correct:', '[1     ]')
error:  0.00512122
('out:    ', '[0.993 ]')
('correct:', '[1     ]')
error:  0.00002761
('out:    ', '[0.993 ]')
('correct:', '[1     ]')
error:  0.00002695
('out:    ', '[0.997 ]')
('correct:', '[1     ]')
error:  0.00000389
('out:    ', '[0.994 ]')
('correct:', '[1     ]')
error:  0.00001919
('out:    ', '[0.953 ]')
('correct:', '[1     ]')
error:  0.00112092
('out:    ', '[0.995 ]')
('correct:', '[1     ]')
error:  0.00001256
('out:    ', '[0.84  ]')
('correct:', '[1     ]')
error:  0.01283141
('out:    ', '[0.995 ]')
('correct:', '[1     ]')
error:  0.00001506
('out:    ', '[0.939 ]')
('correct:', '[1     ]')
error:  0.00186267
('out:    ', '[0.943 ]')
('correct:', '[1     ]')
error:  0.00161752
('out:    ', '[0.995 ]')
('correct:', '[1     ]')
error:  0.00001173
('out:    ', '[0.988 ]')
('correct:', '[1     ]')
error:  0.00007194
('out:    ', '[0.995 ]')
('correct:', '[1     ]')
error:  0.00001052
('out:    ', '[0.994 ]')
('correct:', '[1     ]')
error:  0.00002056
('out:    ', '[0.996 ]')
('correct:', '[1     ]')
error:  0.00000975
('out:    ', '[0.997 ]')
('correct:', '[1     ]')
error:  0.00000540
('out:    ', '[0.995 ]')
('correct:', '[1     ]')
error:  0.00001195
('out:    ', '[0.994 ]')
('correct:', '[1     ]')
error:  0.00001651
('out:    ', '[0.994 ]')
('correct:', '[1     ]')
error:  0.00001556
('out:    ', '[0.997 ]')
('correct:', '[1     ]')
error:  0.00000523
('out:    ', '[0.992 ]')
('correct:', '[1     ]')
error:  0.00003182
('out:    ', '[0.996 ]')
('correct:', '[1     ]')
error:  0.00000873
('out:    ', '[0.995 ]')
('correct:', '[1     ]')
error:  0.00001432
('out:    ', '[0.995 ]')
('correct:', '[1     ]')
error:  0.00001283
('out:    ', '[0.997 ]')
('correct:', '[1     ]')
error:  0.00000543
('out:    ', '[0.99  ]')
('correct:', '[1     ]')
error:  0.00004667
('out:    ', '[0.978 ]')
('correct:', '[1     ]')
error:  0.00024284
('out:    ', '[0.994 ]')
('correct:', '[1     ]')
error:  0.00001542
('out:    ', '[0.997 ]')
('correct:', '[1     ]')
error:  0.00000545
('out:    ', '[0.973 ]')
('correct:', '[1     ]')
error:  0.00037541
('out:    ', '[0.985 ]')
('correct:', '[1     ]')
error:  0.00010780
('out:    ', '[0.997 ]')
('correct:', '[1     ]')
error:  0.00000516
('out:    ', '[0.997 ]')
('correct:', '[1     ]')
error:  0.00000567
('out:    ', '[0.962 ]')
('correct:', '[1     ]')
error:  0.00070363
('out:    ', '[0.993 ]')
('correct:', '[1     ]')
error:  0.00002403
('out:    ', '[0.998 ]')
('correct:', '[1     ]')
error:  0.00000263
('out:    ', '[0.935 ]')
('correct:', '[1     ]')
error:  0.00211858
('out:    ', '[0.989 ]')
('correct:', '[1     ]')
error:  0.00005779
('out:    ', '[0.93  ]')
('correct:', '[1     ]')
error:  0.00246466
('out:    ', '[0.996 ]')
('correct:', '[1     ]')
error:  0.00000666
('out:    ', '[0.996 ]')
('correct:', '[1     ]')
error:  0.00000783
('out:    ', '[0.994 ]')
('correct:', '[1     ]')
error:  0.00001756
('out:    ', '[0.995 ]')
('correct:', '[1     ]')
error:  0.00001266
('out:    ', '[0.996 ]')
('correct:', '[1     ]')
error:  0.00000720
('out:    ', '[0.984 ]')
('correct:', '[1     ]')
error:  0.00012022
('out:    ', '[0.792 ]')
('correct:', '[1     ]')
error:  0.02154137
('out:    ', '[0.995 ]')
('correct:', '[1     ]')
error:  0.00001462
('out:    ', '[0.911 ]')
('correct:', '[1     ]')
error:  0.00400092
('out:    ', '[0.995 ]')
('correct:', '[1     ]')
error:  0.00001041
('out:    ', '[0.99  ]')
('correct:', '[1     ]')
error:  0.00005079
('out:    ', '[0.994 ]')
('correct:', '[1     ]')
error:  0.00001721
('out:    ', '[0.952 ]')
('correct:', '[1     ]')
error:  0.00117047
('out:    ', '[0.994 ]')
('correct:', '[1     ]')
error:  0.00002101
('out:    ', '[0.997 ]')
('correct:', '[1     ]')
error:  0.00000393
('out:    ', '[0.992 ]')
('correct:', '[1     ]')
error:  0.00003444
('out:    ', '[0.995 ]')
('correct:', '[1     ]')
error:  0.00001070
('out:    ', '[0.99  ]')
('correct:', '[1     ]')
error:  0.00004749
('out:    ', '[0.989 ]')
('correct:', '[1     ]')
error:  0.00005924
('out:    ', '[0.996 ]')
('correct:', '[1     ]')
error:  0.00000746
('out:    ', '[0.997 ]')
('correct:', '[1     ]')
error:  0.00000351
('out:    ', '[0.986 ]')
('correct:', '[1     ]')
error:  0.00009839
('out:    ', '[0.994 ]')
('correct:', '[1     ]')
error:  0.00001886
('out:    ', '[0.997 ]')
('correct:', '[1     ]')
error:  0.00000569
('out:    ', '[0.996 ]')
('correct:', '[1     ]')
error:  0.00000937
('out:    ', '[0.976 ]')
('correct:', '[1     ]')
error:  0.00028592
('out:    ', '[0.992 ]')
('correct:', '[1     ]')
error:  0.00003150
('out:    ', '[0.997 ]')
('correct:', '[1     ]')
error:  0.00000353
('out:    ', '[0.997 ]')
('correct:', '[1     ]')
error:  0.00000518
('out:    ', '[0.992 ]')
('correct:', '[1     ]')
error:  0.00003163
('out:    ', '[0.996 ]')
('correct:', '[1     ]')
error:  0.00000957
('out:    ', '[0.962 ]')
('correct:', '[1     ]')
error:  0.00073979
('out:    ', '[0.958 ]')
('correct:', '[1     ]')
error:  0.00087143
('out:    ', '[0.987 ]')
('correct:', '[1     ]')
error:  0.00008459
('out:    ', '[0.842 ]')
('correct:', '[1     ]')
error:  0.01244361
('out:    ', '[0.972 ]')
('correct:', '[1     ]')
error:  0.00040598
('out:    ', '[0.99  ]')
('correct:', '[1     ]')
error:  0.00005479
('out:    ', '[0.997 ]')
('correct:', '[1     ]')
error:  0.00000426
('out:    ', '[0.974 ]')
('correct:', '[1     ]')
error:  0.00033034
('out:    ', '[0.978 ]')
('correct:', '[1     ]')
error:  0.00025016
('out:    ', '[0.985 ]')
('correct:', '[1     ]')
error:  0.00010628
('out:    ', '[0.996 ]')
('correct:', '[1     ]')
error:  0.00000783
('out:    ', '[0.995 ]')
('correct:', '[1     ]')
error:  0.00001033
('out:    ', '[0.974 ]')
('correct:', '[1     ]')
error:  0.00034080
('out:    ', '[0.993 ]')
('correct:', '[1     ]')
error:  0.00002183
('out:    ', '[0.992 ]')
('correct:', '[1     ]')
error:  0.00003312
('out:    ', '[0.995 ]')
('correct:', '[1     ]')
error:  0.00001018
('out:    ', '[0.994 ]')
('correct:', '[1     ]')
error:  0.00001783
('out:    ', '[0.978 ]')
('correct:', '[1     ]')
error:  0.00023179
('out:    ', '[0.992 ]')
('correct:', '[1     ]')
error:  0.00002912
('out:    ', '[0.99  ]')
('correct:', '[1     ]')
error:  0.00004545
('out:    ', '[0.998 ]')
('correct:', '[1     ]')
error:  0.00000224
('out:    ', '[0.997 ]')
('correct:', '[1     ]')
error:  0.00000493
('out:    ', '[0.99  ]')
('correct:', '[1     ]')
error:  0.00004780
('out:    ', '[0.938 ]')
('correct:', '[1     ]')
error:  0.00193658
('out:    ', '[0.994 ]')
('correct:', '[1     ]')
error:  0.00002016
('out:    ', '[0.995 ]')
('correct:', '[1     ]')
error:  0.00001022
('out:    ', '[0.993 ]')
('correct:', '[1     ]')
error:  0.00002474
('out:    ', '[0.995 ]')
('correct:', '[1     ]')
error:  0.00001107
('out:    ', '[0.989 ]')
('correct:', '[1     ]')
error:  0.00005572
('out:    ', '[0.988 ]')
('correct:', '[1     ]')
error:  0.00007063
('out:    ', '[0.992 ]')
('correct:', '[1     ]')
error:  0.00003166
('out:    ', '[0.993 ]')
('correct:', '[1     ]')
error:  0.00002409
('out:    ', '[0.995 ]')
('correct:', '[1     ]')
error:  0.00001314
('out:    ', '[0.955 ]')
('correct:', '[1     ]')
error:  0.00102043
('out:    ', '[0.98  ]')
('correct:', '[1     ]')
error:  0.00020994
('out:    ', '[0.987 ]')
('correct:', '[1     ]')
error:  0.00008825
('out:    ', '[0.989 ]')
('correct:', '[1     ]')
error:  0.00006612
('out:    ', '[0.997 ]')
('correct:', '[1     ]')
error:  0.00000486
('out:    ', '[0.993 ]')
('correct:', '[1     ]')
error:  0.00002738
('out:    ', '[0.949 ]')
('correct:', '[1     ]')
error:  0.00128390
('out:    ', '[0.583 ]')
('correct:', '[1     ]')
error:  0.08681905
('out:    ', '[0.985 ]')
('correct:', '[1     ]')
error:  0.00011269
('out:    ', '[0.951 ]')
('correct:', '[1     ]')
error:  0.00118359
('out:    ', '[0.993 ]')
('correct:', '[1     ]')
error:  0.00002295
('out:    ', '[0.996 ]')
('correct:', '[1     ]')
error:  0.00000699
('out:    ', '[0.729 ]')
('correct:', '[1     ]')
error:  0.03678025
('out:    ', '[0.955 ]')
('correct:', '[1     ]')
error:  0.00101738
('out:    ', '[0.998 ]')
('correct:', '[1     ]')
error:  0.00000263
('out:    ', '[0.997 ]')
('correct:', '[1     ]')
error:  0.00000477
('out:    ', '[0.805 ]')
('correct:', '[1     ]')
error:  0.01909003
('out:    ', '[0.984 ]')
('correct:', '[1     ]')
error:  0.00012544
('out:    ', '[0.929 ]')
('correct:', '[0     ]')
error:  0.43188994
('out:    ', '[0.995 ]')
('correct:', '[1     ]')
error:  0.00001275
('out:    ', '[0.986 ]')
('correct:', '[1     ]')
error:  0.00010188
('out:    ', '[0.997 ]')
('correct:', '[1     ]')
error:  0.00000362
('out:    ', '[0.937 ]')
('correct:', '[1     ]')
error:  0.00197593
('out:    ', '[0.994 ]')
('correct:', '[1     ]')
error:  0.00001567
('out:    ', '[0.973 ]')
('correct:', '[1     ]')
error:  0.00037214
('out:    ', '[0.966 ]')
('correct:', '[1     ]')
error:  0.00057658
('out:    ', '[0.995 ]')
('correct:', '[1     ]')
error:  0.00001147
('out:    ', '[0.997 ]')
('correct:', '[1     ]')
error:  0.00000578
('out:    ', '[0.994 ]')
('correct:', '[1     ]')
error:  0.00002075
('out:    ', '[0.973 ]')
('correct:', '[1     ]')
error:  0.00036939
('out:    ', '[0.96  ]')
('correct:', '[1     ]')
error:  0.00078371
('out:    ', '[0.971 ]')
('correct:', '[1     ]')
error:  0.00042292
('out:    ', '[0.996 ]')
('correct:', '[1     ]')
error:  0.00000884
('out:    ', '[0.994 ]')
('correct:', '[1     ]')
error:  0.00002110
('out:    ', '[0.978 ]')
('correct:', '[1     ]')
error:  0.00024004
('out:    ', '[0.961 ]')
('correct:', '[1     ]')
error:  0.00075638
('out:    ', '[0.995 ]')
('correct:', '[1     ]')
error:  0.00001324
('out:    ', '[0.996 ]')
('correct:', '[1     ]')
error:  0.00000958
('out:    ', '[0.984 ]')
('correct:', '[1     ]')
error:  0.00013204
('out:    ', '[0.994 ]')
('correct:', '[1     ]')
error:  0.00001986
('out:    ', '[0.996 ]')
('correct:', '[1     ]')
error:  0.00000893
('out:    ', '[0.839 ]')
('correct:', '[1     ]')
error:  0.01288370
('out:    ', '[0.985 ]')
('correct:', '[1     ]')
error:  0.00010878
('out:    ', '[0.995 ]')
('correct:', '[1     ]')
error:  0.00001149
('out:    ', '[0.953 ]')
('correct:', '[1     ]')
error:  0.00109708
('out:    ', '[0.985 ]')
('correct:', '[1     ]')
error:  0.00011060
('out:    ', '[0.997 ]')
('correct:', '[1     ]')
error:  0.00000500
('out:    ', '[0.994 ]')
('correct:', '[1     ]')
error:  0.00001679
('out:    ', '[0.994 ]')
('correct:', '[1     ]')
error:  0.00001907
('out:    ', '[0.995 ]')
('correct:', '[1     ]')
error:  0.00001434
('out:    ', '[0.994 ]')
('correct:', '[1     ]')
error:  0.00001636
('out:    ', '[0.997 ]')
('correct:', '[1     ]')
error:  0.00000568
('out:    ', '[0.98  ]')
('correct:', '[1     ]')
error:  0.00019224
('out:    ', '[0.913 ]')
('correct:', '[1     ]')
error:  0.00378867
('out:    ', '[0.944 ]')
('correct:', '[1     ]')
error:  0.00158078
('out:    ', '[0.87  ]')
('correct:', '[1     ]')
error:  0.00845246
('out:    ', '[0.996 ]')
('correct:', '[1     ]')
error:  0.00000680
('out:    ', '[0.995 ]')
('correct:', '[1     ]')
error:  0.00001115
('out:    ', '[0.995 ]')
('correct:', '[1     ]')
error:  0.00001457
('out:    ', '[0.988 ]')
('correct:', '[1     ]')
error:  0.00006918
('out:    ', '[0.996 ]')
('correct:', '[1     ]')
error:  0.00000882
('out:    ', '[0.997 ]')
('correct:', '[1     ]')
error:  0.00000409
('out:    ', '[0.996 ]')
('correct:', '[1     ]')
error:  0.00000885
('out:    ', '[0.988 ]')
('correct:', '[1     ]')
error:  0.00007644
('out:    ', '[0.996 ]')
('correct:', '[1     ]')
error:  0.00000714
('out:    ', '[0.994 ]')
('correct:', '[1     ]')
error:  0.00001775
('out:    ', '[0.994 ]')
('correct:', '[1     ]')
error:  0.00001697
('out:    ', '[0.861 ]')
('correct:', '[1     ]')
error:  0.00963980
('out:    ', '[0.985 ]')
('correct:', '[1     ]')
error:  0.00010527
('out:    ', '[0.993 ]')
('correct:', '[1     ]')
error:  0.00002792
('out:    ', '[0.995 ]')
('correct:', '[1     ]')
error:  0.00001309
('out:    ', '[0.997 ]')
('correct:', '[1     ]')
error:  0.00000542
('out:    ', '[0.977 ]')
('correct:', '[1     ]')
error:  0.00025632
('out:    ', '[0.997 ]')
('correct:', '[1     ]')
error:  0.00000543
('out:    ', '[0.987 ]')
('correct:', '[1     ]')
error:  0.00007988
('out:    ', '[0.98  ]')
('correct:', '[1     ]')
error:  0.00019255
('out:    ', '[0.997 ]')
('correct:', '[1     ]')
error:  0.00000343
('out:    ', '[0.928 ]')
('correct:', '[1     ]')
error:  0.00256365
('out:    ', '[0.993 ]')
('correct:', '[1     ]')
error:  0.00002670
('out:    ', '[0.994 ]')
('correct:', '[1     ]')
error:  0.00001893
('out:    ', '[0.992 ]')
('correct:', '[1     ]')
error:  0.00003563
('out:    ', '[0.994 ]')
('correct:', '[1     ]')
error:  0.00001638
('out:    ', '[0.991 ]')
('correct:', '[1     ]')
error:  0.00004463
('out:    ', '[0.995 ]')
('correct:', '[1     ]')
error:  0.00001249
('out:    ', '[0.99  ]')
('correct:', '[1     ]')
error:  0.00005414
('out:    ', '[0.992 ]')
('correct:', '[1     ]')
error:  0.00003510
('out:    ', '[0.997 ]')
('correct:', '[1     ]')
error:  0.00000367
('out:    ', '[0.939 ]')
('correct:', '[1     ]')
error:  0.00188307
('out:    ', '[0.993 ]')
('correct:', '[1     ]')
error:  0.00002549
('out:    ', '[0.996 ]')
('correct:', '[1     ]')
error:  0.00000708
('out:    ', '[0.932 ]')
('correct:', '[1     ]')
error:  0.00230829
('out:    ', '[0.939 ]')
('correct:', '[1     ]')
error:  0.00184809
('out:    ', '[0.996 ]')
('correct:', '[1     ]')
error:  0.00000977
('out:    ', '[0.997 ]')
('correct:', '[1     ]')
error:  0.00000570
('out:    ', '[0.998 ]')
('correct:', '[1     ]')
error:  0.00000291
('out:    ', '[0.993 ]')
('correct:', '[1     ]')
error:  0.00002289
('out:    ', '[0.993 ]')
('correct:', '[1     ]')
error:  0.00002161
('out:    ', '[0.904 ]')
('correct:', '[1     ]')
error:  0.00464637
('out:    ', '[0.987 ]')
('correct:', '[1     ]')
error:  0.00009000
('out:    ', '[0.996 ]')
('correct:', '[1     ]')
error:  0.00000976
('out:    ', '[0.995 ]')
('correct:', '[1     ]')
error:  0.00001234
('out:    ', '[0.994 ]')
('correct:', '[1     ]')
error:  0.00002017
('out:    ', '[0.842 ]')
('correct:', '[1     ]')
error:  0.01247520
('out:    ', '[0.997 ]')
('correct:', '[1     ]')
error:  0.00000520
('out:    ', '[0.981 ]')
('correct:', '[1     ]')
error:  0.00018204
('out:    ', '[0.996 ]')
('correct:', '[1     ]')
error:  0.00000965
('out:    ', '[0.988 ]')
('correct:', '[1     ]')
error:  0.00007069
('out:    ', '[0.981 ]')
('correct:', '[1     ]')
error:  0.00018936
('out:    ', '[0.994 ]')
('correct:', '[1     ]')
error:  0.00001564
('out:    ', '[0.995 ]')
('correct:', '[1     ]')
error:  0.00001027
('out:    ', '[0.991 ]')
('correct:', '[1     ]')
error:  0.00004157
('out:    ', '[0.995 ]')
('correct:', '[1     ]')
error:  0.00001098
('out:    ', '[0.997 ]')
('correct:', '[1     ]')
error:  0.00000330
('out:    ', '[0.995 ]')
('correct:', '[1     ]')
error:  0.00001068
('out:    ', '[0.984 ]')
('correct:', '[1     ]')
error:  0.00012822
('out:    ', '[0.991 ]')
('correct:', '[1     ]')
error:  0.00003624
('out:    ', '[0.981 ]')
('correct:', '[1     ]')
error:  0.00017428
('out:    ', '[0.996 ]')
('correct:', '[1     ]')
error:  0.00000877
('out:    ', '[0.85  ]')
('correct:', '[0     ]')
error:  0.36117810
('out:    ', '[0.913 ]')
('correct:', '[1     ]')
error:  0.00375061
('out:    ', '[0.801 ]')
('correct:', '[1     ]')
error:  0.01984197
('out:    ', '[0.994 ]')
('correct:', '[1     ]')
error:  0.00001687
('out:    ', '[0.991 ]')
('correct:', '[1     ]')
error:  0.00004049
('out:    ', '[0.997 ]')
('correct:', '[1     ]')
error:  0.00000558
('out:    ', '[0.995 ]')
('correct:', '[1     ]')
error:  0.00001503
('out:    ', '[0.994 ]')
('correct:', '[1     ]')
error:  0.00001725
('out:    ', '[0.997 ]')
('correct:', '[1     ]')
error:  0.00000525
('out:    ', '[0.995 ]')
('correct:', '[1     ]')
error:  0.00001038
('out:    ', '[0.983 ]')
('correct:', '[1     ]')
error:  0.00013634
('out:    ', '[0.95  ]')
('correct:', '[1     ]')
error:  0.00126384
('out:    ', '[0.995 ]')
('correct:', '[1     ]')
error:  0.00001181
('out:    ', '[0.994 ]')
('correct:', '[1     ]')
error:  0.00002048
('out:    ', '[0.991 ]')
('correct:', '[1     ]')
error:  0.00003739
('out:    ', '[0.988 ]')
('correct:', '[1     ]')
error:  0.00007455
('out:    ', '[0.993 ]')
('correct:', '[1     ]')
error:  0.00002229
('out:    ', '[0.995 ]')
('correct:', '[1     ]')
error:  0.00001311
('out:    ', '[0.995 ]')
('correct:', '[1     ]')
error:  0.00001078
('out:    ', '[0.919 ]')
('correct:', '[1     ]')
error:  0.00325401
('out:    ', '[0.995 ]')
('correct:', '[1     ]')
error:  0.00001079
('out:    ', '[0.994 ]')
('correct:', '[1     ]')
error:  0.00001879
('out:    ', '[0.986 ]')
('correct:', '[1     ]')
error:  0.00009570
('out:    ', '[0.997 ]')
('correct:', '[1     ]')
error:  0.00000533
('out:    ', '[0.995 ]')
('correct:', '[1     ]')
error:  0.00001487
('out:    ', '[0.997 ]')
('correct:', '[1     ]')
error:  0.00000489
('out:    ', '[0.984 ]')
('correct:', '[1     ]')
error:  0.00012429
('out:    ', '[0.176 ]')
('correct:', '[1     ]')
error:  0.33983524
('out:    ', '[0.98  ]')
('correct:', '[1     ]')
error:  0.00020802
('out:    ', '[0.994 ]')
('correct:', '[1     ]')
error:  0.00001750
('out:    ', '[0.987 ]')
('correct:', '[1     ]')
error:  0.00008898
('out:    ', '[0.989 ]')
('correct:', '[1     ]')
error:  0.00005744
('out:    ', '[0.995 ]')
('correct:', '[1     ]')
error:  0.00001048
('out:    ', '[0.996 ]')
('correct:', '[1     ]')
error:  0.00001008
('out:    ', '[0.969 ]')
('correct:', '[1     ]')
error:  0.00047768
('out:    ', '[0.98  ]')
('correct:', '[1     ]')
error:  0.00020169
('out:    ', '[0.995 ]')
('correct:', '[1     ]')
error:  0.00001501
('out:    ', '[0.993 ]')
('correct:', '[1     ]')
error:  0.00002256
('out:    ', '[0.96  ]')
('correct:', '[1     ]')
error:  0.00079844
('out:    ', '[0.995 ]')
('correct:', '[1     ]')
error:  0.00001134
('out:    ', '[0.987 ]')
('correct:', '[1     ]')
error:  0.00009109
('out:    ', '[0.968 ]')
('correct:', '[1     ]')
error:  0.00050473
('out:    ', '[0.996 ]')
('correct:', '[1     ]')
error:  0.00000914
('out:    ', '[0.948 ]')
('correct:', '[1     ]')
error:  0.00134269
('out:    ', '[0.852 ]')
('correct:', '[1     ]')
error:  0.01100831
('out:    ', '[0.99  ]')
('correct:', '[1     ]')
error:  0.00005374
('out:    ', '[0.993 ]')
('correct:', '[1     ]')
error:  0.00002743
('out:    ', '[0.994 ]')
('correct:', '[1     ]')
error:  0.00001964
('out:    ', '[0.992 ]')
('correct:', '[1     ]')
error:  0.00003169
('out:    ', '[0.997 ]')
('correct:', '[1     ]')
error:  0.00000492
('out:    ', '[0.93  ]')
('correct:', '[1     ]')
error:  0.00241675
('out:    ', '[0.522 ]')
('correct:', '[0     ]')
error:  0.13611794
('out:    ', '[0.944 ]')
('correct:', '[1     ]')
error:  0.00154706
('out:    ', '[0.853 ]')
('correct:', '[1     ]')
error:  0.01074034
('out:    ', '[0.988 ]')
('correct:', '[1     ]')
error:  0.00007317
('out:    ', '[0.997 ]')
('correct:', '[1     ]')
error:  0.00000551
('out:    ', '[0.997 ]')
('correct:', '[1     ]')
error:  0.00000482
('out:    ', '[0.996 ]')
('correct:', '[1     ]')
error:  0.00000954
('out:    ', '[0.995 ]')
('correct:', '[1     ]')
error:  0.00001164
('out:    ', '[0.995 ]')
('correct:', '[1     ]')
error:  0.00001021
('out:    ', '[0.915 ]')
('correct:', '[1     ]')
error:  0.00359441
('out:    ', '[0.997 ]')
('correct:', '[1     ]')
error:  0.00000525
('out:    ', '[0.972 ]')
('correct:', '[1     ]')
error:  0.00038311
('out:    ', '[0.992 ]')
('correct:', '[1     ]')
error:  0.00003373
('out:    ', '[0.97  ]')
('correct:', '[1     ]')
error:  0.00045805
('out:    ', '[0.992 ]')
('correct:', '[1     ]')
error:  0.00003135
('out:    ', '[0.996 ]')
('correct:', '[1     ]')
error:  0.00000725
('out:    ', '[0.924 ]')
('correct:', '[1     ]')
error:  0.00291883
('out:    ', '[0.996 ]')
('correct:', '[1     ]')
error:  0.00000997
('out:    ', '[0.996 ]')
('correct:', '[1     ]')
error:  0.00000699
('out:    ', '[0.993 ]')
('correct:', '[1     ]')
error:  0.00002670
('out:    ', '[0.986 ]')
('correct:', '[1     ]')
error:  0.00010119
('out:    ', '[0.99  ]')
('correct:', '[1     ]')
error:  0.00005053
('out:    ', '[0.93  ]')
('correct:', '[1     ]')
error:  0.00246145
('out:    ', '[0.989 ]')
('correct:', '[1     ]')
error:  0.00005955
('out:    ', '[0.997 ]')
('correct:', '[1     ]')
error:  0.00000515
('out:    ', '[0.773 ]')
('correct:', '[1     ]')
error:  0.02566816
('out:    ', '[0.93  ]')
('correct:', '[1     ]')
error:  0.00242892
('out:    ', '[0.932 ]')
('correct:', '[1     ]')
error:  0.00234311
('out:    ', '[0.868 ]')
('correct:', '[1     ]')
error:  0.00870864
('out:    ', '[0.974 ]')
('correct:', '[1     ]')
error:  0.00034990
('out:    ', '[0.997 ]')
('correct:', '[1     ]')
error:  0.00000580
('out:    ', '[0.997 ]')
('correct:', '[1     ]')
error:  0.00000492
('out:    ', '[0.997 ]')
('correct:', '[1     ]')
error:  0.00000608
('out:    ', '[0.997 ]')
('correct:', '[1     ]')
error:  0.00000519
('out:    ', '[0.996 ]')
('correct:', '[1     ]')
error:  0.00000619
('out:    ', '[0.875 ]')
('correct:', '[1     ]')
error:  0.00778806
('out:    ', '[0.995 ]')
('correct:', '[1     ]')
error:  0.00001021
('out:    ', '[0.993 ]')
('correct:', '[1     ]')
error:  0.00002358
('out:    ', '[0.993 ]')
('correct:', '[1     ]')
error:  0.00002679
('out:    ', '[0.979 ]')
('correct:', '[1     ]')
error:  0.00021494
('out:    ', '[0.992 ]')
('correct:', '[1     ]')
error:  0.00003322
('out:    ', '[0.994 ]')
('correct:', '[1     ]')
error:  0.00001731
('out:    ', '[0.995 ]')
('correct:', '[1     ]')
error:  0.00001216
('out:    ', '[0.995 ]')
('correct:', '[1     ]')
error:  0.00001080
('out:    ', '[0.994 ]')
('correct:', '[1     ]')
error:  0.00001793
('out:    ', '[0.993 ]')
('correct:', '[1     ]')
error:  0.00002786
('out:    ', '[0.947 ]')
('correct:', '[1     ]')
error:  0.00141958
('out:    ', '[0.947 ]')
('correct:', '[1     ]')
error:  0.00142063
('out:    ', '[0.771 ]')
('correct:', '[1     ]')
error:  0.02630968
('out:    ', '[0.995 ]')
('correct:', '[1     ]')
error:  0.00001043
('out:    ', '[0.995 ]')
('correct:', '[1     ]')
error:  0.00001319
('out:    ', '[0.992 ]')
('correct:', '[1     ]')
error:  0.00002836
('out:    ', '[0.909 ]')
('correct:', '[1     ]')
error:  0.00417649
('out:    ', '[0.994 ]')
('correct:', '[1     ]')
error:  0.00001550
('out:    ', '[0.997 ]')
('correct:', '[1     ]')
error:  0.00000530
('out:    ', '[0.982 ]')
('correct:', '[1     ]')
error:  0.00015531
('out:    ', '[0.997 ]')
('correct:', '[1     ]')
error:  0.00000525
('out:    ', '[0.993 ]')
('correct:', '[1     ]')
error:  0.00002451
('out:    ', '[0.996 ]')
('correct:', '[1     ]')
error:  0.00000928
('out:    ', '[0.996 ]')
('correct:', '[1     ]')
error:  0.00000955
('out:    ', '[0.988 ]')
('correct:', '[1     ]')
error:  0.00007384
('out:    ', '[0.995 ]')
('correct:', '[1     ]')
error:  0.00001037
('out:    ', '[0.987 ]')
('correct:', '[1     ]')
error:  0.00008139
('out:    ', '[0.939 ]')
('correct:', '[1     ]')
error:  0.00184334
('out:    ', '[0.665 ]')
('correct:', '[1     ]')
error:  0.05618767
('out:    ', '[0.996 ]')
('correct:', '[1     ]')
error:  0.00000697
('out:    ', '[0.982 ]')
('correct:', '[1     ]')
error:  0.00015953
('out:    ', '[0.996 ]')
('correct:', '[1     ]')
error:  0.00000956
('out:    ', '[0.984 ]')
('correct:', '[1     ]')
error:  0.00012155
('out:    ', '[0.997 ]')
('correct:', '[1     ]')
error:  0.00000344
('out:    ', '[0.997 ]')
('correct:', '[1     ]')
error:  0.00000553
('out:    ', '[0.674 ]')
('correct:', '[1     ]')
error:  0.05325223
('out:    ', '[0.995 ]')
('correct:', '[1     ]')
error:  0.00001271
('out:    ', '[0.89  ]')
('correct:', '[1     ]')
error:  0.00605626
('out:    ', '[0.995 ]')
('correct:', '[1     ]')
error:  0.00001062
('out:    ', '[0.967 ]')
('correct:', '[1     ]')
error:  0.00053827
('out:    ', '[0.996 ]')
('correct:', '[1     ]')
error:  0.00000690
('out:    ', '[0.995 ]')
('correct:', '[1     ]')
error:  0.00001373
('out:    ', '[0.94  ]')
('correct:', '[1     ]')
error:  0.00182814
('out:    ', '[0.985 ]')
('correct:', '[1     ]')
error:  0.00010715
('out:    ', '[0.993 ]')
('correct:', '[1     ]')
error:  0.00002798
('out:    ', '[0.961 ]')
('correct:', '[1     ]')
error:  0.00075225
('out:    ', '[0.995 ]')
('correct:', '[1     ]')
error:  0.00001420
('out:    ', '[0.987 ]')
('correct:', '[1     ]')
error:  0.00008382
('out:    ', '[0.973 ]')
('correct:', '[1     ]')
error:  0.00037147
('out:    ', '[0.992 ]')
('correct:', '[1     ]')
error:  0.00003231
('out:    ', '[0.98  ]')
('correct:', '[1     ]')
error:  0.00020176
('out:    ', '[0.802 ]')
('correct:', '[1     ]')
error:  0.01960975
('out:    ', '[0.884 ]')
('correct:', '[1     ]')
error:  0.00670694
('out:    ', '[0.976 ]')
('correct:', '[1     ]')
error:  0.00029383
('out:    ', '[0.995 ]')
('correct:', '[1     ]')
error:  0.00001493
('out:    ', '[0.997 ]')
('correct:', '[1     ]')
error:  0.00000336
('out:    ', '[0.997 ]')
('correct:', '[1     ]')
error:  0.00000533
('out:    ', '[0.996 ]')
('correct:', '[1     ]')
error:  0.00000969
('out:    ', '[0.997 ]')
('correct:', '[1     ]')
error:  0.00000558
('out:    ', '[0.986 ]')
('correct:', '[1     ]')
error:  0.00010045
('out:    ', '[0.996 ]')
('correct:', '[1     ]')
error:  0.00000716
('out:    ', '[0.994 ]')
('correct:', '[1     ]')
error:  0.00002014
('out:    ', '[0.997 ]')
('correct:', '[1     ]')
error:  0.00000524
('out:    ', '[0.974 ]')
('correct:', '[1     ]')
error:  0.00032646
('out:    ', '[0.991 ]')
('correct:', '[1     ]')
error:  0.00004194
('out:    ', '[0.997 ]')
('correct:', '[1     ]')
error:  0.00000495
('out:    ', '[0.966 ]')
('correct:', '[1     ]')
error:  0.00056677
('out:    ', '[0.996 ]')
('correct:', '[1     ]')
error:  0.00000682
('out:    ', '[0.995 ]')
('correct:', '[1     ]')
error:  0.00001377
('out:    ', '[0.993 ]')
('correct:', '[1     ]')
error:  0.00002633
('out:    ', '[0.997 ]')
('correct:', '[1     ]')
error:  0.00000579
('out:    ', '[0.938 ]')
('correct:', '[1     ]')
error:  0.00191565
('out:    ', '[0.997 ]')
('correct:', '[1     ]')
error:  0.00000541
('out:    ', '[0.797 ]')
('correct:', '[1     ]')
error:  0.02056797
('out:    ', '[0.996 ]')
('correct:', '[1     ]')
error:  0.00000806
('out:    ', '[0.996 ]')
('correct:', '[1     ]')
error:  0.00001006
('out:    ', '[0.972 ]')
('correct:', '[1     ]')
error:  0.00038472
('out:    ', '[0.388 ]')
('correct:', '[1     ]')
error:  0.18704937
('out:    ', '[0.748 ]')
('correct:', '[1     ]')
error:  0.03183849
('out:    ', '[0.995 ]')
('correct:', '[1     ]')
error:  0.00001083
('out:    ', '[0.992 ]')
('correct:', '[1     ]')
error:  0.00003520
('out:    ', '[0.997 ]')
('correct:', '[1     ]')
error:  0.00000354
('out:    ', '[0.991 ]')
('correct:', '[1     ]')
error:  0.00004340
('out:    ', '[0.994 ]')
('correct:', '[1     ]')
error:  0.00001590
('out:    ', '[0.995 ]')
('correct:', '[1     ]')
error:  0.00001063
('out:    ', '[0.992 ]')
('correct:', '[1     ]')
error:  0.00003375
('out:    ', '[0.993 ]')
('correct:', '[1     ]')
error:  0.00002525
('out:    ', '[0.986 ]')
('correct:', '[1     ]')
error:  0.00009195
('out:    ', '[0.985 ]')
('correct:', '[1     ]')
error:  0.00011934
('out:    ', '[0.99  ]')
('correct:', '[1     ]')
error:  0.00004724
('out:    ', '[0.989 ]')
('correct:', '[1     ]')
error:  0.00005651
('out:    ', '[0.974 ]')
('correct:', '[1     ]')
error:  0.00034964
('out:    ', '[0.996 ]')
('correct:', '[1     ]')
error:  0.00000886
('out:    ', '[0.995 ]')
('correct:', '[1     ]')
error:  0.00001485
('out:    ', '[0.995 ]')
('correct:', '[1     ]')
error:  0.00001423
('out:    ', '[0.992 ]')
('correct:', '[1     ]')
error:  0.00002969
('out:    ', '[0.995 ]')
('correct:', '[1     ]')
error:  0.00001074
('out:    ', '[0.993 ]')
('correct:', '[1     ]')
error:  0.00002629
('out:    ', '[0.989 ]')
('correct:', '[1     ]')
error:  0.00005905
('out:    ', '[0.989 ]')
('correct:', '[1     ]')
error:  0.00005837
('out:    ', '[0.997 ]')
('correct:', '[1     ]')
error:  0.00000603
('out:    ', '[0.993 ]')
('correct:', '[1     ]')
error:  0.00002417
('out:    ', '[0.989 ]')
('correct:', '[1     ]')
error:  0.00006450
('out:    ', '[0.978 ]')
('correct:', '[1     ]')
error:  0.00024260
('out:    ', '[0.943 ]')
('correct:', '[1     ]')
error:  0.00163840
('out:    ', '[0.997 ]')
('correct:', '[1     ]')
error:  0.00000541
('out:    ', '[0.997 ]')
('correct:', '[1     ]')
error:  0.00000439
('out:    ', '[0.993 ]')
('correct:', '[1     ]')
error:  0.00002191
('out:    ', '[0.997 ]')
('correct:', '[1     ]')
error:  0.00000533
('out:    ', '[0.996 ]')
('correct:', '[1     ]')
error:  0.00000839
('out:    ', '[0.995 ]')
('correct:', '[1     ]')
error:  0.00001056
('out:    ', '[0.904 ]')
('correct:', '[1     ]')
error:  0.00463963
('out:    ', '[0.821 ]')
('correct:', '[1     ]')
error:  0.01598254
('out:    ', '[0.988 ]')
('correct:', '[1     ]')
error:  0.00007141
('out:    ', '[0.995 ]')
('correct:', '[1     ]')
error:  0.00001382
('out:    ', '[0.993 ]')
('correct:', '[1     ]')
error:  0.00002361
('out:    ', '[0.946 ]')
('correct:', '[1     ]')
error:  0.00145600
('out:    ', '[0.987 ]')
('correct:', '[1     ]')
error:  0.00008052
('out:    ', '[0.992 ]')
('correct:', '[1     ]')
error:  0.00003582
('out:    ', '[0.996 ]')
('correct:', '[1     ]')
error:  0.00000859
('out:    ', '[0.997 ]')
('correct:', '[1     ]')
error:  0.00000500
('out:    ', '[0.989 ]')
('correct:', '[1     ]')
error:  0.00006529
('out:    ', '[0.996 ]')
('correct:', '[1     ]')
error:  0.00000614
('out:    ', '[0.94  ]')
('correct:', '[1     ]')
error:  0.00180642
('out:    ', '[0.992 ]')
('correct:', '[1     ]')
error:  0.00003114
('out:    ', '[0.994 ]')
('correct:', '[1     ]')
error:  0.00001993
('out:    ', '[0.996 ]')
('correct:', '[1     ]')
error:  0.00000682
('out:    ', '[0.996 ]')
('correct:', '[1     ]')
error:  0.00000725
('out:    ', '[0.644 ]')
('correct:', '[1     ]')
error:  0.06354298
('out:    ', '[0.995 ]')
('correct:', '[1     ]')
error:  0.00001035
('out:    ', '[0.94  ]')
('correct:', '[1     ]')
error:  0.00180011
('out:    ', '[0.946 ]')
('correct:', '[1     ]')
error:  0.00147994
('out:    ', '[0.954 ]')
('correct:', '[1     ]')
error:  0.00104979
('out:    ', '[0.987 ]')
('correct:', '[1     ]')
error:  0.00008876
('out:    ', '[0.997 ]')
('correct:', '[1     ]')
error:  0.00000524
('out:    ', '[0.998 ]')
('correct:', '[1     ]')
error:  0.00000311
('out:    ', '[0.995 ]')
('correct:', '[1     ]')
error:  0.00001067
('out:    ', '[0.88  ]')
('correct:', '[1     ]')
error:  0.00721258
('out:    ', '[0.993 ]')
('correct:', '[1     ]')
error:  0.00002163
('out:    ', '[0.991 ]')
('correct:', '[1     ]')
error:  0.00004478
('out:    ', '[0.878 ]')
('correct:', '[1     ]')
error:  0.00746246
('out:    ', '[0.788 ]')
('correct:', '[1     ]')
error:  0.02246608
('out:    ', '[0.942 ]')
('correct:', '[1     ]')
error:  0.00170623
('out:    ', '[0.989 ]')
('correct:', '[1     ]')
error:  0.00005874
('out:    ', '[0.933 ]')
('correct:', '[1     ]')
error:  0.00223280
('out:    ', '[0.996 ]')
('correct:', '[1     ]')
error:  0.00001007
('out:    ', '[0.954 ]')
('correct:', '[1     ]')
error:  0.00104344
('out:    ', '[0.985 ]')
('correct:', '[1     ]')
error:  0.00011156
('out:    ', '[0.99  ]')
('correct:', '[1     ]')
error:  0.00004695
('out:    ', '[0.996 ]')
('correct:', '[1     ]')
error:  0.00000961
('out:    ', '[0.995 ]')
('correct:', '[1     ]')
error:  0.00001267
('out:    ', '[0.996 ]')
('correct:', '[1     ]')
error:  0.00000877
('out:    ', '[0.996 ]')
('correct:', '[1     ]')
error:  0.00000975
('out:    ', '[0.987 ]')
('correct:', '[1     ]')
error:  0.00009023
('out:    ', '[0.749 ]')
('correct:', '[1     ]')
error:  0.03155602
('out:    ', '[0.995 ]')
('correct:', '[1     ]')
error:  0.00001139
('out:    ', '[0.994 ]')
('correct:', '[1     ]')
error:  0.00001654
('out:    ', '[0.995 ]')
('correct:', '[1     ]')
error:  0.00001140
('out:    ', '[0.996 ]')
('correct:', '[1     ]')
error:  0.00000923
('out:    ', '[0.994 ]')
('correct:', '[1     ]')
error:  0.00001937
('out:    ', '[0.874 ]')
('correct:', '[1     ]')
error:  0.00797913
('out:    ', '[0.991 ]')
('correct:', '[1     ]')
error:  0.00003765
('out:    ', '[0.996 ]')
('correct:', '[1     ]')
error:  0.00000627
('out:    ', '[0.99  ]')
('correct:', '[1     ]')
error:  0.00004889
('out:    ', '[0.931 ]')
('correct:', '[1     ]')
error:  0.00237712
('out:    ', '[0.985 ]')
('correct:', '[1     ]')
error:  0.00011068
('out:    ', '[0.995 ]')
('correct:', '[1     ]')
error:  0.00001497
('out:    ', '[0.994 ]')
('correct:', '[1     ]')
error:  0.00001715
('out:    ', '[0.99  ]')
('correct:', '[1     ]')
error:  0.00004761
('out:    ', '[0.997 ]')
('correct:', '[1     ]')
error:  0.00000480
('out:    ', '[0.925 ]')
('correct:', '[1     ]')
error:  0.00278712
('out:    ', '[0.966 ]')
('correct:', '[1     ]')
error:  0.00057549
('out:    ', '[0.996 ]')
('correct:', '[1     ]')
error:  0.00000902
('out:    ', '[0.983 ]')
('correct:', '[1     ]')
error:  0.00013858
('out:    ', '[0.679 ]')
('correct:', '[1     ]')
error:  0.05157207
('out:    ', '[0.991 ]')
('correct:', '[1     ]')
error:  0.00003997
('out:    ', '[0.996 ]')
('correct:', '[1     ]')
error:  0.00000883
('out:    ', '[0.996 ]')
('correct:', '[1     ]')
error:  0.00000781
('out:    ', '[0.898 ]')
('correct:', '[1     ]')
error:  0.00522989
('out:    ', '[0.995 ]')
('correct:', '[1     ]')
error:  0.00001137
('out:    ', '[0.373 ]')
('correct:', '[1     ]')
error:  0.19639551
('out:    ', '[0.996 ]')
('correct:', '[1     ]')
error:  0.00000782
('out:    ', '[0.994 ]')
('correct:', '[1     ]')
error:  0.00001640
('out:    ', '[0.997 ]')
('correct:', '[1     ]')
error:  0.00000530
('out:    ', '[0.968 ]')
('correct:', '[1     ]')
error:  0.00051850
('out:    ', '[0.996 ]')
('correct:', '[1     ]')
error:  0.00000713
('out:    ', '[0.988 ]')
('correct:', '[1     ]')
error:  0.00007755
('out:    ', '[0.99  ]')
('correct:', '[1     ]')
error:  0.00005016
('out:    ', '[0.889 ]')
('correct:', '[1     ]')
error:  0.00617470
('out:    ', '[0.995 ]')
('correct:', '[1     ]')
error:  0.00001494
('out:    ', '[0.944 ]')
('correct:', '[1     ]')
error:  0.00157525
('out:    ', '[0.945 ]')
('correct:', '[1     ]')
error:  0.00151097
('out:    ', '[0.993 ]')
('correct:', '[1     ]')
error:  0.00002720
('out:    ', '[0.994 ]')
('correct:', '[1     ]')
error:  0.00002102
('out:    ', '[0.997 ]')
('correct:', '[1     ]')
error:  0.00000517
('out:    ', '[0.996 ]')
('correct:', '[1     ]')
error:  0.00000665
('out:    ', '[0.99  ]')
('correct:', '[1     ]')
error:  0.00004831
('out:    ', '[0.996 ]')
('correct:', '[1     ]')
error:  0.00001010
('out:    ', '[0.997 ]')
('correct:', '[1     ]')
error:  0.00000558
('out:    ', '[0.194 ]')
('correct:', '[0     ]')
error:  0.01881862
('out:    ', '[0.993 ]')
('correct:', '[1     ]')
error:  0.00002796
('out:    ', '[0.939 ]')
('correct:', '[1     ]')
error:  0.00187514
('out:    ', '[0.995 ]')
('correct:', '[1     ]')
error:  0.00001046
('out:    ', '[0.931 ]')
('correct:', '[1     ]')
error:  0.00236469
('out:    ', '[0.977 ]')
('correct:', '[1     ]')
error:  0.00027222
('out:    ', '[0.994 ]')
('correct:', '[1     ]')
error:  0.00002029
('out:    ', '[0.994 ]')
('correct:', '[1     ]')
error:  0.00001549
('out:    ', '[0.996 ]')
('correct:', '[1     ]')
error:  0.00000637
('out:    ', '[0.993 ]')
('correct:', '[1     ]')
error:  0.00002537
('out:    ', '[0.995 ]')
('correct:', '[1     ]')
error:  0.00001487
('out:    ', '[0.946 ]')
('correct:', '[1     ]')
error:  0.00145549
('out:    ', '[0.989 ]')
('correct:', '[1     ]')
error:  0.00006017
('out:    ', '[0.997 ]')
('correct:', '[1     ]')
error:  0.00000360
('out:    ', '[0.996 ]')
('correct:', '[1     ]')
error:  0.00000814
('out:    ', '[0.991 ]')
('correct:', '[1     ]')
error:  0.00003787
('out:    ', '[0.997 ]')
('correct:', '[1     ]')
error:  0.00000591
('out:    ', '[0.973 ]')
('correct:', '[1     ]')
error:  0.00035912
('out:    ', '[0.858 ]')
('correct:', '[1     ]')
error:  0.01012042
('out:    ', '[0.995 ]')
('correct:', '[1     ]')
error:  0.00001433
('out:    ', '[0.981 ]')
('correct:', '[1     ]')
error:  0.00018784
('out:    ', '[0.964 ]')
('correct:', '[1     ]')
error:  0.00063942
('out:    ', '[0.984 ]')
('correct:', '[1     ]')
error:  0.00012020
('out:    ', '[0.993 ]')
('correct:', '[1     ]')
error:  0.00002776
('out:    ', '[0.983 ]')
('correct:', '[1     ]')
error:  0.00013651
('out:    ', '[0.997 ]')
('correct:', '[1     ]')
error:  0.00000463
('out:    ', '[0.987 ]')
('correct:', '[1     ]')
error:  0.00008274
('out:    ', '[0.993 ]')
('correct:', '[1     ]')
error:  0.00002353
('out:    ', '[0.93  ]')
('correct:', '[1     ]')
error:  0.00248442
('out:    ', '[0.997 ]')
('correct:', '[1     ]')
error:  0.00000425
('out:    ', '[0.996 ]')
('correct:', '[1     ]')
error:  0.00000650
('out:    ', '[0.997 ]')
('correct:', '[1     ]')
error:  0.00000336
('out:    ', '[0.984 ]')
('correct:', '[1     ]')
error:  0.00013492
('out:    ', '[0.967 ]')
('correct:', '[1     ]')
error:  0.00053322
('out:    ', '[0.99  ]')
('correct:', '[1     ]')
error:  0.00005472
('out:    ', '[0.996 ]')
('correct:', '[1     ]')
error:  0.00000729
('out:    ', '[0.856 ]')
('correct:', '[1     ]')
error:  0.01032061
('out:    ', '[0.989 ]')
('correct:', '[1     ]')
error:  0.00006076
('out:    ', '[0.66  ]')
('correct:', '[1     ]')
error:  0.05788926
('out:    ', '[0.988 ]')
('correct:', '[1     ]')
error:  0.00006876
('out:    ', '[0.994 ]')
('correct:', '[1     ]')
error:  0.00001546
('out:    ', '[0.997 ]')
('correct:', '[1     ]')
error:  0.00000465
('out:    ', '[0.961 ]')
('correct:', '[1     ]')
error:  0.00077469
('out:    ', '[0.995 ]')
('correct:', '[1     ]')
error:  0.00001433
('out:    ', '[0.991 ]')
('correct:', '[1     ]')
error:  0.00004425
('out:    ', '[0.995 ]')
('correct:', '[1     ]')
error:  0.00001040
('out:    ', '[0.994 ]')
('correct:', '[1     ]')
error:  0.00001636
('out:    ', '[0.996 ]')
('correct:', '[1     ]')
error:  0.00000989
('out:    ', '[0.995 ]')
('correct:', '[1     ]')
error:  0.00001038
('out:    ', '[0.993 ]')
('correct:', '[1     ]')
error:  0.00002384
('out:    ', '[0.997 ]')
('correct:', '[1     ]')
error:  0.00000531
('out:    ', '[0.997 ]')
('correct:', '[1     ]')
error:  0.00000544
('out:    ', '[0.944 ]')
('correct:', '[1     ]')
error:  0.00155110
('out:    ', '[0.984 ]')
('correct:', '[1     ]')
error:  0.00013420
('out:    ', '[0.368 ]')
('correct:', '[1     ]')
error:  0.19949917
('out:    ', '[0.928 ]')
('correct:', '[1     ]')
error:  0.00258871
('out:    ', '[0.915 ]')
('correct:', '[1     ]')
error:  0.00362202
('out:    ', '[0.995 ]')
('correct:', '[1     ]')
error:  0.00001400
('out:    ', '[0.993 ]')
('correct:', '[1     ]')
error:  0.00002299
('out:    ', '[0.998 ]')
('correct:', '[1     ]')
error:  0.00000249
('out:    ', '[0.996 ]')
('correct:', '[1     ]')
error:  0.00001004
('out:    ', '[0.146 ]')
('correct:', '[1     ]')
error:  0.36503851
('out:    ', '[0.98  ]')
('correct:', '[1     ]')
error:  0.00019059
('out:    ', '[0.828 ]')
('correct:', '[1     ]')
error:  0.01476982
('out:    ', '[0.997 ]')
('correct:', '[1     ]')
error:  0.00000563
('out:    ', '[0.99  ]')
('correct:', '[1     ]')
error:  0.00004797
('out:    ', '[0.991 ]')
('correct:', '[1     ]')
error:  0.00004187
('out:    ', '[0.994 ]')
('correct:', '[1     ]')
error:  0.00001536
('out:    ', '[0.983 ]')
('correct:', '[1     ]')
error:  0.00013729
('out:    ', '[0.995 ]')
('correct:', '[1     ]')
error:  0.00001037
('out:    ', '[0.961 ]')
('correct:', '[1     ]')
error:  0.00076570
('out:    ', '[0.997 ]')
('correct:', '[1     ]')
error:  0.00000446
('out:    ', '[0.959 ]')
('correct:', '[1     ]')
error:  0.00083486
('out:    ', '[0.996 ]')
('correct:', '[1     ]')
error:  0.00001012
('out:    ', '[0.997 ]')
('correct:', '[1     ]')
error:  0.00000513
('out:    ', '[0.993 ]')
('correct:', '[1     ]')
error:  0.00002162
('out:    ', '[0.832 ]')
('correct:', '[1     ]')
error:  0.01405790
('out:    ', '[0.997 ]')
('correct:', '[1     ]')
error:  0.00000549
('out:    ', '[0.997 ]')
('correct:', '[1     ]')
error:  0.00000529
('out:    ', '[0.94  ]')
('correct:', '[1     ]')
error:  0.00179587
('out:    ', '[0.995 ]')
('correct:', '[1     ]')
error:  0.00001272
('out:    ', '[0.981 ]')
('correct:', '[1     ]')
error:  0.00017495
('out:    ', '[0.995 ]')
('correct:', '[1     ]')
error:  0.00001325
('out:    ', '[0.996 ]')
('correct:', '[1     ]')
error:  0.00000641
('out:    ', '[0.992 ]')
('correct:', '[1     ]')
error:  0.00003589
('out:    ', '[0.959 ]')
('correct:', '[1     ]')
error:  0.00083677
('out:    ', '[0.996 ]')
('correct:', '[1     ]')
error:  0.00000887
('out:    ', '[0.949 ]')
('correct:', '[1     ]')
error:  0.00129260
('out:    ', '[0.994 ]')
('correct:', '[1     ]')
error:  0.00002022
('out:    ', '[0.994 ]')
('correct:', '[1     ]')
error:  0.00001886
('out:    ', '[0.977 ]')
('correct:', '[1     ]')
error:  0.00026855
('out:    ', '[0.922 ]')
('correct:', '[1     ]')
error:  0.00304597
('out:    ', '[0.99  ]')
('correct:', '[1     ]')
error:  0.00004562
('out:    ', '[0.993 ]')
('correct:', '[1     ]')
error:  0.00002578
('out:    ', '[0.997 ]')
('correct:', '[1     ]')
error:  0.00000318
('out:    ', '[0.954 ]')
('correct:', '[1     ]')
error:  0.00107958
('out:    ', '[0.996 ]')
('correct:', '[1     ]')
error:  0.00000613
('out:    ', '[0.971 ]')
('correct:', '[1     ]')
error:  0.00041143
('out:    ', '[0.996 ]')
('correct:', '[1     ]')
error:  0.00000859
('out:    ', '[0.935 ]')
('correct:', '[1     ]')
error:  0.00209030
('out:    ', '[0.985 ]')
('correct:', '[1     ]')
error:  0.00011770
('out:    ', '[0.996 ]')
('correct:', '[1     ]')
error:  0.00000878
('out:    ', '[0.994 ]')
('correct:', '[1     ]')
error:  0.00001637
('out:    ', '[0.972 ]')
('correct:', '[1     ]')
error:  0.00038724
('out:    ', '[0.993 ]')
('correct:', '[1     ]')
error:  0.00002700
('out:    ', '[0.995 ]')
('correct:', '[1     ]')
error:  0.00001052
('out:    ', '[0.996 ]')
('correct:', '[1     ]')
error:  0.00000977
('out:    ', '[0.992 ]')
('correct:', '[1     ]')
error:  0.00003412
('out:    ', '[0.993 ]')
('correct:', '[1     ]')
error:  0.00002465
('out:    ', '[0.966 ]')
('correct:', '[1     ]')
error:  0.00057174
('out:    ', '[0.923 ]')
('correct:', '[1     ]')
error:  0.00293553
('out:    ', '[0.994 ]')
('correct:', '[1     ]')
error:  0.00001665
('out:    ', '[0.994 ]')
('correct:', '[1     ]')
error:  0.00001881
('out:    ', '[0.99  ]')
('correct:', '[1     ]')
error:  0.00005184
('out:    ', '[0.995 ]')
('correct:', '[1     ]')
error:  0.00001391
('out:    ', '[0.995 ]')
('correct:', '[1     ]')
error:  0.00001058
('out:    ', '[0.932 ]')
('correct:', '[1     ]')
error:  0.00231645
('out:    ', '[0.989 ]')
('correct:', '[1     ]')
error:  0.00005674
('out:    ', '[0.99  ]')
('correct:', '[1     ]')
error:  0.00004619
('out:    ', '[0.51  ]')
('correct:', '[1     ]')
error:  0.12008441
('out:    ', '[0.993 ]')
('correct:', '[1     ]')
error:  0.00002219
('out:    ', '[0.979 ]')
('correct:', '[1     ]')
error:  0.00021843
('out:    ', '[0.997 ]')
('correct:', '[1     ]')
error:  0.00000360
('out:    ', '[0.995 ]')
('correct:', '[1     ]')
error:  0.00001277
('out:    ', '[0.988 ]')
('correct:', '[1     ]')
error:  0.00006753
('out:    ', '[0.994 ]')
('correct:', '[1     ]')
error:  0.00001536
('out:    ', '[0.997 ]')
('correct:', '[1     ]')
error:  0.00000533
('out:    ', '[0.997 ]')
('correct:', '[1     ]')
error:  0.00000343
('out:    ', '[0.954 ]')
('correct:', '[1     ]')
error:  0.00107303
('out:    ', '[0.934 ]')
('correct:', '[1     ]')
error:  0.00218053
('out:    ', '[0.965 ]')
('correct:', '[1     ]')
error:  0.00059608
('out:    ', '[0.987 ]')
('correct:', '[1     ]')
error:  0.00008051
('out:    ', '[0.997 ]')
('correct:', '[1     ]')
error:  0.00000336
('out:    ', '[0.958 ]')
('correct:', '[1     ]')
error:  0.00086699
('out:    ', '[0.993 ]')
('correct:', '[1     ]')
error:  0.00002404
('out:    ', '[0.992 ]')
('correct:', '[1     ]')
error:  0.00003503
('out:    ', '[0.993 ]')
('correct:', '[1     ]')
error:  0.00002326
('out:    ', '[0.991 ]')
('correct:', '[1     ]')
error:  0.00004153
('out:    ', '[0.995 ]')
('correct:', '[1     ]')
error:  0.00001370
('out:    ', '[0.992 ]')
('correct:', '[1     ]')
error:  0.00003306
('out:    ', '[0.822 ]')
('correct:', '[1     ]')
error:  0.01583085
('out:    ', '[0.993 ]')
('correct:', '[1     ]')
error:  0.00002166
('out:    ', '[0.997 ]')
('correct:', '[1     ]')
error:  0.00000536
('out:    ', '[0.996 ]')
('correct:', '[1     ]')
error:  0.00000847
('out:    ', '[0.992 ]')
('correct:', '[1     ]')
error:  0.00003581
('out:    ', '[0.995 ]')
('correct:', '[1     ]')
error:  0.00001050
('out:    ', '[0.996 ]')
('correct:', '[1     ]')
error:  0.00000846
('out:    ', '[0.99  ]')
('correct:', '[1     ]')
error:  0.00005088
('out:    ', '[0.985 ]')
('correct:', '[1     ]')
error:  0.00011894
('out:    ', '[0.808 ]')
('correct:', '[1     ]')
error:  0.01845455
('out:    ', '[0.983 ]')
('correct:', '[1     ]')
error:  0.00013646
('out:    ', '[0.995 ]')
('correct:', '[1     ]')
error:  0.00001035
('out:    ', '[0.997 ]')
('correct:', '[1     ]')
error:  0.00000572
('out:    ', '[0.994 ]')
('correct:', '[1     ]')
error:  0.00001829
('out:    ', '[0.995 ]')
('correct:', '[1     ]')
error:  0.00001040
('out:    ', '[0.996 ]')
('correct:', '[1     ]')
error:  0.00000884
('out:    ', '[0.995 ]')
('correct:', '[1     ]')
error:  0.00001440
('out:    ', '[0.996 ]')
('correct:', '[1     ]')
error:  0.00000812
('out:    ', '[0.987 ]')
('correct:', '[1     ]')
error:  0.00008067
('out:    ', '[0.997 ]')
('correct:', '[1     ]')
error:  0.00000551
('out:    ', '[0.925 ]')
('correct:', '[1     ]')
error:  0.00281024
('out:    ', '[0.996 ]')
('correct:', '[1     ]')
error:  0.00000795
('out:    ', '[0.98  ]')
('correct:', '[1     ]')
error:  0.00020761
('out:    ', '[0.994 ]')
('correct:', '[1     ]')
error:  0.00001623
('out:    ', '[0.984 ]')
('correct:', '[1     ]')
error:  0.00012167
('out:    ', '[0.998 ]')
('correct:', '[1     ]')
error:  0.00000246
('out:    ', '[0.996 ]')
('correct:', '[1     ]')
error:  0.00000998
('out:    ', '[0.987 ]')
('correct:', '[1     ]')
error:  0.00007850
('out:    ', '[0.994 ]')
('correct:', '[1     ]')
error:  0.00002099
('out:    ', '[0.825 ]')
('correct:', '[1     ]')
error:  0.01527145
('out:    ', '[0.957 ]')
('correct:', '[1     ]')
error:  0.00092254
('out:    ', '[0.996 ]')
('correct:', '[1     ]')
error:  0.00000785
('out:    ', '[0.996 ]')
('correct:', '[1     ]')
error:  0.00000721
('out:    ', '[0.996 ]')
('correct:', '[1     ]')
error:  0.00000759
('out:    ', '[0.982 ]')
('correct:', '[1     ]')
error:  0.00015531
('out:    ', '[0.992 ]')
('correct:', '[1     ]')
error:  0.00003522
('out:    ', '[0.994 ]')
('correct:', '[1     ]')
error:  0.00001904
('out:    ', '[0.994 ]')
('correct:', '[1     ]')
error:  0.00001860
('out:    ', '[0.996 ]')
('correct:', '[1     ]')
error:  0.00000645
('out:    ', '[0.944 ]')
('correct:', '[1     ]')
error:  0.00155764
('out:    ', '[0.993 ]')
('correct:', '[1     ]')
error:  0.00002567
('out:    ', '[0.996 ]')
('correct:', '[1     ]')
error:  0.00000821
('out:    ', '[0.988 ]')
('correct:', '[1     ]')
error:  0.00007166
('out:    ', '[0.995 ]')
('correct:', '[1     ]')
error:  0.00001369
('out:    ', '[0.974 ]')
('correct:', '[1     ]')
error:  0.00034063
('out:    ', '[0.895 ]')
('correct:', '[1     ]')
error:  0.00555934
('out:    ', '[0.896 ]')
('correct:', '[0     ]')
error:  0.40105939
('out:    ', '[0.994 ]')
('correct:', '[1     ]')
error:  0.00001855
('out:    ', '[0.994 ]')
('correct:', '[1     ]')
error:  0.00001640
('out:    ', '[0.995 ]')
('correct:', '[1     ]')
error:  0.00001118
('out:    ', '[0.997 ]')
('correct:', '[1     ]')
error:  0.00000560
('out:    ', '[0.997 ]')
('correct:', '[1     ]')
error:  0.00000595
('out:    ', '[0.992 ]')
('correct:', '[1     ]')
error:  0.00003538
('out:    ', '[0.993 ]')
('correct:', '[1     ]')
error:  0.00002725
('out:    ', '[0.764 ]')
('correct:', '[1     ]')
error:  0.02785928
('out:    ', '[0.995 ]')
('correct:', '[1     ]')
error:  0.00001482
('out:    ', '[0.998 ]')
('correct:', '[1     ]')
error:  0.00000223
('out:    ', '[0.995 ]')
('correct:', '[1     ]')
error:  0.00001368
('out:    ', '[0.997 ]')
('correct:', '[1     ]')
error:  0.00000363
('out:    ', '[0.995 ]')
('correct:', '[1     ]')
error:  0.00001423
('out:    ', '[0.996 ]')
('correct:', '[1     ]')
error:  0.00000946
('out:    ', '[0.984 ]')
('correct:', '[1     ]')
error:  0.00012502
('out:    ', '[0.93  ]')
('correct:', '[1     ]')
error:  0.00245723
('out:    ', '[0.981 ]')
('correct:', '[1     ]')
error:  0.00017661
('out:    ', '[0.977 ]')
('correct:', '[1     ]')
error:  0.00027452
('out:    ', '[0.992 ]')
('correct:', '[1     ]')
error:  0.00002968
('out:    ', '[0.997 ]')
('correct:', '[1     ]')
error:  0.00000548
('out:    ', '[0.998 ]')
('correct:', '[1     ]')
error:  0.00000232
('out:    ', '[0.995 ]')
('correct:', '[1     ]')
error:  0.00001274
('out:    ', '[0.995 ]')
('correct:', '[1     ]')
error:  0.00001221
('out:    ', '[0.996 ]')
('correct:', '[1     ]')
error:  0.00000709
('out:    ', '[0.991 ]')
('correct:', '[1     ]')
error:  0.00004450
('out:    ', '[0.995 ]')
('correct:', '[1     ]')
error:  0.00001395
('out:    ', '[0.957 ]')
('correct:', '[1     ]')
error:  0.00090698
('out:    ', '[0.995 ]')
('correct:', '[1     ]')
error:  0.00001048
('out:    ', '[0.989 ]')
('correct:', '[1     ]')
error:  0.00006050
('out:    ', '[0.99  ]')
('correct:', '[1     ]')
error:  0.00005372
('out:    ', '[0.992 ]')
('correct:', '[1     ]')
error:  0.00002959
('out:    ', '[0.995 ]')
('correct:', '[1     ]')
error:  0.00001019
('out:    ', '[0.981 ]')
('correct:', '[1     ]')
error:  0.00018958
('out:    ', '[0.979 ]')
('correct:', '[1     ]')
error:  0.00022113
('out:    ', '[0.994 ]')
('correct:', '[1     ]')
error:  0.00001898
('out:    ', '[0.595 ]')
('correct:', '[1     ]')
error:  0.08206473
('out:    ', '[0.996 ]')
('correct:', '[1     ]')
error:  0.00000967
('out:    ', '[0.991 ]')
('correct:', '[1     ]')
error:  0.00003671
('out:    ', '[0.99  ]')
('correct:', '[1     ]')
error:  0.00005077
('out:    ', '[0.988 ]')
('correct:', '[1     ]')
error:  0.00007583
('out:    ', '[0.995 ]')
('correct:', '[1     ]')
error:  0.00001088
('out:    ', '[0.995 ]')
('correct:', '[1     ]')
error:  0.00001414
('out:    ', '[0.964 ]')
('correct:', '[1     ]')
error:  0.00065807
('out:    ', '[0.997 ]')
('correct:', '[1     ]')
error:  0.00000417
('out:    ', '[0.994 ]')
('correct:', '[1     ]')
error:  0.00001584
('out:    ', '[0.995 ]')
('correct:', '[1     ]')
error:  0.00001449
('out:    ', '[0.34  ]')
('correct:', '[1     ]')
error:  0.21783156
('out:    ', '[0.985 ]')
('correct:', '[1     ]')
error:  0.00010617
('out:    ', '[0.785 ]')
('correct:', '[1     ]')
error:  0.02311757
('out:    ', '[0.986 ]')
('correct:', '[1     ]')
error:  0.00009160
('out:    ', '[0.995 ]')
('correct:', '[1     ]')
error:  0.00001013
('out:    ', '[0.996 ]')
('correct:', '[1     ]')
error:  0.00000962
('out:    ', '[0.996 ]')
('correct:', '[1     ]')
error:  0.00000635
('out:    ', '[0.992 ]')
('correct:', '[1     ]')
error:  0.00003032
('out:    ', '[0.987 ]')
('correct:', '[1     ]')
error:  0.00008322
('out:    ', '[0.997 ]')
('correct:', '[1     ]')
error:  0.00000605
('out:    ', '[0.992 ]')
('correct:', '[1     ]')
error:  0.00002870
('out:    ', '[0.981 ]')
('correct:', '[1     ]')
error:  0.00017956
('out:    ', '[0.997 ]')
('correct:', '[1     ]')
error:  0.00000529
('out:    ', '[0.983 ]')
('correct:', '[1     ]')
error:  0.00013957
('out:    ', '[0.677 ]')
('correct:', '[1     ]')
error:  0.05203302
('out:    ', '[0.989 ]')
('correct:', '[1     ]')
error:  0.00005745
('out:    ', '[0.937 ]')
('correct:', '[1     ]')
error:  0.00199907
('out:    ', '[0.94  ]')
('correct:', '[1     ]')
error:  0.00182967
('out:    ', '[0.995 ]')
('correct:', '[1     ]')
error:  0.00001387
('out:    ', '[0.963 ]')
('correct:', '[1     ]')
error:  0.00067289
('out:    ', '[0.982 ]')
('correct:', '[1     ]')
error:  0.00016623
('out:    ', '[0.995 ]')
('correct:', '[1     ]')
error:  0.00001127
('out:    ', '[0.978 ]')
('correct:', '[1     ]')
error:  0.00023859
('out:    ', '[0.984 ]')
('correct:', '[1     ]')
error:  0.00013069
('out:    ', '[0.997 ]')
('correct:', '[1     ]')
error:  0.00000508
('out:    ', '[0.991 ]')
('correct:', '[1     ]')
error:  0.00003946
('out:    ', '[0.991 ]')
('correct:', '[1     ]')
error:  0.00004418
('out:    ', '[0.993 ]')
('correct:', '[1     ]')
error:  0.00002487
('out:    ', '[0.996 ]')
('correct:', '[1     ]')
error:  0.00000976
('out:    ', '[0.993 ]')
('correct:', '[1     ]')
error:  0.00002498
('out:    ', '[0.992 ]')
('correct:', '[1     ]')
error:  0.00002872
('out:    ', '[0.994 ]')
('correct:', '[1     ]')
error:  0.00002040
('out:    ', '[0.994 ]')
('correct:', '[1     ]')
error:  0.00001600
('out:    ', '[0.991 ]')
('correct:', '[1     ]')
error:  0.00004080
('out:    ', '[0.996 ]')
('correct:', '[1     ]')
error:  0.00000624
('out:    ', '[0.994 ]')
('correct:', '[1     ]')
error:  0.00002030
('out:    ', '[0.995 ]')
('correct:', '[1     ]')
error:  0.00001196
('out:    ', '[0.994 ]')
('correct:', '[1     ]')
error:  0.00001897
('out:    ', '[0.146 ]')
('correct:', '[0     ]')
error:  0.01061396
('out:    ', '[0.986 ]')
('correct:', '[1     ]')
error:  0.00009400
('out:    ', '[0.994 ]')
('correct:', '[1     ]')
error:  0.00001555
('out:    ', '[0.979 ]')
('correct:', '[1     ]')
error:  0.00022563
('out:    ', '[0.854 ]')
('correct:', '[1     ]')
error:  0.01071873
('out:    ', '[0.718 ]')
('correct:', '[1     ]')
error:  0.03963391
('out:    ', '[0.884 ]')
('correct:', '[1     ]')
error:  0.00668773
('out:    ', '[0.997 ]')
('correct:', '[1     ]')
error:  0.00000521
('out:    ', '[0.995 ]')
('correct:', '[1     ]')
error:  0.00001069
('out:    ', '[0.959 ]')
('correct:', '[1     ]')
error:  0.00084214
('out:    ', '[0.997 ]')
('correct:', '[1     ]')
error:  0.00000519
('out:    ', '[0.951 ]')
('correct:', '[1     ]')
error:  0.00121799
('out:    ', '[0.97  ]')
('correct:', '[1     ]')
error:  0.00045971
('out:    ', '[0.997 ]')
('correct:', '[1     ]')
error:  0.00000509
('out:    ', '[0.993 ]')
('correct:', '[1     ]')
error:  0.00002153
('out:    ', '[0.564 ]')
('correct:', '[1     ]')
error:  0.09504261
('out:    ', '[0.985 ]')
('correct:', '[1     ]')
error:  0.00010871
('out:    ', '[0.991 ]')
('correct:', '[1     ]')
error:  0.00004353
('out:    ', '[0.956 ]')
('correct:', '[1     ]')
error:  0.00096828
('out:    ', '[0.98  ]')
('correct:', '[1     ]')
error:  0.00020585
('out:    ', '[0.995 ]')
('correct:', '[1     ]')
error:  0.00001017
('out:    ', '[0.961 ]')
('correct:', '[1     ]')
error:  0.00074594
('out:    ', '[0.998 ]')
('correct:', '[1     ]')
error:  0.00000259
('out:    ', '[0.994 ]')
('correct:', '[1     ]')
error:  0.00002039
('out:    ', '[0.995 ]')
('correct:', '[1     ]')
error:  0.00001033
('out:    ', '[0.981 ]')
('correct:', '[1     ]')
error:  0.00019005
('out:    ', '[0.99  ]')
('correct:', '[1     ]')
error:  0.00005190
('out:    ', '[0.986 ]')
('correct:', '[1     ]')
error:  0.00010281
('out:    ', '[0.995 ]')
('correct:', '[1     ]')
error:  0.00001033
('out:    ', '[0.986 ]')
('correct:', '[1     ]')
error:  0.00010462
('out:    ', '[0.998 ]')
('correct:', '[1     ]')
error:  0.00000312
('out:    ', '[0.995 ]')
('correct:', '[1     ]')
error:  0.00001386
('out:    ', '[0.994 ]')
('correct:', '[1     ]')
error:  0.00001886
('out:    ', '[0.993 ]')
('correct:', '[1     ]')
error:  0.00002235
('out:    ', '[0.987 ]')
('correct:', '[1     ]')
error:  0.00008370
('out:    ', '[0.996 ]')
('correct:', '[1     ]')
error:  0.00000744
('out:    ', '[0.944 ]')
('correct:', '[1     ]')
error:  0.00154242
('out:    ', '[0.894 ]')
('correct:', '[1     ]')
error:  0.00566909
('out:    ', '[0.966 ]')
('correct:', '[1     ]')
error:  0.00057956
('out:    ', '[0.609 ]')
('correct:', '[1     ]')
error:  0.07653376
('out:    ', '[0.994 ]')
('correct:', '[1     ]')
error:  0.00002029
('out:    ', '[0.995 ]')
('correct:', '[1     ]')
error:  0.00001142
('out:    ', '[0.997 ]')
('correct:', '[1     ]')
error:  0.00000543
('out:    ', '[0.982 ]')
('correct:', '[1     ]')
error:  0.00015600
('out:    ', '[0.983 ]')
('correct:', '[1     ]')
error:  0.00014181
('out:    ', '[0.992 ]')
('correct:', '[1     ]')
error:  0.00002923
('out:    ', '[0.995 ]')
('correct:', '[1     ]')
error:  0.00001317
('out:    ', '[0.997 ]')
('correct:', '[1     ]')
error:  0.00000514
('out:    ', '[0.994 ]')
('correct:', '[1     ]')
error:  0.00001892
('out:    ', '[0.991 ]')
('correct:', '[1     ]')
error:  0.00004467
('out:    ', '[0.992 ]')
('correct:', '[1     ]')
error:  0.00003291
('out:    ', '[0.924 ]')
('correct:', '[1     ]')
error:  0.00288470
('out:    ', '[0.996 ]')
('correct:', '[1     ]')
error:  0.00000969
('out:    ', '[0.228 ]')
('correct:', '[1     ]')
error:  0.29775766
('out:    ', '[0.997 ]')
('correct:', '[1     ]')
error:  0.00000340
('out:    ', '[0.995 ]')
('correct:', '[1     ]')
error:  0.00001161
('out:    ', '[0.939 ]')
('correct:', '[1     ]')
error:  0.00185447
('out:    ', '[0.988 ]')
('correct:', '[1     ]')
error:  0.00007453
('out:    ', '[0.924 ]')
('correct:', '[1     ]')
error:  0.00291055
('out:    ', '[0.974 ]')
('correct:', '[1     ]')
error:  0.00034165
('out:    ', '[0.726 ]')
('correct:', '[0     ]')
error:  0.26354813
('out:    ', '[0.996 ]')
('correct:', '[1     ]')
error:  0.00000856
('out:    ', '[0.508 ]')
('correct:', '[1     ]')
error:  0.12103379
('out:    ', '[0.987 ]')
('correct:', '[1     ]')
error:  0.00008049
('out:    ', '[0.993 ]')
('correct:', '[1     ]')
error:  0.00002171
('out:    ', '[0.855 ]')
('correct:', '[0     ]')
error:  0.36520653
('out:    ', '[0.527 ]')
('correct:', '[1     ]')
error:  0.11185772
('out:    ', '[0.989 ]')
('correct:', '[1     ]')
error:  0.00006552
('out:    ', '[0.995 ]')
('correct:', '[1     ]')
error:  0.00001041
('out:    ', '[0.996 ]')
('correct:', '[1     ]')
error:  0.00000667
('out:    ', '[0.997 ]')
('correct:', '[1     ]')
error:  0.00000533
('out:    ', '[0.994 ]')
('correct:', '[1     ]')
error:  0.00001751
('out:    ', '[0.995 ]')
('correct:', '[1     ]')
error:  0.00001033
('out:    ', '[0.995 ]')
('correct:', '[1     ]')
error:  0.00001042
('out:    ', '[0.766 ]')
('correct:', '[1     ]')
error:  0.02737360
('out:    ', '[0.941 ]')
('correct:', '[1     ]')
error:  0.00172322
('out:    ', '[0.994 ]')
('correct:', '[1     ]')
error:  0.00001901
('out:    ', '[0.996 ]')
('correct:', '[1     ]')
error:  0.00001009
('out:    ', '[0.982 ]')
('correct:', '[1     ]')
error:  0.00015823
('out:    ', '[0.994 ]')
('correct:', '[1     ]')
error:  0.00002103
('out:    ', '[0.889 ]')
('correct:', '[1     ]')
error:  0.00620857
('out:    ', '[0.931 ]')
('correct:', '[1     ]')
error:  0.00239795
('out:    ', '[0.963 ]')
('correct:', '[1     ]')
error:  0.00066934
('out:    ', '[0.94  ]')
('correct:', '[1     ]')
error:  0.00177699
('out:    ', '[0.995 ]')
('correct:', '[1     ]')
error:  0.00001118
('out:    ', '[0.996 ]')
('correct:', '[1     ]')
error:  0.00000807
('out:    ', '[0.995 ]')
('correct:', '[1     ]')
error:  0.00001055
('out:    ', '[0.957 ]')
('correct:', '[1     ]')
error:  0.00092071
('out:    ', '[0.705 ]')
('correct:', '[1     ]')
error:  0.04352056
('out:    ', '[0.996 ]')
('correct:', '[1     ]')
error:  0.00001007
('out:    ', '[0.997 ]')
('correct:', '[1     ]')
error:  0.00000541
('out:    ', '[0.971 ]')
('correct:', '[1     ]')
error:  0.00041220
('out:    ', '[0.993 ]')
('correct:', '[1     ]')
error:  0.00002370
('out:    ', '[0.994 ]')
('correct:', '[1     ]')
error:  0.00001909
('out:    ', '[0.997 ]')
('correct:', '[1     ]')
error:  0.00000563
('out:    ', '[0.995 ]')
('correct:', '[1     ]')
error:  0.00001045
('out:    ', '[0.993 ]')
('correct:', '[1     ]')
error:  0.00002568
('out:    ', '[0.996 ]')
('correct:', '[1     ]')
error:  0.00001006
('out:    ', '[0.985 ]')
('correct:', '[1     ]')
error:  0.00011841
('out:    ', '[0.979 ]')
('correct:', '[1     ]')
error:  0.00022634
('out:    ', '[0.995 ]')
('correct:', '[1     ]')
error:  0.00001035
('out:    ', '[0.995 ]')
('correct:', '[1     ]')
error:  0.00001039
('out:    ', '[0.778 ]')
('correct:', '[1     ]')
error:  0.02462991
('out:    ', '[0.996 ]')
('correct:', '[1     ]')
error:  0.00000959
('out:    ', '[0.938 ]')
('correct:', '[1     ]')
error:  0.00191381
('out:    ', '[0.995 ]')
('correct:', '[1     ]')
error:  0.00001076
('out:    ', '[0.926 ]')
('correct:', '[1     ]')
error:  0.00274710
('out:    ', '[0.996 ]')
('correct:', '[1     ]')
error:  0.00000728
('out:    ', '[0.994 ]')
('correct:', '[1     ]')
error:  0.00002010
('out:    ', '[0.997 ]')
('correct:', '[1     ]')
error:  0.00000533
('out:    ', '[0.995 ]')
('correct:', '[1     ]')
error:  0.00001297
('out:    ', '[0.997 ]')
('correct:', '[1     ]')
error:  0.00000533
('out:    ', '[0.674 ]')
('correct:', '[1     ]')
error:  0.05305578
('out:    ', '[0.982 ]')
('correct:', '[1     ]')
error:  0.00016834
('out:    ', '[0.994 ]')
('correct:', '[1     ]')
error:  0.00001990
('out:    ', '[0.994 ]')
('correct:', '[1     ]')
error:  0.00001542
('out:    ', '[0.996 ]')
('correct:', '[1     ]')
error:  0.00000944
('out:    ', '[0.996 ]')
('correct:', '[1     ]')
error:  0.00000771
('out:    ', '[0.945 ]')
('correct:', '[1     ]')
error:  0.00151182
('out:    ', '[0.942 ]')
('correct:', '[1     ]')
error:  0.00170676
('out:    ', '[0.994 ]')
('correct:', '[1     ]')
error:  0.00001578
('out:    ', '[0.997 ]')
('correct:', '[1     ]')
error:  0.00000609
('out:    ', '[0.982 ]')
('correct:', '[1     ]')
error:  0.00016090
('out:    ', '[0.996 ]')
('correct:', '[1     ]')
error:  0.00000623
('out:    ', '[0.994 ]')
('correct:', '[1     ]')
error:  0.00001888
('out:    ', '[0.927 ]')
('correct:', '[1     ]')
error:  0.00269059
('out:    ', '[0.958 ]')
('correct:', '[1     ]')
error:  0.00087852
('out:    ', '[0.931 ]')
('correct:', '[0     ]')
error:  0.43369669
('out:    ', '[0.995 ]')
('correct:', '[1     ]')
error:  0.00001030
('out:    ', '[0.992 ]')
('correct:', '[1     ]')
error:  0.00003206
('out:    ', '[0.997 ]')
('correct:', '[1     ]')
error:  0.00000321
('out:    ', '[0.992 ]')
('correct:', '[1     ]')
error:  0.00003500
('out:    ', '[0.997 ]')
('correct:', '[1     ]')
error:  0.00000523
('out:    ', '[0.873 ]')
('correct:', '[0     ]')
error:  0.38138091
('out:    ', '[0.752 ]')
('correct:', '[1     ]')
error:  0.03065727
('out:    ', '[0.995 ]')
('correct:', '[1     ]')
error:  0.00001236
('out:    ', '[0.995 ]')
('correct:', '[1     ]')
error:  0.00001076
('out:    ', '[0.859 ]')
('correct:', '[1     ]')
error:  0.00991657
('out:    ', '[0.996 ]')
('correct:', '[1     ]')
error:  0.00000668
('out:    ', '[0.994 ]')
('correct:', '[1     ]')
error:  0.00001946
('out:    ', '[0.995 ]')
('correct:', '[1     ]')
error:  0.00001342
('out:    ', '[0.996 ]')
('correct:', '[1     ]')
error:  0.00000752
('out:    ', '[0.996 ]')
('correct:', '[1     ]')
error:  0.00000731
('out:    ', '[0.997 ]')
('correct:', '[1     ]')
error:  0.00000577
('out:    ', '[0.987 ]')
('correct:', '[1     ]')
error:  0.00008444
('out:    ', '[0.978 ]')
('correct:', '[1     ]')
error:  0.00023255
('out:    ', '[0.995 ]')
('correct:', '[1     ]')
error:  0.00001240
('out:    ', '[0.993 ]')
('correct:', '[1     ]')
error:  0.00002393
('out:    ', '[0.995 ]')
('correct:', '[1     ]')
error:  0.00001030
('out:    ', '[0.951 ]')
('correct:', '[1     ]')
error:  0.00118704
('out:    ', '[0.995 ]')
('correct:', '[1     ]')
error:  0.00001051
('out:    ', '[0.405 ]')
('correct:', '[1     ]')
error:  0.17726894
('out:    ', '[0.995 ]')
('correct:', '[1     ]')
error:  0.00001109
('out:    ', '[0.669 ]')
('correct:', '[1     ]')
error:  0.05485207
('out:    ', '[0.995 ]')
('correct:', '[1     ]')
error:  0.00001057
('out:    ', '[0.943 ]')
('correct:', '[1     ]')
error:  0.00162598
('out:    ', '[0.997 ]')
('correct:', '[1     ]')
error:  0.00000537
('out:    ', '[0.995 ]')
('correct:', '[1     ]')
error:  0.00001108
('out:    ', '[0.935 ]')
('correct:', '[1     ]')
error:  0.00213474
('out:    ', '[0.994 ]')
('correct:', '[1     ]')
error:  0.00001876
('out:    ', '[0.991 ]')
('correct:', '[1     ]')
error:  0.00004219
('out:    ', '[0.997 ]')
('correct:', '[1     ]')
error:  0.00000592
('out:    ', '[0.953 ]')
('correct:', '[1     ]')
error:  0.00112056
('out:    ', '[0.808 ]')
('correct:', '[1     ]')
error:  0.01841531
('out:    ', '[0.994 ]')
('correct:', '[1     ]')
error:  0.00002013
('out:    ', '[0.979 ]')
('correct:', '[1     ]')
error:  0.00021263
('out:    ', '[0.994 ]')
('correct:', '[1     ]')
error:  0.00001898
('out:    ', '[0.988 ]')
('correct:', '[1     ]')
error:  0.00007269
('out:    ', '[0.943 ]')
('correct:', '[1     ]')
error:  0.00162038
('out:    ', '[0.995 ]')
('correct:', '[1     ]')
error:  0.00001186
('out:    ', '[0.954 ]')
('correct:', '[1     ]')
error:  0.00104297
('out:    ', '[0.996 ]')
('correct:', '[1     ]')
error:  0.00000981
('out:    ', '[0.995 ]')
('correct:', '[1     ]')
error:  0.00001449
('out:    ', '[0.82  ]')
('correct:', '[1     ]')
error:  0.01616278
('out:    ', '[0.935 ]')
('correct:', '[1     ]')
error:  0.00209853
('out:    ', '[0.993 ]')
('correct:', '[1     ]')
error:  0.00002561
('out:    ', '[0.988 ]')
('correct:', '[1     ]')
error:  0.00007777
('out:    ', '[0.995 ]')
('correct:', '[1     ]')
error:  0.00001117
('out:    ', '[0.993 ]')
('correct:', '[1     ]')
error:  0.00002625
('out:    ', '[0.997 ]')
('correct:', '[1     ]')
error:  0.00000410
('out:    ', '[0.997 ]')
('correct:', '[1     ]')
error:  0.00000338
('out:    ', '[0.984 ]')
('correct:', '[1     ]')
error:  0.00013275
('out:    ', '[0.963 ]')
('correct:', '[1     ]')
error:  0.00067561
('out:    ', '[0.422 ]')
('correct:', '[0     ]')
error:  0.08901480
('out:    ', '[0.997 ]')
('correct:', '[1     ]')
error:  0.00000537
('out:    ', '[0.997 ]')
('correct:', '[1     ]')
error:  0.00000426
('out:    ', '[0.994 ]')
('correct:', '[1     ]')
error:  0.00001885
('out:    ', '[0.985 ]')
('correct:', '[0     ]')
error:  0.48463857
('out:    ', '[0.991 ]')
('correct:', '[1     ]')
error:  0.00004045
('out:    ', '[0.996 ]')
('correct:', '[1     ]')
error:  0.00000854
('out:    ', '[0.98  ]')
('correct:', '[1     ]')
error:  0.00019910
('out:    ', '[0.811 ]')
('correct:', '[1     ]')
error:  0.01781239
('out:    ', '[0.995 ]')
('correct:', '[1     ]')
error:  0.00001060
('out:    ', '[0.951 ]')
('correct:', '[1     ]')
error:  0.00121275
('out:    ', '[0.996 ]')
('correct:', '[1     ]')
error:  0.00000792
('out:    ', '[0.995 ]')
('correct:', '[1     ]')
error:  0.00001139
('out:    ', '[0.833 ]')
('correct:', '[1     ]')
error:  0.01394719
('out:    ', '[0.815 ]')
('correct:', '[1     ]')
error:  0.01706600
('out:    ', '[0.995 ]')
('correct:', '[1     ]')
error:  0.00001103
('out:    ', '[0.993 ]')
('correct:', '[1     ]')
error:  0.00002237
('out:    ', '[0.927 ]')
('correct:', '[1     ]')
error:  0.00269856
('out:    ', '[0.996 ]')
('correct:', '[1     ]')
error:  0.00000700
('out:    ', '[0.932 ]')
('correct:', '[1     ]')
error:  0.00228447
('out:    ', '[0.997 ]')
('correct:', '[1     ]')
error:  0.00000582
('out:    ', '[0.995 ]')
('correct:', '[1     ]')
error:  0.00001025
('out:    ', '[0.997 ]')
('correct:', '[1     ]')
error:  0.00000445
('out:    ', '[0.924 ]')
('correct:', '[1     ]')
error:  0.00290715
('out:    ', '[0.95  ]')
('correct:', '[1     ]')
error:  0.00126376
('out:    ', '[0.995 ]')
('correct:', '[1     ]')
error:  0.00001027
('out:    ', '[0.993 ]')
('correct:', '[1     ]')
error:  0.00002382
('out:    ', '[0.996 ]')
('correct:', '[1     ]')
error:  0.00000930
('out:    ', '[0.995 ]')
('correct:', '[1     ]')
error:  0.00001038
('out:    ', '[0.947 ]')
('correct:', '[1     ]')
error:  0.00138472
('out:    ', '[0.989 ]')
('correct:', '[1     ]')
error:  0.00006176
('out:    ', '[0.997 ]')
('correct:', '[1     ]')
error:  0.00000430
('out:    ', '[0.996 ]')
('correct:', '[1     ]')
error:  0.00000922
('out:    ', '[0.954 ]')
('correct:', '[1     ]')
error:  0.00106816
('out:    ', '[0.691 ]')
('correct:', '[1     ]')
error:  0.04784648
('out:    ', '[0.988 ]')
('correct:', '[1     ]')
error:  0.00006978
('out:    ', '[0.99  ]')
('correct:', '[1     ]')
error:  0.00005150
('out:    ', '[0.996 ]')
('correct:', '[1     ]')
error:  0.00000925
('out:    ', '[0.997 ]')
('correct:', '[1     ]')
error:  0.00000526
('out:    ', '[0.994 ]')
('correct:', '[1     ]')
error:  0.00001926
('out:    ', '[0.984 ]')
('correct:', '[1     ]')
error:  0.00012146
('out:    ', '[0.801 ]')
('correct:', '[1     ]')
error:  0.01988354
('out:    ', '[0.995 ]')
('correct:', '[1     ]')
error:  0.00001042
('out:    ', '[0.865 ]')
('correct:', '[1     ]')
error:  0.00916427
('out:    ', '[0.992 ]')
('correct:', '[1     ]')
error:  0.00002848
('out:    ', '[0.994 ]')
('correct:', '[1     ]')
error:  0.00002052
('out:    ', '[0.992 ]')
('correct:', '[1     ]')
error:  0.00003149
('out:    ', '[0.997 ]')
('correct:', '[1     ]')
error:  0.00000523
('out:    ', '[0.994 ]')
('correct:', '[1     ]')
error:  0.00001941
('out:    ', '[0.885 ]')
('correct:', '[1     ]')
error:  0.00665675
('out:    ', '[0.984 ]')
('correct:', '[1     ]')
error:  0.00012905
('out:    ', '[0.985 ]')
('correct:', '[1     ]')
error:  0.00010738
('out:    ', '[0.997 ]')
('correct:', '[1     ]')
error:  0.00000435
('out:    ', '[0.949 ]')
('correct:', '[1     ]')
error:  0.00130832
('out:    ', '[0.973 ]')
('correct:', '[1     ]')
error:  0.00037370
('out:    ', '[0.997 ]')
('correct:', '[1     ]')
error:  0.00000337
('out:    ', '[0.998 ]')
('correct:', '[1     ]')
error:  0.00000303
('out:    ', '[0.994 ]')
('correct:', '[1     ]')
error:  0.00001873
('out:    ', '[0.987 ]')
('correct:', '[1     ]')
error:  0.00008406
('out:    ', '[0.994 ]')
('correct:', '[1     ]')
error:  0.00001991
('out:    ', '[0.988 ]')
('correct:', '[1     ]')
error:  0.00007700
('out:    ', '[0.986 ]')
('correct:', '[1     ]')
error:  0.00010132
('out:    ', '[0.939 ]')
('correct:', '[1     ]')
error:  0.00186477
('out:    ', '[0.992 ]')
('correct:', '[1     ]')
error:  0.00003037
('out:    ', '[0.992 ]')
('correct:', '[1     ]')
error:  0.00003017
('out:    ', '[0.994 ]')
('correct:', '[1     ]')
error:  0.00001676
('out:    ', '[0.911 ]')
('correct:', '[1     ]')
error:  0.00397010
('out:    ', '[0.935 ]')
('correct:', '[1     ]')
error:  0.00209000
('out:    ', '[0.986 ]')
('correct:', '[1     ]')
error:  0.00009891
('out:    ', '[0.997 ]')
('correct:', '[1     ]')
error:  0.00000522
('out:    ', '[0.964 ]')
('correct:', '[1     ]')
error:  0.00063892
('out:    ', '[0.665 ]')
('correct:', '[1     ]')
error:  0.05616400
('out:    ', '[0.996 ]')
('correct:', '[1     ]')
error:  0.00000841
('out:    ', '[0.989 ]')
('correct:', '[1     ]')
error:  0.00006470
('out:    ', '[0.997 ]')
('correct:', '[1     ]')
error:  0.00000534
('out:    ', '[0.981 ]')
('correct:', '[1     ]')
error:  0.00017635
('out:    ', '[0.993 ]')
('correct:', '[1     ]')
error:  0.00002324
('out:    ', '[0.995 ]')
('correct:', '[1     ]')
error:  0.00001082
('out:    ', '[0.997 ]')
('correct:', '[1     ]')
error:  0.00000539
('out:    ', '[0.997 ]')
('correct:', '[1     ]')
error:  0.00000337
('out:    ', '[0.936 ]')
('correct:', '[1     ]')
error:  0.00205356
('out:    ', '[0.997 ]')
('correct:', '[1     ]')
error:  0.00000426
('out:    ', '[0.996 ]')
('correct:', '[1     ]')
error:  0.00000817
('out:    ', '[0.993 ]')
('correct:', '[1     ]')
error:  0.00002593
('out:    ', '[0.994 ]')
('correct:', '[1     ]')
error:  0.00001850
('out:    ', '[0.996 ]')
('correct:', '[1     ]')
error:  0.00000987
('out:    ', '[0.976 ]')
('correct:', '[1     ]')
error:  0.00028209
('out:    ', '[0.911 ]')
('correct:', '[1     ]')
error:  0.00394744
('out:    ', '[0.994 ]')
('correct:', '[1     ]')
error:  0.00001881
('out:    ', '[0.919 ]')
('correct:', '[1     ]')
error:  0.00329404
('out:    ', '[0.995 ]')
('correct:', '[1     ]')
error:  0.00001038
('out:    ', '[0.995 ]')
('correct:', '[0     ]')
error:  0.49490008
('out:    ', '[0.993 ]')
('correct:', '[1     ]')
error:  0.00002397
('out:    ', '[0.997 ]')
('correct:', '[1     ]')
error:  0.00000411
('out:    ', '[0.981 ]')
('correct:', '[1     ]')
error:  0.00018706
('out:    ', '[0.995 ]')
('correct:', '[1     ]')
error:  0.00001052
('out:    ', '[0.994 ]')
('correct:', '[1     ]')
error:  0.00001581
('out:    ', '[0.985 ]')
('correct:', '[1     ]')
error:  0.00011434
('out:    ', '[0.993 ]')
('correct:', '[1     ]')
error:  0.00002573
('out:    ', '[0.996 ]')
('correct:', '[1     ]')
error:  0.00000677
('out:    ', '[0.862 ]')
('correct:', '[0     ]')
error:  0.37184329
('out:    ', '[0.981 ]')
('correct:', '[1     ]')
error:  0.00018002
('out:    ', '[0.588 ]')
('correct:', '[1     ]')
error:  0.08489789
('out:    ', '[0.993 ]')
('correct:', '[1     ]')
error:  0.00002655
('out:    ', '[0.996 ]')
('correct:', '[1     ]')
error:  0.00000667
('out:    ', '[0.943 ]')
('correct:', '[1     ]')
error:  0.00163619
('out:    ', '[0.983 ]')
('correct:', '[1     ]')
error:  0.00015058
('out:    ', '[0.997 ]')
('correct:', '[1     ]')
error:  0.00000533
('out:    ', '[0.873 ]')
('correct:', '[1     ]')
error:  0.00801983
('out:    ', '[0.996 ]')
('correct:', '[1     ]')
error:  0.00000626
('out:    ', '[0.994 ]')
('correct:', '[1     ]')
error:  0.00001590
('out:    ', '[0.996 ]')
('correct:', '[1     ]')
error:  0.00000781
('out:    ', '[0.966 ]')
('correct:', '[1     ]')
error:  0.00056692
('out:    ', '[0.996 ]')
('correct:', '[1     ]')
error:  0.00000996
('out:    ', '[0.997 ]')
('correct:', '[1     ]')
error:  0.00000490
('out:    ', '[0.99  ]')
('correct:', '[1     ]')
error:  0.00004694
('out:    ', '[0.967 ]')
('correct:', '[1     ]')
error:  0.00055122
('out:    ', '[0.995 ]')
('correct:', '[1     ]')
error:  0.00001366
('out:    ', '[0.992 ]')
('correct:', '[1     ]')
error:  0.00003063
('out:    ', '[0.992 ]')
('correct:', '[1     ]')
error:  0.00003520
('out:    ', '[0.911 ]')
('correct:', '[1     ]')
error:  0.00391927
('out:    ', '[0.995 ]')
('correct:', '[1     ]')
error:  0.00001192
('out:    ', '[0.992 ]')
('correct:', '[1     ]')
error:  0.00003074
('out:    ', '[0.995 ]')
('correct:', '[1     ]')
error:  0.00001183
('out:    ', '[0.996 ]')
('correct:', '[1     ]')
error:  0.00000773
('out:    ', '[0.815 ]')
('correct:', '[1     ]')
error:  0.01716927
('out:    ', '[0.987 ]')
('correct:', '[1     ]')
error:  0.00008525
('out:    ', '[0.995 ]')
('correct:', '[1     ]')
error:  0.00001037
('out:    ', '[0.72  ]')
('correct:', '[1     ]')
error:  0.03930732
('out:    ', '[0.996 ]')
('correct:', '[1     ]')
error:  0.00000637
('out:    ', '[0.996 ]')
('correct:', '[1     ]')
error:  0.00000820
('out:    ', '[0.996 ]')
('correct:', '[1     ]')
error:  0.00000646
('out:    ', '[0.992 ]')
('correct:', '[1     ]')
error:  0.00003226
('out:    ', '[0.955 ]')
('correct:', '[1     ]')
error:  0.00101403
('out:    ', '[0.987 ]')
('correct:', '[1     ]')
error:  0.00008664
('out:    ', '[0.992 ]')
('correct:', '[1     ]')
error:  0.00002936
('out:    ', '[0.985 ]')
('correct:', '[1     ]')
error:  0.00011130
('out:    ', '[0.993 ]')
('correct:', '[1     ]')
error:  0.00002170
('out:    ', '[0.855 ]')
('correct:', '[0     ]')
error:  0.36576380
('out:    ', '[0.997 ]')
('correct:', '[1     ]')
error:  0.00000520
('out:    ', '[0.991 ]')
('correct:', '[1     ]')
error:  0.00004293
('out:    ', '[0.99  ]')
('correct:', '[1     ]')
error:  0.00004988
('out:    ', '[0.997 ]')
('correct:', '[1     ]')
error:  0.00000419
('out:    ', '[0.988 ]')
('correct:', '[1     ]')
error:  0.00006994
('out:    ', '[0.973 ]')
('correct:', '[1     ]')
error:  0.00035401
('out:    ', '[0.989 ]')
('correct:', '[1     ]')
error:  0.00006479
('out:    ', '[0.924 ]')
('correct:', '[1     ]')
error:  0.00289573
('out:    ', '[0.998 ]')
('correct:', '[1     ]')
error:  0.00000284
('out:    ', '[0.996 ]')
('correct:', '[1     ]')
error:  0.00000689
('out:    ', '[0.959 ]')
('correct:', '[1     ]')
error:  0.00082085
('out:    ', '[0.96  ]')
('correct:', '[1     ]')
error:  0.00078295
('out:    ', '[0.968 ]')
('correct:', '[1     ]')
error:  0.00050447
('out:    ', '[0.995 ]')
('correct:', '[1     ]')
error:  0.00001497
('out:    ', '[0.994 ]')
('correct:', '[1     ]')
error:  0.00001816
('out:    ', '[0.988 ]')
('correct:', '[1     ]')
error:  0.00007798
('out:    ', '[0.937 ]')
('correct:', '[1     ]')
error:  0.00198848
('out:    ', '[0.992 ]')
('correct:', '[1     ]')
error:  0.00002928
('out:    ', '[0.995 ]')
('correct:', '[1     ]')
error:  0.00001097
('out:    ', '[0.993 ]')
('correct:', '[1     ]')
error:  0.00002173
('out:    ', '[0.715 ]')
('correct:', '[1     ]')
error:  0.04060252
('out:    ', '[0.995 ]')
('correct:', '[1     ]')
error:  0.00001493
('out:    ', '[0.996 ]')
('correct:', '[1     ]')
error:  0.00000876
('out:    ', '[0.977 ]')
('correct:', '[1     ]')
error:  0.00026655
('out:    ', '[0.996 ]')
('correct:', '[1     ]')
error:  0.00000851
('out:    ', '[0.995 ]')
('correct:', '[1     ]')
error:  0.00001407
('out:    ', '[0.995 ]')
('correct:', '[1     ]')
error:  0.00001065
('out:    ', '[0.995 ]')
('correct:', '[1     ]')
error:  0.00001159
('out:    ', '[0.992 ]')
('correct:', '[1     ]')
error:  0.00003368
('out:    ', '[0.997 ]')
('correct:', '[1     ]')
error:  0.00000539
('out:    ', '[0.701 ]')
('correct:', '[1     ]')
error:  0.04466068
('out:    ', '[0.994 ]')
('correct:', '[1     ]')
error:  0.00001772
('out:    ', '[0.993 ]')
('correct:', '[1     ]')
error:  0.00002169
('out:    ', '[0.85  ]')
('correct:', '[1     ]')
error:  0.01125704
('out:    ', '[0.994 ]')
('correct:', '[1     ]')
error:  0.00001651
('out:    ', '[0.943 ]')
('correct:', '[1     ]')
error:  0.00160177
('out:    ', '[0.997 ]')
('correct:', '[1     ]')
error:  0.00000374
('out:    ', '[0.971 ]')
('correct:', '[1     ]')
error:  0.00041578
('out:    ', '[0.994 ]')
('correct:', '[1     ]')
error:  0.00001561
('out:    ', '[0.996 ]')
('correct:', '[1     ]')
error:  0.00000988
('out:    ', '[0.764 ]')
('correct:', '[1     ]')
error:  0.02789980
('out:    ', '[0.998 ]')
('correct:', '[1     ]')
error:  0.00000280
('out:    ', '[0.99  ]')
('correct:', '[1     ]')
error:  0.00004805
('out:    ', '[0.99  ]')
('correct:', '[1     ]')
error:  0.00004928
('out:    ', '[0.995 ]')
('correct:', '[1     ]')
error:  0.00001029
('out:    ', '[0.997 ]')
('correct:', '[1     ]')
error:  0.00000523
('out:    ', '[0.994 ]')
('correct:', '[1     ]')
error:  0.00001963
('out:    ', '[0.957 ]')
('correct:', '[1     ]')
error:  0.00094376
('out:    ', '[0.776 ]')
('correct:', '[1     ]')
error:  0.02511558
('out:    ', '[0.996 ]')
('correct:', '[1     ]')
error:  0.00000911
('out:    ', '[0.895 ]')
('correct:', '[1     ]')
error:  0.00547727
('out:    ', '[0.995 ]')
('correct:', '[1     ]')
error:  0.00001149
('out:    ', '[0.985 ]')
('correct:', '[1     ]')
error:  0.00011222
('out:    ', '[0.994 ]')
('correct:', '[1     ]')
error:  0.00001676
('out:    ', '[0.993 ]')
('correct:', '[1     ]')
error:  0.00002678
('out:    ', '[0.996 ]')
('correct:', '[1     ]')
error:  0.00000736
('out:    ', '[0.989 ]')
('correct:', '[1     ]')
error:  0.00006568
('out:    ', '[0.995 ]')
('correct:', '[1     ]')
error:  0.00001076
('out:    ', '[0.995 ]')
('correct:', '[1     ]')
error:  0.00001475
('out:    ', '[0.989 ]')
('correct:', '[1     ]')
error:  0.00005625
('out:    ', '[0.822 ]')
('correct:', '[1     ]')
error:  0.01590291
('out:    ', '[0.995 ]')
('correct:', '[1     ]')
error:  0.00001039
('out:    ', '[0.995 ]')
('correct:', '[1     ]')
error:  0.00001322
('out:    ', '[0.934 ]')
('correct:', '[1     ]')
error:  0.00219241
('out:    ', '[0.774 ]')
('correct:', '[0     ]')
error:  0.29984953
('out:    ', '[0.998 ]')
('correct:', '[1     ]')
error:  0.00000283
('out:    ', '[0.898 ]')
('correct:', '[1     ]')
error:  0.00518338
('out:    ', '[0.988 ]')
('correct:', '[1     ]')
error:  0.00007445
('out:    ', '[0.933 ]')
('correct:', '[1     ]')
error:  0.00226612
('out:    ', '[0.985 ]')
('correct:', '[1     ]')
error:  0.00011272
('out:    ', '[0.997 ]')
('correct:', '[1     ]')
error:  0.00000526
('out:    ', '[0.989 ]')
('correct:', '[1     ]')
error:  0.00006444
('out:    ', '[0.996 ]')
('correct:', '[1     ]')
error:  0.00000984
('out:    ', '[0.98  ]')
('correct:', '[1     ]')
error:  0.00020422
('out:    ', '[0.997 ]')
('correct:', '[1     ]')
error:  0.00000318
('out:    ', '[0.959 ]')
('correct:', '[1     ]')
error:  0.00082310
('out:    ', '[0.978 ]')
('correct:', '[1     ]')
error:  0.00023463
('out:    ', '[0.989 ]')
('correct:', '[1     ]')
error:  0.00006433
('out:    ', '[0.996 ]')
('correct:', '[1     ]')
error:  0.00000898
('out:    ', '[0.995 ]')
('correct:', '[1     ]')
error:  0.00001052
('out:    ', '[0.992 ]')
('correct:', '[1     ]')
error:  0.00003002
('out:    ', '[0.995 ]')
('correct:', '[1     ]')
error:  0.00001053
('out:    ', '[0.991 ]')
('correct:', '[1     ]')
error:  0.00003885
('out:    ', '[0.927 ]')
('correct:', '[1     ]')
error:  0.00266902
('out:    ', '[0.357 ]')
('correct:', '[1     ]')
error:  0.20667879
('out:    ', '[0.995 ]')
('correct:', '[1     ]')
error:  0.00001290
('out:    ', '[0.976 ]')
('correct:', '[1     ]')
error:  0.00029005
('out:    ', '[0.963 ]')
('correct:', '[1     ]')
error:  0.00068311
('out:    ', '[0.963 ]')
('correct:', '[0     ]')
error:  0.46350264
('out:    ', '[0.935 ]')
('correct:', '[1     ]')
error:  0.00214262
('out:    ', '[0.986 ]')
('correct:', '[1     ]')
error:  0.00009740
('out:    ', '[0.982 ]')
('correct:', '[1     ]')
error:  0.00015414
('out:    ', '[0.997 ]')
('correct:', '[1     ]')
error:  0.00000485
('out:    ', '[0.994 ]')
('correct:', '[1     ]')
error:  0.00001798
('out:    ', '[0.996 ]')
('correct:', '[1     ]')
error:  0.00000869
('out:    ', '[0.897 ]')
('correct:', '[1     ]')
error:  0.00534527
('out:    ', '[0.995 ]')
('correct:', '[1     ]')
error:  0.00001439
('out:    ', '[0.709 ]')
('correct:', '[1     ]')
error:  0.04234532
('out:    ', '[0.992 ]')
('correct:', '[1     ]')
error:  0.00003134
('out:    ', '[0.995 ]')
('correct:', '[1     ]')
error:  0.00001246
('out:    ', '[0.804 ]')
('correct:', '[1     ]')
error:  0.01924494
('out:    ', '[0.528 ]')
('correct:', '[1     ]')
error:  0.11124077
('out:    ', '[0.978 ]')
('correct:', '[1     ]')
error:  0.00023666
('out:    ', '[0.994 ]')
('correct:', '[1     ]')
error:  0.00002089
('out:    ', '[0.995 ]')
('correct:', '[1     ]')
error:  0.00001040
('out:    ', '[0.995 ]')
('correct:', '[1     ]')
error:  0.00001218
('out:    ', '[0.996 ]')
('correct:', '[1     ]')
error:  0.00001008
('out:    ', '[0.982 ]')
('correct:', '[1     ]')
error:  0.00015910
('out:    ', '[0.994 ]')
('correct:', '[1     ]')
error:  0.00001796
('out:    ', '[0.966 ]')
('correct:', '[1     ]')
error:  0.00059328
('out:    ', '[0.989 ]')
('correct:', '[1     ]')
error:  0.00005540
('out:    ', '[0.99  ]')
('correct:', '[1     ]')
error:  0.00004717
('out:    ', '[0.805 ]')
('correct:', '[1     ]')
error:  0.01907704
('out:    ', '[0.976 ]')
('correct:', '[1     ]')
error:  0.00028329
('out:    ', '[0.994 ]')
('correct:', '[1     ]')
error:  0.00002048
('out:    ', '[0.998 ]')
('correct:', '[1     ]')
error:  0.00000252
('out:    ', '[0.994 ]')
('correct:', '[1     ]')
error:  0.00001904
('out:    ', '[0.804 ]')
('correct:', '[1     ]')
error:  0.01930221
('out:    ', '[0.875 ]')
('correct:', '[1     ]')
error:  0.00778689
('out:    ', '[0.996 ]')
('correct:', '[1     ]')
error:  0.00000829
('out:    ', '[0.868 ]')
('correct:', '[1     ]')
error:  0.00867999
('out:    ', '[0.987 ]')
('correct:', '[1     ]')
error:  0.00008494
('out:    ', '[0.994 ]')
('correct:', '[1     ]')
error:  0.00001929
('out:    ', '[0.995 ]')
('correct:', '[1     ]')
error:  0.00001353
('out:    ', '[0.929 ]')
('correct:', '[1     ]')
error:  0.00249335
('out:    ', '[0.87  ]')
('correct:', '[1     ]')
error:  0.00838646
('out:    ', '[0.994 ]')
('correct:', '[1     ]')
error:  0.00001551
('out:    ', '[0.993 ]')
('correct:', '[1     ]')
error:  0.00002423
('out:    ', '[0.986 ]')
('correct:', '[1     ]')
error:  0.00009930
('out:    ', '[0.995 ]')
('correct:', '[1     ]')
error:  0.00001444
('out:    ', '[0.992 ]')
('correct:', '[1     ]')
error:  0.00002939
('out:    ', '[0.96  ]')
('correct:', '[1     ]')
error:  0.00081112
('out:    ', '[0.996 ]')
('correct:', '[1     ]')
error:  0.00000903
('out:    ', '[0.962 ]')
('correct:', '[1     ]')
error:  0.00071674
('out:    ', '[0.997 ]')
('correct:', '[1     ]')
error:  0.00000330
('out:    ', '[0.994 ]')
('correct:', '[1     ]')
error:  0.00001874
('out:    ', '[0.995 ]')
('correct:', '[1     ]')
error:  0.00001051
('out:    ', '[0.997 ]')
('correct:', '[1     ]')
error:  0.00000339
('out:    ', '[0.995 ]')
('correct:', '[1     ]')
error:  0.00001193
('out:    ', '[0.985 ]')
('correct:', '[1     ]')
error:  0.00011301
('out:    ', '[0.994 ]')
('correct:', '[1     ]')
error:  0.00002049
('out:    ', '[0.997 ]')
('correct:', '[1     ]')
error:  0.00000392
('out:    ', '[0.985 ]')
('correct:', '[1     ]')
error:  0.00011338
('out:    ', '[0.994 ]')
('correct:', '[1     ]')
error:  0.00001750
('out:    ', '[0.996 ]')
('correct:', '[1     ]')
error:  0.00000723
('out:    ', '[0.996 ]')
('correct:', '[1     ]')
error:  0.00000909
('out:    ', '[0.991 ]')
('correct:', '[1     ]')
error:  0.00003860
('out:    ', '[0.991 ]')
('correct:', '[1     ]')
error:  0.00004098
('out:    ', '[0.995 ]')
('correct:', '[1     ]')
error:  0.00001016
('out:    ', '[0.995 ]')
('correct:', '[1     ]')
error:  0.00001017
('out:    ', '[0.993 ]')
('correct:', '[1     ]')
error:  0.00002446
('out:    ', '[0.994 ]')
('correct:', '[1     ]')
error:  0.00001978
('out:    ', '[0.997 ]')
('correct:', '[1     ]')
error:  0.00000425
('out:    ', '[0.995 ]')
('correct:', '[1     ]')
error:  0.00001227
('out:    ', '[0.995 ]')
('correct:', '[1     ]')
error:  0.00001199
('out:    ', '[0.993 ]')
('correct:', '[1     ]')
error:  0.00002654
('out:    ', '[0.985 ]')
('correct:', '[1     ]')
error:  0.00011550
('out:    ', '[0.995 ]')
('correct:', '[1     ]')
error:  0.00001456
('out:    ', '[0.993 ]')
('correct:', '[1     ]')
error:  0.00002246
('out:    ', '[0.994 ]')
('correct:', '[1     ]')
error:  0.00001654
('out:    ', '[0.994 ]')
('correct:', '[1     ]')
error:  0.00001809
('out:    ', '[0.996 ]')
('correct:', '[1     ]')
error:  0.00000724
('out:    ', '[0.876 ]')
('correct:', '[1     ]')
error:  0.00772923
('out:    ', '[0.993 ]')
('correct:', '[1     ]')
error:  0.00002589
('out:    ', '[0.994 ]')
('correct:', '[1     ]')
error:  0.00001805
('out:    ', '[0.997 ]')
('correct:', '[1     ]')
error:  0.00000368
('out:    ', '[0.997 ]')
('correct:', '[1     ]')
error:  0.00000527
('out:    ', '[0.992 ]')
('correct:', '[1     ]')
error:  0.00003052
('out:    ', '[0.992 ]')
('correct:', '[1     ]')
error:  0.00003010
('out:    ', '[0.993 ]')
('correct:', '[1     ]')
error:  0.00002766
('out:    ', '[0.95  ]')
('correct:', '[1     ]')
error:  0.00125710
('out:    ', '[0.698 ]')
('correct:', '[1     ]')
error:  0.04545654
('out:    ', '[0.994 ]')
('correct:', '[1     ]')
error:  0.00001966
('out:    ', '[0.993 ]')
('correct:', '[1     ]')
error:  0.00002266
('out:    ', '[0.971 ]')
('correct:', '[1     ]')
error:  0.00042401
('out:    ', '[0.997 ]')
('correct:', '[1     ]')
error:  0.00000464
('out:    ', '[0.99  ]')
('correct:', '[1     ]')
error:  0.00005048
('out:    ', '[0.983 ]')
('correct:', '[1     ]')
error:  0.00013772
('out:    ', '[0.993 ]')
('correct:', '[1     ]')
error:  0.00002687
('out:    ', '[0.987 ]')
('correct:', '[1     ]')
error:  0.00008792
('out:    ', '[0.996 ]')
('correct:', '[1     ]')
error:  0.00000982
('out:    ', '[0.992 ]')
('correct:', '[1     ]')
error:  0.00003198
('out:    ', '[0.992 ]')
('correct:', '[1     ]')
error:  0.00002951
('out:    ', '[0.996 ]')
('correct:', '[1     ]')
error:  0.00000631
('out:    ', '[0.996 ]')
('correct:', '[1     ]')
error:  0.00000831
('out:    ', '[0.904 ]')
('correct:', '[1     ]')
error:  0.00459716
('out:    ', '[0.993 ]')
('correct:', '[1     ]')
error:  0.00002411
('out:    ', '[0.995 ]')
('correct:', '[1     ]')
error:  0.00001191
('out:    ', '[0.97  ]')
('correct:', '[1     ]')
error:  0.00046384
('out:    ', '[0.969 ]')
('correct:', '[1     ]')
error:  0.00047537
('out:    ', '[0.997 ]')
('correct:', '[1     ]')
error:  0.00000546
('out:    ', '[0.982 ]')
('correct:', '[1     ]')
error:  0.00015843
('out:    ', '[0.993 ]')
('correct:', '[1     ]')
error:  0.00002253
('out:    ', '[0.996 ]')
('correct:', '[1     ]')
error:  0.00000943
('out:    ', '[0.991 ]')
('correct:', '[1     ]')
error:  0.00004067
('out:    ', '[0.82  ]')
('correct:', '[1     ]')
error:  0.01614819
('out:    ', '[0.996 ]')
('correct:', '[1     ]')
error:  0.00001004
('out:    ', '[0.996 ]')
('correct:', '[1     ]')
error:  0.00000844
('out:    ', '[0.972 ]')
('correct:', '[1     ]')
error:  0.00040044
('out:    ', '[0.991 ]')
('correct:', '[1     ]')
error:  0.00004045
('out:    ', '[0.708 ]')
('correct:', '[1     ]')
error:  0.04251679
('out:    ', '[0.99  ]')
('correct:', '[1     ]')
error:  0.00004753
('out:    ', '[0.901 ]')
('correct:', '[1     ]')
error:  0.00493256
('out:    ', '[0.818 ]')
('correct:', '[1     ]')
error:  0.01662303
('out:    ', '[0.989 ]')
('correct:', '[1     ]')
error:  0.00005853
('out:    ', '[0.992 ]')
('correct:', '[1     ]')
error:  0.00003381
('out:    ', '[0.995 ]')
('correct:', '[1     ]')
error:  0.00001046
('out:    ', '[0.995 ]')
('correct:', '[1     ]')
error:  0.00001202
('out:    ', '[0.996 ]')
('correct:', '[1     ]')
error:  0.00000997
('out:    ', '[0.995 ]')
('correct:', '[1     ]')
error:  0.00001037
('out:    ', '[0.986 ]')
('correct:', '[1     ]')
error:  0.00009218
('out:    ', '[0.992 ]')
('correct:', '[1     ]')
error:  0.00003548
('out:    ', '[0.848 ]')
('correct:', '[1     ]')
error:  0.01162516
('out:    ', '[0.989 ]')
('correct:', '[1     ]')
error:  0.00005729
('out:    ', '[0.994 ]')
('correct:', '[1     ]')
error:  0.00001765
('out:    ', '[0.997 ]')
('correct:', '[1     ]')
error:  0.00000380
('out:    ', '[0.97  ]')
('correct:', '[1     ]')
error:  0.00045823
('out:    ', '[0.979 ]')
('correct:', '[1     ]')
error:  0.00021930
('out:    ', '[0.995 ]')
('correct:', '[1     ]')
error:  0.00001173
('out:    ', '[0.938 ]')
('correct:', '[1     ]')
error:  0.00189934
('out:    ', '[0.979 ]')
('correct:', '[1     ]')
error:  0.00022770
('out:    ', '[0.959 ]')
('correct:', '[1     ]')
error:  0.00082276
('out:    ', '[0.98  ]')
('correct:', '[1     ]')
error:  0.00019127
('out:    ', '[0.993 ]')
('correct:', '[1     ]')
error:  0.00002800
('out:    ', '[0.987 ]')
('correct:', '[1     ]')
error:  0.00007840
('out:    ', '[0.962 ]')
('correct:', '[1     ]')
error:  0.00072237
('out:    ', '[0.993 ]')
('correct:', '[1     ]')
error:  0.00002676
('out:    ', '[0.995 ]')
('correct:', '[1     ]')
error:  0.00001031
('out:    ', '[0.994 ]')
('correct:', '[1     ]')
error:  0.00001737
('out:    ', '[0.834 ]')
('correct:', '[1     ]')
error:  0.01380606
('out:    ', '[0.987 ]')
('correct:', '[1     ]')
error:  0.00007967
('out:    ', '[0.993 ]')
('correct:', '[1     ]')
error:  0.00002382
('out:    ', '[0.927 ]')
('correct:', '[1     ]')
error:  0.00266664
('out:    ', '[0.992 ]')
('correct:', '[1     ]')
error:  0.00003231
('out:    ', '[0.99  ]')
('correct:', '[1     ]')
error:  0.00005470
('out:    ', '[0.975 ]')
('correct:', '[1     ]')
error:  0.00031526
('out:    ', '[0.877 ]')
('correct:', '[1     ]')
error:  0.00750542
('out:    ', '[0.994 ]')
('correct:', '[1     ]')
error:  0.00001771
('out:    ', '[0.91  ]')
('correct:', '[1     ]')
error:  0.00403854
('out:    ', '[0.987 ]')
('correct:', '[1     ]')
error:  0.00008534
('out:    ', '[0.997 ]')
('correct:', '[1     ]')
error:  0.00000340
('out:    ', '[0.993 ]')
('correct:', '[1     ]')
error:  0.00002178
('out:    ', '[0.993 ]')
('correct:', '[1     ]')
error:  0.00002454
('out:    ', '[0.993 ]')
('correct:', '[1     ]')
error:  0.00002755
('out:    ', '[0.993 ]')
('correct:', '[1     ]')
error:  0.00002573
('out:    ', '[0.996 ]')
('correct:', '[1     ]')
error:  0.00000613
('out:    ', '[0.997 ]')
('correct:', '[1     ]')
error:  0.00000449
('out:    ', '[0.995 ]')
('correct:', '[1     ]')
error:  0.00001373
('out:    ', '[0.993 ]')
('correct:', '[1     ]')
error:  0.00002808
('out:    ', '[0.987 ]')
('correct:', '[1     ]')
error:  0.00008492
('out:    ', '[0.987 ]')
('correct:', '[1     ]')
error:  0.00007894
('out:    ', '[0.995 ]')
('correct:', '[1     ]')
error:  0.00001154
('out:    ', '[0.976 ]')
('correct:', '[1     ]')
error:  0.00028247
('out:    ', '[0.864 ]')
('correct:', '[1     ]')
error:  0.00924303
('out:    ', '[0.995 ]')
('correct:', '[1     ]')
error:  0.00001184
('out:    ', '[0.995 ]')
('correct:', '[1     ]')
error:  0.00001017
('out:    ', '[0.99  ]')
('correct:', '[1     ]')
error:  0.00004714
('out:    ', '[0.775 ]')
('correct:', '[1     ]')
error:  0.02529896
('out:    ', '[0.994 ]')
('correct:', '[1     ]')
error:  0.00002069
('out:    ', '[0.984 ]')
('correct:', '[1     ]')
error:  0.00012644
('out:    ', '[0.985 ]')
('correct:', '[1     ]')
error:  0.00010681
('out:    ', '[0.996 ]')
('correct:', '[1     ]')
error:  0.00000813
('out:    ', '[0.987 ]')
('correct:', '[1     ]')
error:  0.00009048
('out:    ', '[0.918 ]')
('correct:', '[1     ]')
error:  0.00337123
('out:    ', '[0.995 ]')
('correct:', '[1     ]')
error:  0.00001107
('out:    ', '[0.994 ]')
('correct:', '[1     ]')
error:  0.00001924
('out:    ', '[0.982 ]')
('correct:', '[1     ]')
error:  0.00015333
('out:    ', '[0.995 ]')
('correct:', '[1     ]')
error:  0.00001198
('out:    ', '[0.935 ]')
('correct:', '[1     ]')
error:  0.00212114
('out:    ', '[0.984 ]')
('correct:', '[1     ]')
error:  0.00012146
('out:    ', '[0.989 ]')
('correct:', '[1     ]')
error:  0.00006569
('out:    ', '[0.978 ]')
('correct:', '[1     ]')
error:  0.00024719
('out:    ', '[0.996 ]')
('correct:', '[1     ]')
error:  0.00000978
('out:    ', '[0.984 ]')
('correct:', '[1     ]')
error:  0.00013560
('out:    ', '[0.687 ]')
('correct:', '[1     ]')
error:  0.04901205
('out:    ', '[0.995 ]')
('correct:', '[1     ]')
error:  0.00001135
('out:    ', '[0.986 ]')
('correct:', '[1     ]')
error:  0.00010302
('out:    ', '[0.995 ]')
('correct:', '[1     ]')
error:  0.00001429
('out:    ', '[0.922 ]')
('correct:', '[1     ]')
error:  0.00306829
('out:    ', '[0.966 ]')
('correct:', '[1     ]')
error:  0.00058542
('out:    ', '[0.985 ]')
('correct:', '[1     ]')
error:  0.00011402
('out:    ', '[0.988 ]')
('correct:', '[1     ]')
error:  0.00006908
('out:    ', '[0.975 ]')
('correct:', '[1     ]')
error:  0.00032419
('out:    ', '[0.985 ]')
('correct:', '[1     ]')
error:  0.00010723
('out:    ', '[0.969 ]')
('correct:', '[1     ]')
error:  0.00049422
('out:    ', '[0.997 ]')
('correct:', '[1     ]')
error:  0.00000595
('out:    ', '[0.988 ]')
('correct:', '[1     ]')
error:  0.00007020
('out:    ', '[0.689 ]')
('correct:', '[1     ]')
error:  0.04850704
('out:    ', '[0.981 ]')
('correct:', '[1     ]')
error:  0.00017687
('out:    ', '[0.9   ]')
('correct:', '[1     ]')
error:  0.00496278
('out:    ', '[0.981 ]')
('correct:', '[1     ]')
error:  0.00017591
('out:    ', '[0.997 ]')
('correct:', '[1     ]')
error:  0.00000524
('out:    ', '[0.987 ]')
('correct:', '[1     ]')
error:  0.00008310
('out:    ', '[0.997 ]')
('correct:', '[1     ]')
error:  0.00000522
('out:    ', '[0.997 ]')
('correct:', '[1     ]')
error:  0.00000560
('out:    ', '[0.904 ]')
('correct:', '[1     ]')
error:  0.00459015
('out:    ', '[0.994 ]')
('correct:', '[1     ]')
error:  0.00001565
('out:    ', '[0.996 ]')
('correct:', '[1     ]')
error:  0.00000851
('out:    ', '[0.998 ]')
('correct:', '[1     ]')
error:  0.00000256
('out:    ', '[0.993 ]')
('correct:', '[1     ]')
error:  0.00002490
('out:    ', '[0.995 ]')
('correct:', '[1     ]')
error:  0.00001042
('out:    ', '[0.863 ]')
('correct:', '[1     ]')
error:  0.00941127
('out:    ', '[0.944 ]')
('correct:', '[1     ]')
error:  0.00158980
('out:    ', '[0.994 ]')
('correct:', '[1     ]')
error:  0.00001594
('out:    ', '[0.372 ]')
('correct:', '[0     ]')
error:  0.06911575
('out:    ', '[0.71  ]')
('correct:', '[1     ]')
error:  0.04203490
('out:    ', '[0.992 ]')
('correct:', '[1     ]')
error:  0.00003097
('out:    ', '[0.997 ]')
('correct:', '[1     ]')
error:  0.00000523
('out:    ', '[0.99  ]')
('correct:', '[1     ]')
error:  0.00005138
('out:    ', '[0.997 ]')
('correct:', '[1     ]')
error:  0.00000597
('out:    ', '[0.66  ]')
('correct:', '[1     ]')
error:  0.05790732
('out:    ', '[0.993 ]')
('correct:', '[1     ]')
error:  0.00002674
('out:    ', '[0.994 ]')
('correct:', '[1     ]')
error:  0.00001637
('out:    ', '[0.995 ]')
('correct:', '[1     ]')
error:  0.00001379
('out:    ', '[0.995 ]')
('correct:', '[1     ]')
error:  0.00001288
('out:    ', '[0.989 ]')
('correct:', '[1     ]')
error:  0.00006337
('out:    ', '[0.993 ]')
('correct:', '[1     ]')
error:  0.00002233
('out:    ', '[0.97  ]')
('correct:', '[1     ]')
error:  0.00044677
('out:    ', '[0.977 ]')
('correct:', '[1     ]')
error:  0.00027116
('out:    ', '[0.997 ]')
('correct:', '[1     ]')
error:  0.00000392
('out:    ', '[0.995 ]')
('correct:', '[1     ]')
error:  0.00001131
('out:    ', '[0.976 ]')
('correct:', '[1     ]')
error:  0.00029426
('out:    ', '[0.993 ]')
('correct:', '[1     ]')
error:  0.00002679
('out:    ', '[0.985 ]')
('correct:', '[1     ]')
error:  0.00010949
('out:    ', '[0.995 ]')
('correct:', '[1     ]')
error:  0.00001442
('out:    ', '[0.962 ]')
('correct:', '[1     ]')
error:  0.00070509
('out:    ', '[0.967 ]')
('correct:', '[1     ]')
error:  0.00054710
('out:    ', '[0.985 ]')
('correct:', '[1     ]')
error:  0.00011384
('out:    ', '[0.997 ]')
('correct:', '[1     ]')
error:  0.00000326
('out:    ', '[0.997 ]')
('correct:', '[1     ]')
error:  0.00000581
('out:    ', '[0.997 ]')
('correct:', '[1     ]')
error:  0.00000372
('out:    ', '[0.995 ]')
('correct:', '[1     ]')
error:  0.00001129
('out:    ', '[0.926 ]')
('correct:', '[1     ]')
error:  0.00277322
('out:    ', '[0.964 ]')
('correct:', '[1     ]')
error:  0.00064977
('out:    ', '[0.997 ]')
('correct:', '[1     ]')
error:  0.00000528
('out:    ', '[0.995 ]')
('correct:', '[1     ]')
error:  0.00001123
('out:    ', '[0.733 ]')
('correct:', '[1     ]')
error:  0.03560260
('out:    ', '[0.993 ]')
('correct:', '[1     ]')
error:  0.00002138
('out:    ', '[0.988 ]')
('correct:', '[1     ]')
error:  0.00007005
('out:    ', '[0.997 ]')
('correct:', '[1     ]')
error:  0.00000540
('out:    ', '[0.985 ]')
('correct:', '[1     ]')
error:  0.00011527
('out:    ', '[0.963 ]')
('correct:', '[1     ]')
error:  0.00069026
('out:    ', '[0.997 ]')
('correct:', '[1     ]')
error:  0.00000539
('out:    ', '[0.996 ]')
('correct:', '[1     ]')
error:  0.00000776
('out:    ', '[0.986 ]')
('correct:', '[1     ]')
error:  0.00010151
('out:    ', '[0.998 ]')
('correct:', '[1     ]')
error:  0.00000307
('out:    ', '[0.994 ]')
('correct:', '[1     ]')
error:  0.00001910
('out:    ', '[0.953 ]')
('correct:', '[1     ]')
error:  0.00109512
('out:    ', '[0.995 ]')
('correct:', '[1     ]')
error:  0.00001101
('out:    ', '[0.995 ]')
('correct:', '[1     ]')
error:  0.00001038
('out:    ', '[0.992 ]')
('correct:', '[1     ]')
error:  0.00003098
('out:    ', '[0.996 ]')
('correct:', '[1     ]')
error:  0.00000786
('out:    ', '[0.996 ]')
('correct:', '[1     ]')
error:  0.00000804
('out:    ', '[0.987 ]')
('correct:', '[1     ]')
error:  0.00008170
('out:    ', '[0.994 ]')
('correct:', '[1     ]')
error:  0.00001605
('out:    ', '[0.992 ]')
('correct:', '[1     ]')
error:  0.00003580
('out:    ', '[0.989 ]')
('correct:', '[1     ]')
error:  0.00006187
('out:    ', '[0.982 ]')
('correct:', '[1     ]')
error:  0.00015451
('out:    ', '[0.672 ]')
('correct:', '[1     ]')
error:  0.05385134
('out:    ', '[0.933 ]')
('correct:', '[1     ]')
error:  0.00226653
('out:    ', '[0.362 ]')
('correct:', '[0     ]')
error:  0.06558273
('out:    ', '[0.987 ]')
('correct:', '[1     ]')
error:  0.00008959
('out:    ', '[0.933 ]')
('correct:', '[1     ]')
error:  0.00222599
('out:    ', '[0.984 ]')
('correct:', '[1     ]')
error:  0.00013324
('out:    ', '[0.991 ]')
('correct:', '[1     ]')
error:  0.00004305
('out:    ', '[0.991 ]')
('correct:', '[1     ]')
error:  0.00003935
('out:    ', '[0.995 ]')
('correct:', '[1     ]')
error:  0.00001102
('out:    ', '[0.962 ]')
('correct:', '[1     ]')
error:  0.00071732
('out:    ', '[0.995 ]')
('correct:', '[1     ]')
error:  0.00001128
('out:    ', '[0.956 ]')
('correct:', '[1     ]')
error:  0.00097380
('out:    ', '[0.996 ]')
('correct:', '[1     ]')
error:  0.00000742
('out:    ', '[0.988 ]')
('correct:', '[1     ]')
error:  0.00007209
('out:    ', '[0.996 ]')
('correct:', '[1     ]')
error:  0.00000662
('out:    ', '[0.996 ]')
('correct:', '[1     ]')
error:  0.00000833
('out:    ', '[0.997 ]')
('correct:', '[1     ]')
error:  0.00000441
('out:    ', '[0.977 ]')
('correct:', '[1     ]')
error:  0.00026037
('out:    ', '[0.996 ]')
('correct:', '[1     ]')
error:  0.00000935
('out:    ', '[0.757 ]')
('correct:', '[1     ]')
error:  0.02957500
('out:    ', '[0.994 ]')
('correct:', '[1     ]')
error:  0.00001805
('out:    ', '[0.995 ]')
('correct:', '[1     ]')
error:  0.00001029
('out:    ', '[0.987 ]')
('correct:', '[1     ]')
error:  0.00009065
('out:    ', '[0.971 ]')
('correct:', '[1     ]')
error:  0.00042981
('out:    ', '[0.995 ]')
('correct:', '[1     ]')
error:  0.00001433
('out:    ', '[0.997 ]')
('correct:', '[1     ]')
error:  0.00000466
('out:    ', '[0.995 ]')
('correct:', '[1     ]')
error:  0.00001086
('out:    ', '[0.992 ]')
('correct:', '[1     ]')
error:  0.00003549
('out:    ', '[0.643 ]')
('correct:', '[1     ]')
error:  0.06389639
('out:    ', '[0.993 ]')
('correct:', '[1     ]')
error:  0.00002395
('out:    ', '[0.951 ]')
('correct:', '[1     ]')
error:  0.00119350
('out:    ', '[0.997 ]')
('correct:', '[1     ]')
error:  0.00000525
('out:    ', '[0.981 ]')
('correct:', '[1     ]')
error:  0.00017291
('out:    ', '[0.992 ]')
('correct:', '[1     ]')
error:  0.00003346
('out:    ', '[0.985 ]')
('correct:', '[1     ]')
error:  0.00010677
('out:    ', '[0.997 ]')
('correct:', '[1     ]')
error:  0.00000577
('out:    ', '[0.997 ]')
('correct:', '[1     ]')
error:  0.00000478
('out:    ', '[0.955 ]')
('correct:', '[1     ]')
error:  0.00101306
('out:    ', '[0.995 ]')
('correct:', '[1     ]')
error:  0.00001040
('out:    ', '[0.648 ]')
('correct:', '[1     ]')
error:  0.06211568
('out:    ', '[0.938 ]')
('correct:', '[1     ]')
error:  0.00191403
('out:    ', '[0.935 ]')
('correct:', '[1     ]')
error:  0.00209026
('out:    ', '[0.995 ]')
('correct:', '[1     ]')
error:  0.00001100
('out:    ', '[0.997 ]')
('correct:', '[1     ]')
error:  0.00000594
('out:    ', '[0.995 ]')
('correct:', '[1     ]')
error:  0.00001219
('out:    ', '[0.98  ]')
('correct:', '[1     ]')
error:  0.00019018
('out:    ', '[0.996 ]')
('correct:', '[1     ]')
error:  0.00000837
('out:    ', '[0.546 ]')
('correct:', '[0     ]')
error:  0.14912261
('out:    ', '[0.991 ]')
('correct:', '[1     ]')
error:  0.00004106
('out:    ', '[0.995 ]')
('correct:', '[1     ]')
error:  0.00001478
('out:    ', '[0.995 ]')
('correct:', '[1     ]')
error:  0.00001038
('out:    ', '[0.9   ]')
('correct:', '[1     ]')
error:  0.00500744
('out:    ', '[0.996 ]')
('correct:', '[1     ]')
error:  0.00000906
('out:    ', '[0.954 ]')
('correct:', '[1     ]')
error:  0.00103849
('out:    ', '[0.997 ]')
('correct:', '[1     ]')
error:  0.00000421
('out:    ', '[0.984 ]')
('correct:', '[1     ]')
error:  0.00012088
('out:    ', '[0.997 ]')
('correct:', '[1     ]')
error:  0.00000428
('out:    ', '[0.94  ]')
('correct:', '[1     ]')
error:  0.00181606
('out:    ', '[0.752 ]')
('correct:', '[1     ]')
error:  0.03081041
('out:    ', '[0.994 ]')
('correct:', '[1     ]')
error:  0.00001684
('out:    ', '[0.993 ]')
('correct:', '[1     ]')
error:  0.00002171
('out:    ', '[0.945 ]')
('correct:', '[1     ]')
error:  0.00151469
('out:    ', '[0.784 ]')
('correct:', '[1     ]')
error:  0.02330443
('out:    ', '[0.996 ]')
('correct:', '[1     ]')
error:  0.00000685
('out:    ', '[0.995 ]')
('correct:', '[1     ]')
error:  0.00001064
('out:    ', '[0.985 ]')
('correct:', '[1     ]')
error:  0.00011439
('out:    ', '[0.979 ]')
('correct:', '[1     ]')
error:  0.00021808
('out:    ', '[0.93  ]')
('correct:', '[1     ]')
error:  0.00244979
('out:    ', '[0.996 ]')
('correct:', '[1     ]')
error:  0.00000877
('out:    ', '[0.961 ]')
('correct:', '[1     ]')
error:  0.00076202
('out:    ', '[0.995 ]')
('correct:', '[1     ]')
error:  0.00001336
('out:    ', '[0.972 ]')
('correct:', '[1     ]')
error:  0.00040299
('out:    ', '[0.996 ]')
('correct:', '[1     ]')
error:  0.00000856
('out:    ', '[0.987 ]')
('correct:', '[1     ]')
error:  0.00008343
('out:    ', '[0.992 ]')
('correct:', '[1     ]')
error:  0.00003135
('out:    ', '[0.995 ]')
('correct:', '[1     ]')
error:  0.00001036
('out:    ', '[0.982 ]')
('correct:', '[1     ]')
error:  0.00016752
('out:    ', '[0.993 ]')
('correct:', '[1     ]')
error:  0.00002612
('out:    ', '[0.983 ]')
('correct:', '[1     ]')
error:  0.00014102
('out:    ', '[0.943 ]')
('correct:', '[1     ]')
error:  0.00163728
('out:    ', '[0.994 ]')
('correct:', '[1     ]')
error:  0.00001889
('out:    ', '[0.989 ]')
('correct:', '[1     ]')
error:  0.00005714
('out:    ', '[0.99  ]')
('correct:', '[1     ]')
error:  0.00004539
('out:    ', '[0.998 ]')
('correct:', '[1     ]')
error:  0.00000248
('out:    ', '[0.994 ]')
('correct:', '[1     ]')
error:  0.00001930
('out:    ', '[0.968 ]')
('correct:', '[1     ]')
error:  0.00052292
('out:    ', '[0.983 ]')
('correct:', '[1     ]')
error:  0.00014951
('out:    ', '[0.911 ]')
('correct:', '[1     ]')
error:  0.00393108
('out:    ', '[0.983 ]')
('correct:', '[1     ]')
error:  0.00014666
('out:    ', '[0.995 ]')
('correct:', '[1     ]')
error:  0.00001071
('out:    ', '[0.918 ]')
('correct:', '[1     ]')
error:  0.00338710
('out:    ', '[0.633 ]')
('correct:', '[1     ]')
error:  0.06723906
('out:    ', '[0.996 ]')
('correct:', '[1     ]')
error:  0.00000783
('out:    ', '[0.997 ]')
('correct:', '[1     ]')
error:  0.00000509
('out:    ', '[0.374 ]')
('correct:', '[1     ]')
error:  0.19580891
('out:    ', '[0.991 ]')
('correct:', '[1     ]')
error:  0.00003797
('out:    ', '[0.993 ]')
('correct:', '[1     ]')
error:  0.00002218
('out:    ', '[0.988 ]')
('correct:', '[1     ]')
error:  0.00006716
('out:    ', '[0.68  ]')
('correct:', '[1     ]')
error:  0.05128023
('out:    ', '[0.989 ]')
('correct:', '[1     ]')
error:  0.00006116
('out:    ', '[0.886 ]')
('correct:', '[1     ]')
error:  0.00646563
('out:    ', '[0.997 ]')
('correct:', '[1     ]')
error:  0.00000545
('out:    ', '[0.979 ]')
('correct:', '[1     ]')
error:  0.00021924
('out:    ', '[0.803 ]')
('correct:', '[1     ]')
error:  0.01943818
('out:    ', '[0.912 ]')
('correct:', '[1     ]')
error:  0.00388619
('out:    ', '[0.997 ]')
('correct:', '[1     ]')
error:  0.00000402
('out:    ', '[0.985 ]')
('correct:', '[1     ]')
error:  0.00011164
('out:    ', '[0.996 ]')
('correct:', '[1     ]')
error:  0.00000794
('out:    ', '[0.998 ]')
('correct:', '[1     ]')
error:  0.00000256
('out:    ', '[0.802 ]')
('correct:', '[1     ]')
error:  0.01957369
('out:    ', '[0.994 ]')
('correct:', '[1     ]')
error:  0.00001576
('out:    ', '[0.987 ]')
('correct:', '[1     ]')
error:  0.00008426
('out:    ', '[0.973 ]')
('correct:', '[1     ]')
error:  0.00037633
('out:    ', '[0.995 ]')
('correct:', '[1     ]')
error:  0.00001034
('out:    ', '[0.997 ]')
('correct:', '[1     ]')
error:  0.00000513
('out:    ', '[0.992 ]')
('correct:', '[1     ]')
error:  0.00003427
('out:    ', '[0.976 ]')
('correct:', '[1     ]')
error:  0.00027655
('out:    ', '[0.524 ]')
('correct:', '[1     ]')
error:  0.11308828
('out:    ', '[0.996 ]')
('correct:', '[1     ]')
error:  0.00000686
('out:    ', '[0.761 ]')
('correct:', '[1     ]')
error:  0.02850497
('out:    ', '[0.921 ]')
('correct:', '[1     ]')
error:  0.00312436
('out:    ', '[0.997 ]')
('correct:', '[1     ]')
error:  0.00000336
('out:    ', '[0.994 ]')
('correct:', '[1     ]')
error:  0.00001912
('out:    ', '[0.987 ]')
('correct:', '[1     ]')
error:  0.00008394
('out:    ', '[0.991 ]')
('correct:', '[1     ]')
error:  0.00004478
('out:    ', '[0.984 ]')
('correct:', '[1     ]')
error:  0.00012118
('out:    ', '[0.993 ]')
('correct:', '[1     ]')
error:  0.00002668
('out:    ', '[0.657 ]')
('correct:', '[1     ]')
error:  0.05869787
('out:    ', '[0.995 ]')
('correct:', '[1     ]')
error:  0.00001128
('out:    ', '[0.962 ]')
('correct:', '[1     ]')
error:  0.00071730
('out:    ', '[0.381 ]')
('correct:', '[1     ]')
error:  0.19136162
('out:    ', '[0.994 ]')
('correct:', '[1     ]')
error:  0.00002002
('out:    ', '[0.995 ]')
('correct:', '[1     ]')
error:  0.00001105
('out:    ', '[0.995 ]')
('correct:', '[1     ]')
error:  0.00001039
('out:    ', '[0.994 ]')
('correct:', '[1     ]')
error:  0.00001823
('out:    ', '[0.884 ]')
('correct:', '[0     ]')
error:  0.39064354
('out:    ', '[0.995 ]')
('correct:', '[1     ]')
error:  0.00001039
('out:    ', '[0.787 ]')
('correct:', '[1     ]')
error:  0.02258865
('out:    ', '[0.994 ]')
('correct:', '[1     ]')
error:  0.00001603
('out:    ', '[0.99  ]')
('correct:', '[1     ]')
error:  0.00004913
('out:    ', '[0.985 ]')
('correct:', '[1     ]')
error:  0.00010646
('out:    ', '[0.975 ]')
('correct:', '[1     ]')
error:  0.00031259
('out:    ', '[0.92  ]')
('correct:', '[1     ]')
error:  0.00317128
('out:    ', '[0.995 ]')
('correct:', '[1     ]')
error:  0.00001046
('out:    ', '[0.982 ]')
('correct:', '[1     ]')
error:  0.00015986
('out:    ', '[0.517 ]')
('correct:', '[1     ]')
error:  0.11657940
('out:    ', '[0.775 ]')
('correct:', '[1     ]')
error:  0.02531202
('out:    ', '[0.99  ]')
('correct:', '[1     ]')
error:  0.00004691
('out:    ', '[0.978 ]')
('correct:', '[1     ]')
error:  0.00023870
('out:    ', '[0.996 ]')
('correct:', '[1     ]')
error:  0.00000804
('out:    ', '[0.995 ]')
('correct:', '[1     ]')
error:  0.00001037
('out:    ', '[0.989 ]')
('correct:', '[1     ]')
error:  0.00006105
('out:    ', '[0.979 ]')
('correct:', '[1     ]')
error:  0.00022313
('out:    ', '[0.993 ]')
('correct:', '[1     ]')
error:  0.00002413
('out:    ', '[0.941 ]')
('correct:', '[1     ]')
error:  0.00177003
('out:    ', '[0.995 ]')
('correct:', '[1     ]')
error:  0.00001409
('out:    ', '[0.943 ]')
('correct:', '[1     ]')
error:  0.00163749
('out:    ', '[0.981 ]')
('correct:', '[1     ]')
error:  0.00017266
('out:    ', '[0.974 ]')
('correct:', '[1     ]')
error:  0.00034377
('out:    ', '[0.989 ]')
('correct:', '[1     ]')
error:  0.00005663
('out:    ', '[0.994 ]')
('correct:', '[1     ]')
error:  0.00001867
('out:    ', '[0.991 ]')
('correct:', '[1     ]')
error:  0.00004259
('out:    ', '[0.968 ]')
('correct:', '[1     ]')
error:  0.00052407
('out:    ', '[0.18  ]')
('correct:', '[0     ]')
error:  0.01613368
('out:    ', '[0.994 ]')
('correct:', '[1     ]')
error:  0.00001519
('out:    ', '[0.993 ]')
('correct:', '[1     ]')
error:  0.00002565
('out:    ', '[0.896 ]')
('correct:', '[1     ]')
error:  0.00542019
('out:    ', '[0.996 ]')
('correct:', '[1     ]')
error:  0.00000884
('out:    ', '[0.965 ]')
('correct:', '[1     ]')
error:  0.00060085
('out:    ', '[0.988 ]')
('correct:', '[1     ]')
error:  0.00007201
('out:    ', '[0.996 ]')
('correct:', '[1     ]')
error:  0.00000961
('out:    ', '[0.993 ]')
('correct:', '[1     ]')
error:  0.00002800
('out:    ', '[0.994 ]')
('correct:', '[1     ]')
error:  0.00001705
('out:    ', '[0.982 ]')
('correct:', '[1     ]')
error:  0.00017089
('out:    ', '[0.994 ]')
('correct:', '[1     ]')
error:  0.00001837
('out:    ', '[0.996 ]')
('correct:', '[1     ]')
error:  0.00000969
('out:    ', '[0.997 ]')
('correct:', '[1     ]')
error:  0.00000612
('out:    ', '[0.981 ]')
('correct:', '[1     ]')
error:  0.00017273
('out:    ', '[0.989 ]')
('correct:', '[1     ]')
error:  0.00005593
('out:    ', '[0.875 ]')
('correct:', '[0     ]')
error:  0.38312541
('out:    ', '[0.986 ]')
('correct:', '[1     ]')
error:  0.00010154
('out:    ', '[0.995 ]')
('correct:', '[1     ]')
error:  0.00001159
('out:    ', '[0.982 ]')
('correct:', '[1     ]')
error:  0.00016037
('out:    ', '[0.997 ]')
('correct:', '[1     ]')
error:  0.00000524
('out:    ', '[0.964 ]')
('correct:', '[1     ]')
error:  0.00064161
('out:    ', '[0.994 ]')
('correct:', '[1     ]')
error:  0.00001930
('out:    ', '[0.973 ]')
('correct:', '[1     ]')
error:  0.00037384
('out:    ', '[0.995 ]')
('correct:', '[1     ]')
error:  0.00001091
('out:    ', '[0.987 ]')
('correct:', '[1     ]')
error:  0.00008652
('out:    ', '[0.99  ]')
('correct:', '[1     ]')
error:  0.00005355
('out:    ', '[0.997 ]')
('correct:', '[1     ]')
error:  0.00000433
('out:    ', '[0.918 ]')
('correct:', '[1     ]')
error:  0.00335281
('out:    ', '[0.994 ]')
('correct:', '[1     ]')
error:  0.00001706
('out:    ', '[0.902 ]')
('correct:', '[1     ]')
error:  0.00478663
('out:    ', '[0.988 ]')
('correct:', '[1     ]')
error:  0.00007368
('out:    ', '[0.997 ]')
('correct:', '[1     ]')
error:  0.00000531
('out:    ', '[0.997 ]')
('correct:', '[1     ]')
error:  0.00000523
('out:    ', '[0.903 ]')
('correct:', '[1     ]')
error:  0.00474956
('out:    ', '[0.996 ]')
('correct:', '[1     ]')
error:  0.00000814
('out:    ', '[0.98  ]')
('correct:', '[1     ]')
error:  0.00019742
('out:    ', '[0.99  ]')
('correct:', '[1     ]')
error:  0.00004919
('out:    ', '[0.893 ]')
('correct:', '[1     ]')
error:  0.00567954
('out:    ', '[0.997 ]')
('correct:', '[1     ]')
error:  0.00000482
('out:    ', '[0.971 ]')
('correct:', '[1     ]')
error:  0.00042535
('out:    ', '[0.997 ]')
('correct:', '[1     ]')
error:  0.00000532
('out:    ', '[0.873 ]')
('correct:', '[1     ]')
error:  0.00807819
('out:    ', '[0.888 ]')
('correct:', '[1     ]')
error:  0.00631653
('out:    ', '[0.844 ]')
('correct:', '[1     ]')
error:  0.01223446
('out:    ', '[0.997 ]')
('correct:', '[1     ]')
error:  0.00000525
('out:    ', '[0.993 ]')
('correct:', '[1     ]')
error:  0.00002526
('out:    ', '[0.998 ]')
('correct:', '[1     ]')
error:  0.00000246
('out:    ', '[0.996 ]')
('correct:', '[1     ]')
error:  0.00000667
('out:    ', '[0.735 ]')
('correct:', '[1     ]')
error:  0.03511033
('out:    ', '[0.997 ]')
('correct:', '[1     ]')
error:  0.00000533
('out:    ', '[0.988 ]')
('correct:', '[1     ]')
error:  0.00007498
('out:    ', '[0.986 ]')
('correct:', '[1     ]')
error:  0.00010084
('out:    ', '[0.93  ]')
('correct:', '[1     ]')
error:  0.00243043
('out:    ', '[0.931 ]')
('correct:', '[1     ]')
error:  0.00236179
('out:    ', '[0.992 ]')
('correct:', '[1     ]')
error:  0.00003149
('out:    ', '[0.993 ]')
('correct:', '[1     ]')
error:  0.00002532
('out:    ', '[0.997 ]')
('correct:', '[1     ]')
error:  0.00000533
('out:    ', '[0.996 ]')
('correct:', '[1     ]')
error:  0.00000687
('out:    ', '[0.995 ]')
('correct:', '[1     ]')
error:  0.00001079
('out:    ', '[0.985 ]')
('correct:', '[1     ]')
error:  0.00011020
('out:    ', '[0.989 ]')
('correct:', '[1     ]')
error:  0.00006441
('out:    ', '[0.992 ]')
('correct:', '[1     ]')
error:  0.00003405
('out:    ', '[0.985 ]')
('correct:', '[1     ]')
error:  0.00011497
('out:    ', '[0.997 ]')
('correct:', '[1     ]')
error:  0.00000385
('out:    ', '[0.994 ]')
('correct:', '[1     ]')
error:  0.00001882
('out:    ', '[0.997 ]')
('correct:', '[1     ]')
error:  0.00000550
('out:    ', '[0.978 ]')
('correct:', '[1     ]')
error:  0.00024632
('out:    ', '[0.82  ]')
('correct:', '[1     ]')
error:  0.01625830
('out:    ', '[0.995 ]')
('correct:', '[1     ]')
error:  0.00001268
('out:    ', '[0.506 ]')
('correct:', '[1     ]')
error:  0.12224373
('out:    ', '[0.996 ]')
('correct:', '[1     ]')
error:  0.00000980
('out:    ', '[0.996 ]')
('correct:', '[1     ]')
error:  0.00000815
('out:    ', '[0.993 ]')
('correct:', '[1     ]')
error:  0.00002690
('out:    ', '[0.996 ]')
('correct:', '[1     ]')
error:  0.00000789
('out:    ', '[0.947 ]')
('correct:', '[1     ]')
error:  0.00142826
('out:    ', '[0.996 ]')
('correct:', '[1     ]')
error:  0.00000651
('out:    ', '[0.974 ]')
('correct:', '[1     ]')
error:  0.00032790
('out:    ', '[0.933 ]')
('correct:', '[1     ]')
error:  0.00226418
('out:    ', '[0.995 ]')
('correct:', '[1     ]')
error:  0.00001150
('out:    ', '[0.991 ]')
('correct:', '[1     ]')
error:  0.00004419
('out:    ', '[0.829 ]')
('correct:', '[1     ]')
error:  0.01469141
('out:    ', '[0.993 ]')
('correct:', '[1     ]')
error:  0.00002267
('out:    ', '[0.993 ]')
('correct:', '[1     ]')
error:  0.00002727
('out:    ', '[0.997 ]')
('correct:', '[1     ]')
error:  0.00000421
('out:    ', '[0.993 ]')
('correct:', '[1     ]')
error:  0.00002557
('out:    ', '[0.99  ]')
('correct:', '[1     ]')
error:  0.00005389
('out:    ', '[0.983 ]')
('correct:', '[1     ]')
error:  0.00014339
('out:    ', '[0.986 ]')
('correct:', '[1     ]')
error:  0.00009749
('out:    ', '[0.986 ]')
('correct:', '[1     ]')
error:  0.00010233
('out:    ', '[0.987 ]')
('correct:', '[1     ]')
error:  0.00008500
('out:    ', '[0.906 ]')
('correct:', '[1     ]')
error:  0.00443124
('out:    ', '[0.994 ]')
('correct:', '[1     ]')
error:  0.00001674
('out:    ', '[0.99  ]')
('correct:', '[1     ]')
error:  0.00005160
('out:    ', '[0.981 ]')
('correct:', '[1     ]')
error:  0.00017479
('out:    ', '[0.945 ]')
('correct:', '[1     ]')
error:  0.00153490
('out:    ', '[0.984 ]')
('correct:', '[1     ]')
error:  0.00012543
('out:    ', '[0.98  ]')
('correct:', '[1     ]')
error:  0.00019717
('out:    ', '[0.965 ]')
('correct:', '[1     ]')
error:  0.00061247
('out:    ', '[0.989 ]')
('correct:', '[1     ]')
error:  0.00005598
('out:    ', '[0.996 ]')
('correct:', '[1     ]')
error:  0.00000899
('out:    ', '[0.977 ]')
('correct:', '[1     ]')
error:  0.00025656
('out:    ', '[0.997 ]')
('correct:', '[1     ]')
error:  0.00000588
('out:    ', '[0.995 ]')
('correct:', '[1     ]')
error:  0.00001088
('out:    ', '[0.99  ]')
('correct:', '[1     ]')
error:  0.00004747
('out:    ', '[0.896 ]')
('correct:', '[1     ]')
error:  0.00535776
('out:    ', '[0.988 ]')
('correct:', '[1     ]')
error:  0.00007138
('out:    ', '[0.991 ]')
('correct:', '[1     ]')
error:  0.00004259
('out:    ', '[0.983 ]')
('correct:', '[1     ]')
error:  0.00014596
('out:    ', '[0.993 ]')
('correct:', '[1     ]')
error:  0.00002377
('out:    ', '[0.995 ]')
('correct:', '[1     ]')
error:  0.00001038
('out:    ', '[0.994 ]')
('correct:', '[1     ]')
error:  0.00001886
('out:    ', '[0.993 ]')
('correct:', '[1     ]')
error:  0.00002435
('out:    ', '[0.993 ]')
('correct:', '[1     ]')
error:  0.00002454
('out:    ', '[0.99  ]')
('correct:', '[1     ]')
error:  0.00005378
('out:    ', '[0.954 ]')
('correct:', '[1     ]')
error:  0.00106621
('out:    ', '[0.959 ]')
('correct:', '[1     ]')
error:  0.00083177
('out:    ', '[0.995 ]')
('correct:', '[1     ]')
error:  0.00001319
('out:    ', '[0.994 ]')
('correct:', '[1     ]')
error:  0.00001616
('out:    ', '[0.799 ]')
('correct:', '[1     ]')
error:  0.02014580
('out:    ', '[0.677 ]')
('correct:', '[1     ]')
error:  0.05218283
('out:    ', '[0.996 ]')
('correct:', '[1     ]')
error:  0.00000984
('out:    ', '[0.979 ]')
('correct:', '[1     ]')
error:  0.00021333
('out:    ', '[0.995 ]')
('correct:', '[1     ]')
error:  0.00001073
('out:    ', '[0.993 ]')
('correct:', '[1     ]')
error:  0.00002374
('out:    ', '[0.985 ]')
('correct:', '[1     ]')
error:  0.00010677
('out:    ', '[0.954 ]')
('correct:', '[1     ]')
error:  0.00106283
('out:    ', '[0.994 ]')
('correct:', '[1     ]')
error:  0.00001813
('out:    ', '[0.996 ]')
('correct:', '[1     ]')
error:  0.00000727
('out:    ', '[0.942 ]')
('correct:', '[1     ]')
error:  0.00166535
('out:    ', '[0.989 ]')
('correct:', '[1     ]')
error:  0.00005657
('out:    ', '[0.988 ]')
('correct:', '[1     ]')
error:  0.00006643
('out:    ', '[0.996 ]')
('correct:', '[1     ]')
error:  0.00000989
('out:    ', '[0.233 ]')
('correct:', '[1     ]')
error:  0.29411373
('out:    ', '[0.588 ]')
('correct:', '[1     ]')
error:  0.08504805
('out:    ', '[0.567 ]')
('correct:', '[1     ]')
error:  0.09360209
('out:    ', '[0.998 ]')
('correct:', '[1     ]')
error:  0.00000220
('out:    ', '[0.995 ]')
('correct:', '[1     ]')
error:  0.00001453
('out:    ', '[0.995 ]')
('correct:', '[1     ]')
error:  0.00001213
('out:    ', '[0.995 ]')
('correct:', '[1     ]')
error:  0.00001298
('out:    ', '[0.994 ]')
('correct:', '[1     ]')
error:  0.00001524
('out:    ', '[0.822 ]')
('correct:', '[1     ]')
error:  0.01585325
('out:    ', '[0.995 ]')
('correct:', '[1     ]')
error:  0.00001180
('out:    ', '[0.985 ]')
('correct:', '[1     ]')
error:  0.00011004
('out:    ', '[0.957 ]')
('correct:', '[1     ]')
error:  0.00090607
('out:    ', '[0.675 ]')
('correct:', '[1     ]')
error:  0.05265036
('out:    ', '[0.995 ]')
('correct:', '[1     ]')
error:  0.00001026
('out:    ', '[0.912 ]')
('correct:', '[1     ]')
error:  0.00387620
('out:    ', '[0.99  ]')
('correct:', '[1     ]')
error:  0.00004776
('out:    ', '[0.988 ]')
('correct:', '[1     ]')
error:  0.00007051
('out:    ', '[0.977 ]')
('correct:', '[1     ]')
error:  0.00026363
('out:    ', '[0.997 ]')
('correct:', '[1     ]')
error:  0.00000528
('out:    ', '[0.992 ]')
('correct:', '[1     ]')
error:  0.00003175
('out:    ', '[0.969 ]')
('correct:', '[1     ]')
error:  0.00048549
('out:    ', '[0.996 ]')
('correct:', '[1     ]')
error:  0.00000999
('out:    ', '[0.309 ]')
('correct:', '[1     ]')
error:  0.23867311
('out:    ', '[0.984 ]')
('correct:', '[1     ]')
error:  0.00012370
('out:    ', '[0.994 ]')
('correct:', '[1     ]')
error:  0.00001728
('out:    ', '[0.996 ]')
('correct:', '[1     ]')
error:  0.00000637
('out:    ', '[0.987 ]')
('correct:', '[1     ]')
error:  0.00008583
('out:    ', '[0.925 ]')
('correct:', '[1     ]')
error:  0.00284640
('out:    ', '[0.997 ]')
('correct:', '[1     ]')
error:  0.00000485
('out:    ', '[0.987 ]')
('correct:', '[1     ]')
error:  0.00008300
('out:    ', '[0.997 ]')
('correct:', '[1     ]')
error:  0.00000540
('out:    ', '[0.996 ]')
('correct:', '[1     ]')
error:  0.00000771
('out:    ', '[0.993 ]')
('correct:', '[1     ]')
error:  0.00002489
('out:    ', '[0.985 ]')
('correct:', '[1     ]')
error:  0.00011232
('out:    ', '[0.997 ]')
('correct:', '[1     ]')
error:  0.00000438
('out:    ', '[0.926 ]')
('correct:', '[1     ]')
error:  0.00275954
('out:    ', '[0.836 ]')
('correct:', '[1     ]')
error:  0.01340369
('out:    ', '[0.963 ]')
('correct:', '[1     ]')
error:  0.00067428
('out:    ', '[0.997 ]')
('correct:', '[1     ]')
error:  0.00000530
('out:    ', '[0.18  ]')
('correct:', '[1     ]')
error:  0.33660575
('out:    ', '[0.987 ]')
('correct:', '[1     ]')
error:  0.00008563
('out:    ', '[0.974 ]')
('correct:', '[1     ]')
error:  0.00032536
('out:    ', '[0.993 ]')
('correct:', '[1     ]')
error:  0.00002296
('out:    ', '[0.979 ]')
('correct:', '[1     ]')
error:  0.00022749
('out:    ', '[0.986 ]')
('correct:', '[1     ]')
error:  0.00010225
('out:    ', '[0.995 ]')
('correct:', '[1     ]')
error:  0.00001210
('out:    ', '[0.984 ]')
('correct:', '[1     ]')
error:  0.00012518
('out:    ', '[0.994 ]')
('correct:', '[1     ]')
error:  0.00002065
('out:    ', '[0.993 ]')
('correct:', '[1     ]')
error:  0.00002549
('out:    ', '[0.904 ]')
('correct:', '[1     ]')
error:  0.00457499
('out:    ', '[0.993 ]')
('correct:', '[1     ]')
error:  0.00002780
('out:    ', '[0.978 ]')
('correct:', '[1     ]')
error:  0.00023906
('out:    ', '[0.991 ]')
('correct:', '[1     ]')
error:  0.00004085
('out:    ', '[0.983 ]')
('correct:', '[1     ]')
error:  0.00013764
('out:    ', '[0.927 ]')
('correct:', '[1     ]')
error:  0.00263637
('out:    ', '[0.993 ]')
('correct:', '[1     ]')
error:  0.00002564
('out:    ', '[0.937 ]')
('correct:', '[1     ]')
error:  0.00198777
('out:    ', '[0.996 ]')
('correct:', '[1     ]')
error:  0.00000991
('out:    ', '[0.987 ]')
('correct:', '[1     ]')
error:  0.00008145
('out:    ', '[0.931 ]')
('correct:', '[1     ]')
error:  0.00240011
('out:    ', '[0.995 ]')
('correct:', '[1     ]')
error:  0.00001087
('out:    ', '[0.995 ]')
('correct:', '[1     ]')
error:  0.00001404
('out:    ', '[0.972 ]')
('correct:', '[1     ]')
error:  0.00040164
('out:    ', '[0.992 ]')
('correct:', '[1     ]')
error:  0.00003207
('out:    ', '[0.985 ]')
('correct:', '[1     ]')
error:  0.00011654
('out:    ', '[0.992 ]')
('correct:', '[1     ]')
error:  0.00003355
('out:    ', '[0.994 ]')
('correct:', '[1     ]')
error:  0.00001647
('out:    ', '[0.99  ]')
('correct:', '[1     ]')
error:  0.00005339
('out:    ', '[0.698 ]')
('correct:', '[1     ]')
error:  0.04564374
('out:    ', '[0.9   ]')
('correct:', '[1     ]')
error:  0.00502663
('out:    ', '[0.981 ]')
('correct:', '[1     ]')
error:  0.00018897
('out:    ', '[0.387 ]')
('correct:', '[1     ]')
error:  0.18797709
('out:    ', '[0.988 ]')
('correct:', '[1     ]')
error:  0.00006680
('out:    ', '[0.98  ]')
('correct:', '[1     ]')
error:  0.00019814
('out:    ', '[0.99  ]')
('correct:', '[1     ]')
error:  0.00005080
('out:    ', '[0.867 ]')
('correct:', '[1     ]')
error:  0.00878320
('out:    ', '[0.991 ]')
('correct:', '[1     ]')
error:  0.00003752
('out:    ', '[0.995 ]')
('correct:', '[1     ]')
error:  0.00001054
('out:    ', '[0.884 ]')
('correct:', '[1     ]')
error:  0.00671221
('out:    ', '[0.975 ]')
('correct:', '[1     ]')
error:  0.00030993
('out:    ', '[0.997 ]')
('correct:', '[1     ]')
error:  0.00000545
('out:    ', '[0.895 ]')
('correct:', '[0     ]')
error:  0.40041163
('out:    ', '[0.992 ]')
('correct:', '[1     ]')
error:  0.00002936
('out:    ', '[0.989 ]')
('correct:', '[1     ]')
error:  0.00005669
('out:    ', '[0.995 ]')
('correct:', '[1     ]')
error:  0.00001385
('out:    ', '[0.996 ]')
('correct:', '[1     ]')
error:  0.00000801
('out:    ', '[0.996 ]')
('correct:', '[1     ]')
error:  0.00000989
('out:    ', '[0.996 ]')
('correct:', '[1     ]')
error:  0.00000928
('out:    ', '[0.944 ]')
('correct:', '[1     ]')
error:  0.00156617
('out:    ', '[0.988 ]')
('correct:', '[1     ]')
error:  0.00006746
('out:    ', '[0.994 ]')
('correct:', '[1     ]')
error:  0.00001538
('out:    ', '[0.932 ]')
('correct:', '[1     ]')
error:  0.00230367
('out:    ', '[0.998 ]')
('correct:', '[1     ]')
error:  0.00000271
('out:    ', '[0.977 ]')
('correct:', '[1     ]')
error:  0.00026678
('out:    ', '[0.989 ]')
('correct:', '[1     ]')
error:  0.00006295
('out:    ', '[0.994 ]')
('correct:', '[1     ]')
error:  0.00001544
('out:    ', '[0.994 ]')
('correct:', '[1     ]')
error:  0.00001590
('out:    ', '[0.994 ]')
('correct:', '[1     ]')
error:  0.00001878
('out:    ', '[0.993 ]')
('correct:', '[1     ]')
error:  0.00002608
('out:    ', '[0.997 ]')
('correct:', '[1     ]')
error:  0.00000466
('out:    ', '[0.997 ]')
('correct:', '[1     ]')
error:  0.00000481
('out:    ', '[0.93  ]')
('correct:', '[1     ]')
error:  0.00242760
('out:    ', '[0.983 ]')
('correct:', '[1     ]')
error:  0.00014853
('out:    ', '[0.995 ]')
('correct:', '[1     ]')
error:  0.00001322
('out:    ', '[0.984 ]')
('correct:', '[1     ]')
error:  0.00013062
('out:    ', '[0.993 ]')
('correct:', '[1     ]')
error:  0.00002357
('out:    ', '[0.769 ]')
('correct:', '[1     ]')
error:  0.02665300
('out:    ', '[0.992 ]')
('correct:', '[1     ]')
error:  0.00003167
('out:    ', '[0.501 ]')
('correct:', '[0     ]')
error:  0.12570712
('out:    ', '[0.992 ]')
('correct:', '[1     ]')
error:  0.00003231
('out:    ', '[0.997 ]')
('correct:', '[1     ]')
error:  0.00000455
('out:    ', '[0.97  ]')
('correct:', '[1     ]')
error:  0.00046350
('out:    ', '[0.837 ]')
('correct:', '[1     ]')
error:  0.01335257
('out:    ', '[0.977 ]')
('correct:', '[1     ]')
error:  0.00027305
('out:    ', '[0.994 ]')
('correct:', '[1     ]')
error:  0.00001940
('out:    ', '[0.989 ]')
('correct:', '[1     ]')
error:  0.00005825
('out:    ', '[0.994 ]')
('correct:', '[1     ]')
error:  0.00001751
('out:    ', '[0.995 ]')
('correct:', '[1     ]')
error:  0.00001174
('out:    ', '[0.966 ]')
('correct:', '[1     ]')
error:  0.00059236
('out:    ', '[0.995 ]')
('correct:', '[1     ]')
error:  0.00001258
('out:    ', '[0.997 ]')
('correct:', '[1     ]')
error:  0.00000487
('out:    ', '[0.926 ]')
('correct:', '[1     ]')
error:  0.00270860
('out:    ', '[0.991 ]')
('correct:', '[1     ]')
error:  0.00004224
('out:    ', '[0.997 ]')
('correct:', '[1     ]')
error:  0.00000575
('out:    ', '[0.997 ]')
('correct:', '[1     ]')
error:  0.00000434
('out:    ', '[0.995 ]')
('correct:', '[1     ]')
error:  0.00001038
('out:    ', '[0.993 ]')
('correct:', '[1     ]')
error:  0.00002339
('out:    ', '[0.996 ]')
('correct:', '[1     ]')
error:  0.00000778
('out:    ', '[0.991 ]')
('correct:', '[1     ]')
error:  0.00004164
('out:    ', '[0.996 ]')
('correct:', '[1     ]')
error:  0.00000837
('out:    ', '[0.965 ]')
('correct:', '[1     ]')
error:  0.00061999
('out:    ', '[0.983 ]')
('correct:', '[1     ]')
error:  0.00013753
('out:    ', '[0.995 ]')
('correct:', '[1     ]')
error:  0.00001391
('out:    ', '[0.995 ]')
('correct:', '[1     ]')
error:  0.00001406
('out:    ', '[0.988 ]')
('correct:', '[1     ]')
error:  0.00007170
('out:    ', '[0.897 ]')
('correct:', '[1     ]')
error:  0.00529156
('out:    ', '[0.851 ]')
('correct:', '[1     ]')
error:  0.01114783
('out:    ', '[0.292 ]')
('correct:', '[0     ]')
error:  0.04252762
('out:    ', '[0.987 ]')
('correct:', '[1     ]')
error:  0.00008228
('out:    ', '[0.997 ]')
('correct:', '[1     ]')
error:  0.00000491
('out:    ', '[0.99  ]')
('correct:', '[1     ]')
error:  0.00004863
('out:    ', '[0.994 ]')
('correct:', '[1     ]')
error:  0.00001536
('out:    ', '[0.986 ]')
('correct:', '[1     ]')
error:  0.00009168
('out:    ', '[0.996 ]')
('correct:', '[1     ]')
error:  0.00000987
('out:    ', '[0.968 ]')
('correct:', '[1     ]')
error:  0.00052801
('out:    ', '[0.994 ]')
('correct:', '[1     ]')
error:  0.00002046
('out:    ', '[0.987 ]')
('correct:', '[1     ]')
error:  0.00007937
('out:    ', '[0.366 ]')
('correct:', '[1     ]')
error:  0.20071196
('out:    ', '[0.927 ]')
('correct:', '[1     ]')
error:  0.00265524
('out:    ', '[0.998 ]')
('correct:', '[1     ]')
error:  0.00000275
('out:    ', '[0.997 ]')
('correct:', '[1     ]')
error:  0.00000398
('out:    ', '[0.93  ]')
('correct:', '[1     ]')
error:  0.00242900
('out:    ', '[0.995 ]')
('correct:', '[1     ]')
error:  0.00001410
('out:    ', '[0.995 ]')
('correct:', '[1     ]')
error:  0.00001089
('out:    ', '[0.596 ]')
('correct:', '[1     ]')
error:  0.08141940
('out:    ', '[0.997 ]')
('correct:', '[1     ]')
error:  0.00000514
('out:    ', '[0.997 ]')
('correct:', '[1     ]')
error:  0.00000545
('out:    ', '[0.969 ]')
('correct:', '[1     ]')
error:  0.00047071
('out:    ', '[0.992 ]')
('correct:', '[1     ]')
error:  0.00003158
('out:    ', '[0.92  ]')
('correct:', '[1     ]')
error:  0.00318975
('out:    ', '[0.996 ]')
('correct:', '[1     ]')
error:  0.00000667
('out:    ', '[0.994 ]')
('correct:', '[1     ]')
error:  0.00001827
('out:    ', '[0.996 ]')
('correct:', '[1     ]')
error:  0.00000635
('out:    ', '[0.993 ]')
('correct:', '[1     ]')
error:  0.00002667
('out:    ', '[0.956 ]')
('correct:', '[1     ]')
error:  0.00098569
('out:    ', '[0.995 ]')
('correct:', '[1     ]')
error:  0.00001304
('out:    ', '[0.98  ]')
('correct:', '[1     ]')
error:  0.00019193
('out:    ', '[0.993 ]')
('correct:', '[1     ]')
error:  0.00002721
('out:    ', '[0.984 ]')
('correct:', '[1     ]')
error:  0.00012554
('out:    ', '[0.966 ]')
('correct:', '[1     ]')
error:  0.00058267
('out:    ', '[0.996 ]')
('correct:', '[1     ]')
error:  0.00000749
('out:    ', '[0.991 ]')
('correct:', '[1     ]')
error:  0.00003855
('out:    ', '[0.986 ]')
('correct:', '[1     ]')
error:  0.00009332
('out:    ', '[0.994 ]')
('correct:', '[1     ]')
error:  0.00001860
('out:    ', '[0.997 ]')
('correct:', '[1     ]')
error:  0.00000523
('out:    ', '[0.989 ]')
('correct:', '[1     ]')
error:  0.00005522
('out:    ', '[0.994 ]')
('correct:', '[1     ]')
error:  0.00001927
('out:    ', '[0.988 ]')
('correct:', '[1     ]')
error:  0.00007648
('out:    ', '[0.928 ]')
('correct:', '[1     ]')
error:  0.00259827
('out:    ', '[0.649 ]')
('correct:', '[1     ]')
error:  0.06150029
('out:    ', '[0.996 ]')
('correct:', '[1     ]')
error:  0.00000870
('out:    ', '[0.996 ]')
('correct:', '[1     ]')
error:  0.00000947
('out:    ', '[0.992 ]')
('correct:', '[1     ]')
error:  0.00003083
('out:    ', '[0.983 ]')
('correct:', '[1     ]')
error:  0.00014366
('out:    ', '[0.979 ]')
('correct:', '[1     ]')
error:  0.00022547
('out:    ', '[0.996 ]')
('correct:', '[1     ]')
error:  0.00000988
('out:    ', '[0.981 ]')
('correct:', '[1     ]')
error:  0.00017395
('out:    ', '[0.994 ]')
('correct:', '[1     ]')
error:  0.00001944
('out:    ', '[0.993 ]')
('correct:', '[1     ]')
error:  0.00002596
('out:    ', '[0.76  ]')
('correct:', '[1     ]')
error:  0.02880987
('out:    ', '[0.582 ]')
('correct:', '[1     ]')
error:  0.08742799
('out:    ', '[0.997 ]')
('correct:', '[1     ]')
error:  0.00000353
('out:    ', '[0.99  ]')
('correct:', '[1     ]')
error:  0.00004521
('out:    ', '[0.986 ]')
('correct:', '[1     ]')
error:  0.00009330
('out:    ', '[0.981 ]')
('correct:', '[1     ]')
error:  0.00017720
('out:    ', '[0.996 ]')
('correct:', '[1     ]')
error:  0.00000767
('out:    ', '[0.93  ]')
('correct:', '[1     ]')
error:  0.00243094
('out:    ', '[0.996 ]')
('correct:', '[1     ]')
error:  0.00000949
('out:    ', '[0.851 ]')
('correct:', '[1     ]')
error:  0.01109899
('out:    ', '[0.886 ]')
('correct:', '[1     ]')
error:  0.00651066
('out:    ', '[0.991 ]')
('correct:', '[1     ]')
error:  0.00004254
('out:    ', '[0.896 ]')
('correct:', '[1     ]')
error:  0.00538608
('out:    ', '[0.995 ]')
('correct:', '[1     ]')
error:  0.00001345
('out:    ', '[0.996 ]')
('correct:', '[1     ]')
error:  0.00000679
('out:    ', '[0.99  ]')
('correct:', '[1     ]')
error:  0.00004631
('out:    ', '[0.989 ]')
('correct:', '[1     ]')
error:  0.00006111
('out:    ', '[0.983 ]')
('correct:', '[1     ]')
error:  0.00015100
('out:    ', '[0.995 ]')
('correct:', '[1     ]')
error:  0.00001148
('out:    ', '[0.987 ]')
('correct:', '[1     ]')
error:  0.00008914
('out:    ', '[0.986 ]')
('correct:', '[1     ]')
error:  0.00009652
('out:    ', '[0.93  ]')
('correct:', '[1     ]')
error:  0.00243503
('out:    ', '[0.99  ]')
('correct:', '[1     ]')
error:  0.00004522
('out:    ', '[0.993 ]')
('correct:', '[1     ]')
error:  0.00002535
('out:    ', '[0.995 ]')
('correct:', '[1     ]')
error:  0.00001464
('out:    ', '[0.998 ]')
('correct:', '[1     ]')
error:  0.00000244
('out:    ', '[0.931 ]')
('correct:', '[1     ]')
error:  0.00240497
('out:    ', '[0.986 ]')
('correct:', '[1     ]')
error:  0.00009379
('out:    ', '[0.989 ]')
('correct:', '[1     ]')
error:  0.00006242
('out:    ', '[0.928 ]')
('correct:', '[1     ]')
error:  0.00261773
('out:    ', '[0.996 ]')
('correct:', '[1     ]')
error:  0.00000968
('out:    ', '[0.988 ]')
('correct:', '[1     ]')
error:  0.00007239
('out:    ', '[0.993 ]')
('correct:', '[1     ]')
error:  0.00002124
('out:    ', '[0.847 ]')
('correct:', '[1     ]')
error:  0.01171385
('out:    ', '[0.991 ]')
('correct:', '[1     ]')
error:  0.00003664
('out:    ', '[0.995 ]')
('correct:', '[1     ]')
error:  0.00001123
('out:    ', '[0.99  ]')
('correct:', '[1     ]')
error:  0.00005495
('out:    ', '[0.995 ]')
('correct:', '[1     ]')
error:  0.00001038
('out:    ', '[0.995 ]')
('correct:', '[1     ]')
error:  0.00001037
('out:    ', '[0.986 ]')
('correct:', '[1     ]')
error:  0.00009117
('out:    ', '[0.955 ]')
('correct:', '[1     ]')
error:  0.00099318
('out:    ', '[0.973 ]')
('correct:', '[1     ]')
error:  0.00036316
('out:    ', '[0.964 ]')
('correct:', '[1     ]')
error:  0.00063238
('out:    ', '[0.997 ]')
('correct:', '[1     ]')
error:  0.00000611
('out:    ', '[0.897 ]')
('correct:', '[1     ]')
error:  0.00529463
('out:    ', '[0.993 ]')
('correct:', '[1     ]')
error:  0.00002248
('out:    ', '[0.931 ]')
('correct:', '[1     ]')
error:  0.00239932
('out:    ', '[0.944 ]')
('correct:', '[1     ]')
error:  0.00155016
('out:    ', '[0.988 ]')
('correct:', '[1     ]')
error:  0.00007175
('out:    ', '[0.986 ]')
('correct:', '[1     ]')
error:  0.00010454
('out:    ', '[0.959 ]')
('correct:', '[1     ]')
error:  0.00084771
('out:    ', '[0.88  ]')
('correct:', '[1     ]')
error:  0.00725535
('out:    ', '[0.985 ]')
('correct:', '[1     ]')
error:  0.00010975
('out:    ', '[0.986 ]')
('correct:', '[1     ]')
error:  0.00010375
('out:    ', '[0.967 ]')
('correct:', '[1     ]')
error:  0.00054067
('out:    ', '[0.943 ]')
('correct:', '[1     ]')
error:  0.00164993
('out:    ', '[0.882 ]')
('correct:', '[1     ]')
error:  0.00699253
('out:    ', '[0.955 ]')
('correct:', '[1     ]')
error:  0.00100832
('out:    ', '[0.58  ]')
('correct:', '[1     ]')
error:  0.08816161
('out:    ', '[0.421 ]')
('correct:', '[1     ]')
error:  0.16782955
('out:    ', '[0.948 ]')
('correct:', '[1     ]')
error:  0.00135285
('out:    ', '[0.994 ]')
('correct:', '[1     ]')
error:  0.00001806
('out:    ', '[0.994 ]')
('correct:', '[1     ]')
error:  0.00001618
('out:    ', '[0.992 ]')
('correct:', '[1     ]')
error:  0.00003339
('out:    ', '[0.994 ]')
('correct:', '[1     ]')
error:  0.00001935
('out:    ', '[0.949 ]')
('correct:', '[1     ]')
error:  0.00127739
('out:    ', '[0.928 ]')
('correct:', '[1     ]')
error:  0.00256779
('out:    ', '[0.995 ]')
('correct:', '[1     ]')
error:  0.00001039
('out:    ', '[0.993 ]')
('correct:', '[1     ]')
error:  0.00002189
('out:    ', '[0.99  ]')
('correct:', '[1     ]')
error:  0.00005470
('out:    ', '[0.997 ]')
('correct:', '[1     ]')
error:  0.00000434
('out:    ', '[0.385 ]')
('correct:', '[1     ]')
error:  0.18909120
('out:    ', '[0.993 ]')
('correct:', '[1     ]')
error:  0.00002498
('out:    ', '[0.996 ]')
('correct:', '[1     ]')
error:  0.00000807
('out:    ', '[0.988 ]')
('correct:', '[1     ]')
error:  0.00006995
('out:    ', '[0.783 ]')
('correct:', '[1     ]')
error:  0.02352929
('out:    ', '[0.988 ]')
('correct:', '[1     ]')
error:  0.00006974
('out:    ', '[0.969 ]')
('correct:', '[1     ]')
error:  0.00047086
('out:    ', '[0.989 ]')
('correct:', '[1     ]')
error:  0.00006297
('out:    ', '[0.994 ]')
('correct:', '[1     ]')
error:  0.00001770
('out:    ', '[0.994 ]')
('correct:', '[1     ]')
error:  0.00001929
('out:    ', '[0.997 ]')
('correct:', '[1     ]')
error:  0.00000460
('out:    ', '[0.995 ]')
('correct:', '[1     ]')
error:  0.00001145
('out:    ', '[0.993 ]')
('correct:', '[1     ]')
error:  0.00002715
('out:    ', '[0.994 ]')
('correct:', '[1     ]')
error:  0.00001973
('out:    ', '[0.995 ]')
('correct:', '[1     ]')
error:  0.00001414
('out:    ', '[0.989 ]')
('correct:', '[1     ]')
error:  0.00006532
('out:    ', '[0.994 ]')
('correct:', '[1     ]')
error:  0.00001847
('out:    ', '[0.988 ]')
('correct:', '[1     ]')
error:  0.00007085
('out:    ', '[0.964 ]')
('correct:', '[1     ]')
error:  0.00064993
('out:    ', '[0.963 ]')
('correct:', '[1     ]')
error:  0.00069067
('out:    ', '[0.809 ]')
('correct:', '[1     ]')
error:  0.01816444
('out:    ', '[0.996 ]')
('correct:', '[1     ]')
error:  0.00000894
('out:    ', '[0.853 ]')
('correct:', '[1     ]')
error:  0.01080477
('out:    ', '[0.995 ]')
('correct:', '[1     ]')
error:  0.00001065
('out:    ', '[0.986 ]')
('correct:', '[1     ]')
error:  0.00009186
('out:    ', '[0.965 ]')
('correct:', '[1     ]')
error:  0.00060620
('out:    ', '[0.995 ]')
('correct:', '[1     ]')
error:  0.00001078
('out:    ', '[0.994 ]')
('correct:', '[1     ]')
error:  0.00002073
('out:    ', '[0.995 ]')
('correct:', '[1     ]')
error:  0.00001036
('out:    ', '[0.762 ]')
('correct:', '[1     ]')
error:  0.02837252
('out:    ', '[0.994 ]')
('correct:', '[1     ]')
error:  0.00001668
('out:    ', '[0.996 ]')
('correct:', '[1     ]')
error:  0.00000836
('out:    ', '[0.994 ]')
('correct:', '[1     ]')
error:  0.00001570
('out:    ', '[0.985 ]')
('correct:', '[1     ]')
error:  0.00011177
('out:    ', '[0.995 ]')
('correct:', '[1     ]')
error:  0.00001335
('out:    ', '[0.992 ]')
('correct:', '[1     ]')
error:  0.00002902
('out:    ', '[0.982 ]')
('correct:', '[1     ]')
error:  0.00015926
('out:    ', '[0.993 ]')
('correct:', '[1     ]')
error:  0.00002691
('out:    ', '[0.996 ]')
('correct:', '[1     ]')
error:  0.00000802
('out:    ', '[0.992 ]')
('correct:', '[1     ]')
error:  0.00002834
('out:    ', '[0.994 ]')
('correct:', '[1     ]')
error:  0.00001905
('out:    ', '[0.614 ]')
('correct:', '[1     ]')
error:  0.07456261
('out:    ', '[0.932 ]')
('correct:', '[1     ]')
error:  0.00231895
('out:    ', '[0.996 ]')
('correct:', '[1     ]')
error:  0.00000716
('out:    ', '[0.99  ]')
('correct:', '[1     ]')
error:  0.00005382
('out:    ', '[0.984 ]')
('correct:', '[1     ]')
error:  0.00012994
('out:    ', '[0.974 ]')
('correct:', '[1     ]')
error:  0.00032642
('out:    ', '[0.991 ]')
('correct:', '[1     ]')
error:  0.00003955
('out:    ', '[0.997 ]')
('correct:', '[1     ]')
error:  0.00000379
('out:    ', '[0.86  ]')
('correct:', '[1     ]')
error:  0.00977015
('out:    ', '[0.934 ]')
('correct:', '[1     ]')
error:  0.00215502
('out:    ', '[0.981 ]')
('correct:', '[1     ]')
error:  0.00018959
('out:    ', '[0.993 ]')
('correct:', '[1     ]')
error:  0.00002727
('out:    ', '[0.945 ]')
('correct:', '[1     ]')
error:  0.00152623
('out:    ', '[0.994 ]')
('correct:', '[1     ]')
error:  0.00001965
('out:    ', '[0.996 ]')
('correct:', '[1     ]')
error:  0.00000859
('out:    ', '[0.661 ]')
('correct:', '[1     ]')
error:  0.05759001
('out:    ', '[0.995 ]')
('correct:', '[1     ]')
error:  0.00001429
('out:    ', '[0.975 ]')
('correct:', '[1     ]')
error:  0.00032381
('out:    ', '[0.994 ]')
('correct:', '[1     ]')
error:  0.00001733
('out:    ', '[0.994 ]')
('correct:', '[1     ]')
error:  0.00001936
('out:    ', '[0.996 ]')
('correct:', '[1     ]')
error:  0.00000615
('out:    ', '[0.997 ]')
('correct:', '[1     ]')
error:  0.00000578
('out:    ', '[0.994 ]')
('correct:', '[1     ]')
error:  0.00001548
('out:    ', '[0.938 ]')
('correct:', '[1     ]')
error:  0.00195243
('out:    ', '[0.997 ]')
('correct:', '[1     ]')
error:  0.00000566
('out:    ', '[0.992 ]')
('correct:', '[1     ]')
error:  0.00003104
('out:    ', '[0.996 ]')
('correct:', '[1     ]')
error:  0.00000904
('out:    ', '[0.958 ]')
('correct:', '[1     ]')
error:  0.00088042
('out:    ', '[0.996 ]')
('correct:', '[1     ]')
error:  0.00000681
('out:    ', '[0.993 ]')
('correct:', '[1     ]')
error:  0.00002739
('out:    ', '[0.9   ]')
('correct:', '[1     ]')
error:  0.00498393
('out:    ', '[0.994 ]')
('correct:', '[1     ]')
error:  0.00001699
('out:    ', '[0.987 ]')
('correct:', '[1     ]')
error:  0.00008970
('out:    ', '[0.996 ]')
('correct:', '[1     ]')
error:  0.00000807
('out:    ', '[0.996 ]')
('correct:', '[1     ]')
error:  0.00000834
('out:    ', '[0.996 ]')
('correct:', '[1     ]')
error:  0.00000889
('out:    ', '[0.997 ]')
('correct:', '[1     ]')
error:  0.00000529
('out:    ', '[0.974 ]')
('correct:', '[1     ]')
error:  0.00034298
('out:    ', '[0.799 ]')
('correct:', '[1     ]')
error:  0.02024899
('out:    ', '[0.985 ]')
('correct:', '[1     ]')
error:  0.00011282
('out:    ', '[0.996 ]')
('correct:', '[1     ]')
error:  0.00000782
('out:    ', '[0.996 ]')
('correct:', '[1     ]')
error:  0.00000878
('out:    ', '[0.984 ]')
('correct:', '[1     ]')
error:  0.00012251
('out:    ', '[0.99  ]')
('correct:', '[1     ]')
error:  0.00005293
('out:    ', '[0.994 ]')
('correct:', '[1     ]')
error:  0.00001976
('out:    ', '[0.983 ]')
('correct:', '[1     ]')
error:  0.00014043
('out:    ', '[0.994 ]')
('correct:', '[1     ]')
error:  0.00001775
('out:    ', '[0.644 ]')
('correct:', '[1     ]')
error:  0.06344301
('out:    ', '[0.997 ]')
('correct:', '[1     ]')
error:  0.00000573
('out:    ', '[0.996 ]')
('correct:', '[1     ]')
error:  0.00000993
('out:    ', '[0.996 ]')
('correct:', '[1     ]')
error:  0.00000941
('out:    ', '[0.997 ]')
('correct:', '[1     ]')
error:  0.00000526
('out:    ', '[0.979 ]')
('correct:', '[1     ]')
error:  0.00021707
('out:    ', '[0.993 ]')
('correct:', '[1     ]')
error:  0.00002560
('out:    ', '[0.997 ]')
('correct:', '[1     ]')
error:  0.00000341
('out:    ', '[0.996 ]')
('correct:', '[1     ]')
error:  0.00000900
('out:    ', '[0.995 ]')
('correct:', '[1     ]')
error:  0.00001026
('out:    ', '[0.995 ]')
('correct:', '[1     ]')
error:  0.00001345
('out:    ', '[0.993 ]')
('correct:', '[1     ]')
error:  0.00002408
('out:    ', '[0.994 ]')
('correct:', '[1     ]')
error:  0.00001586
('out:    ', '[0.736 ]')
('correct:', '[1     ]')
error:  0.03472390
('out:    ', '[0.995 ]')
('correct:', '[1     ]')
error:  0.00001188
('out:    ', '[0.991 ]')
('correct:', '[1     ]')
error:  0.00003860
('out:    ', '[0.995 ]')
('correct:', '[1     ]')
error:  0.00001033
('out:    ', '[0.818 ]')
('correct:', '[1     ]')
error:  0.01664427
('out:    ', '[0.893 ]')
('correct:', '[1     ]')
error:  0.00575290
('out:    ', '[0.993 ]')
('correct:', '[1     ]')
error:  0.00002432
('out:    ', '[0.996 ]')
('correct:', '[1     ]')
error:  0.00000940
('out:    ', '[0.931 ]')
('correct:', '[1     ]')
error:  0.00240005
('out:    ', '[0.988 ]')
('correct:', '[1     ]')
error:  0.00007543
('out:    ', '[0.992 ]')
('correct:', '[1     ]')
error:  0.00003068
('out:    ', '[0.996 ]')
('correct:', '[1     ]')
error:  0.00000815
('out:    ', '[0.984 ]')
('correct:', '[1     ]')
error:  0.00013474
('out:    ', '[0.984 ]')
('correct:', '[1     ]')
error:  0.00012649
('out:    ', '[0.928 ]')
('correct:', '[1     ]')
error:  0.00261358
('out:    ', '[0.991 ]')
('correct:', '[1     ]')
error:  0.00004264
('out:    ', '[0.426 ]')
('correct:', '[1     ]')
error:  0.16481156
('out:    ', '[0.843 ]')
('correct:', '[1     ]')
error:  0.01233223
('out:    ', '[0.938 ]')
('correct:', '[1     ]')
error:  0.00195178
('out:    ', '[0.994 ]')
('correct:', '[1     ]')
error:  0.00001851
('out:    ', '[0.995 ]')
('correct:', '[1     ]')
error:  0.00001030
('out:    ', '[0.996 ]')
('correct:', '[1     ]')
error:  0.00000888
('out:    ', '[0.968 ]')
('correct:', '[1     ]')
error:  0.00052033
('out:    ', '[0.926 ]')
('correct:', '[1     ]')
error:  0.00276836
('out:    ', '[0.965 ]')
('correct:', '[1     ]')
error:  0.00060130
('out:    ', '[0.997 ]')
('correct:', '[1     ]')
error:  0.00000553
('out:    ', '[0.985 ]')
('correct:', '[1     ]')
error:  0.00011260
('out:    ', '[0.958 ]')
('correct:', '[1     ]')
error:  0.00087072
('out:    ', '[0.984 ]')
('correct:', '[1     ]')
error:  0.00013173
('out:    ', '[0.143 ]')
('correct:', '[1     ]')
error:  0.36748434
('out:    ', '[0.99  ]')
('correct:', '[0     ]')
error:  0.48987254
('out:    ', '[0.989 ]')
('correct:', '[1     ]')
error:  0.00005651
('out:    ', '[0.996 ]')
('correct:', '[1     ]')
error:  0.00001009
('out:    ', '[0.992 ]')
('correct:', '[1     ]')
error:  0.00002946
('out:    ', '[0.996 ]')
('correct:', '[1     ]')
error:  0.00000722
('out:    ', '[0.985 ]')
('correct:', '[1     ]')
error:  0.00010787
('out:    ', '[0.995 ]')
('correct:', '[1     ]')
error:  0.00001107
('out:    ', '[0.989 ]')
('correct:', '[1     ]')
error:  0.00006506
('out:    ', '[0.997 ]')
('correct:', '[1     ]')
error:  0.00000535
('out:    ', '[0.997 ]')
('correct:', '[1     ]')
error:  0.00000339
('out:    ', '[0.994 ]')
('correct:', '[1     ]')
error:  0.00001919
('out:    ', '[0.918 ]')
('correct:', '[1     ]')
error:  0.00332747
('out:    ', '[0.914 ]')
('correct:', '[1     ]')
error:  0.00367447
('out:    ', '[0.994 ]')
('correct:', '[1     ]')
error:  0.00001817
('out:    ', '[0.955 ]')
('correct:', '[1     ]')
error:  0.00100269
('out:    ', '[0.951 ]')
('correct:', '[1     ]')
error:  0.00120003
('out:    ', '[0.995 ]')
('correct:', '[1     ]')
error:  0.00001077
('out:    ', '[0.997 ]')
('correct:', '[1     ]')
error:  0.00000529
('out:    ', '[0.99  ]')
('correct:', '[1     ]')
error:  0.00005093
('out:    ', '[0.993 ]')
('correct:', '[1     ]')
error:  0.00002706
('out:    ', '[0.995 ]')
('correct:', '[1     ]')
error:  0.00001263
('out:    ', '[0.992 ]')
('correct:', '[1     ]')
error:  0.00002935
('out:    ', '[0.986 ]')
('correct:', '[1     ]')
error:  0.00010219
('out:    ', '[0.993 ]')
('correct:', '[1     ]')
error:  0.00002560
('out:    ', '[0.99  ]')
('correct:', '[1     ]')
error:  0.00004531
('out:    ', '[0.996 ]')
('correct:', '[1     ]')
error:  0.00000714
('out:    ', '[0.995 ]')
('correct:', '[1     ]')
error:  0.00001482
('out:    ', '[0.993 ]')
('correct:', '[1     ]')
error:  0.00002811
('out:    ', '[0.964 ]')
('correct:', '[1     ]')
error:  0.00063581
('out:    ', '[0.993 ]')
('correct:', '[1     ]')
error:  0.00002664
('out:    ', '[0.995 ]')
('correct:', '[1     ]')
error:  0.00001029
('out:    ', '[0.655 ]')
('correct:', '[1     ]')
error:  0.05962264
('out:    ', '[0.986 ]')
('correct:', '[1     ]')
error:  0.00009896
('out:    ', '[0.992 ]')
('correct:', '[1     ]')
error:  0.00002814
('out:    ', '[0.994 ]')
('correct:', '[1     ]')
error:  0.00001853
('out:    ', '[0.966 ]')
('correct:', '[1     ]')
error:  0.00057006
('out:    ', '[0.994 ]')
('correct:', '[1     ]')
error:  0.00001639
('out:    ', '[0.935 ]')
('correct:', '[1     ]')
error:  0.00211864
('out:    ', '[0.996 ]')
('correct:', '[1     ]')
error:  0.00000810
('out:    ', '[0.996 ]')
('correct:', '[1     ]')
error:  0.00000967
('out:    ', '[0.995 ]')
('correct:', '[1     ]')
error:  0.00001368
('out:    ', '[0.973 ]')
('correct:', '[1     ]')
error:  0.00036998
('out:    ', '[0.96  ]')
('correct:', '[1     ]')
error:  0.00081183
('out:    ', '[0.991 ]')
('correct:', '[1     ]')
error:  0.00003777
('out:    ', '[0.985 ]')
('correct:', '[1     ]')
error:  0.00011704
('out:    ', '[0.677 ]')
('correct:', '[1     ]')
error:  0.05216722
('out:    ', '[0.985 ]')
('correct:', '[1     ]')
error:  0.00010864
('out:    ', '[0.996 ]')
('correct:', '[1     ]')
error:  0.00000932
('out:    ', '[0.951 ]')
('correct:', '[1     ]')
error:  0.00122229
('out:    ', '[0.996 ]')
('correct:', '[1     ]')
error:  0.00000876
('out:    ', '[0.825 ]')
('correct:', '[1     ]')
error:  0.01533625
('out:    ', '[0.997 ]')
('correct:', '[1     ]')
error:  0.00000555
('out:    ', '[0.823 ]')
('correct:', '[1     ]')
error:  0.01566240
('out:    ', '[0.995 ]')
('correct:', '[1     ]')
error:  0.00001065
('out:    ', '[0.955 ]')
('correct:', '[1     ]')
error:  0.00099036
('out:    ', '[0.987 ]')
('correct:', '[1     ]')
error:  0.00008218
('out:    ', '[0.997 ]')
('correct:', '[1     ]')
error:  0.00000560
('out:    ', '[0.993 ]')
('correct:', '[1     ]')
error:  0.00002492
('out:    ', '[0.947 ]')
('correct:', '[1     ]')
error:  0.00139233
('out:    ', '[0.985 ]')
('correct:', '[1     ]')
error:  0.00011686
('out:    ', '[0.99  ]')
('correct:', '[1     ]')
error:  0.00004644
('out:    ', '[0.986 ]')
('correct:', '[1     ]')
error:  0.00010089
('out:    ', '[0.994 ]')
('correct:', '[1     ]')
error:  0.00002011
('out:    ', '[0.996 ]')
('correct:', '[1     ]')
error:  0.00000669
('out:    ', '[0.964 ]')
('correct:', '[1     ]')
error:  0.00063348
('out:    ', '[0.949 ]')
('correct:', '[1     ]')
error:  0.00128493
('out:    ', '[0.97  ]')
('correct:', '[1     ]')
error:  0.00044370
('out:    ', '[0.997 ]')
('correct:', '[1     ]')
error:  0.00000444
('out:    ', '[0.997 ]')
('correct:', '[1     ]')
error:  0.00000359
('out:    ', '[0.997 ]')
('correct:', '[1     ]')
error:  0.00000501
('out:    ', '[0.993 ]')
('correct:', '[1     ]')
error:  0.00002133
('out:    ', '[0.994 ]')
('correct:', '[1     ]')
error:  0.00002101
('out:    ', '[0.993 ]')
('correct:', '[1     ]')
error:  0.00002631
('out:    ', '[0.989 ]')
('correct:', '[1     ]')
error:  0.00005702
('out:    ', '[0.996 ]')
('correct:', '[1     ]')
error:  0.00000616
('out:    ', '[0.996 ]')
('correct:', '[1     ]')
error:  0.00000981
('out:    ', '[0.991 ]')
('correct:', '[1     ]')
error:  0.00004020
('out:    ', '[0.993 ]')
('correct:', '[1     ]')
error:  0.00002624
('out:    ', '[0.995 ]')
('correct:', '[1     ]')
error:  0.00001079
('out:    ', '[0.994 ]')
('correct:', '[1     ]')
error:  0.00001894
('out:    ', '[0.993 ]')
('correct:', '[1     ]')
error:  0.00002640
('out:    ', '[0.99  ]')
('correct:', '[1     ]')
error:  0.00004635
('out:    ', '[0.989 ]')
('correct:', '[1     ]')
error:  0.00006046
('out:    ', '[0.97  ]')
('correct:', '[1     ]')
error:  0.00044616
('out:    ', '[0.667 ]')
('correct:', '[1     ]')
error:  0.05529367
('out:    ', '[0.995 ]')
('correct:', '[1     ]')
error:  0.00001018
('out:    ', '[0.988 ]')
('correct:', '[1     ]')
error:  0.00007631
('out:    ', '[0.959 ]')
('correct:', '[1     ]')
error:  0.00082401
('out:    ', '[0.354 ]')
('correct:', '[0     ]')
error:  0.06253095
('out:    ', '[0.995 ]')
('correct:', '[1     ]')
error:  0.00001036
('out:    ', '[0.996 ]')
('correct:', '[1     ]')
error:  0.00000795
('out:    ', '[0.986 ]')
('correct:', '[1     ]')
error:  0.00010323
('out:    ', '[0.73  ]')
('correct:', '[1     ]')
error:  0.03643242
('out:    ', '[0.996 ]')
('correct:', '[1     ]')
error:  0.00000961
('out:    ', '[0.984 ]')
('correct:', '[1     ]')
error:  0.00012419
('out:    ', '[0.949 ]')
('correct:', '[1     ]')
error:  0.00129595
('out:    ', '[0.949 ]')
('correct:', '[1     ]')
error:  0.00128854
('out:    ', '[0.995 ]')
('correct:', '[1     ]')
error:  0.00001039
('out:    ', '[0.97  ]')
('correct:', '[1     ]')
error:  0.00045890
('out:    ', '[0.512 ]')
('correct:', '[0     ]')
error:  0.13106866
('out:    ', '[0.993 ]')
('correct:', '[1     ]')
error:  0.00002320
('out:    ', '[0.982 ]')
('correct:', '[1     ]')
error:  0.00015938
('out:    ', '[0.991 ]')
('correct:', '[1     ]')
error:  0.00004093
('out:    ', '[0.996 ]')
('correct:', '[1     ]')
error:  0.00000864
('out:    ', '[0.95  ]')
('correct:', '[1     ]')
error:  0.00124658
('out:    ', '[0.967 ]')
('correct:', '[1     ]')
error:  0.00053777
('out:    ', '[0.991 ]')
('correct:', '[1     ]')
error:  0.00003615
('out:    ', '[0.979 ]')
('correct:', '[1     ]')
error:  0.00021634
('out:    ', '[0.995 ]')
('correct:', '[1     ]')
error:  0.00001394
('out:    ', '[0.821 ]')
('correct:', '[1     ]')
error:  0.01597767
('out:    ', '[0.986 ]')
('correct:', '[1     ]')
error:  0.00009484
('out:    ', '[0.604 ]')
('correct:', '[0     ]')
error:  0.18258265
('out:    ', '[0.953 ]')
('correct:', '[1     ]')
error:  0.00112070
('out:    ', '[0.885 ]')
('correct:', '[1     ]')
error:  0.00665486
('out:    ', '[0.996 ]')
('correct:', '[1     ]')
error:  0.00000952
('out:    ', '[0.939 ]')
('correct:', '[1     ]')
error:  0.00183964
('out:    ', '[0.878 ]')
('correct:', '[1     ]')
error:  0.00739548
('out:    ', '[0.996 ]')
('correct:', '[1     ]')
error:  0.00000636
('out:    ', '[0.989 ]')
('correct:', '[1     ]')
error:  0.00005736
('out:    ', '[0.602 ]')
('correct:', '[1     ]')
error:  0.07937012
('out:    ', '[0.996 ]')
('correct:', '[1     ]')
error:  0.00000660
('out:    ', '[0.997 ]')
('correct:', '[1     ]')
error:  0.00000465
('out:    ', '[0.997 ]')
('correct:', '[1     ]')
error:  0.00000584
('out:    ', '[0.997 ]')
('correct:', '[1     ]')
error:  0.00000540
('out:    ', '[0.994 ]')
('correct:', '[1     ]')
error:  0.00001836
('out:    ', '[0.997 ]')
('correct:', '[1     ]')
error:  0.00000544
('out:    ', '[0.997 ]')
('correct:', '[1     ]')
error:  0.00000565
('out:    ', '[0.944 ]')
('correct:', '[1     ]')
error:  0.00158304
('out:    ', '[0.916 ]')
('correct:', '[1     ]')
error:  0.00356377
('out:    ', '[0.969 ]')
('correct:', '[1     ]')
error:  0.00047819
('out:    ', '[0.967 ]')
('correct:', '[0     ]')
error:  0.46759097
('out:    ', '[0.994 ]')
('correct:', '[1     ]')
error:  0.00001680
('out:    ', '[0.941 ]')
('correct:', '[1     ]')
error:  0.00176037
('out:    ', '[0.986 ]')
('correct:', '[1     ]')
error:  0.00010064
('out:    ', '[0.975 ]')
('correct:', '[1     ]')
error:  0.00032271
('out:    ', '[0.96  ]')
('correct:', '[1     ]')
error:  0.00080731
('out:    ', '[0.993 ]')
('correct:', '[1     ]')
error:  0.00002582
('out:    ', '[0.993 ]')
('correct:', '[1     ]')
error:  0.00002711
('out:    ', '[0.995 ]')
('correct:', '[1     ]')
error:  0.00001376
('out:    ', '[0.973 ]')
('correct:', '[1     ]')
error:  0.00035630
('out:    ', '[0.985 ]')
('correct:', '[1     ]')
error:  0.00011568
('out:    ', '[0.992 ]')
('correct:', '[1     ]')
error:  0.00003107
('out:    ', '[0.992 ]')
('correct:', '[1     ]')
error:  0.00002843
('out:    ', '[0.998 ]')
('correct:', '[1     ]')
error:  0.00000281
('out:    ', '[0.446 ]')
('correct:', '[0     ]')
error:  0.09967131
('out:    ', '[0.993 ]')
('correct:', '[1     ]')
error:  0.00002161
('out:    ', '[0.994 ]')
('correct:', '[1     ]')
error:  0.00001862
('out:    ', '[0.954 ]')
('correct:', '[1     ]')
error:  0.00108038
('out:    ', '[0.988 ]')
('correct:', '[1     ]')
error:  0.00007271
('out:    ', '[0.935 ]')
('correct:', '[1     ]')
error:  0.00214079
('out:    ', '[0.988 ]')
('correct:', '[1     ]')
error:  0.00007110
('out:    ', '[0.642 ]')
('correct:', '[1     ]')
error:  0.06399475
('out:    ', '[0.993 ]')
('correct:', '[1     ]')
error:  0.00002753
('out:    ', '[0.995 ]')
('correct:', '[1     ]')
error:  0.00001101
('out:    ', '[0.997 ]')
('correct:', '[1     ]')
error:  0.00000408
('out:    ', '[0.798 ]')
('correct:', '[1     ]')
error:  0.02041789
('out:    ', '[0.995 ]')
('correct:', '[1     ]')
error:  0.00001035
('out:    ', '[0.984 ]')
('correct:', '[1     ]')
error:  0.00013101
('out:    ', '[0.993 ]')
('correct:', '[1     ]')
error:  0.00002745
('out:    ', '[0.858 ]')
('correct:', '[1     ]')
error:  0.01008743
('out:    ', '[0.996 ]')
('correct:', '[1     ]')
error:  0.00000818
('out:    ', '[0.248 ]')
('correct:', '[1     ]')
error:  0.28275694
('out:    ', '[0.995 ]')
('correct:', '[1     ]')
error:  0.00001212
('out:    ', '[0.996 ]')
('correct:', '[1     ]')
error:  0.00000907
('out:    ', '[0.993 ]')
('correct:', '[1     ]')
error:  0.00002512
('out:    ', '[0.982 ]')
('correct:', '[1     ]')
error:  0.00015768
('out:    ', '[0.876 ]')
('correct:', '[1     ]')
error:  0.00765254
('out:    ', '[0.989 ]')
('correct:', '[1     ]')
error:  0.00006501
('out:    ', '[0.996 ]')
('correct:', '[1     ]')
error:  0.00000952
('out:    ', '[0.983 ]')
('correct:', '[1     ]')
error:  0.00014033
('out:    ', '[0.957 ]')
('correct:', '[1     ]')
error:  0.00092197
('out:    ', '[0.997 ]')
('correct:', '[1     ]')
error:  0.00000364
('out:    ', '[0.988 ]')
('correct:', '[1     ]')
error:  0.00006875
('out:    ', '[0.99  ]')
('correct:', '[1     ]')
error:  0.00005400
('out:    ', '[0.994 ]')
('correct:', '[1     ]')
error:  0.00001624
('out:    ', '[0.981 ]')
('correct:', '[1     ]')
error:  0.00018665
('out:    ', '[0.986 ]')
('correct:', '[1     ]')
error:  0.00010339
('out:    ', '[0.992 ]')
('correct:', '[1     ]')
error:  0.00003134
('out:    ', '[0.996 ]')
('correct:', '[1     ]')
error:  0.00000765
('out:    ', '[0.942 ]')
('correct:', '[1     ]')
error:  0.00170234
('out:    ', '[0.995 ]')
('correct:', '[1     ]')
error:  0.00001358
('out:    ', '[0.996 ]')
('correct:', '[1     ]')
error:  0.00000782
('out:    ', '[0.995 ]')
('correct:', '[1     ]')
error:  0.00001137
('out:    ', '[0.994 ]')
('correct:', '[1     ]')
error:  0.00001524
('out:    ', '[0.719 ]')
('correct:', '[1     ]')
error:  0.03956188
('out:    ', '[0.994 ]')
('correct:', '[1     ]')
error:  0.00001787
('out:    ', '[0.985 ]')
('correct:', '[1     ]')
error:  0.00011206
('out:    ', '[0.997 ]')
('correct:', '[1     ]')
error:  0.00000501
('out:    ', '[0.993 ]')
('correct:', '[1     ]')
error:  0.00002450
('out:    ', '[0.976 ]')
('correct:', '[1     ]')
error:  0.00028168
('out:    ', '[0.988 ]')
('correct:', '[1     ]')
error:  0.00007199
('out:    ', '[0.985 ]')
('correct:', '[1     ]')
error:  0.00011660
('out:    ', '[0.97  ]')
('correct:', '[1     ]')
error:  0.00045526
('out:    ', '[0.993 ]')
('correct:', '[1     ]')
error:  0.00002291
('out:    ', '[0.943 ]')
('correct:', '[1     ]')
error:  0.00163821
('out:    ', '[0.836 ]')
('correct:', '[1     ]')
error:  0.01352044
('out:    ', '[0.996 ]')
('correct:', '[1     ]')
error:  0.00000693
('out:    ', '[0.813 ]')
('correct:', '[1     ]')
error:  0.01745035
('out:    ', '[0.299 ]')
('correct:', '[1     ]')
error:  0.24542182
('out:    ', '[0.18  ]')
('correct:', '[0     ]')
error:  0.01611152
('out:    ', '[0.996 ]')
('correct:', '[1     ]')
error:  0.00000636
('out:    ', '[0.994 ]')
('correct:', '[1     ]')
error:  0.00002049
('out:    ', '[0.992 ]')
('correct:', '[1     ]')
error:  0.00003384
('out:    ', '[0.99  ]')
('correct:', '[1     ]')
error:  0.00005017
('out:    ', '[0.976 ]')
('correct:', '[1     ]')
error:  0.00028973
('out:    ', '[0.775 ]')
('correct:', '[1     ]')
error:  0.02536911
('out:    ', '[0.995 ]')
('correct:', '[1     ]')
error:  0.00001020
('out:    ', '[0.997 ]')
('correct:', '[1     ]')
error:  0.00000555
('out:    ', '[0.98  ]')
('correct:', '[1     ]')
error:  0.00020090
('out:    ', '[0.997 ]')
('correct:', '[1     ]')
error:  0.00000547
('out:    ', '[0.982 ]')
('correct:', '[1     ]')
error:  0.00016886
('out:    ', '[0.994 ]')
('correct:', '[1     ]')
error:  0.00001876
('out:    ', '[0.992 ]')
('correct:', '[1     ]')
error:  0.00003259
('out:    ', '[0.977 ]')
('correct:', '[1     ]')
error:  0.00027173
('out:    ', '[0.932 ]')
('correct:', '[1     ]')
error:  0.00233294
('out:    ', '[0.985 ]')
('correct:', '[1     ]')
error:  0.00011622
('out:    ', '[0.997 ]')
('correct:', '[1     ]')
error:  0.00000412
('out:    ', '[0.992 ]')
('correct:', '[1     ]')
error:  0.00003547
('out:    ', '[0.993 ]')
('correct:', '[1     ]')
error:  0.00002186
('out:    ', '[0.898 ]')
('correct:', '[1     ]')
error:  0.00521659
('out:    ', '[0.986 ]')
('correct:', '[1     ]')
error:  0.00010336
('out:    ', '[0.987 ]')
('correct:', '[1     ]')
error:  0.00008726
('out:    ', '[0.995 ]')
('correct:', '[1     ]')
error:  0.00001398
('out:    ', '[0.369 ]')
('correct:', '[0     ]')
error:  0.06799399
('out:    ', '[0.996 ]')
('correct:', '[1     ]')
error:  0.00000703
('out:    ', '[0.83  ]')
('correct:', '[1     ]')
error:  0.01444737
('out:    ', '[0.997 ]')
('correct:', '[1     ]')
error:  0.00000579
('out:    ', '[0.945 ]')
('correct:', '[1     ]')
error:  0.00148924
('out:    ', '[0.993 ]')
('correct:', '[1     ]')
error:  0.00002721
('out:    ', '[0.894 ]')
('correct:', '[1     ]')
error:  0.00563150
('out:    ', '[0.924 ]')
('correct:', '[1     ]')
error:  0.00290579
('out:    ', '[0.997 ]')
('correct:', '[1     ]')
error:  0.00000528
('out:    ', '[0.998 ]')
('correct:', '[1     ]')
error:  0.00000305
('out:    ', '[0.994 ]')
('correct:', '[1     ]')
error:  0.00001750
('out:    ', '[0.997 ]')
('correct:', '[1     ]')
error:  0.00000541
('out:    ', '[0.873 ]')
('correct:', '[1     ]')
error:  0.00811361
('out:    ', '[0.993 ]')
('correct:', '[1     ]')
error:  0.00002544
('out:    ', '[0.913 ]')
('correct:', '[0     ]')
error:  0.41705569
('out:    ', '[0.995 ]')
('correct:', '[1     ]')
error:  0.00001032
('out:    ', '[0.514 ]')
('correct:', '[1     ]')
error:  0.11816002
('out:    ', '[0.996 ]')
('correct:', '[1     ]')
error:  0.00000948
('out:    ', '[0.995 ]')
('correct:', '[1     ]')
error:  0.00001060
('out:    ', '[0.991 ]')
('correct:', '[1     ]')
error:  0.00003906
('out:    ', '[0.991 ]')
('correct:', '[1     ]')
error:  0.00004381
('out:    ', '[0.99  ]')
('correct:', '[1     ]')
error:  0.00005468
('out:    ', '[0.968 ]')
('correct:', '[1     ]')
error:  0.00051197
('out:    ', '[0.994 ]')
('correct:', '[1     ]')
error:  0.00001854
('out:    ', '[0.997 ]')
('correct:', '[1     ]')
error:  0.00000332
('out:    ', '[0.989 ]')
('correct:', '[1     ]')
error:  0.00005974
('out:    ', '[0.941 ]')
('correct:', '[1     ]')
error:  0.00173999
('out:    ', '[0.674 ]')
('correct:', '[1     ]')
error:  0.05307768
('out:    ', '[0.935 ]')
('correct:', '[1     ]')
error:  0.00208223
('out:    ', '[0.995 ]')
('correct:', '[1     ]')
error:  0.00001293
('out:    ', '[0.946 ]')
('correct:', '[0     ]')
error:  0.44778958
('out:    ', '[0.9   ]')
('correct:', '[1     ]')
error:  0.00498514
('out:    ', '[0.994 ]')
('correct:', '[1     ]')
error:  0.00001667
('out:    ', '[0.988 ]')
('correct:', '[1     ]')
error:  0.00007732
('out:    ', '[0.997 ]')
('correct:', '[1     ]')
error:  0.00000535
('out:    ', '[0.995 ]')
('correct:', '[1     ]')
error:  0.00001029
('out:    ', '[0.586 ]')
('correct:', '[0     ]')
error:  0.17192740
('out:    ', '[0.941 ]')
('correct:', '[1     ]')
error:  0.00174165
('out:    ', '[0.93  ]')
('correct:', '[1     ]')
error:  0.00242414
('out:    ', '[0.933 ]')
('correct:', '[1     ]')
error:  0.00224079
('out:    ', '[0.935 ]')
('correct:', '[1     ]')
error:  0.00212145
('out:    ', '[0.172 ]')
('correct:', '[0     ]')
error:  0.01486338
('out:    ', '[0.997 ]')
('correct:', '[1     ]')
error:  0.00000426
('out:    ', '[0.996 ]')
('correct:', '[1     ]')
error:  0.00000791
('out:    ', '[0.924 ]')
('correct:', '[1     ]')
error:  0.00289974
('out:    ', '[0.997 ]')
('correct:', '[1     ]')
error:  0.00000558
('out:    ', '[0.99  ]')
('correct:', '[1     ]')
error:  0.00005435
('out:    ', '[0.993 ]')
('correct:', '[1     ]')
error:  0.00002558
('out:    ', '[0.988 ]')
('correct:', '[1     ]')
error:  0.00006943
('out:    ', '[0.995 ]')
('correct:', '[1     ]')
error:  0.00001050
('out:    ', '[0.996 ]')
('correct:', '[1     ]')
error:  0.00000769
('out:    ', '[0.996 ]')
('correct:', '[1     ]')
error:  0.00000928
('out:    ', '[0.88  ]')
('correct:', '[1     ]')
error:  0.00722087
('out:    ', '[0.995 ]')
('correct:', '[1     ]')
error:  0.00001054
('out:    ', '[0.99  ]')
('correct:', '[1     ]')
error:  0.00004949
('out:    ', '[0.929 ]')
('correct:', '[1     ]')
error:  0.00252288
('out:    ', '[0.994 ]')
('correct:', '[1     ]')
error:  0.00002097
('out:    ', '[0.995 ]')
('correct:', '[1     ]')
error:  0.00001333
('out:    ', '[0.996 ]')
('correct:', '[1     ]')
error:  0.00000703
('out:    ', '[0.993 ]')
('correct:', '[1     ]')
error:  0.00002192
('out:    ', '[0.717 ]')
('correct:', '[1     ]')
error:  0.04015754
('out:    ', '[0.996 ]')
('correct:', '[1     ]')
error:  0.00000965
('out:    ', '[0.994 ]')
('correct:', '[1     ]')
error:  0.00001603
('out:    ', '[0.997 ]')
('correct:', '[1     ]')
error:  0.00000592
('out:    ', '[0.997 ]')
('correct:', '[1     ]')
error:  0.00000399
('out:    ', '[0.995 ]')
('correct:', '[1     ]')
error:  0.00001111
('out:    ', '[0.975 ]')
('correct:', '[1     ]')
error:  0.00030777
('out:    ', '[0.997 ]')
('correct:', '[1     ]')
error:  0.00000514
('out:    ', '[0.995 ]')
('correct:', '[1     ]')
error:  0.00001229
('out:    ', '[0.953 ]')
('correct:', '[1     ]')
error:  0.00108780
('out:    ', '[0.201 ]')
('correct:', '[1     ]')
error:  0.31884267
('out:    ', '[0.995 ]')
('correct:', '[1     ]')
error:  0.00001422
('out:    ', '[0.995 ]')
('correct:', '[1     ]')
error:  0.00001167
('out:    ', '[0.992 ]')
('correct:', '[1     ]')
error:  0.00003407
('out:    ', '[0.931 ]')
('correct:', '[1     ]')
error:  0.00237522
('out:    ', '[0.988 ]')
('correct:', '[1     ]')
error:  0.00007715
('out:    ', '[0.997 ]')
('correct:', '[1     ]')
error:  0.00000464
('out:    ', '[0.989 ]')
('correct:', '[1     ]')
error:  0.00005762
('out:    ', '[0.985 ]')
('correct:', '[1     ]')
error:  0.00011247
('out:    ', '[0.997 ]')
('correct:', '[1     ]')
error:  0.00000502
('out:    ', '[0.877 ]')
('correct:', '[1     ]')
error:  0.00750585
('out:    ', '[0.988 ]')
('correct:', '[1     ]')
error:  0.00007085
('out:    ', '[0.996 ]')
('correct:', '[1     ]')
error:  0.00000948
('out:    ', '[0.982 ]')
('correct:', '[1     ]')
error:  0.00015664
('out:    ', '[0.988 ]')
('correct:', '[1     ]')
error:  0.00007199
('out:    ', '[0.986 ]')
('correct:', '[1     ]')
error:  0.00009538
('out:    ', '[0.998 ]')
('correct:', '[1     ]')
error:  0.00000274
('out:    ', '[0.997 ]')
('correct:', '[1     ]')
error:  0.00000525
('out:    ', '[0.992 ]')
('correct:', '[1     ]')
error:  0.00002836
('out:    ', '[0.899 ]')
('correct:', '[1     ]')
error:  0.00505233
('out:    ', '[0.997 ]')
('correct:', '[1     ]')
error:  0.00000432
('out:    ', '[0.989 ]')
('correct:', '[1     ]')
error:  0.00005632
('out:    ', '[0.989 ]')
('correct:', '[1     ]')
error:  0.00005630
('out:    ', '[0.993 ]')
('correct:', '[1     ]')
error:  0.00002179
('out:    ', '[0.994 ]')
('correct:', '[1     ]')
error:  0.00001592
('out:    ', '[0.898 ]')
('correct:', '[1     ]')
error:  0.00515455
('out:    ', '[0.92  ]')
('correct:', '[1     ]')
error:  0.00318514
('out:    ', '[0.956 ]')
('correct:', '[1     ]')
error:  0.00099007
('out:    ', '[0.988 ]')
('correct:', '[1     ]')
error:  0.00007308
('out:    ', '[0.991 ]')
('correct:', '[1     ]')
error:  0.00003670
('out:    ', '[0.995 ]')
('correct:', '[1     ]')
error:  0.00001026
('out:    ', '[0.997 ]')
('correct:', '[1     ]')
error:  0.00000549
('out:    ', '[0.985 ]')
('correct:', '[1     ]')
error:  0.00010676
('out:    ', '[0.787 ]')
('correct:', '[1     ]')
error:  0.02268606
('out:    ', '[0.997 ]')
('correct:', '[1     ]')
error:  0.00000543
('out:    ', '[0.997 ]')
('correct:', '[1     ]')
error:  0.00000431
('out:    ', '[0.994 ]')
('correct:', '[1     ]')
error:  0.00001782
('out:    ', '[0.99  ]')
('correct:', '[1     ]')
error:  0.00004656
('out:    ', '[0.995 ]')
('correct:', '[1     ]')
error:  0.00001372
('out:    ', '[0.996 ]')
('correct:', '[1     ]')
error:  0.00000656
('out:    ', '[0.188 ]')
('correct:', '[1     ]')
error:  0.33007231
('out:    ', '[0.964 ]')
('correct:', '[1     ]')
error:  0.00065326
('out:    ', '[0.684 ]')
('correct:', '[1     ]')
error:  0.04982521
('out:    ', '[0.996 ]')
('correct:', '[1     ]')
error:  0.00000689
('out:    ', '[0.993 ]')
('correct:', '[1     ]')
error:  0.00002132
('out:    ', '[0.997 ]')
('correct:', '[1     ]')
error:  0.00000498
('out:    ', '[0.969 ]')
('correct:', '[1     ]')
error:  0.00047286
('out:    ', '[0.918 ]')
('correct:', '[1     ]')
error:  0.00332438
('out:    ', '[0.994 ]')
('correct:', '[1     ]')
error:  0.00001587
('out:    ', '[0.926 ]')
('correct:', '[1     ]')
error:  0.00276064
('out:    ', '[0.995 ]')
('correct:', '[1     ]')
error:  0.00001041
('out:    ', '[0.985 ]')
('correct:', '[1     ]')
error:  0.00011594
('out:    ', '[0.97  ]')
('correct:', '[1     ]')
error:  0.00044800
('out:    ', '[0.997 ]')
('correct:', '[1     ]')
error:  0.00000389
('out:    ', '[0.989 ]')
('correct:', '[1     ]')
error:  0.00006606
('out:    ', '[0.995 ]')
('correct:', '[1     ]')
error:  0.00001262
('out:    ', '[0.996 ]')
('correct:', '[1     ]')
error:  0.00000744
('out:    ', '[0.995 ]')
('correct:', '[1     ]')
error:  0.00001041
('out:    ', '[0.997 ]')
('correct:', '[1     ]')
error:  0.00000479
('out:    ', '[0.995 ]')
('correct:', '[1     ]')
error:  0.00001123
('out:    ', '[0.415 ]')
('correct:', '[1     ]')
error:  0.17128704
('out:    ', '[0.996 ]')
('correct:', '[1     ]')
error:  0.00000926
('out:    ', '[0.995 ]')
('correct:', '[1     ]')
error:  0.00001375
('out:    ', '[0.994 ]')
('correct:', '[1     ]')
error:  0.00001707
('out:    ', '[0.946 ]')
('correct:', '[1     ]')
error:  0.00145110
('out:    ', '[0.997 ]')
('correct:', '[1     ]')
error:  0.00000485
('out:    ', '[0.993 ]')
('correct:', '[1     ]')
error:  0.00002269
('out:    ', '[0.775 ]')
('correct:', '[1     ]')
error:  0.02538557
('out:    ', '[0.996 ]')
('correct:', '[1     ]')
error:  0.00000679
('out:    ', '[0.94  ]')
('correct:', '[1     ]')
error:  0.00179680
('out:    ', '[0.991 ]')
('correct:', '[1     ]')
error:  0.00004296
('out:    ', '[0.996 ]')
('correct:', '[1     ]')
error:  0.00000648
('out:    ', '[0.995 ]')
('correct:', '[1     ]')
error:  0.00001041
('out:    ', '[0.957 ]')
('correct:', '[1     ]')
error:  0.00092342
('out:    ', '[0.991 ]')
('correct:', '[1     ]')
error:  0.00004512
('out:    ', '[0.946 ]')
('correct:', '[1     ]')
error:  0.00145144
('out:    ', '[0.995 ]')
('correct:', '[1     ]')
error:  0.00001239
('out:    ', '[0.641 ]')
('correct:', '[1     ]')
error:  0.06438739
('out:    ', '[0.995 ]')
('correct:', '[1     ]')
error:  0.00001187
('out:    ', '[0.997 ]')
('correct:', '[1     ]')
error:  0.00000557
('out:    ', '[0.994 ]')
('correct:', '[1     ]')
error:  0.00001996
('out:    ', '[0.954 ]')
('correct:', '[1     ]')
error:  0.00107231
('out:    ', '[0.995 ]')
('correct:', '[1     ]')
error:  0.00001476
('out:    ', '[0.942 ]')
('correct:', '[1     ]')
error:  0.00169913
('out:    ', '[0.996 ]')
('correct:', '[1     ]')
error:  0.00000630
('out:    ', '[0.984 ]')
('correct:', '[1     ]')
error:  0.00013170
('out:    ', '[0.997 ]')
('correct:', '[1     ]')
error:  0.00000339
('out:    ', '[0.991 ]')
('correct:', '[1     ]')
error:  0.00004234
('out:    ', '[0.997 ]')
('correct:', '[1     ]')
error:  0.00000525
('out:    ', '[0.995 ]')
('correct:', '[1     ]')
error:  0.00001126
('out:    ', '[0.958 ]')
('correct:', '[1     ]')
error:  0.00087391
('out:    ', '[0.927 ]')
('correct:', '[1     ]')
error:  0.00267287
('out:    ', '[0.987 ]')
('correct:', '[1     ]')
error:  0.00008389
('out:    ', '[0.961 ]')
('correct:', '[1     ]')
error:  0.00076086
('out:    ', '[0.997 ]')
('correct:', '[1     ]')
error:  0.00000451
('out:    ', '[0.996 ]')
('correct:', '[1     ]')
error:  0.00000798
('out:    ', '[0.997 ]')
('correct:', '[1     ]')
error:  0.00000474
('out:    ', '[0.902 ]')
('correct:', '[1     ]')
error:  0.00482144
('out:    ', '[0.986 ]')
('correct:', '[1     ]')
error:  0.00009557
('out:    ', '[0.997 ]')
('correct:', '[1     ]')
error:  0.00000431
('out:    ', '[0.986 ]')
('correct:', '[1     ]')
error:  0.00009573
('out:    ', '[0.98  ]')
('correct:', '[1     ]')
error:  0.00019173
('out:    ', '[0.993 ]')
('correct:', '[1     ]')
error:  0.00002212
('out:    ', '[0.947 ]')
('correct:', '[1     ]')
error:  0.00138900
('out:    ', '[0.995 ]')
('correct:', '[1     ]')
error:  0.00001039
('out:    ', '[0.942 ]')
('correct:', '[1     ]')
error:  0.00166998
('out:    ', '[0.951 ]')
('correct:', '[1     ]')
error:  0.00120081
('out:    ', '[0.989 ]')
('correct:', '[1     ]')
error:  0.00006135
('out:    ', '[0.992 ]')
('correct:', '[1     ]')
error:  0.00002947
('out:    ', '[0.997 ]')
('correct:', '[1     ]')
error:  0.00000578
('out:    ', '[0.967 ]')
('correct:', '[1     ]')
error:  0.00053795
('out:    ', '[0.992 ]')
('correct:', '[1     ]')
error:  0.00002856
('out:    ', '[0.993 ]')
('correct:', '[1     ]')
error:  0.00002630
('out:    ', '[0.926 ]')
('correct:', '[0     ]')
error:  0.42883914
('out:    ', '[0.545 ]')
('correct:', '[1     ]')
error:  0.10342979
('out:    ', '[0.964 ]')
('correct:', '[1     ]')
error:  0.00065811
('out:    ', '[0.995 ]')
('correct:', '[1     ]')
error:  0.00001039
('out:    ', '[0.918 ]')
('correct:', '[1     ]')
error:  0.00336544
('out:    ', '[0.989 ]')
('correct:', '[1     ]')
error:  0.00006134
('out:    ', '[0.995 ]')
('correct:', '[1     ]')
error:  0.00001044
('out:    ', '[0.956 ]')
('correct:', '[1     ]')
error:  0.00097927
('out:    ', '[0.995 ]')
('correct:', '[1     ]')
error:  0.00001024
('out:    ', '[0.897 ]')
('correct:', '[1     ]')
error:  0.00527645
('out:    ', '[0.987 ]')
('correct:', '[1     ]')
error:  0.00008000
('out:    ', '[0.995 ]')
('correct:', '[1     ]')
error:  0.00001176
('out:    ', '[0.994 ]')
('correct:', '[1     ]')
error:  0.00001977
('out:    ', '[0.998 ]')
('correct:', '[1     ]')
error:  0.00000257
('out:    ', '[0.995 ]')
('correct:', '[1     ]')
error:  0.00001336
('out:    ', '[0.993 ]')
('correct:', '[1     ]')
error:  0.00002500
('out:    ', '[0.996 ]')
('correct:', '[1     ]')
error:  0.00000995
('out:    ', '[0.99  ]')
('correct:', '[1     ]')
error:  0.00005351
('out:    ', '[0.994 ]')
('correct:', '[1     ]')
error:  0.00002044
('out:    ', '[0.996 ]')
('correct:', '[1     ]')
error:  0.00000989
('out:    ', '[0.995 ]')
('correct:', '[1     ]')
error:  0.00001273
('out:    ', '[0.832 ]')
('correct:', '[0     ]')
error:  0.34577004
('out:    ', '[0.905 ]')
('correct:', '[1     ]')
error:  0.00451152
('out:    ', '[0.998 ]')
('correct:', '[1     ]')
error:  0.00000233
('out:    ', '[0.897 ]')
('correct:', '[1     ]')
error:  0.00531065
('out:    ', '[0.991 ]')
('correct:', '[1     ]')
error:  0.00003885
('out:    ', '[0.792 ]')
('correct:', '[1     ]')
error:  0.02165347
('out:    ', '[0.971 ]')
('correct:', '[1     ]')
error:  0.00041121
('out:    ', '[0.952 ]')
('correct:', '[1     ]')
error:  0.00114692
('out:    ', '[0.979 ]')
('correct:', '[1     ]')
error:  0.00021174
('out:    ', '[0.966 ]')
('correct:', '[1     ]')
error:  0.00058891
('out:    ', '[0.997 ]')
('correct:', '[1     ]')
error:  0.00000431
('out:    ', '[0.987 ]')
('correct:', '[1     ]')
error:  0.00009031
('out:    ', '[0.991 ]')
('correct:', '[1     ]')
error:  0.00004402
('out:    ', '[0.985 ]')
('correct:', '[1     ]')
error:  0.00011514
('out:    ', '[0.933 ]')
('correct:', '[1     ]')
error:  0.00227426
('out:    ', '[0.997 ]')
('correct:', '[1     ]')
error:  0.00000528
('out:    ', '[0.995 ]')
('correct:', '[1     ]')
error:  0.00001084
('out:    ', '[0.98  ]')
('correct:', '[1     ]')
error:  0.00019750
('out:    ', '[0.991 ]')
('correct:', '[1     ]')
error:  0.00004273
('out:    ', '[0.998 ]')
('correct:', '[1     ]')
error:  0.00000307
('out:    ', '[0.991 ]')
('correct:', '[1     ]')
error:  0.00003635
('out:    ', '[0.996 ]')
('correct:', '[1     ]')
error:  0.00000654
('out:    ', '[0.794 ]')
('correct:', '[1     ]')
error:  0.02131871
('out:    ', '[0.996 ]')
('correct:', '[1     ]')
error:  0.00000938
('out:    ', '[0.92  ]')
('correct:', '[1     ]')
error:  0.00323499
('out:    ', '[0.993 ]')
('correct:', '[1     ]')
error:  0.00002173
('out:    ', '[0.977 ]')
('correct:', '[1     ]')
error:  0.00026787
('out:    ', '[0.991 ]')
('correct:', '[1     ]')
error:  0.00003916
('out:    ', '[0.988 ]')
('correct:', '[1     ]')
error:  0.00007641
('out:    ', '[0.988 ]')
('correct:', '[1     ]')
error:  0.00006881
('out:    ', '[0.995 ]')
('correct:', '[1     ]')
error:  0.00001347
('out:    ', '[0.989 ]')
('correct:', '[1     ]')
error:  0.00006010
('out:    ', '[0.996 ]')
('correct:', '[1     ]')
error:  0.00000637
('out:    ', '[0.993 ]')
('correct:', '[1     ]')
error:  0.00002374
('out:    ', '[0.721 ]')
('correct:', '[1     ]')
error:  0.03882917
('out:    ', '[0.928 ]')
('correct:', '[1     ]')
error:  0.00260353
('out:    ', '[0.866 ]')
('correct:', '[1     ]')
error:  0.00899029
('out:    ', '[0.964 ]')
('correct:', '[1     ]')
error:  0.00063222
('out:    ', '[0.996 ]')
('correct:', '[1     ]')
error:  0.00000826
('out:    ', '[0.967 ]')
('correct:', '[1     ]')
error:  0.00055548
('out:    ', '[0.966 ]')
('correct:', '[1     ]')
error:  0.00058440
('out:    ', '[0.984 ]')
('correct:', '[1     ]')
error:  0.00012763
('out:    ', '[0.917 ]')
('correct:', '[1     ]')
error:  0.00343782
('out:    ', '[0.997 ]')
('correct:', '[1     ]')
error:  0.00000547
('out:    ', '[0.994 ]')
('correct:', '[1     ]')
error:  0.00001518
('out:    ', '[0.933 ]')
('correct:', '[1     ]')
error:  0.00227543
('out:    ', '[0.944 ]')
('correct:', '[1     ]')
error:  0.00157387
('out:    ', '[0.997 ]')
('correct:', '[1     ]')
error:  0.00000590
('out:    ', '[0.973 ]')
('correct:', '[1     ]')
error:  0.00036532
('out:    ', '[0.994 ]')
('correct:', '[1     ]')
error:  0.00001900
('out:    ', '[0.992 ]')
('correct:', '[1     ]')
error:  0.00003268
('out:    ', '[0.997 ]')
('correct:', '[1     ]')
error:  0.00000334
('out:    ', '[0.452 ]')
('correct:', '[1     ]')
error:  0.15042479
('out:    ', '[0.994 ]')
('correct:', '[1     ]')
error:  0.00001936
('out:    ', '[0.997 ]')
('correct:', '[1     ]')
error:  0.00000355
('out:    ', '[0.994 ]')
('correct:', '[1     ]')
error:  0.00001580
('out:    ', '[0.979 ]')
('correct:', '[1     ]')
error:  0.00022659
('out:    ', '[0.996 ]')
('correct:', '[1     ]')
error:  0.00000902
('out:    ', '[0.994 ]')
('correct:', '[1     ]')
error:  0.00002000
('out:    ', '[0.984 ]')
('correct:', '[1     ]')
error:  0.00012988
('out:    ', '[0.996 ]')
('correct:', '[1     ]')
error:  0.00000967
('out:    ', '[0.994 ]')
('correct:', '[1     ]')
error:  0.00001644
('out:    ', '[0.994 ]')
('correct:', '[1     ]')
error:  0.00001546
('out:    ', '[0.994 ]')
('correct:', '[1     ]')
error:  0.00001949
('out:    ', '[0.997 ]')
('correct:', '[1     ]')
error:  0.00000527
('out:    ', '[0.997 ]')
('correct:', '[1     ]')
error:  0.00000529
('out:    ', '[0.992 ]')
('correct:', '[1     ]')
error:  0.00003431
('out:    ', '[0.822 ]')
('correct:', '[1     ]')
error:  0.01581528
('out:    ', '[0.995 ]')
('correct:', '[1     ]')
error:  0.00001158
('out:    ', '[0.952 ]')
('correct:', '[1     ]')
error:  0.00116047
('out:    ', '[0.984 ]')
('correct:', '[1     ]')
error:  0.00013604
('out:    ', '[0.995 ]')
('correct:', '[1     ]')
error:  0.00001280
('out:    ', '[0.866 ]')
('correct:', '[1     ]')
error:  0.00903687
('out:    ', '[0.994 ]')
('correct:', '[1     ]')
error:  0.00001575
('out:    ', '[0.995 ]')
('correct:', '[1     ]')
error:  0.00001177
('out:    ', '[0.99  ]')
('correct:', '[1     ]')
error:  0.00004583
('out:    ', '[0.985 ]')
('correct:', '[1     ]')
error:  0.00011229
('out:    ', '[0.997 ]')
('correct:', '[1     ]')
error:  0.00000547
('out:    ', '[0.98  ]')
('correct:', '[1     ]')
error:  0.00019865
('out:    ', '[0.994 ]')
('correct:', '[1     ]')
error:  0.00002065
('out:    ', '[0.841 ]')
('correct:', '[1     ]')
error:  0.01260881
('out:    ', '[0.993 ]')
('correct:', '[1     ]')
error:  0.00002495
('out:    ', '[0.583 ]')
('correct:', '[1     ]')
error:  0.08684246
('out:    ', '[0.995 ]')
('correct:', '[1     ]')
error:  0.00001284
('out:    ', '[0.943 ]')
('correct:', '[1     ]')
error:  0.00165028
('out:    ', '[0.997 ]')
('correct:', '[1     ]')
error:  0.00000336
('out:    ', '[0.995 ]')
('correct:', '[1     ]')
error:  0.00001029
('out:    ', '[0.995 ]')
('correct:', '[1     ]')
error:  0.00001472
('out:    ', '[0.997 ]')
('correct:', '[1     ]')
error:  0.00000337
('out:    ', '[0.993 ]')
('correct:', '[1     ]')
error:  0.00002665
('out:    ', '[0.984 ]')
('correct:', '[1     ]')
error:  0.00012986
('out:    ', '[0.995 ]')
('correct:', '[1     ]')
error:  0.00001269
('out:    ', '[0.98  ]')
('correct:', '[1     ]')
error:  0.00020785
('out:    ', '[0.997 ]')
('correct:', '[1     ]')
error:  0.00000517
('out:    ', '[0.99  ]')
('correct:', '[1     ]')
error:  0.00005452
('out:    ', '[0.994 ]')
('correct:', '[1     ]')
error:  0.00001880
('out:    ', '[0.996 ]')
('correct:', '[1     ]')
error:  0.00000773
('out:    ', '[0.993 ]')
('correct:', '[1     ]')
error:  0.00002161
('out:    ', '[0.917 ]')
('correct:', '[1     ]')
error:  0.00344868
('out:    ', '[0.995 ]')
('correct:', '[1     ]')
error:  0.00001039
('out:    ', '[0.838 ]')
('correct:', '[1     ]')
error:  0.01318973
('out:    ', '[0.996 ]')
('correct:', '[1     ]')
error:  0.00000680
('out:    ', '[0.994 ]')
('correct:', '[1     ]')
error:  0.00001562
('out:    ', '[0.996 ]')
('correct:', '[1     ]')
error:  0.00000693
('out:    ', '[0.994 ]')
('correct:', '[1     ]')
error:  0.00001920
('out:    ', '[0.996 ]')
('correct:', '[1     ]')
error:  0.00001012
('out:    ', '[0.989 ]')
('correct:', '[1     ]')
error:  0.00005923
('out:    ', '[0.997 ]')
('correct:', '[1     ]')
error:  0.00000561
('out:    ', '[0.994 ]')
('correct:', '[1     ]')
error:  0.00001746
('out:    ', '[0.995 ]')
('correct:', '[1     ]')
error:  0.00001172
('out:    ', '[0.99  ]')
('correct:', '[1     ]')
error:  0.00005097
('out:    ', '[0.993 ]')
('correct:', '[1     ]')
error:  0.00002131
('out:    ', '[0.949 ]')
('correct:', '[1     ]')
error:  0.00128886
('out:    ', '[0.996 ]')
('correct:', '[1     ]')
error:  0.00000961
('out:    ', '[0.991 ]')
('correct:', '[1     ]')
error:  0.00003648
('out:    ', '[0.971 ]')
('correct:', '[1     ]')
error:  0.00041812
('out:    ', '[0.997 ]')
('correct:', '[1     ]')
error:  0.00000363
('out:    ', '[0.893 ]')
('correct:', '[0     ]')
error:  0.39877760
('out:    ', '[0.986 ]')
('correct:', '[1     ]')
error:  0.00009205
('out:    ', '[0.987 ]')
('correct:', '[1     ]')
error:  0.00008866
('out:    ', '[0.995 ]')
('correct:', '[1     ]')
error:  0.00001354
('out:    ', '[0.996 ]')
('correct:', '[1     ]')
error:  0.00001012
('out:    ', '[0.997 ]')
('correct:', '[1     ]')
error:  0.00000419
('out:    ', '[0.947 ]')
('correct:', '[1     ]')
error:  0.00141303
('out:    ', '[0.897 ]')
('correct:', '[1     ]')
error:  0.00528970
('out:    ', '[0.997 ]')
('correct:', '[1     ]')
error:  0.00000522
('out:    ', '[0.984 ]')
('correct:', '[1     ]')
error:  0.00012684
('out:    ', '[0.993 ]')
('correct:', '[1     ]')
error:  0.00002260
('out:    ', '[0.995 ]')
('correct:', '[1     ]')
error:  0.00001023
('out:    ', '[0.976 ]')
('correct:', '[1     ]')
error:  0.00028156
('out:    ', '[0.958 ]')
('correct:', '[1     ]')
error:  0.00089587
('out:    ', '[0.996 ]')
('correct:', '[1     ]')
error:  0.00000728
('out:    ', '[0.966 ]')
('correct:', '[1     ]')
error:  0.00059508
('out:    ', '[0.997 ]')
('correct:', '[1     ]')
error:  0.00000541
('out:    ', '[0.995 ]')
('correct:', '[1     ]')
error:  0.00001037
('out:    ', '[0.976 ]')
('correct:', '[1     ]')
error:  0.00028518
('out:    ', '[0.997 ]')
('correct:', '[1     ]')
error:  0.00000507
('out:    ', '[0.996 ]')
('correct:', '[1     ]')
error:  0.00000683
('out:    ', '[0.621 ]')
('correct:', '[1     ]')
error:  0.07179479
('out:    ', '[0.972 ]')
('correct:', '[1     ]')
error:  0.00039420
('out:    ', '[0.779 ]')
('correct:', '[1     ]')
error:  0.02435185
('out:    ', '[0.996 ]')
('correct:', '[1     ]')
error:  0.00000994
('out:    ', '[0.997 ]')
('correct:', '[1     ]')
error:  0.00000534
('out:    ', '[0.953 ]')
('correct:', '[1     ]')
error:  0.00110838
('out:    ', '[0.665 ]')
('correct:', '[1     ]')
error:  0.05615670
('out:    ', '[0.986 ]')
('correct:', '[1     ]')
error:  0.00009655
('out:    ', '[0.996 ]')
('correct:', '[1     ]')
error:  0.00000919
('out:    ', '[0.995 ]')
('correct:', '[1     ]')
error:  0.00001451
('out:    ', '[0.991 ]')
('correct:', '[1     ]')
error:  0.00003934
('out:    ', '[0.983 ]')
('correct:', '[1     ]')
error:  0.00013962
('out:    ', '[0.994 ]')
('correct:', '[1     ]')
error:  0.00001633
('out:    ', '[0.996 ]')
('correct:', '[1     ]')
error:  0.00000940
('out:    ', '[0.997 ]')
('correct:', '[1     ]')
error:  0.00000433
('out:    ', '[0.987 ]')
('correct:', '[1     ]')
error:  0.00008480
('out:    ', '[0.971 ]')
('correct:', '[1     ]')
error:  0.00043308
('out:    ', '[0.993 ]')
('correct:', '[1     ]')
error:  0.00002341
('out:    ', '[0.993 ]')
('correct:', '[1     ]')
error:  0.00002563
('out:    ', '[0.988 ]')
('correct:', '[1     ]')
error:  0.00007796
('out:    ', '[0.995 ]')
('correct:', '[1     ]')
error:  0.00001172
('out:    ', '[0.991 ]')
('correct:', '[1     ]')
error:  0.00004150
('out:    ', '[0.995 ]')
('correct:', '[1     ]')
error:  0.00001079
('out:    ', '[0.997 ]')
('correct:', '[1     ]')
error:  0.00000470
('out:    ', '[0.93  ]')
('correct:', '[1     ]')
error:  0.00245845
('out:    ', '[0.97  ]')
('correct:', '[1     ]')
error:  0.00044005
('out:    ', '[0.983 ]')
('correct:', '[1     ]')
error:  0.00014734
('out:    ', '[0.99  ]')
('correct:', '[1     ]')
error:  0.00004839
('out:    ', '[0.996 ]')
('correct:', '[1     ]')
error:  0.00000811
('out:    ', '[0.957 ]')
('correct:', '[1     ]')
error:  0.00092695
('out:    ', '[0.993 ]')
('correct:', '[1     ]')
error:  0.00002556
('out:    ', '[0.964 ]')
('correct:', '[1     ]')
error:  0.00065536
('out:    ', '[0.994 ]')
('correct:', '[1     ]')
error:  0.00001664
('out:    ', '[0.997 ]')
('correct:', '[1     ]')
error:  0.00000577
('out:    ', '[0.995 ]')
('correct:', '[1     ]')
error:  0.00001020
('out:    ', '[0.914 ]')
('correct:', '[1     ]')
error:  0.00370671
('out:    ', '[0.994 ]')
('correct:', '[1     ]')
error:  0.00001652
('out:    ', '[0.99  ]')
('correct:', '[1     ]')
error:  0.00004913
('out:    ', '[0.992 ]')
('correct:', '[1     ]')
error:  0.00002927
('out:    ', '[0.99  ]')
('correct:', '[1     ]')
error:  0.00004889
('out:    ', '[0.981 ]')
('correct:', '[1     ]')
error:  0.00018813
('out:    ', '[0.985 ]')
('correct:', '[1     ]')
error:  0.00010871
('out:    ', '[0.947 ]')
('correct:', '[1     ]')
error:  0.00141859
('out:    ', '[0.396 ]')
('correct:', '[0     ]')
error:  0.07848835
('out:    ', '[0.992 ]')
('correct:', '[1     ]')
error:  0.00003208
('out:    ', '[0.899 ]')
('correct:', '[1     ]')
error:  0.00511873
('out:    ', '[0.989 ]')
('correct:', '[1     ]')
error:  0.00006502
('out:    ', '[0.995 ]')
('correct:', '[1     ]')
error:  0.00001449
('out:    ', '[0.994 ]')
('correct:', '[1     ]')
error:  0.00001748
('out:    ', '[0.994 ]')
('correct:', '[1     ]')
error:  0.00001524
('out:    ', '[0.995 ]')
('correct:', '[1     ]')
error:  0.00001048
('out:    ', '[0.99  ]')
('correct:', '[1     ]')
error:  0.00005139
('out:    ', '[0.967 ]')
('correct:', '[1     ]')
error:  0.00055466
('out:    ', '[0.989 ]')
('correct:', '[1     ]')
error:  0.00005816
('out:    ', '[0.986 ]')
('correct:', '[1     ]')
error:  0.00010394
('out:    ', '[0.995 ]')
('correct:', '[1     ]')
error:  0.00001272
('out:    ', '[0.997 ]')
('correct:', '[1     ]')
error:  0.00000534
('out:    ', '[0.995 ]')
('correct:', '[1     ]')
error:  0.00001039
('out:    ', '[0.995 ]')
('correct:', '[1     ]')
error:  0.00001266
('out:    ', '[0.849 ]')
('correct:', '[1     ]')
error:  0.01140224
('out:    ', '[0.588 ]')
('correct:', '[1     ]')
error:  0.08493989
('out:    ', '[0.996 ]')
('correct:', '[1     ]')
error:  0.00000808
('out:    ', '[0.95  ]')
('correct:', '[1     ]')
error:  0.00123694
('out:    ', '[0.991 ]')
('correct:', '[1     ]')
error:  0.00004018
('out:    ', '[0.988 ]')
('correct:', '[1     ]')
error:  0.00006912
('out:    ', '[0.995 ]')
('correct:', '[1     ]')
error:  0.00001159
('out:    ', '[0.986 ]')
('correct:', '[1     ]')
error:  0.00009424
('out:    ', '[0.994 ]')
('correct:', '[1     ]')
error:  0.00001568
('out:    ', '[0.988 ]')
('correct:', '[1     ]')
error:  0.00006773
('out:    ', '[0.995 ]')
('correct:', '[1     ]')
error:  0.00001437
('out:    ', '[0.996 ]')
('correct:', '[1     ]')
error:  0.00000941
('out:    ', '[0.996 ]')
('correct:', '[1     ]')
error:  0.00000927
('out:    ', '[0.58  ]')
('correct:', '[1     ]')
error:  0.08831165
('out:    ', '[0.997 ]')
('correct:', '[1     ]')
error:  0.00000551
('out:    ', '[0.992 ]')
('correct:', '[1     ]')
error:  0.00002823
('out:    ', '[0.994 ]')
('correct:', '[1     ]')
error:  0.00001620
('out:    ', '[0.991 ]')
('correct:', '[1     ]')
error:  0.00003946
('out:    ', '[0.985 ]')
('correct:', '[1     ]')
error:  0.00011187
('out:    ', '[0.992 ]')
('correct:', '[1     ]')
error:  0.00003230
('out:    ', '[0.995 ]')
('correct:', '[1     ]')
error:  0.00001402
('out:    ', '[0.993 ]')
('correct:', '[1     ]')
error:  0.00002805
('out:    ', '[0.996 ]')
('correct:', '[1     ]')
error:  0.00000932
('out:    ', '[0.995 ]')
('correct:', '[1     ]')
error:  0.00001138
('out:    ', '[0.994 ]')
('correct:', '[1     ]')
error:  0.00002072
('out:    ', '[0.994 ]')
('correct:', '[1     ]')
error:  0.00001597
('out:    ', '[0.997 ]')
('correct:', '[1     ]')
error:  0.00000449
('out:    ', '[0.993 ]')
('correct:', '[1     ]')
error:  0.00002491
('out:    ', '[0.992 ]')
('correct:', '[1     ]')
error:  0.00003295
('out:    ', '[0.996 ]')
('correct:', '[1     ]')
error:  0.00000707
('out:    ', '[0.979 ]')
('correct:', '[1     ]')
error:  0.00021578
('out:    ', '[0.993 ]')
('correct:', '[1     ]')
error:  0.00002123
('out:    ', '[0.995 ]')
('correct:', '[1     ]')
error:  0.00001266
('out:    ', '[0.986 ]')
('correct:', '[1     ]')
error:  0.00009202
('out:    ', '[0.996 ]')
('correct:', '[1     ]')
error:  0.00000642
('out:    ', '[0.992 ]')
('correct:', '[1     ]')
error:  0.00003290
('out:    ', '[0.992 ]')
('correct:', '[1     ]')
error:  0.00003280
('out:    ', '[0.995 ]')
('correct:', '[1     ]')
error:  0.00001318
('out:    ', '[0.995 ]')
('correct:', '[1     ]')
error:  0.00001103
('out:    ', '[0.996 ]')
('correct:', '[1     ]')
error:  0.00000781
('out:    ', '[0.991 ]')
('correct:', '[1     ]')
error:  0.00003729
('out:    ', '[0.997 ]')
('correct:', '[1     ]')
error:  0.00000545
('out:    ', '[0.996 ]')
('correct:', '[1     ]')
error:  0.00000861
('out:    ', '[0.938 ]')
('correct:', '[1     ]')
error:  0.00194868
('out:    ', '[0.996 ]')
('correct:', '[1     ]')
error:  0.00000972
('out:    ', '[0.995 ]')
('correct:', '[1     ]')
error:  0.00001058
('out:    ', '[0.995 ]')
('correct:', '[1     ]')
error:  0.00001032
('out:    ', '[0.996 ]')
('correct:', '[1     ]')
error:  0.00000867
('out:    ', '[0.992 ]')
('correct:', '[1     ]')
error:  0.00003498
('out:    ', '[0.973 ]')
('correct:', '[1     ]')
error:  0.00036767
('out:    ', '[0.995 ]')
('correct:', '[1     ]')
error:  0.00001133
('out:    ', '[0.977 ]')
('correct:', '[1     ]')
error:  0.00027437
('out:    ', '[0.997 ]')
('correct:', '[1     ]')
error:  0.00000607
('out:    ', '[0.996 ]')
('correct:', '[1     ]')
error:  0.00000926
('out:    ', '[0.993 ]')
('correct:', '[1     ]')
error:  0.00002405
('out:    ', '[0.995 ]')
('correct:', '[1     ]')
error:  0.00001032
('out:    ', '[0.991 ]')
('correct:', '[1     ]')
error:  0.00004332
('out:    ', '[0.997 ]')
('correct:', '[1     ]')
error:  0.00000467
('out:    ', '[0.613 ]')
('correct:', '[0     ]')
error:  0.18818508
('out:    ', '[0.994 ]')
('correct:', '[1     ]')
error:  0.00001778
('out:    ', '[0.978 ]')
('correct:', '[1     ]')
error:  0.00025130
('out:    ', '[0.973 ]')
('correct:', '[1     ]')
error:  0.00037326
('out:    ', '[0.995 ]')
('correct:', '[1     ]')
error:  0.00001020
('out:    ', '[0.998 ]')
('correct:', '[1     ]')
error:  0.00000294
('out:    ', '[0.984 ]')
('correct:', '[1     ]')
error:  0.00013528
('out:    ', '[0.916 ]')
('correct:', '[1     ]')
error:  0.00351462
('out:    ', '[0.995 ]')
('correct:', '[1     ]')
error:  0.00001039
('out:    ', '[0.992 ]')
('correct:', '[1     ]')
error:  0.00002984
('out:    ', '[0.114 ]')
('correct:', '[1     ]')
error:  0.39238196
('out:    ', '[0.995 ]')
('correct:', '[1     ]')
error:  0.00001062
('out:    ', '[0.647 ]')
('correct:', '[1     ]')
error:  0.06229756
('out:    ', '[0.997 ]')
('correct:', '[1     ]')
error:  0.00000550
('out:    ', '[0.994 ]')
('correct:', '[1     ]')
error:  0.00001591
('out:    ', '[0.973 ]')
('correct:', '[1     ]')
error:  0.00036102
('out:    ', '[0.987 ]')
('correct:', '[1     ]')
error:  0.00008925
('out:    ', '[0.987 ]')
('correct:', '[1     ]')
error:  0.00008799
('out:    ', '[0.997 ]')
('correct:', '[1     ]')
error:  0.00000582
('out:    ', '[0.836 ]')
('correct:', '[1     ]')
error:  0.01341824
('out:    ', '[0.995 ]')
('correct:', '[1     ]')
error:  0.00001042
('out:    ', '[0.997 ]')
('correct:', '[1     ]')
error:  0.00000525
('out:    ', '[0.993 ]')
('correct:', '[1     ]')
error:  0.00002729
('out:    ', '[0.996 ]')
('correct:', '[1     ]')
error:  0.00001007
('out:    ', '[0.996 ]')
('correct:', '[1     ]')
error:  0.00000964
('out:    ', '[0.99  ]')
('correct:', '[1     ]')
error:  0.00005202
('out:    ', '[0.972 ]')
('correct:', '[1     ]')
error:  0.00038816
('out:    ', '[0.996 ]')
('correct:', '[1     ]')
error:  0.00000980
('out:    ', '[0.743 ]')
('correct:', '[1     ]')
error:  0.03296257
('out:    ', '[0.995 ]')
('correct:', '[1     ]')
error:  0.00001066
('out:    ', '[0.985 ]')
('correct:', '[1     ]')
error:  0.00011380
('out:    ', '[0.996 ]')
('correct:', '[1     ]')
error:  0.00000716
('out:    ', '[0.996 ]')
('correct:', '[1     ]')
error:  0.00000677
('out:    ', '[0.989 ]')
('correct:', '[1     ]')
error:  0.00006310
('out:    ', '[0.997 ]')
('correct:', '[1     ]')
error:  0.00000534
('out:    ', '[0.99  ]')
('correct:', '[1     ]')
error:  0.00005091
('out:    ', '[0.99  ]')
('correct:', '[1     ]')
error:  0.00005183
('out:    ', '[0.996 ]')
('correct:', '[1     ]')
error:  0.00000620
('out:    ', '[0.992 ]')
('correct:', '[1     ]')
error:  0.00003302
('out:    ', '[0.876 ]')
('correct:', '[1     ]')
error:  0.00774966
('out:    ', '[0.996 ]')
('correct:', '[1     ]')
error:  0.00000679
('out:    ', '[0.987 ]')
('correct:', '[1     ]')
error:  0.00008913
('out:    ', '[0.98  ]')
('correct:', '[1     ]')
error:  0.00020765
('out:    ', '[0.997 ]')
('correct:', '[1     ]')
error:  0.00000498
('out:    ', '[0.987 ]')
('correct:', '[1     ]')
error:  0.00008460
('out:    ', '[0.994 ]')
('correct:', '[1     ]')
error:  0.00001675
('out:    ', '[0.994 ]')
('correct:', '[1     ]')
error:  0.00001967
('out:    ', '[0.993 ]')
('correct:', '[1     ]')
error:  0.00002362
('out:    ', '[0.986 ]')
('correct:', '[1     ]')
error:  0.00009276
('out:    ', '[0.979 ]')
('correct:', '[1     ]')
error:  0.00021314
('out:    ', '[0.928 ]')
('correct:', '[1     ]')
error:  0.00256686
('out:    ', '[0.991 ]')
('correct:', '[1     ]')
error:  0.00003900
('out:    ', '[0.997 ]')
('correct:', '[1     ]')
error:  0.00000579
('out:    ', '[0.776 ]')
('correct:', '[1     ]')
error:  0.02519064
('out:    ', '[0.992 ]')
('correct:', '[1     ]')
error:  0.00002899
('out:    ', '[0.996 ]')
('correct:', '[1     ]')
error:  0.00000786
('out:    ', '[0.996 ]')
('correct:', '[1     ]')
error:  0.00000931
('out:    ', '[0.2   ]')
('correct:', '[0     ]')
error:  0.01991767
('out:    ', '[0.993 ]')
('correct:', '[1     ]')
error:  0.00002685
('out:    ', '[0.995 ]')
('correct:', '[1     ]')
error:  0.00001185
('out:    ', '[0.996 ]')
('correct:', '[1     ]')
error:  0.00000890
('out:    ', '[0.997 ]')
('correct:', '[1     ]')
error:  0.00000421
('out:    ', '[0.948 ]')
('correct:', '[1     ]')
error:  0.00133149
('out:    ', '[0.996 ]')
('correct:', '[1     ]')
error:  0.00000659
('out:    ', '[0.99  ]')
('correct:', '[1     ]')
error:  0.00004835
('out:    ', '[0.995 ]')
('correct:', '[1     ]')
error:  0.00001405
('out:    ', '[0.943 ]')
('correct:', '[1     ]')
error:  0.00161120
('out:    ', '[0.992 ]')
('correct:', '[1     ]')
error:  0.00002901
('out:    ', '[0.997 ]')
('correct:', '[1     ]')
error:  0.00000554
('out:    ', '[0.997 ]')
('correct:', '[1     ]')
error:  0.00000446
('out:    ', '[0.988 ]')
('correct:', '[1     ]')
error:  0.00007243
('out:    ', '[0.994 ]')
('correct:', '[1     ]')
error:  0.00002094
('out:    ', '[0.99  ]')
('correct:', '[1     ]')
error:  0.00005096
('out:    ', '[0.995 ]')
('correct:', '[1     ]')
error:  0.00001153
('out:    ', '[0.995 ]')
('correct:', '[1     ]')
error:  0.00001037
('out:    ', '[0.987 ]')
('correct:', '[1     ]')
error:  0.00008135
('out:    ', '[0.992 ]')
('correct:', '[1     ]')
error:  0.00003553
('out:    ', '[0.994 ]')
('correct:', '[1     ]')
error:  0.00001842
('out:    ', '[0.996 ]')
('correct:', '[1     ]')
error:  0.00000799
('out:    ', '[0.939 ]')
('correct:', '[1     ]')
error:  0.00184929
('out:    ', '[0.996 ]')
('correct:', '[1     ]')
error:  0.00000643
('out:    ', '[0.86  ]')
('correct:', '[1     ]')
error:  0.00979003
('out:    ', '[0.993 ]')
('correct:', '[1     ]')
error:  0.00002220
('out:    ', '[0.988 ]')
('correct:', '[1     ]')
error:  0.00007087
('out:    ', '[0.997 ]')
('correct:', '[1     ]')
error:  0.00000537
('out:    ', '[0.904 ]')
('correct:', '[1     ]')
error:  0.00463170
('out:    ', '[0.99  ]')
('correct:', '[1     ]')
error:  0.00004805
('out:    ', '[0.987 ]')
('correct:', '[1     ]')
error:  0.00008364
('out:    ', '[0.926 ]')
('correct:', '[1     ]')
error:  0.00276189
('out:    ', '[0.997 ]')
('correct:', '[1     ]')
error:  0.00000375
('out:    ', '[0.993 ]')
('correct:', '[1     ]')
error:  0.00002720
('out:    ', '[0.981 ]')
('correct:', '[1     ]')
error:  0.00017853
('out:    ', '[0.995 ]')
('correct:', '[1     ]')
error:  0.00001174
('out:    ', '[0.996 ]')
('correct:', '[1     ]')
error:  0.00000771
('out:    ', '[0.998 ]')
('correct:', '[1     ]')
error:  0.00000249
('out:    ', '[0.997 ]')
('correct:', '[1     ]')
error:  0.00000430
('out:    ', '[0.986 ]')
('correct:', '[1     ]')
error:  0.00009405
('out:    ', '[0.993 ]')
('correct:', '[1     ]')
error:  0.00002453
('out:    ', '[0.976 ]')
('correct:', '[1     ]')
error:  0.00028337
('out:    ', '[0.909 ]')
('correct:', '[1     ]')
error:  0.00416412
('out:    ', '[0.996 ]')
('correct:', '[1     ]')
error:  0.00000992
('out:    ', '[0.995 ]')
('correct:', '[1     ]')
error:  0.00001468
('out:    ', '[0.996 ]')
('correct:', '[1     ]')
error:  0.00000617
('out:    ', '[0.994 ]')
('correct:', '[1     ]')
error:  0.00001720
('out:    ', '[0.996 ]')
('correct:', '[1     ]')
error:  0.00000622
('out:    ', '[0.993 ]')
('correct:', '[1     ]')
error:  0.00002649
('out:    ', '[0.996 ]')
('correct:', '[1     ]')
error:  0.00000695
('out:    ', '[0.996 ]')
('correct:', '[1     ]')
error:  0.00000940
('out:    ', '[0.99  ]')
('correct:', '[1     ]')
error:  0.00005404
('out:    ', '[0.992 ]')
('correct:', '[1     ]')
error:  0.00003338
('out:    ', '[0.997 ]')
('correct:', '[1     ]')
error:  0.00000533
('out:    ', '[0.907 ]')
('correct:', '[1     ]')
error:  0.00433549
('out:    ', '[0.995 ]')
('correct:', '[1     ]')
error:  0.00001053
('out:    ', '[0.997 ]')
('correct:', '[1     ]')
error:  0.00000460
('out:    ', '[0.99  ]')
('correct:', '[1     ]')
error:  0.00005492
('out:    ', '[0.992 ]')
('correct:', '[1     ]')
error:  0.00003103
('out:    ', '[0.995 ]')
('correct:', '[1     ]')
error:  0.00001031
('out:    ', '[0.99  ]')
('correct:', '[1     ]')
error:  0.00005294
('out:    ', '[0.963 ]')
('correct:', '[1     ]')
error:  0.00067533
('out:    ', '[0.996 ]')
('correct:', '[1     ]')
error:  0.00001007
('out:    ', '[0.988 ]')
('correct:', '[1     ]')
error:  0.00007037
('out:    ', '[0.962 ]')
('correct:', '[1     ]')
error:  0.00074040
('out:    ', '[0.996 ]')
('correct:', '[1     ]')
error:  0.00000645
('out:    ', '[0.995 ]')
('correct:', '[1     ]')
error:  0.00001037
('out:    ', '[0.992 ]')
('correct:', '[1     ]')
error:  0.00003604
('out:    ', '[0.996 ]')
('correct:', '[1     ]')
error:  0.00000913
('out:    ', '[0.987 ]')
('correct:', '[1     ]')
error:  0.00007928
('out:    ', '[0.995 ]')
('correct:', '[1     ]')
error:  0.00001386
('out:    ', '[0.996 ]')
('correct:', '[1     ]')
error:  0.00000665
('out:    ', '[0.841 ]')
('correct:', '[0     ]')
error:  0.35370321
('out:    ', '[0.934 ]')
('correct:', '[1     ]')
error:  0.00216596
('out:    ', '[0.931 ]')
('correct:', '[1     ]')
error:  0.00236231
('out:    ', '[0.869 ]')
('correct:', '[1     ]')
error:  0.00855988
('out:    ', '[0.995 ]')
('correct:', '[1     ]')
error:  0.00001134
('out:    ', '[0.889 ]')
('correct:', '[1     ]')
error:  0.00611930
('out:    ', '[0.993 ]')
('correct:', '[1     ]')
error:  0.00002490
('out:    ', '[0.997 ]')
('correct:', '[1     ]')
error:  0.00000469
('out:    ', '[0.62  ]')
('correct:', '[1     ]')
error:  0.07224287
('out:    ', '[0.902 ]')
('correct:', '[1     ]')
error:  0.00478351
('out:    ', '[0.993 ]')
('correct:', '[1     ]')
error:  0.00002771
('out:    ', '[0.995 ]')
('correct:', '[1     ]')
error:  0.00001112
('out:    ', '[0.995 ]')
('correct:', '[1     ]')
error:  0.00001020
('out:    ', '[0.995 ]')
('correct:', '[1     ]')
error:  0.00001160
('out:    ', '[0.995 ]')
('correct:', '[1     ]')
error:  0.00001237
('out:    ', '[0.986 ]')
('correct:', '[1     ]')
error:  0.00009932
('out:    ', '[0.949 ]')
('correct:', '[1     ]')
error:  0.00128386
('out:    ', '[0.994 ]')
('correct:', '[1     ]')
error:  0.00001958
('out:    ', '[0.945 ]')
('correct:', '[1     ]')
error:  0.00149477
('out:    ', '[0.979 ]')
('correct:', '[1     ]')
error:  0.00021891
('out:    ', '[0.667 ]')
('correct:', '[0     ]')
error:  0.22265157
('out:    ', '[0.993 ]')
('correct:', '[1     ]')
error:  0.00002219
('out:    ', '[0.985 ]')
('correct:', '[1     ]')
error:  0.00010972
('out:    ', '[0.997 ]')
('correct:', '[1     ]')
error:  0.00000523
('out:    ', '[0.99  ]')
('correct:', '[1     ]')
error:  0.00004797
('out:    ', '[0.997 ]')
('correct:', '[1     ]')
error:  0.00000589
('out:    ', '[0.867 ]')
('correct:', '[1     ]')
error:  0.00885064
('out:    ', '[0.993 ]')
('correct:', '[1     ]')
error:  0.00002468
('out:    ', '[0.994 ]')
('correct:', '[1     ]')
error:  0.00001982
('out:    ', '[0.99  ]')
('correct:', '[1     ]')
error:  0.00004739
('out:    ', '[0.997 ]')
('correct:', '[1     ]')
error:  0.00000566
('out:    ', '[0.976 ]')
('correct:', '[1     ]')
error:  0.00027859
('out:    ', '[0.989 ]')
('correct:', '[1     ]')
error:  0.00005597
('out:    ', '[0.986 ]')
('correct:', '[1     ]')
error:  0.00009804
('out:    ', '[0.997 ]')
('correct:', '[1     ]')
error:  0.00000355
('out:    ', '[0.998 ]')
('correct:', '[1     ]')
error:  0.00000255
('out:    ', '[0.986 ]')
('correct:', '[1     ]')
error:  0.00009747
('out:    ', '[0.993 ]')
('correct:', '[1     ]')
error:  0.00002469
('out:    ', '[0.963 ]')
('correct:', '[1     ]')
error:  0.00068527
('out:    ', '[0.995 ]')
('correct:', '[1     ]')
error:  0.00001402
('out:    ', '[0.951 ]')
('correct:', '[1     ]')
error:  0.00117680
('out:    ', '[0.898 ]')
('correct:', '[1     ]')
error:  0.00517679
('out:    ', '[0.994 ]')
('correct:', '[1     ]')
error:  0.00001844
('out:    ', '[0.987 ]')
('correct:', '[1     ]')
error:  0.00008494
('out:    ', '[0.987 ]')
('correct:', '[1     ]')
error:  0.00008542
('out:    ', '[0.996 ]')
('correct:', '[1     ]')
error:  0.00000867
('out:    ', '[0.991 ]')
('correct:', '[1     ]')
error:  0.00003939
('out:    ', '[0.872 ]')
('correct:', '[1     ]')
error:  0.00818567
('out:    ', '[0.997 ]')
('correct:', '[1     ]')
error:  0.00000378
('out:    ', '[0.989 ]')
('correct:', '[1     ]')
error:  0.00005559
('out:    ', '[0.995 ]')
('correct:', '[1     ]')
error:  0.00001015
('out:    ', '[0.998 ]')
('correct:', '[1     ]')
error:  0.00000259
('out:    ', '[0.745 ]')
('correct:', '[1     ]')
error:  0.03262280
('out:    ', '[0.97  ]')
('correct:', '[1     ]')
error:  0.00045122
('out:    ', '[0.987 ]')
('correct:', '[1     ]')
error:  0.00008799
('out:    ', '[0.985 ]')
('correct:', '[1     ]')
error:  0.00010823
('out:    ', '[0.994 ]')
('correct:', '[1     ]')
error:  0.00002019
('out:    ', '[0.996 ]')
('correct:', '[1     ]')
error:  0.00000983
('out:    ', '[0.995 ]')
('correct:', '[1     ]')
error:  0.00001038
('out:    ', '[0.706 ]')
('correct:', '[1     ]')
error:  0.04334612
('out:    ', '[0.997 ]')
('correct:', '[1     ]')
error:  0.00000524
('out:    ', '[0.995 ]')
('correct:', '[1     ]')
error:  0.00001037
('out:    ', '[0.997 ]')
('correct:', '[1     ]')
error:  0.00000600
('out:    ', '[0.994 ]')
('correct:', '[1     ]')
error:  0.00001759
('out:    ', '[0.996 ]')
('correct:', '[1     ]')
error:  0.00000746
('out:    ', '[0.797 ]')
('correct:', '[1     ]')
error:  0.02052336
('out:    ', '[0.987 ]')
('correct:', '[1     ]')
error:  0.00008965
('out:    ', '[0.867 ]')
('correct:', '[1     ]')
error:  0.00882415
('out:    ', '[0.993 ]')
('correct:', '[1     ]')
error:  0.00002156
('out:    ', '[0.888 ]')
('correct:', '[1     ]')
error:  0.00628613
('out:    ', '[0.988 ]')
('correct:', '[1     ]')
error:  0.00006736
('out:    ', '[0.997 ]')
('correct:', '[1     ]')
error:  0.00000359
('out:    ', '[0.982 ]')
('correct:', '[1     ]')
error:  0.00015919
('out:    ', '[0.761 ]')
('correct:', '[1     ]')
error:  0.02855296
('out:    ', '[0.988 ]')
('correct:', '[1     ]')
error:  0.00006910
('out:    ', '[0.993 ]')
('correct:', '[1     ]')
error:  0.00002593
('out:    ', '[0.996 ]')
('correct:', '[1     ]')
error:  0.00000941
('out:    ', '[0.997 ]')
('correct:', '[1     ]')
error:  0.00000525
('out:    ', '[0.982 ]')
('correct:', '[1     ]')
error:  0.00016967
('out:    ', '[0.996 ]')
('correct:', '[1     ]')
error:  0.00000651
('out:    ', '[0.934 ]')
('correct:', '[1     ]')
error:  0.00216053
('out:    ', '[0.995 ]')
('correct:', '[1     ]')
error:  0.00001356
('out:    ', '[0.994 ]')
('correct:', '[1     ]')
error:  0.00001565
('out:    ', '[0.972 ]')
('correct:', '[1     ]')
error:  0.00040121
('out:    ', '[0.747 ]')
('correct:', '[1     ]')
error:  0.03210449
('out:    ', '[0.996 ]')
('correct:', '[1     ]')
error:  0.00000842
('out:    ', '[0.992 ]')
('correct:', '[1     ]')
error:  0.00003212
('out:    ', '[0.993 ]')
('correct:', '[1     ]')
error:  0.00002712
('out:    ', '[0.993 ]')
('correct:', '[1     ]')
error:  0.00002725
('out:    ', '[0.978 ]')
('correct:', '[1     ]')
error:  0.00025037
('out:    ', '[0.995 ]')
('correct:', '[1     ]')
error:  0.00001284
('out:    ', '[0.873 ]')
('correct:', '[1     ]')
error:  0.00805007
('out:    ', '[0.995 ]')
('correct:', '[1     ]')
error:  0.00001042
('out:    ', '[0.995 ]')
('correct:', '[1     ]')
error:  0.00001090
('out:    ', '[0.995 ]')
('correct:', '[1     ]')
error:  0.00001312
('out:    ', '[0.896 ]')
('correct:', '[1     ]')
error:  0.00543059
('out:    ', '[0.997 ]')
('correct:', '[1     ]')
error:  0.00000531
('out:    ', '[0.988 ]')
('correct:', '[1     ]')
error:  0.00006651
('out:    ', '[0.981 ]')
('correct:', '[1     ]')
error:  0.00018838
('out:    ', '[0.896 ]')
('correct:', '[1     ]')
error:  0.00543770
('out:    ', '[0.971 ]')
('correct:', '[1     ]')
error:  0.00043506
('out:    ', '[0.977 ]')
('correct:', '[1     ]')
error:  0.00027020
('out:    ', '[0.997 ]')
('correct:', '[1     ]')
error:  0.00000581
('out:    ', '[0.996 ]')
('correct:', '[1     ]')
error:  0.00000879
('out:    ', '[0.994 ]')
('correct:', '[1     ]')
error:  0.00001920
('out:    ', '[0.995 ]')
('correct:', '[1     ]')
error:  0.00001050
('out:    ', '[0.995 ]')
('correct:', '[1     ]')
error:  0.00001080
('out:    ', '[0.995 ]')
('correct:', '[1     ]')
error:  0.00001488
('out:    ', '[0.997 ]')
('correct:', '[1     ]')
error:  0.00000527
('out:    ', '[0.993 ]')
('correct:', '[1     ]')
error:  0.00002541
('out:    ', '[0.99  ]')
('correct:', '[1     ]')
error:  0.00004526
('out:    ', '[0.994 ]')
('correct:', '[1     ]')
error:  0.00001683
('out:    ', '[0.95  ]')
('correct:', '[1     ]')
error:  0.00122773
('out:    ', '[0.954 ]')
('correct:', '[1     ]')
error:  0.00103961
('out:    ', '[0.997 ]')
('correct:', '[1     ]')
error:  0.00000529
('out:    ', '[0.978 ]')
('correct:', '[1     ]')
error:  0.00024861
('out:    ', '[0.992 ]')
('correct:', '[1     ]')
error:  0.00002838
('out:    ', '[0.989 ]')
('correct:', '[1     ]')
error:  0.00005797
('out:    ', '[0.996 ]')
('correct:', '[1     ]')
error:  0.00001002
('out:    ', '[0.968 ]')
('correct:', '[1     ]')
error:  0.00052354
('out:    ', '[0.967 ]')
('correct:', '[1     ]')
error:  0.00055007
('out:    ', '[0.995 ]')
('correct:', '[1     ]')
error:  0.00001029
('out:    ', '[0.96  ]')
('correct:', '[1     ]')
error:  0.00079507
('out:    ', '[0.988 ]')
('correct:', '[1     ]')
error:  0.00007619
('out:    ', '[0.987 ]')
('correct:', '[1     ]')
error:  0.00008851
('out:    ', '[0.995 ]')
('correct:', '[1     ]')
error:  0.00001317
('out:    ', '[0.996 ]')
('correct:', '[1     ]')
error:  0.00000724
('out:    ', '[0.989 ]')
('correct:', '[1     ]')
error:  0.00005830
('out:    ', '[0.993 ]')
('correct:', '[1     ]')
error:  0.00002327
('out:    ', '[0.996 ]')
('correct:', '[1     ]')
error:  0.00000918
('out:    ', '[0.98  ]')
('correct:', '[1     ]')
error:  0.00020075
('out:    ', '[0.921 ]')
('correct:', '[1     ]')
error:  0.00310983
('out:    ', '[0.995 ]')
('correct:', '[1     ]')
error:  0.00001049
('out:    ', '[0.995 ]')
('correct:', '[1     ]')
error:  0.00001096
('out:    ', '[0.995 ]')
('correct:', '[1     ]')
error:  0.00001463
('out:    ', '[0.992 ]')
('correct:', '[1     ]')
error:  0.00002854
('out:    ', '[0.975 ]')
('correct:', '[1     ]')
error:  0.00031514
('out:    ', '[0.982 ]')
('correct:', '[1     ]')
error:  0.00016434
('out:    ', '[0.862 ]')
('correct:', '[1     ]')
error:  0.00957688
('out:    ', '[0.997 ]')
('correct:', '[1     ]')
error:  0.00000483
('out:    ', '[0.972 ]')
('correct:', '[1     ]')
error:  0.00040109
('out:    ', '[0.995 ]')
('correct:', '[1     ]')
error:  0.00001291
('out:    ', '[0.995 ]')
('correct:', '[1     ]')
error:  0.00001023
('out:    ', '[0.991 ]')
('correct:', '[1     ]')
error:  0.00003641
('out:    ', '[0.996 ]')
('correct:', '[1     ]')
error:  0.00000976
('out:    ', '[0.989 ]')
('correct:', '[1     ]')
error:  0.00006182
('out:    ', '[0.994 ]')
('correct:', '[1     ]')
error:  0.00001860
('out:    ', '[0.987 ]')
('correct:', '[1     ]')
error:  0.00008942
('out:    ', '[0.899 ]')
('correct:', '[1     ]')
error:  0.00508947
('out:    ', '[0.993 ]')
('correct:', '[1     ]')
error:  0.00002295
('out:    ', '[0.995 ]')
('correct:', '[1     ]')
error:  0.00001032
('out:    ', '[0.997 ]')
('correct:', '[1     ]')
error:  0.00000440
('out:    ', '[0.982 ]')
('correct:', '[1     ]')
error:  0.00016452
('out:    ', '[0.925 ]')
('correct:', '[1     ]')
error:  0.00281360
('out:    ', '[0.934 ]')
('correct:', '[1     ]')
error:  0.00217071
('out:    ', '[0.988 ]')
('correct:', '[1     ]')
error:  0.00006763
('out:    ', '[0.988 ]')
('correct:', '[1     ]')
error:  0.00007439
('out:    ', '[0.977 ]')
('correct:', '[1     ]')
error:  0.00026115
('out:    ', '[0.997 ]')
('correct:', '[1     ]')
error:  0.00000336
('out:    ', '[0.988 ]')
('correct:', '[1     ]')
error:  0.00006790
('out:    ', '[0.996 ]')
('correct:', '[1     ]')
error:  0.00000989
('out:    ', '[0.983 ]')
('correct:', '[1     ]')
error:  0.00013715
('out:    ', '[0.996 ]')
('correct:', '[1     ]')
error:  0.00000947
('out:    ', '[0.997 ]')
('correct:', '[1     ]')
error:  0.00000335
('out:    ', '[0.944 ]')
('correct:', '[1     ]')
error:  0.00157265
('out:    ', '[0.988 ]')
('correct:', '[1     ]')
error:  0.00007585
('out:    ', '[0.989 ]')
('correct:', '[1     ]')
error:  0.00006240
('out:    ', '[0.99  ]')
('correct:', '[1     ]')
error:  0.00005234
('out:    ', '[0.995 ]')
('correct:', '[1     ]')
error:  0.00001344
('out:    ', '[0.998 ]')
('correct:', '[1     ]')
error:  0.00000306
('out:    ', '[0.997 ]')
('correct:', '[1     ]')
error:  0.00000479
('out:    ', '[0.996 ]')
('correct:', '[1     ]')
error:  0.00000712
('out:    ', '[0.989 ]')
('correct:', '[1     ]')
error:  0.00006202
('out:    ', '[0.997 ]')
('correct:', '[1     ]')
error:  0.00000335
('out:    ', '[0.997 ]')
('correct:', '[1     ]')
error:  0.00000518
('out:    ', '[0.994 ]')
('correct:', '[1     ]')
error:  0.00001719
('out:    ', '[0.993 ]')
('correct:', '[1     ]')
error:  0.00002350
('out:    ', '[0.99  ]')
('correct:', '[1     ]')
error:  0.00005182
('out:    ', '[0.976 ]')
('correct:', '[1     ]')
error:  0.00028507
('out:    ', '[0.996 ]')
('correct:', '[1     ]')
error:  0.00000895
('out:    ', '[0.988 ]')
('correct:', '[1     ]')
error:  0.00007215
('out:    ', '[0.993 ]')
('correct:', '[1     ]')
error:  0.00002351
('out:    ', '[0.993 ]')
('correct:', '[1     ]')
error:  0.00002440
('out:    ', '[0.994 ]')
('correct:', '[1     ]')
error:  0.00001914
('out:    ', '[0.995 ]')
('correct:', '[1     ]')
error:  0.00001344
('out:    ', '[0.993 ]')
('correct:', '[1     ]')
error:  0.00002231
('out:    ', '[0.996 ]')
('correct:', '[1     ]')
error:  0.00000776
('out:    ', '[0.993 ]')
('correct:', '[1     ]')
error:  0.00002423
('out:    ', '[0.931 ]')
('correct:', '[1     ]')
error:  0.00238646
('out:    ', '[0.993 ]')
('correct:', '[1     ]')
error:  0.00002238
('out:    ', '[0.994 ]')
('correct:', '[1     ]')
error:  0.00002005
('out:    ', '[0.99  ]')
('correct:', '[0     ]')
error:  0.48963713
('out:    ', '[0.994 ]')
('correct:', '[1     ]')
error:  0.00001872
('out:    ', '[0.997 ]')
('correct:', '[1     ]')
error:  0.00000409
('out:    ', '[0.986 ]')
('correct:', '[1     ]')
error:  0.00009600
('out:    ', '[0.995 ]')
('correct:', '[1     ]')
error:  0.00001459
('out:    ', '[0.99  ]')
('correct:', '[1     ]')
error:  0.00005436
('out:    ', '[0.996 ]')
('correct:', '[1     ]')
error:  0.00000667
('out:    ', '[0.995 ]')
('correct:', '[1     ]')
error:  0.00001040
('out:    ', '[0.975 ]')
('correct:', '[1     ]')
error:  0.00031471
('out:    ', '[0.988 ]')
('correct:', '[1     ]')
error:  0.00007419
('out:    ', '[0.988 ]')
('correct:', '[1     ]')
error:  0.00006829
('out:    ', '[0.997 ]')
('correct:', '[1     ]')
error:  0.00000342
('out:    ', '[0.997 ]')
('correct:', '[1     ]')
error:  0.00000524
('out:    ', '[0.996 ]')
('correct:', '[1     ]')
error:  0.00000982
('out:    ', '[0.991 ]')
('correct:', '[1     ]')
error:  0.00004129
('out:    ', '[0.993 ]')
('correct:', '[1     ]')
error:  0.00002155
('out:    ', '[0.995 ]')
('correct:', '[1     ]')
error:  0.00001346
('out:    ', '[0.889 ]')
('correct:', '[1     ]')
error:  0.00610981
('out:    ', '[0.994 ]')
('correct:', '[1     ]')
error:  0.00001647
('out:    ', '[0.994 ]')
('correct:', '[1     ]')
error:  0.00001551
('out:    ', '[0.995 ]')
('correct:', '[1     ]')
error:  0.00001044
('out:    ', '[0.98  ]')
('correct:', '[1     ]')
error:  0.00020257
('out:    ', '[0.992 ]')
('correct:', '[1     ]')
error:  0.00003040
('out:    ', '[0.997 ]')
('correct:', '[1     ]')
error:  0.00000566
('out:    ', '[0.987 ]')
('correct:', '[1     ]')
error:  0.00009110
('out:    ', '[0.996 ]')
('correct:', '[1     ]')
error:  0.00000945
('out:    ', '[0.995 ]')
('correct:', '[1     ]')
error:  0.00001345
('out:    ', '[0.993 ]')
('correct:', '[1     ]')
error:  0.00002380
('out:    ', '[0.994 ]')
('correct:', '[1     ]')
error:  0.00001578
('out:    ', '[0.995 ]')
('correct:', '[1     ]')
error:  0.00001022
('out:    ', '[0.995 ]')
('correct:', '[1     ]')
error:  0.00001408
('out:    ', '[0.993 ]')
('correct:', '[1     ]')
error:  0.00002230
('out:    ', '[0.995 ]')
('correct:', '[1     ]')
error:  0.00001068
('out:    ', '[0.997 ]')
('correct:', '[1     ]')
error:  0.00000516
('out:    ', '[0.997 ]')
('correct:', '[1     ]')
error:  0.00000546
('out:    ', '[0.993 ]')
('correct:', '[1     ]')
error:  0.00002363
('out:    ', '[0.989 ]')
('correct:', '[1     ]')
error:  0.00006096
('out:    ', '[0.997 ]')
('correct:', '[1     ]')
error:  0.00000521
('out:    ', '[0.945 ]')
('correct:', '[1     ]')
error:  0.00153380
('out:    ', '[0.65  ]')
('correct:', '[1     ]')
error:  0.06115068
('out:    ', '[0.898 ]')
('correct:', '[0     ]')
error:  0.40297295
('out:    ', '[0.993 ]')
('correct:', '[1     ]')
error:  0.00002230
('out:    ', '[0.996 ]')
('correct:', '[1     ]')
error:  0.00000939
('out:    ', '[0.987 ]')
('correct:', '[1     ]')
error:  0.00008062
('out:    ', '[0.993 ]')
('correct:', '[1     ]')
error:  0.00002490
('out:    ', '[0.995 ]')
('correct:', '[1     ]')
error:  0.00001416
('out:    ', '[0.997 ]')
('correct:', '[1     ]')
error:  0.00000532
('out:    ', '[0.997 ]')
('correct:', '[1     ]')
error:  0.00000529
('out:    ', '[0.986 ]')
('correct:', '[1     ]')
error:  0.00009945
('out:    ', '[0.985 ]')
('correct:', '[1     ]')
error:  0.00011024
('out:    ', '[0.99  ]')
('correct:', '[1     ]')
error:  0.00005046
('out:    ', '[0.967 ]')
('correct:', '[1     ]')
error:  0.00055759
('out:    ', '[0.995 ]')
('correct:', '[1     ]')
error:  0.00001406
('out:    ', '[0.986 ]')
('correct:', '[1     ]')
error:  0.00009525
('out:    ', '[0.995 ]')
('correct:', '[1     ]')
error:  0.00001038
('out:    ', '[0.606 ]')
('correct:', '[1     ]')
error:  0.07753140
('out:    ', '[0.996 ]')
('correct:', '[1     ]')
error:  0.00000989
('out:    ', '[0.993 ]')
('correct:', '[1     ]')
error:  0.00002787
('out:    ', '[0.996 ]')
('correct:', '[1     ]')
error:  0.00000993
('out:    ', '[0.965 ]')
('correct:', '[1     ]')
error:  0.00061773
('out:    ', '[0.996 ]')
('correct:', '[1     ]')
error:  0.00000803
('out:    ', '[0.987 ]')
('correct:', '[1     ]')
error:  0.00008878
('out:    ', '[0.996 ]')
('correct:', '[1     ]')
error:  0.00000865
('out:    ', '[0.993 ]')
('correct:', '[1     ]')
error:  0.00002717
('out:    ', '[0.986 ]')
('correct:', '[1     ]')
error:  0.00010377
('out:    ', '[0.962 ]')
('correct:', '[1     ]')
error:  0.00072276
('out:    ', '[0.997 ]')
('correct:', '[1     ]')
error:  0.00000479
('out:    ', '[0.537 ]')
('correct:', '[1     ]')
error:  0.10733211
('out:    ', '[0.995 ]')
('correct:', '[1     ]')
error:  0.00001038
('out:    ', '[0.993 ]')
('correct:', '[1     ]')
error:  0.00002554
('out:    ', '[0.986 ]')
('correct:', '[1     ]')
error:  0.00009786
('out:    ', '[0.995 ]')
('correct:', '[1     ]')
error:  0.00001013
('out:    ', '[0.996 ]')
('correct:', '[1     ]')
error:  0.00000826
('out:    ', '[0.714 ]')
('correct:', '[1     ]')
error:  0.04093265
('out:    ', '[0.896 ]')
('correct:', '[1     ]')
error:  0.00538706
('out:    ', '[0.993 ]')
('correct:', '[1     ]')
error:  0.00002625
('out:    ', '[0.995 ]')
('correct:', '[1     ]')
error:  0.00001192
('out:    ', '[0.99  ]')
('correct:', '[1     ]')
error:  0.00004554
('out:    ', '[0.996 ]')
('correct:', '[1     ]')
error:  0.00000633
('out:    ', '[0.92  ]')
('correct:', '[1     ]')
error:  0.00322292
('out:    ', '[0.687 ]')
('correct:', '[1     ]')
error:  0.04911432
('out:    ', '[0.996 ]')
('correct:', '[1     ]')
error:  0.00000971
('out:    ', '[0.995 ]')
('correct:', '[1     ]')
error:  0.00001083
('out:    ', '[0.934 ]')
('correct:', '[1     ]')
error:  0.00219323
('out:    ', '[0.995 ]')
('correct:', '[1     ]')
error:  0.00001457
('out:    ', '[0.93  ]')
('correct:', '[1     ]')
error:  0.00242593
('out:    ', '[0.983 ]')
('correct:', '[1     ]')
error:  0.00013697
('out:    ', '[0.779 ]')
('correct:', '[1     ]')
error:  0.02432303
('out:    ', '[0.994 ]')
('correct:', '[1     ]')
error:  0.00001890
('out:    ', '[0.995 ]')
('correct:', '[1     ]')
error:  0.00001200
('out:    ', '[0.989 ]')
('correct:', '[1     ]')
error:  0.00005836
('out:    ', '[0.984 ]')
('correct:', '[1     ]')
error:  0.00012217
('out:    ', '[0.987 ]')
('correct:', '[1     ]')
error:  0.00008459
('out:    ', '[0.994 ]')
('correct:', '[1     ]')
error:  0.00001663
('out:    ', '[0.844 ]')
('correct:', '[1     ]')
error:  0.01209520
('out:    ', '[0.997 ]')
('correct:', '[1     ]')
error:  0.00000338
('out:    ', '[0.994 ]')
('correct:', '[1     ]')
error:  0.00001896
('out:    ', '[0.994 ]')
('correct:', '[1     ]')
error:  0.00002034
('out:    ', '[0.988 ]')
('correct:', '[1     ]')
error:  0.00007255
('out:    ', '[0.996 ]')
('correct:', '[1     ]')
error:  0.00000623
('out:    ', '[0.997 ]')
('correct:', '[1     ]')
error:  0.00000516
('out:    ', '[0.997 ]')
('correct:', '[1     ]')
error:  0.00000534
('out:    ', '[0.997 ]')
('correct:', '[1     ]')
error:  0.00000543
('out:    ', '[0.909 ]')
('correct:', '[1     ]')
error:  0.00413286
('out:    ', '[0.947 ]')
('correct:', '[1     ]')
error:  0.00139761
('out:    ', '[0.993 ]')
('correct:', '[1     ]')
error:  0.00002359
('out:    ', '[0.996 ]')
('correct:', '[1     ]')
error:  0.00000970
('out:    ', '[0.996 ]')
('correct:', '[1     ]')
error:  0.00001007
('out:    ', '[0.99  ]')
('correct:', '[1     ]')
error:  0.00004653
('out:    ', '[0.927 ]')
('correct:', '[1     ]')
error:  0.00265980
('out:    ', '[0.997 ]')
('correct:', '[1     ]')
error:  0.00000495
('out:    ', '[0.962 ]')
('correct:', '[1     ]')
error:  0.00072167
('out:    ', '[0.995 ]')
('correct:', '[1     ]')
error:  0.00001157
('out:    ', '[0.997 ]')
('correct:', '[1     ]')
error:  0.00000562
('out:    ', '[0.995 ]')
('correct:', '[1     ]')
error:  0.00001023
('out:    ', '[0.988 ]')
('correct:', '[1     ]')
error:  0.00007178
('out:    ', '[0.986 ]')
('correct:', '[1     ]')
error:  0.00009140
('out:    ', '[0.933 ]')
('correct:', '[1     ]')
error:  0.00221823
('out:    ', '[0.969 ]')
('correct:', '[1     ]')
error:  0.00047338
('out:    ', '[0.995 ]')
('correct:', '[1     ]')
error:  0.00001085
('out:    ', '[0.987 ]')
('correct:', '[1     ]')
error:  0.00009081
('out:    ', '[0.993 ]')
('correct:', '[1     ]')
error:  0.00002378
('out:    ', '[0.995 ]')
('correct:', '[1     ]')
error:  0.00001102
('out:    ', '[0.997 ]')
('correct:', '[1     ]')
error:  0.00000506
('out:    ', '[0.997 ]')
('correct:', '[1     ]')
error:  0.00000610
('out:    ', '[0.984 ]')
('correct:', '[1     ]')
error:  0.00012291
('out:    ', '[0.996 ]')
('correct:', '[1     ]')
error:  0.00000626
('out:    ', '[0.995 ]')
('correct:', '[1     ]')
error:  0.00001072
('out:    ', '[0.994 ]')
('correct:', '[1     ]')
error:  0.00001838
('out:    ', '[0.994 ]')
('correct:', '[1     ]')
error:  0.00002037
('out:    ', '[0.922 ]')
('correct:', '[1     ]')
error:  0.00306562
('out:    ', '[0.995 ]')
('correct:', '[1     ]')
error:  0.00001407
('out:    ', '[0.992 ]')
('correct:', '[1     ]')
error:  0.00003164
('out:    ', '[0.988 ]')
('correct:', '[1     ]')
error:  0.00007386
('out:    ', '[0.981 ]')
('correct:', '[1     ]')
error:  0.00017389
('out:    ', '[0.985 ]')
('correct:', '[1     ]')
error:  0.00010965
('out:    ', '[0.995 ]')
('correct:', '[1     ]')
error:  0.00001059
('out:    ', '[0.989 ]')
('correct:', '[1     ]')
error:  0.00006393
('out:    ', '[0.966 ]')
('correct:', '[1     ]')
error:  0.00056677
('out:    ', '[0.985 ]')
('correct:', '[1     ]')
error:  0.00011182
('out:    ', '[0.995 ]')
('correct:', '[1     ]')
error:  0.00001126
('out:    ', '[0.861 ]')
('correct:', '[1     ]')
error:  0.00969182
('out:    ', '[0.991 ]')
('correct:', '[1     ]')
error:  0.00004338
('out:    ', '[0.992 ]')
('correct:', '[1     ]')
error:  0.00003593
('out:    ', '[0.996 ]')
('correct:', '[1     ]')
error:  0.00000890
('out:    ', '[0.988 ]')
('correct:', '[1     ]')
error:  0.00006840
('out:    ', '[0.995 ]')
('correct:', '[1     ]')
error:  0.00001382
('out:    ', '[0.997 ]')
('correct:', '[1     ]')
error:  0.00000317
('out:    ', '[0.95  ]')
('correct:', '[1     ]')
error:  0.00124566
('out:    ', '[0.969 ]')
('correct:', '[1     ]')
error:  0.00048453
('out:    ', '[0.991 ]')
('correct:', '[1     ]')
error:  0.00004180
('out:    ', '[0.997 ]')
('correct:', '[1     ]')
error:  0.00000525
('out:    ', '[0.771 ]')
('correct:', '[1     ]')
error:  0.02611438
('out:    ', '[0.992 ]')
('correct:', '[1     ]')
error:  0.00003194
('out:    ', '[0.993 ]')
('correct:', '[1     ]')
error:  0.00002624
('out:    ', '[0.985 ]')
('correct:', '[1     ]')
error:  0.00011288
('out:    ', '[0.769 ]')
('correct:', '[1     ]')
error:  0.02657616
('out:    ', '[0.994 ]')
('correct:', '[1     ]')
error:  0.00001735
('out:    ', '[0.993 ]')
('correct:', '[1     ]')
error:  0.00002668
('out:    ', '[0.315 ]')
('correct:', '[1     ]')
error:  0.23466849
('out:    ', '[0.994 ]')
('correct:', '[1     ]')
error:  0.00001929
('out:    ', '[0.578 ]')
('correct:', '[1     ]')
error:  0.08913903
('out:    ', '[0.934 ]')
('correct:', '[1     ]')
error:  0.00217580
('out:    ', '[0.996 ]')
('correct:', '[1     ]')
error:  0.00000639
('out:    ', '[0.934 ]')
('correct:', '[1     ]')
error:  0.00220972
('out:    ', '[0.995 ]')
('correct:', '[1     ]')
error:  0.00001369
('out:    ', '[0.966 ]')
('correct:', '[1     ]')
error:  0.00059029
('out:    ', '[0.993 ]')
('correct:', '[1     ]')
error:  0.00002368
('out:    ', '[0.989 ]')
('correct:', '[1     ]')
error:  0.00006594
('out:    ', '[0.957 ]')
('correct:', '[1     ]')
error:  0.00090720
('out:    ', '[0.995 ]')
('correct:', '[1     ]')
error:  0.00001088
('out:    ', '[0.985 ]')
('correct:', '[1     ]')
error:  0.00011408
('out:    ', '[0.993 ]')
('correct:', '[1     ]')
error:  0.00002566
('out:    ', '[0.996 ]')
('correct:', '[1     ]')
error:  0.00000978
('out:    ', '[0.996 ]')
('correct:', '[1     ]')
error:  0.00000693
('out:    ', '[0.94  ]')
('correct:', '[1     ]')
error:  0.00180088
('out:    ', '[0.997 ]')
('correct:', '[1     ]')
error:  0.00000334
('out:    ', '[0.995 ]')
('correct:', '[1     ]')
error:  0.00001458
('out:    ', '[0.996 ]')
('correct:', '[1     ]')
error:  0.00000801
('out:    ', '[0.62  ]')
('correct:', '[1     ]')
error:  0.07201491
('out:    ', '[0.996 ]')
('correct:', '[1     ]')
error:  0.00000985
('out:    ', '[0.993 ]')
('correct:', '[1     ]')
error:  0.00002324
('out:    ', '[0.96  ]')
('correct:', '[1     ]')
error:  0.00079205
('out:    ', '[0.949 ]')
('correct:', '[1     ]')
error:  0.00129341
('out:    ', '[0.986 ]')
('correct:', '[1     ]')
error:  0.00010416
('out:    ', '[0.934 ]')
('correct:', '[1     ]')
error:  0.00219531
('out:    ', '[0.986 ]')
('correct:', '[1     ]')
error:  0.00009930
('out:    ', '[0.812 ]')
('correct:', '[1     ]')
error:  0.01763857
('out:    ', '[0.987 ]')
('correct:', '[1     ]')
error:  0.00008469
('out:    ', '[0.989 ]')
('correct:', '[1     ]')
error:  0.00006505
('out:    ', '[0.797 ]')
('correct:', '[1     ]')
error:  0.02063982
('out:    ', '[0.996 ]')
('correct:', '[1     ]')
error:  0.00000682
('out:    ', '[0.996 ]')
('correct:', '[1     ]')
error:  0.00000681
('out:    ', '[0.869 ]')
('correct:', '[1     ]')
error:  0.00857484
('out:    ', '[0.931 ]')
('correct:', '[0     ]')
error:  0.43330370
('out:    ', '[0.995 ]')
('correct:', '[1     ]')
error:  0.00001212
('out:    ', '[0.992 ]')
('correct:', '[1     ]')
error:  0.00002918
('out:    ', '[0.998 ]')
('correct:', '[1     ]')
error:  0.00000261
('out:    ', '[0.961 ]')
('correct:', '[1     ]')
error:  0.00075150
('out:    ', '[0.997 ]')
('correct:', '[1     ]')
error:  0.00000523
('out:    ', '[0.996 ]')
('correct:', '[1     ]')
error:  0.00000667
('out:    ', '[0.98  ]')
('correct:', '[1     ]')
error:  0.00019181
('out:    ', '[0.99  ]')
('correct:', '[1     ]')
error:  0.00005488
('out:    ', '[0.992 ]')
('correct:', '[1     ]')
error:  0.00002860
('out:    ', '[0.99  ]')
('correct:', '[1     ]')
error:  0.00004521
('out:    ', '[0.996 ]')
('correct:', '[1     ]')
error:  0.00001006
('out:    ', '[0.993 ]')
('correct:', '[1     ]')
error:  0.00002349
('out:    ', '[0.994 ]')
('correct:', '[1     ]')
error:  0.00001956
('out:    ', '[0.99  ]')
('correct:', '[1     ]')
error:  0.00004595
('out:    ', '[0.909 ]')
('correct:', '[1     ]')
error:  0.00418133
('out:    ', '[0.992 ]')
('correct:', '[1     ]')
error:  0.00003217
('out:    ', '[0.995 ]')
('correct:', '[1     ]')
error:  0.00001039
('out:    ', '[0.902 ]')
('correct:', '[1     ]')
error:  0.00482754
('out:    ', '[0.859 ]')
('correct:', '[1     ]')
error:  0.00996842
('out:    ', '[0.993 ]')
('correct:', '[1     ]')
error:  0.00002166
('out:    ', '[0.996 ]')
('correct:', '[1     ]')
error:  0.00000695
('out:    ', '[0.971 ]')
('correct:', '[1     ]')
error:  0.00042175
('out:    ', '[0.995 ]')
('correct:', '[1     ]')
error:  0.00001014
('out:    ', '[0.996 ]')
('correct:', '[1     ]')
error:  0.00000766
('out:    ', '[0.842 ]')
('correct:', '[1     ]')
error:  0.01247875
('out:    ', '[0.994 ]')
('correct:', '[1     ]')
error:  0.00001879
('out:    ', '[0.995 ]')
('correct:', '[1     ]')
error:  0.00001040
('out:    ', '[0.967 ]')
('correct:', '[1     ]')
error:  0.00055644
('out:    ', '[0.991 ]')
('correct:', '[1     ]')
error:  0.00003742
('out:    ', '[0.995 ]')
('correct:', '[1     ]')
error:  0.00001038
('out:    ', '[0.995 ]')
('correct:', '[1     ]')
error:  0.00001205
('out:    ', '[0.996 ]')
('correct:', '[1     ]')
error:  0.00000698
('out:    ', '[0.985 ]')
('correct:', '[1     ]')
error:  0.00012006
('out:    ', '[0.996 ]')
('correct:', '[1     ]')
error:  0.00001012
('out:    ', '[0.996 ]')
('correct:', '[1     ]')
error:  0.00000710
('out:    ', '[0.995 ]')
('correct:', '[1     ]')
error:  0.00001461
('out:    ', '[0.997 ]')
('correct:', '[1     ]')
error:  0.00000516
('out:    ', '[0.995 ]')
('correct:', '[1     ]')
error:  0.00001056
('out:    ', '[0.994 ]')
('correct:', '[1     ]')
error:  0.00001541
('out:    ', '[0.975 ]')
('correct:', '[1     ]')
error:  0.00030401
('out:    ', '[0.995 ]')
('correct:', '[1     ]')
error:  0.00001129
('out:    ', '[0.61  ]')
('correct:', '[1     ]')
error:  0.07605134
('out:    ', '[0.993 ]')
('correct:', '[1     ]')
error:  0.00002587
('out:    ', '[0.976 ]')
('correct:', '[1     ]')
error:  0.00028534
('out:    ', '[0.997 ]')
('correct:', '[1     ]')
error:  0.00000543
('out:    ', '[0.997 ]')
('correct:', '[1     ]')
error:  0.00000339
('out:    ', '[0.985 ]')
('correct:', '[1     ]')
error:  0.00010788
('out:    ', '[0.96  ]')
('correct:', '[1     ]')
error:  0.00078872
('out:    ', '[0.997 ]')
('correct:', '[1     ]')
error:  0.00000419
('out:    ', '[0.997 ]')
('correct:', '[1     ]')
error:  0.00000463
('out:    ', '[0.994 ]')
('correct:', '[1     ]')
error:  0.00001724
('out:    ', '[0.994 ]')
('correct:', '[1     ]')
error:  0.00001921
('out:    ', '[0.995 ]')
('correct:', '[1     ]')
error:  0.00001250
('out:    ', '[0.988 ]')
('correct:', '[1     ]')
error:  0.00007428
('out:    ', '[0.996 ]')
('correct:', '[1     ]')
error:  0.00000957
('out:    ', '[0.989 ]')
('correct:', '[1     ]')
error:  0.00005587
('out:    ', '[0.994 ]')
('correct:', '[1     ]')
error:  0.00001883
('out:    ', '[0.996 ]')
('correct:', '[1     ]')
error:  0.00000855
('out:    ', '[0.991 ]')
('correct:', '[1     ]')
error:  0.00004097
('out:    ', '[0.777 ]')
('correct:', '[1     ]')
error:  0.02484470
('out:    ', '[0.917 ]')
('correct:', '[1     ]')
error:  0.00342992
('out:    ', '[0.97  ]')
('correct:', '[1     ]')
error:  0.00044598
('out:    ', '[0.997 ]')
('correct:', '[1     ]')
error:  0.00000436
('out:    ', '[0.992 ]')
('correct:', '[1     ]')
error:  0.00003396
('out:    ', '[0.996 ]')
('correct:', '[1     ]')
error:  0.00000780
('out:    ', '[0.996 ]')
('correct:', '[1     ]')
error:  0.00000616
('out:    ', '[0.989 ]')
('correct:', '[1     ]')
error:  0.00005767
('out:    ', '[0.997 ]')
('correct:', '[1     ]')
error:  0.00000520
('out:    ', '[0.992 ]')
('correct:', '[1     ]')
error:  0.00002820
('out:    ', '[0.995 ]')
('correct:', '[1     ]')
error:  0.00001071
('out:    ', '[0.993 ]')
('correct:', '[1     ]')
error:  0.00002675
('out:    ', '[0.994 ]')
('correct:', '[1     ]')
error:  0.00001832
('out:    ', '[0.997 ]')
('correct:', '[1     ]')
error:  0.00000348
('out:    ', '[0.976 ]')
('correct:', '[1     ]')
error:  0.00028250
('out:    ', '[0.997 ]')
('correct:', '[1     ]')
error:  0.00000579
('out:    ', '[0.955 ]')
('correct:', '[1     ]')
error:  0.00101673
('out:    ', '[0.996 ]')
('correct:', '[1     ]')
error:  0.00000860
('out:    ', '[0.994 ]')
('correct:', '[1     ]')
error:  0.00001795
('out:    ', '[0.996 ]')
('correct:', '[1     ]')
error:  0.00000801
('out:    ', '[0.905 ]')
('correct:', '[1     ]')
error:  0.00453991
('out:    ', '[0.99  ]')
('correct:', '[1     ]')
error:  0.00005383
('out:    ', '[0.963 ]')
('correct:', '[1     ]')
error:  0.00066818
('out:    ', '[0.996 ]')
('correct:', '[1     ]')
error:  0.00000668
('out:    ', '[0.969 ]')
('correct:', '[1     ]')
error:  0.00049074
('out:    ', '[0.997 ]')
('correct:', '[1     ]')
error:  0.00000494
('out:    ', '[0.996 ]')
('correct:', '[1     ]')
error:  0.00000823
('out:    ', '[0.992 ]')
('correct:', '[1     ]')
error:  0.00003125
('out:    ', '[0.996 ]')
('correct:', '[1     ]')
error:  0.00001005
('out:    ', '[0.997 ]')
('correct:', '[1     ]')
error:  0.00000587
('out:    ', '[0.975 ]')
('correct:', '[1     ]')
error:  0.00030232
('out:    ', '[0.994 ]')
('correct:', '[1     ]')
error:  0.00001763
('out:    ', '[0.978 ]')
('correct:', '[1     ]')
error:  0.00023573
('out:    ', '[0.996 ]')
('correct:', '[1     ]')
error:  0.00000972
('out:    ', '[0.995 ]')
('correct:', '[1     ]')
error:  0.00001424
('out:    ', '[0.996 ]')
('correct:', '[1     ]')
error:  0.00000874
('out:    ', '[0.993 ]')
('correct:', '[1     ]')
error:  0.00002228
('out:    ', '[0.994 ]')
('correct:', '[1     ]')
error:  0.00001647
('out:    ', '[0.968 ]')
('correct:', '[1     ]')
error:  0.00052241
('out:    ', '[0.998 ]')
('correct:', '[1     ]')
error:  0.00000262
('out:    ', '[0.997 ]')
('correct:', '[1     ]')
error:  0.00000540
('out:    ', '[0.994 ]')
('correct:', '[1     ]')
error:  0.00001837
('out:    ', '[0.988 ]')
('correct:', '[1     ]')
error:  0.00006984
('out:    ', '[0.944 ]')
('correct:', '[1     ]')
error:  0.00157548
('out:    ', '[0.976 ]')
('correct:', '[1     ]')
error:  0.00028196
('out:    ', '[0.989 ]')
('correct:', '[1     ]')
error:  0.00005996
('out:    ', '[0.915 ]')
('correct:', '[1     ]')
error:  0.00359825
('out:    ', '[0.997 ]')
('correct:', '[1     ]')
error:  0.00000534
('out:    ', '[0.739 ]')
('correct:', '[1     ]')
error:  0.03396606
('out:    ', '[0.994 ]')
('correct:', '[1     ]')
error:  0.00002069
('out:    ', '[0.996 ]')
('correct:', '[1     ]')
error:  0.00000829
('out:    ', '[0.995 ]')
('correct:', '[1     ]')
error:  0.00001159
('out:    ', '[0.933 ]')
('correct:', '[1     ]')
error:  0.00226367
('out:    ', '[0.378 ]')
('correct:', '[1     ]')
error:  0.19339188
('out:    ', '[0.994 ]')
('correct:', '[1     ]')
error:  0.00001854
('out:    ', '[0.997 ]')
('correct:', '[1     ]')
error:  0.00000571
('out:    ', '[0.995 ]')
('correct:', '[1     ]')
error:  0.00001485
('out:    ', '[0.986 ]')
('correct:', '[1     ]')
error:  0.00010233
('out:    ', '[0.995 ]')
('correct:', '[1     ]')
error:  0.00001040
('out:    ', '[0.917 ]')
('correct:', '[1     ]')
error:  0.00347004
('out:    ', '[0.993 ]')
('correct:', '[1     ]')
error:  0.00002656
('out:    ', '[0.995 ]')
('correct:', '[1     ]')
error:  0.00001146
('out:    ', '[0.991 ]')
('correct:', '[1     ]')
error:  0.00003631
('out:    ', '[0.995 ]')
('correct:', '[1     ]')
error:  0.00001385
('out:    ', '[0.996 ]')
('correct:', '[1     ]')
error:  0.00000626
('out:    ', '[0.917 ]')
('correct:', '[1     ]')
error:  0.00343939
('out:    ', '[0.995 ]')
('correct:', '[1     ]')
error:  0.00001054
('out:    ', '[0.986 ]')
('correct:', '[1     ]')
error:  0.00009384
('out:    ', '[0.992 ]')
('correct:', '[1     ]')
error:  0.00003566
('out:    ', '[0.841 ]')
('correct:', '[1     ]')
error:  0.01269761
('out:    ', '[0.991 ]')
('correct:', '[1     ]')
error:  0.00003755
('out:    ', '[0.995 ]')
('correct:', '[1     ]')
error:  0.00001036
('out:    ', '[0.982 ]')
('correct:', '[1     ]')
error:  0.00016374
('out:    ', '[0.994 ]')
('correct:', '[1     ]')
error:  0.00001641
('out:    ', '[0.998 ]')
('correct:', '[1     ]')
error:  0.00000236
('out:    ', '[0.996 ]')
('correct:', '[1     ]')
error:  0.00000877
('out:    ', '[0.969 ]')
('correct:', '[1     ]')
error:  0.00047218
('out:    ', '[0.989 ]')
('correct:', '[1     ]')
error:  0.00005732
('out:    ', '[0.988 ]')
('correct:', '[1     ]')
error:  0.00007699
('out:    ', '[0.995 ]')
('correct:', '[1     ]')
error:  0.00001205
('out:    ', '[0.988 ]')
('correct:', '[1     ]')
error:  0.00007246
('out:    ', '[0.996 ]')
('correct:', '[1     ]')
error:  0.00000625
('out:    ', '[0.986 ]')
('correct:', '[1     ]')
error:  0.00009586
('out:    ', '[0.761 ]')
('correct:', '[1     ]')
error:  0.02847767
('out:    ', '[0.988 ]')
('correct:', '[1     ]')
error:  0.00007500
('out:    ', '[0.996 ]')
('correct:', '[1     ]')
error:  0.00000704
('out:    ', '[0.994 ]')
('correct:', '[1     ]')
error:  0.00001531
('out:    ', '[0.993 ]')
('correct:', '[1     ]')
error:  0.00002370
('out:    ', '[0.993 ]')
('correct:', '[1     ]')
error:  0.00002167
('out:    ', '[0.929 ]')
('correct:', '[1     ]')
error:  0.00251893
('out:    ', '[0.996 ]')
('correct:', '[1     ]')
error:  0.00000898
('out:    ', '[0.988 ]')
('correct:', '[1     ]')
error:  0.00007558
('out:    ', '[0.997 ]')
('correct:', '[1     ]')
error:  0.00000372
('out:    ', '[0.987 ]')
('correct:', '[1     ]')
error:  0.00007921
('out:    ', '[0.995 ]')
('correct:', '[1     ]')
error:  0.00001049
('out:    ', '[0.969 ]')
('correct:', '[1     ]')
error:  0.00047518
('out:    ', '[0.993 ]')
('correct:', '[1     ]')
error:  0.00002166
('out:    ', '[0.938 ]')
('correct:', '[1     ]')
error:  0.00189866
('out:    ', '[0.993 ]')
('correct:', '[1     ]')
error:  0.00002674
('out:    ', '[0.993 ]')
('correct:', '[1     ]')
error:  0.00002616
('out:    ', '[0.981 ]')
('correct:', '[1     ]')
error:  0.00018236
('out:    ', '[0.996 ]')
('correct:', '[1     ]')
error:  0.00000998
('out:    ', '[0.978 ]')
('correct:', '[1     ]')
error:  0.00023878
('out:    ', '[0.693 ]')
('correct:', '[1     ]')
error:  0.04712545
('out:    ', '[0.996 ]')
('correct:', '[1     ]')
error:  0.00000892
('out:    ', '[0.996 ]')
('correct:', '[1     ]')
error:  0.00000728
('out:    ', '[0.995 ]')
('correct:', '[1     ]')
error:  0.00001040
('out:    ', '[0.995 ]')
('correct:', '[1     ]')
error:  0.00001152
('out:    ', '[0.994 ]')
('correct:', '[1     ]')
error:  0.00001718
('out:    ', '[0.988 ]')
('correct:', '[1     ]')
error:  0.00006688
('out:    ', '[0.996 ]')
('correct:', '[1     ]')
error:  0.00000652
('out:    ', '[0.995 ]')
('correct:', '[1     ]')
error:  0.00001189
('out:    ', '[0.996 ]')
('correct:', '[1     ]')
error:  0.00000811
('out:    ', '[0.949 ]')
('correct:', '[1     ]')
error:  0.00129474
('out:    ', '[0.996 ]')
('correct:', '[1     ]')
error:  0.00000984
('out:    ', '[0.989 ]')
('correct:', '[1     ]')
error:  0.00005993
('out:    ', '[0.996 ]')
('correct:', '[1     ]')
error:  0.00000884
('out:    ', '[0.995 ]')
('correct:', '[1     ]')
error:  0.00001126
('out:    ', '[0.995 ]')
('correct:', '[1     ]')
error:  0.00001047
('out:    ', '[0.997 ]')
('correct:', '[1     ]')
error:  0.00000589
('out:    ', '[0.994 ]')
('correct:', '[1     ]')
error:  0.00001821
('out:    ', '[0.995 ]')
('correct:', '[1     ]')
error:  0.00001038
('out:    ', '[0.992 ]')
('correct:', '[1     ]')
error:  0.00003607
('out:    ', '[0.932 ]')
('correct:', '[1     ]')
error:  0.00230426
('out:    ', '[0.991 ]')
('correct:', '[1     ]')
error:  0.00003907
('out:    ', '[0.995 ]')
('correct:', '[1     ]')
error:  0.00001226
('out:    ', '[0.972 ]')
('correct:', '[1     ]')
error:  0.00039455
('out:    ', '[0.995 ]')
('correct:', '[1     ]')
error:  0.00001508
('out:    ', '[0.995 ]')
('correct:', '[1     ]')
error:  0.00001034
('out:    ', '[0.993 ]')
('correct:', '[1     ]')
error:  0.00002129
('out:    ', '[0.824 ]')
('correct:', '[1     ]')
error:  0.01541209
('out:    ', '[0.984 ]')
('correct:', '[1     ]')
error:  0.00012690
('out:    ', '[0.996 ]')
('correct:', '[1     ]')
error:  0.00000716
('out:    ', '[0.997 ]')
('correct:', '[1     ]')
error:  0.00000526
('out:    ', '[0.997 ]')
('correct:', '[1     ]')
error:  0.00000471
('out:    ', '[0.993 ]')
('correct:', '[1     ]')
error:  0.00002664
('out:    ', '[0.995 ]')
('correct:', '[1     ]')
error:  0.00001141
('out:    ', '[0.994 ]')
('correct:', '[1     ]')
error:  0.00001683
('out:    ', '[0.404 ]')
('correct:', '[0     ]')
error:  0.08169581
('out:    ', '[0.958 ]')
('correct:', '[1     ]')
error:  0.00089464
('out:    ', '[0.988 ]')
('correct:', '[1     ]')
error:  0.00007151
('out:    ', '[0.991 ]')
('correct:', '[1     ]')
error:  0.00004283
('out:    ', '[0.987 ]')
('correct:', '[1     ]')
error:  0.00008857
('out:    ', '[0.992 ]')
('correct:', '[1     ]')
error:  0.00003300
('out:    ', '[0.996 ]')
('correct:', '[1     ]')
error:  0.00000958
('out:    ', '[0.928 ]')
('correct:', '[1     ]')
error:  0.00260266
('out:    ', '[0.993 ]')
('correct:', '[1     ]')
error:  0.00002132
('out:    ', '[0.996 ]')
('correct:', '[1     ]')
error:  0.00000639
('out:    ', '[0.986 ]')
('correct:', '[1     ]')
error:  0.00010239
('out:    ', '[0.899 ]')
('correct:', '[1     ]')
error:  0.00512828
('out:    ', '[0.823 ]')
('correct:', '[1     ]')
error:  0.01563163
('out:    ', '[0.994 ]')
('correct:', '[1     ]')
error:  0.00001527
('out:    ', '[0.948 ]')
('correct:', '[1     ]')
error:  0.00134301
('out:    ', '[0.985 ]')
('correct:', '[1     ]')
error:  0.00010624
('out:    ', '[0.997 ]')
('correct:', '[1     ]')
error:  0.00000611
('out:    ', '[0.997 ]')
('correct:', '[1     ]')
error:  0.00000489
('out:    ', '[0.986 ]')
('correct:', '[1     ]')
error:  0.00010025
('out:    ', '[0.99  ]')
('correct:', '[1     ]')
error:  0.00004754
('out:    ', '[0.982 ]')
('correct:', '[1     ]')
error:  0.00016739
('out:    ', '[0.966 ]')
('correct:', '[1     ]')
error:  0.00057456
('out:    ', '[0.997 ]')
('correct:', '[1     ]')
error:  0.00000507
('out:    ', '[0.993 ]')
('correct:', '[1     ]')
error:  0.00002725
('out:    ', '[0.995 ]')
('correct:', '[1     ]')
error:  0.00001071
('out:    ', '[0.984 ]')
('correct:', '[1     ]')
error:  0.00012585
('out:    ', '[0.985 ]')
('correct:', '[1     ]')
error:  0.00010551
('out:    ', '[0.991 ]')
('correct:', '[1     ]')
error:  0.00003956
('out:    ', '[0.962 ]')
('correct:', '[1     ]')
error:  0.00073909
('out:    ', '[0.973 ]')
('correct:', '[1     ]')
error:  0.00036058
('out:    ', '[0.595 ]')
('correct:', '[1     ]')
error:  0.08215712
('out:    ', '[0.997 ]')
('correct:', '[1     ]')
error:  0.00000555
('out:    ', '[0.991 ]')
('correct:', '[1     ]')
error:  0.00004032
('out:    ', '[0.993 ]')
('correct:', '[1     ]')
error:  0.00002757
('out:    ', '[0.997 ]')
('correct:', '[1     ]')
error:  0.00000448
('out:    ', '[0.934 ]')
('correct:', '[1     ]')
error:  0.00219515
('out:    ', '[0.995 ]')
('correct:', '[1     ]')
error:  0.00001160
('out:    ', '[0.996 ]')
('correct:', '[1     ]')
error:  0.00000679
('out:    ', '[0.809 ]')
('correct:', '[1     ]')
error:  0.01817963
('out:    ', '[0.997 ]')
('correct:', '[1     ]')
error:  0.00000430
('out:    ', '[0.997 ]')
('correct:', '[1     ]')
error:  0.00000539
('out:    ', '[0.997 ]')
('correct:', '[1     ]')
error:  0.00000521
('out:    ', '[0.939 ]')
('correct:', '[1     ]')
error:  0.00187283
('out:    ', '[0.933 ]')
('correct:', '[1     ]')
error:  0.00226000
('out:    ', '[0.99  ]')
('correct:', '[1     ]')
error:  0.00004599
('out:    ', '[0.987 ]')
('correct:', '[1     ]')
error:  0.00008117
('out:    ', '[0.995 ]')
('correct:', '[1     ]')
error:  0.00001079
('out:    ', '[0.996 ]')
('correct:', '[1     ]')
error:  0.00000689
('out:    ', '[0.549 ]')
('correct:', '[1     ]')
error:  0.10186274
('out:    ', '[0.998 ]')
('correct:', '[1     ]')
error:  0.00000231
('out:    ', '[0.994 ]')
('correct:', '[1     ]')
error:  0.00001715
('out:    ', '[0.996 ]')
('correct:', '[1     ]')
error:  0.00000695
('out:    ', '[0.996 ]')
('correct:', '[1     ]')
error:  0.00000627
('out:    ', '[0.995 ]')
('correct:', '[1     ]')
error:  0.00001231
('out:    ', '[0.995 ]')
('correct:', '[1     ]')
error:  0.00001052
('out:    ', '[0.954 ]')
('correct:', '[1     ]')
error:  0.00105357
('out:    ', '[0.992 ]')
('correct:', '[1     ]')
error:  0.00002880
('out:    ', '[0.989 ]')
('correct:', '[1     ]')
error:  0.00005558
('out:    ', '[0.995 ]')
('correct:', '[1     ]')
error:  0.00001118
('out:    ', '[0.995 ]')
('correct:', '[1     ]')
error:  0.00001383
('out:    ', '[0.995 ]')
('correct:', '[1     ]')
error:  0.00001028
('out:    ', '[0.994 ]')
('correct:', '[1     ]')
error:  0.00002078
('out:    ', '[0.982 ]')
('correct:', '[1     ]')
error:  0.00015879
('out:    ', '[0.977 ]')
('correct:', '[1     ]')
error:  0.00026149
('out:    ', '[0.996 ]')
('correct:', '[1     ]')
error:  0.00000966
('out:    ', '[0.991 ]')
('correct:', '[1     ]')
error:  0.00003894
('out:    ', '[0.993 ]')
('correct:', '[1     ]')
error:  0.00002328
('out:    ', '[0.988 ]')
('correct:', '[1     ]')
error:  0.00007586
('out:    ', '[0.997 ]')
('correct:', '[1     ]')
error:  0.00000571
('out:    ', '[0.996 ]')
('correct:', '[1     ]')
error:  0.00000638
('out:    ', '[0.99  ]')
('correct:', '[1     ]')
error:  0.00004930
('out:    ', '[0.994 ]')
('correct:', '[1     ]')
error:  0.00001678
('out:    ', '[0.998 ]')
('correct:', '[1     ]')
error:  0.00000245
('out:    ', '[0.997 ]')
('correct:', '[1     ]')
error:  0.00000543
('out:    ', '[0.995 ]')
('correct:', '[1     ]')
error:  0.00001474
('out:    ', '[0.928 ]')
('correct:', '[1     ]')
error:  0.00261973
('out:    ', '[0.977 ]')
('correct:', '[1     ]')
error:  0.00025731
('out:    ', '[0.997 ]')
('correct:', '[1     ]')
error:  0.00000499
('out:    ', '[0.991 ]')
('correct:', '[1     ]')
error:  0.00004093
('out:    ', '[0.994 ]')
('correct:', '[1     ]')
error:  0.00001863
('out:    ', '[0.995 ]')
('correct:', '[1     ]')
error:  0.00001327
('out:    ', '[0.991 ]')
('correct:', '[1     ]')
error:  0.00003902
('out:    ', '[0.996 ]')
('correct:', '[1     ]')
error:  0.00000705
('out:    ', '[0.997 ]')
('correct:', '[1     ]')
error:  0.00000528
('out:    ', '[0.992 ]')
('correct:', '[1     ]')
error:  0.00003326
('out:    ', '[0.996 ]')
('correct:', '[1     ]')
error:  0.00001012
('out:    ', '[0.992 ]')
('correct:', '[1     ]')
error:  0.00003061
('out:    ', '[0.707 ]')
('correct:', '[1     ]')
error:  0.04293270
('out:    ', '[0.982 ]')
('correct:', '[1     ]')
error:  0.00016584
('out:    ', '[0.668 ]')
('correct:', '[1     ]')
error:  0.05512469
('out:    ', '[0.839 ]')
('correct:', '[1     ]')
error:  0.01297941
('out:    ', '[0.997 ]')
('correct:', '[1     ]')
error:  0.00000565
('out:    ', '[0.992 ]')
('correct:', '[1     ]')
error:  0.00002876
('out:    ', '[0.996 ]')
('correct:', '[1     ]')
error:  0.00000691
('out:    ', '[0.995 ]')
('correct:', '[1     ]')
error:  0.00001425
('out:    ', '[0.988 ]')
('correct:', '[1     ]')
error:  0.00007471
('out:    ', '[0.996 ]')
('correct:', '[1     ]')
error:  0.00000762
('out:    ', '[0.916 ]')
('correct:', '[1     ]')
error:  0.00355570
('out:    ', '[0.983 ]')
('correct:', '[1     ]')
error:  0.00014712
('out:    ', '[0.997 ]')
('correct:', '[1     ]')
error:  0.00000423
('out:    ', '[0.996 ]')
('correct:', '[1     ]')
error:  0.00000907
('out:    ', '[0.996 ]')
('correct:', '[1     ]')
error:  0.00000921
('out:    ', '[0.946 ]')
('correct:', '[1     ]')
error:  0.00147153
('out:    ', '[0.979 ]')
('correct:', '[1     ]')
error:  0.00021636
('out:    ', '[0.991 ]')
('correct:', '[1     ]')
error:  0.00003875
('out:    ', '[0.932 ]')
('correct:', '[1     ]')
error:  0.00233807
('out:    ', '[0.987 ]')
('correct:', '[1     ]')
error:  0.00008563
('out:    ', '[0.995 ]')
('correct:', '[1     ]')
error:  0.00001197
('out:    ', '[0.986 ]')
('correct:', '[1     ]')
error:  0.00009968
('out:    ', '[0.993 ]')
('correct:', '[1     ]')
error:  0.00002489
('out:    ', '[0.83  ]')
('correct:', '[1     ]')
error:  0.01452725
('out:    ', '[0.996 ]')
('correct:', '[1     ]')
error:  0.00000822
('out:    ', '[0.996 ]')
('correct:', '[1     ]')
error:  0.00000987
('out:    ', '[0.995 ]')
('correct:', '[1     ]')
error:  0.00001228
('out:    ', '[0.979 ]')
('correct:', '[1     ]')
error:  0.00021968
('out:    ', '[0.995 ]')
('correct:', '[1     ]')
error:  0.00001297
('out:    ', '[0.99  ]')
('correct:', '[1     ]')
error:  0.00004551
('out:    ', '[0.979 ]')
('correct:', '[1     ]')
error:  0.00022322
('out:    ', '[0.979 ]')
('correct:', '[1     ]')
error:  0.00022470
('out:    ', '[0.993 ]')
('correct:', '[1     ]')
error:  0.00002662
('out:    ', '[0.996 ]')
('correct:', '[1     ]')
error:  0.00000965
('out:    ', '[0.539 ]')
('correct:', '[1     ]')
error:  0.10647105
('out:    ', '[0.959 ]')
('correct:', '[1     ]')
error:  0.00083181
('out:    ', '[0.997 ]')
('correct:', '[1     ]')
error:  0.00000489
('out:    ', '[0.987 ]')
('correct:', '[1     ]')
error:  0.00008015
('out:    ', '[0.742 ]')
('correct:', '[1     ]')
error:  0.03340125
('out:    ', '[0.987 ]')
('correct:', '[1     ]')
error:  0.00008148
('out:    ', '[0.978 ]')
('correct:', '[1     ]')
error:  0.00025011
('out:    ', '[0.789 ]')
('correct:', '[1     ]')
error:  0.02234928
('out:    ', '[0.987 ]')
('correct:', '[1     ]')
error:  0.00008962
('out:    ', '[0.994 ]')
('correct:', '[1     ]')
error:  0.00002071
('out:    ', '[0.993 ]')
('correct:', '[1     ]')
error:  0.00002464
('out:    ', '[0.987 ]')
('correct:', '[1     ]')
error:  0.00008415
('out:    ', '[0.997 ]')
('correct:', '[1     ]')
error:  0.00000555
('out:    ', '[0.977 ]')
('correct:', '[1     ]')
error:  0.00025733
('out:    ', '[0.995 ]')
('correct:', '[1     ]')
error:  0.00001328
('out:    ', '[0.686 ]')
('correct:', '[0     ]')
error:  0.23539204
('out:    ', '[0.995 ]')
('correct:', '[1     ]')
error:  0.00001085
('out:    ', '[0.986 ]')
('correct:', '[1     ]')
error:  0.00009251
('out:    ', '[0.928 ]')
('correct:', '[1     ]')
error:  0.00257323
('out:    ', '[0.992 ]')
('correct:', '[1     ]')
error:  0.00003424
('out:    ', '[0.987 ]')
('correct:', '[1     ]')
error:  0.00008514
('out:    ', '[0.93  ]')
('correct:', '[1     ]')
error:  0.00244398
('out:    ', '[0.987 ]')
('correct:', '[1     ]')
error:  0.00007998
('out:    ', '[0.998 ]')
('correct:', '[1     ]')
error:  0.00000312
('out:    ', '[0.997 ]')
('correct:', '[1     ]')
error:  0.00000564
('out:    ', '[0.994 ]')
('correct:', '[1     ]')
error:  0.00001957
('out:    ', '[0.997 ]')
('correct:', '[1     ]')
error:  0.00000565
('out:    ', '[0.997 ]')
('correct:', '[1     ]')
error:  0.00000582
('out:    ', '[0.997 ]')
('correct:', '[1     ]')
error:  0.00000320
('out:    ', '[0.978 ]')
('correct:', '[1     ]')
error:  0.00023736
('out:    ', '[0.994 ]')
('correct:', '[1     ]')
error:  0.00001823
('out:    ', '[0.995 ]')
('correct:', '[1     ]')
error:  0.00001040
('out:    ', '[0.973 ]')
('correct:', '[1     ]')
error:  0.00035412
('out:    ', '[0.983 ]')
('correct:', '[1     ]')
error:  0.00014225
('out:    ', '[0.997 ]')
('correct:', '[1     ]')
error:  0.00000579
('out:    ', '[0.77  ]')
('correct:', '[1     ]')
error:  0.02644455
('out:    ', '[0.996 ]')
('correct:', '[1     ]')
error:  0.00001005
('out:    ', '[0.997 ]')
('correct:', '[1     ]')
error:  0.00000561
('out:    ', '[0.926 ]')
('correct:', '[1     ]')
error:  0.00276855
('out:    ', '[0.994 ]')
('correct:', '[1     ]')
error:  0.00001895
('out:    ', '[0.991 ]')
('correct:', '[1     ]')
error:  0.00004261
('out:    ', '[0.997 ]')
('correct:', '[1     ]')
error:  0.00000419
('out:    ', '[0.995 ]')
('correct:', '[1     ]')
error:  0.00001049
('out:    ', '[0.891 ]')
('correct:', '[1     ]')
error:  0.00594887
('out:    ', '[0.98  ]')
('correct:', '[1     ]')
error:  0.00020015
('out:    ', '[0.994 ]')
('correct:', '[1     ]')
error:  0.00001594
('out:    ', '[0.996 ]')
('correct:', '[1     ]')
error:  0.00000741
('out:    ', '[0.995 ]')
('correct:', '[1     ]')
error:  0.00001236
('out:    ', '[0.917 ]')
('correct:', '[1     ]')
error:  0.00341657
('out:    ', '[0.986 ]')
('correct:', '[1     ]')
error:  0.00009990
('out:    ', '[0.99  ]')
('correct:', '[1     ]')
error:  0.00004793
('out:    ', '[0.86  ]')
('correct:', '[1     ]')
error:  0.00986950
('out:    ', '[0.989 ]')
('correct:', '[1     ]')
error:  0.00006400
('out:    ', '[0.956 ]')
('correct:', '[1     ]')
error:  0.00098555
('out:    ', '[0.992 ]')
('correct:', '[1     ]')
error:  0.00003015
('out:    ', '[0.998 ]')
('correct:', '[1     ]')
error:  0.00000289
('out:    ', '[0.987 ]')
('correct:', '[1     ]')
error:  0.00008745
('out:    ', '[0.931 ]')
('correct:', '[1     ]')
error:  0.00237074
('out:    ', '[0.425 ]')
('correct:', '[0     ]')
error:  0.09019891
('out:    ', '[0.985 ]')
('correct:', '[1     ]')
error:  0.00011084
('out:    ', '[0.981 ]')
('correct:', '[1     ]')
error:  0.00017499
('out:    ', '[0.996 ]')
('correct:', '[1     ]')
error:  0.00000716
('out:    ', '[0.994 ]')
('correct:', '[1     ]')
error:  0.00002034
('out:    ', '[0.995 ]')
('correct:', '[1     ]')
error:  0.00001308
('out:    ', '[0.948 ]')
('correct:', '[1     ]')
error:  0.00136192
('out:    ', '[0.992 ]')
('correct:', '[1     ]')
error:  0.00003023
('out:    ', '[0.992 ]')
('correct:', '[1     ]')
error:  0.00003254
('out:    ', '[0.996 ]')
('correct:', '[1     ]')
error:  0.00000969
('out:    ', '[0.996 ]')
('correct:', '[1     ]')
error:  0.00000628
('out:    ', '[0.995 ]')
('correct:', '[1     ]')
error:  0.00001431
('out:    ', '[0.983 ]')
('correct:', '[1     ]')
error:  0.00013652
('out:    ', '[0.996 ]')
('correct:', '[1     ]')
error:  0.00000800
('out:    ', '[0.997 ]')
('correct:', '[1     ]')
error:  0.00000532
('out:    ', '[0.995 ]')
('correct:', '[1     ]')
error:  0.00001156
('out:    ', '[0.987 ]')
('correct:', '[1     ]')
error:  0.00007990
('out:    ', '[0.995 ]')
('correct:', '[1     ]')
error:  0.00001037
('out:    ', '[0.997 ]')
('correct:', '[1     ]')
error:  0.00000466
('out:    ', '[0.995 ]')
('correct:', '[1     ]')
error:  0.00001496
('out:    ', '[0.99  ]')
('correct:', '[1     ]')
error:  0.00004559
('out:    ', '[0.995 ]')
('correct:', '[1     ]')
error:  0.00001036
('out:    ', '[0.997 ]')
('correct:', '[1     ]')
error:  0.00000548
('out:    ', '[0.982 ]')
('correct:', '[1     ]')
error:  0.00016706
('out:    ', '[0.661 ]')
('correct:', '[0     ]')
error:  0.21875966
('out:    ', '[0.987 ]')
('correct:', '[1     ]')
error:  0.00008478
('out:    ', '[0.989 ]')
('correct:', '[1     ]')
error:  0.00006602
('out:    ', '[0.997 ]')
('correct:', '[1     ]')
error:  0.00000344
('out:    ', '[0.997 ]')
('correct:', '[1     ]')
error:  0.00000449
('out:    ', '[0.992 ]')
('correct:', '[1     ]')
error:  0.00002962
('out:    ', '[0.995 ]')
('correct:', '[1     ]')
error:  0.00001018
('out:    ', '[0.996 ]')
('correct:', '[1     ]')
error:  0.00000687
('out:    ', '[0.996 ]')
('correct:', '[1     ]')
error:  0.00001006
('out:    ', '[0.995 ]')
('correct:', '[1     ]')
error:  0.00001166
('out:    ', '[0.975 ]')
('correct:', '[1     ]')
error:  0.00032269
('out:    ', '[0.986 ]')
('correct:', '[1     ]')
error:  0.00010188
('out:    ', '[0.984 ]')
('correct:', '[1     ]')
error:  0.00013121
('out:    ', '[0.996 ]')
('correct:', '[1     ]')
error:  0.00000718
('out:    ', '[0.994 ]')
('correct:', '[1     ]')
error:  0.00002070
('out:    ', '[0.991 ]')
('correct:', '[1     ]')
error:  0.00004435
('out:    ', '[0.99  ]')
('correct:', '[1     ]')
error:  0.00004644
('out:    ', '[0.994 ]')
('correct:', '[1     ]')
error:  0.00001823
('out:    ', '[0.954 ]')
('correct:', '[1     ]')
error:  0.00107720
('out:    ', '[0.996 ]')
('correct:', '[1     ]')
error:  0.00000984
('out:    ', '[0.994 ]')
('correct:', '[1     ]')
error:  0.00001744
('out:    ', '[0.713 ]')
('correct:', '[1     ]')
error:  0.04124351
('out:    ', '[0.789 ]')
('correct:', '[1     ]')
error:  0.02224159
('out:    ', '[0.815 ]')
('correct:', '[1     ]')
error:  0.01708070
('out:    ', '[0.937 ]')
('correct:', '[1     ]')
error:  0.00200944
('out:    ', '[0.989 ]')
('correct:', '[1     ]')
error:  0.00005681
('out:    ', '[0.985 ]')
('correct:', '[1     ]')
error:  0.00010651
('out:    ', '[0.987 ]')
('correct:', '[1     ]')
error:  0.00008700
('out:    ', '[0.985 ]')
('correct:', '[1     ]')
error:  0.00010976
('out:    ', '[0.963 ]')
('correct:', '[1     ]')
error:  0.00067087
('out:    ', '[0.985 ]')
('correct:', '[1     ]')
error:  0.00010637
('out:    ', '[0.997 ]')
('correct:', '[1     ]')
error:  0.00000593
('out:    ', '[0.995 ]')
('correct:', '[1     ]')
error:  0.00001332
('out:    ', '[0.935 ]')
('correct:', '[1     ]')
error:  0.00213576
('out:    ', '[0.939 ]')
('correct:', '[1     ]')
error:  0.00187431
('out:    ', '[0.995 ]')
('correct:', '[1     ]')
error:  0.00001358
('out:    ', '[0.995 ]')
('correct:', '[1     ]')
error:  0.00001373
('out:    ', '[0.992 ]')
('correct:', '[1     ]')
error:  0.00003237
('out:    ', '[0.995 ]')
('correct:', '[1     ]')
error:  0.00001185
('out:    ', '[0.977 ]')
('correct:', '[1     ]')
error:  0.00026427
('out:    ', '[0.991 ]')
('correct:', '[1     ]')
error:  0.00004231
('out:    ', '[0.981 ]')
('correct:', '[1     ]')
error:  0.00017832
('out:    ', '[0.98  ]')
('correct:', '[1     ]')
error:  0.00019122
('out:    ', '[0.988 ]')
('correct:', '[1     ]')
error:  0.00006651
('out:    ', '[0.994 ]')
('correct:', '[1     ]')
error:  0.00001589
('out:    ', '[0.993 ]')
('correct:', '[1     ]')
error:  0.00002295
('out:    ', '[0.996 ]')
('correct:', '[1     ]')
error:  0.00000769
('out:    ', '[0.996 ]')
('correct:', '[1     ]')
error:  0.00000945
('out:    ', '[0.941 ]')
('correct:', '[1     ]')
error:  0.00174174
('out:    ', '[0.997 ]')
('correct:', '[1     ]')
error:  0.00000578
('out:    ', '[0.967 ]')
('correct:', '[1     ]')
error:  0.00055132
('out:    ', '[0.939 ]')
('correct:', '[1     ]')
error:  0.00186588
('out:    ', '[0.993 ]')
('correct:', '[1     ]')
error:  0.00002353
('out:    ', '[0.997 ]')
('correct:', '[1     ]')
error:  0.00000522
('out:    ', '[0.994 ]')
('correct:', '[1     ]')
error:  0.00001541
('out:    ', '[0.966 ]')
('correct:', '[1     ]')
error:  0.00058937
('out:    ', '[0.985 ]')
('correct:', '[1     ]')
error:  0.00011967
('out:    ', '[0.986 ]')
('correct:', '[1     ]')
error:  0.00009334
('out:    ', '[0.997 ]')
('correct:', '[1     ]')
error:  0.00000481
('out:    ', '[0.968 ]')
('correct:', '[1     ]')
error:  0.00051634
('out:    ', '[0.973 ]')
('correct:', '[1     ]')
error:  0.00036189
('out:    ', '[0.997 ]')
('correct:', '[1     ]')
error:  0.00000535
('out:    ', '[0.909 ]')
('correct:', '[1     ]')
error:  0.00417029
('out:    ', '[0.965 ]')
('correct:', '[1     ]')
error:  0.00061336
('out:    ', '[0.996 ]')
('correct:', '[1     ]')
error:  0.00000765
('out:    ', '[0.995 ]')
('correct:', '[1     ]')
error:  0.00001434
('out:    ', '[0.993 ]')
('correct:', '[1     ]')
error:  0.00002212
('out:    ', '[0.994 ]')
('correct:', '[1     ]')
error:  0.00001845
('out:    ', '[0.997 ]')
('correct:', '[1     ]')
error:  0.00000514
('out:    ', '[0.995 ]')
('correct:', '[1     ]')
error:  0.00001449
('out:    ', '[0.906 ]')
('correct:', '[1     ]')
error:  0.00445136
('out:    ', '[0.996 ]')
('correct:', '[1     ]')
error:  0.00000978
('out:    ', '[0.707 ]')
('correct:', '[1     ]')
error:  0.04280025
('out:    ', '[0.99  ]')
('correct:', '[1     ]')
error:  0.00004606
('out:    ', '[0.996 ]')
('correct:', '[1     ]')
error:  0.00000682
('out:    ', '[0.997 ]')
('correct:', '[1     ]')
error:  0.00000414
('out:    ', '[0.996 ]')
('correct:', '[1     ]')
error:  0.00000661
('out:    ', '[0.955 ]')
('correct:', '[1     ]')
error:  0.00099195
('out:    ', '[0.981 ]')
('correct:', '[1     ]')
error:  0.00018870
('out:    ', '[0.995 ]')
('correct:', '[1     ]')
error:  0.00001037
('out:    ', '[0.996 ]')
('correct:', '[1     ]')
error:  0.00001006
('out:    ', '[0.279 ]')
('correct:', '[1     ]')
error:  0.25972553
('out:    ', '[0.922 ]')
('correct:', '[1     ]')
error:  0.00306111
('out:    ', '[0.331 ]')
('correct:', '[1     ]')
error:  0.22355666
('out:    ', '[0.929 ]')
('correct:', '[1     ]')
error:  0.00253036
('out:    ', '[0.994 ]')
('correct:', '[1     ]')
error:  0.00001831
('out:    ', '[0.993 ]')
('correct:', '[1     ]')
error:  0.00002396
('out:    ', '[0.912 ]')
('correct:', '[1     ]')
error:  0.00389401
('out:    ', '[0.988 ]')
('correct:', '[1     ]')
error:  0.00006831
('out:    ', '[0.997 ]')
('correct:', '[1     ]')
error:  0.00000527
('out:    ', '[0.967 ]')
('correct:', '[1     ]')
error:  0.00054611
('out:    ', '[0.996 ]')
('correct:', '[1     ]')
error:  0.00000829
('out:    ', '[0.943 ]')
('correct:', '[1     ]')
error:  0.00164265
('out:    ', '[0.993 ]')
('correct:', '[1     ]')
error:  0.00002635
('out:    ', '[0.971 ]')
('correct:', '[1     ]')
error:  0.00041111
('out:    ', '[0.993 ]')
('correct:', '[1     ]')
error:  0.00002587
('out:    ', '[0.994 ]')
('correct:', '[1     ]')
error:  0.00001742
('out:    ', '[0.996 ]')
('correct:', '[1     ]')
error:  0.00000947
('out:    ', '[0.944 ]')
('correct:', '[1     ]')
error:  0.00156401
('out:    ', '[0.997 ]')
('correct:', '[1     ]')
error:  0.00000569
('out:    ', '[0.995 ]')
('correct:', '[1     ]')
error:  0.00001142
('out:    ', '[0.986 ]')
('correct:', '[1     ]')
error:  0.00010412
('out:    ', '[0.994 ]')
('correct:', '[1     ]')
error:  0.00001893
('out:    ', '[0.995 ]')
('correct:', '[1     ]')
error:  0.00001456
('out:    ', '[0.992 ]')
('correct:', '[1     ]')
error:  0.00003578
('out:    ', '[0.992 ]')
('correct:', '[1     ]')
error:  0.00003305
('out:    ', '[0.992 ]')
('correct:', '[1     ]')
error:  0.00003132
('out:    ', '[0.993 ]')
('correct:', '[1     ]')
error:  0.00002444
('out:    ', '[0.995 ]')
('correct:', '[1     ]')
error:  0.00001059
('out:    ', '[0.963 ]')
('correct:', '[1     ]')
error:  0.00069847
('out:    ', '[0.994 ]')
('correct:', '[1     ]')
error:  0.00002069
('out:    ', '[0.993 ]')
('correct:', '[1     ]')
error:  0.00002497
('out:    ', '[0.994 ]')
('correct:', '[1     ]')
error:  0.00001756
('out:    ', '[0.995 ]')
('correct:', '[1     ]')
error:  0.00001095
('out:    ', '[0.987 ]')
('correct:', '[1     ]')
error:  0.00008138
('out:    ', '[0.991 ]')
('correct:', '[1     ]')
error:  0.00003685
('out:    ', '[0.979 ]')
('correct:', '[1     ]')
error:  0.00021360
('out:    ', '[0.994 ]')
('correct:', '[1     ]')
error:  0.00001722
('out:    ', '[0.988 ]')
('correct:', '[1     ]')
error:  0.00006618
('out:    ', '[0.991 ]')
('correct:', '[1     ]')
error:  0.00004356
('out:    ', '[0.997 ]')
('correct:', '[1     ]')
error:  0.00000610
('out:    ', '[0.994 ]')
('correct:', '[1     ]')
error:  0.00002024
('out:    ', '[0.976 ]')
('correct:', '[1     ]')
error:  0.00028689
('out:    ', '[0.762 ]')
('correct:', '[1     ]')
error:  0.02832681
('out:    ', '[0.987 ]')
('correct:', '[1     ]')
error:  0.00008108
('out:    ', '[0.995 ]')
('correct:', '[1     ]')
error:  0.00001067
('out:    ', '[0.931 ]')
('correct:', '[1     ]')
error:  0.00241152
('out:    ', '[0.926 ]')
('correct:', '[1     ]')
error:  0.00270963
('out:    ', '[0.996 ]')
('correct:', '[1     ]')
error:  0.00000842
('out:    ', '[0.991 ]')
('correct:', '[1     ]')
error:  0.00004504
('out:    ', '[0.997 ]')
('correct:', '[1     ]')
error:  0.00000334
('out:    ', '[0.992 ]')
('correct:', '[1     ]')
error:  0.00002880
('out:    ', '[0.99  ]')
('correct:', '[1     ]')
error:  0.00004662
('out:    ', '[0.988 ]')
('correct:', '[1     ]')
error:  0.00007803
('out:    ', '[0.833 ]')
('correct:', '[1     ]')
error:  0.01396929
('out:    ', '[0.997 ]')
('correct:', '[1     ]')
error:  0.00000528
('out:    ', '[0.995 ]')
('correct:', '[1     ]')
error:  0.00001027
('out:    ', '[0.995 ]')
('correct:', '[1     ]')
error:  0.00001309
('out:    ', '[0.996 ]')
('correct:', '[1     ]')
error:  0.00000754
('out:    ', '[0.982 ]')
('correct:', '[1     ]')
error:  0.00016903
('out:    ', '[0.915 ]')
('correct:', '[1     ]')
error:  0.00360872
('out:    ', '[0.987 ]')
('correct:', '[1     ]')
error:  0.00008885
('out:    ', '[0.842 ]')
('correct:', '[1     ]')
error:  0.01254034
('out:    ', '[0.995 ]')
('correct:', '[1     ]')
error:  0.00001039
('out:    ', '[0.996 ]')
('correct:', '[1     ]')
error:  0.00000791
('out:    ', '[0.995 ]')
('correct:', '[1     ]')
error:  0.00001023
('out:    ', '[0.991 ]')
('correct:', '[1     ]')
error:  0.00004203
('out:    ', '[0.996 ]')
('correct:', '[1     ]')
error:  0.00000988
('out:    ', '[0.995 ]')
('correct:', '[1     ]')
error:  0.00001034
('out:    ', '[0.992 ]')
('correct:', '[1     ]')
error:  0.00003228
('out:    ', '[0.994 ]')
('correct:', '[1     ]')
error:  0.00001906
('out:    ', '[0.997 ]')
('correct:', '[1     ]')
error:  0.00000537
('out:    ', '[0.993 ]')
('correct:', '[1     ]')
error:  0.00002516
('out:    ', '[0.989 ]')
('correct:', '[1     ]')
error:  0.00005817
('out:    ', '[0.983 ]')
('correct:', '[1     ]')
error:  0.00014756
('out:    ', '[0.996 ]')
('correct:', '[1     ]')
error:  0.00000637
('out:    ', '[0.997 ]')
('correct:', '[1     ]')
error:  0.00000603
('out:    ', '[0.993 ]')
('correct:', '[1     ]')
error:  0.00002571
('out:    ', '[0.989 ]')
('correct:', '[1     ]')
error:  0.00006538
('out:    ', '[0.985 ]')
('correct:', '[1     ]')
error:  0.00010981
('out:    ', '[0.943 ]')
('correct:', '[1     ]')
error:  0.00163874
('out:    ', '[0.933 ]')
('correct:', '[1     ]')
error:  0.00221321
('out:    ', '[0.994 ]')
('correct:', '[1     ]')
error:  0.00001531
('out:    ', '[0.993 ]')
('correct:', '[1     ]')
error:  0.00002718
('out:    ', '[0.988 ]')
('correct:', '[1     ]')
error:  0.00007061
('out:    ', '[0.996 ]')
('correct:', '[1     ]')
error:  0.00000729
('out:    ', '[0.972 ]')
('correct:', '[1     ]')
error:  0.00038096
('out:    ', '[0.977 ]')
('correct:', '[1     ]')
error:  0.00026534
('out:    ', '[0.996 ]')
('correct:', '[1     ]')
error:  0.00000716
('out:    ', '[0.979 ]')
('correct:', '[1     ]')
error:  0.00021139
('out:    ', '[0.952 ]')
('correct:', '[1     ]')
error:  0.00116644
('out:    ', '[0.995 ]')
('correct:', '[1     ]')
error:  0.00001492
('out:    ', '[0.989 ]')
('correct:', '[1     ]')
error:  0.00006063
('out:    ', '[0.975 ]')
('correct:', '[1     ]')
error:  0.00031928
('out:    ', '[0.996 ]')
('correct:', '[1     ]')
error:  0.00000892
('out:    ', '[0.853 ]')
('correct:', '[0     ]')
error:  0.36389186
('out:    ', '[0.988 ]')
('correct:', '[1     ]')
error:  0.00007186
('out:    ', '[0.991 ]')
('correct:', '[1     ]')
error:  0.00003704
('out:    ', '[0.99  ]')
('correct:', '[1     ]')
error:  0.00005219
('out:    ', '[0.996 ]')
('correct:', '[1     ]')
error:  0.00000674
('out:    ', '[0.953 ]')
('correct:', '[1     ]')
error:  0.00108434
('out:    ', '[0.995 ]')
('correct:', '[1     ]')
error:  0.00001046
('out:    ', '[0.988 ]')
('correct:', '[1     ]')
error:  0.00006891
('out:    ', '[0.984 ]')
('correct:', '[1     ]')
error:  0.00013081
('out:    ', '[0.987 ]')
('correct:', '[1     ]')
error:  0.00008715
('out:    ', '[0.985 ]')
('correct:', '[1     ]')
error:  0.00010814
('out:    ', '[0.976 ]')
('correct:', '[1     ]')
error:  0.00029927
('out:    ', '[0.996 ]')
('correct:', '[1     ]')
error:  0.00000826
('out:    ', '[0.94  ]')
('correct:', '[1     ]')
error:  0.00177219
('out:    ', '[0.996 ]')
('correct:', '[1     ]')
error:  0.00000938
('out:    ', '[0.997 ]')
('correct:', '[1     ]')
error:  0.00000410
('out:    ', '[0.995 ]')
('correct:', '[1     ]')
error:  0.00001027
('out:    ', '[0.997 ]')
('correct:', '[1     ]')
error:  0.00000503
('out:    ', '[0.995 ]')
('correct:', '[1     ]')
error:  0.00001049
('out:    ', '[0.98  ]')
('correct:', '[1     ]')
error:  0.00019616
('out:    ', '[0.997 ]')
('correct:', '[1     ]')
error:  0.00000479
('out:    ', '[0.997 ]')
('correct:', '[1     ]')
error:  0.00000361
('out:    ', '[0.996 ]')
('correct:', '[1     ]')
error:  0.00000616
('out:    ', '[0.996 ]')
('correct:', '[1     ]')
error:  0.00000996
('out:    ', '[0.993 ]')
('correct:', '[1     ]')
error:  0.00002346
('out:    ', '[0.996 ]')
('correct:', '[1     ]')
error:  0.00000615
('out:    ', '[0.986 ]')
('correct:', '[1     ]')
error:  0.00009313
('out:    ', '[0.996 ]')
('correct:', '[1     ]')
error:  0.00000713
('out:    ', '[0.983 ]')
('correct:', '[1     ]')
error:  0.00014484
('out:    ', '[0.996 ]')
('correct:', '[1     ]')
error:  0.00000831
('out:    ', '[0.995 ]')
('correct:', '[1     ]')
error:  0.00001132
('out:    ', '[0.996 ]')
('correct:', '[1     ]')
error:  0.00000640
('out:    ', '[0.997 ]')
('correct:', '[1     ]')
error:  0.00000466
('out:    ', '[0.873 ]')
('correct:', '[1     ]')
error:  0.00801456
('out:    ', '[0.989 ]')
('correct:', '[1     ]')
error:  0.00005998
('out:    ', '[0.98  ]')
('correct:', '[1     ]')
error:  0.00019057
('out:    ', '[0.995 ]')
('correct:', '[1     ]')
error:  0.00001028
('out:    ', '[0.996 ]')
('correct:', '[1     ]')
error:  0.00000729
('out:    ', '[0.57  ]')
('correct:', '[1     ]')
error:  0.09224793
('out:    ', '[0.997 ]')
('correct:', '[1     ]')
error:  0.00000467
('out:    ', '[0.996 ]')
('correct:', '[1     ]')
error:  0.00001008
('out:    ', '[0.996 ]')
('correct:', '[1     ]')
error:  0.00001012
('out:    ', '[0.997 ]')
('correct:', '[1     ]')
error:  0.00000603
('out:    ', '[0.992 ]')
('correct:', '[1     ]')
error:  0.00003187
('out:    ', '[0.997 ]')
('correct:', '[1     ]')
error:  0.00000528
('out:    ', '[0.994 ]')
('correct:', '[1     ]')
error:  0.00001994
('out:    ', '[0.994 ]')
('correct:', '[1     ]')
error:  0.00002062
('out:    ', '[0.991 ]')
('correct:', '[1     ]')
error:  0.00004183
('out:    ', '[0.997 ]')
('correct:', '[1     ]')
error:  0.00000553
('out:    ', '[0.992 ]')
('correct:', '[1     ]')
error:  0.00002907
('out:    ', '[0.975 ]')
('correct:', '[1     ]')
error:  0.00031725
('out:    ', '[0.997 ]')
('correct:', '[1     ]')
error:  0.00000403
('out:    ', '[0.98  ]')
('correct:', '[1     ]')
error:  0.00020049
('out:    ', '[0.994 ]')
('correct:', '[1     ]')
error:  0.00001886
('out:    ', '[0.85  ]')
('correct:', '[1     ]')
error:  0.01127508
('out:    ', '[0.7   ]')
('correct:', '[1     ]')
error:  0.04491746
('out:    ', '[0.906 ]')
('correct:', '[1     ]')
error:  0.00438998
('out:    ', '[0.995 ]')
('correct:', '[1     ]')
error:  0.00001314
('out:    ', '[0.995 ]')
('correct:', '[1     ]')
error:  0.00001306
('out:    ', '[0.997 ]')
('correct:', '[1     ]')
error:  0.00000483
('out:    ', '[0.996 ]')
('correct:', '[1     ]')
error:  0.00000618
('out:    ', '[0.995 ]')
('correct:', '[1     ]')
error:  0.00001039
('out:    ', '[0.892 ]')
('correct:', '[1     ]')
error:  0.00578557
('out:    ', '[0.997 ]')
('correct:', '[1     ]')
error:  0.00000494
('out:    ', '[0.986 ]')
('correct:', '[1     ]')
error:  0.00009349
('out:    ', '[0.997 ]')
('correct:', '[1     ]')
error:  0.00000543
('out:    ', '[0.997 ]')
('correct:', '[1     ]')
error:  0.00000366
('out:    ', '[0.987 ]')
('correct:', '[1     ]')
error:  0.00008470
('out:    ', '[0.231 ]')
('correct:', '[0     ]')
error:  0.02657637
('out:    ', '[0.987 ]')
('correct:', '[1     ]')
error:  0.00008889
('out:    ', '[0.993 ]')
('correct:', '[1     ]')
error:  0.00002239
('out:    ', '[0.996 ]')
('correct:', '[1     ]')
error:  0.00000737
('out:    ', '[0.952 ]')
('correct:', '[1     ]')
error:  0.00116392
('out:    ', '[0.408 ]')
('correct:', '[1     ]')
error:  0.17531033
('out:    ', '[0.713 ]')
('correct:', '[1     ]')
error:  0.04116380
('out:    ', '[0.824 ]')
('correct:', '[1     ]')
error:  0.01544034
('out:    ', '[0.975 ]')
('correct:', '[1     ]')
error:  0.00030643
('out:    ', '[0.973 ]')
('correct:', '[1     ]')
error:  0.00036898
('out:    ', '[0.99  ]')
('correct:', '[1     ]')
error:  0.00005237
('out:    ', '[0.996 ]')
('correct:', '[1     ]')
error:  0.00000614
('out:    ', '[0.996 ]')
('correct:', '[1     ]')
error:  0.00000806
('out:    ', '[0.943 ]')
('correct:', '[1     ]')
error:  0.00164862
('out:    ', '[0.946 ]')
('correct:', '[1     ]')
error:  0.00145515
('out:    ', '[0.993 ]')
('correct:', '[1     ]')
error:  0.00002314
('out:    ', '[0.994 ]')
('correct:', '[1     ]')
error:  0.00001859
('out:    ', '[0.993 ]')
('correct:', '[1     ]')
error:  0.00002506
('out:    ', '[0.998 ]')
('correct:', '[1     ]')
error:  0.00000240
('out:    ', '[0.995 ]')
('correct:', '[1     ]')
error:  0.00001036
('out:    ', '[0.892 ]')
('correct:', '[1     ]')
error:  0.00581296
('out:    ', '[0.993 ]')
('correct:', '[1     ]')
error:  0.00002153
('out:    ', '[0.994 ]')
('correct:', '[1     ]')
error:  0.00001899
('out:    ', '[0.961 ]')
('correct:', '[0     ]')
error:  0.46138931
('out:    ', '[0.995 ]')
('correct:', '[1     ]')
error:  0.00001489
('out:    ', '[0.729 ]')
('correct:', '[1     ]')
error:  0.03676078
('out:    ', '[0.973 ]')
('correct:', '[1     ]')
error:  0.00036250
('out:    ', '[0.995 ]')
('correct:', '[1     ]')
error:  0.00001144
('out:    ', '[0.995 ]')
('correct:', '[1     ]')
error:  0.00001376
('out:    ', '[0.992 ]')
('correct:', '[1     ]')
error:  0.00003042
('out:    ', '[0.976 ]')
('correct:', '[1     ]')
error:  0.00029988
('out:    ', '[0.939 ]')
('correct:', '[1     ]')
error:  0.00183865
('out:    ', '[0.996 ]')
('correct:', '[1     ]')
error:  0.00000973
('out:    ', '[0.996 ]')
('correct:', '[1     ]')
error:  0.00000918
('out:    ', '[0.705 ]')
('correct:', '[1     ]')
error:  0.04354138
('out:    ', '[0.995 ]')
('correct:', '[1     ]')
error:  0.00001382
('out:    ', '[0.667 ]')
('correct:', '[1     ]')
error:  0.05535130
('out:    ', '[0.996 ]')
('correct:', '[1     ]')
error:  0.00000712
('out:    ', '[0.954 ]')
('correct:', '[1     ]')
error:  0.00104427
('out:    ', '[0.997 ]')
('correct:', '[1     ]')
error:  0.00000423
('out:    ', '[0.709 ]')
('correct:', '[1     ]')
error:  0.04219811
('out:    ', '[0.683 ]')
('correct:', '[1     ]')
error:  0.05010592
('out:    ', '[0.963 ]')
('correct:', '[1     ]')
error:  0.00067768
('out:    ', '[0.938 ]')
('correct:', '[1     ]')
error:  0.00192311
('out:    ', '[0.985 ]')
('correct:', '[1     ]')
error:  0.00011162
('out:    ', '[0.803 ]')
('correct:', '[1     ]')
error:  0.01946481
('out:    ', '[0.168 ]')
('correct:', '[0     ]')
error:  0.01412910
('out:    ', '[0.994 ]')
('correct:', '[1     ]')
error:  0.00001660
('out:    ', '[0.995 ]')
('correct:', '[1     ]')
error:  0.00001305
('out:    ', '[0.994 ]')
('correct:', '[1     ]')
error:  0.00001870
('out:    ', '[0.923 ]')
('correct:', '[1     ]')
error:  0.00297350
('out:    ', '[0.996 ]')
('correct:', '[1     ]')
error:  0.00000679
('out:    ', '[0.912 ]')
('correct:', '[1     ]')
error:  0.00386609
('out:    ', '[0.993 ]')
('correct:', '[1     ]')
error:  0.00002155
('out:    ', '[0.994 ]')
('correct:', '[1     ]')
error:  0.00001690
('out:    ', '[0.996 ]')
('correct:', '[1     ]')
error:  0.00001001
('out:    ', '[0.961 ]')
('correct:', '[1     ]')
error:  0.00076525
('out:    ', '[0.995 ]')
('correct:', '[1     ]')
error:  0.00001415
('out:    ', '[0.987 ]')
('correct:', '[1     ]')
error:  0.00008324
('out:    ', '[0.993 ]')
('correct:', '[1     ]')
error:  0.00002115
('out:    ', '[0.997 ]')
('correct:', '[1     ]')
error:  0.00000335
('out:    ', '[0.888 ]')
('correct:', '[1     ]')
error:  0.00624742
('out:    ', '[0.994 ]')
('correct:', '[1     ]')
error:  0.00002072
('out:    ', '[0.995 ]')
('correct:', '[1     ]')
error:  0.00001071
('out:    ', '[0.997 ]')
('correct:', '[1     ]')
error:  0.00000558
('out:    ', '[0.842 ]')
('correct:', '[1     ]')
error:  0.01246339
('out:    ', '[0.962 ]')
('correct:', '[1     ]')
error:  0.00073570
('out:    ', '[0.987 ]')
('correct:', '[1     ]')
error:  0.00008587
('out:    ', '[0.932 ]')
('correct:', '[1     ]')
error:  0.00228539
('out:    ', '[0.891 ]')
('correct:', '[1     ]')
error:  0.00592808
('out:    ', '[0.957 ]')
('correct:', '[1     ]')
error:  0.00093547
('out:    ', '[0.732 ]')
('correct:', '[1     ]')
error:  0.03591320
('out:    ', '[0.982 ]')
('correct:', '[1     ]')
error:  0.00015426
('out:    ', '[0.997 ]')
('correct:', '[1     ]')
error:  0.00000581
('out:    ', '[0.992 ]')
('correct:', '[1     ]')
error:  0.00003300
('out:    ', '[0.979 ]')
('correct:', '[1     ]')
error:  0.00022384
('out:    ', '[0.993 ]')
('correct:', '[1     ]')
error:  0.00002232
('out:    ', '[0.995 ]')
('correct:', '[1     ]')
error:  0.00001341
('out:    ', '[0.967 ]')
('correct:', '[1     ]')
error:  0.00053043
('out:    ', '[0.987 ]')
('correct:', '[1     ]')
error:  0.00008259
('out:    ', '[0.986 ]')
('correct:', '[1     ]')
error:  0.00009581
('out:    ', '[0.967 ]')
('correct:', '[1     ]')
error:  0.00053630
('out:    ', '[0.993 ]')
('correct:', '[1     ]')
error:  0.00002637
('out:    ', '[0.996 ]')
('correct:', '[1     ]')
error:  0.00001010
('out:    ', '[0.972 ]')
('correct:', '[1     ]')
error:  0.00039257
('out:    ', '[0.992 ]')
('correct:', '[1     ]')
error:  0.00003444
('out:    ', '[0.988 ]')
('correct:', '[1     ]')
error:  0.00007025
('out:    ', '[0.995 ]')
('correct:', '[1     ]')
error:  0.00001384
('out:    ', '[0.995 ]')
('correct:', '[1     ]')
error:  0.00001322
('out:    ', '[0.983 ]')
('correct:', '[1     ]')
error:  0.00013720
('out:    ', '[0.988 ]')
('correct:', '[1     ]')
error:  0.00007803
('out:    ', '[0.987 ]')
('correct:', '[1     ]')
error:  0.00008628
('out:    ', '[0.982 ]')
('correct:', '[0     ]')
error:  0.48228604
('out:    ', '[0.988 ]')
('correct:', '[1     ]')
error:  0.00007505
('out:    ', '[0.989 ]')
('correct:', '[1     ]')
error:  0.00006510
('out:    ', '[0.837 ]')
('correct:', '[1     ]')
error:  0.01336300
('out:    ', '[0.353 ]')
('correct:', '[1     ]')
error:  0.20933490
('out:    ', '[0.985 ]')
('correct:', '[1     ]')
error:  0.00011986
('out:    ', '[0.982 ]')
('correct:', '[1     ]')
error:  0.00015877
('out:    ', '[0.994 ]')
('correct:', '[1     ]')
error:  0.00002109
('out:    ', '[0.926 ]')
('correct:', '[1     ]')
error:  0.00272619
('out:    ', '[0.992 ]')
('correct:', '[1     ]')
error:  0.00003098
('out:    ', '[0.995 ]')
('correct:', '[1     ]')
error:  0.00001041
('out:    ', '[0.992 ]')
('correct:', '[1     ]')
error:  0.00003557
('out:    ', '[0.995 ]')
('correct:', '[1     ]')
error:  0.00001164
('out:    ', '[0.993 ]')
('correct:', '[1     ]')
error:  0.00002315
('out:    ', '[0.994 ]')
('correct:', '[1     ]')
error:  0.00001637
('out:    ', '[0.987 ]')
('correct:', '[1     ]')
error:  0.00008509
('out:    ', '[0.983 ]')
('correct:', '[1     ]')
error:  0.00015120
('out:    ', '[0.994 ]')
('correct:', '[1     ]')
error:  0.00001731
('out:    ', '[0.929 ]')
('correct:', '[1     ]')
error:  0.00252899
('out:    ', '[0.996 ]')
('correct:', '[1     ]')
error:  0.00000822
('out:    ', '[0.956 ]')
('correct:', '[1     ]')
error:  0.00098385
('out:    ', '[0.997 ]')
('correct:', '[1     ]')
error:  0.00000535
('out:    ', '[0.994 ]')
('correct:', '[1     ]')
error:  0.00001688
('out:    ', '[0.995 ]')
('correct:', '[1     ]')
error:  0.00001019
('out:    ', '[0.992 ]')
('correct:', '[1     ]')
error:  0.00003295
('out:    ', '[0.994 ]')
('correct:', '[1     ]')
error:  0.00001886
('out:    ', '[0.671 ]')
('correct:', '[1     ]')
error:  0.05415674
('out:    ', '[0.988 ]')
('correct:', '[1     ]')
error:  0.00007415
('out:    ', '[0.983 ]')
('correct:', '[1     ]')
error:  0.00014470
('out:    ', '[0.932 ]')
('correct:', '[1     ]')
error:  0.00234381
('out:    ', '[0.993 ]')
('correct:', '[1     ]')
error:  0.00002292
('out:    ', '[0.995 ]')
('correct:', '[1     ]')
error:  0.00001062
('out:    ', '[0.994 ]')
('correct:', '[1     ]')
error:  0.00002029
('out:    ', '[0.997 ]')
('correct:', '[1     ]')
error:  0.00000550
('out:    ', '[0.996 ]')
('correct:', '[1     ]')
error:  0.00000931
('out:    ', '[0.996 ]')
('correct:', '[1     ]')
error:  0.00000907
('out:    ', '[0.996 ]')
('correct:', '[1     ]')
error:  0.00000618
('out:    ', '[0.995 ]')
('correct:', '[1     ]')
error:  0.00001075
('out:    ', '[0.997 ]')
('correct:', '[1     ]')
error:  0.00000497
('out:    ', '[0.993 ]')
('correct:', '[1     ]')
error:  0.00002561
('out:    ', '[0.995 ]')
('correct:', '[1     ]')
error:  0.00001103
('out:    ', '[0.99  ]')
('correct:', '[1     ]')
error:  0.00004675
('out:    ', '[0.954 ]')
('correct:', '[1     ]')
error:  0.00106640
('out:    ', '[0.997 ]')
('correct:', '[1     ]')
error:  0.00000495
('out:    ', '[0.99  ]')
('correct:', '[1     ]')
error:  0.00005260
('out:    ', '[0.949 ]')
('correct:', '[1     ]')
error:  0.00129512
('out:    ', '[0.813 ]')
('correct:', '[1     ]')
error:  0.01750642
('out:    ', '[0.993 ]')
('correct:', '[1     ]')
error:  0.00002659
('out:    ', '[0.993 ]')
('correct:', '[1     ]')
error:  0.00002802
('out:    ', '[0.99  ]')
('correct:', '[1     ]')
error:  0.00004853
('out:    ', '[0.976 ]')
('correct:', '[1     ]')
error:  0.00029927
('out:    ', '[0.988 ]')
('correct:', '[1     ]')
error:  0.00007334
('out:    ', '[0.995 ]')
('correct:', '[1     ]')
error:  0.00001292
('out:    ', '[0.983 ]')
('correct:', '[1     ]')
error:  0.00015198
('out:    ', '[0.772 ]')
('correct:', '[1     ]')
error:  0.02600729
('out:    ', '[0.971 ]')
('correct:', '[1     ]')
error:  0.00042199
('out:    ', '[0.986 ]')
('correct:', '[1     ]')
error:  0.00010151
('out:    ', '[0.994 ]')
('correct:', '[1     ]')
error:  0.00001869
('out:    ', '[0.997 ]')
('correct:', '[1     ]')
error:  0.00000529
('out:    ', '[0.918 ]')
('correct:', '[1     ]')
error:  0.00333229
('out:    ', '[0.997 ]')
('correct:', '[1     ]')
error:  0.00000508
('out:    ', '[0.996 ]')
('correct:', '[1     ]')
error:  0.00000642
('out:    ', '[0.994 ]')
('correct:', '[1     ]')
error:  0.00001882
('out:    ', '[0.931 ]')
('correct:', '[1     ]')
error:  0.00237690
('out:    ', '[0.605 ]')
('correct:', '[0     ]')
error:  0.18297081
('out:    ', '[0.657 ]')
('correct:', '[0     ]')
error:  0.21579995
('out:    ', '[0.982 ]')
('correct:', '[1     ]')
error:  0.00015340
('out:    ', '[0.952 ]')
('correct:', '[1     ]')
error:  0.00114221
('out:    ', '[0.996 ]')
('correct:', '[1     ]')
error:  0.00000656
('out:    ', '[0.996 ]')
('correct:', '[1     ]')
error:  0.00000851
('out:    ', '[0.997 ]')
('correct:', '[1     ]')
error:  0.00000528
('out:    ', '[0.997 ]')
('correct:', '[1     ]')
error:  0.00000338
('out:    ', '[0.996 ]')
('correct:', '[1     ]')
error:  0.00000716
('out:    ', '[0.905 ]')
('correct:', '[1     ]')
error:  0.00448721
('out:    ', '[0.997 ]')
('correct:', '[1     ]')
error:  0.00000605
('out:    ', '[0.994 ]')
('correct:', '[1     ]')
error:  0.00001939
('out:    ', '[0.726 ]')
('correct:', '[0     ]')
error:  0.26386626
('out:    ', '[0.976 ]')
('correct:', '[1     ]')
error:  0.00027666
('out:    ', '[0.986 ]')
('correct:', '[1     ]')
error:  0.00009540
('out:    ', '[0.995 ]')
('correct:', '[1     ]')
error:  0.00001040
('out:    ', '[0.994 ]')
('correct:', '[1     ]')
error:  0.00001890
('out:    ', '[0.989 ]')
('correct:', '[1     ]')
error:  0.00006162
('out:    ', '[0.993 ]')
('correct:', '[1     ]')
error:  0.00002684
('out:    ', '[0.994 ]')
('correct:', '[1     ]')
error:  0.00001972
('out:    ', '[0.997 ]')
('correct:', '[1     ]')
error:  0.00000410
('out:    ', '[0.995 ]')
('correct:', '[1     ]')
error:  0.00001353
('out:    ', '[0.956 ]')
('correct:', '[1     ]')
error:  0.00098462
('out:    ', '[0.995 ]')
('correct:', '[1     ]')
error:  0.00001052
('out:    ', '[0.995 ]')
('correct:', '[1     ]')
error:  0.00001118
('out:    ', '[0.984 ]')
('correct:', '[1     ]')
error:  0.00013518
('out:    ', '[0.997 ]')
('correct:', '[1     ]')
error:  0.00000531
('out:    ', '[0.755 ]')
('correct:', '[1     ]')
error:  0.02998660
('out:    ', '[0.994 ]')
('correct:', '[1     ]')
error:  0.00001981
('out:    ', '[0.99  ]')
('correct:', '[1     ]')
error:  0.00005290
('out:    ', '[0.997 ]')
('correct:', '[1     ]')
error:  0.00000492
('out:    ', '[0.814 ]')
('correct:', '[1     ]')
error:  0.01724883
('out:    ', '[0.989 ]')
('correct:', '[1     ]')
error:  0.00006022
('out:    ', '[0.992 ]')
('correct:', '[1     ]')
error:  0.00003018
('out:    ', '[0.945 ]')
('correct:', '[1     ]')
error:  0.00151785
('out:    ', '[0.747 ]')
('correct:', '[0     ]')
error:  0.27886724
('out:    ', '[0.995 ]')
('correct:', '[1     ]')
error:  0.00001047
('out:    ', '[0.922 ]')
('correct:', '[1     ]')
error:  0.00306263
('out:    ', '[0.981 ]')
('correct:', '[1     ]')
error:  0.00018712
('out:    ', '[0.948 ]')
('correct:', '[1     ]')
error:  0.00137479
('out:    ', '[0.997 ]')
('correct:', '[1     ]')
error:  0.00000443
('out:    ', '[0.996 ]')
('correct:', '[1     ]')
error:  0.00000698
('out:    ', '[0.69  ]')
('correct:', '[1     ]')
error:  0.04796428
('out:    ', '[0.993 ]')
('correct:', '[1     ]')
error:  0.00002296
('out:    ', '[0.943 ]')
('correct:', '[1     ]')
error:  0.00164202
('out:    ', '[0.996 ]')
('correct:', '[1     ]')
error:  0.00000958
('out:    ', '[0.996 ]')
('correct:', '[1     ]')
error:  0.00000956
('out:    ', '[0.525 ]')
('correct:', '[1     ]')
error:  0.11286818
('out:    ', '[0.995 ]')
('correct:', '[1     ]')
error:  0.00001290
('out:    ', '[0.995 ]')
('correct:', '[1     ]')
error:  0.00001055
('out:    ', '[0.996 ]')
('correct:', '[1     ]')
error:  0.00000979
('out:    ', '[0.981 ]')
('correct:', '[1     ]')
error:  0.00018153
('out:    ', '[0.979 ]')
('correct:', '[1     ]')
error:  0.00022028
('out:    ', '[0.995 ]')
('correct:', '[1     ]')
error:  0.00001459
('out:    ', '[0.996 ]')
('correct:', '[1     ]')
error:  0.00000648
('out:    ', '[0.985 ]')
('correct:', '[1     ]')
error:  0.00010822
('out:    ', '[0.995 ]')
('correct:', '[1     ]')
error:  0.00001382
('out:    ', '[0.997 ]')
('correct:', '[1     ]')
error:  0.00000488
('out:    ', '[0.987 ]')
('correct:', '[1     ]')
error:  0.00008094
('out:    ', '[0.993 ]')
('correct:', '[1     ]')
error:  0.00002146
('out:    ', '[0.996 ]')
('correct:', '[1     ]')
error:  0.00000969
('out:    ', '[0.996 ]')
('correct:', '[1     ]')
error:  0.00000699
('out:    ', '[0.994 ]')
('correct:', '[1     ]')
error:  0.00001967
('out:    ', '[0.985 ]')
('correct:', '[1     ]')
error:  0.00010707
('out:    ', '[0.995 ]')
('correct:', '[1     ]')
error:  0.00001196
('out:    ', '[0.995 ]')
('correct:', '[1     ]')
error:  0.00001387
('out:    ', '[0.993 ]')
('correct:', '[1     ]')
error:  0.00002298
('out:    ', '[0.972 ]')
('correct:', '[1     ]')
error:  0.00038513
('out:    ', '[0.966 ]')
('correct:', '[1     ]')
error:  0.00059422
('out:    ', '[0.996 ]')
('correct:', '[1     ]')
error:  0.00000713
('out:    ', '[0.996 ]')
('correct:', '[1     ]')
error:  0.00000895
('out:    ', '[0.997 ]')
('correct:', '[1     ]')
error:  0.00000532
('out:    ', '[0.995 ]')
('correct:', '[1     ]')
error:  0.00001083
('out:    ', '[0.994 ]')
('correct:', '[1     ]')
error:  0.00001681
('out:    ', '[0.994 ]')
('correct:', '[1     ]')
error:  0.00001931
('out:    ', '[0.991 ]')
('correct:', '[1     ]')
error:  0.00004356
('out:    ', '[0.993 ]')
('correct:', '[1     ]')
error:  0.00002586
('out:    ', '[0.996 ]')
('correct:', '[1     ]')
error:  0.00000998
('out:    ', '[0.974 ]')
('correct:', '[1     ]')
error:  0.00034978
('out:    ', '[0.995 ]')
('correct:', '[1     ]')
error:  0.00001358
('out:    ', '[0.987 ]')
('correct:', '[1     ]')
error:  0.00007880
('out:    ', '[0.985 ]')
('correct:', '[1     ]')
error:  0.00011150
('out:    ', '[0.985 ]')
('correct:', '[1     ]')
error:  0.00011957
('out:    ', '[0.926 ]')
('correct:', '[1     ]')
error:  0.00275221
('out:    ', '[0.644 ]')
('correct:', '[1     ]')
error:  0.06354462
('out:    ', '[0.997 ]')
('correct:', '[1     ]')
error:  0.00000411
('out:    ', '[0.995 ]')
('correct:', '[1     ]')
error:  0.00001020
('out:    ', '[0.993 ]')
('correct:', '[1     ]')
error:  0.00002492
('out:    ', '[0.821 ]')
('correct:', '[1     ]')
error:  0.01610364
('out:    ', '[0.995 ]')
('correct:', '[1     ]')
error:  0.00001093
('out:    ', '[0.99  ]')
('correct:', '[1     ]')
error:  0.00004900
('out:    ', '[0.994 ]')
('correct:', '[1     ]')
error:  0.00001650
('out:    ', '[0.984 ]')
('correct:', '[1     ]')
error:  0.00012118
('out:    ', '[0.984 ]')
('correct:', '[1     ]')
error:  0.00013294
('out:    ', '[0.983 ]')
('correct:', '[1     ]')
error:  0.00013912
('out:    ', '[0.995 ]')
('correct:', '[1     ]')
error:  0.00001045
('out:    ', '[0.981 ]')
('correct:', '[1     ]')
error:  0.00018238
('out:    ', '[0.993 ]')
('correct:', '[1     ]')
error:  0.00002731
('out:    ', '[0.982 ]')
('correct:', '[1     ]')
error:  0.00016423
('out:    ', '[0.99  ]')
('correct:', '[1     ]')
error:  0.00005309
('out:    ', '[0.991 ]')
('correct:', '[1     ]')
error:  0.00004265
('out:    ', '[0.997 ]')
('correct:', '[1     ]')
error:  0.00000508
('out:    ', '[0.995 ]')
('correct:', '[1     ]')
error:  0.00001262
('out:    ', '[0.953 ]')
('correct:', '[1     ]')
error:  0.00111319
('out:    ', '[0.995 ]')
('correct:', '[1     ]')
error:  0.00001283
('out:    ', '[0.997 ]')
('correct:', '[1     ]')
error:  0.00000600
('out:    ', '[0.929 ]')
('correct:', '[1     ]')
error:  0.00252979
('out:    ', '[0.993 ]')
('correct:', '[1     ]')
error:  0.00002355
('out:    ', '[0.987 ]')
('correct:', '[1     ]')
error:  0.00008174
('out:    ', '[0.943 ]')
('correct:', '[1     ]')
error:  0.00160900
('out:    ', '[0.991 ]')
('correct:', '[1     ]')
error:  0.00004123
('out:    ', '[0.996 ]')
('correct:', '[1     ]')
error:  0.00000908
('out:    ', '[0.993 ]')
('correct:', '[1     ]')
error:  0.00002558
('out:    ', '[0.988 ]')
('correct:', '[1     ]')
error:  0.00006896
('out:    ', '[0.996 ]')
('correct:', '[1     ]')
error:  0.00000824
('out:    ', '[0.996 ]')
('correct:', '[1     ]')
error:  0.00000781
('out:    ', '[0.996 ]')
('correct:', '[1     ]')
error:  0.00000918
('out:    ', '[0.997 ]')
('correct:', '[1     ]')
error:  0.00000581
('out:    ', '[0.996 ]')
('correct:', '[1     ]')
error:  0.00000861
('out:    ', '[0.995 ]')
('correct:', '[1     ]')
error:  0.00001295
('out:    ', '[0.988 ]')
('correct:', '[1     ]')
error:  0.00007778
('out:    ', '[0.968 ]')
('correct:', '[1     ]')
error:  0.00050077
('out:    ', '[0.997 ]')
('correct:', '[1     ]')
error:  0.00000388
('out:    ', '[0.995 ]')
('correct:', '[1     ]')
error:  0.00001062
('out:    ', '[0.987 ]')
('correct:', '[1     ]')
error:  0.00008400
('out:    ', '[0.988 ]')
('correct:', '[1     ]')
error:  0.00007633
('out:    ', '[0.923 ]')
('correct:', '[1     ]')
error:  0.00298921
('out:    ', '[0.992 ]')
('correct:', '[1     ]')
error:  0.00003470
('out:    ', '[0.996 ]')
('correct:', '[1     ]')
error:  0.00000614
('out:    ', '[0.993 ]')
('correct:', '[1     ]')
error:  0.00002182
('out:    ', '[0.99  ]')
('correct:', '[1     ]')
error:  0.00005208
('out:    ', '[0.927 ]')
('correct:', '[1     ]')
error:  0.00267765
('out:    ', '[0.994 ]')
('correct:', '[1     ]')
error:  0.00001747
('out:    ', '[0.998 ]')
('correct:', '[1     ]')
error:  0.00000249
('out:    ', '[0.996 ]')
('correct:', '[1     ]')
error:  0.00000841
('out:    ', '[0.997 ]')
('correct:', '[1     ]')
error:  0.00000529
('out:    ', '[0.991 ]')
('correct:', '[1     ]')
error:  0.00003882
('out:    ', '[0.996 ]')
('correct:', '[1     ]')
error:  0.00000698
('out:    ', '[0.991 ]')
('correct:', '[1     ]')
error:  0.00003722
('out:    ', '[0.997 ]')
('correct:', '[1     ]')
error:  0.00000530
('out:    ', '[0.993 ]')
('correct:', '[1     ]')
error:  0.00002260
('out:    ', '[0.988 ]')
('correct:', '[0     ]')
error:  0.48821509
('out:    ', '[0.984 ]')
('correct:', '[1     ]')
error:  0.00012660
('out:    ', '[0.905 ]')
('correct:', '[1     ]')
error:  0.00448377
('out:    ', '[0.915 ]')
('correct:', '[1     ]')
error:  0.00362526
('out:    ', '[0.917 ]')
('correct:', '[1     ]')
error:  0.00348146
('out:    ', '[0.996 ]')
('correct:', '[1     ]')
error:  0.00000674
('out:    ', '[0.754 ]')
('correct:', '[1     ]')
error:  0.03020423
('out:    ', '[0.993 ]')
('correct:', '[1     ]')
error:  0.00002624
('out:    ', '[0.995 ]')
('correct:', '[1     ]')
error:  0.00001019
('out:    ', '[0.958 ]')
('correct:', '[1     ]')
error:  0.00089019
('out:    ', '[0.983 ]')
('correct:', '[1     ]')
error:  0.00014493
('out:    ', '[0.994 ]')
('correct:', '[1     ]')
error:  0.00001635
('out:    ', '[0.995 ]')
('correct:', '[1     ]')
error:  0.00001059
('out:    ', '[0.991 ]')
('correct:', '[1     ]')
error:  0.00004040
('out:    ', '[0.995 ]')
('correct:', '[1     ]')
error:  0.00001350
('out:    ', '[0.809 ]')
('correct:', '[0     ]')
error:  0.32692308
('out:    ', '[0.996 ]')
('correct:', '[1     ]')
error:  0.00000980
('out:    ', '[0.757 ]')
('correct:', '[1     ]')
error:  0.02943393
('out:    ', '[0.839 ]')
('correct:', '[1     ]')
error:  0.01294634
('out:    ', '[0.883 ]')
('correct:', '[1     ]')
error:  0.00688672
('out:    ', '[0.591 ]')
('correct:', '[1     ]')
error:  0.08359521
('out:    ', '[0.645 ]')
('correct:', '[1     ]')
error:  0.06297074
('out:    ', '[0.958 ]')
('correct:', '[1     ]')
error:  0.00087808
('out:    ', '[0.996 ]')
('correct:', '[1     ]')
error:  0.00000935
('out:    ', '[0.995 ]')
('correct:', '[1     ]')
error:  0.00001048
('out:    ', '[0.85  ]')
('correct:', '[1     ]')
error:  0.01127206
('out:    ', '[0.795 ]')
('correct:', '[1     ]')
error:  0.02103147
('out:    ', '[0.996 ]')
('correct:', '[1     ]')
error:  0.00000950
('out:    ', '[0.973 ]')
('correct:', '[1     ]')
error:  0.00035295
('out:    ', '[0.998 ]')
('correct:', '[1     ]')
error:  0.00000276
('out:    ', '[0.994 ]')
('correct:', '[1     ]')
error:  0.00001898
('out:    ', '[0.994 ]')
('correct:', '[1     ]')
error:  0.00001861
('out:    ', '[0.997 ]')
('correct:', '[1     ]')
error:  0.00000402
('out:    ', '[0.997 ]')
('correct:', '[1     ]')
error:  0.00000558
('out:    ', '[0.996 ]')
('correct:', '[1     ]')
error:  0.00000622
('out:    ', '[0.993 ]')
('correct:', '[1     ]')
error:  0.00002515
('out:    ', '[0.973 ]')
('correct:', '[1     ]')
error:  0.00037586
('out:    ', '[0.995 ]')
('correct:', '[1     ]')
error:  0.00001232
('out:    ', '[0.753 ]')
('correct:', '[0     ]')
error:  0.28345615
('out:    ', '[0.988 ]')
('correct:', '[1     ]')
error:  0.00006876
('out:    ', '[0.88  ]')
('correct:', '[1     ]')
error:  0.00719632
('out:    ', '[0.997 ]')
('correct:', '[1     ]')
error:  0.00000526
('out:    ', '[0.991 ]')
('correct:', '[1     ]')
error:  0.00004242
('out:    ', '[0.845 ]')
('correct:', '[0     ]')
error:  0.35743280
('out:    ', '[0.914 ]')
('correct:', '[1     ]')
error:  0.00365733
('out:    ', '[0.986 ]')
('correct:', '[1     ]')
error:  0.00009116
('out:    ', '[0.993 ]')
('correct:', '[1     ]')
error:  0.00002606
('out:    ', '[0.988 ]')
('correct:', '[1     ]')
error:  0.00007236
('out:    ', '[0.888 ]')
('correct:', '[1     ]')
error:  0.00624718
('out:    ', '[0.996 ]')
('correct:', '[1     ]')
error:  0.00000978
('out:    ', '[0.994 ]')
('correct:', '[1     ]')
error:  0.00001541
('out:    ', '[0.997 ]')
('correct:', '[1     ]')
error:  0.00000489
('out:    ', '[0.936 ]')
('correct:', '[1     ]')
error:  0.00205532
('out:    ', '[0.93  ]')
('correct:', '[1     ]')
error:  0.00245668
('out:    ', '[0.994 ]')
('correct:', '[1     ]')
error:  0.00001596
('out:    ', '[0.995 ]')
('correct:', '[1     ]')
error:  0.00001381
('out:    ', '[0.997 ]')
('correct:', '[1     ]')
error:  0.00000553
('out:    ', '[0.997 ]')
('correct:', '[1     ]')
error:  0.00000549
('out:    ', '[0.915 ]')
('correct:', '[1     ]')
error:  0.00361504
('out:    ', '[0.996 ]')
('correct:', '[1     ]')
error:  0.00000859
('out:    ', '[0.979 ]')
('correct:', '[1     ]')
error:  0.00021426
('out:    ', '[0.997 ]')
('correct:', '[1     ]')
error:  0.00000513
('out:    ', '[0.995 ]')
('correct:', '[1     ]')
error:  0.00001038
('out:    ', '[0.257 ]')
('correct:', '[1     ]')
error:  0.27571081
('out:    ', '[0.993 ]')
('correct:', '[1     ]')
error:  0.00002156
('out:    ', '[0.938 ]')
('correct:', '[1     ]')
error:  0.00194598
('out:    ', '[0.989 ]')
('correct:', '[1     ]')
error:  0.00006281
('out:    ', '[0.945 ]')
('correct:', '[1     ]')
error:  0.00149050
('out:    ', '[0.971 ]')
('correct:', '[1     ]')
error:  0.00042148
('out:    ', '[0.892 ]')
('correct:', '[1     ]')
error:  0.00577924
('out:    ', '[0.964 ]')
('correct:', '[1     ]')
error:  0.00065817
('out:    ', '[0.996 ]')
('correct:', '[1     ]')
error:  0.00000621
('out:    ', '[0.997 ]')
('correct:', '[1     ]')
error:  0.00000577
('out:    ', '[0.996 ]')
('correct:', '[1     ]')
error:  0.00000848
('out:    ', '[0.996 ]')
('correct:', '[1     ]')
error:  0.00000998
('out:    ', '[0.996 ]')
('correct:', '[1     ]')
error:  0.00000652
('out:    ', '[0.993 ]')
('correct:', '[1     ]')
error:  0.00002666
('out:    ', '[0.995 ]')
('correct:', '[1     ]')
error:  0.00001066
('out:    ', '[0.913 ]')
('correct:', '[1     ]')
error:  0.00382623
('out:    ', '[0.993 ]')
('correct:', '[1     ]')
error:  0.00002681
('out:    ', '[0.988 ]')
('correct:', '[1     ]')
error:  0.00007383
('out:    ', '[0.994 ]')
('correct:', '[1     ]')
error:  0.00001854
('out:    ', '[0.995 ]')
('correct:', '[1     ]')
error:  0.00001139
('out:    ', '[0.996 ]')
('correct:', '[1     ]')
error:  0.00000869
('out:    ', '[0.986 ]')
('correct:', '[1     ]')
error:  0.00010145
('out:    ', '[0.996 ]')
('correct:', '[1     ]')
error:  0.00000933
('out:    ', '[0.995 ]')
('correct:', '[1     ]')
error:  0.00001427
('out:    ', '[0.994 ]')
('correct:', '[1     ]')
error:  0.00002040
('out:    ', '[0.95  ]')
('correct:', '[1     ]')
error:  0.00124025
('out:    ', '[0.991 ]')
('correct:', '[1     ]')
error:  0.00004420
('out:    ', '[0.996 ]')
('correct:', '[1     ]')
error:  0.00000950
('out:    ', '[0.99  ]')
('correct:', '[1     ]')
error:  0.00004804
('out:    ', '[0.775 ]')
('correct:', '[1     ]')
error:  0.02541457
('out:    ', '[0.991 ]')
('correct:', '[1     ]')
error:  0.00004158
('out:    ', '[0.958 ]')
('correct:', '[1     ]')
error:  0.00086806
('out:    ', '[0.99  ]')
('correct:', '[1     ]')
error:  0.00005458
('out:    ', '[0.994 ]')
('correct:', '[1     ]')
error:  0.00002093
('out:    ', '[0.407 ]')
('correct:', '[1     ]')
error:  0.17580139
('out:    ', '[0.984 ]')
('correct:', '[1     ]')
error:  0.00013115
('out:    ', '[0.997 ]')
('correct:', '[1     ]')
error:  0.00000370
('out:    ', '[0.956 ]')
('correct:', '[1     ]')
error:  0.00095758
('out:    ', '[0.991 ]')
('correct:', '[1     ]')
error:  0.00004222
('out:    ', '[0.989 ]')
('correct:', '[1     ]')
error:  0.00006077
('out:    ', '[0.732 ]')
('correct:', '[1     ]')
error:  0.03598597
('out:    ', '[0.92  ]')
('correct:', '[1     ]')
error:  0.00322061
('out:    ', '[0.956 ]')
('correct:', '[1     ]')
error:  0.00097169
('out:    ', '[0.993 ]')
('correct:', '[1     ]')
error:  0.00002763
('out:    ', '[0.995 ]')
('correct:', '[1     ]')
error:  0.00001037
('out:    ', '[0.968 ]')
('correct:', '[1     ]')
error:  0.00050915
('out:    ', '[0.681 ]')
('correct:', '[1     ]')
error:  0.05102254
('out:    ', '[0.994 ]')
('correct:', '[1     ]')
error:  0.00002009
('out:    ', '[0.985 ]')
('correct:', '[1     ]')
error:  0.00010677
('out:    ', '[0.919 ]')
('correct:', '[1     ]')
error:  0.00329101
('out:    ', '[0.983 ]')
('correct:', '[1     ]')
error:  0.00014162
('out:    ', '[0.997 ]')
('correct:', '[1     ]')
error:  0.00000348
('out:    ', '[0.975 ]')
('correct:', '[1     ]')
error:  0.00031224
('out:    ', '[0.889 ]')
('correct:', '[1     ]')
error:  0.00617541
('out:    ', '[0.996 ]')
('correct:', '[1     ]')
error:  0.00001011
('out:    ', '[0.991 ]')
('correct:', '[1     ]')
error:  0.00004299
('out:    ', '[0.993 ]')
('correct:', '[1     ]')
error:  0.00002433
('out:    ', '[0.995 ]')
('correct:', '[1     ]')
error:  0.00001366
('out:    ', '[0.484 ]')
('correct:', '[1     ]')
error:  0.13333666
('out:    ', '[0.997 ]')
('correct:', '[1     ]')
error:  0.00000575
('out:    ', '[0.769 ]')
('correct:', '[1     ]')
error:  0.02659170
('out:    ', '[0.992 ]')
('correct:', '[1     ]')
error:  0.00003205
('out:    ', '[0.994 ]')
('correct:', '[1     ]')
error:  0.00001513
('out:    ', '[0.993 ]')
('correct:', '[1     ]')
error:  0.00002240
('out:    ', '[0.982 ]')
('correct:', '[1     ]')
error:  0.00016600
('out:    ', '[0.996 ]')
('correct:', '[1     ]')
error:  0.00000802
('out:    ', '[0.901 ]')
('correct:', '[1     ]')
error:  0.00492849
('out:    ', '[0.995 ]')
('correct:', '[1     ]')
error:  0.00001182
('out:    ', '[0.997 ]')
('correct:', '[1     ]')
error:  0.00000579
('out:    ', '[0.952 ]')
('correct:', '[1     ]')
error:  0.00112906
('out:    ', '[0.995 ]')
('correct:', '[1     ]')
error:  0.00001225
('out:    ', '[0.944 ]')
('correct:', '[1     ]')
error:  0.00159032
('out:    ', '[0.997 ]')
('correct:', '[1     ]')
error:  0.00000449
('out:    ', '[0.992 ]')
('correct:', '[1     ]')
error:  0.00003202
('out:    ', '[0.997 ]')
('correct:', '[1     ]')
error:  0.00000350
('out:    ', '[0.995 ]')
('correct:', '[1     ]')
error:  0.00001294
('out:    ', '[0.994 ]')
('correct:', '[1     ]')
error:  0.00001846
('out:    ', '[0.859 ]')
('correct:', '[1     ]')
error:  0.00991824
('out:    ', '[0.808 ]')
('correct:', '[0     ]')
error:  0.32609225
('out:    ', '[0.727 ]')
('correct:', '[1     ]')
error:  0.03738678
('out:    ', '[0.994 ]')
('correct:', '[1     ]')
error:  0.00001813
('out:    ', '[0.98  ]')
('correct:', '[0     ]')
error:  0.48003975
('out:    ', '[0.968 ]')
('correct:', '[1     ]')
error:  0.00052573
('out:    ', '[0.928 ]')
('correct:', '[1     ]')
error:  0.00257910
('out:    ', '[0.887 ]')
('correct:', '[1     ]')
error:  0.00643712
('out:    ', '[0.99  ]')
('correct:', '[1     ]')
error:  0.00004987
('out:    ', '[0.994 ]')
('correct:', '[1     ]')
error:  0.00001779
('out:    ', '[0.997 ]')
('correct:', '[1     ]')
error:  0.00000574
('out:    ', '[0.988 ]')
('correct:', '[1     ]')
error:  0.00006851
('out:    ', '[0.994 ]')
('correct:', '[1     ]')
error:  0.00001992
('out:    ', '[0.994 ]')
('correct:', '[1     ]')
error:  0.00001705
('out:    ', '[0.984 ]')
('correct:', '[1     ]')
error:  0.00013305
('out:    ', '[0.965 ]')
('correct:', '[1     ]')
error:  0.00061665
('out:    ', '[0.989 ]')
('correct:', '[1     ]')
error:  0.00006298
('out:    ', '[0.698 ]')
('correct:', '[1     ]')
error:  0.04564472
('out:    ', '[0.871 ]')
('correct:', '[1     ]')
error:  0.00830625
('out:    ', '[0.997 ]')
('correct:', '[1     ]')
error:  0.00000525
('out:    ', '[0.992 ]')
('correct:', '[1     ]')
error:  0.00003151
('out:    ', '[0.942 ]')
('correct:', '[1     ]')
error:  0.00165895
('out:    ', '[0.994 ]')
('correct:', '[1     ]')
error:  0.00001674
('out:    ', '[0.995 ]')
('correct:', '[1     ]')
error:  0.00001036
('out:    ', '[0.971 ]')
('correct:', '[1     ]')
error:  0.00040900
('out:    ', '[0.98  ]')
('correct:', '[1     ]')
error:  0.00020380
('out:    ', '[0.997 ]')
('correct:', '[1     ]')
error:  0.00000556
('out:    ', '[0.98  ]')
('correct:', '[1     ]')
error:  0.00020044
('out:    ', '[0.885 ]')
('correct:', '[1     ]')
error:  0.00657093
('out:    ', '[0.994 ]')
('correct:', '[1     ]')
error:  0.00002070
('out:    ', '[0.995 ]')
('correct:', '[1     ]')
error:  0.00001078
('out:    ', '[0.992 ]')
('correct:', '[1     ]')
error:  0.00003219
('out:    ', '[0.907 ]')
('correct:', '[1     ]')
error:  0.00430477
('out:    ', '[0.982 ]')
('correct:', '[1     ]')
error:  0.00015758
('out:    ', '[0.913 ]')
('correct:', '[1     ]')
error:  0.00380611
('out:    ', '[0.948 ]')
('correct:', '[1     ]')
error:  0.00132927
('out:    ', '[0.997 ]')
('correct:', '[1     ]')
error:  0.00000538
('out:    ', '[0.989 ]')
('correct:', '[1     ]')
error:  0.00005581
('out:    ', '[0.943 ]')
('correct:', '[1     ]')
error:  0.00161113
('out:    ', '[0.996 ]')
('correct:', '[1     ]')
error:  0.00001008
('out:    ', '[0.927 ]')
('correct:', '[1     ]')
error:  0.00269394
('out:    ', '[0.99  ]')
('correct:', '[1     ]')
error:  0.00005058
('out:    ', '[0.986 ]')
('correct:', '[1     ]')
error:  0.00009446
('out:    ', '[0.978 ]')
('correct:', '[1     ]')
error:  0.00024041
('out:    ', '[0.984 ]')
('correct:', '[1     ]')
error:  0.00012493
('out:    ', '[0.997 ]')
('correct:', '[1     ]')
error:  0.00000442
('out:    ', '[0.993 ]')
('correct:', '[1     ]')
error:  0.00002645
('out:    ', '[0.98  ]')
('correct:', '[1     ]')
error:  0.00020326
('out:    ', '[0.995 ]')
('correct:', '[1     ]')
error:  0.00001028
('out:    ', '[0.994 ]')
('correct:', '[1     ]')
error:  0.00002017
('out:    ', '[0.994 ]')
('correct:', '[1     ]')
error:  0.00001792
('out:    ', '[0.991 ]')
('correct:', '[1     ]')
error:  0.00003842
('out:    ', '[0.952 ]')
('correct:', '[1     ]')
error:  0.00116735
('out:    ', '[0.994 ]')
('correct:', '[1     ]')
error:  0.00001583
('out:    ', '[0.996 ]')
('correct:', '[1     ]')
error:  0.00000981
('out:    ', '[0.985 ]')
('correct:', '[1     ]')
error:  0.00011223
('out:    ', '[0.995 ]')
('correct:', '[1     ]')
error:  0.00001091
('out:    ', '[0.994 ]')
('correct:', '[1     ]')
error:  0.00001549
('out:    ', '[0.994 ]')
('correct:', '[1     ]')
error:  0.00002070
('out:    ', '[0.997 ]')
('correct:', '[1     ]')
error:  0.00000342
('out:    ', '[0.991 ]')
('correct:', '[1     ]')
error:  0.00003764
('out:    ', '[0.995 ]')
('correct:', '[1     ]')
error:  0.00001023
('out:    ', '[0.994 ]')
('correct:', '[1     ]')
error:  0.00001721
('out:    ', '[0.826 ]')
('correct:', '[1     ]')
error:  0.01512168
('out:    ', '[0.953 ]')
('correct:', '[1     ]')
error:  0.00110319
('out:    ', '[0.984 ]')
('correct:', '[1     ]')
error:  0.00012349
('out:    ', '[0.987 ]')
('correct:', '[1     ]')
error:  0.00008493
('out:    ', '[0.994 ]')
('correct:', '[1     ]')
error:  0.00001748
('out:    ', '[0.948 ]')
('correct:', '[1     ]')
error:  0.00137736
('out:    ', '[0.989 ]')
('correct:', '[1     ]')
error:  0.00006084
('out:    ', '[0.997 ]')
('correct:', '[1     ]')
error:  0.00000316
('out:    ', '[0.997 ]')
('correct:', '[1     ]')
error:  0.00000556
('out:    ', '[0.959 ]')
('correct:', '[1     ]')
error:  0.00082890
('out:    ', '[0.973 ]')
('correct:', '[1     ]')
error:  0.00036547
('out:    ', '[0.801 ]')
('correct:', '[1     ]')
error:  0.01983388
('out:    ', '[0.94  ]')
('correct:', '[1     ]')
error:  0.00178949
('out:    ', '[0.996 ]')
('correct:', '[1     ]')
error:  0.00000901
('out:    ', '[0.861 ]')
('correct:', '[1     ]')
error:  0.00967979
('out:    ', '[0.447 ]')
('correct:', '[1     ]')
error:  0.15283540
('out:    ', '[0.995 ]')
('correct:', '[1     ]')
error:  0.00001036
('out:    ', '[0.995 ]')
('correct:', '[1     ]')
error:  0.00001172
('out:    ', '[0.991 ]')
('correct:', '[1     ]')
error:  0.00004159
('out:    ', '[0.984 ]')
('correct:', '[1     ]')
error:  0.00012031
('out:    ', '[0.993 ]')
('correct:', '[1     ]')
error:  0.00002583
('out:    ', '[0.92  ]')
('correct:', '[1     ]')
error:  0.00320395
('out:    ', '[0.897 ]')
('correct:', '[1     ]')
error:  0.00531449
('out:    ', '[0.995 ]')
('correct:', '[1     ]')
error:  0.00001162
('out:    ', '[0.995 ]')
('correct:', '[1     ]')
error:  0.00001018
('out:    ', '[0.979 ]')
('correct:', '[1     ]')
error:  0.00021445
('out:    ', '[0.997 ]')
('correct:', '[1     ]')
error:  0.00000580
('out:    ', '[0.994 ]')
('correct:', '[1     ]')
error:  0.00001661
('out:    ', '[0.996 ]')
('correct:', '[1     ]')
error:  0.00000828
('out:    ', '[0.997 ]')
('correct:', '[1     ]')
error:  0.00000586
('out:    ', '[0.986 ]')
('correct:', '[1     ]')
error:  0.00010103
('out:    ', '[0.985 ]')
('correct:', '[1     ]')
error:  0.00011959
('out:    ', '[0.996 ]')
('correct:', '[1     ]')
error:  0.00000773
('out:    ', '[0.99  ]')
('correct:', '[1     ]')
error:  0.00005258
('out:    ', '[0.992 ]')
('correct:', '[1     ]')
error:  0.00002948
('out:    ', '[0.931 ]')
('correct:', '[1     ]')
error:  0.00240055
('out:    ', '[0.814 ]')
('correct:', '[1     ]')
error:  0.01720640
('out:    ', '[0.995 ]')
('correct:', '[1     ]')
error:  0.00001039
('out:    ', '[0.677 ]')
('correct:', '[1     ]')
error:  0.05209484
('out:    ', '[0.993 ]')
('correct:', '[1     ]')
error:  0.00002150
('out:    ', '[0.995 ]')
('correct:', '[1     ]')
error:  0.00001403
('out:    ', '[0.989 ]')
('correct:', '[1     ]')
error:  0.00006126
('out:    ', '[0.976 ]')
('correct:', '[1     ]')
error:  0.00029763
('out:    ', '[0.99  ]')
('correct:', '[1     ]')
error:  0.00004717
('out:    ', '[0.992 ]')
('correct:', '[1     ]')
error:  0.00003369
('out:    ', '[0.959 ]')
('correct:', '[1     ]')
error:  0.00084212
('out:    ', '[0.802 ]')
('correct:', '[1     ]')
error:  0.01959758
('out:    ', '[0.947 ]')
('correct:', '[1     ]')
error:  0.00141265
('out:    ', '[0.995 ]')
('correct:', '[1     ]')
error:  0.00001368
('out:    ', '[0.997 ]')
('correct:', '[1     ]')
error:  0.00000343
('out:    ', '[0.575 ]')
('correct:', '[1     ]')
error:  0.09022443
('out:    ', '[0.994 ]')
('correct:', '[1     ]')
error:  0.00001587
('out:    ', '[0.996 ]')
('correct:', '[1     ]')
error:  0.00000829
('out:    ', '[0.992 ]')
('correct:', '[1     ]')
error:  0.00003520
('out:    ', '[0.875 ]')
('correct:', '[1     ]')
error:  0.00783101
('out:    ', '[0.934 ]')
('correct:', '[1     ]')
error:  0.00216281
('out:    ', '[0.997 ]')
('correct:', '[1     ]')
error:  0.00000327
('out:    ', '[0.981 ]')
('correct:', '[1     ]')
error:  0.00018811
('out:    ', '[0.987 ]')
('correct:', '[1     ]')
error:  0.00007920
('out:    ', '[0.977 ]')
('correct:', '[1     ]')
error:  0.00025738
('out:    ', '[0.988 ]')
('correct:', '[1     ]')
error:  0.00007294
('out:    ', '[0.958 ]')
('correct:', '[1     ]')
error:  0.00088879
('out:    ', '[0.992 ]')
('correct:', '[1     ]')
error:  0.00003497
('out:    ', '[0.986 ]')
('correct:', '[1     ]')
error:  0.00009405
('out:    ', '[0.991 ]')
('correct:', '[1     ]')
error:  0.00004183
('out:    ', '[0.955 ]')
('correct:', '[1     ]')
error:  0.00099440
('out:    ', '[0.994 ]')
('correct:', '[0     ]')
error:  0.49450545
('out:    ', '[0.997 ]')
('correct:', '[1     ]')
error:  0.00000524
('out:    ', '[0.985 ]')
('correct:', '[1     ]')
error:  0.00011986
('out:    ', '[0.992 ]')
('correct:', '[1     ]')
error:  0.00003124
('out:    ', '[0.987 ]')
('correct:', '[1     ]')
error:  0.00008608
('out:    ', '[0.989 ]')
('correct:', '[1     ]')
error:  0.00005596
('out:    ', '[0.979 ]')
('correct:', '[1     ]')
error:  0.00021503
('out:    ', '[0.987 ]')
('correct:', '[1     ]')
error:  0.00008308
('out:    ', '[0.994 ]')
('correct:', '[1     ]')
error:  0.00001860
('out:    ', '[0.998 ]')
('correct:', '[1     ]')
error:  0.00000299
('out:    ', '[0.707 ]')
('correct:', '[1     ]')
error:  0.04282456
('out:    ', '[0.996 ]')
('correct:', '[1     ]')
error:  0.00000882
('out:    ', '[0.668 ]')
('correct:', '[1     ]')
error:  0.05513524
('out:    ', '[0.933 ]')
('correct:', '[1     ]')
error:  0.00225115
('out:    ', '[0.908 ]')
('correct:', '[1     ]')
error:  0.00425623
('out:    ', '[0.993 ]')
('correct:', '[1     ]')
error:  0.00002204
('out:    ', '[0.821 ]')
('correct:', '[0     ]')
error:  0.33695848
('out:    ', '[0.952 ]')
('correct:', '[1     ]')
error:  0.00113807
('out:    ', '[0.994 ]')
('correct:', '[1     ]')
error:  0.00001700
('out:    ', '[0.994 ]')
('correct:', '[1     ]')
error:  0.00002008
('out:    ', '[0.94  ]')
('correct:', '[1     ]')
error:  0.00179355
('out:    ', '[0.98  ]')
('correct:', '[1     ]')
error:  0.00020738
('out:    ', '[0.959 ]')
('correct:', '[1     ]')
error:  0.00083518
('out:    ', '[0.996 ]')
('correct:', '[1     ]')
error:  0.00000683
('out:    ', '[0.984 ]')
('correct:', '[1     ]')
error:  0.00012126
('out:    ', '[0.989 ]')
('correct:', '[1     ]')
error:  0.00006385
('out:    ', '[0.913 ]')
('correct:', '[1     ]')
error:  0.00375776
('out:    ', '[0.997 ]')
('correct:', '[1     ]')
error:  0.00000612
('out:    ', '[0.781 ]')
('correct:', '[1     ]')
error:  0.02391294
('out:    ', '[0.992 ]')
('correct:', '[1     ]')
error:  0.00003186
('out:    ', '[0.985 ]')
('correct:', '[1     ]')
error:  0.00011851
('out:    ', '[0.887 ]')
('correct:', '[1     ]')
error:  0.00642989
('out:    ', '[0.994 ]')
('correct:', '[1     ]')
error:  0.00001764
('out:    ', '[0.996 ]')
('correct:', '[1     ]')
error:  0.00000942
('out:    ', '[0.995 ]')
('correct:', '[1     ]')
error:  0.00001138
('out:    ', '[0.995 ]')
('correct:', '[1     ]')
error:  0.00001038
('out:    ', '[0.947 ]')
('correct:', '[1     ]')
error:  0.00138372
('out:    ', '[0.996 ]')
('correct:', '[1     ]')
error:  0.00000968
('out:    ', '[0.996 ]')
('correct:', '[1     ]')
error:  0.00000831
('out:    ', '[0.982 ]')
('correct:', '[1     ]')
error:  0.00016209
('out:    ', '[0.997 ]')
('correct:', '[1     ]')
error:  0.00000498
('out:    ', '[0.995 ]')
('correct:', '[1     ]')
error:  0.00001129
('out:    ', '[0.993 ]')
('correct:', '[1     ]')
error:  0.00002692
('out:    ', '[0.965 ]')
('correct:', '[1     ]')
error:  0.00060821
('out:    ', '[0.995 ]')
('correct:', '[1     ]')
error:  0.00001049
('out:    ', '[0.994 ]')
('correct:', '[1     ]')
error:  0.00001815
('out:    ', '[0.899 ]')
('correct:', '[1     ]')
error:  0.00505062
('out:    ', '[0.994 ]')
('correct:', '[1     ]')
error:  0.00001973
('out:    ', '[0.994 ]')
('correct:', '[1     ]')
error:  0.00001742
('out:    ', '[0.995 ]')
('correct:', '[1     ]')
error:  0.00001346
('out:    ', '[0.994 ]')
('correct:', '[1     ]')
error:  0.00001794
('out:    ', '[0.994 ]')
('correct:', '[1     ]')
error:  0.00001836
('out:    ', '[0.983 ]')
('correct:', '[1     ]')
error:  0.00014304
('out:    ', '[0.938 ]')
('correct:', '[1     ]')
error:  0.00194081
('out:    ', '[0.996 ]')
('correct:', '[1     ]')
error:  0.00000646
('out:    ', '[0.997 ]')
('correct:', '[1     ]')
error:  0.00000496
('out:    ', '[0.985 ]')
('correct:', '[1     ]')
error:  0.00010831
('out:    ', '[0.901 ]')
('correct:', '[1     ]')
error:  0.00494675
('out:    ', '[0.994 ]')
('correct:', '[1     ]')
error:  0.00001908
('out:    ', '[0.97  ]')
('correct:', '[1     ]')
error:  0.00043673
('out:    ', '[0.641 ]')
('correct:', '[1     ]')
error:  0.06440540
('out:    ', '[0.902 ]')
('correct:', '[1     ]')
error:  0.00483809
('out:    ', '[0.972 ]')
('correct:', '[1     ]')
error:  0.00040256
('out:    ', '[0.996 ]')
('correct:', '[1     ]')
error:  0.00000982
('out:    ', '[0.991 ]')
('correct:', '[1     ]')
error:  0.00003648
('out:    ', '[0.997 ]')
('correct:', '[1     ]')
error:  0.00000534
('out:    ', '[0.77  ]')
('correct:', '[1     ]')
error:  0.02650513
('out:    ', '[0.993 ]')
('correct:', '[1     ]')
error:  0.00002787
('out:    ', '[0.993 ]')
('correct:', '[1     ]')
error:  0.00002259
('out:    ', '[0.674 ]')
('correct:', '[1     ]')
error:  0.05300175
('out:    ', '[0.997 ]')
('correct:', '[1     ]')
error:  0.00000393
('out:    ', '[0.992 ]')
('correct:', '[1     ]')
error:  0.00003381
('out:    ', '[0.575 ]')
('correct:', '[1     ]')
error:  0.09020346
('out:    ', '[0.993 ]')
('correct:', '[1     ]')
error:  0.00002286
('out:    ', '[0.886 ]')
('correct:', '[1     ]')
error:  0.00648647
('out:    ', '[0.984 ]')
('correct:', '[1     ]')
error:  0.00012109
('out:    ', '[0.949 ]')
('correct:', '[1     ]')
error:  0.00130187
('out:    ', '[0.914 ]')
('correct:', '[1     ]')
error:  0.00367570
('out:    ', '[0.996 ]')
('correct:', '[1     ]')
error:  0.00000675
('out:    ', '[0.995 ]')
('correct:', '[1     ]')
error:  0.00001229
('out:    ', '[0.989 ]')
('correct:', '[1     ]')
error:  0.00005739
('out:    ', '[0.995 ]')
('correct:', '[1     ]')
error:  0.00001342
('out:    ', '[0.943 ]')
('correct:', '[1     ]')
error:  0.00164034
('out:    ', '[0.988 ]')
('correct:', '[1     ]')
error:  0.00007558
('out:    ', '[0.925 ]')
('correct:', '[1     ]')
error:  0.00278016
('out:    ', '[0.993 ]')
('correct:', '[1     ]')
error:  0.00002176
('out:    ', '[0.978 ]')
('correct:', '[1     ]')
error:  0.00024266
('out:    ', '[0.95  ]')
('correct:', '[1     ]')
error:  0.00125940
('out:    ', '[0.948 ]')
('correct:', '[1     ]')
error:  0.00135130
('out:    ', '[0.868 ]')
('correct:', '[1     ]')
error:  0.00871505
('out:    ', '[0.991 ]')
('correct:', '[1     ]')
error:  0.00004463
('out:    ', '[0.995 ]')
('correct:', '[1     ]')
error:  0.00001494
('out:    ', '[0.918 ]')
('correct:', '[0     ]')
error:  0.42165780
('out:    ', '[0.855 ]')
('correct:', '[1     ]')
error:  0.01048983
('out:    ', '[0.906 ]')
('correct:', '[1     ]')
error:  0.00439110
('out:    ', '[0.992 ]')
('correct:', '[1     ]')
error:  0.00003364
('out:    ', '[0.905 ]')
('correct:', '[1     ]')
error:  0.00454529
('out:    ', '[0.996 ]')
('correct:', '[1     ]')
error:  0.00001003
('out:    ', '[0.99  ]')
('correct:', '[1     ]')
error:  0.00004725
('out:    ', '[0.996 ]')
('correct:', '[1     ]')
error:  0.00000865
('out:    ', '[0.995 ]')
('correct:', '[1     ]')
error:  0.00001064
('out:    ', '[0.989 ]')
('correct:', '[1     ]')
error:  0.00006135
('out:    ', '[0.997 ]')
('correct:', '[1     ]')
error:  0.00000389
('out:    ', '[0.995 ]')
('correct:', '[1     ]')
error:  0.00001032
('out:    ', '[0.973 ]')
('correct:', '[1     ]')
error:  0.00035746
('out:    ', '[0.834 ]')
('correct:', '[1     ]')
error:  0.01370460
('out:    ', '[0.524 ]')
('correct:', '[1     ]')
error:  0.11327597
('out:    ', '[0.622 ]')
('correct:', '[1     ]')
error:  0.07156517
('out:    ', '[0.995 ]')
('correct:', '[1     ]')
error:  0.00001161
('out:    ', '[0.996 ]')
('correct:', '[1     ]')
error:  0.00000962
('out:    ', '[0.896 ]')
('correct:', '[1     ]')
error:  0.00538728
('out:    ', '[0.968 ]')
('correct:', '[1     ]')
error:  0.00049691
('out:    ', '[0.885 ]')
('correct:', '[1     ]')
error:  0.00659936
('out:    ', '[0.827 ]')
('correct:', '[1     ]')
error:  0.01498024
('out:    ', '[0.866 ]')
('correct:', '[1     ]')
error:  0.00901024
('out:    ', '[0.887 ]')
('correct:', '[1     ]')
error:  0.00634410
('out:    ', '[0.966 ]')
('correct:', '[1     ]')
error:  0.00058610
('out:    ', '[0.994 ]')
('correct:', '[1     ]')
error:  0.00001851
('out:    ', '[0.984 ]')
('correct:', '[1     ]')
error:  0.00012117
('out:    ', '[0.888 ]')
('correct:', '[1     ]')
error:  0.00630929
('out:    ', '[0.9   ]')
('correct:', '[1     ]')
error:  0.00503858
('out:    ', '[0.992 ]')
('correct:', '[1     ]')
error:  0.00002965
('out:    ', '[0.734 ]')
('correct:', '[1     ]')
error:  0.03526185
('out:    ', '[0.986 ]')
('correct:', '[1     ]')
error:  0.00009357
('out:    ', '[0.946 ]')
('correct:', '[1     ]')
error:  0.00144003
('out:    ', '[0.884 ]')
('correct:', '[1     ]')
error:  0.00678100
('out:    ', '[0.985 ]')
('correct:', '[1     ]')
error:  0.00011652
('out:    ', '[0.994 ]')
('correct:', '[1     ]')
error:  0.00001570
('out:    ', '[0.997 ]')
('correct:', '[1     ]')
error:  0.00000577
('out:    ', '[0.995 ]')
('correct:', '[1     ]')
error:  0.00001327
('out:    ', '[0.95  ]')
('correct:', '[1     ]')
error:  0.00123971
('out:    ', '[0.987 ]')
('correct:', '[1     ]')
error:  0.00008118
('out:    ', '[0.986 ]')
('correct:', '[1     ]')
error:  0.00009959
('out:    ', '[0.992 ]')
('correct:', '[1     ]')
error:  0.00003259
('out:    ', '[0.991 ]')
('correct:', '[1     ]')
error:  0.00003885
('out:    ', '[0.994 ]')
('correct:', '[1     ]')
error:  0.00001772
('out:    ', '[0.929 ]')
('correct:', '[1     ]')
error:  0.00253805
('out:    ', '[0.921 ]')
('correct:', '[1     ]')
error:  0.00308955
('out:    ', '[0.9   ]')
('correct:', '[1     ]')
error:  0.00502789
('out:    ', '[0.996 ]')
('correct:', '[1     ]')
error:  0.00001001
('out:    ', '[0.976 ]')
('correct:', '[1     ]')
error:  0.00028619
('out:    ', '[0.896 ]')
('correct:', '[1     ]')
error:  0.00543601
('out:    ', '[0.991 ]')
('correct:', '[1     ]')
error:  0.00004095
('out:    ', '[0.932 ]')
('correct:', '[1     ]')
error:  0.00232969
('out:    ', '[0.972 ]')
('correct:', '[1     ]')
error:  0.00037867
('out:    ', '[0.997 ]')
('correct:', '[1     ]')
error:  0.00000460
('out:    ', '[0.959 ]')
('correct:', '[1     ]')
error:  0.00082568
('out:    ', '[0.994 ]')
('correct:', '[1     ]')
error:  0.00001690
('out:    ', '[0.996 ]')
('correct:', '[1     ]')
error:  0.00001003
('out:    ', '[0.076 ]')
('correct:', '[0     ]')
error:  0.00290500
('out:    ', '[0.997 ]')
('correct:', '[1     ]')
error:  0.00000542
('out:    ', '[0.983 ]')
('correct:', '[1     ]')
error:  0.00014700
('out:    ', '[0.993 ]')
('correct:', '[1     ]')
error:  0.00002152
('out:    ', '[0.967 ]')
('correct:', '[1     ]')
error:  0.00053816
('out:    ', '[0.997 ]')
('correct:', '[1     ]')
error:  0.00000464
('out:    ', '[0.962 ]')
('correct:', '[1     ]')
error:  0.00071512
('out:    ', '[0.984 ]')
('correct:', '[1     ]')
error:  0.00012060
('out:    ', '[0.996 ]')
('correct:', '[1     ]')
error:  0.00000970
('out:    ', '[0.969 ]')
('correct:', '[1     ]')
error:  0.00048430
('out:    ', '[0.996 ]')
('correct:', '[1     ]')
error:  0.00000722
('out:    ', '[0.997 ]')
('correct:', '[1     ]')
error:  0.00000415
('out:    ', '[0.996 ]')
('correct:', '[1     ]')
error:  0.00001002
('out:    ', '[0.997 ]')
('correct:', '[1     ]')
error:  0.00000346
('out:    ', '[0.993 ]')
('correct:', '[1     ]')
error:  0.00002189
('out:    ', '[0.995 ]')
('correct:', '[1     ]')
error:  0.00001265
('out:    ', '[0.995 ]')
('correct:', '[1     ]')
error:  0.00001346
('out:    ', '[0.984 ]')
('correct:', '[1     ]')
error:  0.00013169
('out:    ', '[0.984 ]')
('correct:', '[1     ]')
error:  0.00012945
('out:    ', '[0.994 ]')
('correct:', '[1     ]')
error:  0.00001577
('out:    ', '[0.99  ]')
('correct:', '[1     ]')
error:  0.00004955
('out:    ', '[0.947 ]')
('correct:', '[1     ]')
error:  0.00140793
('out:    ', '[0.995 ]')
('correct:', '[1     ]')
error:  0.00001356
('out:    ', '[0.995 ]')
('correct:', '[1     ]')
error:  0.00001057
('out:    ', '[0.988 ]')
('correct:', '[1     ]')
error:  0.00007231
('out:    ', '[0.996 ]')
('correct:', '[1     ]')
error:  0.00000813
('out:    ', '[0.994 ]')
('correct:', '[1     ]')
error:  0.00001685
('out:    ', '[0.979 ]')
('correct:', '[1     ]')
error:  0.00022173
('out:    ', '[0.993 ]')
('correct:', '[1     ]')
error:  0.00002523
('out:    ', '[0.916 ]')
('correct:', '[1     ]')
error:  0.00353851
('out:    ', '[0.996 ]')
('correct:', '[1     ]')
error:  0.00000849
('out:    ', '[0.988 ]')
('correct:', '[1     ]')
error:  0.00007693
('out:    ', '[0.993 ]')
('correct:', '[1     ]')
error:  0.00002196
('out:    ', '[0.973 ]')
('correct:', '[1     ]')
error:  0.00035623
('out:    ', '[0.628 ]')
('correct:', '[1     ]')
error:  0.06933891
('out:    ', '[0.996 ]')
('correct:', '[1     ]')
error:  0.00000643
('out:    ', '[0.993 ]')
('correct:', '[1     ]')
error:  0.00002702
('out:    ', '[0.995 ]')
('correct:', '[1     ]')
error:  0.00001369
('out:    ', '[0.995 ]')
('correct:', '[1     ]')
error:  0.00001112
('out:    ', '[0.997 ]')
('correct:', '[1     ]')
error:  0.00000497
('out:    ', '[0.995 ]')
('correct:', '[1     ]')
error:  0.00001447
('out:    ', '[0.994 ]')
('correct:', '[1     ]')
error:  0.00001893
('out:    ', '[0.995 ]')
('correct:', '[1     ]')
error:  0.00001056
('out:    ', '[0.995 ]')
('correct:', '[1     ]')
error:  0.00001210
('out:    ', '[0.935 ]')
('correct:', '[1     ]')
error:  0.00210871
('out:    ', '[0.995 ]')
('correct:', '[1     ]')
error:  0.00001306
('out:    ', '[0.996 ]')
('correct:', '[1     ]')
error:  0.00000997
('out:    ', '[0.997 ]')
('correct:', '[1     ]')
error:  0.00000524
('out:    ', '[0.995 ]')
('correct:', '[1     ]')
error:  0.00001037
('out:    ', '[0.948 ]')
('correct:', '[1     ]')
error:  0.00133725
('out:    ', '[0.562 ]')
('correct:', '[1     ]')
error:  0.09577844
('out:    ', '[0.995 ]')
('correct:', '[1     ]')
error:  0.00001343
('out:    ', '[0.547 ]')
('correct:', '[1     ]')
error:  0.10247377
('out:    ', '[0.777 ]')
('correct:', '[1     ]')
error:  0.02484852
('out:    ', '[0.982 ]')
('correct:', '[1     ]')
error:  0.00015467
('out:    ', '[0.996 ]')
('correct:', '[1     ]')
error:  0.00000942
('out:    ', '[0.915 ]')
('correct:', '[1     ]')
error:  0.00358958
('out:    ', '[0.99  ]')
('correct:', '[1     ]')
error:  0.00004821
('out:    ', '[0.997 ]')
('correct:', '[1     ]')
error:  0.00000573
('out:    ', '[0.989 ]')
('correct:', '[1     ]')
error:  0.00006147
('out:    ', '[0.995 ]')
('correct:', '[1     ]')
error:  0.00001153
('out:    ', '[0.997 ]')
('correct:', '[1     ]')
error:  0.00000528
('out:    ', '[0.996 ]')
('correct:', '[1     ]')
error:  0.00000990
('out:    ', '[0.994 ]')
('correct:', '[1     ]')
error:  0.00001984
('out:    ', '[0.898 ]')
('correct:', '[1     ]')
error:  0.00520767
('out:    ', '[0.98  ]')
('correct:', '[1     ]')
error:  0.00020950
('out:    ', '[0.986 ]')
('correct:', '[1     ]')
error:  0.00009722
('out:    ', '[0.88  ]')
('correct:', '[1     ]')
error:  0.00725591
('out:    ', '[0.995 ]')
('correct:', '[1     ]')
error:  0.00001421
('out:    ', '[0.997 ]')
('correct:', '[1     ]')
error:  0.00000523
('out:    ', '[0.995 ]')
('correct:', '[1     ]')
error:  0.00001018
('out:    ', '[0.995 ]')
('correct:', '[1     ]')
error:  0.00001209
('out:    ', '[0.991 ]')
('correct:', '[1     ]')
error:  0.00004443
('out:    ', '[0.941 ]')
('correct:', '[1     ]')
error:  0.00173937
('out:    ', '[0.995 ]')
('correct:', '[1     ]')
error:  0.00001039
('out:    ', '[0.996 ]')
('correct:', '[1     ]')
error:  0.00000927
('out:    ', '[0.983 ]')
('correct:', '[1     ]')
error:  0.00015265
('out:    ', '[0.99  ]')
('correct:', '[1     ]')
error:  0.00004761
('out:    ', '[0.731 ]')
('correct:', '[0     ]')
error:  0.26707216
('out:    ', '[0.996 ]')
('correct:', '[1     ]')
error:  0.00001004
('out:    ', '[0.996 ]')
('correct:', '[1     ]')
error:  0.00000850
('out:    ', '[0.976 ]')
('correct:', '[1     ]')
error:  0.00029561
('out:    ', '[0.993 ]')
('correct:', '[1     ]')
error:  0.00002181
('out:    ', '[0.995 ]')
('correct:', '[1     ]')
error:  0.00001033
('out:    ', '[0.977 ]')
('correct:', '[1     ]')
error:  0.00025740
('out:    ', '[0.994 ]')
('correct:', '[1     ]')
error:  0.00001677
('out:    ', '[0.92  ]')
('correct:', '[1     ]')
error:  0.00322234
('out:    ', '[0.997 ]')
('correct:', '[1     ]')
error:  0.00000594
('out:    ', '[0.996 ]')
('correct:', '[1     ]')
error:  0.00000661
('out:    ', '[0.992 ]')
('correct:', '[1     ]')
error:  0.00002896
('out:    ', '[0.993 ]')
('correct:', '[1     ]')
error:  0.00002500
('out:    ', '[0.984 ]')
('correct:', '[1     ]')
error:  0.00013265
('out:    ', '[0.789 ]')
('correct:', '[1     ]')
error:  0.02219317
('out:    ', '[0.887 ]')
('correct:', '[1     ]')
error:  0.00636357
('out:    ', '[0.994 ]')
('correct:', '[1     ]')
error:  0.00001528
('out:    ', '[0.988 ]')
('correct:', '[1     ]')
error:  0.00007320
('out:    ', '[0.987 ]')
('correct:', '[1     ]')
error:  0.00008680
('out:    ', '[0.992 ]')
('correct:', '[1     ]')
error:  0.00002984
('out:    ', '[0.797 ]')
('correct:', '[1     ]')
error:  0.02063636
('out:    ', '[0.907 ]')
('correct:', '[1     ]')
error:  0.00429044
('out:    ', '[0.802 ]')
('correct:', '[0     ]')
error:  0.32185621
('out:    ', '[0.995 ]')
('correct:', '[1     ]')
error:  0.00001230
('out:    ', '[0.955 ]')
('correct:', '[1     ]')
error:  0.00102737
('out:    ', '[0.105 ]')
('correct:', '[0     ]')
error:  0.00548746
('out:    ', '[0.984 ]')
('correct:', '[1     ]')
error:  0.00013533
('out:    ', '[0.964 ]')
('correct:', '[1     ]')
error:  0.00066530
('out:    ', '[0.769 ]')
('correct:', '[1     ]')
error:  0.02656964
('out:    ', '[0.993 ]')
('correct:', '[1     ]')
error:  0.00002396
('out:    ', '[0.992 ]')
('correct:', '[1     ]')
error:  0.00003253
('out:    ', '[0.196 ]')
('correct:', '[0     ]')
error:  0.01915018
('out:    ', '[0.992 ]')
('correct:', '[1     ]')
error:  0.00002875
('out:    ', '[0.938 ]')
('correct:', '[1     ]')
error:  0.00193357
('out:    ', '[0.948 ]')
('correct:', '[1     ]')
error:  0.00137274
('out:    ', '[0.121 ]')
('correct:', '[0     ]')
error:  0.00727599
('out:    ', '[0.952 ]')
('correct:', '[1     ]')
error:  0.00116811
('out:    ', '[0.993 ]')
('correct:', '[1     ]')
error:  0.00002282
('out:    ', '[0.986 ]')
('correct:', '[1     ]')
error:  0.00009912
('out:    ', '[0.991 ]')
('correct:', '[1     ]')
error:  0.00003767
('out:    ', '[0.966 ]')
('correct:', '[1     ]')
error:  0.00056957
('out:    ', '[0.783 ]')
('correct:', '[1     ]')
error:  0.02355503
('out:    ', '[0.99  ]')
('correct:', '[1     ]')
error:  0.00004732
('out:    ', '[0.989 ]')
('correct:', '[1     ]')
error:  0.00005767
('out:    ', '[0.991 ]')
('correct:', '[1     ]')
error:  0.00004295
('out:    ', '[0.956 ]')
('correct:', '[1     ]')
error:  0.00097310
('out:    ', '[0.854 ]')
('correct:', '[1     ]')
error:  0.01071757
('out:    ', '[0.988 ]')
('correct:', '[1     ]')
error:  0.00006619
('out:    ', '[0.982 ]')
('correct:', '[1     ]')
error:  0.00016342
('out:    ', '[0.989 ]')
('correct:', '[1     ]')
error:  0.00006096
('out:    ', '[0.132 ]')
('correct:', '[0     ]')
error:  0.00865691
('out:    ', '[0.99  ]')
('correct:', '[1     ]')
error:  0.00005443
('out:    ', '[0.994 ]')
('correct:', '[1     ]')
error:  0.00001715
('out:    ', '[0.991 ]')
('correct:', '[1     ]')
error:  0.00004080
('out:    ', '[0.987 ]')
('correct:', '[1     ]')
error:  0.00008048
('out:    ', '[0.994 ]')
('correct:', '[1     ]')
error:  0.00001544
('out:    ', '[0.993 ]')
('correct:', '[1     ]')
error:  0.00002214
('out:    ', '[0.988 ]')
('correct:', '[1     ]')
error:  0.00007782
('out:    ', '[0.984 ]')
('correct:', '[1     ]')
error:  0.00013360
('out:    ', '[0.948 ]')
('correct:', '[1     ]')
error:  0.00134027
('out:    ', '[0.993 ]')
('correct:', '[1     ]')
error:  0.00002336
('out:    ', '[0.993 ]')
('correct:', '[1     ]')
error:  0.00002640
('out:    ', '[0.889 ]')
('correct:', '[1     ]')
error:  0.00617737
('out:    ', '[0.993 ]')
('correct:', '[1     ]')
error:  0.00002380
('out:    ', '[0.989 ]')
('correct:', '[1     ]')
error:  0.00006266
('out:    ', '[0.988 ]')
('correct:', '[1     ]')
error:  0.00006846
('out:    ', '[0.721 ]')
('correct:', '[1     ]')
error:  0.03892411
('out:    ', '[0.986 ]')
('correct:', '[1     ]')
error:  0.00009635
('out:    ', '[0.959 ]')
('correct:', '[1     ]')
error:  0.00083614
('out:    ', '[0.962 ]')
('correct:', '[1     ]')
error:  0.00072280
('out:    ', '[0.855 ]')
('correct:', '[1     ]')
error:  0.01057942
('out:    ', '[0.997 ]')
('correct:', '[1     ]')
error:  0.00000472
('out:    ', '[0.987 ]')
('correct:', '[1     ]')
error:  0.00008577
('out:    ', '[0.986 ]')
('correct:', '[1     ]')
error:  0.00010305
('out:    ', '[0.997 ]')
('correct:', '[1     ]')
error:  0.00000415
('out:    ', '[0.81  ]')
('correct:', '[1     ]')
error:  0.01806667
('out:    ', '[0.933 ]')
('correct:', '[1     ]')
error:  0.00222009
('out:    ', '[0.995 ]')
('correct:', '[1     ]')
error:  0.00001373
('out:    ', '[0.995 ]')
('correct:', '[1     ]')
error:  0.00001264
('out:    ', '[0.825 ]')
('correct:', '[1     ]')
error:  0.01529344
('out:    ', '[0.988 ]')
('correct:', '[1     ]')
error:  0.00006793
('out:    ', '[0.996 ]')
('correct:', '[1     ]')
error:  0.00000941
('out:    ', '[0.986 ]')
('correct:', '[1     ]')
error:  0.00009722
('out:    ', '[0.909 ]')
('correct:', '[1     ]')
error:  0.00416471
('out:    ', '[0.992 ]')
('correct:', '[1     ]')
error:  0.00003275
('out:    ', '[0.985 ]')
('correct:', '[1     ]')
error:  0.00010706
('out:    ', '[0.542 ]')
('correct:', '[1     ]')
error:  0.10488233
('out:    ', '[0.994 ]')
('correct:', '[1     ]')
error:  0.00001986
('out:    ', '[0.994 ]')
('correct:', '[1     ]')
error:  0.00001929
('out:    ', '[0.996 ]')
('correct:', '[1     ]')
error:  0.00000765
('out:    ', '[0.987 ]')
('correct:', '[1     ]')
error:  0.00008511
('out:    ', '[0.781 ]')
('correct:', '[1     ]')
error:  0.02388097
('out:    ', '[0.929 ]')
('correct:', '[1     ]')
error:  0.00255602
('out:    ', '[0.986 ]')
('correct:', '[1     ]')
error:  0.00009668
('out:    ', '[0.99  ]')
('correct:', '[1     ]')
error:  0.00005264
('out:    ', '[0.951 ]')
('correct:', '[1     ]')
error:  0.00118628
('out:    ', '[0.997 ]')
('correct:', '[1     ]')
error:  0.00000427
('out:    ', '[0.822 ]')
('correct:', '[1     ]')
error:  0.01585371
('out:    ', '[0.68  ]')
('correct:', '[1     ]')
error:  0.05105094
('out:    ', '[0.989 ]')
('correct:', '[1     ]')
error:  0.00005763
('out:    ', '[0.995 ]')
('correct:', '[1     ]')
error:  0.00001384
('out:    ', '[0.987 ]')
('correct:', '[1     ]')
error:  0.00007903
('out:    ', '[0.995 ]')
('correct:', '[1     ]')
error:  0.00001026
('out:    ', '[0.996 ]')
('correct:', '[1     ]')
error:  0.00000896
('out:    ', '[0.954 ]')
('correct:', '[1     ]')
error:  0.00104328
('out:    ', '[0.994 ]')
('correct:', '[1     ]')
error:  0.00001634
('out:    ', '[0.945 ]')
('correct:', '[1     ]')
error:  0.00152513
('out:    ', '[0.955 ]')
('correct:', '[1     ]')
error:  0.00100787
('out:    ', '[0.995 ]')
('correct:', '[1     ]')
error:  0.00001260
('out:    ', '[0.994 ]')
('correct:', '[1     ]')
error:  0.00001923
('out:    ', '[0.807 ]')
('correct:', '[0     ]')
error:  0.32586848
('out:    ', '[0.988 ]')
('correct:', '[1     ]')
error:  0.00006981
('out:    ', '[0.992 ]')
('correct:', '[1     ]')
error:  0.00003170
('out:    ', '[0.992 ]')
('correct:', '[1     ]')
error:  0.00003248
('out:    ', '[0.988 ]')
('correct:', '[1     ]')
error:  0.00007554
('out:    ', '[0.934 ]')
('correct:', '[1     ]')
error:  0.00217065
('out:    ', '[0.931 ]')
('correct:', '[1     ]')
error:  0.00235478
('out:    ', '[0.995 ]')
('correct:', '[1     ]')
error:  0.00001029
('out:    ', '[0.987 ]')
('correct:', '[1     ]')
error:  0.00008652
('out:    ', '[0.997 ]')
('correct:', '[1     ]')
error:  0.00000589
('out:    ', '[0.898 ]')
('correct:', '[1     ]')
error:  0.00522095
('out:    ', '[0.968 ]')
('correct:', '[1     ]')
error:  0.00050744
('out:    ', '[0.992 ]')
('correct:', '[1     ]')
error:  0.00003593
('out:    ', '[0.99  ]')
('correct:', '[1     ]')
error:  0.00005203
('out:    ', '[0.995 ]')
('correct:', '[1     ]')
error:  0.00001034
('out:    ', '[0.995 ]')
('correct:', '[1     ]')
error:  0.00001320
('out:    ', '[0.997 ]')
('correct:', '[1     ]')
error:  0.00000416
('out:    ', '[0.993 ]')
('correct:', '[1     ]')
error:  0.00002199
('out:    ', '[0.987 ]')
('correct:', '[1     ]')
error:  0.00008343
('out:    ', '[0.996 ]')
('correct:', '[1     ]')
error:  0.00000650
('out:    ', '[0.989 ]')
('correct:', '[1     ]')
error:  0.00006059
('out:    ', '[0.944 ]')
('correct:', '[1     ]')
error:  0.00156255
('out:    ', '[0.98  ]')
('correct:', '[1     ]')
error:  0.00019064
('out:    ', '[0.996 ]')
('correct:', '[1     ]')
error:  0.00000848
('out:    ', '[0.991 ]')
('correct:', '[1     ]')
error:  0.00004368
('out:    ', '[0.988 ]')
('correct:', '[1     ]')
error:  0.00007024
('out:    ', '[0.993 ]')
('correct:', '[1     ]')
error:  0.00002251
('out:    ', '[0.978 ]')
('correct:', '[1     ]')
error:  0.00024254
('out:    ', '[0.995 ]')
('correct:', '[1     ]')
error:  0.00001044
('out:    ', '[0.993 ]')
('correct:', '[1     ]')
error:  0.00002684
('out:    ', '[0.991 ]')
('correct:', '[1     ]')
error:  0.00003939
('out:    ', '[0.943 ]')
('correct:', '[1     ]')
error:  0.00163355
('out:    ', '[0.953 ]')
('correct:', '[1     ]')
error:  0.00109257
('out:    ', '[0.994 ]')
('correct:', '[1     ]')
error:  0.00001901
('out:    ', '[0.982 ]')
('correct:', '[1     ]')
error:  0.00015481
('out:    ', '[0.979 ]')
('correct:', '[1     ]')
error:  0.00023036
('out:    ', '[0.981 ]')
('correct:', '[1     ]')
error:  0.00017623
('out:    ', '[0.997 ]')
('correct:', '[1     ]')
error:  0.00000558
('out:    ', '[0.993 ]')
('correct:', '[1     ]')
error:  0.00002545
('out:    ', '[0.986 ]')
('correct:', '[1     ]')
error:  0.00009553
('out:    ', '[0.357 ]')
('correct:', '[0     ]')
error:  0.06382588
('out:    ', '[0.996 ]')
('correct:', '[1     ]')
error:  0.00000738
('out:    ', '[0.994 ]')
('correct:', '[1     ]')
error:  0.00001774
('out:    ', '[0.913 ]')
('correct:', '[1     ]')
error:  0.00381469
('out:    ', '[0.966 ]')
('correct:', '[1     ]')
error:  0.00056738
('out:    ', '[0.922 ]')
('correct:', '[1     ]')
error:  0.00303811
('out:    ', '[0.932 ]')
('correct:', '[1     ]')
error:  0.00233178
('out:    ', '[0.968 ]')
('correct:', '[1     ]')
error:  0.00049853
('out:    ', '[0.996 ]')
('correct:', '[1     ]')
error:  0.00000698
('out:    ', '[0.952 ]')
('correct:', '[1     ]')
error:  0.00114075
('out:    ', '[0.994 ]')
('correct:', '[1     ]')
error:  0.00001883
('out:    ', '[0.997 ]')
('correct:', '[1     ]')
error:  0.00000568
('out:    ', '[0.993 ]')
('correct:', '[1     ]')
error:  0.00002138
('out:    ', '[0.973 ]')
('correct:', '[1     ]')
error:  0.00036268
('out:    ', '[0.936 ]')
('correct:', '[1     ]')
error:  0.00201636
('out:    ', '[0.958 ]')
('correct:', '[1     ]')
error:  0.00088986
('out:    ', '[0.986 ]')
('correct:', '[1     ]')
error:  0.00009524
('out:    ', '[0.994 ]')
('correct:', '[1     ]')
error:  0.00002045
('out:    ', '[0.995 ]')
('correct:', '[1     ]')
error:  0.00001202
('out:    ', '[0.995 ]')
('correct:', '[1     ]')
error:  0.00001053
('out:    ', '[0.912 ]')
('correct:', '[1     ]')
error:  0.00385305
('out:    ', '[0.981 ]')
('correct:', '[1     ]')
error:  0.00018371
('out:    ', '[0.963 ]')
('correct:', '[1     ]')
error:  0.00066892
('out:    ', '[0.991 ]')
('correct:', '[1     ]')
error:  0.00003704
('out:    ', '[0.98  ]')
('correct:', '[1     ]')
error:  0.00019534
('out:    ', '[0.882 ]')
('correct:', '[1     ]')
error:  0.00694646
('out:    ', '[0.996 ]')
('correct:', '[1     ]')
error:  0.00000725
('out:    ', '[0.994 ]')
('correct:', '[1     ]')
error:  0.00001634
('out:    ', '[0.996 ]')
('correct:', '[1     ]')
error:  0.00001012
('out:    ', '[0.984 ]')
('correct:', '[1     ]')
error:  0.00012607
('out:    ', '[0.991 ]')
('correct:', '[1     ]')
error:  0.00004039
('out:    ', '[0.992 ]')
('correct:', '[1     ]')
error:  0.00002839
('out:    ', '[0.995 ]')
('correct:', '[1     ]')
error:  0.00001046
('out:    ', '[0.991 ]')
('correct:', '[1     ]')
error:  0.00003753
('out:    ', '[0.991 ]')
('correct:', '[1     ]')
error:  0.00004361
('out:    ', '[0.994 ]')
('correct:', '[1     ]')
error:  0.00001532
('out:    ', '[0.98  ]')
('correct:', '[1     ]')
error:  0.00019331
('out:    ', '[0.994 ]')
('correct:', '[1     ]')
error:  0.00001845
('out:    ', '[0.987 ]')
('correct:', '[1     ]')
error:  0.00008120
('out:    ', '[0.991 ]')
('correct:', '[1     ]')
error:  0.00004146
('out:    ', '[0.949 ]')
('correct:', '[1     ]')
error:  0.00130887
('out:    ', '[0.997 ]')
('correct:', '[1     ]')
error:  0.00000382
('out:    ', '[0.997 ]')
('correct:', '[1     ]')
error:  0.00000573
('out:    ', '[0.996 ]')
('correct:', '[1     ]')
error:  0.00000871
('out:    ', '[0.971 ]')
('correct:', '[1     ]')
error:  0.00042129
('out:    ', '[0.994 ]')
('correct:', '[1     ]')
error:  0.00001965
('out:    ', '[0.991 ]')
('correct:', '[1     ]')
error:  0.00003690
('out:    ', '[0.975 ]')
('correct:', '[1     ]')
error:  0.00030607
('out:    ', '[0.854 ]')
('correct:', '[1     ]')
error:  0.01070475
('out:    ', '[0.995 ]')
('correct:', '[1     ]')
error:  0.00001198
('out:    ', '[0.994 ]')
('correct:', '[1     ]')
error:  0.00002050
('out:    ', '[0.991 ]')
('correct:', '[1     ]')
error:  0.00003655
('out:    ', '[0.887 ]')
('correct:', '[1     ]')
error:  0.00638473
('out:    ', '[0.997 ]')
('correct:', '[1     ]')
error:  0.00000521
('out:    ', '[0.995 ]')
('correct:', '[1     ]')
error:  0.00001053
('out:    ', '[0.99  ]')
('correct:', '[1     ]')
error:  0.00004638
('out:    ', '[0.954 ]')
('correct:', '[1     ]')
error:  0.00105999
('out:    ', '[0.994 ]')
('correct:', '[1     ]')
error:  0.00002031
('out:    ', '[0.988 ]')
('correct:', '[1     ]')
error:  0.00006832
('out:    ', '[0.997 ]')
('correct:', '[1     ]')
error:  0.00000465
('out:    ', '[0.949 ]')
('correct:', '[1     ]')
error:  0.00130710
('out:    ', '[0.993 ]')
('correct:', '[1     ]')
error:  0.00002609
('out:    ', '[0.984 ]')
('correct:', '[1     ]')
error:  0.00012578
('out:    ', '[0.473 ]')
('correct:', '[0     ]')
error:  0.11174486
('out:    ', '[0.805 ]')
('correct:', '[1     ]')
error:  0.01893271
('out:    ', '[0.997 ]')
('correct:', '[1     ]')
error:  0.00000509
('out:    ', '[0.997 ]')
('correct:', '[1     ]')
error:  0.00000463
('out:    ', '[0.996 ]')
('correct:', '[1     ]')
error:  0.00000630
('out:    ', '[0.983 ]')
('correct:', '[1     ]')
error:  0.00013959
('out:    ', '[0.988 ]')
('correct:', '[1     ]')
error:  0.00007391
('out:    ', '[0.992 ]')
('correct:', '[1     ]')
error:  0.00003449
('out:    ', '[0.992 ]')
('correct:', '[1     ]')
error:  0.00003168
('out:    ', '[0.996 ]')
('correct:', '[1     ]')
error:  0.00000954
('out:    ', '[0.994 ]')
('correct:', '[1     ]')
error:  0.00001730
('out:    ', '[0.782 ]')
('correct:', '[1     ]')
error:  0.02378446
('out:    ', '[0.995 ]')
('correct:', '[1     ]')
error:  0.00001389
('out:    ', '[0.997 ]')
('correct:', '[1     ]')
error:  0.00000600
('out:    ', '[0.993 ]')
('correct:', '[1     ]')
error:  0.00002328
('out:    ', '[0.994 ]')
('correct:', '[1     ]')
error:  0.00002054
('out:    ', '[0.993 ]')
('correct:', '[1     ]')
error:  0.00002242
('out:    ', '[0.988 ]')
('correct:', '[1     ]')
error:  0.00007091
('out:    ', '[0.996 ]')
('correct:', '[1     ]')
error:  0.00000754
('out:    ', '[0.991 ]')
('correct:', '[1     ]')
error:  0.00003731
('out:    ', '[0.946 ]')
('correct:', '[1     ]')
error:  0.00148358
('out:    ', '[0.985 ]')
('correct:', '[1     ]')
error:  0.00011546
('out:    ', '[0.989 ]')
('correct:', '[1     ]')
error:  0.00005969
('out:    ', '[0.932 ]')
('correct:', '[1     ]')
error:  0.00227916
('out:    ', '[0.898 ]')
('correct:', '[1     ]')
error:  0.00517941
('out:    ', '[0.997 ]')
('correct:', '[1     ]')
error:  0.00000341
('out:    ', '[0.991 ]')
('correct:', '[1     ]')
error:  0.00003941
('out:    ', '[0.993 ]')
('correct:', '[1     ]')
error:  0.00002417
('out:    ', '[0.997 ]')
('correct:', '[1     ]')
error:  0.00000381
('out:    ', '[0.976 ]')
('correct:', '[1     ]')
error:  0.00028616
('out:    ', '[0.995 ]')
('correct:', '[1     ]')
error:  0.00001202
('out:    ', '[0.995 ]')
('correct:', '[1     ]')
error:  0.00001434
('out:    ', '[0.995 ]')
('correct:', '[1     ]')
error:  0.00001153
('out:    ', '[0.997 ]')
('correct:', '[1     ]')
error:  0.00000517
('out:    ', '[0.943 ]')
('correct:', '[1     ]')
error:  0.00161615
('out:    ', '[0.997 ]')
('correct:', '[1     ]')
error:  0.00000594
('out:    ', '[0.858 ]')
('correct:', '[1     ]')
error:  0.01006989
('out:    ', '[0.979 ]')
('correct:', '[1     ]')
error:  0.00022263
('out:    ', '[0.995 ]')
('correct:', '[1     ]')
error:  0.00001448
('out:    ', '[0.997 ]')
('correct:', '[1     ]')
error:  0.00000575
('out:    ', '[0.958 ]')
('correct:', '[1     ]')
error:  0.00088831
('out:    ', '[0.997 ]')
('correct:', '[1     ]')
error:  0.00000512
('out:    ', '[0.995 ]')
('correct:', '[1     ]')
error:  0.00001259
('out:    ', '[0.997 ]')
('correct:', '[1     ]')
error:  0.00000406
('out:    ', '[0.997 ]')
('correct:', '[1     ]')
error:  0.00000445
('out:    ', '[0.177 ]')
('correct:', '[1     ]')
error:  0.33850451
('out:    ', '[0.996 ]')
('correct:', '[1     ]')
error:  0.00000990
('out:    ', '[0.981 ]')
('correct:', '[1     ]')
error:  0.00017658
('out:    ', '[0.997 ]')
('correct:', '[1     ]')
error:  0.00000601
('out:    ', '[0.809 ]')
('correct:', '[0     ]')
error:  0.32760554
('out:    ', '[0.991 ]')
('correct:', '[1     ]')
error:  0.00004134
('out:    ', '[0.997 ]')
('correct:', '[1     ]')
error:  0.00000377
('out:    ', '[0.988 ]')
('correct:', '[1     ]')
error:  0.00007408
('out:    ', '[0.99  ]')
('correct:', '[1     ]')
error:  0.00005196
('out:    ', '[0.863 ]')
('correct:', '[1     ]')
error:  0.00935682
('out:    ', '[0.994 ]')
('correct:', '[1     ]')
error:  0.00001554
('out:    ', '[0.997 ]')
('correct:', '[1     ]')
error:  0.00000527
('out:    ', '[0.993 ]')
('correct:', '[1     ]')
error:  0.00002601
('out:    ', '[0.995 ]')
('correct:', '[1     ]')
error:  0.00001209
('out:    ', '[0.934 ]')
('correct:', '[1     ]')
error:  0.00220069
('out:    ', '[0.993 ]')
('correct:', '[1     ]')
error:  0.00002244
('out:    ', '[0.986 ]')
('correct:', '[1     ]')
error:  0.00009176
('out:    ', '[0.988 ]')
('correct:', '[1     ]')
error:  0.00007398
('out:    ', '[0.995 ]')
('correct:', '[1     ]')
error:  0.00001039
('out:    ', '[0.979 ]')
('correct:', '[1     ]')
error:  0.00021234
('out:    ', '[0.981 ]')
('correct:', '[1     ]')
error:  0.00017624
('out:    ', '[0.997 ]')
('correct:', '[1     ]')
error:  0.00000563
('out:    ', '[0.922 ]')
('correct:', '[1     ]')
error:  0.00301690
('out:    ', '[0.989 ]')
('correct:', '[1     ]')
error:  0.00006608
('out:    ', '[0.993 ]')
('correct:', '[1     ]')
error:  0.00002278
('out:    ', '[0.997 ]')
('correct:', '[1     ]')
error:  0.00000530
('out:    ', '[0.995 ]')
('correct:', '[1     ]')
error:  0.00001163
('out:    ', '[0.996 ]')
('correct:', '[1     ]')
error:  0.00000994
('out:    ', '[0.997 ]')
('correct:', '[1     ]')
error:  0.00000527
('out:    ', '[0.985 ]')
('correct:', '[1     ]')
error:  0.00011123
('out:    ', '[0.916 ]')
('correct:', '[1     ]')
error:  0.00350501
('out:    ', '[0.887 ]')
('correct:', '[1     ]')
error:  0.00643103
('out:    ', '[0.991 ]')
('correct:', '[1     ]')
error:  0.00004368
('out:    ', '[0.978 ]')
('correct:', '[1     ]')
error:  0.00023484
('out:    ', '[0.966 ]')
('correct:', '[1     ]')
error:  0.00056581
('out:    ', '[0.971 ]')
('correct:', '[1     ]')
error:  0.00041546
('out:    ', '[0.997 ]')
('correct:', '[1     ]')
error:  0.00000390
('out:    ', '[0.9   ]')
('correct:', '[1     ]')
error:  0.00495842
('out:    ', '[0.995 ]')
('correct:', '[1     ]')
error:  0.00001234
('out:    ', '[0.995 ]')
('correct:', '[1     ]')
error:  0.00001041
('out:    ', '[0.976 ]')
('correct:', '[1     ]')
error:  0.00028071
('out:    ', '[0.97  ]')
('correct:', '[1     ]')
error:  0.00043523
('out:    ', '[0.143 ]')
('correct:', '[0     ]')
error:  0.01020397
('out:    ', '[0.993 ]')
('correct:', '[1     ]')
error:  0.00002223
('out:    ', '[0.555 ]')
('correct:', '[1     ]')
error:  0.09920882
('out:    ', '[0.997 ]')
('correct:', '[1     ]')
error:  0.00000441
('out:    ', '[0.997 ]')
('correct:', '[1     ]')
error:  0.00000537
('out:    ', '[0.893 ]')
('correct:', '[1     ]')
error:  0.00572980
('out:    ', '[0.994 ]')
('correct:', '[1     ]')
error:  0.00001855
('out:    ', '[0.978 ]')
('correct:', '[1     ]')
error:  0.00023570
('out:    ', '[0.873 ]')
('correct:', '[1     ]')
error:  0.00802854
('out:    ', '[0.996 ]')
('correct:', '[1     ]')
error:  0.00000993
('out:    ', '[0.993 ]')
('correct:', '[1     ]')
error:  0.00002321
('out:    ', '[0.556 ]')
('correct:', '[1     ]')
error:  0.09846730
('out:    ', '[0.997 ]')
('correct:', '[1     ]')
error:  0.00000542
('out:    ', '[0.998 ]')
('correct:', '[1     ]')
error:  0.00000273
('out:    ', '[0.996 ]')
('correct:', '[1     ]')
error:  0.00000936
('out:    ', '[0.998 ]')
('correct:', '[1     ]')
error:  0.00000237
('out:    ', '[0.887 ]')
('correct:', '[1     ]')
error:  0.00633382
('out:    ', '[0.997 ]')
('correct:', '[1     ]')
error:  0.00000530
('out:    ', '[0.982 ]')
('correct:', '[1     ]')
error:  0.00017041
('out:    ', '[0.996 ]')
('correct:', '[1     ]')
error:  0.00000989
('out:    ', '[0.993 ]')
('correct:', '[1     ]')
error:  0.00002586
('out:    ', '[0.997 ]')
('correct:', '[1     ]')
error:  0.00000593
('out:    ', '[0.916 ]')
('correct:', '[1     ]')
error:  0.00353467
('out:    ', '[0.984 ]')
('correct:', '[1     ]')
error:  0.00012795
('out:    ', '[0.993 ]')
('correct:', '[1     ]')
error:  0.00002614
('out:    ', '[0.997 ]')
('correct:', '[1     ]')
error:  0.00000602
('out:    ', '[0.994 ]')
('correct:', '[1     ]')
error:  0.00002018
('out:    ', '[0.996 ]')
('correct:', '[1     ]')
error:  0.00000989
('out:    ', '[0.991 ]')
('correct:', '[1     ]')
error:  0.00004189
('out:    ', '[0.895 ]')
('correct:', '[1     ]')
error:  0.00548784
('out:    ', '[0.99  ]')
('correct:', '[1     ]')
error:  0.00005015
('out:    ', '[0.995 ]')
('correct:', '[1     ]')
error:  0.00001041
('out:    ', '[0.947 ]')
('correct:', '[1     ]')
error:  0.00140120
('out:    ', '[0.994 ]')
('correct:', '[1     ]')
error:  0.00002022
('out:    ', '[0.942 ]')
('correct:', '[1     ]')
error:  0.00169158
('out:    ', '[0.995 ]')
('correct:', '[1     ]')
error:  0.00001030
('out:    ', '[0.985 ]')
('correct:', '[1     ]')
error:  0.00011765
('out:    ', '[0.985 ]')
('correct:', '[1     ]')
error:  0.00010902
('out:    ', '[0.991 ]')
('correct:', '[1     ]')
error:  0.00003706
('out:    ', '[0.991 ]')
('correct:', '[1     ]')
error:  0.00003801
('out:    ', '[0.998 ]')
('correct:', '[1     ]')
error:  0.00000284
('out:    ', '[0.673 ]')
('correct:', '[1     ]')
error:  0.05336779
('out:    ', '[0.99  ]')
('correct:', '[1     ]')
error:  0.00004549
('out:    ', '[0.994 ]')
('correct:', '[1     ]')
error:  0.00002093
('out:    ', '[0.905 ]')
('correct:', '[1     ]')
error:  0.00452086
('out:    ', '[0.994 ]')
('correct:', '[1     ]')
error:  0.00001993
('out:    ', '[0.996 ]')
('correct:', '[1     ]')
error:  0.00000948
('out:    ', '[0.988 ]')
('correct:', '[1     ]')
error:  0.00007663
('out:    ', '[0.766 ]')
('correct:', '[1     ]')
error:  0.02737607
('out:    ', '[0.997 ]')
('correct:', '[1     ]')
error:  0.00000567
('out:    ', '[0.996 ]')
('correct:', '[1     ]')
error:  0.00000931
('out:    ', '[0.997 ]')
('correct:', '[1     ]')
error:  0.00000564
('out:    ', '[0.994 ]')
('correct:', '[1     ]')
error:  0.00001720
('out:    ', '[0.995 ]')
('correct:', '[1     ]')
error:  0.00001038
('out:    ', '[0.99  ]')
('correct:', '[1     ]')
error:  0.00005373
('out:    ', '[0.997 ]')
('correct:', '[1     ]')
error:  0.00000549
('out:    ', '[0.996 ]')
('correct:', '[1     ]')
error:  0.00000915
('out:    ', '[0.997 ]')
('correct:', '[1     ]')
error:  0.00000393
('out:    ', '[0.989 ]')
('correct:', '[1     ]')
error:  0.00006285
('out:    ', '[0.997 ]')
('correct:', '[1     ]')
error:  0.00000338
('out:    ', '[0.982 ]')
('correct:', '[1     ]')
error:  0.00016714
('out:    ', '[0.996 ]')
('correct:', '[1     ]')
error:  0.00000883
('out:    ', '[0.862 ]')
('correct:', '[1     ]')
error:  0.00952164
('out:    ', '[0.694 ]')
('correct:', '[1     ]')
error:  0.04692352
('out:    ', '[0.996 ]')
('correct:', '[1     ]')
error:  0.00000626
('out:    ', '[0.979 ]')
('correct:', '[1     ]')
error:  0.00021946
('out:    ', '[0.988 ]')
('correct:', '[1     ]')
error:  0.00006838
('out:    ', '[0.758 ]')
('correct:', '[1     ]')
error:  0.02921077
('out:    ', '[0.995 ]')
('correct:', '[1     ]')
error:  0.00001020
('out:    ', '[0.709 ]')
('correct:', '[1     ]')
error:  0.04222550
('out:    ', '[0.989 ]')
('correct:', '[1     ]')
error:  0.00006471
('out:    ', '[0.807 ]')
('correct:', '[1     ]')
error:  0.01858916
('out:    ', '[0.996 ]')
('correct:', '[1     ]')
error:  0.00000821
('out:    ', '[0.997 ]')
('correct:', '[1     ]')
error:  0.00000527
('out:    ', '[0.995 ]')
('correct:', '[1     ]')
error:  0.00001235
('out:    ', '[0.489 ]')
('correct:', '[0     ]')
error:  0.11945921
('out:    ', '[0.987 ]')
('correct:', '[1     ]')
error:  0.00008779
('out:    ', '[0.98  ]')
('correct:', '[1     ]')
error:  0.00020195
('out:    ', '[0.994 ]')
('correct:', '[1     ]')
error:  0.00001902
('out:    ', '[0.899 ]')
('correct:', '[1     ]')
error:  0.00514818
('out:    ', '[0.996 ]')
('correct:', '[1     ]')
error:  0.00000644
('out:    ', '[0.996 ]')
('correct:', '[1     ]')
error:  0.00000782
('out:    ', '[0.993 ]')
('correct:', '[1     ]')
error:  0.00002600
('out:    ', '[0.994 ]')
('correct:', '[1     ]')
error:  0.00001854
('out:    ', '[0.93  ]')
('correct:', '[1     ]')
error:  0.00241680
('out:    ', '[0.946 ]')
('correct:', '[1     ]')
error:  0.00148010
('out:    ', '[0.986 ]')
('correct:', '[1     ]')
error:  0.00009240
('out:    ', '[0.997 ]')
('correct:', '[1     ]')
error:  0.00000519
('out:    ', '[0.939 ]')
('correct:', '[1     ]')
error:  0.00187400
('out:    ', '[0.992 ]')
('correct:', '[1     ]')
error:  0.00002955
('out:    ', '[0.975 ]')
('correct:', '[1     ]')
error:  0.00031376
('out:    ', '[0.93  ]')
('correct:', '[1     ]')
error:  0.00244590
('out:    ', '[0.93  ]')
('correct:', '[1     ]')
error:  0.00248387
('out:    ', '[0.906 ]')
('correct:', '[1     ]')
error:  0.00439670
('out:    ', '[0.841 ]')
('correct:', '[0     ]')
error:  0.35392063
('out:    ', '[0.989 ]')
('correct:', '[1     ]')
error:  0.00006117
('out:    ', '[0.997 ]')
('correct:', '[1     ]')
error:  0.00000531
('out:    ', '[0.997 ]')
('correct:', '[1     ]')
error:  0.00000524
('out:    ', '[0.842 ]')
('correct:', '[1     ]')
error:  0.01244476
('out:    ', '[0.99  ]')
('correct:', '[1     ]')
error:  0.00004739
('out:    ', '[0.93  ]')
('correct:', '[1     ]')
error:  0.00242463
('out:    ', '[0.996 ]')
('correct:', '[1     ]')
error:  0.00000961
('out:    ', '[0.992 ]')
('correct:', '[1     ]')
error:  0.00002869
('out:    ', '[0.996 ]')
('correct:', '[1     ]')
error:  0.00001001
('out:    ', '[0.988 ]')
('correct:', '[1     ]')
error:  0.00007219
('out:    ', '[0.993 ]')
('correct:', '[1     ]')
error:  0.00002539
('out:    ', '[0.997 ]')
('correct:', '[1     ]')
error:  0.00000542
('out:    ', '[0.996 ]')
('correct:', '[1     ]')
error:  0.00000926
('out:    ', '[0.99  ]')
('correct:', '[1     ]')
error:  0.00004777
('out:    ', '[0.997 ]')
('correct:', '[1     ]')
error:  0.00000525
('out:    ', '[0.997 ]')
('correct:', '[1     ]')
error:  0.00000338
('out:    ', '[0.996 ]')
('correct:', '[1     ]')
error:  0.00000785
('out:    ', '[0.996 ]')
('correct:', '[1     ]')
error:  0.00000827
('out:    ', '[0.978 ]')
('correct:', '[1     ]')
error:  0.00024568
('out:    ', '[0.231 ]')
('correct:', '[1     ]')
error:  0.29570079
('out:    ', '[0.985 ]')
('correct:', '[1     ]')
error:  0.00010572
('out:    ', '[0.931 ]')
('correct:', '[1     ]')
error:  0.00236538
('out:    ', '[0.897 ]')
('correct:', '[1     ]')
error:  0.00532685
('out:    ', '[0.995 ]')
('correct:', '[1     ]')
error:  0.00001462
('out:    ', '[0.989 ]')
('correct:', '[1     ]')
error:  0.00005515
('out:    ', '[0.992 ]')
('correct:', '[1     ]')
error:  0.00003367
('out:    ', '[0.992 ]')
('correct:', '[1     ]')
error:  0.00003455
('out:    ', '[0.996 ]')
('correct:', '[1     ]')
error:  0.00000637
('out:    ', '[0.994 ]')
('correct:', '[1     ]')
error:  0.00001655
('out:    ', '[0.728 ]')
('correct:', '[1     ]')
error:  0.03706880
('out:    ', '[0.991 ]')
('correct:', '[1     ]')
error:  0.00004381
('out:    ', '[0.679 ]')
('correct:', '[1     ]')
error:  0.05148432
('out:    ', '[0.185 ]')
('correct:', '[1     ]')
error:  0.33215435
('out:    ', '[0.929 ]')
('correct:', '[1     ]')
error:  0.00249957
('out:    ', '[0.997 ]')
('correct:', '[1     ]')
error:  0.00000553
('out:    ', '[0.653 ]')
('correct:', '[1     ]')
error:  0.06025245
('out:    ', '[0.975 ]')
('correct:', '[1     ]')
error:  0.00031152
('out:    ', '[0.995 ]')
('correct:', '[1     ]')
error:  0.00001403
('out:    ', '[0.994 ]')
('correct:', '[1     ]')
error:  0.00001693
('out:    ', '[0.914 ]')
('correct:', '[1     ]')
error:  0.00367719
('out:    ', '[0.996 ]')
('correct:', '[1     ]')
error:  0.00001011
('out:    ', '[0.974 ]')
('correct:', '[1     ]')
error:  0.00034426
('out:    ', '[0.983 ]')
('correct:', '[1     ]')
error:  0.00014596
('out:    ', '[0.988 ]')
('correct:', '[1     ]')
error:  0.00006675
('out:    ', '[0.643 ]')
('correct:', '[1     ]')
error:  0.06362513
('out:    ', '[0.929 ]')
('correct:', '[1     ]')
error:  0.00250079
('out:    ', '[0.878 ]')
('correct:', '[1     ]')
error:  0.00738674
('out:    ', '[0.991 ]')
('correct:', '[1     ]')
error:  0.00004145
('out:    ', '[0.99  ]')
('correct:', '[1     ]')
error:  0.00005144
('out:    ', '[0.994 ]')
('correct:', '[1     ]')
error:  0.00001995
('out:    ', '[0.985 ]')
('correct:', '[1     ]')
error:  0.00010547
('out:    ', '[0.981 ]')
('correct:', '[1     ]')
error:  0.00018617
('out:    ', '[0.498 ]')
('correct:', '[1     ]')
error:  0.12580519
('out:    ', '[0.696 ]')
('correct:', '[1     ]')
error:  0.04632793
('out:    ', '[0.991 ]')
('correct:', '[1     ]')
error:  0.00004053
('out:    ', '[0.995 ]')
('correct:', '[1     ]')
error:  0.00001443
('out:    ', '[0.995 ]')
('correct:', '[1     ]')
error:  0.00001193
('out:    ', '[0.986 ]')
('correct:', '[1     ]')
error:  0.00009809
('out:    ', '[0.991 ]')
('correct:', '[1     ]')
error:  0.00003900
('out:    ', '[0.759 ]')
('correct:', '[0     ]')
error:  0.28769847
('out:    ', '[0.957 ]')
('correct:', '[1     ]')
error:  0.00091788
('out:    ', '[0.993 ]')
('correct:', '[1     ]')
error:  0.00002480
('out:    ', '[0.969 ]')
('correct:', '[1     ]')
error:  0.00048477
('out:    ', '[0.991 ]')
('correct:', '[1     ]')
error:  0.00003990
('out:    ', '[0.997 ]')
('correct:', '[1     ]')
error:  0.00000525
('out:    ', '[0.989 ]')
('correct:', '[1     ]')
error:  0.00005761
('out:    ', '[0.995 ]')
('correct:', '[1     ]')
error:  0.00001512
('out:    ', '[0.995 ]')
('correct:', '[1     ]')
error:  0.00001050
('out:    ', '[0.722 ]')
('correct:', '[1     ]')
error:  0.03863688
('out:    ', '[0.894 ]')
('correct:', '[1     ]')
error:  0.00564019
('out:    ', '[0.993 ]')
('correct:', '[1     ]')
error:  0.00002727
('out:    ', '[0.997 ]')
('correct:', '[1     ]')
error:  0.00000527
('out:    ', '[0.992 ]')
('correct:', '[1     ]')
error:  0.00003010
('out:    ', '[0.997 ]')
('correct:', '[1     ]')
error:  0.00000359
('out:    ', '[0.858 ]')
('correct:', '[1     ]')
error:  0.01014516
('out:    ', '[0.664 ]')
('correct:', '[1     ]')
error:  0.05631321
('out:    ', '[0.864 ]')
('correct:', '[1     ]')
error:  0.00924754
('out:    ', '[0.997 ]')
('correct:', '[1     ]')
error:  0.00000517
('out:    ', '[0.994 ]')
('correct:', '[1     ]')
error:  0.00001892
('out:    ', '[0.997 ]')
('correct:', '[1     ]')
error:  0.00000482
('out:    ', '[0.615 ]')
('correct:', '[0     ]')
error:  0.18905740
('out:    ', '[0.997 ]')
('correct:', '[1     ]')
error:  0.00000406
('out:    ', '[0.928 ]')
('correct:', '[1     ]')
error:  0.00261380
('out:    ', '[0.993 ]')
('correct:', '[1     ]')
error:  0.00002393
('out:    ', '[0.975 ]')
('correct:', '[1     ]')
error:  0.00030223
('out:    ', '[0.994 ]')
('correct:', '[1     ]')
error:  0.00001550
('out:    ', '[0.994 ]')
('correct:', '[1     ]')
error:  0.00001885
('out:    ', '[0.968 ]')
('correct:', '[1     ]')
error:  0.00050745
('out:    ', '[0.94  ]')
('correct:', '[1     ]')
error:  0.00179177
('out:    ', '[0.997 ]')
('correct:', '[1     ]')
error:  0.00000447
('out:    ', '[0.992 ]')
('correct:', '[1     ]')
error:  0.00003004
('out:    ', '[0.997 ]')
('correct:', '[1     ]')
error:  0.00000372
('out:    ', '[0.996 ]')
('correct:', '[1     ]')
error:  0.00000885
('out:    ', '[0.997 ]')
('correct:', '[1     ]')
error:  0.00000591
('out:    ', '[0.992 ]')
('correct:', '[1     ]')
error:  0.00002851
('out:    ', '[0.994 ]')
('correct:', '[1     ]')
error:  0.00002108
('out:    ', '[0.885 ]')
('correct:', '[1     ]')
error:  0.00664173
('out:    ', '[0.987 ]')
('correct:', '[1     ]')
error:  0.00008209
('out:    ', '[0.992 ]')
('correct:', '[1     ]')
error:  0.00002992
('out:    ', '[0.992 ]')
('correct:', '[1     ]')
error:  0.00002859
('out:    ', '[0.938 ]')
('correct:', '[1     ]')
error:  0.00192258
('out:    ', '[0.994 ]')
('correct:', '[1     ]')
error:  0.00001988
('out:    ', '[0.994 ]')
('correct:', '[1     ]')
error:  0.00001715
('out:    ', '[0.992 ]')
('correct:', '[1     ]')
error:  0.00003196
('out:    ', '[0.996 ]')
('correct:', '[1     ]')
error:  0.00000837
('out:    ', '[0.942 ]')
('correct:', '[1     ]')
error:  0.00166941
('out:    ', '[0.339 ]')
('correct:', '[0     ]')
error:  0.05753800
('out:    ', '[0.995 ]')
('correct:', '[1     ]')
error:  0.00001025
('out:    ', '[0.996 ]')
('correct:', '[1     ]')
error:  0.00000667
('out:    ', '[0.419 ]')
('correct:', '[1     ]')
error:  0.16889656
('out:    ', '[0.996 ]')
('correct:', '[1     ]')
error:  0.00000960
('out:    ', '[0.967 ]')
('correct:', '[1     ]')
error:  0.00055244
('out:    ', '[0.931 ]')
('correct:', '[1     ]')
error:  0.00239900
('out:    ', '[0.985 ]')
('correct:', '[1     ]')
error:  0.00010929
('out:    ', '[0.996 ]')
('correct:', '[1     ]')
error:  0.00000999
('out:    ', '[0.971 ]')
('correct:', '[1     ]')
error:  0.00041192
('out:    ', '[0.994 ]')
('correct:', '[1     ]')
error:  0.00001859
('out:    ', '[0.961 ]')
('correct:', '[1     ]')
error:  0.00074747
('out:    ', '[0.288 ]')
('correct:', '[1     ]')
error:  0.25316767
('out:    ', '[0.923 ]')
('correct:', '[0     ]')
error:  0.42581436
('out:    ', '[0.996 ]')
('correct:', '[1     ]')
error:  0.00000900
('out:    ', '[0.96  ]')
('correct:', '[1     ]')
error:  0.00080288
('out:    ', '[0.989 ]')
('correct:', '[1     ]')
error:  0.00005611
('out:    ', '[0.952 ]')
('correct:', '[1     ]')
error:  0.00116271
('out:    ', '[0.98  ]')
('correct:', '[1     ]')
error:  0.00019618
('out:    ', '[0.879 ]')
('correct:', '[1     ]')
error:  0.00729193
('out:    ', '[0.995 ]')
('correct:', '[1     ]')
error:  0.00001029
('out:    ', '[0.662 ]')
('correct:', '[0     ]')
error:  0.21930089
('out:    ', '[0.943 ]')
('correct:', '[1     ]')
error:  0.00161599
('out:    ', '[0.995 ]')
('correct:', '[1     ]')
error:  0.00001035
('out:    ', '[0.996 ]')
('correct:', '[1     ]')
error:  0.00000642
('out:    ', '[0.985 ]')
('correct:', '[1     ]')
error:  0.00011167
('out:    ', '[0.991 ]')
('correct:', '[1     ]')
error:  0.00003939
('out:    ', '[0.992 ]')
('correct:', '[1     ]')
error:  0.00003466
('out:    ', '[0.932 ]')
('correct:', '[1     ]')
error:  0.00229715
('out:    ', '[0.935 ]')
('correct:', '[1     ]')
error:  0.00213363
('out:    ', '[0.977 ]')
('correct:', '[1     ]')
error:  0.00025749
('out:    ', '[0.85  ]')
('correct:', '[1     ]')
error:  0.01123135
('out:    ', '[0.994 ]')
('correct:', '[1     ]')
error:  0.00001770
('out:    ', '[0.934 ]')
('correct:', '[1     ]')
error:  0.00217398
('out:    ', '[0.969 ]')
('correct:', '[1     ]')
error:  0.00047794
('out:    ', '[0.986 ]')
('correct:', '[1     ]')
error:  0.00009851
('out:    ', '[0.982 ]')
('correct:', '[1     ]')
error:  0.00015530
('out:    ', '[0.997 ]')
('correct:', '[1     ]')
error:  0.00000432
('out:    ', '[0.992 ]')
('correct:', '[1     ]')
error:  0.00003403
('out:    ', '[0.997 ]')
('correct:', '[1     ]')
error:  0.00000595
('out:    ', '[0.994 ]')
('correct:', '[1     ]')
error:  0.00001916
('out:    ', '[0.996 ]')
('correct:', '[1     ]')
error:  0.00000957
('out:    ', '[0.997 ]')
('correct:', '[1     ]')
error:  0.00000343
('out:    ', '[0.996 ]')
('correct:', '[1     ]')
error:  0.00000821
('out:    ', '[0.584 ]')
('correct:', '[1     ]')
error:  0.08651851
('out:    ', '[0.997 ]')
('correct:', '[1     ]')
error:  0.00000534
('out:    ', '[0.994 ]')
('correct:', '[1     ]')
error:  0.00001919
('out:    ', '[0.996 ]')
('correct:', '[1     ]')
error:  0.00000711
('out:    ', '[0.985 ]')
('correct:', '[1     ]')
error:  0.00011382
('out:    ', '[0.996 ]')
('correct:', '[1     ]')
error:  0.00000826
('out:    ', '[0.995 ]')
('correct:', '[1     ]')
error:  0.00001163
('out:    ', '[0.997 ]')
('correct:', '[1     ]')
error:  0.00000491
('out:    ', '[0.993 ]')
('correct:', '[1     ]')
error:  0.00002495
('out:    ', '[0.991 ]')
('correct:', '[1     ]')
error:  0.00004327
('out:    ', '[0.508 ]')
('correct:', '[0     ]')
error:  0.12883619
('out:    ', '[0.885 ]')
('correct:', '[1     ]')
error:  0.00656289
('out:    ', '[0.996 ]')
('correct:', '[1     ]')
error:  0.00001011
('out:    ', '[0.99  ]')
('correct:', '[1     ]')
error:  0.00004674
('out:    ', '[0.984 ]')
('correct:', '[1     ]')
error:  0.00013325
('out:    ', '[0.931 ]')
('correct:', '[1     ]')
error:  0.00237200
('out:    ', '[0.997 ]')
('correct:', '[1     ]')
error:  0.00000494
('out:    ', '[0.992 ]')
('correct:', '[1     ]')
error:  0.00003280
('out:    ', '[0.997 ]')
('correct:', '[1     ]')
error:  0.00000337
('out:    ', '[0.996 ]')
('correct:', '[1     ]')
error:  0.00000889
('out:    ', '[0.748 ]')
('correct:', '[1     ]')
error:  0.03168735
('out:    ', '[0.992 ]')
('correct:', '[1     ]')
error:  0.00003124
('out:    ', '[0.988 ]')
('correct:', '[1     ]')
error:  0.00007196
('out:    ', '[0.997 ]')
('correct:', '[1     ]')
error:  0.00000584
('out:    ', '[0.996 ]')
('correct:', '[1     ]')
error:  0.00000892
('out:    ', '[0.993 ]')
('correct:', '[1     ]')
error:  0.00002616
('out:    ', '[0.993 ]')
('correct:', '[1     ]')
error:  0.00002690
('out:    ', '[0.787 ]')
('correct:', '[1     ]')
error:  0.02275073
('out:    ', '[0.994 ]')
('correct:', '[1     ]')
error:  0.00001948
('out:    ', '[0.996 ]')
('correct:', '[1     ]')
error:  0.00000998
('out:    ', '[0.991 ]')
('correct:', '[1     ]')
error:  0.00004337
('out:    ', '[0.996 ]')
('correct:', '[1     ]')
error:  0.00000840
('out:    ', '[0.996 ]')
('correct:', '[1     ]')
error:  0.00000734
('out:    ', '[0.996 ]')
('correct:', '[1     ]')
error:  0.00000805
('out:    ', '[0.997 ]')
('correct:', '[1     ]')
error:  0.00000351
('out:    ', '[0.979 ]')
('correct:', '[1     ]')
error:  0.00022888
('out:    ', '[0.906 ]')
('correct:', '[1     ]')
error:  0.00437350
('out:    ', '[0.964 ]')
('correct:', '[1     ]')
error:  0.00063363
('out:    ', '[0.948 ]')
('correct:', '[1     ]')
error:  0.00135235
('out:    ', '[0.997 ]')
('correct:', '[1     ]')
error:  0.00000524
('out:    ', '[0.997 ]')
('correct:', '[1     ]')
error:  0.00000532
('out:    ', '[0.991 ]')
('correct:', '[1     ]')
error:  0.00003847
('out:    ', '[0.157 ]')
('correct:', '[1     ]')
error:  0.35564041
('out:    ', '[0.92  ]')
('correct:', '[1     ]')
error:  0.00316026
('out:    ', '[0.997 ]')
('correct:', '[1     ]')
error:  0.00000314
('out:    ', '[0.995 ]')
('correct:', '[1     ]')
error:  0.00001394
('out:    ', '[0.984 ]')
('correct:', '[1     ]')
error:  0.00012467
('out:    ', '[0.997 ]')
('correct:', '[1     ]')
error:  0.00000575
('out:    ', '[0.99  ]')
('correct:', '[1     ]')
error:  0.00005033
('out:    ', '[0.966 ]')
('correct:', '[1     ]')
error:  0.00058972
('out:    ', '[0.867 ]')
('correct:', '[1     ]')
error:  0.00885972
('out:    ', '[0.995 ]')
('correct:', '[1     ]')
error:  0.00001350
('out:    ', '[0.995 ]')
('correct:', '[1     ]')
error:  0.00001216
('out:    ', '[0.995 ]')
('correct:', '[1     ]')
error:  0.00001013
('out:    ', '[0.985 ]')
('correct:', '[1     ]')
error:  0.00010690
('out:    ', '[0.984 ]')
('correct:', '[1     ]')
error:  0.00012569
('out:    ', '[0.97  ]')
('correct:', '[1     ]')
error:  0.00045953
('out:    ', '[0.995 ]')
('correct:', '[1     ]')
error:  0.00001097
('out:    ', '[0.996 ]')
('correct:', '[1     ]')
error:  0.00000844
('out:    ', '[0.923 ]')
('correct:', '[1     ]')
error:  0.00297770
('out:    ', '[0.986 ]')
('correct:', '[1     ]')
error:  0.00010291
('out:    ', '[0.996 ]')
('correct:', '[1     ]')
error:  0.00000795
('out:    ', '[0.959 ]')
('correct:', '[1     ]')
error:  0.00082249
('out:    ', '[0.992 ]')
('correct:', '[1     ]')
error:  0.00003322
('out:    ', '[0.995 ]')
('correct:', '[1     ]')
error:  0.00001160
('out:    ', '[0.881 ]')
('correct:', '[1     ]')
error:  0.00707960
('out:    ', '[0.894 ]')
('correct:', '[1     ]')
error:  0.00561293
('out:    ', '[0.833 ]')
('correct:', '[1     ]')
error:  0.01401193
('out:    ', '[0.993 ]')
('correct:', '[1     ]')
error:  0.00002155
('out:    ', '[0.996 ]')
('correct:', '[1     ]')
error:  0.00000822
('out:    ', '[0.997 ]')
('correct:', '[1     ]')
error:  0.00000392
('out:    ', '[0.934 ]')
('correct:', '[1     ]')
error:  0.00214829
('out:    ', '[0.872 ]')
('correct:', '[1     ]')
error:  0.00821817
('out:    ', '[0.988 ]')
('correct:', '[1     ]')
error:  0.00007131
('out:    ', '[0.992 ]')
('correct:', '[1     ]')
error:  0.00003088
('out:    ', '[0.988 ]')
('correct:', '[1     ]')
error:  0.00007035
('out:    ', '[0.935 ]')
('correct:', '[1     ]')
error:  0.00211446
('out:    ', '[0.966 ]')
('correct:', '[1     ]')
error:  0.00058738
('out:    ', '[0.959 ]')
('correct:', '[0     ]')
error:  0.45995220
('out:    ', '[0.989 ]')
('correct:', '[1     ]')
error:  0.00005696
('out:    ', '[0.994 ]')
('correct:', '[1     ]')
error:  0.00001564
('out:    ', '[0.709 ]')
('correct:', '[1     ]')
error:  0.04244291
('out:    ', '[0.953 ]')
('correct:', '[1     ]')
error:  0.00112194
('out:    ', '[0.995 ]')
('correct:', '[1     ]')
error:  0.00001025
('out:    ', '[0.947 ]')
('correct:', '[1     ]')
error:  0.00137893
('out:    ', '[0.996 ]')
('correct:', '[1     ]')
error:  0.00000739
('out:    ', '[0.993 ]')
('correct:', '[1     ]')
error:  0.00002268
('out:    ', '[0.747 ]')
('correct:', '[1     ]')
error:  0.03210687
('out:    ', '[0.998 ]')
('correct:', '[1     ]')
error:  0.00000234
('out:    ', '[0.942 ]')
('correct:', '[1     ]')
error:  0.00170880
('out:    ', '[0.983 ]')
('correct:', '[1     ]')
error:  0.00014096
('out:    ', '[0.99  ]')
('correct:', '[1     ]')
error:  0.00005420
('out:    ', '[0.928 ]')
('correct:', '[1     ]')
error:  0.00255677
('out:    ', '[0.877 ]')
('correct:', '[1     ]')
error:  0.00754535
('out:    ', '[0.995 ]')
('correct:', '[1     ]')
error:  0.00001070
('out:    ', '[0.996 ]')
('correct:', '[1     ]')
error:  0.00000630
('out:    ', '[0.826 ]')
('correct:', '[1     ]')
error:  0.01514032
('out:    ', '[0.953 ]')
('correct:', '[1     ]')
error:  0.00110277
('out:    ', '[0.955 ]')
('correct:', '[1     ]')
error:  0.00103466
('out:    ', '[0.995 ]')
('correct:', '[1     ]')
error:  0.00001446
('out:    ', '[0.997 ]')
('correct:', '[1     ]')
error:  0.00000525
('out:    ', '[0.997 ]')
('correct:', '[1     ]')
error:  0.00000500
('out:    ', '[0.997 ]')
('correct:', '[1     ]')
error:  0.00000480
('out:    ', '[0.989 ]')
('correct:', '[1     ]')
error:  0.00005751
('out:    ', '[0.918 ]')
('correct:', '[1     ]')
error:  0.00332356
('out:    ', '[0.368 ]')
('correct:', '[1     ]')
error:  0.19995689
('out:    ', '[0.996 ]')
('correct:', '[1     ]')
error:  0.00001002
('out:    ', '[0.985 ]')
('correct:', '[1     ]')
error:  0.00010943
('out:    ', '[0.991 ]')
('correct:', '[1     ]')
error:  0.00004132
('out:    ', '[0.883 ]')
('correct:', '[1     ]')
error:  0.00690212
('out:    ', '[0.995 ]')
('correct:', '[1     ]')
error:  0.00001037
('out:    ', '[0.997 ]')
('correct:', '[1     ]')
error:  0.00000527
('out:    ', '[0.968 ]')
('correct:', '[1     ]')
error:  0.00051124
('out:    ', '[0.995 ]')
('correct:', '[1     ]')
error:  0.00001038
('out:    ', '[0.996 ]')
('correct:', '[1     ]')
error:  0.00000702
('out:    ', '[0.986 ]')
('correct:', '[1     ]')
error:  0.00009537
('out:    ', '[0.982 ]')
('correct:', '[1     ]')
error:  0.00015766
('out:    ', '[0.812 ]')
('correct:', '[1     ]')
error:  0.01767329
('out:    ', '[0.989 ]')
('correct:', '[1     ]')
error:  0.00005931
('out:    ', '[0.9   ]')
('correct:', '[1     ]')
error:  0.00503627
('out:    ', '[0.997 ]')
('correct:', '[1     ]')
error:  0.00000533
('out:    ', '[0.991 ]')
('correct:', '[1     ]')
error:  0.00004229
('out:    ', '[0.886 ]')
('correct:', '[0     ]')
error:  0.39236326
('out:    ', '[0.976 ]')
('correct:', '[1     ]')
error:  0.00028111
('out:    ', '[0.993 ]')
('correct:', '[1     ]')
error:  0.00002294
('out:    ', '[0.997 ]')
('correct:', '[1     ]')
error:  0.00000430
('out:    ', '[0.968 ]')
('correct:', '[1     ]')
error:  0.00052345
('out:    ', '[0.995 ]')
('correct:', '[1     ]')
error:  0.00001310
('out:    ', '[0.996 ]')
('correct:', '[1     ]')
error:  0.00000891
('out:    ', '[0.935 ]')
('correct:', '[1     ]')
error:  0.00213749
('out:    ', '[0.997 ]')
('correct:', '[1     ]')
error:  0.00000557
('out:    ', '[0.804 ]')
('correct:', '[1     ]')
error:  0.01923419
('out:    ', '[0.872 ]')
('correct:', '[1     ]')
error:  0.00819550
('out:    ', '[0.994 ]')
('correct:', '[1     ]')
error:  0.00001868
('out:    ', '[0.931 ]')
('correct:', '[1     ]')
error:  0.00241277
('out:    ', '[0.994 ]')
('correct:', '[1     ]')
error:  0.00002001
('out:    ', '[0.943 ]')
('correct:', '[1     ]')
error:  0.00160021
('out:    ', '[0.997 ]')
('correct:', '[1     ]')
error:  0.00000545
('out:    ', '[0.903 ]')
('correct:', '[1     ]')
error:  0.00474832
('out:    ', '[0.997 ]')
('correct:', '[1     ]')
error:  0.00000325
('out:    ', '[0.995 ]')
('correct:', '[1     ]')
error:  0.00001158
('out:    ', '[0.975 ]')
('correct:', '[1     ]')
error:  0.00031869
('out:    ', '[0.98  ]')
('correct:', '[1     ]')
error:  0.00020895
('out:    ', '[0.996 ]')
('correct:', '[1     ]')
error:  0.00001003
('out:    ', '[0.995 ]')
('correct:', '[1     ]')
error:  0.00001060
('out:    ', '[0.978 ]')
('correct:', '[1     ]')
error:  0.00023757
('out:    ', '[0.634 ]')
('correct:', '[1     ]')
error:  0.06695325
('out:    ', '[0.99  ]')
('correct:', '[1     ]')
error:  0.00005257
('out:    ', '[0.978 ]')
('correct:', '[1     ]')
error:  0.00023718
('out:    ', '[0.988 ]')
('correct:', '[1     ]')
error:  0.00007244
('out:    ', '[0.991 ]')
('correct:', '[1     ]')
error:  0.00004188
('out:    ', '[0.988 ]')
('correct:', '[1     ]')
error:  0.00007018
('out:    ', '[0.994 ]')
('correct:', '[1     ]')
error:  0.00001525
('out:    ', '[0.879 ]')
('correct:', '[1     ]')
error:  0.00733399
('out:    ', '[0.994 ]')
('correct:', '[1     ]')
error:  0.00001729
('out:    ', '[0.992 ]')
('correct:', '[1     ]')
error:  0.00003503
('out:    ', '[0.996 ]')
('correct:', '[1     ]')
error:  0.00000887
('out:    ', '[0.995 ]')
('correct:', '[1     ]')
error:  0.00001366
('out:    ', '[0.993 ]')
('correct:', '[1     ]')
error:  0.00002267
('out:    ', '[0.997 ]')
('correct:', '[1     ]')
error:  0.00000528
('out:    ', '[0.997 ]')
('correct:', '[1     ]')
error:  0.00000531
('out:    ', '[0.409 ]')
('correct:', '[1     ]')
error:  0.17493586
('out:    ', '[0.979 ]')
('correct:', '[1     ]')
error:  0.00021471
('out:    ', '[0.992 ]')
('correct:', '[1     ]')
error:  0.00003299
('out:    ', '[0.985 ]')
('correct:', '[1     ]')
error:  0.00010653
('out:    ', '[0.916 ]')
('correct:', '[0     ]')
error:  0.41917036
('out:    ', '[0.952 ]')
('correct:', '[1     ]')
error:  0.00116173
('out:    ', '[0.996 ]')
('correct:', '[1     ]')
error:  0.00000955
('out:    ', '[0.786 ]')
('correct:', '[1     ]')
error:  0.02282034
('out:    ', '[0.973 ]')
('correct:', '[1     ]')
error:  0.00035159
('out:    ', '[0.997 ]')
('correct:', '[1     ]')
error:  0.00000331
('out:    ', '[0.899 ]')
('correct:', '[1     ]')
error:  0.00507139
('out:    ', '[0.988 ]')
('correct:', '[1     ]')
error:  0.00006647
('out:    ', '[0.997 ]')
('correct:', '[1     ]')
error:  0.00000578
('out:    ', '[0.995 ]')
('correct:', '[1     ]')
error:  0.00001457
('out:    ', '[0.989 ]')
('correct:', '[1     ]')
error:  0.00005755
('out:    ', '[0.966 ]')
('correct:', '[1     ]')
error:  0.00056448
('out:    ', '[0.967 ]')
('correct:', '[1     ]')
error:  0.00054543
('out:    ', '[0.995 ]')
('correct:', '[1     ]')
error:  0.00001217
('out:    ', '[0.993 ]')
('correct:', '[1     ]')
error:  0.00002521
('out:    ', '[0.97  ]')
('correct:', '[1     ]')
error:  0.00043761
('out:    ', '[0.997 ]')
('correct:', '[1     ]')
error:  0.00000568
('out:    ', '[0.996 ]')
('correct:', '[1     ]')
error:  0.00000917
('out:    ', '[0.995 ]')
('correct:', '[1     ]')
error:  0.00001038
('out:    ', '[0.899 ]')
('correct:', '[1     ]')
error:  0.00508487
('out:    ', '[0.996 ]')
('correct:', '[1     ]')
error:  0.00000909
('out:    ', '[0.985 ]')
('correct:', '[1     ]')
error:  0.00010885
('out:    ', '[0.997 ]')
('correct:', '[1     ]')
error:  0.00000585
('out:    ', '[0.984 ]')
('correct:', '[1     ]')
error:  0.00012228
('out:    ', '[0.997 ]')
('correct:', '[1     ]')
error:  0.00000531
('out:    ', '[0.988 ]')
('correct:', '[1     ]')
error:  0.00006998
('out:    ', '[0.99  ]')
('correct:', '[1     ]')
error:  0.00005007
('out:    ', '[0.994 ]')
('correct:', '[1     ]')
error:  0.00001627
('out:    ', '[0.964 ]')
('correct:', '[1     ]')
error:  0.00064029
('out:    ', '[0.983 ]')
('correct:', '[1     ]')
error:  0.00014959
('out:    ', '[0.997 ]')
('correct:', '[1     ]')
error:  0.00000432
('out:    ', '[0.96  ]')
('correct:', '[1     ]')
error:  0.00079743
('out:    ', '[0.985 ]')
('correct:', '[1     ]')
error:  0.00011835
('out:    ', '[0.995 ]')
('correct:', '[1     ]')
error:  0.00001134
('out:    ', '[0.857 ]')
('correct:', '[1     ]')
error:  0.01017378
('out:    ', '[0.993 ]')
('correct:', '[1     ]')
error:  0.00002633
('out:    ', '[0.995 ]')
('correct:', '[1     ]')
error:  0.00001411
('out:    ', '[0.926 ]')
('correct:', '[1     ]')
error:  0.00273604
('out:    ', '[0.989 ]')
('correct:', '[1     ]')
error:  0.00005600
('out:    ', '[0.953 ]')
('correct:', '[1     ]')
error:  0.00109289
('out:    ', '[0.99  ]')
('correct:', '[1     ]')
error:  0.00005184
('out:    ', '[0.973 ]')
('correct:', '[1     ]')
error:  0.00035457
('out:    ', '[0.961 ]')
('correct:', '[1     ]')
error:  0.00075331
('out:    ', '[0.995 ]')
('correct:', '[1     ]')
error:  0.00001055
('out:    ', '[0.994 ]')
('correct:', '[1     ]')
error:  0.00001562
('out:    ', '[0.989 ]')
('correct:', '[1     ]')
error:  0.00006489
('out:    ', '[0.907 ]')
('correct:', '[1     ]')
error:  0.00434527
('out:    ', '[0.994 ]')
('correct:', '[1     ]')
error:  0.00001848
('out:    ', '[0.996 ]')
('correct:', '[1     ]')
error:  0.00000713
('out:    ', '[0.993 ]')
('correct:', '[1     ]')
error:  0.00002415
('out:    ', '[0.971 ]')
('correct:', '[1     ]')
error:  0.00043394
('out:    ', '[0.988 ]')
('correct:', '[1     ]')
error:  0.00006638
('out:    ', '[0.61  ]')
('correct:', '[0     ]')
error:  0.18575216
('out:    ', '[0.997 ]')
('correct:', '[1     ]')
error:  0.00000330
('out:    ', '[0.753 ]')
('correct:', '[1     ]')
error:  0.03062577
('out:    ', '[0.987 ]')
('correct:', '[1     ]')
error:  0.00009027
('out:    ', '[0.933 ]')
('correct:', '[1     ]')
error:  0.00225691
('out:    ', '[0.98  ]')
('correct:', '[1     ]')
error:  0.00020574
('out:    ', '[0.495 ]')
('correct:', '[1     ]')
error:  0.12751444
('out:    ', '[0.997 ]')
('correct:', '[1     ]')
error:  0.00000529
('out:    ', '[0.983 ]')
('correct:', '[1     ]')
error:  0.00014347
('out:    ', '[0.993 ]')
('correct:', '[1     ]')
error:  0.00002421
('out:    ', '[0.996 ]')
('correct:', '[1     ]')
error:  0.00000969
('out:    ', '[0.983 ]')
('correct:', '[1     ]')
error:  0.00013875
('out:    ', '[0.996 ]')
('correct:', '[1     ]')
error:  0.00000824
('out:    ', '[0.749 ]')
('correct:', '[1     ]')
error:  0.03154034
('out:    ', '[0.996 ]')
('correct:', '[1     ]')
error:  0.00000865
('out:    ', '[0.994 ]')
('correct:', '[1     ]')
error:  0.00001617
('out:    ', '[0.987 ]')
('correct:', '[1     ]')
error:  0.00008928
('out:    ', '[0.95  ]')
('correct:', '[1     ]')
error:  0.00123417
('out:    ', '[0.994 ]')
('correct:', '[1     ]')
error:  0.00001760
('out:    ', '[0.995 ]')
('correct:', '[1     ]')
error:  0.00001105
('out:    ', '[0.829 ]')
('correct:', '[1     ]')
error:  0.01466268
('out:    ', '[0.938 ]')
('correct:', '[1     ]')
error:  0.00194453
('out:    ', '[0.993 ]')
('correct:', '[1     ]')
error:  0.00002184
('out:    ', '[0.643 ]')
('correct:', '[1     ]')
error:  0.06388831
('out:    ', '[0.997 ]')
('correct:', '[1     ]')
error:  0.00000468
('out:    ', '[0.992 ]')
('correct:', '[1     ]')
error:  0.00002950
('out:    ', '[0.958 ]')
('correct:', '[1     ]')
error:  0.00086685
('out:    ', '[0.997 ]')
('correct:', '[1     ]')
error:  0.00000410
('out:    ', '[0.995 ]')
('correct:', '[1     ]')
error:  0.00001440
('out:    ', '[0.945 ]')
('correct:', '[1     ]')
error:  0.00150801
('out:    ', '[0.997 ]')
('correct:', '[1     ]')
error:  0.00000551
('out:    ', '[0.994 ]')
('correct:', '[1     ]')
error:  0.00001843
('out:    ', '[0.997 ]')
('correct:', '[1     ]')
error:  0.00000417
('out:    ', '[0.522 ]')
('correct:', '[1     ]')
error:  0.11425203
('out:    ', '[0.989 ]')
('correct:', '[1     ]')
error:  0.00006130
('out:    ', '[0.951 ]')
('correct:', '[1     ]')
error:  0.00118880
('out:    ', '[0.958 ]')
('correct:', '[1     ]')
error:  0.00086879
('out:    ', '[0.994 ]')
('correct:', '[1     ]')
error:  0.00001844
('out:    ', '[0.994 ]')
('correct:', '[1     ]')
error:  0.00001649
('out:    ', '[0.995 ]')
('correct:', '[1     ]')
error:  0.00001356
('out:    ', '[0.996 ]')
('correct:', '[1     ]')
error:  0.00000660
('out:    ', '[0.997 ]')
('correct:', '[1     ]')
error:  0.00000426
('out:    ', '[0.997 ]')
('correct:', '[1     ]')
error:  0.00000513
('out:    ', '[0.878 ]')
('correct:', '[0     ]')
error:  0.38541713
('out:    ', '[0.995 ]')
('correct:', '[1     ]')
error:  0.00001017
('out:    ', '[0.93  ]')
('correct:', '[1     ]')
error:  0.00244757
('out:    ', '[0.996 ]')
('correct:', '[1     ]')
error:  0.00000903
('out:    ', '[0.988 ]')
('correct:', '[1     ]')
error:  0.00007073
('out:    ', '[0.978 ]')
('correct:', '[1     ]')
error:  0.00023265
('out:    ', '[0.991 ]')
('correct:', '[1     ]')
error:  0.00004138
('out:    ', '[0.993 ]')
('correct:', '[1     ]')
error:  0.00002354
('out:    ', '[0.976 ]')
('correct:', '[1     ]')
error:  0.00028375
('out:    ', '[0.99  ]')
('correct:', '[1     ]')
error:  0.00004543
('out:    ', '[0.985 ]')
('correct:', '[1     ]')
error:  0.00011376
('out:    ', '[0.782 ]')
('correct:', '[1     ]')
error:  0.02367721
('out:    ', '[0.987 ]')
('correct:', '[1     ]')
error:  0.00008742
('out:    ', '[0.994 ]')
('correct:', '[1     ]')
error:  0.00001892
('out:    ', '[0.995 ]')
('correct:', '[1     ]')
error:  0.00001253
('out:    ', '[0.86  ]')
('correct:', '[1     ]')
error:  0.00980178
('out:    ', '[0.997 ]')
('correct:', '[1     ]')
error:  0.00000421
('out:    ', '[0.997 ]')
('correct:', '[1     ]')
error:  0.00000332
('out:    ', '[0.98  ]')
('correct:', '[1     ]')
error:  0.00020036
('out:    ', '[0.989 ]')
('correct:', '[1     ]')
error:  0.00005905
('out:    ', '[0.994 ]')
('correct:', '[1     ]')
error:  0.00001988
('out:    ', '[0.994 ]')
('correct:', '[1     ]')
error:  0.00001916
('out:    ', '[0.763 ]')
('correct:', '[1     ]')
error:  0.02802392
('out:    ', '[0.995 ]')
('correct:', '[1     ]')
error:  0.00001281
('out:    ', '[0.674 ]')
('correct:', '[1     ]')
error:  0.05308560
('out:    ', '[0.78  ]')
('correct:', '[0     ]')
error:  0.30382099
('out:    ', '[0.988 ]')
('correct:', '[1     ]')
error:  0.00007446
('out:    ', '[0.985 ]')
('correct:', '[1     ]')
error:  0.00011102
('out:    ', '[0.987 ]')
('correct:', '[1     ]')
error:  0.00008887
('out:    ', '[0.995 ]')
('correct:', '[1     ]')
error:  0.00001070
('out:    ', '[0.871 ]')
('correct:', '[1     ]')
error:  0.00834056
('out:    ', '[0.997 ]')
('correct:', '[1     ]')
error:  0.00000602
('out:    ', '[0.859 ]')
('correct:', '[1     ]')
error:  0.00997287
('out:    ', '[0.963 ]')
('correct:', '[1     ]')
error:  0.00069209
('out:    ', '[0.996 ]')
('correct:', '[1     ]')
error:  0.00000765
('out:    ', '[0.996 ]')
('correct:', '[1     ]')
error:  0.00000679
('out:    ', '[0.991 ]')
('correct:', '[1     ]')
error:  0.00004043
('out:    ', '[0.98  ]')
('correct:', '[1     ]')
error:  0.00019707
('out:    ', '[0.991 ]')
('correct:', '[1     ]')
error:  0.00003950
('out:    ', '[0.985 ]')
('correct:', '[1     ]')
error:  0.00010986
('out:    ', '[0.996 ]')
('correct:', '[1     ]')
error:  0.00000623
('out:    ', '[0.975 ]')
('correct:', '[1     ]')
error:  0.00030420
('out:    ', '[0.993 ]')
('correct:', '[1     ]')
error:  0.00002533
('out:    ', '[0.997 ]')
('correct:', '[1     ]')
error:  0.00000542
('out:    ', '[0.988 ]')
('correct:', '[1     ]')
error:  0.00006897
('out:    ', '[0.994 ]')
('correct:', '[1     ]')
error:  0.00001682
('out:    ', '[0.99  ]')
('correct:', '[1     ]')
error:  0.00004793
('out:    ', '[0.989 ]')
('correct:', '[1     ]')
error:  0.00005722
('out:    ', '[0.807 ]')
('correct:', '[1     ]')
error:  0.01854794
('out:    ', '[0.995 ]')
('correct:', '[1     ]')
error:  0.00001015
('out:    ', '[0.981 ]')
('correct:', '[1     ]')
error:  0.00018315
('out:    ', '[0.965 ]')
('correct:', '[1     ]')
error:  0.00059771
('out:    ', '[0.995 ]')
('correct:', '[1     ]')
error:  0.00001268
('out:    ', '[0.996 ]')
('correct:', '[1     ]')
error:  0.00000809
('out:    ', '[0.995 ]')
('correct:', '[1     ]')
error:  0.00001365
('out:    ', '[0.997 ]')
('correct:', '[1     ]')
error:  0.00000527
('out:    ', '[0.997 ]')
('correct:', '[1     ]')
error:  0.00000481
('out:    ', '[0.978 ]')
('correct:', '[1     ]')
error:  0.00024444
('out:    ', '[0.987 ]')
('correct:', '[1     ]')
error:  0.00007920
('out:    ', '[0.988 ]')
('correct:', '[1     ]')
error:  0.00007058
('out:    ', '[0.964 ]')
('correct:', '[1     ]')
error:  0.00066017
('out:    ', '[0.977 ]')
('correct:', '[1     ]')
error:  0.00027046
('out:    ', '[0.995 ]')
('correct:', '[1     ]')
error:  0.00001068
('out:    ', '[0.891 ]')
('correct:', '[1     ]')
error:  0.00589964
('out:    ', '[0.977 ]')
('correct:', '[1     ]')
error:  0.00026644
('out:    ', '[0.752 ]')
('correct:', '[1     ]')
error:  0.03070785
('out:    ', '[0.995 ]')
('correct:', '[1     ]')
error:  0.00001025
('out:    ', '[0.995 ]')
('correct:', '[1     ]')
error:  0.00001369
('out:    ', '[0.988 ]')
('correct:', '[1     ]')
error:  0.00006735
('out:    ', '[0.984 ]')
('correct:', '[1     ]')
error:  0.00012351
('out:    ', '[0.979 ]')
('correct:', '[1     ]')
error:  0.00021528
('out:    ', '[0.994 ]')
('correct:', '[1     ]')
error:  0.00001790
('out:    ', '[0.993 ]')
('correct:', '[1     ]')
error:  0.00002609
('out:    ', '[0.995 ]')
('correct:', '[1     ]')
error:  0.00001210
('out:    ', '[0.978 ]')
('correct:', '[1     ]')
error:  0.00023837
('out:    ', '[0.997 ]')
('correct:', '[1     ]')
error:  0.00000458
('out:    ', '[0.848 ]')
('correct:', '[1     ]')
error:  0.01159296
('out:    ', '[0.996 ]')
('correct:', '[1     ]')
error:  0.00000915
('out:    ', '[0.996 ]')
('correct:', '[1     ]')
error:  0.00000922
('out:    ', '[0.996 ]')
('correct:', '[1     ]')
error:  0.00000619
('out:    ', '[0.997 ]')
('correct:', '[1     ]')
error:  0.00000559
('out:    ', '[0.997 ]')
('correct:', '[1     ]')
error:  0.00000340
('out:    ', '[0.991 ]')
('correct:', '[1     ]')
error:  0.00003908
('out:    ', '[0.996 ]')
('correct:', '[1     ]')
error:  0.00000691
('out:    ', '[0.996 ]')
('correct:', '[1     ]')
error:  0.00000702
('out:    ', '[0.991 ]')
('correct:', '[1     ]')
error:  0.00003988
('out:    ', '[0.993 ]')
('correct:', '[1     ]')
error:  0.00002120
('out:    ', '[0.985 ]')
('correct:', '[1     ]')
error:  0.00011733
('out:    ', '[0.995 ]')
('correct:', '[1     ]')
error:  0.00001202
('out:    ', '[0.798 ]')
('correct:', '[1     ]')
error:  0.02038152
('out:    ', '[0.989 ]')
('correct:', '[1     ]')
error:  0.00005540
('out:    ', '[0.992 ]')
('correct:', '[1     ]')
error:  0.00003342
('out:    ', '[0.958 ]')
('correct:', '[1     ]')
error:  0.00086210
('out:    ', '[0.994 ]')
('correct:', '[1     ]')
error:  0.00001645
('out:    ', '[0.784 ]')
('correct:', '[1     ]')
error:  0.02328064
('out:    ', '[0.995 ]')
('correct:', '[1     ]')
error:  0.00001203
('out:    ', '[0.877 ]')
('correct:', '[1     ]')
error:  0.00762590
('out:    ', '[0.469 ]')
('correct:', '[1     ]')
error:  0.14119196
('out:    ', '[0.997 ]')
('correct:', '[1     ]')
error:  0.00000559
('out:    ', '[0.924 ]')
('correct:', '[1     ]')
error:  0.00289482
('out:    ', '[0.99  ]')
('correct:', '[1     ]')
error:  0.00005220
('out:    ', '[0.922 ]')
('correct:', '[1     ]')
error:  0.00308071
('out:    ', '[0.997 ]')
('correct:', '[1     ]')
error:  0.00000347
('out:    ', '[0.908 ]')
('correct:', '[1     ]')
error:  0.00422840
('out:    ', '[0.997 ]')
('correct:', '[1     ]')
error:  0.00000528
('out:    ', '[0.995 ]')
('correct:', '[1     ]')
error:  0.00001072
('out:    ', '[0.968 ]')
('correct:', '[1     ]')
error:  0.00050936
('out:    ', '[0.993 ]')
('correct:', '[1     ]')
error:  0.00002224
('out:    ', '[0.989 ]')
('correct:', '[1     ]')
error:  0.00005780
('out:    ', '[0.932 ]')
('correct:', '[1     ]')
error:  0.00233136
('out:    ', '[0.996 ]')
('correct:', '[1     ]')
error:  0.00000752
('out:    ', '[0.994 ]')
('correct:', '[1     ]')
error:  0.00001717
('out:    ', '[0.732 ]')
('correct:', '[1     ]')
error:  0.03587649
('out:    ', '[0.757 ]')
('correct:', '[1     ]')
error:  0.02940871
('out:    ', '[0.982 ]')
('correct:', '[1     ]')
error:  0.00016151
('out:    ', '[0.992 ]')
('correct:', '[1     ]')
error:  0.00003517
('out:    ', '[0.995 ]')
('correct:', '[1     ]')
error:  0.00001458
('out:    ', '[0.988 ]')
('correct:', '[1     ]')
error:  0.00007748
('out:    ', '[0.977 ]')
('correct:', '[1     ]')
error:  0.00026939
('out:    ', '[0.843 ]')
('correct:', '[1     ]')
error:  0.01227708
('out:    ', '[0.908 ]')
('correct:', '[1     ]')
error:  0.00421948
('out:    ', '[0.901 ]')
('correct:', '[1     ]')
error:  0.00486994
('out:    ', '[0.987 ]')
('correct:', '[1     ]')
error:  0.00008168
('out:    ', '[0.991 ]')
('correct:', '[1     ]')
error:  0.00004283
('out:    ', '[0.996 ]')
('correct:', '[1     ]')
error:  0.00000653
('out:    ', '[0.984 ]')
('correct:', '[1     ]')
error:  0.00013193
('out:    ', '[0.992 ]')
('correct:', '[1     ]')
error:  0.00003319
('out:    ', '[0.997 ]')
('correct:', '[1     ]')
error:  0.00000381
('out:    ', '[0.992 ]')
('correct:', '[1     ]')
error:  0.00003370
('out:    ', '[0.995 ]')
('correct:', '[1     ]')
error:  0.00001290
('out:    ', '[0.996 ]')
('correct:', '[1     ]')
error:  0.00000987
('out:    ', '[0.996 ]')
('correct:', '[1     ]')
error:  0.00000948
('out:    ', '[0.988 ]')
('correct:', '[1     ]')
error:  0.00007424
('out:    ', '[0.944 ]')
('correct:', '[1     ]')
error:  0.00158108
('out:    ', '[0.952 ]')
('correct:', '[1     ]')
error:  0.00117008
('out:    ', '[0.996 ]')
('correct:', '[1     ]')
error:  0.00000651
('out:    ', '[0.957 ]')
('correct:', '[1     ]')
error:  0.00092085
('out:    ', '[0.997 ]')
('correct:', '[1     ]')
error:  0.00000579
('out:    ', '[0.848 ]')
('correct:', '[1     ]')
error:  0.01154523
('out:    ', '[0.996 ]')
('correct:', '[1     ]')
error:  0.00000638
('out:    ', '[0.818 ]')
('correct:', '[1     ]')
error:  0.01659493
('out:    ', '[0.993 ]')
('correct:', '[1     ]')
error:  0.00002187
('out:    ', '[0.995 ]')
('correct:', '[1     ]')
error:  0.00001196
('out:    ', '[0.997 ]')
('correct:', '[1     ]')
error:  0.00000529
('out:    ', '[0.866 ]')
('correct:', '[1     ]')
error:  0.00900023
('out:    ', '[0.994 ]')
('correct:', '[1     ]')
error:  0.00001715
('out:    ', '[0.994 ]')
('correct:', '[1     ]')
error:  0.00001984
('out:    ', '[0.997 ]')
('correct:', '[1     ]')
error:  0.00000358
('out:    ', '[0.97  ]')
('correct:', '[1     ]')
error:  0.00045886
('out:    ', '[0.99  ]')
('correct:', '[1     ]')
error:  0.00005416
('out:    ', '[0.987 ]')
('correct:', '[1     ]')
error:  0.00008572
('out:    ', '[0.992 ]')
('correct:', '[1     ]')
error:  0.00003286
('out:    ', '[0.993 ]')
('correct:', '[1     ]')
error:  0.00002634
('out:    ', '[0.987 ]')
('correct:', '[1     ]')
error:  0.00008772
('out:    ', '[0.948 ]')
('correct:', '[1     ]')
error:  0.00135396
('out:    ', '[0.995 ]')
('correct:', '[1     ]')
error:  0.00001405
('out:    ', '[0.975 ]')
('correct:', '[1     ]')
error:  0.00030364
('out:    ', '[0.991 ]')
('correct:', '[1     ]')
error:  0.00003651
('out:    ', '[0.995 ]')
('correct:', '[1     ]')
error:  0.00001052
('out:    ', '[0.995 ]')
('correct:', '[1     ]')
error:  0.00001098
('out:    ', '[0.989 ]')
('correct:', '[1     ]')
error:  0.00006136
('out:    ', '[0.993 ]')
('correct:', '[1     ]')
error:  0.00002431
('out:    ', '[0.994 ]')
('correct:', '[1     ]')
error:  0.00001842
('out:    ', '[0.777 ]')
('correct:', '[1     ]')
error:  0.02475988
('out:    ', '[0.995 ]')
('correct:', '[1     ]')
error:  0.00001407
('out:    ', '[0.976 ]')
('correct:', '[1     ]')
error:  0.00027688
('out:    ', '[0.996 ]')
('correct:', '[1     ]')
error:  0.00000776
('out:    ', '[0.888 ]')
('correct:', '[1     ]')
error:  0.00631910
('out:    ', '[0.992 ]')
('correct:', '[1     ]')
error:  0.00002914
('out:    ', '[0.996 ]')
('correct:', '[1     ]')
error:  0.00000948
('out:    ', '[0.993 ]')
('correct:', '[1     ]')
error:  0.00002642
('out:    ', '[0.989 ]')
('correct:', '[1     ]')
error:  0.00005677
('out:    ', '[0.996 ]')
('correct:', '[1     ]')
error:  0.00000839
('out:    ', '[0.995 ]')
('correct:', '[1     ]')
error:  0.00001392
('out:    ', '[0.993 ]')
('correct:', '[1     ]')
error:  0.00002471
('out:    ', '[0.996 ]')
('correct:', '[1     ]')
error:  0.00000672
('out:    ', '[0.983 ]')
('correct:', '[1     ]')
error:  0.00013952
('out:    ', '[0.956 ]')
('correct:', '[1     ]')
error:  0.00097655
('out:    ', '[0.993 ]')
('correct:', '[1     ]')
error:  0.00002691
('out:    ', '[0.974 ]')
('correct:', '[1     ]')
error:  0.00033169
('out:    ', '[0.974 ]')
('correct:', '[1     ]')
error:  0.00033426
('out:    ', '[0.997 ]')
('correct:', '[1     ]')
error:  0.00000533
('out:    ', '[0.998 ]')
('correct:', '[1     ]')
error:  0.00000303
('out:    ', '[0.99  ]')
('correct:', '[1     ]')
error:  0.00005142
('out:    ', '[0.813 ]')
('correct:', '[1     ]')
error:  0.01755290
('out:    ', '[0.995 ]')
('correct:', '[1     ]')
error:  0.00001507
('out:    ', '[0.997 ]')
('correct:', '[1     ]')
error:  0.00000338
('out:    ', '[0.983 ]')
('correct:', '[1     ]')
error:  0.00014459
('out:    ', '[0.997 ]')
('correct:', '[1     ]')
error:  0.00000580
('out:    ', '[0.997 ]')
('correct:', '[1     ]')
error:  0.00000587
('out:    ', '[0.996 ]')
('correct:', '[1     ]')
error:  0.00000716
('out:    ', '[0.997 ]')
('correct:', '[1     ]')
error:  0.00000412
('out:    ', '[0.994 ]')
('correct:', '[1     ]')
error:  0.00001707
('out:    ', '[0.962 ]')
('correct:', '[1     ]')
error:  0.00071870
('out:    ', '[0.93  ]')
('correct:', '[1     ]')
error:  0.00243182
('out:    ', '[0.986 ]')
('correct:', '[1     ]')
error:  0.00009179
('out:    ', '[0.393 ]')
('correct:', '[1     ]')
error:  0.18432846
('out:    ', '[0.974 ]')
('correct:', '[1     ]')
error:  0.00033491
('out:    ', '[0.994 ]')
('correct:', '[1     ]')
error:  0.00001887
('out:    ', '[0.994 ]')
('correct:', '[1     ]')
error:  0.00001939
('out:    ', '[0.997 ]')
('correct:', '[1     ]')
error:  0.00000377
('out:    ', '[0.146 ]')
('correct:', '[1     ]')
error:  0.36469660
('out:    ', '[0.995 ]')
('correct:', '[1     ]')
error:  0.00001270
('out:    ', '[0.99  ]')
('correct:', '[1     ]')
error:  0.00005020
('out:    ', '[0.956 ]')
('correct:', '[1     ]')
error:  0.00097062
('out:    ', '[0.971 ]')
('correct:', '[1     ]')
error:  0.00043125
('out:    ', '[0.993 ]')
('correct:', '[1     ]')
error:  0.00002509
('out:    ', '[0.99  ]')
('correct:', '[1     ]')
error:  0.00005491
('out:    ', '[0.973 ]')
('correct:', '[1     ]')
error:  0.00036716
('out:    ', '[0.992 ]')
('correct:', '[1     ]')
error:  0.00002859
('out:    ', '[0.962 ]')
('correct:', '[1     ]')
error:  0.00070521
('out:    ', '[0.992 ]')
('correct:', '[1     ]')
error:  0.00002948
('out:    ', '[0.992 ]')
('correct:', '[1     ]')
error:  0.00003602
('out:    ', '[0.751 ]')
('correct:', '[1     ]')
error:  0.03111984
('out:    ', '[0.966 ]')
('correct:', '[1     ]')
error:  0.00056262
('out:    ', '[0.992 ]')
('correct:', '[1     ]')
error:  0.00003052
('out:    ', '[0.982 ]')
('correct:', '[1     ]')
error:  0.00015651
('out:    ', '[0.951 ]')
('correct:', '[1     ]')
error:  0.00119718
('out:    ', '[0.994 ]')
('correct:', '[1     ]')
error:  0.00001528
('out:    ', '[0.997 ]')
('correct:', '[1     ]')
error:  0.00000526
('out:    ', '[0.992 ]')
('correct:', '[1     ]')
error:  0.00002856
('out:    ', '[0.944 ]')
('correct:', '[1     ]')
error:  0.00154855
('out:    ', '[0.994 ]')
('correct:', '[1     ]')
error:  0.00001638
('out:    ', '[0.991 ]')
('correct:', '[1     ]')
error:  0.00004199
('out:    ', '[0.996 ]')
('correct:', '[1     ]')
error:  0.00000983
('out:    ', '[0.994 ]')
('correct:', '[1     ]')
error:  0.00001561
('out:    ', '[0.997 ]')
('correct:', '[1     ]')
error:  0.00000393
('out:    ', '[0.997 ]')
('correct:', '[1     ]')
error:  0.00000521
('out:    ', '[0.894 ]')
('correct:', '[1     ]')
error:  0.00563278
('out:    ', '[0.994 ]')
('correct:', '[1     ]')
error:  0.00001947
('out:    ', '[0.997 ]')
('correct:', '[1     ]')
error:  0.00000564
('out:    ', '[0.991 ]')
('correct:', '[1     ]')
error:  0.00003692
('out:    ', '[0.94  ]')
('correct:', '[1     ]')
error:  0.00177438
('out:    ', '[0.995 ]')
('correct:', '[1     ]')
error:  0.00001061
('out:    ', '[0.993 ]')
('correct:', '[1     ]')
error:  0.00002680
('out:    ', '[0.99  ]')
('correct:', '[1     ]')
error:  0.00004856
('out:    ', '[0.561 ]')
('correct:', '[1     ]')
error:  0.09636222
('out:    ', '[0.872 ]')
('correct:', '[1     ]')
error:  0.00824881
('out:    ', '[0.976 ]')
('correct:', '[1     ]')
error:  0.00029284
('out:    ', '[0.996 ]')
('correct:', '[1     ]')
error:  0.00000962
('out:    ', '[0.827 ]')
('correct:', '[1     ]')
error:  0.01499725
('out:    ', '[0.996 ]')
('correct:', '[1     ]')
error:  0.00000895
('out:    ', '[0.93  ]')
('correct:', '[1     ]')
error:  0.00242882
('out:    ', '[0.996 ]')
('correct:', '[1     ]')
error:  0.00000947
('out:    ', '[0.986 ]')
('correct:', '[1     ]')
error:  0.00010427
('out:    ', '[0.978 ]')
('correct:', '[1     ]')
error:  0.00024403
('out:    ', '[0.967 ]')
('correct:', '[1     ]')
error:  0.00054720
('out:    ', '[0.993 ]')
('correct:', '[1     ]')
error:  0.00002728
('out:    ', '[0.994 ]')
('correct:', '[1     ]')
error:  0.00001613
('out:    ', '[0.994 ]')
('correct:', '[1     ]')
error:  0.00002031
('out:    ', '[0.962 ]')
('correct:', '[1     ]')
error:  0.00073076
('out:    ', '[0.985 ]')
('correct:', '[1     ]')
error:  0.00011825
('out:    ', '[0.993 ]')
('correct:', '[1     ]')
error:  0.00002776
('out:    ', '[0.997 ]')
('correct:', '[1     ]')
error:  0.00000523
('out:    ', '[0.996 ]')
('correct:', '[1     ]')
error:  0.00000996
('out:    ', '[0.978 ]')
('correct:', '[1     ]')
error:  0.00023616
('out:    ', '[0.994 ]')
('correct:', '[1     ]')
error:  0.00001808
('out:    ', '[0.759 ]')
('correct:', '[1     ]')
error:  0.02913363
('out:    ', '[0.996 ]')
('correct:', '[1     ]')
error:  0.00000831
('out:    ', '[0.993 ]')
('correct:', '[1     ]')
error:  0.00002492
('out:    ', '[0.988 ]')
('correct:', '[1     ]')
error:  0.00006977
('out:    ', '[0.986 ]')
('correct:', '[1     ]')
error:  0.00010096
('out:    ', '[0.986 ]')
('correct:', '[1     ]')
error:  0.00009547
('out:    ', '[0.997 ]')
('correct:', '[1     ]')
error:  0.00000330
('out:    ', '[0.934 ]')
('correct:', '[1     ]')
error:  0.00220014
('out:    ', '[0.995 ]')
('correct:', '[1     ]')
error:  0.00001030
('out:    ', '[0.967 ]')
('correct:', '[1     ]')
error:  0.00054290
('out:    ', '[0.996 ]')
('correct:', '[1     ]')
error:  0.00000639
('out:    ', '[0.994 ]')
('correct:', '[1     ]')
error:  0.00001804
('out:    ', '[0.992 ]')
('correct:', '[1     ]')
error:  0.00003154
('out:    ', '[0.993 ]')
('correct:', '[1     ]')
error:  0.00002519
('out:    ', '[0.994 ]')
('correct:', '[1     ]')
error:  0.00001889
('out:    ', '[0.91  ]')
('correct:', '[0     ]')
error:  0.41402719
('out:    ', '[0.978 ]')
('correct:', '[1     ]')
error:  0.00023367
('out:    ', '[0.996 ]')
('correct:', '[1     ]')
error:  0.00000668
('out:    ', '[0.995 ]')
('correct:', '[1     ]')
error:  0.00001067
('out:    ', '[0.986 ]')
('correct:', '[1     ]')
error:  0.00009749
('out:    ', '[0.997 ]')
('correct:', '[1     ]')
error:  0.00000485
('out:    ', '[0.996 ]')
('correct:', '[1     ]')
error:  0.00000705
('out:    ', '[0.984 ]')
('correct:', '[1     ]')
error:  0.00012066
('out:    ', '[0.946 ]')
('correct:', '[1     ]')
error:  0.00148308
('out:    ', '[0.997 ]')
('correct:', '[1     ]')
error:  0.00000474
('out:    ', '[0.382 ]')
('correct:', '[1     ]')
error:  0.19092404
('out:    ', '[0.943 ]')
('correct:', '[1     ]')
error:  0.00162511
('out:    ', '[0.989 ]')
('correct:', '[1     ]')
error:  0.00005963
('out:    ', '[0.978 ]')
('correct:', '[1     ]')
error:  0.00024779
('out:    ', '[0.995 ]')
('correct:', '[1     ]')
error:  0.00001025
('out:    ', '[0.994 ]')
('correct:', '[1     ]')
error:  0.00001855
('out:    ', '[0.983 ]')
('correct:', '[1     ]')
error:  0.00014335
('out:    ', '[0.887 ]')
('correct:', '[1     ]')
error:  0.00643167
('out:    ', '[0.992 ]')
('correct:', '[1     ]')
error:  0.00002898
('out:    ', '[0.946 ]')
('correct:', '[1     ]')
error:  0.00148007
('out:    ', '[0.986 ]')
('correct:', '[1     ]')
error:  0.00010130
('out:    ', '[0.988 ]')
('correct:', '[1     ]')
error:  0.00007360
('out:    ', '[0.987 ]')
('correct:', '[1     ]')
error:  0.00008239
('out:    ', '[0.987 ]')
('correct:', '[1     ]')
error:  0.00008838
('out:    ', '[0.997 ]')
('correct:', '[1     ]')
error:  0.00000539
('out:    ', '[0.986 ]')
('correct:', '[1     ]')
error:  0.00009726
('out:    ', '[0.926 ]')
('correct:', '[1     ]')
error:  0.00277493
('out:    ', '[0.739 ]')
('correct:', '[1     ]')
error:  0.03416258
('out:    ', '[0.552 ]')
('correct:', '[1     ]')
error:  0.10033822
('out:    ', '[0.336 ]')
('correct:', '[1     ]')
error:  0.22028129
('out:    ', '[0.994 ]')
('correct:', '[1     ]')
error:  0.00001732
('out:    ', '[0.651 ]')
('correct:', '[1     ]')
error:  0.06089668
('out:    ', '[0.997 ]')
('correct:', '[1     ]')
error:  0.00000324
('out:    ', '[0.984 ]')
('correct:', '[1     ]')
error:  0.00012155
('out:    ', '[0.993 ]')
('correct:', '[1     ]')
error:  0.00002569
('out:    ', '[0.986 ]')
('correct:', '[1     ]')
error:  0.00010455
('out:    ', '[0.994 ]')
('correct:', '[1     ]')
error:  0.00002044
('out:    ', '[0.988 ]')
('correct:', '[1     ]')
error:  0.00007376
('out:    ', '[0.683 ]')
('correct:', '[1     ]')
error:  0.05031643
('out:    ', '[0.988 ]')
('correct:', '[1     ]')
error:  0.00006709
('out:    ', '[0.926 ]')
('correct:', '[1     ]')
error:  0.00272840
('out:    ', '[0.995 ]')
('correct:', '[1     ]')
error:  0.00001025
('out:    ', '[0.974 ]')
('correct:', '[1     ]')
error:  0.00034288
('out:    ', '[0.885 ]')
('correct:', '[1     ]')
error:  0.00657318
('out:    ', '[0.994 ]')
('correct:', '[1     ]')
error:  0.00002056
('out:    ', '[0.856 ]')
('correct:', '[1     ]')
error:  0.01033548
('out:    ', '[0.992 ]')
('correct:', '[1     ]')
error:  0.00002898
('out:    ', '[0.995 ]')
('correct:', '[1     ]')
error:  0.00001099
('out:    ', '[0.96  ]')
('correct:', '[1     ]')
error:  0.00078667
('out:    ', '[0.993 ]')
('correct:', '[1     ]')
error:  0.00002686
('out:    ', '[0.997 ]')
('correct:', '[1     ]')
error:  0.00000547
('out:    ', '[0.99  ]')
('correct:', '[1     ]')
error:  0.00004970
('out:    ', '[0.985 ]')
('correct:', '[1     ]')
error:  0.00011930
('out:    ', '[0.933 ]')
('correct:', '[1     ]')
error:  0.00223053
('out:    ', '[0.758 ]')
('correct:', '[1     ]')
error:  0.02939255
('out:    ', '[0.985 ]')
('correct:', '[1     ]')
error:  0.00010858
('out:    ', '[0.994 ]')
('correct:', '[1     ]')
error:  0.00001721
('out:    ', '[0.967 ]')
('correct:', '[1     ]')
error:  0.00056042
('out:    ', '[0.816 ]')
('correct:', '[1     ]')
error:  0.01691404
('out:    ', '[0.994 ]')
('correct:', '[1     ]')
error:  0.00001877
('out:    ', '[0.804 ]')
('correct:', '[1     ]')
error:  0.01930462
('out:    ', '[0.99  ]')
('correct:', '[1     ]')
error:  0.00004946
('out:    ', '[0.967 ]')
('correct:', '[1     ]')
error:  0.00054206
('out:    ', '[0.89  ]')
('correct:', '[1     ]')
error:  0.00604187
('out:    ', '[0.987 ]')
('correct:', '[1     ]')
error:  0.00008073
('out:    ', '[0.966 ]')
('correct:', '[1     ]')
error:  0.00059427
('out:    ', '[0.996 ]')
('correct:', '[1     ]')
error:  0.00000839
('out:    ', '[0.998 ]')
('correct:', '[1     ]')
error:  0.00000261
('out:    ', '[0.996 ]')
('correct:', '[1     ]')
error:  0.00000941
('out:    ', '[0.996 ]')
('correct:', '[1     ]')
error:  0.00000997
('out:    ', '[0.997 ]')
('correct:', '[1     ]')
error:  0.00000530
('out:    ', '[0.995 ]')
('correct:', '[1     ]')
error:  0.00001296
('out:    ', '[0.962 ]')
('correct:', '[1     ]')
error:  0.00071765
('out:    ', '[0.993 ]')
('correct:', '[1     ]')
error:  0.00002586
('out:    ', '[0.997 ]')
('correct:', '[1     ]')
error:  0.00000608
('out:    ', '[0.996 ]')
('correct:', '[1     ]')
error:  0.00000875
('out:    ', '[0.996 ]')
('correct:', '[1     ]')
error:  0.00000846
('out:    ', '[0.992 ]')
('correct:', '[1     ]')
error:  0.00003258
('out:    ', '[0.931 ]')
('correct:', '[1     ]')
error:  0.00239797
('out:    ', '[0.992 ]')
('correct:', '[1     ]')
error:  0.00003076
('out:    ', '[0.662 ]')
('correct:', '[1     ]')
error:  0.05727822
('out:    ', '[0.992 ]')
('correct:', '[1     ]')
error:  0.00003355
('out:    ', '[0.941 ]')
('correct:', '[1     ]')
error:  0.00173934
('out:    ', '[0.995 ]')
('correct:', '[1     ]')
error:  0.00001099
('out:    ', '[0.995 ]')
('correct:', '[1     ]')
error:  0.00001021
('out:    ', '[0.997 ]')
('correct:', '[1     ]')
error:  0.00000557
('out:    ', '[0.988 ]')
('correct:', '[1     ]')
error:  0.00007686
('out:    ', '[0.572 ]')
('correct:', '[1     ]')
error:  0.09138646
('out:    ', '[0.362 ]')
('correct:', '[1     ]')
error:  0.20377905
('out:    ', '[0.994 ]')
('correct:', '[1     ]')
error:  0.00001796
('out:    ', '[0.984 ]')
('correct:', '[1     ]')
error:  0.00012652
('out:    ', '[0.989 ]')
('correct:', '[1     ]')
error:  0.00006375
('out:    ', '[0.993 ]')
('correct:', '[1     ]')
error:  0.00002646
('out:    ', '[0.991 ]')
('correct:', '[1     ]')
error:  0.00003777
('out:    ', '[0.985 ]')
('correct:', '[1     ]')
error:  0.00011772
('out:    ', '[0.99  ]')
('correct:', '[1     ]')
error:  0.00004793
('out:    ', '[0.996 ]')
('correct:', '[1     ]')
error:  0.00000761
('out:    ', '[0.994 ]')
('correct:', '[1     ]')
error:  0.00002031
('out:    ', '[0.703 ]')
('correct:', '[1     ]')
error:  0.04400755
('out:    ', '[0.995 ]')
('correct:', '[1     ]')
error:  0.00001255
('out:    ', '[0.952 ]')
('correct:', '[1     ]')
error:  0.00114680
('out:    ', '[0.993 ]')
('correct:', '[1     ]')
error:  0.00002295
('out:    ', '[0.885 ]')
('correct:', '[1     ]')
error:  0.00664795
('out:    ', '[0.951 ]')
('correct:', '[1     ]')
error:  0.00122301
('out:    ', '[0.994 ]')
('correct:', '[1     ]')
error:  0.00001974
('out:    ', '[0.995 ]')
('correct:', '[1     ]')
error:  0.00001075
('out:    ', '[0.99  ]')
('correct:', '[1     ]')
error:  0.00005033
('out:    ', '[0.994 ]')
('correct:', '[1     ]')
error:  0.00001644
('out:    ', '[0.945 ]')
('correct:', '[1     ]')
error:  0.00152352
('out:    ', '[0.991 ]')
('correct:', '[1     ]')
error:  0.00004140
('out:    ', '[0.985 ]')
('correct:', '[1     ]')
error:  0.00011816
('out:    ', '[0.997 ]')
('correct:', '[1     ]')
error:  0.00000329
('out:    ', '[0.995 ]')
('correct:', '[1     ]')
error:  0.00001217
('out:    ', '[0.973 ]')
('correct:', '[1     ]')
error:  0.00037469
('out:    ', '[0.991 ]')
('correct:', '[1     ]')
error:  0.00003984
('out:    ', '[0.829 ]')
('correct:', '[1     ]')
error:  0.01464082
('out:    ', '[0.929 ]')
('correct:', '[1     ]')
error:  0.00255162
('out:    ', '[0.566 ]')
('correct:', '[1     ]')
error:  0.09397621
('out:    ', '[0.987 ]')
('correct:', '[1     ]')
error:  0.00008169
('out:    ', '[0.969 ]')
('correct:', '[1     ]')
error:  0.00046797
('out:    ', '[0.995 ]')
('correct:', '[1     ]')
error:  0.00001180
('out:    ', '[0.918 ]')
('correct:', '[0     ]')
error:  0.42116921
('out:    ', '[0.996 ]')
('correct:', '[1     ]')
error:  0.00001004
('out:    ', '[0.908 ]')
('correct:', '[1     ]')
error:  0.00422103
('out:    ', '[0.988 ]')
('correct:', '[1     ]')
error:  0.00007608
('out:    ', '[0.953 ]')
('correct:', '[1     ]')
error:  0.00112310
('out:    ', '[0.883 ]')
('correct:', '[1     ]')
error:  0.00680528
('out:    ', '[0.994 ]')
('correct:', '[1     ]')
error:  0.00001842
('out:    ', '[0.997 ]')
('correct:', '[1     ]')
error:  0.00000527
('out:    ', '[0.995 ]')
('correct:', '[1     ]')
error:  0.00001129
('out:    ', '[0.99  ]')
('correct:', '[1     ]')
error:  0.00004707
('out:    ', '[0.995 ]')
('correct:', '[1     ]')
error:  0.00001042
('out:    ', '[0.984 ]')
('correct:', '[1     ]')
error:  0.00012530
('out:    ', '[0.997 ]')
('correct:', '[1     ]')
error:  0.00000551
('out:    ', '[0.991 ]')
('correct:', '[1     ]')
error:  0.00003797
('out:    ', '[0.996 ]')
('correct:', '[1     ]')
error:  0.00000806
('out:    ', '[0.981 ]')
('correct:', '[1     ]')
error:  0.00017162
('out:    ', '[0.995 ]')
('correct:', '[1     ]')
error:  0.00001038
('out:    ', '[0.899 ]')
('correct:', '[1     ]')
error:  0.00510119
('out:    ', '[0.995 ]')
('correct:', '[1     ]')
error:  0.00001208
('out:    ', '[0.994 ]')
('correct:', '[1     ]')
error:  0.00001869
('out:    ', '[0.989 ]')
('correct:', '[1     ]')
error:  0.00005667
('out:    ', '[0.97  ]')
('correct:', '[1     ]')
error:  0.00044579
('out:    ', '[0.995 ]')
('correct:', '[1     ]')
error:  0.00001039
('out:    ', '[0.994 ]')
('correct:', '[1     ]')
error:  0.00002051
('out:    ', '[0.989 ]')
('correct:', '[1     ]')
error:  0.00005853
('out:    ', '[0.912 ]')
('correct:', '[1     ]')
error:  0.00390521
('out:    ', '[0.984 ]')
('correct:', '[1     ]')
error:  0.00013131
('out:    ', '[0.993 ]')
('correct:', '[1     ]')
error:  0.00002280
('out:    ', '[0.997 ]')
('correct:', '[1     ]')
error:  0.00000547
('out:    ', '[0.609 ]')
('correct:', '[1     ]')
error:  0.07645892
('out:    ', '[0.761 ]')
('correct:', '[1     ]')
error:  0.02865250
('out:    ', '[0.997 ]')
('correct:', '[1     ]')
error:  0.00000501
('out:    ', '[0.939 ]')
('correct:', '[1     ]')
error:  0.00187771
('out:    ', '[0.99  ]')
('correct:', '[1     ]')
error:  0.00005250
('out:    ', '[0.995 ]')
('correct:', '[1     ]')
error:  0.00001026
('out:    ', '[0.972 ]')
('correct:', '[1     ]')
error:  0.00039460
('out:    ', '[0.995 ]')
('correct:', '[1     ]')
error:  0.00001078
('out:    ', '[0.953 ]')
('correct:', '[1     ]')
error:  0.00112470
('out:    ', '[0.945 ]')
('correct:', '[1     ]')
error:  0.00151381
('out:    ', '[0.997 ]')
('correct:', '[1     ]')
error:  0.00000338
('out:    ', '[0.986 ]')
('correct:', '[1     ]')
error:  0.00010392
('out:    ', '[0.977 ]')
('correct:', '[1     ]')
error:  0.00025965
('out:    ', '[0.931 ]')
('correct:', '[1     ]')
error:  0.00238839
('out:    ', '[0.992 ]')
('correct:', '[1     ]')
error:  0.00003116
('out:    ', '[0.707 ]')
('correct:', '[0     ]')
error:  0.24988406
('out:    ', '[0.996 ]')
('correct:', '[1     ]')
error:  0.00000668
('out:    ', '[0.997 ]')
('correct:', '[1     ]')
error:  0.00000525
('out:    ', '[0.995 ]')
('correct:', '[1     ]')
error:  0.00001065
('out:    ', '[0.984 ]')
('correct:', '[1     ]')
error:  0.00013149
('out:    ', '[0.995 ]')
('correct:', '[1     ]')
error:  0.00001098
('out:    ', '[0.994 ]')
('correct:', '[1     ]')
error:  0.00001870
('out:    ', '[0.992 ]')
('correct:', '[1     ]')
error:  0.00002870
('out:    ', '[0.994 ]')
('correct:', '[1     ]')
error:  0.00001957
('out:    ', '[0.995 ]')
('correct:', '[1     ]')
error:  0.00001121
('out:    ', '[0.988 ]')
('correct:', '[1     ]')
error:  0.00007242
('out:    ', '[0.995 ]')
('correct:', '[1     ]')
error:  0.00001199
('out:    ', '[0.98  ]')
('correct:', '[1     ]')
error:  0.00019122
('out:    ', '[0.981 ]')
('correct:', '[1     ]')
error:  0.00017759
('out:    ', '[0.846 ]')
('correct:', '[1     ]')
error:  0.01182915
('out:    ', '[0.686 ]')
('correct:', '[1     ]')
error:  0.04925198
('out:    ', '[0.996 ]')
('correct:', '[1     ]')
error:  0.00001000
('out:    ', '[0.985 ]')
('correct:', '[1     ]')
error:  0.00011146
('out:    ', '[0.995 ]')
('correct:', '[1     ]')
error:  0.00001036
('out:    ', '[0.995 ]')
('correct:', '[1     ]')
error:  0.00001044
('out:    ', '[0.983 ]')
('correct:', '[1     ]')
error:  0.00015173
('out:    ', '[0.963 ]')
('correct:', '[1     ]')
error:  0.00068082
('out:    ', '[0.988 ]')
('correct:', '[1     ]')
error:  0.00007459
('out:    ', '[0.991 ]')
('correct:', '[1     ]')
error:  0.00004181
('out:    ', '[0.994 ]')
('correct:', '[1     ]')
error:  0.00001780
('out:    ', '[0.996 ]')
('correct:', '[1     ]')
error:  0.00000767
('out:    ', '[0.993 ]')
('correct:', '[1     ]')
error:  0.00002208
('out:    ', '[0.996 ]')
('correct:', '[1     ]')
error:  0.00001012
('out:    ', '[0.958 ]')
('correct:', '[1     ]')
error:  0.00087749
('out:    ', '[0.988 ]')
('correct:', '[1     ]')
error:  0.00007729
('out:    ', '[0.995 ]')
('correct:', '[1     ]')
error:  0.00001112
('out:    ', '[0.997 ]')
('correct:', '[1     ]')
error:  0.00000431
('out:    ', '[0.71  ]')
('correct:', '[1     ]')
error:  0.04195240
('out:    ', '[0.993 ]')
('correct:', '[1     ]')
error:  0.00002540
('out:    ', '[0.972 ]')
('correct:', '[1     ]')
error:  0.00038415
('out:    ', '[0.995 ]')
('correct:', '[1     ]')
error:  0.00001090
('out:    ', '[0.986 ]')
('correct:', '[1     ]')
error:  0.00010056
('out:    ', '[0.864 ]')
('correct:', '[1     ]')
error:  0.00925285
('out:    ', '[0.995 ]')
('correct:', '[1     ]')
error:  0.00001462
('out:    ', '[0.994 ]')
('correct:', '[1     ]')
error:  0.00001786
('out:    ', '[0.997 ]')
('correct:', '[1     ]')
error:  0.00000415
('out:    ', '[0.994 ]')
('correct:', '[1     ]')
error:  0.00001814
('out:    ', '[0.994 ]')
('correct:', '[1     ]')
error:  0.00001921
('out:    ', '[0.958 ]')
('correct:', '[1     ]')
error:  0.00086981
('out:    ', '[0.966 ]')
('correct:', '[1     ]')
error:  0.00058423
('out:    ', '[0.623 ]')
('correct:', '[1     ]')
error:  0.07092038
('out:    ', '[0.996 ]')
('correct:', '[1     ]')
error:  0.00000924
('out:    ', '[0.989 ]')
('correct:', '[1     ]')
error:  0.00006070
('out:    ', '[0.996 ]')
('correct:', '[1     ]')
error:  0.00000950
('out:    ', '[0.995 ]')
('correct:', '[1     ]')
error:  0.00001095
('out:    ', '[0.738 ]')
('correct:', '[1     ]')
error:  0.03425244
('out:    ', '[0.99  ]')
('correct:', '[1     ]')
error:  0.00004836
('out:    ', '[0.925 ]')
('correct:', '[1     ]')
error:  0.00282440
('out:    ', '[0.931 ]')
('correct:', '[1     ]')
error:  0.00236698
('out:    ', '[0.993 ]')
('correct:', '[1     ]')
error:  0.00002787
('out:    ', '[0.997 ]')
('correct:', '[1     ]')
error:  0.00000490
('out:    ', '[0.989 ]')
('correct:', '[1     ]')
error:  0.00006027
('out:    ', '[0.96  ]')
('correct:', '[1     ]')
error:  0.00080289
('out:    ', '[0.994 ]')
('correct:', '[1     ]')
error:  0.00001722
('out:    ', '[0.994 ]')
('correct:', '[1     ]')
error:  0.00001824
('out:    ', '[0.988 ]')
('correct:', '[1     ]')
error:  0.00007077
('out:    ', '[0.947 ]')
('correct:', '[1     ]')
error:  0.00141746
('out:    ', '[0.994 ]')
('correct:', '[1     ]')
error:  0.00002062
('out:    ', '[0.927 ]')
('correct:', '[1     ]')
error:  0.00263175
('out:    ', '[0.991 ]')
('correct:', '[1     ]')
error:  0.00004011
('out:    ', '[0.935 ]')
('correct:', '[1     ]')
error:  0.00210152
('out:    ', '[0.537 ]')
('correct:', '[1     ]')
error:  0.10727047
('out:    ', '[0.952 ]')
('correct:', '[1     ]')
error:  0.00112898
('out:    ', '[0.995 ]')
('correct:', '[1     ]')
error:  0.00001099
('out:    ', '[0.837 ]')
('correct:', '[1     ]')
error:  0.01334177
('out:    ', '[0.955 ]')
('correct:', '[1     ]')
error:  0.00100150
('out:    ', '[0.997 ]')
('correct:', '[1     ]')
error:  0.00000537
('out:    ', '[0.724 ]')
('correct:', '[1     ]')
error:  0.03811005
('out:    ', '[0.986 ]')
('correct:', '[1     ]')
error:  0.00009725
('out:    ', '[0.995 ]')
('correct:', '[1     ]')
error:  0.00001039
('out:    ', '[0.989 ]')
('correct:', '[1     ]')
error:  0.00005892
('out:    ', '[0.976 ]')
('correct:', '[1     ]')
error:  0.00028766
('out:    ', '[0.989 ]')
('correct:', '[1     ]')
error:  0.00005921
('out:    ', '[0.619 ]')
('correct:', '[1     ]')
error:  0.07265923
('out:    ', '[0.992 ]')
('correct:', '[1     ]')
error:  0.00002979
('out:    ', '[0.995 ]')
('correct:', '[1     ]')
error:  0.00001093
('out:    ', '[0.997 ]')
('correct:', '[1     ]')
error:  0.00000434
('out:    ', '[0.991 ]')
('correct:', '[1     ]')
error:  0.00003727
('out:    ', '[0.812 ]')
('correct:', '[1     ]')
error:  0.01763767
('out:    ', '[0.997 ]')
('correct:', '[1     ]')
error:  0.00000487
('out:    ', '[0.931 ]')
('correct:', '[1     ]')
error:  0.00241128
('out:    ', '[0.993 ]')
('correct:', '[1     ]')
error:  0.00002698
('out:    ', '[0.995 ]')
('correct:', '[1     ]')
error:  0.00001425
('out:    ', '[0.991 ]')
('correct:', '[1     ]')
error:  0.00003876
('out:    ', '[0.985 ]')
('correct:', '[1     ]')
error:  0.00010638
('out:    ', '[0.992 ]')
('correct:', '[1     ]')
error:  0.00003146
('out:    ', '[0.96  ]')
('correct:', '[1     ]')
error:  0.00080594
('out:    ', '[0.994 ]')
('correct:', '[1     ]')
error:  0.00002076
('out:    ', '[0.992 ]')
('correct:', '[1     ]')
error:  0.00003416
('out:    ', '[0.98  ]')
('correct:', '[1     ]')
error:  0.00020212
('out:    ', '[0.994 ]')
('correct:', '[1     ]')
error:  0.00001540
('out:    ', '[0.971 ]')
('correct:', '[1     ]')
error:  0.00042427
('out:    ', '[0.936 ]')
('correct:', '[1     ]')
error:  0.00201878
('out:    ', '[0.993 ]')
('correct:', '[1     ]')
error:  0.00002676
('out:    ', '[0.944 ]')
('correct:', '[1     ]')
error:  0.00159588
('out:    ', '[0.855 ]')
('correct:', '[1     ]')
error:  0.01056898
('out:    ', '[0.979 ]')
('correct:', '[1     ]')
error:  0.00022978
('out:    ', '[0.761 ]')
('correct:', '[1     ]')
error:  0.02852657
('out:    ', '[0.972 ]')
('correct:', '[1     ]')
error:  0.00039441
('out:    ', '[0.993 ]')
('correct:', '[1     ]')
error:  0.00002755
('out:    ', '[0.921 ]')
('correct:', '[1     ]')
error:  0.00309879
('out:    ', '[0.924 ]')
('correct:', '[1     ]')
error:  0.00286565
('out:    ', '[0.995 ]')
('correct:', '[1     ]')
error:  0.00001280
('out:    ', '[0.983 ]')
('correct:', '[1     ]')
error:  0.00014596
('out:    ', '[0.994 ]')
('correct:', '[1     ]')
error:  0.00001932
('out:    ', '[0.997 ]')
('correct:', '[1     ]')
error:  0.00000340
('out:    ', '[0.905 ]')
('correct:', '[1     ]')
error:  0.00454883
('out:    ', '[0.858 ]')
('correct:', '[1     ]')
error:  0.01007998
('out:    ', '[0.951 ]')
('correct:', '[1     ]')
error:  0.00118595
('out:    ', '[0.772 ]')
('correct:', '[1     ]')
error:  0.02588625
('out:    ', '[0.943 ]')
('correct:', '[1     ]')
error:  0.00160345
('out:    ', '[0.945 ]')
('correct:', '[1     ]')
error:  0.00151767
('out:    ', '[0.943 ]')
('correct:', '[1     ]')
error:  0.00164504
('out:    ', '[0.993 ]')
('correct:', '[1     ]')
error:  0.00002345
('out:    ', '[0.996 ]')
('correct:', '[1     ]')
error:  0.00000752
('out:    ', '[0.972 ]')
('correct:', '[1     ]')
error:  0.00039756
('out:    ', '[0.992 ]')
('correct:', '[1     ]')
error:  0.00003410
('out:    ', '[0.887 ]')
('correct:', '[1     ]')
error:  0.00634011
('out:    ', '[0.986 ]')
('correct:', '[1     ]')
error:  0.00009194
('out:    ', '[0.995 ]')
('correct:', '[1     ]')
error:  0.00001024
('out:    ', '[0.983 ]')
('correct:', '[1     ]')
error:  0.00015053
('out:    ', '[0.935 ]')
('correct:', '[1     ]')
error:  0.00211412
('out:    ', '[0.996 ]')
('correct:', '[1     ]')
error:  0.00000911
('out:    ', '[0.997 ]')
('correct:', '[1     ]')
error:  0.00000599
('out:    ', '[0.923 ]')
('correct:', '[1     ]')
error:  0.00299214
('out:    ', '[0.986 ]')
('correct:', '[1     ]')
error:  0.00009426
('out:    ', '[0.158 ]')
('correct:', '[0     ]')
error:  0.01244125
('out:    ', '[0.989 ]')
('correct:', '[1     ]')
error:  0.00006097
('out:    ', '[0.996 ]')
('correct:', '[1     ]')
error:  0.00000844
('out:    ', '[0.707 ]')
('correct:', '[1     ]')
error:  0.04283018
('out:    ', '[0.995 ]')
('correct:', '[1     ]')
error:  0.00001417
('out:    ', '[0.993 ]')
('correct:', '[1     ]')
error:  0.00002578
('out:    ', '[0.996 ]')
('correct:', '[1     ]')
error:  0.00000978
('out:    ', '[0.904 ]')
('correct:', '[1     ]')
error:  0.00465359
('out:    ', '[0.997 ]')
('correct:', '[1     ]')
error:  0.00000540
('out:    ', '[0.997 ]')
('correct:', '[1     ]')
error:  0.00000557
('out:    ', '[0.983 ]')
('correct:', '[1     ]')
error:  0.00015266
('out:    ', '[0.891 ]')
('correct:', '[1     ]')
error:  0.00590998
('out:    ', '[0.996 ]')
('correct:', '[1     ]')
error:  0.00000945
('out:    ', '[0.984 ]')
('correct:', '[1     ]')
error:  0.00013600
('out:    ', '[0.993 ]')
('correct:', '[1     ]')
error:  0.00002424
('out:    ', '[0.889 ]')
('correct:', '[1     ]')
error:  0.00612138
('out:    ', '[0.97  ]')
('correct:', '[1     ]')
error:  0.00046487
('out:    ', '[0.992 ]')
('correct:', '[1     ]')
error:  0.00003555
('out:    ', '[0.976 ]')
('correct:', '[1     ]')
error:  0.00029399
('out:    ', '[0.987 ]')
('correct:', '[1     ]')
error:  0.00007923
('out:    ', '[0.123 ]')
('correct:', '[0     ]')
error:  0.00752689
('out:    ', '[0.989 ]')
('correct:', '[1     ]')
error:  0.00005743
('out:    ', '[0.989 ]')
('correct:', '[1     ]')
error:  0.00006277
('out:    ', '[0.902 ]')
('correct:', '[1     ]')
error:  0.00480256
('out:    ', '[0.989 ]')
('correct:', '[1     ]')
error:  0.00006560
('out:    ', '[0.948 ]')
('correct:', '[1     ]')
error:  0.00136779
('out:    ', '[0.995 ]')
('correct:', '[1     ]')
error:  0.00001068
('out:    ', '[0.984 ]')
('correct:', '[1     ]')
error:  0.00012560
('out:    ', '[0.995 ]')
('correct:', '[1     ]')
error:  0.00001223
('out:    ', '[0.994 ]')
('correct:', '[1     ]')
error:  0.00002053
('out:    ', '[0.579 ]')
('correct:', '[1     ]')
error:  0.08866539
('out:    ', '[0.995 ]')
('correct:', '[1     ]')
error:  0.00001238
('out:    ', '[0.974 ]')
('correct:', '[1     ]')
error:  0.00035008
('out:    ', '[0.913 ]')
('correct:', '[1     ]')
error:  0.00380093
('out:    ', '[0.984 ]')
('correct:', '[1     ]')
error:  0.00012382
('out:    ', '[0.992 ]')
('correct:', '[1     ]')
error:  0.00003589
('out:    ', '[0.959 ]')
('correct:', '[1     ]')
error:  0.00082180
('out:    ', '[0.992 ]')
('correct:', '[1     ]')
error:  0.00003067
('out:    ', '[0.992 ]')
('correct:', '[1     ]')
error:  0.00002974
('out:    ', '[0.603 ]')
('correct:', '[1     ]')
error:  0.07863434
('out:    ', '[0.994 ]')
('correct:', '[1     ]')
error:  0.00001557
('out:    ', '[0.87  ]')
('correct:', '[1     ]')
error:  0.00847717
('out:    ', '[0.936 ]')
('correct:', '[1     ]')
error:  0.00203479
('out:    ', '[0.93  ]')
('correct:', '[1     ]')
error:  0.00244684
('out:    ', '[0.997 ]')
('correct:', '[1     ]')
error:  0.00000535
('out:    ', '[0.994 ]')
('correct:', '[1     ]')
error:  0.00001682
('out:    ', '[0.993 ]')
('correct:', '[1     ]')
error:  0.00002810
('out:    ', '[0.989 ]')
('correct:', '[1     ]')
error:  0.00006479
('out:    ', '[0.643 ]')
('correct:', '[1     ]')
error:  0.06371802
('out:    ', '[0.932 ]')
('correct:', '[1     ]')
error:  0.00234589
('out:    ', '[0.995 ]')
('correct:', '[1     ]')
error:  0.00001309
('out:    ', '[0.808 ]')
('correct:', '[1     ]')
error:  0.01851522
('out:    ', '[0.994 ]')
('correct:', '[1     ]')
error:  0.00001683
('out:    ', '[0.989 ]')
('correct:', '[1     ]')
error:  0.00006439
('out:    ', '[0.94  ]')
('correct:', '[1     ]')
error:  0.00178155
('out:    ', '[0.994 ]')
('correct:', '[1     ]')
error:  0.00001651
('out:    ', '[0.978 ]')
('correct:', '[0     ]')
error:  0.47848866
('out:    ', '[0.989 ]')
('correct:', '[1     ]')
error:  0.00005782
('out:    ', '[0.983 ]')
('correct:', '[1     ]')
error:  0.00014233
('out:    ', '[0.985 ]')
('correct:', '[1     ]')
error:  0.00010519
('out:    ', '[0.955 ]')
('correct:', '[1     ]')
error:  0.00099018
('out:    ', '[0.985 ]')
('correct:', '[1     ]')
error:  0.00010812
('out:    ', '[0.997 ]')
('correct:', '[1     ]')
error:  0.00000555
('out:    ', '[0.983 ]')
('correct:', '[1     ]')
error:  0.00014496
('out:    ', '[0.709 ]')
('correct:', '[1     ]')
error:  0.04245383
('out:    ', '[0.544 ]')
('correct:', '[1     ]')
error:  0.10382937
('out:    ', '[0.981 ]')
('correct:', '[1     ]')
error:  0.00018598
('out:    ', '[0.995 ]')
('correct:', '[1     ]')
error:  0.00001045
('out:    ', '[0.938 ]')
('correct:', '[1     ]')
error:  0.00190397
('out:    ', '[0.844 ]')
('correct:', '[1     ]')
error:  0.01222037
('out:    ', '[0.994 ]')
('correct:', '[1     ]')
error:  0.00001595
('out:    ', '[0.946 ]')
('correct:', '[1     ]')
error:  0.00147233
('out:    ', '[0.987 ]')
('correct:', '[1     ]')
error:  0.00008961
('out:    ', '[0.995 ]')
('correct:', '[1     ]')
error:  0.00001176
('out:    ', '[0.97  ]')
('correct:', '[1     ]')
error:  0.00045966
('out:    ', '[0.901 ]')
('correct:', '[1     ]')
error:  0.00493886
('out:    ', '[0.997 ]')
('correct:', '[1     ]')
error:  0.00000563
('out:    ', '[0.876 ]')
('correct:', '[1     ]')
error:  0.00772607
('out:    ', '[0.995 ]')
('correct:', '[1     ]')
error:  0.00001473
('out:    ', '[0.655 ]')
('correct:', '[1     ]')
error:  0.05950085
('out:    ', '[0.992 ]')
('correct:', '[1     ]')
error:  0.00002935
('out:    ', '[0.856 ]')
('correct:', '[1     ]')
error:  0.01033125
('out:    ', '[0.929 ]')
('correct:', '[1     ]')
error:  0.00254518
('out:    ', '[0.95  ]')
('correct:', '[0     ]')
error:  0.45153408
('out:    ', '[0.965 ]')
('correct:', '[1     ]')
error:  0.00061033
('out:    ', '[0.994 ]')
('correct:', '[1     ]')
error:  0.00001954
('out:    ', '[0.901 ]')
('correct:', '[1     ]')
error:  0.00485881
('out:    ', '[0.865 ]')
('correct:', '[1     ]')
error:  0.00905668
('out:    ', '[0.931 ]')
('correct:', '[1     ]')
error:  0.00240071
('out:    ', '[0.996 ]')
('correct:', '[1     ]')
error:  0.00000786
('out:    ', '[0.96  ]')
('correct:', '[1     ]')
error:  0.00079575
('out:    ', '[0.922 ]')
('correct:', '[1     ]')
error:  0.00301472
('out:    ', '[0.987 ]')
('correct:', '[1     ]')
error:  0.00008121
('out:    ', '[0.914 ]')
('correct:', '[1     ]')
error:  0.00371004
('out:    ', '[0.754 ]')
('correct:', '[1     ]')
error:  0.03021192
('out:    ', '[0.989 ]')
('correct:', '[1     ]')
error:  0.00006463
('out:    ', '[0.972 ]')
('correct:', '[1     ]')
error:  0.00038383
('out:    ', '[0.957 ]')
('correct:', '[1     ]')
error:  0.00092413
('out:    ', '[0.931 ]')
('correct:', '[1     ]')
error:  0.00238828
('out:    ', '[0.88  ]')
('correct:', '[1     ]')
error:  0.00724651
('out:    ', '[0.991 ]')
('correct:', '[1     ]')
error:  0.00004044
('out:    ', '[0.964 ]')
('correct:', '[1     ]')
error:  0.00064629
('out:    ', '[0.942 ]')
('correct:', '[1     ]')
error:  0.00169525
('out:    ', '[0.959 ]')
('correct:', '[1     ]')
error:  0.00084363
('out:    ', '[0.943 ]')
('correct:', '[1     ]')
error:  0.00162760
('out:    ', '[0.995 ]')
('correct:', '[1     ]')
error:  0.00001055
('out:    ', '[0.994 ]')
('correct:', '[1     ]')
error:  0.00001730
('out:    ', '[0.981 ]')
('correct:', '[1     ]')
error:  0.00017370
('out:    ', '[0.994 ]')
('correct:', '[1     ]')
error:  0.00001561
('out:    ', '[0.994 ]')
('correct:', '[1     ]')
error:  0.00001928
('out:    ', '[0.99  ]')
('correct:', '[1     ]')
error:  0.00005342
('out:    ', '[0.994 ]')
('correct:', '[1     ]')
error:  0.00002028
('out:    ', '[0.992 ]')
('correct:', '[1     ]')
error:  0.00003310
('out:    ', '[0.625 ]')
('correct:', '[1     ]')
error:  0.07023864
('out:    ', '[0.994 ]')
('correct:', '[1     ]')
error:  0.00001975
('out:    ', '[0.993 ]')
('correct:', '[1     ]')
error:  0.00002368
('out:    ', '[0.993 ]')
('correct:', '[1     ]')
error:  0.00002326
('out:    ', '[0.947 ]')
('correct:', '[1     ]')
error:  0.00138470
('out:    ', '[0.996 ]')
('correct:', '[1     ]')
error:  0.00000672
('out:    ', '[0.988 ]')
('correct:', '[1     ]')
error:  0.00006836
('out:    ', '[0.976 ]')
('correct:', '[1     ]')
error:  0.00029334
('out:    ', '[0.995 ]')
('correct:', '[1     ]')
error:  0.00001103
('out:    ', '[0.968 ]')
('correct:', '[1     ]')
error:  0.00050850
('out:    ', '[0.997 ]')
('correct:', '[1     ]')
error:  0.00000333
('out:    ', '[0.995 ]')
('correct:', '[1     ]')
error:  0.00001142
('out:    ', '[0.994 ]')
('correct:', '[1     ]')
error:  0.00001758
('out:    ', '[0.985 ]')
('correct:', '[1     ]')
error:  0.00011823
('out:    ', '[0.979 ]')
('correct:', '[1     ]')
error:  0.00022512
('out:    ', '[0.961 ]')
('correct:', '[1     ]')
error:  0.00076672
('out:    ', '[0.767 ]')
('correct:', '[1     ]')
error:  0.02710547
('out:    ', '[0.858 ]')
('correct:', '[1     ]')
error:  0.01011175
('out:    ', '[0.995 ]')
('correct:', '[1     ]')
error:  0.00001393
('out:    ', '[0.99  ]')
('correct:', '[1     ]')
error:  0.00004541
('out:    ', '[0.995 ]')
('correct:', '[1     ]')
error:  0.00001034
('out:    ', '[0.99  ]')
('correct:', '[1     ]')
error:  0.00005181
('out:    ', '[0.884 ]')
('correct:', '[1     ]')
error:  0.00674400
('out:    ', '[0.691 ]')
('correct:', '[1     ]')
error:  0.04762329
('out:    ', '[0.687 ]')
('correct:', '[1     ]')
error:  0.04913918
('out:    ', '[0.993 ]')
('correct:', '[1     ]')
error:  0.00002143
('out:    ', '[0.995 ]')
('correct:', '[1     ]')
error:  0.00001033
('out:    ', '[0.898 ]')
('correct:', '[1     ]')
error:  0.00524031
('out:    ', '[0.994 ]')
('correct:', '[1     ]')
error:  0.00001882
('out:    ', '[0.83  ]')
('correct:', '[1     ]')
error:  0.01436730
('out:    ', '[0.991 ]')
('correct:', '[1     ]')
error:  0.00003648
('out:    ', '[0.981 ]')
('correct:', '[1     ]')
error:  0.00018940
('out:    ', '[0.831 ]')
('correct:', '[1     ]')
error:  0.01435069
('out:    ', '[0.924 ]')
('correct:', '[1     ]')
error:  0.00287417
('out:    ', '[0.958 ]')
('correct:', '[1     ]')
error:  0.00088809
('out:    ', '[0.892 ]')
('correct:', '[1     ]')
error:  0.00578899
('out:    ', '[0.973 ]')
('correct:', '[1     ]')
error:  0.00036296
('out:    ', '[0.19  ]')
('correct:', '[0     ]')
error:  0.01798963
('out:    ', '[0.996 ]')
('correct:', '[1     ]')
error:  0.00000918
('out:    ', '[0.963 ]')
('correct:', '[1     ]')
error:  0.00069857
('out:    ', '[0.936 ]')
('correct:', '[1     ]')
error:  0.00203632
('out:    ', '[0.933 ]')
('correct:', '[1     ]')
error:  0.00223490
('out:    ', '[0.979 ]')
('correct:', '[1     ]')
error:  0.00022307
('out:    ', '[0.937 ]')
('correct:', '[1     ]')
error:  0.00198530
('out:    ', '[0.994 ]')
('correct:', '[1     ]')
error:  0.00001632
('out:    ', '[0.956 ]')
('correct:', '[1     ]')
error:  0.00096605
('out:    ', '[0.986 ]')
('correct:', '[1     ]')
error:  0.00010269
('out:    ', '[0.718 ]')
('correct:', '[0     ]')
error:  0.25750379
('out:    ', '[0.983 ]')
('correct:', '[1     ]')
error:  0.00013879
('out:    ', '[0.99  ]')
('correct:', '[1     ]')
error:  0.00005484
('out:    ', '[0.982 ]')
('correct:', '[1     ]')
error:  0.00017054
('out:    ', '[0.931 ]')
('correct:', '[1     ]')
error:  0.00237747
('out:    ', '[0.997 ]')
('correct:', '[1     ]')
error:  0.00000530
('out:    ', '[0.993 ]')
('correct:', '[1     ]')
error:  0.00002465
('out:    ', '[0.205 ]')
('correct:', '[1     ]')
error:  0.31621376
('out:    ', '[0.997 ]')
('correct:', '[1     ]')
error:  0.00000606
('out:    ', '[0.982 ]')
('correct:', '[1     ]')
error:  0.00015348
('out:    ', '[0.993 ]')
('correct:', '[1     ]')
error:  0.00002421
('out:    ', '[0.984 ]')
('correct:', '[1     ]')
error:  0.00012536
('out:    ', '[0.978 ]')
('correct:', '[1     ]')
error:  0.00024466
('out:    ', '[0.977 ]')
('correct:', '[1     ]')
error:  0.00026804
('out:    ', '[0.552 ]')
('correct:', '[1     ]')
error:  0.10045009
('out:    ', '[0.931 ]')
('correct:', '[1     ]')
error:  0.00235870
('out:    ', '[0.995 ]')
('correct:', '[1     ]')
error:  0.00001085
('out:    ', '[0.994 ]')
('correct:', '[1     ]')
error:  0.00001582
('out:    ', '[0.793 ]')
('correct:', '[1     ]')
error:  0.02141311
('out:    ', '[0.917 ]')
('correct:', '[1     ]')
error:  0.00342851
('out:    ', '[0.939 ]')
('correct:', '[1     ]')
error:  0.00186145
('out:    ', '[0.883 ]')
('correct:', '[1     ]')
error:  0.00685365
('out:    ', '[0.982 ]')
('correct:', '[1     ]')
error:  0.00015760
('out:    ', '[0.994 ]')
('correct:', '[1     ]')
error:  0.00002034
('out:    ', '[0.969 ]')
('correct:', '[1     ]')
error:  0.00049100
('out:    ', '[0.55  ]')
('correct:', '[1     ]')
error:  0.10130560
('out:    ', '[0.995 ]')
('correct:', '[1     ]')
error:  0.00001302
('out:    ', '[0.996 ]')
('correct:', '[1     ]')
error:  0.00000822
('out:    ', '[0.855 ]')
('correct:', '[1     ]')
error:  0.01055448
('out:    ', '[0.888 ]')
('correct:', '[1     ]')
error:  0.00624266
('out:    ', '[0.963 ]')
('correct:', '[1     ]')
error:  0.00067750
('out:    ', '[0.972 ]')
('correct:', '[1     ]')
error:  0.00037930
('out:    ', '[0.9   ]')
('correct:', '[1     ]')
error:  0.00496038
('out:    ', '[0.993 ]')
('correct:', '[1     ]')
error:  0.00002609
('out:    ', '[0.86  ]')
('correct:', '[1     ]')
error:  0.00973116
('out:    ', '[0.991 ]')
('correct:', '[1     ]')
error:  0.00004102
('out:    ', '[0.985 ]')
('correct:', '[1     ]')
error:  0.00010817
('out:    ', '[0.914 ]')
('correct:', '[1     ]')
error:  0.00371033
('out:    ', '[0.741 ]')
('correct:', '[0     ]')
error:  0.27487861
('out:    ', '[0.986 ]')
('correct:', '[1     ]')
error:  0.00009945
('out:    ', '[0.937 ]')
('correct:', '[1     ]')
error:  0.00200469
('out:    ', '[0.665 ]')
('correct:', '[1     ]')
error:  0.05626152
('out:    ', '[0.351 ]')
('correct:', '[1     ]')
error:  0.21091189
('out:    ', '[0.997 ]')
('correct:', '[1     ]')
error:  0.00000522
('out:    ', '[0.995 ]')
('correct:', '[1     ]')
error:  0.00001446
('out:    ', '[0.899 ]')
('correct:', '[1     ]')
error:  0.00509715
('out:    ', '[0.594 ]')
('correct:', '[1     ]')
error:  0.08237491
('out:    ', '[0.881 ]')
('correct:', '[1     ]')
error:  0.00711185
('out:    ', '[0.943 ]')
('correct:', '[1     ]')
error:  0.00164768
('out:    ', '[0.423 ]')
('correct:', '[0     ]')
error:  0.08962389
('out:    ', '[0.827 ]')
('correct:', '[0     ]')
error:  0.34216551
('out:    ', '[0.712 ]')
('correct:', '[1     ]')
error:  0.04149152
('out:    ', '[0.119 ]')
('correct:', '[1     ]')
error:  0.38790753
('out:    ', '[0.808 ]')
('correct:', '[1     ]')
error:  0.01838445
('out:    ', '[0.897 ]')
('correct:', '[1     ]')
error:  0.00533930
('out:    ', '[0.8   ]')
('correct:', '[0     ]')
error:  0.32023119
('out:    ', '[0.772 ]')
('correct:', '[0     ]')
error:  0.29770899
('out:    ', '[0.9   ]')
('correct:', '[1     ]')
error:  0.00501765
('out:    ', '[0.921 ]')
('correct:', '[1     ]')
error:  0.00313734
('out:    ', '[0.575 ]')
('correct:', '[0     ]')
error:  0.16552661
('out:    ', '[0.902 ]')
('correct:', '[1     ]')
error:  0.00479840
('out:    ', '[0.931 ]')
('correct:', '[1     ]')
error:  0.00239270
('out:    ', '[0.476 ]')
('correct:', '[0     ]')
error:  0.11309055
('out:    ', '[0.108 ]')
('correct:', '[0     ]')
error:  0.00586806
('out:    ', '[0.641 ]')
('correct:', '[0     ]')
error:  0.20568913
('out:    ', '[0.414 ]')
('correct:', '[0     ]')
error:  0.08552944
('out:    ', '[0.995 ]')
('correct:', '[1     ]')
error:  0.00001286
('out:    ', '[0.928 ]')
('correct:', '[1     ]')
error:  0.00255990
('out:    ', '[0.972 ]')
('correct:', '[1     ]')
error:  0.00038919
('out:    ', '[0.854 ]')
('correct:', '[1     ]')
error:  0.01068403
('out:    ', '[0.864 ]')
('correct:', '[1     ]')
error:  0.00920425
('out:    ', '[0.988 ]')
('correct:', '[1     ]')
error:  0.00007509
('out:    ', '[0.687 ]')
('correct:', '[0     ]')
error:  0.23608392
('out:    ', '[0.651 ]')
('correct:', '[1     ]')
error:  0.06080296
('out:    ', '[0.673 ]')
('correct:', '[0     ]')
error:  0.22640737
('out:    ', '[0.871 ]')
('correct:', '[1     ]')
error:  0.00826324
('out:    ', '[0.236 ]')
('correct:', '[1     ]')
error:  0.29187658
('out:    ', '[0.432 ]')
('correct:', '[1     ]')
error:  0.16121831
('out:    ', '[0.644 ]')
('correct:', '[0     ]')
error:  0.20760523
('out:    ', '[0.343 ]')
('correct:', '[1     ]')
error:  0.21586261
('out:    ', '[0.924 ]')
('correct:', '[1     ]')
error:  0.00288230
('out:    ', '[0.776 ]')
('correct:', '[1     ]')
error:  0.02502821
('out:    ', '[0.88  ]')
('correct:', '[1     ]')
error:  0.00722858
('out:    ', '[0.623 ]')
('correct:', '[1     ]')
error:  0.07105088
('out:    ', '[0.528 ]')
('correct:', '[1     ]')
error:  0.11146417
('out:    ', '[0.811 ]')
('correct:', '[1     ]')
error:  0.01780315
('out:    ', '[0.441 ]')
('correct:', '[1     ]')
error:  0.15630873
('out:    ', '[0.648 ]')
('correct:', '[1     ]')
error:  0.06180404
('out:    ', '[0.415 ]')
('correct:', '[0     ]')
error:  0.08624216
('out:    ', '[0.943 ]')
('correct:', '[0     ]')
error:  0.44465347
('out:    ', '[0.873 ]')
('correct:', '[1     ]')
error:  0.00808262
('out:    ', '[0.686 ]')
('correct:', '[1     ]')
error:  0.04915881
('out:    ', '[0.946 ]')
('correct:', '[1     ]')
error:  0.00145673
('out:    ', '[0.289 ]')
('correct:', '[0     ]')
error:  0.04163819
('out:    ', '[0.764 ]')
('correct:', '[1     ]')
error:  0.02773969
('out:    ', '[0.518 ]')
('correct:', '[0     ]')
error:  0.13401349
('out:    ', '[0.682 ]')
('correct:', '[1     ]')
error:  0.05058994
('out:    ', '[0.63  ]')
('correct:', '[0     ]')
error:  0.19847543
('out:    ', '[0.633 ]')
('correct:', '[0     ]')
error:  0.20012853
('out:    ', '[0.609 ]')
('correct:', '[0     ]')
error:  0.18532472
('out:    ', '[0.728 ]')
('correct:', '[0     ]')
error:  0.26489626
('out:    ', '[0.856 ]')
('correct:', '[1     ]')
error:  0.01034562
('out:    ', '[0.933 ]')
('correct:', '[1     ]')
error:  0.00221562
('out:    ', '[0.857 ]')
('correct:', '[1     ]')
error:  0.01020318
('out:    ', '[0.862 ]')
('correct:', '[1     ]')
error:  0.00958788
('out:    ', '[0.896 ]')
('correct:', '[1     ]')
error:  0.00544720
('out:    ', '[0.776 ]')
('correct:', '[1     ]')
error:  0.02501725
('out:    ', '[0.602 ]')
('correct:', '[0     ]')
error:  0.18146224
('out:    ', '[0.858 ]')
('correct:', '[1     ]')
error:  0.01004256
('out:    ', '[0.773 ]')
('correct:', '[1     ]')
error:  0.02583725
('out:    ', '[0.274 ]')
('correct:', '[0     ]')
error:  0.03760358
('out:    ', '[0.93  ]')
('correct:', '[1     ]')
error:  0.00245138
('out:    ', '[0.782 ]')
('correct:', '[1     ]')
error:  0.02365313
('out:    ', '[0.356 ]')
('correct:', '[1     ]')
error:  0.20766357
('out:    ', '[0.899 ]')
('correct:', '[1     ]')
error:  0.00508399
('out:    ', '[0.553 ]')
('correct:', '[1     ]')
error:  0.09970410
('out:    ', '[0.725 ]')
('correct:', '[1     ]')
error:  0.03783196
('out:    ', '[0.681 ]')
('correct:', '[1     ]')
error:  0.05103341
('out:    ', '[0.305 ]')
('correct:', '[1     ]')
error:  0.24122232
('out:    ', '[0.929 ]')
('correct:', '[1     ]')
error:  0.00252423
('out:    ', '[0.234 ]')
('correct:', '[1     ]')
error:  0.29317729
('out:    ', '[0.923 ]')
('correct:', '[1     ]')
error:  0.00292714
('out:    ', '[0.922 ]')
('correct:', '[1     ]')
error:  0.00307576
('out:    ', '[0.915 ]')
('correct:', '[0     ]')
error:  0.41891164
('out:    ', '[0.925 ]')
('correct:', '[1     ]')
error:  0.00277615
('out:    ', '[0.995 ]')
('correct:', '[1     ]')
error:  0.00001163
('out:    ', '[0.93  ]')
('correct:', '[1     ]')
error:  0.00243775
('out:    ', '[0.219 ]')
('correct:', '[0     ]')
error:  0.02401239
('out:    ', '[0.314 ]')
('correct:', '[1     ]')
error:  0.23545200
('out:    ', '[0.819 ]')
('correct:', '[1     ]')
error:  0.01639651
('out:    ', '[0.77  ]')
('correct:', '[0     ]')
error:  0.29620489
('out:    ', '[0.663 ]')
('correct:', '[1     ]')
error:  0.05662811
('out:    ', '[0.869 ]')
('correct:', '[0     ]')
error:  0.37767726
('out:    ', '[0.941 ]')
('correct:', '[0     ]')
error:  0.44245467
('out:    ', '[0.928 ]')
('correct:', '[0     ]')
error:  0.43093251
('out:    ', '[0.18  ]')
('correct:', '[1     ]')
error:  0.33639388
('out:    ', '[0.928 ]')
('correct:', '[0     ]')
error:  0.43081027
('out:    ', '[0.584 ]')
('correct:', '[1     ]')
error:  0.08673005
('out:    ', '[0.149 ]')
('correct:', '[0     ]')
error:  0.01112249
('out:    ', '[0.629 ]')
('correct:', '[0     ]')
error:  0.19794795
('out:    ', '[0.843 ]')
('correct:', '[1     ]')
error:  0.01231771
('out:    ', '[0.983 ]')
('correct:', '[1     ]')
error:  0.00014787
('out:    ', '[0.763 ]')
('correct:', '[0     ]')
error:  0.29119080
('out:    ', '[0.813 ]')
('correct:', '[1     ]')
error:  0.01747815
('out:    ', '[0.73  ]')
('correct:', '[1     ]')
error:  0.03636893
('out:    ', '[0.155 ]')
('correct:', '[0     ]')
error:  0.01203502
('out:    ', '[0.634 ]')
('correct:', '[0     ]')
error:  0.20096203
('out:    ', '[0.87  ]')
('correct:', '[0     ]')
error:  0.37846240
('out:    ', '[0.681 ]')
('correct:', '[1     ]')
error:  0.05093556
('out:    ', '[0.767 ]')
('correct:', '[1     ]')
error:  0.02714708
('out:    ', '[0.635 ]')
('correct:', '[0     ]')
error:  0.20148187
('out:    ', '[0.249 ]')
('correct:', '[0     ]')
error:  0.03103209
('out:    ', '[0.57  ]')
('correct:', '[0     ]')
error:  0.16228976
('out:    ', '[0.695 ]')
('correct:', '[1     ]')
error:  0.04660238
('out:    ', '[0.675 ]')
('correct:', '[1     ]')
error:  0.05277681
('out:    ', '[0.52  ]')
('correct:', '[0     ]')
error:  0.13538211
('out:    ', '[0.888 ]')
('correct:', '[1     ]')
error:  0.00630900
('out:    ', '[0.85  ]')
('correct:', '[0     ]')
error:  0.36112330
('out:    ', '[0.917 ]')
('correct:', '[1     ]')
error:  0.00346682
('out:    ', '[0.678 ]')
('correct:', '[1     ]')
error:  0.05179078
('out:    ', '[0.931 ]')
('correct:', '[1     ]')
error:  0.00236744
('out:    ', '[0.931 ]')
('correct:', '[1     ]')
error:  0.00238600
('out:    ', '[0.981 ]')
('correct:', '[0     ]')
error:  0.48072063
('out:    ', '[0.988 ]')
('correct:', '[1     ]')
error:  0.00007162
('out:    ', '[0.762 ]')
('correct:', '[1     ]')
error:  0.02836757
('out:    ', '[0.68  ]')
('correct:', '[0     ]')
error:  0.23114120
('out:    ', '[0.896 ]')
('correct:', '[1     ]')
error:  0.00535733
('out:    ', '[0.973 ]')
('correct:', '[1     ]')
error:  0.00036459
('out:    ', '[0.678 ]')
('correct:', '[0     ]')
error:  0.23003324
('out:    ', '[0.66  ]')
('correct:', '[0     ]')
error:  0.21783108
('out:    ', '[0.742 ]')
('correct:', '[0     ]')
error:  0.27496169
('out:    ', '[0.779 ]')
('correct:', '[1     ]')
error:  0.02442145
('out:    ', '[0.593 ]')
('correct:', '[0     ]')
error:  0.17611090
('out:    ', '[0.87  ]')
('correct:', '[1     ]')
error:  0.00841325
('out:    ', '[0.982 ]')
('correct:', '[1     ]')
error:  0.00016364
('out:    ', '[0.6   ]')
('correct:', '[1     ]')
error:  0.08011259
('out:    ', '[0.997 ]')
('correct:', '[1     ]')
error:  0.00000576
('out:    ', '[0.733 ]')
('correct:', '[1     ]')
error:  0.03552724
('out:    ', '[0.536 ]')
('correct:', '[0     ]')
error:  0.14365839
('out:    ', '[0.927 ]')
('correct:', '[1     ]')
error:  0.00267956
('out:    ', '[0.774 ]')
('correct:', '[0     ]')
error:  0.29973785
('out:    ', '[0.324 ]')
('correct:', '[1     ]')
error:  0.22863819
('out:    ', '[0.902 ]')
('correct:', '[1     ]')
error:  0.00481866
('out:    ', '[0.365 ]')
('correct:', '[0     ]')
error:  0.06664180
('out:    ', '[0.666 ]')
('correct:', '[0     ]')
error:  0.22174510
('out:    ', '[0.787 ]')
('correct:', '[1     ]')
error:  0.02263616
('out:    ', '[0.734 ]')
('correct:', '[1     ]')
error:  0.03538306
('out:    ', '[0.881 ]')
('correct:', '[1     ]')
error:  0.00708831
('out:    ', '[0.675 ]')
('correct:', '[1     ]')
error:  0.05269922
('out:    ', '[0.771 ]')
('correct:', '[0     ]')
error:  0.29700120
('out:    ', '[0.201 ]')
('correct:', '[0     ]')
error:  0.02023424
('out:    ', '[0.712 ]')
('correct:', '[0     ]')
error:  0.25380020
('out:    ', '[0.668 ]')
('correct:', '[1     ]')
error:  0.05518176
('out:    ', '[0.979 ]')
('correct:', '[0     ]')
error:  0.47932541
('out:    ', '[0.706 ]')
('correct:', '[1     ]')
error:  0.04312513
('out:    ', '[0.958 ]')
('correct:', '[1     ]')
error:  0.00086381
('out:    ', '[0.256 ]')
('correct:', '[0     ]')
error:  0.03281145
('out:    ', '[0.899 ]')
('correct:', '[1     ]')
error:  0.00509929
('out:    ', '[0.164 ]')
('correct:', '[0     ]')
error:  0.01345268
('out:    ', '[0.715 ]')
('correct:', '[0     ]')
error:  0.25553429
('out:    ', '[0.401 ]')
('correct:', '[1     ]')
error:  0.17968441
('out:    ', '[0.797 ]')
('correct:', '[0     ]')
error:  0.31749507
('out:    ', '[0.89  ]')
('correct:', '[1     ]')
error:  0.00608007
('out:    ', '[0.932 ]')
('correct:', '[1     ]')
error:  0.00232863
('out:    ', '[0.826 ]')
('correct:', '[0     ]')
error:  0.34144326
('out:    ', '[0.256 ]')
('correct:', '[1     ]')
error:  0.27657420
('out:    ', '[0.224 ]')
('correct:', '[0     ]')
error:  0.02509157
('out:    ', '[0.96  ]')
('correct:', '[1     ]')
error:  0.00081807
('out:    ', '[0.935 ]')
('correct:', '[1     ]')
error:  0.00213450
('out:    ', '[0.181 ]')
('correct:', '[0     ]')
error:  0.01631539
('out:    ', '[0.961 ]')
('correct:', '[1     ]')
error:  0.00077679
('out:    ', '[0.671 ]')
('correct:', '[0     ]')
error:  0.22491908
('out:    ', '[0.602 ]')
('correct:', '[1     ]')
error:  0.07902045
('out:    ', '[0.934 ]')
('correct:', '[1     ]')
error:  0.00214671
('out:    ', '[0.95  ]')
('correct:', '[1     ]')
error:  0.00124889
('out:    ', '[0.903 ]')
('correct:', '[1     ]')
error:  0.00470148
('out:    ', '[0.704 ]')
('correct:', '[0     ]')
error:  0.24776821
('out:    ', '[0.9   ]')
('correct:', '[1     ]')
error:  0.00497376
('out:    ', '[0.933 ]')
('correct:', '[1     ]')
error:  0.00225573
('out:    ', '[0.891 ]')
('correct:', '[1     ]')
error:  0.00597742
('out:    ', '[0.89  ]')
('correct:', '[1     ]')
error:  0.00608777
('out:    ', '[0.908 ]')
('correct:', '[1     ]')
error:  0.00425126
('out:    ', '[0.941 ]')
('correct:', '[1     ]')
error:  0.00172271
('out:    ', '[0.956 ]')
('correct:', '[1     ]')
error:  0.00097364
('out:    ', '[0.484 ]')
('correct:', '[0     ]')
error:  0.11719916
('out:    ', '[0.635 ]')
('correct:', '[1     ]')
error:  0.06666818
('out:    ', '[0.867 ]')
('correct:', '[1     ]')
error:  0.00888913
('out:    ', '[0.45  ]')
('correct:', '[0     ]')
error:  0.10102637
('out:    ', '[0.343 ]')
('correct:', '[0     ]')
error:  0.05898874
('out:    ', '[0.943 ]')
('correct:', '[1     ]')
error:  0.00160938
('out:    ', '[0.756 ]')
('correct:', '[1     ]')
error:  0.02984091
('out:    ', '[0.862 ]')
('correct:', '[0     ]')
error:  0.37129836
('out:    ', '[0.514 ]')
('correct:', '[1     ]')
error:  0.11816936
('out:    ', '[0.729 ]')
('correct:', '[1     ]')
error:  0.03664272
('out:    ', '[0.671 ]')
('correct:', '[1     ]')
error:  0.05408625
('out:    ', '[0.958 ]')
('correct:', '[0     ]')
error:  0.45860097
('out:    ', '[0.979 ]')
('correct:', '[1     ]')
error:  0.00022358
('out:    ', '[0.782 ]')
('correct:', '[1     ]')
error:  0.02365666
('out:    ', '[0.805 ]')
('correct:', '[1     ]')
error:  0.01900348
('out:    ', '[0.988 ]')
('correct:', '[0     ]')
error:  0.48808022
('out:    ', '[0.435 ]')
('correct:', '[0     ]')
error:  0.09451009
('out:    ', '[0.684 ]')
('correct:', '[1     ]')
error:  0.04983539
('out:    ', '[0.833 ]')
('correct:', '[0     ]')
error:  0.34704848
('out:    ', '[0.463 ]')
('correct:', '[0     ]')
error:  0.10707011
('out:    ', '[0.888 ]')
('correct:', '[0     ]')
error:  0.39398819
('out:    ', '[0.152 ]')
('correct:', '[0     ]')
error:  0.01150062
('out:    ', '[0.113 ]')
('correct:', '[0     ]')
error:  0.00643220
('out:    ', '[0.665 ]')
('correct:', '[0     ]')
error:  0.22113280
('out:    ', '[0.566 ]')
('correct:', '[1     ]')
error:  0.09416155
('out:    ', '[0.675 ]')
('correct:', '[0     ]')
error:  0.22762284
('out:    ', '[0.794 ]')
('correct:', '[1     ]')
error:  0.02120235
('out:    ', '[0.923 ]')
('correct:', '[1     ]')
error:  0.00294601
('out:    ', '[0.924 ]')
('correct:', '[1     ]')
error:  0.00290543
('out:    ', '[0.854 ]')
('correct:', '[0     ]')
error:  0.36476792
('out:    ', '[0.816 ]')
('correct:', '[1     ]')
error:  0.01694410
('out:    ', '[0.616 ]')
('correct:', '[0     ]')
error:  0.18990960
('out:    ', '[0.585 ]')
('correct:', '[0     ]')
error:  0.17133189
('out:    ', '[0.343 ]')
('correct:', '[1     ]')
error:  0.21610548
('out:    ', '[0.18  ]')
('correct:', '[0     ]')
error:  0.01619428
('out:    ', '[0.535 ]')
('correct:', '[1     ]')
error:  0.10791461
('out:    ', '[0.965 ]')
('correct:', '[1     ]')
error:  0.00060823
('out:    ', '[0.734 ]')
('correct:', '[1     ]')
error:  0.03536096
('out:    ', '[0.1   ]')
('correct:', '[0     ]')
error:  0.00498247
('out:    ', '[0.742 ]')
('correct:', '[0     ]')
error:  0.27510346
('out:    ', '[0.585 ]')
('correct:', '[1     ]')
error:  0.08603694
('out:    ', '[0.31  ]')
('correct:', '[1     ]')
error:  0.23812019
('out:    ', '[0.644 ]')
('correct:', '[1     ]')
error:  0.06320610
('out:    ', '[0.884 ]')
('correct:', '[0     ]')
error:  0.39068691
('out:    ', '[0.858 ]')
('correct:', '[1     ]')
error:  0.01015052
('out:    ', '[0.803 ]')
('correct:', '[1     ]')
error:  0.01935496
('out:    ', '[0.934 ]')
('correct:', '[1     ]')
error:  0.00217779
('out:    ', '[0.395 ]')
('correct:', '[0     ]')
error:  0.07810066
('out:    ', '[0.554 ]')
('correct:', '[0     ]')
error:  0.15365050
('out:    ', '[0.869 ]')
('correct:', '[0     ]')
error:  0.37786749
('out:    ', '[0.827 ]')
('correct:', '[0     ]')
error:  0.34199316
('out:    ', '[0.328 ]')
('correct:', '[0     ]')
error:  0.05376183
('out:    ', '[0.77  ]')
('correct:', '[0     ]')
error:  0.29619465
('out:    ', '[0.697 ]')
('correct:', '[1     ]')
error:  0.04581980
('out:    ', '[0.318 ]')
('correct:', '[0     ]')
error:  0.05045680
('out:    ', '[0.461 ]')
('correct:', '[0     ]')
error:  0.10637532
('out:    ', '[0.929 ]')
('correct:', '[1     ]')
error:  0.00254905
('out:    ', '[0.431 ]')
('correct:', '[1     ]')
error:  0.16164232
('out:    ', '[0.622 ]')
('correct:', '[1     ]')
error:  0.07156145
('out:    ', '[0.261 ]')
('correct:', '[0     ]')
error:  0.03418149
('out:    ', '[0.766 ]')
('correct:', '[1     ]')
error:  0.02729507
('out:    ', '[0.955 ]')
('correct:', '[0     ]')
error:  0.45562439
('out:    ', '[0.686 ]')
('correct:', '[0     ]')
error:  0.23528648
('out:    ', '[0.899 ]')
('correct:', '[1     ]')
error:  0.00507555
('out:    ', '[0.239 ]')
('correct:', '[1     ]')
error:  0.28928648
('out:    ', '[0.93  ]')
('correct:', '[1     ]')
error:  0.00244446
('out:    ', '[0.988 ]')
('correct:', '[1     ]')
error:  0.00007301
('out:    ', '[0.747 ]')
('correct:', '[1     ]')
error:  0.03192399
('out:    ', '[0.264 ]')
('correct:', '[0     ]')
error:  0.03492054
('out:    ', '[0.765 ]')
('correct:', '[1     ]')
error:  0.02769520
('out:    ', '[0.907 ]')
('correct:', '[1     ]')
error:  0.00436606
('out:    ', '[0.907 ]')
('correct:', '[1     ]')
error:  0.00433041
('out:    ', '[0.705 ]')
('correct:', '[0     ]')
error:  0.24868737
('out:    ', '[0.941 ]')
('correct:', '[0     ]')
error:  0.44303198
('out:    ', '[0.935 ]')
('correct:', '[1     ]')
error:  0.00214225
('out:    ', '[0.905 ]')
('correct:', '[1     ]')
error:  0.00450263
('out:    ', '[0.799 ]')
('correct:', '[1     ]')
error:  0.02029021
('out:    ', '[0.751 ]')
('correct:', '[1     ]')
error:  0.03102331
('out:    ', '[0.189 ]')
('correct:', '[0     ]')
error:  0.01787779
('out:    ', '[0.889 ]')
('correct:', '[1     ]')
error:  0.00620733
('out:    ', '[0.916 ]')
('correct:', '[1     ]')
error:  0.00349018
('out:    ', '[0.941 ]')
('correct:', '[1     ]')
error:  0.00171613
('out:    ', '[0.593 ]')
('correct:', '[1     ]')
error:  0.08289171
('out:    ', '[0.931 ]')
('correct:', '[1     ]')
error:  0.00239624
('out:    ', '[0.906 ]')
('correct:', '[1     ]')
error:  0.00441930
('out:    ', '[0.784 ]')
('correct:', '[1     ]')
error:  0.02326334
('out:    ', '[0.94  ]')
('correct:', '[1     ]')
error:  0.00179044
('out:    ', '[0.111 ]')
('correct:', '[0     ]')
error:  0.00617787
('out:    ', '[0.799 ]')
('correct:', '[1     ]')
error:  0.02022453
('out:    ', '[0.511 ]')
('correct:', '[1     ]')
error:  0.11973868
('out:    ', '[0.833 ]')
('correct:', '[1     ]')
error:  0.01402752
('out:    ', '[0.718 ]')
('correct:', '[1     ]')
error:  0.03977497
('out:    ', '[0.536 ]')
('correct:', '[1     ]')
error:  0.10763016
('out:    ', '[0.792 ]')
('correct:', '[0     ]')
error:  0.31358905
('out:    ', '[0.927 ]')
('correct:', '[1     ]')
error:  0.00263333
('out:    ', '[0.387 ]')
('correct:', '[1     ]')
error:  0.18793373
('out:    ', '[0.943 ]')
('correct:', '[1     ]')
error:  0.00165040
('out:    ', '[0.528 ]')
('correct:', '[0     ]')
error:  0.13918964
('out:    ', '[0.922 ]')
('correct:', '[0     ]')
error:  0.42471989
('out:    ', '[0.901 ]')
('correct:', '[1     ]')
error:  0.00485459
('out:    ', '[0.956 ]')
('correct:', '[1     ]')
error:  0.00096971
('out:    ', '[0.841 ]')
('correct:', '[0     ]')
error:  0.35347486
('out:    ', '[0.989 ]')
('correct:', '[1     ]')
error:  0.00006556
('out:    ', '[0.784 ]')
('correct:', '[1     ]')
error:  0.02335405
('out:    ', '[0.174 ]')
('correct:', '[1     ]')
error:  0.34080041
('out:    ', '[0.939 ]')
('correct:', '[1     ]')
error:  0.00184238
('out:    ', '[0.901 ]')
('correct:', '[1     ]')
error:  0.00485795
('out:    ', '[0.613 ]')
('correct:', '[0     ]')
error:  0.18804520
('out:    ', '[0.694 ]')
('correct:', '[0     ]')
error:  0.24062787
('out:    ', '[0.825 ]')
('correct:', '[1     ]')
error:  0.01528494
('out:    ', '[0.886 ]')
('correct:', '[1     ]')
error:  0.00644326
('out:    ', '[0.698 ]')
('correct:', '[1     ]')
error:  0.04567802
('out:    ', '[0.844 ]')
('correct:', '[0     ]')
error:  0.35617360
('out:    ', '[0.788 ]')
('correct:', '[1     ]')
error:  0.02246093
('out:    ', '[0.989 ]')
('correct:', '[1     ]')
error:  0.00006048
('out:    ', '[0.738 ]')
('correct:', '[1     ]')
error:  0.03432862
('out:    ', '[0.921 ]')
('correct:', '[1     ]')
error:  0.00311354
('out:    ', '[0.737 ]')
('correct:', '[1     ]')
error:  0.03464861
('out:    ', '[0.874 ]')
('correct:', '[1     ]')
error:  0.00796232
('out:    ', '[0.857 ]')
('correct:', '[1     ]')
error:  0.01028776
('out:    ', '[0.403 ]')
('correct:', '[1     ]')
error:  0.17797304
('out:    ', '[0.852 ]')
('correct:', '[1     ]')
error:  0.01100106
('out:    ', '[0.675 ]')
('correct:', '[1     ]')
error:  0.05271458
('out:    ', '[0.5   ]')
('correct:', '[1     ]')
error:  0.12518169
('out:    ', '[0.878 ]')
('correct:', '[0     ]')
error:  0.38546344
('out:    ', '[0.706 ]')
('correct:', '[0     ]')
error:  0.24914180
('out:    ', '[0.761 ]')
('correct:', '[1     ]')
error:  0.02858256
('out:    ', '[0.922 ]')
('correct:', '[1     ]')
error:  0.00301432
('out:    ', '[0.729 ]')
('correct:', '[1     ]')
error:  0.03663196
('out:    ', '[0.802 ]')
('correct:', '[1     ]')
error:  0.01961002
('out:    ', '[0.975 ]')
('correct:', '[1     ]')
error:  0.00030158
('out:    ', '[0.957 ]')
('correct:', '[1     ]')
error:  0.00090427
('out:    ', '[0.553 ]')
('correct:', '[0     ]')
error:  0.15311920
('out:    ', '[0.904 ]')
('correct:', '[0     ]')
error:  0.40821473
('out:    ', '[0.848 ]')
('correct:', '[1     ]')
error:  0.01149323
('out:    ', '[0.485 ]')
('correct:', '[1     ]')
error:  0.13251274
('out:    ', '[0.925 ]')
('correct:', '[1     ]')
error:  0.00280211
('out:    ', '[0.845 ]')
('correct:', '[1     ]')
error:  0.01200713
('out:    ', '[0.945 ]')
('correct:', '[1     ]')
error:  0.00153353
('out:    ', '[0.889 ]')
('correct:', '[0     ]')
error:  0.39493828
('out:    ', '[0.952 ]')
('correct:', '[1     ]')
error:  0.00117216
('out:    ', '[0.485 ]')
('correct:', '[0     ]')
error:  0.11784236
('out:    ', '[0.614 ]')
('correct:', '[0     ]')
error:  0.18873017
('out:    ', '[0.256 ]')
('correct:', '[0     ]')
error:  0.03289087
('out:    ', '[0.722 ]')
('correct:', '[0     ]')
error:  0.26057505
('out:    ', '[0.925 ]')
('correct:', '[1     ]')
error:  0.00280473
('out:    ', '[0.484 ]')
('correct:', '[1     ]')
error:  0.13304627
('out:    ', '[0.803 ]')
('correct:', '[0     ]')
error:  0.32251383
('out:    ', '[0.923 ]')
('correct:', '[1     ]')
error:  0.00296799
('out:    ', '[0.71  ]')
('correct:', '[0     ]')
error:  0.25235900
('out:    ', '[0.432 ]')
('correct:', '[0     ]')
error:  0.09348433
('out:    ', '[0.61  ]')
('correct:', '[0     ]')
error:  0.18622404
('out:    ', '[0.391 ]')
('correct:', '[0     ]')
error:  0.07650645
('out:    ', '[0.985 ]')
('correct:', '[1     ]')
error:  0.00011240
('out:    ', '[0.744 ]')
('correct:', '[1     ]')
error:  0.03288666
('out:    ', '[0.454 ]')
('correct:', '[0     ]')
error:  0.10311796
('out:    ', '[0.807 ]')
('correct:', '[1     ]')
error:  0.01867322
('out:    ', '[0.952 ]')
('correct:', '[1     ]')
error:  0.00114836
('out:    ', '[0.686 ]')
('correct:', '[1     ]')
error:  0.04922013
('out:    ', '[0.521 ]')
('correct:', '[1     ]')
error:  0.11479132
('out:    ', '[0.929 ]')
('correct:', '[1     ]')
error:  0.00250333
('out:    ', '[0.882 ]')
('correct:', '[1     ]')
error:  0.00690475
('out:    ', '[0.939 ]')
('correct:', '[1     ]')
error:  0.00186914
('out:    ', '[0.527 ]')
('correct:', '[1     ]')
error:  0.11175411
('out:    ', '[0.264 ]')
('correct:', '[0     ]')
error:  0.03484487
('out:    ', '[0.745 ]')
('correct:', '[1     ]')
error:  0.03245030
('out:    ', '[0.795 ]')
('correct:', '[1     ]')
error:  0.02105686
('out:    ', '[0.799 ]')
('correct:', '[0     ]')
error:  0.31916056
('out:    ', '[0.931 ]')
('correct:', '[1     ]')
error:  0.00240764
('out:    ', '[0.694 ]')
('correct:', '[0     ]')
error:  0.24070704
('out:    ', '[0.952 ]')
('correct:', '[1     ]')
error:  0.00113595
('out:    ', '[0.546 ]')
('correct:', '[1     ]')
error:  0.10325444
('out:    ', '[0.674 ]')
('correct:', '[0     ]')
error:  0.22714432
('out:    ', '[0.944 ]')
('correct:', '[1     ]')
error:  0.00158792
('out:    ', '[0.911 ]')
('correct:', '[1     ]')
error:  0.00392200
('out:    ', '[0.985 ]')
('correct:', '[0     ]')
error:  0.48525567
('out:    ', '[0.59  ]')
('correct:', '[0     ]')
error:  0.17410149
('out:    ', '[0.858 ]')
('correct:', '[1     ]')
error:  0.01005796
('out:    ', '[0.944 ]')
('correct:', '[1     ]')
error:  0.00156996
('out:    ', '[0.868 ]')
('correct:', '[0     ]')
error:  0.37628799
('out:    ', '[0.662 ]')
('correct:', '[1     ]')
error:  0.05703552
('out:    ', '[0.447 ]')
('correct:', '[1     ]')
error:  0.15284242
('out:    ', '[0.943 ]')
('correct:', '[1     ]')
error:  0.00164018
('out:    ', '[0.656 ]')
('correct:', '[0     ]')
error:  0.21540516
('out:    ', '[0.916 ]')
('correct:', '[1     ]')
error:  0.00350287
('out:    ', '[0.182 ]')
('correct:', '[0     ]')
error:  0.01652449
('out:    ', '[0.875 ]')
('correct:', '[0     ]')
error:  0.38312968
('out:    ', '[0.653 ]')
('correct:', '[1     ]')
error:  0.06018248
('out:    ', '[0.983 ]')
('correct:', '[1     ]')
error:  0.00015215
('out:    ', '[0.578 ]')
('correct:', '[1     ]')
error:  0.08904373
('out:    ', '[0.674 ]')
('correct:', '[0     ]')
error:  0.22680286
('out:    ', '[0.867 ]')
('correct:', '[0     ]')
error:  0.37583029
('out:    ', '[0.521 ]')
('correct:', '[0     ]')
error:  0.13596011
('out:    ', '[0.795 ]')
('correct:', '[1     ]')
error:  0.02102201
('out:    ', '[0.975 ]')
('correct:', '[1     ]')
error:  0.00030504
('out:    ', '[0.714 ]')
('correct:', '[0     ]')
error:  0.25466661
('out:    ', '[0.123 ]')
('correct:', '[0     ]')
error:  0.00758922
('out:    ', '[0.457 ]')
('correct:', '[0     ]')
error:  0.10446651
('out:    ', '[0.991 ]')
('correct:', '[0     ]')
error:  0.49130488
('out:    ', '[0.439 ]')
('correct:', '[0     ]')
error:  0.09637612
('out:    ', '[0.391 ]')
('correct:', '[0     ]')
error:  0.07632414
('out:    ', '[0.929 ]')
('correct:', '[1     ]')
error:  0.00255458
('out:    ', '[0.931 ]')
('correct:', '[1     ]')
error:  0.00241059
('out:    ', '[0.396 ]')
('correct:', '[0     ]')
error:  0.07857875
('out:    ', '[0.909 ]')
('correct:', '[1     ]')
error:  0.00418434
('out:    ', '[0.495 ]')
('correct:', '[1     ]')
error:  0.12762721
('out:    ', '[0.744 ]')
('correct:', '[1     ]')
error:  0.03269325
('out:    ', '[0.645 ]')
('correct:', '[1     ]')
error:  0.06298050
('out:    ', '[0.643 ]')
('correct:', '[0     ]')
error:  0.20663285
('out:    ', '[0.393 ]')
('correct:', '[1     ]')
error:  0.18425038
('out:    ', '[0.986 ]')
('correct:', '[1     ]')
error:  0.00010092
('out:    ', '[0.915 ]')
('correct:', '[1     ]')
error:  0.00363707
('out:    ', '[0.752 ]')
('correct:', '[0     ]')
error:  0.28295374
('out:    ', '[0.576 ]')
('correct:', '[0     ]')
error:  0.16569624
('out:    ', '[0.895 ]')
('correct:', '[1     ]')
error:  0.00546132
('out:    ', '[0.572 ]')
('correct:', '[1     ]')
error:  0.09150266
('out:    ', '[0.864 ]')
('correct:', '[1     ]')
error:  0.00918600
('out:    ', '[0.927 ]')
('correct:', '[0     ]')
error:  0.42920657
('out:    ', '[0.908 ]')
('correct:', '[1     ]')
error:  0.00427566
('out:    ', '[0.782 ]')
('correct:', '[1     ]')
error:  0.02379926
('out:    ', '[0.546 ]')
('correct:', '[0     ]')
error:  0.14886665
('out:    ', '[0.777 ]')
('correct:', '[0     ]')
error:  0.30182461
('out:    ', '[0.202 ]')
('correct:', '[1     ]')
error:  0.31847464
('out:    ', '[0.772 ]')
('correct:', '[1     ]')
error:  0.02610309
('out:    ', '[0.569 ]')
('correct:', '[0     ]')
error:  0.16209690
('out:    ', '[0.181 ]')
('correct:', '[1     ]')
error:  0.33563486
('out:    ', '[0.528 ]')
('correct:', '[0     ]')
error:  0.13926564
('out:    ', '[0.687 ]')
('correct:', '[0     ]')
error:  0.23621592
('out:    ', '[0.473 ]')
('correct:', '[0     ]')
error:  0.11199483
('out:    ', '[0.841 ]')
('correct:', '[0     ]')
error:  0.35387974
('out:    ', '[0.634 ]')
('correct:', '[0     ]')
error:  0.20081798
('out:    ', '[0.679 ]')
('correct:', '[0     ]')
error:  0.23061162
('out:    ', '[0.85  ]')
('correct:', '[0     ]')
error:  0.36161728
('out:    ', '[0.93  ]')
('correct:', '[1     ]')
error:  0.00242507
('out:    ', '[0.801 ]')
('correct:', '[0     ]')
error:  0.32047019
('out:    ', '[0.788 ]')
('correct:', '[1     ]')
error:  0.02246760
('out:    ', '[0.944 ]')
('correct:', '[1     ]')
error:  0.00159267
('out:    ', '[0.221 ]')
('correct:', '[0     ]')
error:  0.02442828
('out:    ', '[0.783 ]')
('correct:', '[1     ]')
error:  0.02364508
('out:    ', '[0.761 ]')
('correct:', '[1     ]')
error:  0.02846880
('out:    ', '[0.97  ]')
('correct:', '[1     ]')
error:  0.00046410
('out:    ', '[0.287 ]')
('correct:', '[0     ]')
error:  0.04118427
('out:    ', '[0.879 ]')
('correct:', '[1     ]')
error:  0.00728277
('out:    ', '[0.741 ]')
('correct:', '[0     ]')
error:  0.27433121
('out:    ', '[0.919 ]')
('correct:', '[0     ]')
error:  0.42267831
('out:    ', '[0.686 ]')
('correct:', '[1     ]')
error:  0.04919984
('out:    ', '[0.835 ]')
('correct:', '[0     ]')
error:  0.34879403
('out:    ', '[0.76  ]')
('correct:', '[1     ]')
error:  0.02880204
('out:    ', '[0.931 ]')
('correct:', '[1     ]')
error:  0.00241097
('out:    ', '[0.9   ]')
('correct:', '[1     ]')
error:  0.00504389
('out:    ', '[0.371 ]')
('correct:', '[1     ]')
error:  0.19782641
('out:    ', '[0.924 ]')
('correct:', '[1     ]')
error:  0.00285178
('out:    ', '[0.743 ]')
('correct:', '[1     ]')
error:  0.03311371
('out:    ', '[0.715 ]')
('correct:', '[1     ]')
error:  0.04050603
('out:    ', '[0.158 ]')
('correct:', '[0     ]')
error:  0.01252871
('out:    ', '[0.835 ]')
('correct:', '[1     ]')
error:  0.01353156
('out:    ', '[0.93  ]')
('correct:', '[1     ]')
error:  0.00247501
('out:    ', '[0.915 ]')
('correct:', '[1     ]')
error:  0.00364244
('out:    ', '[0.784 ]')
('correct:', '[1     ]')
error:  0.02323088
('out:    ', '[0.593 ]')
('correct:', '[0     ]')
error:  0.17567780
('out:    ', '[0.91  ]')
('correct:', '[1     ]')
error:  0.00408780
('out:    ', '[0.89  ]')
('correct:', '[0     ]')
error:  0.39640949
('out:    ', '[0.738 ]')
('correct:', '[1     ]')
error:  0.03439992
('out:    ', '[0.785 ]')
('correct:', '[1     ]')
error:  0.02318273
('out:    ', '[0.833 ]')
('correct:', '[1     ]')
error:  0.01397978
('out:    ', '[0.399 ]')
('correct:', '[1     ]')
error:  0.18059448
('out:    ', '[0.794 ]')
('correct:', '[0     ]')
error:  0.31510003
('out:    ', '[0.243 ]')
('correct:', '[0     ]')
error:  0.02944337
('out:    ', '[0.528 ]')
('correct:', '[0     ]')
error:  0.13962597
('out:    ', '[0.739 ]')
('correct:', '[1     ]')
error:  0.03414356
('out:    ', '[0.741 ]')
('correct:', '[0     ]')
error:  0.27473055
('out:    ', '[0.64  ]')
('correct:', '[1     ]')
error:  0.06493929
('out:    ', '[0.624 ]')
('correct:', '[0     ]')
error:  0.19442045
('out:    ', '[0.912 ]')
('correct:', '[1     ]')
error:  0.00390169
('out:    ', '[0.598 ]')
('correct:', '[1     ]')
error:  0.08095349
('out:    ', '[0.154 ]')
('correct:', '[0     ]')
error:  0.01182203
('out:    ', '[0.855 ]')
('correct:', '[1     ]')
error:  0.01054479
('out:    ', '[0.891 ]')
('correct:', '[1     ]')
error:  0.00595077
('out:    ', '[0.292 ]')
('correct:', '[1     ]')
error:  0.25076628
('out:    ', '[0.957 ]')
('correct:', '[1     ]')
error:  0.00093437
('out:    ', '[0.188 ]')
('correct:', '[1     ]')
error:  0.32944715
('out:    ', '[0.169 ]')
('correct:', '[0     ]')
error:  0.01424876
('out:    ', '[0.922 ]')
('correct:', '[1     ]')
error:  0.00301731
('out:    ', '[0.762 ]')
('correct:', '[1     ]')
error:  0.02826959
('out:    ', '[0.833 ]')
('correct:', '[0     ]')
error:  0.34671925
('out:    ', '[0.939 ]')
('correct:', '[1     ]')
error:  0.00184887
('out:    ', '[0.781 ]')
('correct:', '[1     ]')
error:  0.02390896
('out:    ', '[0.165 ]')
('correct:', '[1     ]')
error:  0.34879967
('out:    ', '[0.824 ]')
('correct:', '[1     ]')
error:  0.01547351
('out:    ', '[0.762 ]')
('correct:', '[1     ]')
error:  0.02826579
('out:    ', '[0.891 ]')
('correct:', '[1     ]')
error:  0.00598290
('out:    ', '[0.899 ]')
('correct:', '[1     ]')
error:  0.00508409
('out:    ', '[0.598 ]')
('correct:', '[0     ]')
error:  0.17883165
('out:    ', '[0.417 ]')
('correct:', '[0     ]')
error:  0.08700136
('out:    ', '[0.937 ]')
('correct:', '[1     ]')
error:  0.00201435
('out:    ', '[0.535 ]')
('correct:', '[0     ]')
error:  0.14315142
('out:    ', '[0.801 ]')
('correct:', '[1     ]')
error:  0.01977562
('out:    ', '[0.854 ]')
('correct:', '[0     ]')
error:  0.36498869
('out:    ', '[0.706 ]')
('correct:', '[1     ]')
error:  0.04331839
('out:    ', '[0.933 ]')
('correct:', '[0     ]')
error:  0.43515567
('out:    ', '[0.943 ]')
('correct:', '[1     ]')
error:  0.00161264
('out:    ', '[0.743 ]')
('correct:', '[0     ]')
error:  0.27618194
('out:    ', '[0.984 ]')
('correct:', '[1     ]')
error:  0.00012867
('out:    ', '[0.187 ]')
('correct:', '[0     ]')
error:  0.01751547
('out:    ', '[0.664 ]')
('correct:', '[0     ]')
error:  0.22021302
('out:    ', '[0.823 ]')
('correct:', '[1     ]')
error:  0.01564531
('out:    ', '[0.381 ]')
('correct:', '[0     ]')
error:  0.07266059
('out:    ', '[0.586 ]')
('correct:', '[1     ]')
error:  0.08559672
('out:    ', '[0.865 ]')
('correct:', '[1     ]')
error:  0.00910295
('out:    ', '[0.716 ]')
('correct:', '[1     ]')
error:  0.04040605
('out:    ', '[0.179 ]')
('correct:', '[0     ]')
error:  0.01602841
('out:    ', '[0.874 ]')
('correct:', '[1     ]')
error:  0.00792743
('out:    ', '[0.521 ]')
('correct:', '[0     ]')
error:  0.13553938
('out:    ', '[0.917 ]')
('correct:', '[0     ]')
error:  0.42062603
('out:    ', '[0.967 ]')
('correct:', '[1     ]')
error:  0.00054745
('out:    ', '[0.9   ]')
('correct:', '[1     ]')
error:  0.00498220
('out:    ', '[0.487 ]')
('correct:', '[0     ]')
error:  0.11834698
('out:    ', '[0.986 ]')
('correct:', '[1     ]')
error:  0.00010343
('out:    ', '[0.918 ]')
('correct:', '[1     ]')
error:  0.00335972
('out:    ', '[0.959 ]')
('correct:', '[0     ]')
error:  0.45944534
('out:    ', '[0.949 ]')
('correct:', '[1     ]')
error:  0.00132334
('out:    ', '[0.661 ]')
('correct:', '[0     ]')
error:  0.21845732
('out:    ', '[0.706 ]')
('correct:', '[1     ]')
error:  0.04316386
('out:    ', '[0.663 ]')
('correct:', '[1     ]')
error:  0.05667087
('out:    ', '[0.932 ]')
('correct:', '[1     ]')
error:  0.00233878
('out:    ', '[0.77  ]')
('correct:', '[1     ]')
error:  0.02654807
('out:    ', '[0.882 ]')
('correct:', '[1     ]')
error:  0.00699341
('out:    ', '[0.645 ]')
('correct:', '[0     ]')
error:  0.20814834
('out:    ', '[0.71  ]')
('correct:', '[1     ]')
error:  0.04209900
('out:    ', '[0.673 ]')
('correct:', '[0     ]')
error:  0.22626126
('out:    ', '[0.755 ]')
('correct:', '[0     ]')
error:  0.28528133
('out:    ', '[0.926 ]')
('correct:', '[1     ]')
error:  0.00270133
('out:    ', '[0.581 ]')
('correct:', '[0     ]')
error:  0.16905441
('out:    ', '[0.924 ]')
('correct:', '[1     ]')
error:  0.00285372
('out:    ', '[0.303 ]')
('correct:', '[0     ]')
error:  0.04601809
('out:    ', '[0.934 ]')
('correct:', '[0     ]')
error:  0.43619042
('out:    ', '[0.835 ]')
('correct:', '[1     ]')
error:  0.01367257
('out:    ', '[0.709 ]')
('correct:', '[1     ]')
error:  0.04231339
('out:    ', '[0.573 ]')
('correct:', '[1     ]')
error:  0.09136939
('out:    ', '[0.733 ]')
('correct:', '[1     ]')
error:  0.03576468
('out:    ', '[0.829 ]')
('correct:', '[1     ]')
error:  0.01453527
('out:    ', '[0.61  ]')
('correct:', '[0     ]')
error:  0.18594209
('out:    ', '[0.955 ]')
('correct:', '[1     ]')
error:  0.00099245
('out:    ', '[0.838 ]')
('correct:', '[0     ]')
error:  0.35119729
('out:    ', '[0.549 ]')
('correct:', '[0     ]')
error:  0.15046199
('out:    ', '[0.788 ]')
('correct:', '[1     ]')
error:  0.02237118
('out:    ', '[0.466 ]')
('correct:', '[1     ]')
error:  0.14272113
('out:    ', '[0.622 ]')
('correct:', '[1     ]')
error:  0.07158040
('out:    ', '[0.638 ]')
('correct:', '[1     ]')
error:  0.06551728
('out:    ', '[0.944 ]')
('correct:', '[1     ]')
error:  0.00159094
('out:    ', '[0.616 ]')
('correct:', '[0     ]')
error:  0.18988099
('out:    ', '[0.55  ]')
('correct:', '[1     ]')
error:  0.10121946
('out:    ', '[0.987 ]')
('correct:', '[1     ]')
error:  0.00008843
('out:    ', '[0.912 ]')
('correct:', '[0     ]')
error:  0.41617460
('out:    ', '[0.911 ]')
('correct:', '[0     ]')
error:  0.41517992
('out:    ', '[0.962 ]')
('correct:', '[1     ]')
error:  0.00070337
('out:    ', '[0.926 ]')
('correct:', '[0     ]')
error:  0.42863037
('out:    ', '[0.966 ]')
('correct:', '[0     ]')
error:  0.46690788
('out:    ', '[0.145 ]')
('correct:', '[0     ]')
error:  0.01050667
('out:    ', '[0.364 ]')
('correct:', '[1     ]')
error:  0.20224120
('out:    ', '[0.985 ]')
('correct:', '[1     ]')
error:  0.00011788
('out:    ', '[0.954 ]')
('correct:', '[0     ]')
error:  0.45501166
('out:    ', '[0.85  ]')
('correct:', '[1     ]')
error:  0.01125287
('out:    ', '[0.931 ]')
('correct:', '[0     ]')
error:  0.43377332
('out:    ', '[0.94  ]')
('correct:', '[0     ]')
error:  0.44183053
('out:    ', '[0.824 ]')
('correct:', '[0     ]')
error:  0.33945246
('out:    ', '[0.649 ]')
('correct:', '[1     ]')
error:  0.06143438
('out:    ', '[0.941 ]')
('correct:', '[1     ]')
error:  0.00175646
('out:    ', '[0.539 ]')
('correct:', '[1     ]')
error:  0.10626676
('out:    ', '[0.573 ]')
('correct:', '[1     ]')
error:  0.09123757
('out:    ', '[0.943 ]')
('correct:', '[1     ]')
error:  0.00161331
('out:    ', '[0.642 ]')
('correct:', '[0     ]')
error:  0.20589916
('out:    ', '[0.838 ]')
('correct:', '[1     ]')
error:  0.01312300
('out:    ', '[0.214 ]')
('correct:', '[0     ]')
error:  0.02295266
('out:    ', '[0.454 ]')
('correct:', '[0     ]')
error:  0.10297837
('out:    ', '[0.675 ]')
('correct:', '[1     ]')
error:  0.05278647
('out:    ', '[0.562 ]')
('correct:', '[1     ]')
error:  0.09570622
('out:    ', '[0.924 ]')
('correct:', '[1     ]')
error:  0.00291726
('out:    ', '[0.977 ]')
('correct:', '[1     ]')
error:  0.00025533
('out:    ', '[0.707 ]')
('correct:', '[1     ]')
error:  0.04285331
('out:    ', '[0.151 ]')
('correct:', '[0     ]')
error:  0.01144673
('out:    ', '[0.689 ]')
('correct:', '[1     ]')
error:  0.04828445
('out:    ', '[0.953 ]')
('correct:', '[1     ]')
error:  0.00112692
('out:    ', '[0.912 ]')
('correct:', '[1     ]')
error:  0.00390380
('out:    ', '[0.846 ]')
('correct:', '[1     ]')
error:  0.01183956
('out:    ', '[0.807 ]')
('correct:', '[1     ]')
error:  0.01864671
('out:    ', '[0.83  ]')
('correct:', '[0     ]')
error:  0.34437783
('out:    ', '[0.747 ]')
('correct:', '[1     ]')
error:  0.03211488
('out:    ', '[0.417 ]')
('correct:', '[0     ]')
error:  0.08692519
('out:    ', '[0.525 ]')
('correct:', '[0     ]')
error:  0.13777109
('out:    ', '[0.888 ]')
('correct:', '[0     ]')
error:  0.39395427
('out:    ', '[0.488 ]')
('correct:', '[0     ]')
error:  0.11929304
('out:    ', '[0.735 ]')
('correct:', '[0     ]')
error:  0.27038294
('out:    ', '[0.155 ]')
('correct:', '[0     ]')
error:  0.01206596
('out:    ', '[0.961 ]')
('correct:', '[1     ]')
error:  0.00075612
('out:    ', '[0.596 ]')
('correct:', '[1     ]')
error:  0.08166509
('out:    ', '[0.574 ]')
('correct:', '[1     ]')
error:  0.09078432
('out:    ', '[0.867 ]')
('correct:', '[0     ]')
error:  0.37578696
('out:    ', '[0.935 ]')
('correct:', '[1     ]')
error:  0.00214443
('out:    ', '[0.928 ]')
('correct:', '[1     ]')
error:  0.00258309
('out:    ', '[0.939 ]')
('correct:', '[1     ]')
error:  0.00184718
('out:    ', '[0.927 ]')
('correct:', '[1     ]')
error:  0.00263465
('out:    ', '[0.188 ]')
('correct:', '[1     ]')
error:  0.32935346
('out:    ', '[0.485 ]')
('correct:', '[0     ]')
error:  0.11779830
('out:    ', '[0.438 ]')
('correct:', '[1     ]')
error:  0.15783608
('out:    ', '[0.156 ]')
('correct:', '[1     ]')
error:  0.35601038
('out:    ', '[0.967 ]')
('correct:', '[1     ]')
error:  0.00052930
('out:    ', '[0.86  ]')
('correct:', '[1     ]')
error:  0.00981394
('out:    ', '[0.953 ]')
('correct:', '[1     ]')
error:  0.00110744
('out:    ', '[0.408 ]')
('correct:', '[0     ]')
error:  0.08338344
('out:    ', '[0.708 ]')
('correct:', '[0     ]')
error:  0.25029525
('out:    ', '[0.654 ]')
('correct:', '[1     ]')
error:  0.05976000
('out:    ', '[0.907 ]')
('correct:', '[1     ]')
error:  0.00432741
('out:    ', '[0.929 ]')
('correct:', '[1     ]')
error:  0.00253011
('out:    ', '[0.439 ]')
('correct:', '[0     ]')
error:  0.09617626
('out:    ', '[0.845 ]')
('correct:', '[1     ]')
error:  0.01206506
('out:    ', '[0.187 ]')
('correct:', '[0     ]')
error:  0.01740454
('out:    ', '[0.705 ]')
('correct:', '[0     ]')
error:  0.24878515
('out:    ', '[0.918 ]')
('correct:', '[1     ]')
error:  0.00334955
('out:    ', '[0.984 ]')
('correct:', '[0     ]')
error:  0.48461845
('out:    ', '[0.853 ]')
('correct:', '[1     ]')
error:  0.01080809
('out:    ', '[0.905 ]')
('correct:', '[0     ]')
error:  0.40923839
('out:    ', '[0.94  ]')
('correct:', '[1     ]')
error:  0.00181640
('out:    ', '[0.698 ]')
('correct:', '[1     ]')
error:  0.04568002
('out:    ', '[0.896 ]')
('correct:', '[1     ]')
error:  0.00544678
('out:    ', '[0.801 ]')
('correct:', '[1     ]')
error:  0.01983153
('out:    ', '[0.587 ]')
('correct:', '[0     ]')
error:  0.17216460
('out:    ', '[0.764 ]')
('correct:', '[0     ]')
error:  0.29197023
('out:    ', '[0.804 ]')
('correct:', '[1     ]')
error:  0.01928699
('out:    ', '[0.613 ]')
('correct:', '[0     ]')
error:  0.18790390
('out:    ', '[0.983 ]')
('correct:', '[0     ]')
error:  0.48315711
('out:    ', '[0.864 ]')
('correct:', '[1     ]')
error:  0.00929065
('out:    ', '[0.906 ]')
('correct:', '[1     ]')
error:  0.00443674
('out:    ', '[0.975 ]')
('correct:', '[1     ]')
error:  0.00031908
('out:    ', '[0.441 ]')
('correct:', '[0     ]')
error:  0.09713910
('out:    ', '[0.529 ]')
('correct:', '[0     ]')
error:  0.14000186
('out:    ', '[0.764 ]')
('correct:', '[1     ]')
error:  0.02790384
('out:    ', '[0.54  ]')
('correct:', '[1     ]')
error:  0.10567869
('out:    ', '[0.726 ]')
('correct:', '[1     ]')
error:  0.03744988
('out:    ', '[0.919 ]')
('correct:', '[0     ]')
error:  0.42226017
('out:    ', '[0.983 ]')
('correct:', '[0     ]')
error:  0.48291178
('out:    ', '[0.725 ]')
('correct:', '[1     ]')
error:  0.03792314
('out:    ', '[0.84  ]')
('correct:', '[1     ]')
error:  0.01285668
('out:    ', '[0.474 ]')
('correct:', '[0     ]')
error:  0.11237940
('out:    ', '[0.687 ]')
('correct:', '[1     ]')
error:  0.04906463
('out:    ', '[0.757 ]')
('correct:', '[0     ]')
error:  0.28620895
('out:    ', '[0.694 ]')
('correct:', '[0     ]')
error:  0.24112190
('out:    ', '[0.966 ]')
('correct:', '[1     ]')
error:  0.00056663
('out:    ', '[0.682 ]')
('correct:', '[1     ]')
error:  0.05064835
('out:    ', '[0.941 ]')
('correct:', '[1     ]')
error:  0.00176026
('out:    ', '[0.845 ]')
('correct:', '[1     ]')
error:  0.01204471
('out:    ', '[0.376 ]')
('correct:', '[1     ]')
error:  0.19454683
('out:    ', '[0.938 ]')
('correct:', '[1     ]')
error:  0.00194257
('out:    ', '[0.99  ]')
('correct:', '[1     ]')
error:  0.00004796
('out:    ', '[0.926 ]')
('correct:', '[1     ]')
error:  0.00274357
('out:    ', '[0.26  ]')
('correct:', '[1     ]')
error:  0.27355796
('out:    ', '[0.611 ]')
('correct:', '[1     ]')
error:  0.07566875
('out:    ', '[0.692 ]')
('correct:', '[0     ]')
error:  0.23915401
('out:    ', '[0.238 ]')
('correct:', '[1     ]')
error:  0.29018856
('out:    ', '[0.978 ]')
('correct:', '[1     ]')
error:  0.00023291
('out:    ', '[0.66  ]')
('correct:', '[0     ]')
error:  0.21797527
('out:    ', '[0.662 ]')
('correct:', '[0     ]')
error:  0.21914121
('out:    ', '[0.624 ]')
('correct:', '[0     ]')
error:  0.19441360
('out:    ', '[0.699 ]')
('correct:', '[1     ]')
error:  0.04517033
('out:    ', '[0.626 ]')
('correct:', '[1     ]')
error:  0.06984786
('out:    ', '[0.874 ]')
('correct:', '[1     ]')
error:  0.00788587
('out:    ', '[0.709 ]')
('correct:', '[0     ]')
error:  0.25099515
('out:    ', '[0.691 ]')
('correct:', '[0     ]')
error:  0.23852246
('out:    ', '[0.927 ]')
('correct:', '[1     ]')
error:  0.00267609
('out:    ', '[0.897 ]')
('correct:', '[1     ]')
error:  0.00531447
('out:    ', '[0.602 ]')
('correct:', '[1     ]')
error:  0.07923413
('out:    ', '[0.74  ]')
('correct:', '[1     ]')
error:  0.03381209
('out:    ', '[0.697 ]')
('correct:', '[1     ]')
error:  0.04579068
('out:    ', '[0.934 ]')
('correct:', '[1     ]')
error:  0.00215308
('out:    ', '[0.481 ]')
('correct:', '[0     ]')
error:  0.11559943
('out:    ', '[0.645 ]')
('correct:', '[1     ]')
error:  0.06308724
('out:    ', '[0.974 ]')
('correct:', '[1     ]')
error:  0.00034204
('out:    ', '[0.591 ]')
('correct:', '[1     ]')
error:  0.08364674
('out:    ', '[0.853 ]')
('correct:', '[1     ]')
error:  0.01077113
('out:    ', '[0.918 ]')
('correct:', '[1     ]')
error:  0.00334541
('out:    ', '[0.735 ]')
('correct:', '[0     ]')
error:  0.26986800
('out:    ', '[0.879 ]')
('correct:', '[0     ]')
error:  0.38594766
('out:    ', '[0.564 ]')
('correct:', '[0     ]')
error:  0.15926633
('out:    ', '[0.799 ]')
('correct:', '[1     ]')
error:  0.02029918
('out:    ', '[0.525 ]')
('correct:', '[0     ]')
error:  0.13768728
('out:    ', '[0.241 ]')
('correct:', '[0     ]')
error:  0.02909980
('out:    ', '[0.908 ]')
('correct:', '[1     ]')
error:  0.00426276
('out:    ', '[0.727 ]')
('correct:', '[0     ]')
error:  0.26426345
('out:    ', '[0.76  ]')
('correct:', '[0     ]')
error:  0.28901143
('out:    ', '[0.902 ]')
('correct:', '[1     ]')
error:  0.00475529
('out:    ', '[0.853 ]')
('correct:', '[1     ]')
error:  0.01083597
('out:    ', '[0.845 ]')
('correct:', '[1     ]')
error:  0.01203626
('out:    ', '[0.656 ]')
('correct:', '[1     ]')
error:  0.05907729
('out:    ', '[0.566 ]')
('correct:', '[1     ]')
error:  0.09415823
('out:    ', '[0.88  ]')
('correct:', '[0     ]')
error:  0.38735532
('out:    ', '[0.727 ]')
('correct:', '[1     ]')
error:  0.03724941
('out:    ', '[0.862 ]')
('correct:', '[0     ]')
error:  0.37133839
('out:    ', '[0.928 ]')
('correct:', '[1     ]')
error:  0.00259366
('out:    ', '[0.705 ]')
('correct:', '[1     ]')
error:  0.04356253
('out:    ', '[0.827 ]')
('correct:', '[0     ]')
error:  0.34216485
('out:    ', '[0.61  ]')
('correct:', '[1     ]')
error:  0.07607824
('out:    ', '[0.678 ]')
('correct:', '[1     ]')
error:  0.05177056
('out:    ', '[0.929 ]')
('correct:', '[1     ]')
error:  0.00252354
('out:    ', '[0.755 ]')
('correct:', '[1     ]')
error:  0.02992402
('out:    ', '[0.605 ]')
('correct:', '[0     ]')
error:  0.18286153
('out:    ', '[0.343 ]')
('correct:', '[0     ]')
error:  0.05898524
('out:    ', '[0.939 ]')
('correct:', '[1     ]')
error:  0.00187924
('out:    ', '[0.18  ]')
('correct:', '[0     ]')
error:  0.01617645
('out:    ', '[0.958 ]')
('correct:', '[1     ]')
error:  0.00088066
('out:    ', '[0.644 ]')
('correct:', '[1     ]')
error:  0.06340058
('out:    ', '[0.645 ]')
('correct:', '[1     ]')
error:  0.06304676
('out:    ', '[0.622 ]')
('correct:', '[1     ]')
error:  0.07145111
('out:    ', '[0.743 ]')
('correct:', '[0     ]')
error:  0.27577633
('out:    ', '[0.928 ]')
('correct:', '[1     ]')
error:  0.00260162
('out:    ', '[0.275 ]')
('correct:', '[0     ]')
error:  0.03789677
('out:    ', '[0.79  ]')
('correct:', '[0     ]')
error:  0.31177513
('out:    ', '[0.805 ]')
('correct:', '[1     ]')
error:  0.01900999
('out:    ', '[0.985 ]')
('correct:', '[1     ]')
error:  0.00011851
('out:    ', '[0.836 ]')
('correct:', '[1     ]')
error:  0.01349258
('out:    ', '[0.957 ]')
('correct:', '[1     ]')
error:  0.00093535
('out:    ', '[0.489 ]')
('correct:', '[0     ]')
error:  0.11970531
('out:    ', '[0.63  ]')
('correct:', '[1     ]')
error:  0.06845783
('out:    ', '[0.93  ]')
('correct:', '[1     ]')
error:  0.00242503
('out:    ', '[0.753 ]')
('correct:', '[1     ]')
error:  0.03039703
('out:    ', '[0.834 ]')
('correct:', '[1     ]')
error:  0.01370478
('out:    ', '[0.918 ]')
('correct:', '[1     ]')
error:  0.00339805
('out:    ', '[0.649 ]')
('correct:', '[1     ]')
error:  0.06171934
('out:    ', '[0.483 ]')
('correct:', '[0     ]')
error:  0.11647707
('out:    ', '[0.995 ]')
('correct:', '[0     ]')
error:  0.49545106
('out:    ', '[0.997 ]')
('correct:', '[0     ]')
error:  0.49739310
('out:    ', '[0.831 ]')
('correct:', '[1     ]')
error:  0.01428952
('out:    ', '[0.427 ]')
('correct:', '[0     ]')
error:  0.09127620
('out:    ', '[0.943 ]')
('correct:', '[0     ]')
error:  0.44448342
('out:    ', '[0.943 ]')
('correct:', '[1     ]')
error:  0.00163811
('out:    ', '[0.835 ]')
('correct:', '[0     ]')
error:  0.34862098
('out:    ', '[0.968 ]')
('correct:', '[1     ]')
error:  0.00052472
('out:    ', '[0.744 ]')
('correct:', '[0     ]')
error:  0.27709772
('out:    ', '[0.945 ]')
('correct:', '[1     ]')
error:  0.00150689
('out:    ', '[0.886 ]')
('correct:', '[1     ]')
error:  0.00651465
('out:    ', '[0.772 ]')
('correct:', '[0     ]')
error:  0.29825641
('out:    ', '[0.897 ]')
('correct:', '[1     ]')
error:  0.00534656
('out:    ', '[0.166 ]')
('correct:', '[0     ]')
error:  0.01369893
('out:    ', '[0.694 ]')
('correct:', '[0     ]')
error:  0.24094400
('out:    ', '[0.476 ]')
('correct:', '[0     ]')
error:  0.11326069
('out:    ', '[0.196 ]')
('correct:', '[0     ]')
error:  0.01918452
('out:    ', '[0.97  ]')
('correct:', '[1     ]')
error:  0.00045961
('out:    ', '[0.658 ]')
('correct:', '[1     ]')
error:  0.05859724
('out:    ', '[0.964 ]')
('correct:', '[0     ]')
error:  0.46482870
('out:    ', '[0.318 ]')
('correct:', '[1     ]')
error:  0.23271063
('out:    ', '[0.931 ]')
('correct:', '[1     ]')
error:  0.00237461
('out:    ', '[0.634 ]')
('correct:', '[1     ]')
error:  0.06703366
('out:    ', '[0.837 ]')
('correct:', '[0     ]')
error:  0.35008799
('out:    ', '[0.11  ]')
('correct:', '[1     ]')
error:  0.39609881
('out:    ', '[0.945 ]')
('correct:', '[1     ]')
error:  0.00149803
('out:    ', '[0.749 ]')
('correct:', '[1     ]')
error:  0.03143909
('out:    ', '[0.232 ]')
('correct:', '[0     ]')
error:  0.02682518
('out:    ', '[0.946 ]')
('correct:', '[1     ]')
error:  0.00148015
('out:    ', '[0.699 ]')
('correct:', '[0     ]')
error:  0.24438420
('out:    ', '[0.801 ]')
('correct:', '[0     ]')
error:  0.32071805
('out:    ', '[0.967 ]')
('correct:', '[1     ]')
error:  0.00054983
('out:    ', '[0.968 ]')
('correct:', '[1     ]')
error:  0.00052703
('out:    ', '[0.948 ]')
('correct:', '[1     ]')
error:  0.00134057
('out:    ', '[0.69  ]')
('correct:', '[1     ]')
error:  0.04811833
('out:    ', '[0.547 ]')
('correct:', '[0     ]')
error:  0.14950251
('out:    ', '[0.91  ]')
('correct:', '[1     ]')
error:  0.00404429
('out:    ', '[0.23  ]')
('correct:', '[0     ]')
error:  0.02638583
('out:    ', '[0.986 ]')
('correct:', '[1     ]')
error:  0.00010233
('out:    ', '[0.729 ]')
('correct:', '[1     ]')
error:  0.03665940
('out:    ', '[0.731 ]')
('correct:', '[0     ]')
error:  0.26692504
('out:    ', '[0.947 ]')
('correct:', '[1     ]')
error:  0.00140658
('out:    ', '[0.884 ]')
('correct:', '[1     ]')
error:  0.00672659
('out:    ', '[0.195 ]')
('correct:', '[1     ]')
error:  0.32361111
('out:    ', '[0.63  ]')
('correct:', '[0     ]')
error:  0.19845468
('out:    ', '[0.93  ]')
('correct:', '[1     ]')
error:  0.00243590
('out:    ', '[0.541 ]')
('correct:', '[1     ]')
error:  0.10537700
('out:    ', '[0.537 ]')
('correct:', '[1     ]')
error:  0.10733322
('out:    ', '[0.853 ]')
('correct:', '[0     ]')
error:  0.36418803
('out:    ', '[0.995 ]')
('correct:', '[1     ]')
error:  0.00001067
('out:    ', '[0.513 ]')
('correct:', '[0     ]')
error:  0.13137533
('out:    ', '[0.76  ]')
('correct:', '[0     ]')
error:  0.28917476
('out:    ', '[0.315 ]')
('correct:', '[0     ]')
error:  0.04949694
('out:    ', '[0.148 ]')
('correct:', '[1     ]')
error:  0.36301755
('out:    ', '[0.551 ]')
('correct:', '[0     ]')
error:  0.15161685
('out:    ', '[0.844 ]')
('correct:', '[0     ]')
error:  0.35623730
('out:    ', '[0.765 ]')
('correct:', '[0     ]')
error:  0.29223174
('out:    ', '[0.898 ]')
('correct:', '[0     ]')
error:  0.40307339
('out:    ', '[0.636 ]')
('correct:', '[1     ]')
error:  0.06632704
('out:    ', '[0.436 ]')
('correct:', '[0     ]')
error:  0.09489882
('out:    ', '[0.909 ]')
('correct:', '[1     ]')
error:  0.00415190
('out:    ', '[0.81  ]')
('correct:', '[1     ]')
error:  0.01799653
('out:    ', '[0.834 ]')
('correct:', '[0     ]')
error:  0.34802407
('out:    ', '[0.723 ]')
('correct:', '[1     ]')
error:  0.03843674
('out:    ', '[0.686 ]')
('correct:', '[1     ]')
error:  0.04916060
('out:    ', '[0.94  ]')
('correct:', '[0     ]')
error:  0.44192540
('out:    ', '[0.892 ]')
('correct:', '[1     ]')
error:  0.00584918
('out:    ', '[0.834 ]')
('correct:', '[0     ]')
error:  0.34808458
('out:    ', '[0.209 ]')
('correct:', '[0     ]')
error:  0.02183632
('out:    ', '[0.699 ]')
('correct:', '[1     ]')
error:  0.04515515
('out:    ', '[0.932 ]')
('correct:', '[1     ]')
error:  0.00228608
('out:    ', '[0.337 ]')
('correct:', '[0     ]')
error:  0.05662349
('out:    ', '[0.659 ]')
('correct:', '[0     ]')
error:  0.21705021
('out:    ', '[0.851 ]')
('correct:', '[1     ]')
error:  0.01110401
('out:    ', '[0.447 ]')
('correct:', '[0     ]')
error:  0.10002358
('out:    ', '[0.891 ]')
('correct:', '[0     ]')
error:  0.39723964
('out:    ', '[0.929 ]')
('correct:', '[1     ]')
error:  0.00255544
('out:    ', '[0.979 ]')
('correct:', '[1     ]')
error:  0.00021465
('out:    ', '[0.402 ]')
('correct:', '[0     ]')
error:  0.08082398
('out:    ', '[0.89  ]')
('correct:', '[1     ]')
error:  0.00605243
('out:    ', '[0.946 ]')
('correct:', '[1     ]')
error:  0.00146609
('out:    ', '[0.869 ]')
('correct:', '[1     ]')
error:  0.00861920
('out:    ', '[0.315 ]')
('correct:', '[0     ]')
error:  0.04947638
('out:    ', '[0.421 ]')
('correct:', '[0     ]')
error:  0.08854207
('out:    ', '[0.857 ]')
('correct:', '[1     ]')
error:  0.01022370
('out:    ', '[0.929 ]')
('correct:', '[1     ]')
error:  0.00251928
('out:    ', '[0.986 ]')
('correct:', '[0     ]')
error:  0.48634960
('out:    ', '[0.833 ]')
('correct:', '[0     ]')
error:  0.34671406
('out:    ', '[0.556 ]')
('correct:', '[1     ]')
error:  0.09860070
('out:    ', '[0.906 ]')
('correct:', '[0     ]')
error:  0.41005467
('out:    ', '[0.227 ]')
('correct:', '[1     ]')
error:  0.29898100
('out:    ', '[0.965 ]')
('correct:', '[0     ]')
error:  0.46579300
('out:    ', '[0.259 ]')
('correct:', '[0     ]')
error:  0.03351850
('out:    ', '[0.456 ]')
('correct:', '[0     ]')
error:  0.10376465
('out:    ', '[0.29  ]')
('correct:', '[1     ]')
error:  0.25214304
('out:    ', '[0.131 ]')
('correct:', '[1     ]')
error:  0.37749952
('out:    ', '[0.628 ]')
('correct:', '[0     ]')
error:  0.19700132
('out:    ', '[0.948 ]')
('correct:', '[1     ]')
error:  0.00135476
('out:    ', '[0.677 ]')
('correct:', '[1     ]')
error:  0.05229437
('out:    ', '[0.931 ]')
('correct:', '[1     ]')
error:  0.00240056
('out:    ', '[0.76  ]')
('correct:', '[1     ]')
error:  0.02874578
('out:    ', '[0.654 ]')
('correct:', '[0     ]')
error:  0.21382111
('out:    ', '[0.943 ]')
('correct:', '[0     ]')
error:  0.44433264
('out:    ', '[0.24  ]')
('correct:', '[1     ]')
error:  0.28908164
('out:    ', '[0.917 ]')
('correct:', '[1     ]')
error:  0.00344160
('out:    ', '[0.87  ]')
('correct:', '[0     ]')
error:  0.37834648
('out:    ', '[0.171 ]')
('correct:', '[0     ]')
error:  0.01460493
('out:    ', '[0.934 ]')
('correct:', '[1     ]')
error:  0.00219077
('out:    ', '[0.293 ]')
('correct:', '[0     ]')
error:  0.04304683
('out:    ', '[0.829 ]')
('correct:', '[0     ]')
error:  0.34330252
('out:    ', '[0.492 ]')
('correct:', '[1     ]')
error:  0.12888685
('out:    ', '[0.854 ]')
('correct:', '[0     ]')
error:  0.36443161
('out:    ', '[0.975 ]')
('correct:', '[0     ]')
error:  0.47543955
('out:    ', '[0.654 ]')
('correct:', '[0     ]')
error:  0.21416345
('out:    ', '[0.91  ]')
('correct:', '[0     ]')
error:  0.41414086
('out:    ', '[0.747 ]')
('correct:', '[1     ]')
error:  0.03203867
('out:    ', '[0.575 ]')
('correct:', '[0     ]')
error:  0.16547517
('out:    ', '[0.58  ]')
('correct:', '[1     ]')
error:  0.08813899
('out:    ', '[0.213 ]')
('correct:', '[0     ]')
error:  0.02262435
('out:    ', '[0.768 ]')
('correct:', '[1     ]')
error:  0.02688733
('out:    ', '[0.904 ]')
('correct:', '[0     ]')
error:  0.40844240
('out:    ', '[0.96  ]')
('correct:', '[1     ]')
error:  0.00079173
('out:    ', '[0.882 ]')
('correct:', '[1     ]')
error:  0.00695792
('out:    ', '[0.986 ]')
('correct:', '[1     ]')
error:  0.00009938
('out:    ', '[0.796 ]')
('correct:', '[0     ]')
error:  0.31644328
('out:    ', '[0.683 ]')
('correct:', '[1     ]')
error:  0.05022835
('out:    ', '[0.147 ]')
('correct:', '[0     ]')
error:  0.01081421
('out:    ', '[0.925 ]')
('correct:', '[1     ]')
error:  0.00277950
('out:    ', '[0.995 ]')
('correct:', '[1     ]')
error:  0.00001367
('out:    ', '[0.916 ]')
('correct:', '[0     ]')
error:  0.41950970
('out:    ', '[0.294 ]')
('correct:', '[0     ]')
error:  0.04326367
('out:    ', '[0.473 ]')
('correct:', '[0     ]')
error:  0.11171071
('out:    ', '[0.987 ]')
('correct:', '[1     ]')
error:  0.00008966
('out:    ', '[0.322 ]')
('correct:', '[1     ]')
error:  0.22984035
('out:    ', '[0.561 ]')
('correct:', '[0     ]')
error:  0.15757743
('out:    ', '[0.14  ]')
('correct:', '[1     ]')
error:  0.36963136
('out:    ', '[0.871 ]')
('correct:', '[1     ]')
error:  0.00834921
('out:    ', '[0.758 ]')
('correct:', '[0     ]')
error:  0.28721612
('out:    ', '[0.813 ]')
('correct:', '[0     ]')
error:  0.33067317
('out:    ', '[0.849 ]')
('correct:', '[1     ]')
error:  0.01140243
('out:    ', '[0.309 ]')
('correct:', '[0     ]')
error:  0.04766666
('out:    ', '[0.488 ]')
('correct:', '[1     ]')
error:  0.13109899
('out:    ', '[0.381 ]')
('correct:', '[0     ]')
error:  0.07247306
('out:    ', '[0.152 ]')
('correct:', '[0     ]')
error:  0.01149272
('out:    ', '[0.937 ]')
('correct:', '[1     ]')
error:  0.00197484
('out:    ', '[0.911 ]')
('correct:', '[0     ]')
error:  0.41539079
('out:    ', '[0.931 ]')
('correct:', '[1     ]')
error:  0.00237182
('out:    ', '[0.755 ]')
('correct:', '[1     ]')
error:  0.02997715
('out:    ', '[0.929 ]')
('correct:', '[1     ]')
error:  0.00252495
('out:    ', '[0.717 ]')
('correct:', '[1     ]')
error:  0.03991698
('out:    ', '[0.714 ]')
('correct:', '[1     ]')
error:  0.04100757
('out:    ', '[0.687 ]')
('correct:', '[0     ]')
error:  0.23570413
('out:    ', '[0.468 ]')
('correct:', '[1     ]')
error:  0.14145526
('out:    ', '[0.94  ]')
('correct:', '[1     ]')
error:  0.00178162
('out:    ', '[0.525 ]')
('correct:', '[1     ]')
error:  0.11280495
('out:    ', '[0.894 ]')
('correct:', '[1     ]')
error:  0.00559466
('out:    ', '[0.992 ]')
('correct:', '[1     ]')
error:  0.00003574
('out:    ', '[0.844 ]')
('correct:', '[1     ]')
error:  0.01209101
('out:    ', '[0.934 ]')
('correct:', '[1     ]')
error:  0.00217462
('out:    ', '[0.542 ]')
('correct:', '[1     ]')
error:  0.10491790
('out:    ', '[0.147 ]')
('correct:', '[0     ]')
error:  0.01080930
('out:    ', '[0.764 ]')
('correct:', '[1     ]')
error:  0.02787704
('out:    ', '[0.876 ]')
('correct:', '[1     ]')
error:  0.00768024
('out:    ', '[0.77  ]')
('correct:', '[1     ]')
error:  0.02639472
('out:    ', '[0.715 ]')
('correct:', '[1     ]')
error:  0.04073758
('out:    ', '[0.751 ]')
('correct:', '[0     ]')
error:  0.28177430
('out:    ', '[0.811 ]')
('correct:', '[0     ]')
error:  0.32871053
('out:    ', '[0.965 ]')
('correct:', '[1     ]')
error:  0.00062118
('out:    ', '[0.701 ]')
('correct:', '[1     ]')
error:  0.04476131
('out:    ', '[0.829 ]')
('correct:', '[1     ]')
error:  0.01459339
('out:    ', '[0.227 ]')
('correct:', '[0     ]')
error:  0.02583906
('out:    ', '[0.83  ]')
('correct:', '[1     ]')
error:  0.01442719
('out:    ', '[0.158 ]')
('correct:', '[1     ]')
error:  0.35460918
('out:    ', '[0.868 ]')
('correct:', '[1     ]')
error:  0.00873843
('out:    ', '[0.899 ]')
('correct:', '[1     ]')
error:  0.00506221
('out:    ', '[0.551 ]')
('correct:', '[1     ]')
error:  0.10068440
('out:    ', '[0.657 ]')
('correct:', '[0     ]')
error:  0.21607054
('out:    ', '[0.525 ]')
('correct:', '[0     ]')
error:  0.13788152
('out:    ', '[0.984 ]')
('correct:', '[1     ]')
error:  0.00013065
('out:    ', '[0.334 ]')
('correct:', '[0     ]')
error:  0.05574923
('out:    ', '[0.582 ]')
('correct:', '[1     ]')
error:  0.08752495
('out:    ', '[0.628 ]')
('correct:', '[0     ]')
error:  0.19712600
('out:    ', '[0.981 ]')
('correct:', '[1     ]')
error:  0.00017985
('out:    ', '[0.668 ]')
('correct:', '[1     ]')
error:  0.05508852
('out:    ', '[0.678 ]')
('correct:', '[0     ]')
error:  0.23009756
('out:    ', '[0.927 ]')
('correct:', '[1     ]')
error:  0.00263642
('out:    ', '[0.22  ]')
('correct:', '[1     ]')
error:  0.30443939
('out:    ', '[0.282 ]')
('correct:', '[1     ]')
error:  0.25763954
('out:    ', '[0.647 ]')
('correct:', '[1     ]')
error:  0.06234799
('out:    ', '[0.674 ]')
('correct:', '[1     ]')
error:  0.05297730
('out:    ', '[0.755 ]')
('correct:', '[1     ]')
error:  0.03011998
('out:    ', '[0.946 ]')
('correct:', '[1     ]')
error:  0.00146988
('out:    ', '[0.517 ]')
('correct:', '[1     ]')
error:  0.11670815
('out:    ', '[0.981 ]')
('correct:', '[1     ]')
error:  0.00017342
('out:    ', '[0.325 ]')
('correct:', '[1     ]')
error:  0.22764496
('out:    ', '[0.648 ]')
('correct:', '[0     ]')
error:  0.20981222
('out:    ', '[0.316 ]')
('correct:', '[1     ]')
error:  0.23395080
('out:    ', '[0.657 ]')
('correct:', '[1     ]')
error:  0.05868324
('out:    ', '[0.56  ]')
('correct:', '[0     ]')
error:  0.15655281
('out:    ', '[0.813 ]')
('correct:', '[1     ]')
error:  0.01751642
('out:    ', '[0.725 ]')
('correct:', '[0     ]')
error:  0.26301919
('out:    ', '[0.813 ]')
('correct:', '[1     ]')
error:  0.01743884
('out:    ', '[0.93  ]')
('correct:', '[1     ]')
error:  0.00246573
('out:    ', '[0.913 ]')
('correct:', '[1     ]')
error:  0.00380695
('out:    ', '[0.373 ]')
('correct:', '[0     ]')
error:  0.06962890
('out:    ', '[0.704 ]')
('correct:', '[0     ]')
error:  0.24761683
('out:    ', '[0.817 ]')
('correct:', '[0     ]')
error:  0.33409914
('out:    ', '[0.978 ]')
('correct:', '[0     ]')
error:  0.47775637
('out:    ', '[0.98  ]')
('correct:', '[1     ]')
error:  0.00019230
('out:    ', '[0.473 ]')
('correct:', '[0     ]')
error:  0.11209664
('out:    ', '[0.925 ]')
('correct:', '[1     ]')
error:  0.00281290
('out:    ', '[0.838 ]')
('correct:', '[1     ]')
error:  0.01308063
('out:    ', '[0.624 ]')
('correct:', '[0     ]')
error:  0.19439551
('out:    ', '[0.335 ]')
('correct:', '[1     ]')
error:  0.22098542
('out:    ', '[0.237 ]')
('correct:', '[0     ]')
error:  0.02816245
('out:    ', '[0.807 ]')
('correct:', '[1     ]')
error:  0.01855469
('out:    ', '[0.676 ]')
('correct:', '[0     ]')
error:  0.22820910
('out:    ', '[0.93  ]')
('correct:', '[0     ]')
error:  0.43214776
('out:    ', '[0.967 ]')
('correct:', '[1     ]')
error:  0.00053101
('out:    ', '[0.252 ]')
('correct:', '[1     ]')
error:  0.27967724
('out:    ', '[0.984 ]')
('correct:', '[0     ]')
error:  0.48376509
('out:    ', '[0.685 ]')
('correct:', '[0     ]')
error:  0.23453598
('out:    ', '[0.879 ]')
('correct:', '[0     ]')
error:  0.38655819
('out:    ', '[0.91  ]')
('correct:', '[1     ]')
error:  0.00404290
('out:    ', '[0.456 ]')
('correct:', '[0     ]')
error:  0.10375849
('out:    ', '[0.895 ]')
('correct:', '[1     ]')
error:  0.00555719
('out:    ', '[0.949 ]')
('correct:', '[1     ]')
error:  0.00128282
('out:    ', '[0.938 ]')
('correct:', '[1     ]')
error:  0.00193228
('out:    ', '[0.73  ]')
('correct:', '[1     ]')
error:  0.03641423
('out:    ', '[0.545 ]')
('correct:', '[0     ]')
error:  0.14833121
('out:    ', '[0.931 ]')
('correct:', '[1     ]')
error:  0.00240375
('out:    ', '[0.876 ]')
('correct:', '[0     ]')
error:  0.38389897
('out:    ', '[0.354 ]')
('correct:', '[1     ]')
error:  0.20843351
('out:    ', '[0.984 ]')
('correct:', '[1     ]')
error:  0.00012794
('out:    ', '[0.805 ]')
('correct:', '[1     ]')
error:  0.01903359
('out:    ', '[0.93  ]')
('correct:', '[1     ]')
error:  0.00245021
('out:    ', '[0.42  ]')
('correct:', '[1     ]')
error:  0.16824426
('out:    ', '[0.938 ]')
('correct:', '[1     ]')
error:  0.00193315
('out:    ', '[0.536 ]')
('correct:', '[0     ]')
error:  0.14363475
('out:    ', '[0.486 ]')
('correct:', '[1     ]')
error:  0.13206030
('out:    ', '[0.867 ]')
('correct:', '[0     ]')
error:  0.37617197
('out:    ', '[0.851 ]')
('correct:', '[1     ]')
error:  0.01110417
('out:    ', '[0.365 ]')
('correct:', '[0     ]')
error:  0.06651065
('out:    ', '[0.941 ]')
('correct:', '[1     ]')
error:  0.00172449
('out:    ', '[0.715 ]')
('correct:', '[1     ]')
error:  0.04053285
('out:    ', '[0.755 ]')
('correct:', '[0     ]')
error:  0.28531507
('out:    ', '[0.599 ]')
('correct:', '[1     ]')
error:  0.08052864
('out:    ', '[0.855 ]')
('correct:', '[1     ]')
error:  0.01045724
('out:    ', '[0.203 ]')
('correct:', '[0     ]')
error:  0.02056235
('out:    ', '[0.797 ]')
('correct:', '[0     ]')
error:  0.31749232
('out:    ', '[0.646 ]')
('correct:', '[1     ]')
error:  0.06262305
('out:    ', '[0.886 ]')
('correct:', '[1     ]')
error:  0.00649641
('out:    ', '[0.732 ]')
('correct:', '[0     ]')
error:  0.26812413
('out:    ', '[0.659 ]')
('correct:', '[0     ]')
error:  0.21689258
('out:    ', '[0.945 ]')
('correct:', '[0     ]')
error:  0.44618790
('out:    ', '[0.967 ]')
('correct:', '[1     ]')
error:  0.00053677
('out:    ', '[0.685 ]')
('correct:', '[0     ]')
error:  0.23428309
('out:    ', '[0.946 ]')
('correct:', '[1     ]')
error:  0.00146495
('out:    ', '[0.709 ]')
('correct:', '[1     ]')
error:  0.04243713
('out:    ', '[0.534 ]')
('correct:', '[1     ]')
error:  0.10858370
('out:    ', '[0.652 ]')
('correct:', '[0     ]')
error:  0.21280922
('out:    ', '[0.822 ]')
('correct:', '[1     ]')
error:  0.01591225
('out:    ', '[0.856 ]')
('correct:', '[1     ]')
error:  0.01029746
('out:    ', '[0.564 ]')
('correct:', '[1     ]')
error:  0.09512952
('out:    ', '[0.923 ]')
('correct:', '[1     ]')
error:  0.00300257
('out:    ', '[0.631 ]')
('correct:', '[1     ]')
error:  0.06792106
('out:    ', '[0.154 ]')
('correct:', '[1     ]')
error:  0.35775972
('out:    ', '[0.929 ]')
('correct:', '[1     ]')
error:  0.00248957
('out:    ', '[0.868 ]')
('correct:', '[1     ]')
error:  0.00871217
('out:    ', '[0.908 ]')
('correct:', '[1     ]')
error:  0.00418746
('out:    ', '[0.706 ]')
('correct:', '[0     ]')
error:  0.24920188
('out:    ', '[0.947 ]')
('correct:', '[1     ]')
error:  0.00140945
('out:    ', '[0.699 ]')
('correct:', '[0     ]')
error:  0.24464379
('out:    ', '[0.856 ]')
('correct:', '[1     ]')
error:  0.01034766
('out:    ', '[0.995 ]')
('correct:', '[1     ]')
error:  0.00001032
('out:    ', '[0.711 ]')
('correct:', '[0     ]')
error:  0.25289223
('out:    ', '[0.943 ]')
('correct:', '[1     ]')
error:  0.00161646
('out:    ', '[0.258 ]')
('correct:', '[0     ]')
error:  0.03325463
('out:    ', '[0.683 ]')
('correct:', '[1     ]')
error:  0.05014624
('out:    ', '[0.443 ]')
('correct:', '[0     ]')
error:  0.09803218
('out:    ', '[0.531 ]')
('correct:', '[0     ]')
error:  0.14114859
('out:    ', '[0.29  ]')
('correct:', '[1     ]')
error:  0.25232983
('out:    ', '[0.804 ]')
('correct:', '[1     ]')
error:  0.01927646
('out:    ', '[0.805 ]')
('correct:', '[0     ]')
error:  0.32375219
('out:    ', '[0.973 ]')
('correct:', '[1     ]')
error:  0.00037744
('out:    ', '[0.895 ]')
('correct:', '[1     ]')
error:  0.00546085
('out:    ', '[0.573 ]')
('correct:', '[0     ]')
error:  0.16388635
('out:    ', '[0.913 ]')
('correct:', '[0     ]')
error:  0.41639088
('out:    ', '[0.634 ]')
('correct:', '[0     ]')
error:  0.20107209
('out:    ', '[0.988 ]')
('correct:', '[0     ]')
error:  0.48810117
('out:    ', '[0.913 ]')
('correct:', '[1     ]')
error:  0.00381156
('out:    ', '[0.545 ]')
('correct:', '[1     ]')
error:  0.10335915
('out:    ', '[0.936 ]')
('correct:', '[1     ]')
error:  0.00202219
('out:    ', '[0.619 ]')
('correct:', '[0     ]')
error:  0.19131066
('out:    ', '[0.949 ]')
('correct:', '[1     ]')
error:  0.00130034
('out:    ', '[0.194 ]')
('correct:', '[0     ]')
error:  0.01886659
('out:    ', '[0.933 ]')
('correct:', '[1     ]')
error:  0.00226561
('out:    ', '[0.858 ]')
('correct:', '[1     ]')
error:  0.01003184
('out:    ', '[0.967 ]')
('correct:', '[1     ]')
error:  0.00055919
('out:    ', '[0.693 ]')
('correct:', '[1     ]')
error:  0.04706693
('out:    ', '[0.432 ]')
('correct:', '[1     ]')
error:  0.16142410
('out:    ', '[0.69  ]')
('correct:', '[1     ]')
error:  0.04817000
('out:    ', '[0.72  ]')
('correct:', '[0     ]')
error:  0.25919272
('out:    ', '[0.382 ]')
('correct:', '[1     ]')
error:  0.19117849
('out:    ', '[0.659 ]')
('correct:', '[1     ]')
error:  0.05804545
('out:    ', '[0.113 ]')
('correct:', '[0     ]')
error:  0.00634768
('out:    ', '[0.474 ]')
('correct:', '[1     ]')
error:  0.13851000
('out:    ', '[0.802 ]')
('correct:', '[0     ]')
error:  0.32139929
('out:    ', '[0.871 ]')
('correct:', '[1     ]')
error:  0.00832394
('out:    ', '[0.507 ]')
('correct:', '[0     ]')
error:  0.12844180
('out:    ', '[0.733 ]')
('correct:', '[0     ]')
error:  0.26889288
('out:    ', '[0.153 ]')
('correct:', '[0     ]')
error:  0.01163321
('out:    ', '[0.925 ]')
('correct:', '[1     ]')
error:  0.00278224
('out:    ', '[0.711 ]')
('correct:', '[1     ]')
error:  0.04179878
('out:    ', '[0.667 ]')
('correct:', '[1     ]')
error:  0.05549294
('out:    ', '[0.942 ]')
('correct:', '[1     ]')
error:  0.00168483
('out:    ', '[0.841 ]')
('correct:', '[0     ]')
error:  0.35349514
('out:    ', '[0.902 ]')
('correct:', '[1     ]')
error:  0.00476920
('out:    ', '[0.29  ]')
('correct:', '[0     ]')
error:  0.04203852
('out:    ', '[0.437 ]')
('correct:', '[1     ]')
error:  0.15872095
('out:    ', '[0.986 ]')
('correct:', '[1     ]')
error:  0.00009312
('out:    ', '[0.568 ]')
('correct:', '[0     ]')
error:  0.16133389
('out:    ', '[0.648 ]')
('correct:', '[0     ]')
error:  0.20991332
('out:    ', '[0.85  ]')
('correct:', '[1     ]')
error:  0.01127157
('out:    ', '[0.935 ]')
('correct:', '[1     ]')
error:  0.00213201
('out:    ', '[0.929 ]')
('correct:', '[1     ]')
error:  0.00251370
('out:    ', '[0.855 ]')
('correct:', '[1     ]')
error:  0.01055040
('out:    ', '[0.983 ]')
('correct:', '[1     ]')
error:  0.00014194
('out:    ', '[0.767 ]')
('correct:', '[1     ]')
error:  0.02709593
('out:    ', '[0.529 ]')
('correct:', '[0     ]')
error:  0.13987501
('out:    ', '[0.926 ]')
('correct:', '[1     ]')
error:  0.00276471
('out:    ', '[0.884 ]')
('correct:', '[1     ]')
error:  0.00669972
('out:    ', '[0.202 ]')
('correct:', '[0     ]')
error:  0.02036060
('out:    ', '[0.893 ]')
('correct:', '[0     ]')
error:  0.39868975
('out:    ', '[0.78  ]')
('correct:', '[1     ]')
error:  0.02425123
('out:    ', '[0.468 ]')
('correct:', '[0     ]')
error:  0.10954977
('out:    ', '[0.844 ]')
('correct:', '[0     ]')
error:  0.35621329
('out:    ', '[0.729 ]')
('correct:', '[1     ]')
error:  0.03659846
('out:    ', '[0.396 ]')
('correct:', '[0     ]')
error:  0.07853702
('out:    ', '[0.886 ]')
('correct:', '[0     ]')
error:  0.39220078
('out:    ', '[0.977 ]')
('correct:', '[0     ]')
error:  0.47728576
('out:    ', '[0.989 ]')
('correct:', '[0     ]')
error:  0.48920602
('out:    ', '[0.917 ]')
('correct:', '[1     ]')
error:  0.00347232
('out:    ', '[0.561 ]')
('correct:', '[1     ]')
error:  0.09640282
('out:    ', '[0.864 ]')
('correct:', '[1     ]')
error:  0.00923808
('out:    ', '[0.511 ]')
('correct:', '[0     ]')
error:  0.13058585
('out:    ', '[0.577 ]')
('correct:', '[0     ]')
error:  0.16644728
('out:    ', '[0.806 ]')
('correct:', '[1     ]')
error:  0.01880831
('out:    ', '[0.734 ]')
('correct:', '[0     ]')
error:  0.26927756
('out:    ', '[0.97  ]')
('correct:', '[0     ]')
error:  0.47024735
('out:    ', '[0.524 ]')
('correct:', '[1     ]')
error:  0.11343447
('out:    ', '[0.688 ]')
('correct:', '[1     ]')
error:  0.04864800
('out:    ', '[0.504 ]')
('correct:', '[1     ]')
error:  0.12314977
('out:    ', '[0.525 ]')
('correct:', '[0     ]')
error:  0.13781969
('out:    ', '[0.884 ]')
('correct:', '[1     ]')
error:  0.00674315
('out:    ', '[0.992 ]')
('correct:', '[1     ]')
error:  0.00002883
('out:    ', '[0.905 ]')
('correct:', '[1     ]')
error:  0.00451976
('out:    ', '[0.599 ]')
('correct:', '[1     ]')
error:  0.08040065
('out:    ', '[0.955 ]')
('correct:', '[1     ]')
error:  0.00102675
('out:    ', '[0.596 ]')
('correct:', '[1     ]')
error:  0.08151041
('out:    ', '[0.982 ]')
('correct:', '[1     ]')
error:  0.00015359
('out:    ', '[0.945 ]')
('correct:', '[1     ]')
error:  0.00152270
('out:    ', '[0.786 ]')
('correct:', '[1     ]')
error:  0.02290739
('out:    ', '[0.716 ]')
('correct:', '[0     ]')
error:  0.25605490
('out:    ', '[0.515 ]')
('correct:', '[0     ]')
error:  0.13272148
('out:    ', '[0.987 ]')
('correct:', '[1     ]')
error:  0.00008901
('out:    ', '[0.802 ]')
('correct:', '[1     ]')
error:  0.01952510
('out:    ', '[0.266 ]')
('correct:', '[0     ]')
error:  0.03532527
('out:    ', '[0.791 ]')
('correct:', '[0     ]')
error:  0.31273902
('out:    ', '[0.874 ]')
('correct:', '[0     ]')
error:  0.38164535
('out:    ', '[0.512 ]')
('correct:', '[1     ]')
error:  0.11886461
('out:    ', '[0.773 ]')
('correct:', '[0     ]')
error:  0.29910184
('out:    ', '[0.821 ]')
('correct:', '[0     ]')
error:  0.33736855
('out:    ', '[0.99  ]')
('correct:', '[1     ]')
error:  0.00004758
('out:    ', '[0.992 ]')
('correct:', '[0     ]')
error:  0.49240137
('out:    ', '[0.987 ]')
('correct:', '[1     ]')
error:  0.00008142
('out:    ', '[0.944 ]')
('correct:', '[1     ]')
error:  0.00157885
('out:    ', '[0.935 ]')
('correct:', '[1     ]')
error:  0.00212501
('out:    ', '[0.882 ]')
('correct:', '[1     ]')
error:  0.00692680
('out:    ', '[0.087 ]')
('correct:', '[0     ]')
error:  0.00374892
('out:    ', '[0.83  ]')
('correct:', '[1     ]')
error:  0.01440331
('out:    ', '[0.443 ]')
('correct:', '[0     ]')
error:  0.09793818
('out:    ', '[0.8   ]')
('correct:', '[1     ]')
error:  0.01993577
('out:    ', '[0.984 ]')
('correct:', '[0     ]')
error:  0.48431124
('out:    ', '[0.601 ]')
('correct:', '[0     ]')
error:  0.18071151
('out:    ', '[0.705 ]')
('correct:', '[0     ]')
error:  0.24829439
('out:    ', '[0.303 ]')
('correct:', '[0     ]')
error:  0.04600836
('out:    ', '[0.917 ]')
('correct:', '[0     ]')
error:  0.42088215
('out:    ', '[0.521 ]')
('correct:', '[1     ]')
error:  0.11470138
('out:    ', '[0.936 ]')
('correct:', '[1     ]')
error:  0.00202307
('out:    ', '[0.797 ]')
('correct:', '[1     ]')
error:  0.02052606
('out:    ', '[0.89  ]')
('correct:', '[1     ]')
error:  0.00600641
('out:    ', '[0.739 ]')
('correct:', '[1     ]')
error:  0.03412362
('out:    ', '[0.748 ]')
('correct:', '[1     ]')
error:  0.03173339
('out:    ', '[0.912 ]')
('correct:', '[1     ]')
error:  0.00391397
('out:    ', '[0.223 ]')
('correct:', '[0     ]')
error:  0.02484439
('out:    ', '[0.707 ]')
('correct:', '[1     ]')
error:  0.04306977
('out:    ', '[0.647 ]')
('correct:', '[1     ]')
error:  0.06229469
('out:    ', '[0.757 ]')
('correct:', '[1     ]')
error:  0.02954616
('out:    ', '[0.1   ]')
('correct:', '[0     ]')
error:  0.00502787
('out:    ', '[0.641 ]')
('correct:', '[0     ]')
error:  0.20513017
('out:    ', '[0.942 ]')
('correct:', '[1     ]')
error:  0.00170458
('out:    ', '[0.907 ]')
('correct:', '[0     ]')
error:  0.41129827
('out:    ', '[0.99  ]')
('correct:', '[0     ]')
error:  0.48998120
('out:    ', '[0.941 ]')
('correct:', '[1     ]')
error:  0.00173702
('out:    ', '[0.593 ]')
('correct:', '[0     ]')
error:  0.17559136
('out:    ', '[0.809 ]')
('correct:', '[0     ]')
error:  0.32731247
('out:    ', '[0.703 ]')
('correct:', '[1     ]')
error:  0.04425060
('out:    ', '[0.157 ]')
('correct:', '[1     ]')
error:  0.35563917
('out:    ', '[0.38  ]')
('correct:', '[0     ]')
error:  0.07218450
('out:    ', '[0.984 ]')
('correct:', '[1     ]')
error:  0.00013391
('out:    ', '[0.944 ]')
('correct:', '[1     ]')
error:  0.00159162
('out:    ', '[0.51  ]')
('correct:', '[0     ]')
error:  0.13024624
('out:    ', '[0.424 ]')
('correct:', '[0     ]')
error:  0.08975308
('out:    ', '[0.865 ]')
('correct:', '[1     ]')
error:  0.00905075
('out:    ', '[0.963 ]')
('correct:', '[1     ]')
error:  0.00069880
('out:    ', '[0.697 ]')
('correct:', '[0     ]')
error:  0.24263998
('out:    ', '[0.629 ]')
('correct:', '[0     ]')
error:  0.19799158
('out:    ', '[0.877 ]')
('correct:', '[1     ]')
error:  0.00753226
('out:    ', '[0.868 ]')
('correct:', '[1     ]')
error:  0.00868935
('out:    ', '[0.215 ]')
('correct:', '[1     ]')
error:  0.30818720
('out:    ', '[0.365 ]')
('correct:', '[0     ]')
error:  0.06650722
('out:    ', '[0.102 ]')
('correct:', '[0     ]')
error:  0.00519836
('out:    ', '[0.843 ]')
('correct:', '[1     ]')
error:  0.01239059
('out:    ', '[0.55  ]')
('correct:', '[1     ]')
error:  0.10103135
('out:    ', '[0.847 ]')
('correct:', '[1     ]')
error:  0.01168960
('out:    ', '[0.259 ]')
('correct:', '[0     ]')
error:  0.03353009
('out:    ', '[0.199 ]')
('correct:', '[0     ]')
error:  0.01975743
('out:    ', '[0.251 ]')
('correct:', '[0     ]')
error:  0.03157807
('out:    ', '[0.73  ]')
('correct:', '[0     ]')
error:  0.26626113
('out:    ', '[0.822 ]')
('correct:', '[0     ]')
error:  0.33802512
('out:    ', '[0.865 ]')
('correct:', '[0     ]')
error:  0.37432634
('out:    ', '[0.127 ]')
('correct:', '[1     ]')
error:  0.38084573
('out:    ', '[0.994 ]')
('correct:', '[0     ]')
error:  0.49361098
('out:    ', '[0.716 ]')
('correct:', '[0     ]')
error:  0.25648893
('out:    ', '[0.509 ]')
('correct:', '[1     ]')
error:  0.12061521
('out:    ', '[0.646 ]')
('correct:', '[1     ]')
error:  0.06266204
('out:    ', '[0.633 ]')
('correct:', '[0     ]')
error:  0.20046483
('out:    ', '[0.268 ]')
('correct:', '[0     ]')
error:  0.03594328
('out:    ', '[0.737 ]')
('correct:', '[0     ]')
error:  0.27133147
('out:    ', '[0.714 ]')
('correct:', '[0     ]')
error:  0.25514804
('out:    ', '[0.421 ]')
('correct:', '[0     ]')
error:  0.08852793
('out:    ', '[0.633 ]')
('correct:', '[0     ]')
error:  0.20003863
('out:    ', '[0.864 ]')
('correct:', '[1     ]')
error:  0.00926733
('out:    ', '[0.783 ]')
('correct:', '[1     ]')
error:  0.02345192
('out:    ', '[0.811 ]')
('correct:', '[1     ]')
error:  0.01779271
('out:    ', '[0.817 ]')
('correct:', '[0     ]')
error:  0.33349138
('out:    ', '[0.92  ]')
('correct:', '[0     ]')
error:  0.42330225
('out:    ', '[0.616 ]')
('correct:', '[1     ]')
error:  0.07359602
('out:    ', '[0.811 ]')
('correct:', '[1     ]')
error:  0.01791159
('out:    ', '[0.851 ]')
('correct:', '[0     ]')
error:  0.36242319
('out:    ', '[0.797 ]')
('correct:', '[0     ]')
error:  0.31742515
('out:    ', '[0.93  ]')
('correct:', '[0     ]')
error:  0.43271361
('out:    ', '[0.836 ]')
('correct:', '[1     ]')
error:  0.01348395
('out:    ', '[0.74  ]')
('correct:', '[0     ]')
error:  0.27355012
('out:    ', '[0.913 ]')
('correct:', '[0     ]')
error:  0.41691382
('out:    ', '[0.823 ]')
('correct:', '[0     ]')
error:  0.33828434
('out:    ', '[0.987 ]')
('correct:', '[0     ]')
error:  0.48738110
('out:    ', '[0.428 ]')
('correct:', '[0     ]')
error:  0.09139515
('out:    ', '[0.896 ]')
('correct:', '[0     ]')
error:  0.40100970
('out:    ', '[0.536 ]')
('correct:', '[1     ]')
error:  0.10755580
('out:    ', '[0.639 ]')
('correct:', '[1     ]')
error:  0.06499770
('out:    ', '[0.996 ]')
('correct:', '[0     ]')
error:  0.49601785
('out:    ', '[0.934 ]')
('correct:', '[1     ]')
error:  0.00216329
('out:    ', '[0.898 ]')
('correct:', '[1     ]')
error:  0.00518454
('out:    ', '[0.318 ]')
('correct:', '[0     ]')
error:  0.05040922
('out:    ', '[0.834 ]')
('correct:', '[1     ]')
error:  0.01384498
('out:    ', '[0.565 ]')
('correct:', '[0     ]')
error:  0.15981332
('out:    ', '[0.711 ]')
('correct:', '[1     ]')
error:  0.04180761
('out:    ', '[0.629 ]')
('correct:', '[1     ]')
error:  0.06889247
('out:    ', '[0.812 ]')
('correct:', '[1     ]')
error:  0.01763435
('out:    ', '[0.585 ]')
('correct:', '[1     ]')
error:  0.08620368
('out:    ', '[0.254 ]')
('correct:', '[1     ]')
error:  0.27791217
('out:    ', '[0.83  ]')
('correct:', '[0     ]')
error:  0.34420414
('out:    ', '[0.094 ]')
('correct:', '[0     ]')
error:  0.00439597
('out:    ', '[0.918 ]')
('correct:', '[0     ]')
error:  0.42135067
('out:    ', '[0.916 ]')
('correct:', '[1     ]')
error:  0.00353332
('out:    ', '[0.941 ]')
('correct:', '[1     ]')
error:  0.00171128
('out:    ', '[0.806 ]')
('correct:', '[1     ]')
error:  0.01880078
('out:    ', '[0.987 ]')
('correct:', '[0     ]')
error:  0.48732508
('out:    ', '[0.918 ]')
('correct:', '[1     ]')
error:  0.00337521
('out:    ', '[0.759 ]')
('correct:', '[1     ]')
error:  0.02914547
('out:    ', '[0.921 ]')
('correct:', '[1     ]')
error:  0.00310130
('out:    ', '[0.931 ]')
('correct:', '[0     ]')
error:  0.43370046
('out:    ', '[0.802 ]')
('correct:', '[0     ]')
error:  0.32188069
('out:    ', '[0.91  ]')
('correct:', '[1     ]')
error:  0.00401563
('out:    ', '[0.566 ]')
('correct:', '[0     ]')
error:  0.16020507
('out:    ', '[0.83  ]')
('correct:', '[1     ]')
error:  0.01449559
('out:    ', '[0.809 ]')
('correct:', '[1     ]')
error:  0.01822816
('out:    ', '[0.925 ]')
('correct:', '[1     ]')
error:  0.00283979
('out:    ', '[0.932 ]')
('correct:', '[1     ]')
error:  0.00230851
('out:    ', '[0.77  ]')
('correct:', '[1     ]')
error:  0.02634728
('out:    ', '[0.967 ]')
('correct:', '[1     ]')
error:  0.00055330
('out:    ', '[0.426 ]')
('correct:', '[0     ]')
error:  0.09071009
('out:    ', '[0.753 ]')
('correct:', '[1     ]')
error:  0.03038406
('out:    ', '[0.596 ]')
('correct:', '[0     ]')
error:  0.17747486
('out:    ', '[0.987 ]')
('correct:', '[1     ]')
error:  0.00008481
('out:    ', '[0.927 ]')
('correct:', '[0     ]')
error:  0.42984130
('out:    ', '[0.716 ]')
('correct:', '[0     ]')
error:  0.25649203
('out:    ', '[0.872 ]')
('correct:', '[0     ]')
error:  0.38043913
('out:    ', '[0.69  ]')
('correct:', '[1     ]')
error:  0.04819808
('out:    ', '[0.994 ]')
('correct:', '[1     ]')
error:  0.00001692
('out:    ', '[0.654 ]')
('correct:', '[0     ]')
error:  0.21402487
('out:    ', '[0.927 ]')
('correct:', '[0     ]')
error:  0.43000185
('out:    ', '[0.537 ]')
('correct:', '[0     ]')
error:  0.14435075
('out:    ', '[0.822 ]')
('correct:', '[1     ]')
error:  0.01590735
('out:    ', '[0.933 ]')
('correct:', '[1     ]')
error:  0.00223604
('out:    ', '[0.52  ]')
('correct:', '[0     ]')
error:  0.13516472
('out:    ', '[0.681 ]')
('correct:', '[1     ]')
error:  0.05084861
('out:    ', '[0.745 ]')
('correct:', '[1     ]')
error:  0.03260640
('out:    ', '[0.923 ]')
('correct:', '[1     ]')
error:  0.00294461
('out:    ', '[0.755 ]')
('correct:', '[1     ]')
error:  0.03004688
('out:    ', '[0.919 ]')
('correct:', '[1     ]')
error:  0.00326460
('out:    ', '[0.361 ]')
('correct:', '[0     ]')
error:  0.06501416
('out:    ', '[0.188 ]')
('correct:', '[1     ]')
error:  0.32989973
('out:    ', '[0.425 ]')
('correct:', '[0     ]')
error:  0.09028186
('out:    ', '[0.749 ]')
('correct:', '[0     ]')
error:  0.28046423
('out:    ', '[0.619 ]')
('correct:', '[0     ]')
error:  0.19148291
('out:    ', '[0.943 ]')
('correct:', '[1     ]')
error:  0.00163142
('out:    ', '[0.933 ]')
('correct:', '[1     ]')
error:  0.00224566
('out:    ', '[0.876 ]')
('correct:', '[0     ]')
error:  0.38355438
('out:    ', '[0.821 ]')
('correct:', '[1     ]')
error:  0.01602061
('out:    ', '[0.426 ]')
('correct:', '[1     ]')
error:  0.16486135
('out:    ', '[0.457 ]')
('correct:', '[0     ]')
error:  0.10435988
('out:    ', '[0.977 ]')
('correct:', '[0     ]')
error:  0.47753160
('out:    ', '[0.644 ]')
('correct:', '[0     ]')
error:  0.20739025
('out:    ', '[0.902 ]')
('correct:', '[0     ]')
error:  0.40664018
('out:    ', '[0.726 ]')
('correct:', '[1     ]')
error:  0.03759444
('out:    ', '[0.897 ]')
('correct:', '[0     ]')
error:  0.40253760
('out:    ', '[0.715 ]')
('correct:', '[0     ]')
error:  0.25535093
('out:    ', '[0.939 ]')
('correct:', '[1     ]')
error:  0.00184841
('out:    ', '[0.921 ]')
('correct:', '[0     ]')
error:  0.42397136
('out:    ', '[0.644 ]')
('correct:', '[1     ]')
error:  0.06334342
('out:    ', '[0.656 ]')
('correct:', '[1     ]')
error:  0.05905163
('out:    ', '[0.279 ]')
('correct:', '[0     ]')
error:  0.03887012
('out:    ', '[0.637 ]')
('correct:', '[1     ]')
error:  0.06582318
('out:    ', '[0.13  ]')
('correct:', '[0     ]')
error:  0.00840889
('out:    ', '[0.99  ]')
('correct:', '[1     ]')
error:  0.00005493
('out:    ', '[0.486 ]')
('correct:', '[1     ]')
error:  0.13196298
('out:    ', '[0.903 ]')
('correct:', '[0     ]')
error:  0.40813424
('out:    ', '[0.709 ]')
('correct:', '[1     ]')
error:  0.04224798
('out:    ', '[0.671 ]')
('correct:', '[1     ]')
error:  0.05399594
('out:    ', '[0.678 ]')
('correct:', '[0     ]')
error:  0.22983634
('out:    ', '[0.393 ]')
('correct:', '[1     ]')
error:  0.18444649
('out:    ', '[0.784 ]')
('correct:', '[1     ]')
error:  0.02323565
('out:    ', '[0.316 ]')
('correct:', '[1     ]')
error:  0.23404289
('out:    ', '[0.749 ]')
('correct:', '[0     ]')
error:  0.28025451
('out:    ', '[0.219 ]')
('correct:', '[0     ]')
error:  0.02389922
('out:    ', '[0.983 ]')
('correct:', '[0     ]')
error:  0.48301221
('out:    ', '[0.628 ]')
('correct:', '[0     ]')
error:  0.19740489
('out:    ', '[0.926 ]')
('correct:', '[1     ]')
error:  0.00275471
('out:    ', '[0.461 ]')
('correct:', '[1     ]')
error:  0.14514857
('out:    ', '[0.918 ]')
('correct:', '[0     ]')
error:  0.42178726
('out:    ', '[0.927 ]')
('correct:', '[1     ]')
error:  0.00269236
('out:    ', '[0.972 ]')
('correct:', '[1     ]')
error:  0.00039665
('out:    ', '[0.925 ]')
('correct:', '[1     ]')
error:  0.00280221
('out:    ', '[0.955 ]')
('correct:', '[1     ]')
error:  0.00099347
('out:    ', '[0.916 ]')
('correct:', '[1     ]')
error:  0.00350821
('out:    ', '[0.667 ]')
('correct:', '[1     ]')
error:  0.05541667
('out:    ', '[0.628 ]')
('correct:', '[1     ]')
error:  0.06925287
('out:    ', '[0.402 ]')
('correct:', '[1     ]')
error:  0.17889987
('out:    ', '[0.956 ]')
('correct:', '[1     ]')
error:  0.00095922
('out:    ', '[0.462 ]')
('correct:', '[0     ]')
error:  0.10659009
('out:    ', '[0.922 ]')
('correct:', '[0     ]')
error:  0.42465597
('out:    ', '[0.995 ]')
('correct:', '[1     ]')
error:  0.00001037
('out:    ', '[0.612 ]')
('correct:', '[0     ]')
error:  0.18732827
('out:    ', '[0.639 ]')
('correct:', '[1     ]')
error:  0.06533710
('out:    ', '[0.674 ]')
('correct:', '[1     ]')
error:  0.05299214
('out:    ', '[0.314 ]')
('correct:', '[0     ]')
error:  0.04934507
('out:    ', '[0.895 ]')
('correct:', '[1     ]')
error:  0.00553946
('out:    ', '[0.803 ]')
('correct:', '[1     ]')
error:  0.01950280
('out:    ', '[0.635 ]')
('correct:', '[1     ]')
error:  0.06675259
('out:    ', '[0.728 ]')
('correct:', '[1     ]')
error:  0.03686615
('out:    ', '[0.194 ]')
('correct:', '[0     ]')
error:  0.01879873
('out:    ', '[0.423 ]')
('correct:', '[0     ]')
error:  0.08941390
('out:    ', '[0.945 ]')
('correct:', '[0     ]')
error:  0.44668345
('out:    ', '[0.925 ]')
('correct:', '[1     ]')
error:  0.00284793
('out:    ', '[0.945 ]')
('correct:', '[1     ]')
error:  0.00149345
('out:    ', '[0.103 ]')
('correct:', '[0     ]')
error:  0.00528624
('out:    ', '[0.737 ]')
('correct:', '[0     ]')
error:  0.27195004
('out:    ', '[0.824 ]')
('correct:', '[1     ]')
error:  0.01545235
('out:    ', '[0.227 ]')
('correct:', '[0     ]')
error:  0.02575280
('out:    ', '[0.988 ]')
('correct:', '[1     ]')
error:  0.00006979
('out:    ', '[0.645 ]')
('correct:', '[1     ]')
error:  0.06297686
('out:    ', '[0.934 ]')
('correct:', '[1     ]')
error:  0.00217449
('out:    ', '[0.893 ]')
('correct:', '[0     ]')
error:  0.39832701
('out:    ', '[0.345 ]')
('correct:', '[1     ]')
error:  0.21437953
('out:    ', '[0.853 ]')
('correct:', '[0     ]')
error:  0.36421911
('out:    ', '[0.899 ]')
('correct:', '[1     ]')
error:  0.00509913
('out:    ', '[0.834 ]')
('correct:', '[0     ]')
error:  0.34791687
('out:    ', '[0.78  ]')
('correct:', '[0     ]')
error:  0.30385460
('out:    ', '[0.424 ]')
('correct:', '[0     ]')
error:  0.09008508
('out:    ', '[0.904 ]')
('correct:', '[1     ]')
error:  0.00463028
('out:    ', '[0.918 ]')
('correct:', '[1     ]')
error:  0.00334595
('out:    ', '[0.934 ]')
('correct:', '[0     ]')
error:  0.43651369
('out:    ', '[0.938 ]')
('correct:', '[1     ]')
error:  0.00190668
('out:    ', '[0.943 ]')
('correct:', '[0     ]')
error:  0.44437243
('out:    ', '[0.629 ]')
('correct:', '[0     ]')
error:  0.19795078
('out:    ', '[0.109 ]')
('correct:', '[1     ]')
error:  0.39658901
('out:    ', '[0.532 ]')
('correct:', '[1     ]')
error:  0.10960938
('out:    ', '[0.803 ]')
('correct:', '[1     ]')
error:  0.01941511
('out:    ', '[0.833 ]')
('correct:', '[0     ]')
error:  0.34692850
('out:    ', '[0.816 ]')
('correct:', '[0     ]')
error:  0.33269790
('out:    ', '[0.747 ]')
('correct:', '[1     ]')
error:  0.03197079
('out:    ', '[0.544 ]')
('correct:', '[0     ]')
error:  0.14807870
('out:    ', '[0.72  ]')
('correct:', '[1     ]')
error:  0.03912135
('out:    ', '[0.086 ]')
('correct:', '[1     ]')
error:  0.41804740
('out:    ', '[0.889 ]')
('correct:', '[1     ]')
error:  0.00610776
('out:    ', '[0.685 ]')
('correct:', '[0     ]')
error:  0.23452109
('out:    ', '[0.913 ]')
('correct:', '[1     ]')
error:  0.00376322
('out:    ', '[0.322 ]')
('correct:', '[0     ]')
error:  0.05200160
('out:    ', '[0.426 ]')
('correct:', '[1     ]')
error:  0.16480293
('out:    ', '[0.983 ]')
('correct:', '[1     ]')
error:  0.00015055
('out:    ', '[0.801 ]')
('correct:', '[0     ]')
error:  0.32071194
('out:    ', '[0.589 ]')
('correct:', '[0     ]')
error:  0.17343872
('out:    ', '[0.93  ]')
('correct:', '[1     ]')
error:  0.00245896
('out:    ', '[0.932 ]')
('correct:', '[0     ]')
error:  0.43471521
('out:    ', '[0.889 ]')
('correct:', '[1     ]')
error:  0.00613437
('out:    ', '[0.472 ]')
('correct:', '[0     ]')
error:  0.11144933
('out:    ', '[0.559 ]')
('correct:', '[0     ]')
error:  0.15599401
('out:    ', '[0.174 ]')
('correct:', '[0     ]')
error:  0.01514108
('out:    ', '[0.398 ]')
('correct:', '[0     ]')
error:  0.07917717
('out:    ', '[0.969 ]')
('correct:', '[1     ]')
error:  0.00047580
('out:    ', '[0.637 ]')
('correct:', '[1     ]')
error:  0.06583831
('out:    ', '[0.607 ]')
('correct:', '[0     ]')
error:  0.18433054
('out:    ', '[0.775 ]')
('correct:', '[1     ]')
error:  0.02536460
('out:    ', '[0.99  ]')
('correct:', '[1     ]')
error:  0.00005017
('out:    ', '[0.855 ]')
('correct:', '[0     ]')
error:  0.36572178
('out:    ', '[0.48  ]')
('correct:', '[0     ]')
error:  0.11496160
('out:    ', '[0.639 ]')
('correct:', '[1     ]')
error:  0.06521465
('out:    ', '[0.799 ]')
('correct:', '[0     ]')
error:  0.31906305
('out:    ', '[0.929 ]')
('correct:', '[1     ]')
error:  0.00248620
('out:    ', '[0.848 ]')
('correct:', '[1     ]')
error:  0.01160682
('out:    ', '[0.882 ]')
('correct:', '[0     ]')
error:  0.38866492
('out:    ', '[0.975 ]')
('correct:', '[1     ]')
error:  0.00030287
('out:    ', '[0.741 ]')
('correct:', '[1     ]')
error:  0.03345384
('out:    ', '[0.953 ]')
('correct:', '[1     ]')
error:  0.00110256
('out:    ', '[0.217 ]')
('correct:', '[0     ]')
error:  0.02350357
('out:    ', '[0.844 ]')
('correct:', '[0     ]')
error:  0.35628786
('out:    ', '[0.381 ]')
('correct:', '[0     ]')
error:  0.07265381
('out:    ', '[0.095 ]')
('correct:', '[0     ]')
error:  0.00448664
('out:    ', '[0.988 ]')
('correct:', '[1     ]')
error:  0.00006846
('out:    ', '[0.75  ]')
('correct:', '[1     ]')
error:  0.03115429
('out:    ', '[0.587 ]')
('correct:', '[1     ]')
error:  0.08534737
('out:    ', '[0.94  ]')
('correct:', '[1     ]')
error:  0.00177534
('out:    ', '[0.812 ]')
('correct:', '[0     ]')
error:  0.32933826
('out:    ', '[0.923 ]')
('correct:', '[1     ]')
error:  0.00297785
('out:    ', '[0.813 ]')
('correct:', '[1     ]')
error:  0.01739120
('out:    ', '[0.946 ]')
('correct:', '[1     ]')
error:  0.00147508
('out:    ', '[0.711 ]')
('correct:', '[0     ]')
error:  0.25300276
('out:    ', '[0.684 ]')
('correct:', '[1     ]')
error:  0.04987800
('out:    ', '[0.994 ]')
('correct:', '[1     ]')
error:  0.00001526
('out:    ', '[0.911 ]')
('correct:', '[1     ]')
error:  0.00396131
('out:    ', '[0.85  ]')
('correct:', '[1     ]')
error:  0.01118113
('out:    ', '[0.693 ]')
('correct:', '[0     ]')
error:  0.23983264
('out:    ', '[0.891 ]')
('correct:', '[1     ]')
error:  0.00595408
('out:    ', '[0.534 ]')
('correct:', '[0     ]')
error:  0.14255631
('out:    ', '[0.677 ]')
('correct:', '[0     ]')
error:  0.22918921
('out:    ', '[0.941 ]')
('correct:', '[0     ]')
error:  0.44278080
('out:    ', '[0.946 ]')
('correct:', '[1     ]')
error:  0.00148033
('out:    ', '[0.92  ]')
('correct:', '[1     ]')
error:  0.00316018
('out:    ', '[0.609 ]')
('correct:', '[0     ]')
error:  0.18546081
('out:    ', '[0.388 ]')
('correct:', '[1     ]')
error:  0.18729115
('out:    ', '[0.957 ]')
('correct:', '[0     ]')
error:  0.45833783
('out:    ', '[0.471 ]')
('correct:', '[0     ]')
error:  0.11086521
('out:    ', '[0.641 ]')
('correct:', '[0     ]')
error:  0.20515789
('out:    ', '[0.856 ]')
('correct:', '[1     ]')
error:  0.01033064
('out:    ', '[0.858 ]')
('correct:', '[1     ]')
error:  0.01005939
('out:    ', '[0.798 ]')
('correct:', '[1     ]')
error:  0.02039174
('out:    ', '[0.253 ]')
('correct:', '[0     ]')
error:  0.03205500
('out:    ', '[0.613 ]')
('correct:', '[0     ]')
error:  0.18765757
('out:    ', '[0.958 ]')
('correct:', '[1     ]')
error:  0.00089093
('out:    ', '[0.132 ]')
('correct:', '[0     ]')
error:  0.00870880
('out:    ', '[0.611 ]')
('correct:', '[1     ]')
error:  0.07549560
('out:    ', '[0.59  ]')
('correct:', '[1     ]')
error:  0.08394425
('out:    ', '[0.884 ]')
('correct:', '[1     ]')
error:  0.00668513
('out:    ', '[0.815 ]')
('correct:', '[0     ]')
error:  0.33186777
('out:    ', '[0.719 ]')
('correct:', '[0     ]')
error:  0.25816910
('out:    ', '[0.68  ]')
('correct:', '[1     ]')
error:  0.05114604
('out:    ', '[0.721 ]')
('correct:', '[0     ]')
error:  0.25957961
('out:    ', '[0.842 ]')
('correct:', '[1     ]')
error:  0.01252747
('out:    ', '[0.622 ]')
('correct:', '[1     ]')
error:  0.07155654
('out:    ', '[0.792 ]')
('correct:', '[1     ]')
error:  0.02166354
('out:    ', '[0.595 ]')
('correct:', '[1     ]')
error:  0.08187876
('out:    ', '[0.812 ]')
('correct:', '[1     ]')
error:  0.01776401
('out:    ', '[0.9   ]')
('correct:', '[1     ]')
error:  0.00500493
('out:    ', '[0.754 ]')
('correct:', '[0     ]')
error:  0.28446932
('out:    ', '[0.865 ]')
('correct:', '[1     ]')
error:  0.00917626
('out:    ', '[0.926 ]')
('correct:', '[1     ]')
error:  0.00271060
('out:    ', '[0.922 ]')
('correct:', '[0     ]')
error:  0.42531533
('out:    ', '[0.85  ]')
('correct:', '[0     ]')
error:  0.36088574
('out:    ', '[0.583 ]')
('correct:', '[1     ]')
error:  0.08699991
('out:    ', '[0.648 ]')
('correct:', '[1     ]')
error:  0.06181410
('out:    ', '[0.714 ]')
('correct:', '[1     ]')
error:  0.04094249
('out:    ', '[0.69  ]')
('correct:', '[0     ]')
error:  0.23797305
('out:    ', '[0.649 ]')
('correct:', '[1     ]')
error:  0.06171482
('out:    ', '[0.621 ]')
('correct:', '[0     ]')
error:  0.19263053
('out:    ', '[0.961 ]')
('correct:', '[1     ]')
error:  0.00074905
('out:    ', '[0.93  ]')
('correct:', '[1     ]')
error:  0.00248374
('out:    ', '[0.831 ]')
('correct:', '[1     ]')
error:  0.01430102
('out:    ', '[0.864 ]')
('correct:', '[1     ]')
error:  0.00927921
('out:    ', '[0.839 ]')
('correct:', '[0     ]')
error:  0.35236831
('out:    ', '[0.931 ]')
('correct:', '[0     ]')
error:  0.43298946
('out:    ', '[0.707 ]')
('correct:', '[1     ]')
error:  0.04283723
('out:    ', '[0.958 ]')
('correct:', '[0     ]')
error:  0.45884962
('out:    ', '[0.531 ]')
('correct:', '[1     ]')
error:  0.11008985
('out:    ', '[0.919 ]')
('correct:', '[1     ]')
error:  0.00330904
('out:    ', '[0.896 ]')
('correct:', '[0     ]')
error:  0.40105524
('out:    ', '[0.381 ]')
('correct:', '[0     ]')
error:  0.07252750
('out:    ', '[0.531 ]')
('correct:', '[0     ]')
error:  0.14106785
('out:    ', '[0.978 ]')
('correct:', '[0     ]')
error:  0.47795615
('out:    ', '[0.899 ]')
('correct:', '[1     ]')
error:  0.00507912
('out:    ', '[0.965 ]')
('correct:', '[1     ]')
error:  0.00061171
('out:    ', '[0.77  ]')
('correct:', '[0     ]')
error:  0.29616956
('out:    ', '[0.943 ]')
('correct:', '[1     ]')
error:  0.00165081
('out:    ', '[0.608 ]')
('correct:', '[1     ]')
error:  0.07676775
('out:    ', '[0.983 ]')
('correct:', '[1     ]')
error:  0.00013845
('out:    ', '[0.885 ]')
('correct:', '[1     ]')
error:  0.00659771
('out:    ', '[0.929 ]')
('correct:', '[1     ]')
error:  0.00252863
('out:    ', '[0.709 ]')
('correct:', '[1     ]')
error:  0.04240302
('out:    ', '[0.687 ]')
('correct:', '[1     ]')
error:  0.04895943
('out:    ', '[0.42  ]')
('correct:', '[0     ]')
error:  0.08807043
('out:    ', '[0.724 ]')
('correct:', '[1     ]')
error:  0.03809124
('out:    ', '[0.834 ]')
('correct:', '[1     ]')
error:  0.01374855
('out:    ', '[0.799 ]')
('correct:', '[1     ]')
error:  0.02012109
('out:    ', '[0.724 ]')
('correct:', '[1     ]')
error:  0.03805363
('out:    ', '[0.265 ]')
('correct:', '[1     ]')
error:  0.27003371
('out:    ', '[0.827 ]')
('correct:', '[1     ]')
error:  0.01495562
('out:    ', '[0.65  ]')
('correct:', '[1     ]')
error:  0.06127943
('out:    ', '[0.888 ]')
('correct:', '[0     ]')
error:  0.39432932
('out:    ', '[0.64  ]')
('correct:', '[1     ]')
error:  0.06475225
('out:    ', '[0.736 ]')
('correct:', '[1     ]')
error:  0.03492919
('out:    ', '[0.641 ]')
('correct:', '[1     ]')
error:  0.06448693
('out:    ', '[0.935 ]')
('correct:', '[1     ]')
error:  0.00213765
('out:    ', '[0.824 ]')
('correct:', '[1     ]')
error:  0.01555191
('out:    ', '[0.881 ]')
('correct:', '[1     ]')
error:  0.00709651
('out:    ', '[0.976 ]')
('correct:', '[1     ]')
error:  0.00027958
('out:    ', '[0.608 ]')
('correct:', '[1     ]')
error:  0.07667247
('out:    ', '[0.798 ]')
('correct:', '[1     ]')
error:  0.02033655
('out:    ', '[0.528 ]')
('correct:', '[0     ]')
error:  0.13942440
('out:    ', '[0.748 ]')
('correct:', '[1     ]')
error:  0.03163501
('out:    ', '[0.925 ]')
('correct:', '[1     ]')
error:  0.00277591
('out:    ', '[0.72  ]')
('correct:', '[1     ]')
error:  0.03916572
('out:    ', '[0.732 ]')
('correct:', '[0     ]')
error:  0.26817116
('out:    ', '[0.925 ]')
('correct:', '[1     ]')
error:  0.00282763
('out:    ', '[0.591 ]')
('correct:', '[0     ]')
error:  0.17447311
('out:    ', '[0.29  ]')
('correct:', '[0     ]')
error:  0.04217250
('out:    ', '[0.657 ]')
('correct:', '[0     ]')
error:  0.21603475
('out:    ', '[0.606 ]')
('correct:', '[0     ]')
error:  0.18368492
('out:    ', '[0.186 ]')
('correct:', '[0     ]')
error:  0.01732354
('out:    ', '[0.493 ]')
('correct:', '[0     ]')
error:  0.12153562
('out:    ', '[0.792 ]')
('correct:', '[1     ]')
error:  0.02162447
('out:    ', '[0.931 ]')
('correct:', '[1     ]')
error:  0.00235966
('out:    ', '[0.202 ]')
('correct:', '[0     ]')
error:  0.02035191
('out:    ', '[0.769 ]')
('correct:', '[0     ]')
error:  0.29553779
('out:    ', '[0.497 ]')
('correct:', '[1     ]')
error:  0.12639658
('out:    ', '[0.784 ]')
('correct:', '[0     ]')
error:  0.30759441
('out:    ', '[0.859 ]')
('correct:', '[1     ]')
error:  0.00996788
('out:    ', '[0.997 ]')
('correct:', '[0     ]')
error:  0.49674275
('out:    ', '[0.885 ]')
('correct:', '[1     ]')
error:  0.00657577
('out:    ', '[0.66  ]')
('correct:', '[0     ]')
error:  0.21754184
('out:    ', '[0.866 ]')
('correct:', '[1     ]')
error:  0.00893335
('out:    ', '[0.189 ]')
('correct:', '[0     ]')
error:  0.01776808
('out:    ', '[0.927 ]')
('correct:', '[1     ]')
error:  0.00267615
('out:    ', '[0.119 ]')
('correct:', '[0     ]')
error:  0.00702461
('out:    ', '[0.77  ]')
('correct:', '[1     ]')
error:  0.02643521
('out:    ', '[0.922 ]')
('correct:', '[1     ]')
error:  0.00307847
('out:    ', '[0.384 ]')
('correct:', '[1     ]')
error:  0.18986254
('out:    ', '[0.9   ]')
('correct:', '[1     ]')
error:  0.00497668
('out:    ', '[0.937 ]')
('correct:', '[1     ]')
error:  0.00196565
('out:    ', '[0.648 ]')
('correct:', '[1     ]')
error:  0.06197132
('out:    ', '[0.389 ]')
('correct:', '[0     ]')
error:  0.07583907
('out:    ', '[0.565 ]')
('correct:', '[1     ]')
error:  0.09480297
('out:    ', '[0.698 ]')
('correct:', '[0     ]')
error:  0.24327845
('out:    ', '[0.932 ]')
('correct:', '[1     ]')
error:  0.00228285
('out:    ', '[0.981 ]')
('correct:', '[1     ]')
error:  0.00018415
('out:    ', '[0.996 ]')
('correct:', '[1     ]')
error:  0.00000847
('out:    ', '[0.95  ]')
('correct:', '[1     ]')
error:  0.00125741
('out:    ', '[0.735 ]')
('correct:', '[1     ]')
error:  0.03505528
('out:    ', '[0.078 ]')
('correct:', '[1     ]')
error:  0.42465631
('out:    ', '[0.648 ]')
('correct:', '[0     ]')
error:  0.20976600
('out:    ', '[0.964 ]')
('correct:', '[1     ]')
error:  0.00063132
('out:    ', '[0.996 ]')
('correct:', '[1     ]')
error:  0.00000631
('out:    ', '[0.751 ]')
('correct:', '[1     ]')
error:  0.03098689
('out:    ', '[0.566 ]')
('correct:', '[1     ]')
error:  0.09416574
('out:    ', '[0.838 ]')
('correct:', '[1     ]')
error:  0.01312332
('out:    ', '[0.648 ]')
('correct:', '[1     ]')
error:  0.06203372
('out:    ', '[0.994 ]')
('correct:', '[1     ]')
error:  0.00001934
('out:    ', '[0.983 ]')
('correct:', '[0     ]')
error:  0.48331127
('out:    ', '[0.522 ]')
('correct:', '[0     ]')
error:  0.13631611
('out:    ', '[0.389 ]')
('correct:', '[1     ]')
error:  0.18676164
('out:    ', '[0.929 ]')
('correct:', '[1     ]')
error:  0.00254258
('out:    ', '[0.975 ]')
('correct:', '[1     ]')
error:  0.00030900
('out:    ', '[0.623 ]')
('correct:', '[0     ]')
error:  0.19377718
('out:    ', '[0.833 ]')
('correct:', '[1     ]')
error:  0.01393714
('out:    ', '[0.9   ]')
('correct:', '[1     ]')
error:  0.00499682
('out:    ', '[0.747 ]')
('correct:', '[0     ]')
error:  0.27883297
('out:    ', '[0.8   ]')
('correct:', '[1     ]')
error:  0.02000530
('out:    ', '[0.89  ]')
('correct:', '[1     ]')
error:  0.00607391
('out:    ', '[0.857 ]')
('correct:', '[1     ]')
error:  0.01027856
('out:    ', '[0.577 ]')
('correct:', '[0     ]')
error:  0.16633323
('out:    ', '[0.986 ]')
('correct:', '[1     ]')
error:  0.00009989
('out:    ', '[0.503 ]')
('correct:', '[1     ]')
error:  0.12354501
('out:    ', '[0.902 ]')
('correct:', '[0     ]')
error:  0.40676247
('out:    ', '[0.68  ]')
('correct:', '[1     ]')
error:  0.05115668
('out:    ', '[0.899 ]')
('correct:', '[1     ]')
error:  0.00506348
('out:    ', '[0.844 ]')
('correct:', '[1     ]')
error:  0.01221624
('out:    ', '[0.856 ]')
('correct:', '[1     ]')
error:  0.01039071
('out:    ', '[0.261 ]')
('correct:', '[1     ]')
error:  0.27275564
('out:    ', '[0.71  ]')
('correct:', '[1     ]')
error:  0.04194089
('out:    ', '[0.96  ]')
('correct:', '[1     ]')
error:  0.00081556
('out:    ', '[0.808 ]')
('correct:', '[0     ]')
error:  0.32624731
('out:    ', '[0.464 ]')
('correct:', '[1     ]')
error:  0.14346546
('out:    ', '[0.901 ]')
('correct:', '[1     ]')
error:  0.00485248
('out:    ', '[0.282 ]')
('correct:', '[0     ]')
error:  0.03989866
('out:    ', '[0.995 ]')
('correct:', '[1     ]')
error:  0.00001059
('out:    ', '[0.913 ]')
('correct:', '[1     ]')
error:  0.00377878
('out:    ', '[0.983 ]')
('correct:', '[0     ]')
error:  0.48318715
('out:    ', '[0.142 ]')
('correct:', '[0     ]')
error:  0.01014098
('out:    ', '[0.704 ]')
('correct:', '[1     ]')
error:  0.04367498
('out:    ', '[0.625 ]')
('correct:', '[1     ]')
error:  0.07027698
('out:    ', '[0.186 ]')
('correct:', '[0     ]')
error:  0.01720933
('out:    ', '[0.57  ]')
('correct:', '[0     ]')
error:  0.16267258
('out:    ', '[0.97  ]')
('correct:', '[1     ]')
error:  0.00045121
('out:    ', '[0.855 ]')
('correct:', '[1     ]')
error:  0.01054489
('out:    ', '[0.945 ]')
('correct:', '[1     ]')
error:  0.00149547
('out:    ', '[0.79  ]')
('correct:', '[0     ]')
error:  0.31227139
('out:    ', '[0.252 ]')
('correct:', '[0     ]')
error:  0.03163390
('out:    ', '[0.764 ]')
('correct:', '[0     ]')
error:  0.29214788
('out:    ', '[0.575 ]')
('correct:', '[0     ]')
error:  0.16510725
('out:    ', '[0.925 ]')
('correct:', '[0     ]')
error:  0.42779273
('out:    ', '[0.718 ]')
('correct:', '[0     ]')
error:  0.25791481
('out:    ', '[0.987 ]')
('correct:', '[1     ]')
error:  0.00008092
('out:    ', '[0.616 ]')
('correct:', '[0     ]')
error:  0.18960385
('out:    ', '[0.935 ]')
('correct:', '[1     ]')
error:  0.00212927
('out:    ', '[0.988 ]')
('correct:', '[1     ]')
error:  0.00007517
('out:    ', '[0.818 ]')
('correct:', '[0     ]')
error:  0.33448164
('out:    ', '[0.723 ]')
('correct:', '[0     ]')
error:  0.26121092
('out:    ', '[0.584 ]')
('correct:', '[0     ]')
error:  0.17037656
('out:    ', '[0.176 ]')
('correct:', '[0     ]')
error:  0.01548567
('out:    ', '[0.623 ]')
('correct:', '[1     ]')
error:  0.07104219
('out:    ', '[0.632 ]')
('correct:', '[1     ]')
error:  0.06766447
('out:    ', '[0.623 ]')
('correct:', '[1     ]')
error:  0.07119981
('out:    ', '[0.9   ]')
('correct:', '[1     ]')
error:  0.00504311
('out:    ', '[0.897 ]')
('correct:', '[1     ]')
error:  0.00531911
('out:    ', '[0.991 ]')
('correct:', '[0     ]')
error:  0.49138438
('out:    ', '[0.96  ]')
('correct:', '[1     ]')
error:  0.00078038
('out:    ', '[0.952 ]')
('correct:', '[0     ]')
error:  0.45279939
('out:    ', '[0.747 ]')
('correct:', '[0     ]')
error:  0.27884113
('out:    ', '[0.943 ]')
('correct:', '[1     ]')
error:  0.00164233
('out:    ', '[0.943 ]')
('correct:', '[1     ]')
error:  0.00159906
('out:    ', '[0.931 ]')
('correct:', '[1     ]')
error:  0.00235565
('out:    ', '[0.909 ]')
('correct:', '[1     ]')
error:  0.00417160
('out:    ', '[0.292 ]')
('correct:', '[0     ]')
error:  0.04276182
('out:    ', '[0.611 ]')
('correct:', '[0     ]')
error:  0.18691575
('out:    ', '[0.917 ]')
('correct:', '[1     ]')
error:  0.00345402
('out:    ', '[0.799 ]')
('correct:', '[1     ]')
error:  0.02025501
('out:    ', '[0.635 ]')
('correct:', '[1     ]')
error:  0.06674091
('out:    ', '[0.658 ]')
('correct:', '[1     ]')
error:  0.05864757
('out:    ', '[0.732 ]')
('correct:', '[0     ]')
error:  0.26817314
('out:    ', '[0.803 ]')
('correct:', '[0     ]')
error:  0.32258147
('out:    ', '[0.377 ]')
('correct:', '[0     ]')
error:  0.07097304
('out:    ', '[0.931 ]')
('correct:', '[1     ]')
error:  0.00239075
('out:    ', '[0.902 ]')
('correct:', '[1     ]')
error:  0.00476544
('out:    ', '[0.933 ]')
('correct:', '[1     ]')
error:  0.00221736
('out:    ', '[0.597 ]')
('correct:', '[1     ]')
error:  0.08130610
('out:    ', '[0.565 ]')
('correct:', '[1     ]')
error:  0.09474045
('out:    ', '[0.304 ]')
('correct:', '[1     ]')
error:  0.24229222
('out:    ', '[0.558 ]')
('correct:', '[0     ]')
error:  0.15551971
('out:    ', '[0.775 ]')
('correct:', '[0     ]')
error:  0.30053834
('out:    ', '[0.904 ]')
('correct:', '[1     ]')
error:  0.00456688
('out:    ', '[0.92  ]')
('correct:', '[1     ]')
error:  0.00321638
('out:    ', '[0.922 ]')
('correct:', '[1     ]')
error:  0.00304360
('out:    ', '[0.762 ]')
('correct:', '[1     ]')
error:  0.02829843
('out:    ', '[0.746 ]')
('correct:', '[1     ]')
error:  0.03235495
('out:    ', '[0.942 ]')
('correct:', '[1     ]')
error:  0.00166024
('out:    ', '[0.747 ]')
('correct:', '[1     ]')
error:  0.03194373
('out:    ', '[0.112 ]')
('correct:', '[0     ]')
error:  0.00632265
('out:    ', '[0.499 ]')
('correct:', '[0     ]')
error:  0.12459668
('out:    ', '[0.728 ]')
('correct:', '[1     ]')
error:  0.03687002
('out:    ', '[0.678 ]')
('correct:', '[1     ]')
error:  0.05199147
('out:    ', '[0.139 ]')
('correct:', '[1     ]')
error:  0.37027457
('out:    ', '[0.543 ]')
('correct:', '[0     ]')
error:  0.14721877
('out:    ', '[0.797 ]')
('correct:', '[1     ]')
error:  0.02062704
('out:    ', '[0.915 ]')
('correct:', '[1     ]')
error:  0.00359525
('out:    ', '[0.826 ]')
('correct:', '[1     ]')
error:  0.01521878
('out:    ', '[0.938 ]')
('correct:', '[1     ]')
error:  0.00191815
('out:    ', '[0.523 ]')
('correct:', '[0     ]')
error:  0.13690831
('out:    ', '[0.584 ]')
('correct:', '[1     ]')
error:  0.08648187
('out:    ', '[0.949 ]')
('correct:', '[1     ]')
error:  0.00128469
('out:    ', '[0.819 ]')
('correct:', '[0     ]')
error:  0.33504139
('out:    ', '[0.657 ]')
('correct:', '[0     ]')
error:  0.21598063
('out:    ', '[0.835 ]')
('correct:', '[0     ]')
error:  0.34865012
('out:    ', '[0.686 ]')
('correct:', '[1     ]')
error:  0.04917953
('out:    ', '[0.656 ]')
('correct:', '[0     ]')
error:  0.21510205
('out:    ', '[0.61  ]')
('correct:', '[1     ]')
error:  0.07586839
('out:    ', '[0.902 ]')
('correct:', '[1     ]')
error:  0.00483381
('out:    ', '[0.471 ]')
('correct:', '[0     ]')
error:  0.11095074
('out:    ', '[0.914 ]')
('correct:', '[0     ]')
error:  0.41746043
('out:    ', '[0.629 ]')
('correct:', '[1     ]')
error:  0.06864706
('out:    ', '[0.842 ]')
('correct:', '[0     ]')
error:  0.35471263
('out:    ', '[0.627 ]')
('correct:', '[1     ]')
error:  0.06939320
('out:    ', '[0.192 ]')
('correct:', '[0     ]')
error:  0.01836422
('out:    ', '[0.566 ]')
('correct:', '[0     ]')
error:  0.16026446
('out:    ', '[0.957 ]')
('correct:', '[1     ]')
error:  0.00094591
('out:    ', '[0.813 ]')
('correct:', '[1     ]')
error:  0.01751650
('out:    ', '[0.698 ]')
('correct:', '[0     ]')
error:  0.24360882
('out:    ', '[0.91  ]')
('correct:', '[1     ]')
error:  0.00401193
('out:    ', '[0.985 ]')
('correct:', '[1     ]')
error:  0.00011318
('out:    ', '[0.516 ]')
('correct:', '[1     ]')
error:  0.11692458
('out:    ', '[0.763 ]')
('correct:', '[1     ]')
error:  0.02814602
('out:    ', '[0.979 ]')
('correct:', '[1     ]')
error:  0.00022462
('out:    ', '[0.684 ]')
('correct:', '[0     ]')
error:  0.23382616
('out:    ', '[0.527 ]')
('correct:', '[0     ]')
error:  0.13891706
('out:    ', '[0.897 ]')
('correct:', '[0     ]')
error:  0.40239365
('out:    ', '[0.684 ]')
('correct:', '[0     ]')
error:  0.23392810
('out:    ', '[0.987 ]')
('correct:', '[0     ]')
error:  0.48704271
('out:    ', '[0.881 ]')
('correct:', '[0     ]')
error:  0.38772524
('out:    ', '[0.882 ]')
('correct:', '[1     ]')
error:  0.00695998
('out:    ', '[0.938 ]')
('correct:', '[1     ]')
error:  0.00190653
('out:    ', '[0.845 ]')
('correct:', '[0     ]')
error:  0.35670335
('out:    ', '[0.942 ]')
('correct:', '[1     ]')
error:  0.00166473
('out:    ', '[0.959 ]')
('correct:', '[1     ]')
error:  0.00082513
('out:    ', '[0.932 ]')
('correct:', '[1     ]')
error:  0.00229351
('out:    ', '[0.618 ]')
('correct:', '[1     ]')
error:  0.07306979
('out:    ', '[0.838 ]')
('correct:', '[0     ]')
error:  0.35103962
('out:    ', '[0.936 ]')
('correct:', '[0     ]')
error:  0.43760573
('out:    ', '[0.505 ]')
('correct:', '[0     ]')
error:  0.12756031
('out:    ', '[0.25  ]')
('correct:', '[1     ]')
error:  0.28154399
('out:    ', '[0.794 ]')
('correct:', '[0     ]')
error:  0.31497108
('out:    ', '[0.207 ]')
('correct:', '[0     ]')
error:  0.02150315
('out:    ', '[0.953 ]')
('correct:', '[1     ]')
error:  0.00110748
('out:    ', '[0.774 ]')
('correct:', '[1     ]')
error:  0.02554745
('out:    ', '[0.941 ]')
('correct:', '[0     ]')
error:  0.44237032
('out:    ', '[0.917 ]')
('correct:', '[0     ]')
error:  0.42002596
('out:    ', '[0.917 ]')
('correct:', '[0     ]')
error:  0.42033448
('out:    ', '[0.964 ]')
('correct:', '[0     ]')
error:  0.46488375
('out:    ', '[0.909 ]')
('correct:', '[1     ]')
error:  0.00414189
('out:    ', '[0.618 ]')
('correct:', '[0     ]')
error:  0.19121815
('out:    ', '[0.938 ]')
('correct:', '[1     ]')
error:  0.00193012
('out:    ', '[0.816 ]')
('correct:', '[1     ]')
error:  0.01694147
('out:    ', '[0.768 ]')
('correct:', '[1     ]')
error:  0.02692703
('out:    ', '[0.771 ]')
('correct:', '[1     ]')
error:  0.02618710
('out:    ', '[0.962 ]')
('correct:', '[1     ]')
error:  0.00072554
('out:    ', '[0.966 ]')
('correct:', '[1     ]')
error:  0.00057800
('out:    ', '[0.845 ]')
('correct:', '[1     ]')
error:  0.01207103
('out:    ', '[0.143 ]')
('correct:', '[0     ]')
error:  0.01017978
('out:    ', '[0.927 ]')
('correct:', '[1     ]')
error:  0.00262983
('out:    ', '[0.384 ]')
('correct:', '[0     ]')
error:  0.07387909
('out:    ', '[0.838 ]')
('correct:', '[1     ]')
error:  0.01306985
('out:    ', '[0.927 ]')
('correct:', '[1     ]')
error:  0.00264131
('out:    ', '[0.848 ]')
('correct:', '[0     ]')
error:  0.35945912
('out:    ', '[0.734 ]')
('correct:', '[1     ]')
error:  0.03539917
('out:    ', '[0.149 ]')
('correct:', '[0     ]')
error:  0.01109207
('out:    ', '[0.433 ]')
('correct:', '[0     ]')
error:  0.09366748
('out:    ', '[0.418 ]')
('correct:', '[1     ]')
error:  0.16938415
('out:    ', '[0.485 ]')
('correct:', '[0     ]')
error:  0.11780469
('out:    ', '[0.931 ]')
('correct:', '[0     ]')
error:  0.43317200
('out:    ', '[0.634 ]')
('correct:', '[0     ]')
error:  0.20101264
('out:    ', '[0.798 ]')
('correct:', '[1     ]')
error:  0.02030874
('out:    ', '[0.93  ]')
('correct:', '[1     ]')
error:  0.00243016
('out:    ', '[0.481 ]')
('correct:', '[0     ]')
error:  0.11573886
('out:    ', '[0.632 ]')
('correct:', '[1     ]')
error:  0.06760811
('out:    ', '[0.593 ]')
('correct:', '[1     ]')
error:  0.08265122
('out:    ', '[0.138 ]')
('correct:', '[0     ]')
error:  0.00956767
('out:    ', '[0.877 ]')
('correct:', '[1     ]')
error:  0.00758493
('out:    ', '[0.861 ]')
('correct:', '[0     ]')
error:  0.37042029
('out:    ', '[0.749 ]')
('correct:', '[0     ]')
error:  0.28070171
('out:    ', '[0.542 ]')
('correct:', '[1     ]')
error:  0.10490314
('out:    ', '[0.911 ]')
('correct:', '[1     ]')
error:  0.00396460
('out:    ', '[0.767 ]')
('correct:', '[1     ]')
error:  0.02723036
('out:    ', '[0.137 ]')
('correct:', '[0     ]')
error:  0.00940547
('out:    ', '[0.76  ]')
('correct:', '[0     ]')
error:  0.28878718
('out:    ', '[0.75  ]')
('correct:', '[0     ]')
error:  0.28155693
('out:    ', '[0.85  ]')
('correct:', '[1     ]')
error:  0.01128382
('out:    ', '[0.474 ]')
('correct:', '[1     ]')
error:  0.13853842
('out:    ', '[0.932 ]')
('correct:', '[1     ]')
error:  0.00231895
('out:    ', '[0.928 ]')
('correct:', '[0     ]')
error:  0.43060557
('out:    ', '[0.817 ]')
('correct:', '[1     ]')
error:  0.01670917
('out:    ', '[0.296 ]')
('correct:', '[0     ]')
error:  0.04376114
('out:    ', '[0.961 ]')
('correct:', '[0     ]')
error:  0.46221387
('out:    ', '[0.763 ]')
('correct:', '[1     ]')
error:  0.02796987
('out:    ', '[0.725 ]')
('correct:', '[1     ]')
error:  0.03789685
('out:    ', '[0.836 ]')
('correct:', '[0     ]')
error:  0.34950011
('out:    ', '[0.387 ]')
('correct:', '[0     ]')
error:  0.07470336
('out:    ', '[0.842 ]')
('correct:', '[1     ]')
error:  0.01246647
('out:    ', '[0.758 ]')
('correct:', '[1     ]')
error:  0.02931416
('out:    ', '[0.709 ]')
('correct:', '[0     ]')
error:  0.25156535
('out:    ', '[0.916 ]')
('correct:', '[1     ]')
error:  0.00350276
('out:    ', '[0.98  ]')
('correct:', '[0     ]')
error:  0.48019627
('out:    ', '[0.642 ]')
('correct:', '[1     ]')
error:  0.06401834
('out:    ', '[0.633 ]')
('correct:', '[0     ]')
error:  0.20050762
('out:    ', '[0.809 ]')
('correct:', '[0     ]')
error:  0.32695339
('out:    ', '[0.602 ]')
('correct:', '[1     ]')
error:  0.07909617
('out:    ', '[0.222 ]')
('correct:', '[0     ]')
error:  0.02473659
('out:    ', '[0.853 ]')
('correct:', '[0     ]')
error:  0.36347173
('out:    ', '[0.663 ]')
('correct:', '[0     ]')
error:  0.21986231
('out:    ', '[0.807 ]')
('correct:', '[1     ]')
error:  0.01857796
('out:    ', '[0.652 ]')
('correct:', '[1     ]')
error:  0.06056510
('out:    ', '[0.995 ]')
('correct:', '[1     ]')
error:  0.00001379
('out:    ', '[0.985 ]')
('correct:', '[1     ]')
error:  0.00011545
('out:    ', '[0.791 ]')
('correct:', '[1     ]')
error:  0.02181189
('out:    ', '[0.848 ]')
('correct:', '[1     ]')
error:  0.01150099
('out:    ', '[0.391 ]')
('correct:', '[1     ]')
error:  0.18527888
('out:    ', '[0.927 ]')
('correct:', '[1     ]')
error:  0.00268842
('out:    ', '[0.741 ]')
('correct:', '[1     ]')
error:  0.03354677
('out:    ', '[0.798 ]')
('correct:', '[1     ]')
error:  0.02032739
('out:    ', '[0.975 ]')
('correct:', '[0     ]')
error:  0.47519578
('out:    ', '[0.228 ]')
('correct:', '[1     ]')
error:  0.29812569
('out:    ', '[0.56  ]')
('correct:', '[1     ]')
error:  0.09690005
('out:    ', '[0.862 ]')
('correct:', '[1     ]')
error:  0.00948893
('out:    ', '[0.929 ]')
('correct:', '[1     ]')
error:  0.00250810
('out:    ', '[0.875 ]')
('correct:', '[0     ]')
error:  0.38248239
('out:    ', '[0.943 ]')
('correct:', '[1     ]')
error:  0.00164556
('out:    ', '[0.511 ]')
('correct:', '[0     ]')
error:  0.13040592
('out:    ', '[0.91  ]')
('correct:', '[1     ]')
error:  0.00408010
('out:    ', '[0.996 ]')
('correct:', '[0     ]')
error:  0.49559549
('out:    ', '[0.757 ]')
('correct:', '[1     ]')
error:  0.02956622
('out:    ', '[0.291 ]')
('correct:', '[0     ]')
error:  0.04238902
('out:    ', '[0.808 ]')
('correct:', '[1     ]')
error:  0.01838716
('out:    ', '[0.444 ]')
('correct:', '[0     ]')
error:  0.09853822
('out:    ', '[0.9   ]')
('correct:', '[1     ]')
error:  0.00499564
('out:    ', '[0.144 ]')
('correct:', '[0     ]')
error:  0.01035080
('out:    ', '[0.949 ]')
('correct:', '[0     ]')
error:  0.45045927
('out:    ', '[0.921 ]')
('correct:', '[0     ]')
error:  0.42413755
('out:    ', '[0.784 ]')
('correct:', '[1     ]')
error:  0.02327794
('out:    ', '[0.927 ]')
('correct:', '[1     ]')
error:  0.00263893
('out:    ', '[0.644 ]')
('correct:', '[1     ]')
error:  0.06328928
('out:    ', '[0.98  ]')
('correct:', '[1     ]')
error:  0.00020547
('out:    ', '[0.562 ]')
('correct:', '[0     ]')
error:  0.15808915
('out:    ', '[0.404 ]')
('correct:', '[1     ]')
error:  0.17766863
('out:    ', '[0.762 ]')
('correct:', '[1     ]')
error:  0.02836904
('out:    ', '[0.983 ]')
('correct:', '[1     ]')
error:  0.00014837
('out:    ', '[0.807 ]')
('correct:', '[0     ]')
error:  0.32576110
('out:    ', '[0.634 ]')
('correct:', '[0     ]')
error:  0.20116192
('All errors:', [0.004214593667594288, 0.077138962688490617, 0.011857020884509522, 0.39099217447972417, 0.0020382266688851632, 0.0052384152067643684, 0.15028587602848081, 0.13613767176402208, 0.023476896163073472, 0.061746638743117574, 0.18157311811215415, 0.0026189998025499431, 0.31622515027107534, 0.36588321225810266, 0.00184659349232973, 0.31886919839104888, 0.37395003179321673, 0.41963204017137878, 0.38849564044589463, 0.20960832297830667, 0.26285138086529863, 0.36675972117769789, 0.47985775017296406, 0.43733677569873486, 0.45237656908994084, 0.044073169714674267, 0.39914976188778012, 0.32599770933041738, 0.39132825667165932, 0.39104646466285825, 0.062616451377136992, 0.0029471067956511883, 0.091926461377851473, 0.0006045324779312218, 0.077893591062827894, 0.11812571991106324, 0.40224177669570721, 0.072801083560614002, 0.26807904970864016, 0.41931614290479646, 0.0010178988008204722, 0.13984095229235832, 0.24863080920770375, 0.098668513347924591, 0.32289994825271462, 0.2849758634085246, 0.46310534161211458, 0.014969383488788511, 0.0039362371455676972, 0.039555411220332112, 0.018862564592765491, 0.0011117528092490434, 0.0048163724368875402, 0.081035856040409193, 0.018026826046804164, 0.48267083526664289, 0.061785095425990422, 0.0050295227352645565, 0.43994787891914322, 0.1576514147631552, 0.088512445888592375, 0.00021786904512190706, 0.006729949888154365, 0.050188477222630888, 0.052908684271769389, 0.0053409044272470516, 0.23013590378668855, 0.025334215097748112, 0.36771014834947052, 0.49544004324397634, 0.010553994682270361, 0.031894743202837285, 0.11491925278872966, 0.062848446027904792, 0.26688626360737061, 0.03249550763359256, 0.039045114871061416, 0.27072899286218727, 0.064035864517588401, 0.041901517000508585, 0.0058562231283555127, 0.0044279089271954579, 0.40363437183656947, 0.0046037967545178729, 0.032696060910904393, 0.095434549403676447, 0.0023361836874254338, 0.25868583765278885, 0.1578981815541281, 0.16925352735595559, 0.0087902035016653793, 0.46445165969285579, 0.067103887375464091, 0.029500336715860994, 0.0068325397225637297, 0.085767368843153113, 0.020486507624661438, 0.36553571593534839, 0.0023107987139576232, 0.019441746423692272, 0.41139066213725989, 0.20844170037589563, 0.32575707685955935, 0.068086095930745119, 0.017018413297734958, 0.0028045975483060601, 0.37293152671618346, 0.38150342112366409, 0.0023869431545635849, 0.14910017353051863, 0.0098131366702839899, 0.20583107110684398, 0.43610446003692471, 0.011565255474679681, 0.026779511635010203, 0.49407197507906714, 0.0044031762191459175, 0.27190191701408128, 0.0032555086215048522, 0.0016006567983295056, 0.013837206977464635, 0.0025708534822964976, 7.5979767434806581e-06, 0.021602672341794003, 0.0045518412206456242, 0.067802494985689521, 0.0051623673056866862, 0.0066387794541919011, 0.0016736159017148604, 0.0094953410971177279, 0.0025496892257806394, 0.0018836492719810987, 0.0062194075639964838, 0.0026911145532352511, 0.1165846333606257, 0.10700018166409424, 0.19569044565671234, 0.10108113165712314, 0.012328529048398049, 0.034277084382770766, 0.0020691586681428013, 0.0030790440497665268, 0.14012022135506164, 0.09851386737512087, 0.40752235727202629, 0.0020978741486173506, 0.0077869559134717868, 0.0014424920958844656, 0.051352380405723021, 0.31358071106494756, 0.0020674680022253287, 0.0013710677920412053, 0.051429498838819171, 0.21979229408398804, 0.032947597857034987, 0.01959030145659214, 0.1385115412620222, 0.050734411313602533, 0.0020966136739629876, 0.0071033659418154533, 0.0052447103647980629, 0.1949661388110899, 0.029826194946042894, 0.16550018028914629, 0.39750942143172108, 0.16583257772969981, 0.34787541093324881, 0.0023815838368993077, 0.020938923769338289, 0.0023388687540315404, 0.090381139533896995, 0.0054030512881392736, 0.0044909995440548002, 0.29275950185484056, 0.028934038041099425, 0.071409811547771609, 0.32181470008572549, 0.22488632626841193, 0.038644526090416693, 0.36026060158099416, 0.0043879871441346793, 0.082245050172645967, 0.075975116584626995, 0.00076459996384622508, 0.35879202468661492, 0.00056030767817635331, 0.21523237263736197, 0.0014753388979598734, 0.29565190027322363, 0.0016590643366212103, 0.25125639481810741, 0.016423008531529323, 0.0045146866271650156, 0.0050841777026681542, 0.044994019834344347, 0.010888955677897615, 0.0023923911853072424, 0.17378391262213888, 0.0028196314082671991, 0.086554091056548058, 0.0015234965228915088, 0.11361096873210744, 0.031527664259623223, 0.2946531296676233, 0.0023627518573809507, 0.0068860417761401928, 0.11672018372966671, 0.0050710805740082979, 0.0025872399147597804, 0.13397169483888474, 0.31578104884193137, 0.18191840352412111, 0.0023990201307658213, 0.047542188484619122, 0.13373245858038241, 0.15699629039298144, 0.0033137390423855139, 0.0082561409607840551, 0.081826937249313683, 1.4510976048339325e-05, 0.44513442834206235, 0.013574652126706218, 0.27537242691203967, 0.003554712159375654, 0.00018928166394541359, 0.023087270981543138, 0.0331549278376694, 0.010025126232667058, 0.0046620522425789377, 0.028855421764973306, 0.32895886590784623, 0.041149903508860775, 0.050914811433410534, 0.064972980652817938, 0.012436803039373931, 0.39278292707643331, 0.0028473500026147841, 0.12780228962252826, 0.27094488480367018, 0.043778178729390098, 0.092871597912563261, 0.29747138089149716, 0.43369122992326758, 0.2031213124842523, 0.056700369298644991, 0.0051953613803305092, 0.4930862516501146, 0.0069433611743372195, 0.020146823493577125, 0.016280946825638711, 0.039676026293648053, 0.237850136920111, 0.0012566297917649418, 0.089890029645816161, 0.051332346172755998, 0.13916294446448371, 0.0097582363092885479, 0.058766562994196976, 0.099338883255158869, 0.041645544491509624, 0.24355613431586012, 0.011824559633369883, 0.29316618060447591, 2.7173126087738448e-05, 0.0012012313494919053, 0.36984583756995365, 0.41779837889556259, 0.25723213150891761, 0.30222294447892001, 0.14976027762896721, 0.0054217692806117802, 0.043845437490934079, 0.01111743477629549, 0.030450686970538099, 0.00021696910257366385, 0.003013964434312465, 0.035195174744977166, 0.017978690491346795, 0.25042928763394234, 0.0084944450409820734, 0.083439779815841247, 0.0017922944652732035, 0.0013165273143507464, 0.23517316028230281, 0.036616106777983659, 0.018504866440586416, 0.18980829597863169, 0.060593779178926839, 0.020949364543687007, 0.0031406612232913063, 0.13741034187466517, 0.0023869459325592561, 0.01497814636099117, 0.047278825734051864, 0.033218590741786097, 0.012185146594258976, 0.088886968511076997, 0.010738722176651906, 1.126456826173863e-05, 0.35399492887385697, 0.20121135340672849, 0.0011016064575125595, 0.10259186357200423, 0.074157140889264034, 0.1363267243222139, 0.082290544726210862, 0.22647553324398256, 0.0016617122449310926, 0.0014911719936441818, 0.33232973176121688, 0.022801100400443929, 0.0023652789003247767, 0.18700597155843551, 0.0030484029204169774, 0.39221265481217255, 0.16882061449760649, 1.6774397320834835e-05, 0.03268600452474435, 0.073625278397300195, 0.4843345311349207, 0.023260514310995559, 0.011096199341827746, 0.24307706185267772, 0.0013854150501729898, 0.079431532286354023, 0.19158520604550647, 0.017579549065738834, 0.070581181119795097, 0.21883220305585468, 0.17178571501455789, 0.2512695454012806, 0.052708988379678405, 0.000490812163424318, 0.27783417904385455, 0.43113956129658848, 0.0049868907232055535, 0.015755416452131826, 0.017543588344733328, 0.34290389810561517, 0.0065164070351340789, 4.6796890210701396e-05, 0.0014294763435023178, 0.0011824358115665528, 0.022992150079392402, 0.0016104501736755423, 0.33796237561882808, 0.020723180152968205, 0.059024903850646154, 0.059027467803960849, 0.04051215027449441, 0.019577575115433784, 9.7435681873245501e-06, 0.0024096380729257193, 0.13403217865780653, 0.019471559222659446, 0.0024747923875036381, 0.020674090324006241, 0.016979543242485188, 0.012879331618488915, 0.0050093657195158722, 0.26937725514776772, 0.15725041694965725, 0.033740799266907116, 0.0050292196649655892, 0.026379642152479583, 0.31952652897817191, 0.12657745502963783, 0.25620556963017321, 0.39838788100597372, 0.3720702894336847, 0.43558130532950962, 0.012423340762237995, 0.22342270313105755, 0.031943623496327622, 0.050643385064210782, 0.00020971787029925202, 0.12872245416868527, 0.058292317549566805, 0.057708332330407654, 0.02086839383491397, 0.0059504818437766949, 0.12061375323911071, 0.27280441484709383, 0.12941349457246781, 0.027051067391516945, 0.038386972008529356, 0.17404010699273054, 0.11238655628613482, 0.013162311739390035, 0.19254982315226435, 0.0033197679797222234, 0.004400835739324171, 0.09798232665896045, 0.0017481926207852951, 0.24138492549923041, 0.038042580344314576, 0.053902439306747554, 0.048994661025380686, 0.078593434317599881, 0.070494075183056823, 0.38978657810921657, 0.37492696992658181, 0.049958554321746548, 0.057786891033102965, 0.0050425633177748654, 0.434951014154635, 0.28554505281833781, 0.0068994573203232483, 0.16579012401419188, 0.017224772806149712, 0.070480471005759548, 0.17218222344441914, 0.0055928728166796966, 0.055435929222950854, 0.0069645157063069575, 0.0012058163915954073, 0.0042308570232748831, 0.005130146348342665, 0.42191700447007319, 0.036403898958927816, 0.025767065539210141, 0.098734818009881972, 0.025833367526821801, 0.0022814978611289962, 0.16085869379246648, 0.023892003503200736, 0.064247263146741979, 0.056484741878282792, 0.025698183717172127, 0.0023794821114703551, 0.15657870294163362, 0.22559785819458456, 0.30263592707305637, 0.030306252839704687, 0.27911427765975716, 0.22656454190084085, 0.034605018808253479, 0.017984865161883717, 0.018660385738668833, 0.028127617366373214, 0.039617860691105351, 0.069993882721031367, 0.39924928987053621, 0.052330327462964774, 0.068257700673790653, 0.31380519091818659, 0.0067806984746624699, 0.048265422886129408, 0.090804916663766319, 0.0046662521742499392, 0.0024859741870201266, 0.10105907513724473, 0.045473484216999226, 0.079335537430685846, 0.0055645432454444078, 0.029016316417730312, 0.10782829371646779, 0.043984496703674353, 0.0076451344688330735, 0.13795692270432328, 0.064234498431275003, 0.0018309290113522497, 1.9401882433943441e-05, 0.022088815768435816, 0.16576644949875352, 0.0026417792153291242, 0.013177350387811293, 0.055408261363833346, 0.06530734963110077, 0.00028441394215874741, 1.1224771494117737e-05, 0.0023958975500536538, 0.021396516928077852, 0.079786514594833352, 0.0018714540229404339, 0.059562215459485417, 0.41888026313726034, 0.43015189869854414, 0.048418040598879206, 0.09724460199901977, 0.17694155413239346, 0.0025446082753987596, 5.5642235840666339e-05, 0.017861531648237946, 0.18805304534857875, 0.023849606689819416, 0.43999571162953116, 0.0012881173746547804, 0.11313447323903666, 0.15749382176058607, 0.14971933699271878, 0.33089498066030543, 0.010581921413194639, 0.0034362457480909161, 0.19455487930444004, 0.0399751185123162, 0.0027396544461065551, 0.0043561759283128549, 0.38378455231472336, 0.21466055239689086, 0.3181420311184962, 0.43278320138228304, 0.014653263931472716, 0.082167222727847808, 0.34217846025356574, 0.0015750118948366716, 0.35801055813553589, 0.25099093259375088, 0.016112161719334061, 0.16213603411375346, 0.32100771485617646, 0.26289828627811551, 0.050330736173576265, 0.0096159686852460916, 7.7754708943559377e-06, 0.00011817389906850361, 0.32324151405703899, 0.0097724879768641502, 0.070782372857165987, 0.13163499528570943, 5.2922977257795179e-06, 0.066443684690646473, 0.060282489780023013, 0.0053795960246367036, 0.056273710924177066, 0.0042682721791101885, 0.0028276240722948389, 0.0077146501423844766, 0.16191746357455059, 3.3475300448987372e-05, 0.0018422884393168965, 0.0018594867522759935, 0.061821194947740507, 0.11246858063376833, 0.012972118295788424, 0.025872661884429809, 0.40028441570721246, 0.17827447816145764, 0.042593985613344654, 0.0045061716398943057, 0.034768015970758313, 0.0015790085982747074, 0.0016620227864527367, 0.17705163481982159, 0.06654830417293478, 0.006562607189373554, 0.19120323219146002, 0.23544443845914792, 0.00097608964076189208, 0.0018721461403637398, 0.2797799286918573, 0.0028238820566550342, 0.18356410458725239, 0.11107693331835884, 0.025713481809488799, 0.0014371044960521516, 0.29357302482709169, 0.060371027296304641, 0.0020297593431560499, 0.065753039312679132, 0.0020336706119656349, 0.0050291880131767761, 0.061720980105003133, 0.33119986685187941, 0.30845785049995389, 0.38134913588322183, 0.24080260078855129, 0.065618000034106685, 0.0030549012702886049, 0.0038365946587916315, 0.038820666349692869, 0.0042903945892252366, 0.25578857270413002, 0.096333943459816607, 0.19072108591039125, 0.17882439089326349, 0.39671793636214392, 0.024505515349683104, 0.027486023555362157, 5.2786097801913346e-06, 0.00020778941729264166, 0.012471007987364349, 0.10432728257340665, 0.030496134714821859, 0.0024454248811130595, 0.060533882864484974, 0.32108625871185459, 0.0051751182572306615, 0.23770481915453537, 0.0019209169626592077, 0.0099496157575619144, 0.0023156389318561323, 0.25870698853450191, 0.15831116224998573, 0.4334705622265535, 0.0091204172342523818, 0.33171831194765317, 0.0051958028476503564, 0.043393656110583378, 0.34565471991006941, 0.033542232641028923, 0.0073891670318319688, 0.09261054854062041, 0.019922198523197737, 0.0024341752488273934, 0.090924722823943455, 0.095195760927658427, 0.0078312372178632184, 0.0019850336133597282, 0.22704913722310061, 0.0023840626957027963, 0.023376529855594866, 6.4385515574692776e-05, 0.0039086256487295195, 0.32513248812976764, 0.005288137718762501, 0.023834115190274532, 0.14614604785290153, 0.016815312028868549, 0.0043603061794686105, 0.1191581239322158, 0.0039259091573559555, 0.023282518856511558, 0.0024225917843502995, 0.022128967957786436, 0.0010424916806653613, 0.066629501282913756, 0.0013788103770230845, 0.0035471263188286781, 0.077192499180075452, 0.4105240359078472, 0.010969828327619205, 0.08548253299713944, 0.029696187317727541, 0.21607591292595393, 0.011250737267635102, 0.037465725167822088, 0.0046615897222062816, 0.020049177332579503, 0.11560822442622344, 0.021191104452301133, 0.44735984485096986, 0.38211579168356302, 0.0029419136998536039, 0.008540698044039001, 0.0026624063966224046, 0.001352294082698849, 0.011556620016862883, 0.0070384808060590326, 0.43648086459321106, 0.26182657508556223, 0.099670748924583344, 0.060282663258148503, 0.27312543407593487, 0.0047894244492615815, 0.11439603651224553, 0.0023267495614648424, 0.027276573412177051, 0.012902814088955992, 0.044649538712534895, 0.0030467988038487322, 0.072043074699019258, 0.017763960077733832, 0.048554447799911762, 0.31857014144555429, 0.084761287077640773, 0.22042208569405009, 0.045622975738027503, 0.0034145431015203407, 0.13346089909186637, 0.093551414433135874, 0.02384869645760258, 0.067334296295285756, 0.066114634695566651, 0.0080779336796118519, 0.034126855598412081, 0.38764382073532366, 0.0065004279435132446, 0.0096366178466789684, 0.051904643302055152, 0.0064259930566312037, 0.0055453231069301978, 0.024136714234446348, 0.05300148799933601, 0.00091811487203872534, 0.017778363095289924, 0.12302319641258455, 0.19022734659746388, 0.062508983026444115, 0.17240830279379024, 0.01228586155423117, 0.0018069643629551357, 0.015102034601522551, 0.046368647844851507, 0.11228776342167619, 0.0047194186326722093, 0.1994538947062944, 0.0016068029687774203, 0.23718516191637432, 0.1214231985244232, 0.0047709678138798187, 0.010908800635145589, 0.0001071829043640857, 0.0037710149641455781, 0.034353797047781125, 0.18859511538879861, 0.03556200581402396, 0.081923779222524584, 0.23953191834789009, 0.019884214313573279, 0.2196966723065287, 0.011377924235457939, 0.032937726262744958, 0.029734295432180306, 0.44879767492175393, 0.002709654942739437, 0.46367000812797771, 0.012296583719758135, 0.0032842190554193589, 0.14844049875562182, 0.0072712056063748863, 0.0071180848496342833, 0.0023977347889411315, 0.29027446051139255, 1.2165167064208079e-05, 0.11867320186840977, 0.0019929532576856107, 0.22950365506475301, 0.022044591622337788, 0.013878093560149522, 0.020486986841494755, 0.1185832342544529, 0.0082583916669058104, 0.0026488924660816857, 0.005167139027901794, 0.21982024209911979, 0.017259193552769111, 0.00011924861059446084, 0.0018557124338185224, 0.0025230464036458166, 0.050156911732885869, 0.16608803285293572, 6.2654699411475443e-06, 0.048750542141708604, 0.36466994158106575, 0.48731910293470493, 0.46560473801440377, 0.0035058899473762728, 0.26651447975377607, 0.066312739733694143, 0.20542986011461187, 0.0016464874308988098, 0.00092585390593076338, 0.0059023791860929927, 0.0057085376626506441, 0.25352284712121981, 0.0026375117503073739, 0.094578620635603156, 0.0093922899224871612, 0.33091675405172832, 0.0099239246269346004, 0.059644786515457744, 0.090111663419579102, 0.27785951003316073, 0.04553244618081799, 0.00036363930475105845, 0.094510194889111276, 0.4898556387958648, 0.0025541816829842074, 0.064809962720664235, 0.29390925379934413, 0.033515326658508572, 0.020557876345541824, 0.0036203731767227962, 0.13387695997254864, 0.45650634485469743, 0.0018804750064908328, 0.0024590744304756758, 0.055055520502679478, 0.067237888092433307, 0.10432880288291815, 0.0057487783062598538, 0.0040620342326480778, 0.45761273267698821, 0.10158343678721547, 0.0071245530650162767, 0.0016622906536939677, 0.042811984039045306, 0.042550968579251343, 0.13056093847142194, 0.03567432975634216, 0.0024360264602624089, 0.12623156325910295, 0.095957194576114666, 0.35219393358323503, 0.4057705972034642, 0.022997294604693196, 0.20986977128243905, 0.061760229091643588, 0.0023955533802024454, 0.19254403732276601, 0.33428409146383037, 0.0029730713111783555, 0.4477704765442318, 0.31681119845948769, 0.0007683531333020229, 0.44292998836095326, 0.0038286333785595089, 0.036404111813900512, 0.019441492736699015, 0.059448751363845573, 0.11856326747439727, 0.34304995224811508, 0.26158806595861689, 0.025890026924205757, 0.0367010460388296, 0.0030829055599566045, 0.041429678493652977, 0.0018275015004206043, 0.029197162473100911, 0.13899502665506155, 0.04252288073828913, 0.0011717466032466802, 0.0019132692116068102, 0.33781679569589534, 0.010631948017364225, 0.0014151699952259663, 0.021594833260053636, 0.005803070348292182, 0.36539075780762625, 0.027517562418036729, 0.25528586008159604, 0.012712787208669354, 0.00063346524501969805, 0.0038607569181692497, 0.22462061933074043, 3.3519665373900558e-05, 0.3192903365669747, 0.12417220189417948, 0.19970202910404969, 0.026258480383678163, 0.010964893021573828, 0.077147856620068012, 0.0024629339356942647, 0.022950363227866241, 0.12745862989616027, 0.015914179902070901, 0.065364513838275393, 0.0056174446665153361, 0.09878269384733275, 0.073328758458102744, 0.10176663347293041, 0.053323900537633938, 0.0023598268300250467, 0.37288300156655396, 0.019479688343506472, 0.0016321202881421609, 0.26506382386354016, 0.011023947605056941, 0.075314778840285243, 0.086621490033523915, 0.11885667852279146, 0.010147506631132499, 0.11975631265177324, 3.2264503003213756e-05, 0.029639188647791911, 0.049680083915401123, 0.004495483268398338, 0.0055268454839629355, 0.19214272895004864, 0.11494822276130282, 0.3529641008775945, 0.31984290772173285, 0.097527489177433077, 0.0019615210721716839, 0.0033981114328109851, 0.040662400867987177, 0.076698324429919168, 0.0037420330996837774, 0.053719899350313592, 0.0016658204189907988, 0.26437692103349131, 0.019257978316421169, 3.920929770328986e-05, 0.0048081493550303353, 0.011384196278181685, 0.18759037000175433, 0.079313548851150439, 0.12871043103157423, 0.021167907452494916, 0.17763154241498211, 0.0017726964565677056, 0.008396443238718335, 0.19108907289063604, 0.0027032456826542595, 0.090911883969046939, 0.28174078988699985, 0.47208104066953827, 0.24124675218754607, 0.047759936804427312, 0.0032845668792851413, 0.2937934483951895, 0.0056257012123174348, 0.43349853583061754, 0.19896844854221035, 0.011640634004577894, 0.16768371858334888, 0.4012479942690701, 0.036394075954531438, 0.0023921492433218064, 0.093303653154377081, 0.0026024984998404134, 0.004486277118259393, 0.05935863653159941, 0.0016309495593503042, 0.2793784438209434, 0.025256264065166789, 0.0011424535101718905, 0.069321506721107887, 0.016577555728242769, 0.052182999752286248, 0.041133290199200347, 0.0016286297632733568, 0.086561731765969305, 0.020459601445420146, 0.058905341288506267, 0.00067512917021847062, 0.001231038228606025, 0.026372268471398088, 0.04925012681703024, 0.077294390357352763, 0.017340622915767032, 0.032462107369524401, 0.12208177079661568, 0.42395679266893871, 0.040493173401886698, 0.34080248906613969, 0.0023249787198701194, 0.0094344302565699013, 0.0061959680810249277, 0.0025904894172650451, 0.035229774944757292, 0.0072216393075187997, 0.36567555317302919, 0.026492125637078593, 0.030757312089570551, 0.36873906843265736, 0.0025311973562795981, 0.009421473239736116, 0.00092140902887771791, 0.39424659251504102, 0.082556914353786384, 0.01089644586712747, 0.014213971707730902, 0.015128607762888028, 0.0046291315423897727, 0.044998400599028446, 0.050551022865567868, 0.012261764681726819, 0.12736240497875906, 0.027362778825203642, 0.11788461874336943, 0.023933571985161529, 0.0098285905443800878, 0.12077941890698705, 0.055248353243614767, 0.0017585745863765827, 0.48385050132341451, 0.32025865268095149, 0.00067138463244522729, 0.01981372165645677, 0.0031971902428526598, 0.030747229208734881, 0.32208293245528963, 0.0041167772749130414, 0.0095831551813861972, 0.039192325575132761, 0.017896135068836468, 0.001686194766046942, 0.039421889618555847, 0.00051141917365891509, 0.32138569842023568, 0.13087675868767967, 0.059140159651285176, 0.0414734045028625, 0.32250088975359625, 0.17746786729014863, 0.00026826481717589568, 0.045392135893813315, 0.012374572665338599, 0.048943815542152491, 0.03026981220779729, 0.0039019530387208513, 0.13064947597649523, 0.0052034435256678585, 0.0549921422486832, 0.011559890989014674, 0.14229429720338022, 0.0031663995498891141, 0.062815478422707557, 0.043281604039815402, 0.0017260247562774958, 0.38471841469050244, 0.004336374368169982, 0.070302796163890582, 6.7174527492363697e-06, 0.34615031734298563, 0.024729957305396764, 0.049823854482056153, 0.12901684658552259, 0.0026308428377416482, 0.10208036903019201, 0.44427434448589154, 0.067284656366879053, 0.026626744112114215, 0.005260385324710134, 0.013581087027258567, 0.28331984075461564, 0.00051726221896604516, 0.01108534488238529, 0.0037085029612882823, 0.32381797320080136, 0.067405599753169357, 0.013943339048160067, 0.0017007162017671181, 0.030162557247118763, 0.0051439906639010264, 0.25052861709935514, 0.0079540716173185019, 0.26806282891056499, 0.0047313198019640953, 0.030248879940148025, 0.0052101808809127924, 0.11480864836610055, 0.018795757593076633, 0.14517681814733052, 0.0021348269715737718, 4.7291627899323205e-05, 0.01836268341736895, 0.059343819568268487, 0.030110573037151339, 0.038246046958408234, 0.0082652238849297652, 0.0031570668719091968, 0.078582986006438829, 0.0013583346977653313, 0.022053779261979895, 0.043524247102214829, 0.013429268992427384, 0.0070347372822895538, 0.0040779438044433814, 0.00086291037361403233, 0.026654759052136091, 0.069307744147900668, 0.001291831163211968, 0.036112917688678227, 0.00023037917641786758, 0.014216039687990874, 0.0051418958435259917, 0.055816391758801709, 1.2645729860182947e-05, 0.044629136021315435, 0.00076293545839996638, 0.021838052244013056, 0.13028239649816761, 0.036242590202829841, 0.0046462729463672666, 0.10936401930931144, 0.32309104732735211, 0.021915205935992676, 0.074299590161333223, 0.020634991214998795, 0.21329043056541147, 0.067187920062749387, 0.42227384636645748, 0.18143046273362856, 6.6164153600848267e-05, 0.081439785024075395, 0.10190576925507247, 0.0024230137391141621, 0.0086404690230520199, 0.41994570484389993, 0.054079876625757903, 0.3331480512885302, 0.20833166303609563, 0.18490696032109125, 0.00020804068271800867, 0.063324769256293614, 0.0036861707136678994, 0.066070481173353859, 0.010286316240755346, 0.029836770556751765, 0.34352037053490175, 0.03524025797252197, 0.35194592341282849, 0.014176074294375195, 0.2313307927187932, 0.15100794213066188, 0.011221305963138075, 0.34361963018930441, 0.040413439903782961, 0.025394084141347424, 0.060911872865138217, 0.45706991302177152, 0.16228240170408637, 0.0033712193224060146, 0.10282427661543765, 0.078196767024716202, 0.0039883010013239545, 0.03772913144894121, 0.003431084628441064, 0.02157190179142664, 0.23295344350223871, 0.031929420975740183, 0.35643322298197966, 0.45062176447078955, 0.38936339608941828, 0.34294823414740189, 0.0022530257541077394, 8.5229213195267003e-05, 0.0014211807498314038, 0.096961379368851242, 0.36204972291337112, 0.0055392190489519655, 0.0001180262865407559, 0.10399618259910003, 0.081121535740570308, 0.012607605951834381, 0.309629734445456, 0.010243642589865452, 0.20108676076688314, 0.018259811771874357, 0.12340245588798712, 0.043577285178875859, 0.096091228388113473, 0.12080170384416652, 0.012111856872521714, 0.42161575250232231, 0.19119980258489355, 0.0018100055016207735, 0.14604333883619294, 0.38103489092010007, 0.042051173939794899, 0.029757272706799596, 0.092320961390831638, 0.01960051371069739, 0.47319029822652692, 0.046623783990044028, 0.13633554590517186, 0.46659013339131133, 0.31747832847656371, 0.013657535192764317, 0.001502655178937179, 0.093011838296530994, 0.036543544532839825, 0.43768752478697781, 0.0045415066034562787, 0.0023834245380035032, 0.0046556072227288475, 0.005106781977930977, 0.040797948670491926, 0.036118237499663024, 0.28297688041705416, 0.043801075281932861, 0.27120235748730898, 0.010613188716060581, 0.0013407934051281581, 0.20149371368493935, 0.0034720276754968667, 0.0093367655301850264, 0.36755586630441717, 0.0035622474771950931, 0.037776729684258964, 0.050015693950043037, 0.13558067386936093, 0.10220349216733957, 0.00028664756020354464, 0.2593095491844008, 0.0055976611548796702, 0.11056290058136525, 0.048229235840980801, 0.0021700842694100933, 1.7278088778021955e-05, 0.0051992935156100492, 0.31990384182171455, 0.23426751158354261, 0.24535196087260039, 0.059276694519345273, 0.12527603778252633, 0.074843481988222882, 0.008060783815277776, 0.019847397529753598, 0.19454921354876159, 0.025108333660956036, 0.042031315559523962, 0.057226195596681288, 0.047685109799394686, 0.31938153082779491, 0.045430843985263397, 0.032107010808075688, 0.23565240665855255, 0.0040392023224455299, 0.17238887074989512, 0.052966175982793545, 0.0001354945628198838, 0.00012671500240076493, 0.23058097697516433, 0.1084352439348986, 0.2795719003503529, 0.01785431252328969, 0.0088893657801544946, 0.16607957329555117, 0.0025322234128829827, 0.18561346351896646, 0.002368914474578372, 0.0081100367518491985, 0.01092535179288761, 0.0070804032326770589, 0.13450606939624649, 0.038321633883307026, 0.22853966322434671, 0.0098636920389519774, 0.18178403977557608, 0.019191046427026476, 0.034759388379347153, 0.1189829207133819, 0.33854480187801184, 0.0059695895527006569, 0.36955338312851621, 0.0019454375388307066, 0.0050400525110074028, 0.0082869390617199903, 0.0090783823592349554, 0.0078227447775212986, 0.019538599543148814, 0.0001303444935416327, 0.0018840381091421287, 0.25008856092413895, 0.0023947858651568589, 0.028910170639744735, 3.5851132936917862e-05, 0.10580215410091734, 0.0016409838618109307, 0.0032781134882637558, 0.0018769332555569269, 0.0023291139173380881, 0.011954475538020903, 0.32588588665013296, 0.046566813709674935, 0.054687656489019909, 0.024962853625444436, 0.010341608379110408, 0.024750634470738043, 0.00038435500748171714, 0.34222984870417705, 0.015456325709498498, 0.45330527037236101, 0.44144401733733918, 0.011283131908159338, 0.0068792486835649452, 0.010442199082736787, 0.027900452403841612, 0.1110724359128797, 0.0001832318226069386, 0.011445933887748857, 0.0013892547871780824, 0.21875773425380632, 0.0058928019020800136, 0.0018109330180475769, 0.045797092705416265, 0.08022041916247051, 0.061465470521553017, 0.0040350467520061818, 0.23918935133586955, 0.25867905210018366, 0.093208176047096025, 6.6655747876666982e-06, 0.0059648369175290348, 0.0076485803455376917, 0.0093761912350188055, 0.039804298582941371, 0.0015908157454469509, 0.0038834230128146096, 0.22660498004980276, 0.12232484727788469, 0.029714877780304093, 0.011515440809623006, 0.0031897409616663246, 0.48499642338591842, 0.11359597736323712, 0.14664690207471606, 0.0015988505120348821, 0.061656262486604982, 0.18739000298717329, 0.0024344078718829686, 0.019783371605044522, 0.46703156128488088, 0.0029604945264283117, 0.020995233948168508, 0.045962423375864814, 0.16488940987620368, 0.00053124271403925233, 0.0049919846023565072, 0.0081480601869285685, 0.18410193945217648, 0.27278441419021859, 0.4482911738957347, 0.015800365588976691, 0.28295624206646131, 0.061409735262156484, 0.032209969186965351, 1.9960175282045645e-05, 0.25651874634418165, 0.16477883222784434, 0.0041136427366494487, 0.058639133527841024, 0.038424896429831545, 0.016660083820005736, 0.49596013254408616, 0.34312891547950947, 0.065490587149601986, 0.1879901964756085, 0.01892684843980854, 0.010566693228379314, 0.16330193004844465, 0.18537145796865076, 0.12925591585330598, 0.34155921737246137, 0.1192498874335625, 0.4320299577608176, 0.17970858214498225, 0.020881043664555482, 0.0051125647198887389, 0.11775127190217892, 0.013051581339723941, 0.0045925144762915546, 0.092085057037276999, 0.076189178881622646, 0.03578100160093186, 0.0011803833241953328, 0.0051540663019761261, 0.1896780805420846, 0.39816585115646774, 0.022088469721368315, 0.036684784940240668, 0.0062034814685483974, 0.3416134355369147, 0.23669456450944237, 0.031682881623059891, 0.046433784002014165, 0.28499795632158598, 0.46646213869094633, 0.0037393020562806489, 0.23837278381596436, 0.0063020783654101978, 0.17668468204176666, 0.019292596965916141, 0.056169462767821629, 0.0025876090171025423, 0.097256386021777386, 0.0023052406517057827, 0.0034603591899268066, 0.011165530829205773, 0.015340039016669001, 0.23935490543461341, 0.089403087811066317, 0.0023990542351119168, 0.25247567985231095, 0.009140646660630778, 0.036128440543035302, 0.025489139334817147, 6.7987603423686572e-05, 0.10087335500123083, 0.0024010162363675125, 0.03757353141721452, 0.40028682298282692, 0.36095490170954775, 0.29407648439175005, 0.19731973136132078, 0.30832578077506384, 0.013722683323949502, 0.28646762063751763, 0.099275285068063338, 0.4240980821287636, 0.29019232017698271, 0.05390577860466797, 0.03468942868681929, 0.088098822834420498, 0.0093904309171971411, 0.016681401698498164, 0.00011805957447898928, 0.0017150426381176455, 0.27266341826782942, 0.31304911485037307, 0.0047889413433736877, 0.32462608770027651, 0.066897006027969844, 0.0056426619326117476, 0.0523685700811082, 0.061411233335809265, 0.051029425627849602, 0.29709217127344834, 0.33635424872933944, 0.002694620046282827, 4.5073764564394272e-05, 0.0036782549307272047, 0.1459281467858736, 0.18245276368438745, 0.021730629252569647, 0.077300228295333021, 0.0020553137266984952, 0.033276878712687086, 0.013494213004716957, 0.0014624309606201969, 0.1268192004611414, 0.13291491145860451, 0.082074270774955702, 0.42982214077209258, 0.010692164174963879, 0.012980751371496953, 0.032738207830081106, 0.0058951023216225334, 0.03567831110253375, 0.015713445397131372, 0.28676951874858764, 0.0022346091620768795, 0.017238502819032501, 0.1229423968357565, 5.4622356264579794e-05, 0.0039693197116793047, 0.34574927972993363, 0.33495643175260964, 0.066494701762644548, 0.032023248373302081, 0.011271870215845983, 0.012724698958730142, 0.0099031493857214044, 0.16853169591014355, 0.0015225870575059401, 0.29875821615197201, 0.00055475215130409701, 0.24694851717467664, 0.21197994810055945, 0.08336691977222388, 0.00012926760034757614, 0.021180784818284077, 0.0052764424719980735, 0.076862864017169491, 0.13690219971287196, 5.3313162348074148e-05, 0.0054923448442324987, 0.16195001846790377, 0.030729180998253169, 0.0012860933550006349, 0.0018878090408857024, 0.11916473093352514, 0.2286178540201064, 0.0016512696272859822, 0.19222119353179001, 0.015105512460936946, 0.0016887254510384391, 0.43007651730397922, 0.010511268115703474, 0.28543602564096449, 0.098788319605764841, 0.096474359889283864, 0.037907476916720299, 0.19622367758529541, 0.00088561571483319413, 0.38938455545728212, 0.0024225311938347338, 0.082217652547650635, 0.0067489631730704523, 0.074559267014240552, 0.0035256268075105381, 0.0018650717563493124, 0.05498725538268167, 0.18800378439130658, 0.13837474880503584, 0.01200211721942554, 0.31931900222239823, 0.17660003784032688, 0.10633548506632751, 2.5241517492562248e-05, 0.16624433050232915, 0.01374984907093935, 0.23364102406251802, 0.29008135752949915, 0.019551972491262216, 0.022806842224467935, 0.010117188754898384, 0.34882487426341779, 0.14491162264727586, 0.025918537811183275, 0.005640521753269733, 0.0036398185310329545, 0.01332859983394475, 0.0063600664648646192, 0.36607507558573926, 0.067372908551774899, 0.0087292012104428877, 0.37127664440795244, 0.28176740962616093, 0.28221779969958538, 0.027814379964287154, 0.0017536794445328586, 0.034305816669746553, 0.050858958960936861, 0.0011478265539213892, 0.010173829093507249, 0.04699920027011828, 0.069437535357009611, 0.035698343633840245, 0.015194717909849196, 0.052991276434989805, 0.090325934931579546, 0.034228550994338469, 0.13267475206670667, 0.23190518775032679, 0.0095985310689943176, 0.0186903863388511, 0.44294682725025553, 0.0018273121581961751, 0.016843765668711878, 0.00055618297415624017, 0.0015388361995806444, 0.011551590532730098, 0.40532349312450883, 0.41775019297595212, 0.17739259870057209, 0.0052914176461288194, 0.032500096001432562, 0.48458812950044783, 0.44344298890044376, 0.046792641953546349, 0.0025953607692728899, 7.9261393173225787e-05, 0.037696323625804995, 0.023890537336815506, 0.019237116488108202, 0.18006354356059759, 0.0025856891433040236, 0.24472782903313262, 0.20371970498449346, 4.1039719420395636e-05, 0.10594133883108346, 0.43032896736725146, 0.0023483652526296124, 0.11954457808956843, 0.043236573054619566, 0.018428816420268154, 0.12256591281902414, 0.0017035905540539137, 0.044710858302805967, 0.29177746432630519, 0.029604379329915418, 0.0001559408470945752, 0.46763255281367394, 0.005224959461118301, 0.19896611079441401, 0.049442551722485663, 0.0031856619796293653, 0.23092706308323727, 0.31932890692694166, 0.17286222031038331, 0.32239905129085605, 0.013140241144164826, 0.069701043739696766, 0.07445407411331037, 0.017774368784665231, 0.018449956442053859, 0.070050640867774475, 0.0016391045066278549, 0.38187463304228786, 0.29635746784533823, 0.31768488632596581, 0.022964340166294128, 0.27842140145561328, 0.10492264173281697, 0.0031626772945448729, 0.00057640445358197437, 0.037839093961963617, 0.0019054901969532607, 0.0023447578750653334, 0.46345852514483837, 0.010127571823264904, 0.001156912633122965, 0.01825181291638826, 0.02702528682105922, 0.097679686942403504, 0.49074456351996065, 0.059007135857339812, 0.049238885809171455, 0.0039789414037471561, 0.061234025051812788, 0.07437376705955176, 0.30848806752616986, 0.20683566725506908, 0.12554176773019721, 0.37815348555582146, 0.0014644178017268355, 0.23526038419373066, 0.005603141679256067, 0.0040082919798741, 0.0021076878456655532, 0.021245017985080484, 0.19361726735075901, 0.23828082381214793, 0.10805874340659709, 0.0063205909404787817, 0.047298307759852498, 0.015122576572537891, 0.0012006285090050669, 0.0019483355443851559, 0.054930277993049288, 0.00013391759383745946, 0.18782036008426334, 0.062795187464239649, 0.017258375469791302, 0.13122269938703357, 8.6558616855435093e-05, 0.22886693554776999, 0.10885929507419038, 0.091906648163142937, 0.14293799611878399, 0.019178306696462408, 0.33225800098468966, 0.0013197807283633863, 0.00029241328171435767, 0.0023929796545087132, 0.0072270204877972382, 0.025673553158052861, 0.15351226118581837, 0.042907986884789251, 0.0029527936327840704, 0.075474280150894052, 0.18433452266363001, 0.43149504115766119, 0.15550264570182712, 0.34899031217788617, 0.4714460542435161, 0.012068774093911824, 0.034474392080435519, 0.13556948695149773, 0.11792108834360415, 0.00081767327800608006, 0.028952193203569707, 0.4464163278417464, 0.071342206406253592, 0.016817587136768397, 0.33874690938960206, 0.45815724334978081, 0.1298573253976433, 0.23210276628872553, 0.14318914941111954, 0.13442375722593189, 0.13387987691937539, 2.4588326848170273e-05, 0.28775081755940302, 0.20898288530121528, 0.00018983063029429212, 0.00036877458800589147, 0.1682553609593595, 0.00021196604976366653, 0.16701338072934613, 0.26355947917453992, 0.008235647749098839, 0.048485025704103048, 0.093632833035967797, 0.04466938913911149, 0.00065946892819146669, 0.042526072593627257, 0.44456953978709901, 0.0050844838901495304, 0.0033829610184486032, 0.067319497043208235, 0.31124032868666246, 0.0024088315690038121, 0.0054014775051384259, 0.00073400299348667735, 0.10778880233584988, 0.12989215288888961, 0.11158629149277456, 0.0015832825828784908, 0.048706048203603296, 0.0043105922482433931, 0.43002329941275597, 0.0024754325721645398, 0.0046939450439615997, 0.060464375934328525, 0.070097621296610541, 0.030578837632809438, 0.056552745380007437, 0.40123202030183541, 0.047759565306827581, 0.01403704259587641, 0.033393576875208122, 0.0012222259491148932, 0.0015283187837255294, 0.022795440849104003, 0.12492384603514214, 0.0021883588948649209, 3.5923958960587033e-05, 0.38811340251946858, 0.29324251807375395, 0.039086058847758773, 0.0049717753759205615, 0.0033090512470233592, 0.2665545447697007, 0.042709724337050933, 0.012157318579007603, 0.0040344780594196048, 0.32852480106859383, 0.40492859403620618, 0.027782111877345739, 0.0016595097172649974, 0.1430499046500536, 0.33198945944481928, 0.0028517825239565702, 0.2290076362394107, 0.043799118873951208, 0.096807637718839185, 0.34219113384533462, 0.11119430657976141, 0.069363048054860071, 0.0053298067223865415, 0.011591305463506729, 0.046749202481308164, 0.0016753438844529223, 0.015121090997135385, 0.0062526401277645232, 0.39932655380834603, 0.0046558931661478363, 0.31754958838778402, 0.05845367084382519, 0.26282066898957768, 0.22929062913035686, 0.013071060478356123, 0.43871736745542772, 0.048163213262275816, 0.0016917675220740811, 0.06706271277895158, 0.0044410031579473104, 0.071321569356978615, 0.011499838205649556, 0.17403804863969449, 0.030017537933989452, 0.045210983509065446, 0.24590964327090359, 0.075783815959534595, 0.0070347502375467412, 0.41312355558582686, 0.0079807100215046577, 0.038536477758741333, 0.31104371393610741, 0.00073005453074357404, 0.22300609037875493, 0.31006569181552746, 0.0023645080583576932, 0.46528954374610088, 0.095590486396373145, 0.18931969541531124, 0.0010280112274872592, 0.034237992852171634, 0.37455714459886247, 0.20558822085685671, 0.38901272264266173, 0.14995049943484934, 0.0021300383812973833, 0.00011948746390717869, 0.27245527578447343, 0.0050383997031598947, 0.26001126828684634, 0.085942410221957075, 0.050842608259203906, 0.17852178188147275, 0.0004059040849107102, 0.30637093050735503, 0.10578419821257153, 0.0084072147324269399, 0.43184446629396989, 0.24532377227196372, 0.031693461565080676, 0.053430704964129133, 0.048304023174509013, 0.0045452279576748801, 0.0015497587817308099, 0.0016894655801060062, 0.033736809672891221, 0.20117102722803398, 0.2214007942066335, 0.0076556906874020066, 0.24314070661956574, 0.16387040048743759, 0.0038547724688444934, 0.11599457296540966, 0.0062205460970789451, 0.014391388150389206, 0.00040873590916592291, 0.083149324249508147, 0.33577333459884956, 0.0016378447276388006, 0.085148996063217894, 0.00018493559499125668, 0.033057145074567341, 0.010252214833879968, 0.0044411454436953839, 0.14562896451828369, 0.051319343814494725, 0.001049806895666994, 0.064228153395562496, 0.046132701183879042, 0.056447290671904349, 0.020088349619917473, 0.3460878960538597, 0.14485526286217115, 0.110817753612694, 0.075149674670455635, 0.037667566952927417, 0.37931083339298077, 0.0047125945961216014, 0.0043152678991056227, 0.016363778679754488, 0.12929365504462934, 0.010527069804503788, 0.024509634114204246, 0.01679357181157556, 0.0021075281557922415, 0.13041699069226742, 0.042901598405059096, 0.00592864884849889, 0.27041990331282079, 0.037205789911698199, 0.0010496958079110261, 0.0024962313365815593, 0.24857251790303472, 0.00028588087117147336, 6.3570225735882329e-06, 0.0021594914185086383, 0.029585132490263767, 0.31838772880291449, 0.0027283096096786465, 0.0023558803197162572, 0.022823312618522332, 0.27138038176602042, 0.0088555672318271408, 0.030631196577848463, 0.010568725600463257, 0.0061524004071814723, 0.0053787632899118445, 0.23748928399244429, 0.00064771132674142583, 0.23493125748087387, 0.0024110348851688647, 0.12685372052786695, 0.40322177692588329, 0.031659276489869735, 0.016947775987057982, 0.0027307251178269958, 0.2322137739177513, 0.17660834124751026, 9.1248187459422054e-05, 0.013501738848351947, 0.20836817164666213, 0.00018612087259852782, 0.00060648497750668683, 0.0050185554939380815, 0.006806165332005799, 0.069993366460129422, 0.020943585403056377, 0.19501639388816991, 0.0054709483108753027, 2.1339612354703138e-05, 0.28761731352772296, 0.017858781337487587, 0.072056548342074228, 0.068914772901055535, 0.023623042811017618, 0.1272053204981109, 5.665996343868281e-05, 0.0012457477455894714, 0.0019502061890980722, 0.0057819279298522873, 0.0024628653965561194, 0.002872817053246561, 0.072511377314213282, 0.0096290121151864222, 0.0022005314690501099, 0.013060436956046645, 0.10172309888464341, 0.0023086919536330183, 0.037348031580869606, 0.19573874144442749, 6.4155052055211444e-05, 0.0050189100989584323, 0.03164888847944896, 0.0064205172943101315, 0.14598366517707279, 0.031756780899249389, 0.30733449351171865, 0.081180933676432046, 0.25210014405088743, 0.0044374898964308022, 0.061353590306287432, 0.0056034651894113115, 0.0061089418086119306, 0.28094010653567308, 0.047693098467492097, 0.00018423765090601126, 0.050547276165067663, 0.0055054251353264501, 0.00018628465966225705, 0.2129615038003882, 0.29773687818092309, 0.40557567591064353, 0.33337417661302304, 0.23472061625436016, 0.0053455458246055533, 0.015911479755756533, 0.015136418224456379, 0.0018714124987542506, 0.0027061321645424426, 0.00052056527236705682, 0.36340410079901481, 0.00058917254444001662, 0.015123494297846388, 0.00012605779165615578, 0.1971934919846772, 0.090131530168429244, 0.28870234202722395, 0.32121831382743254, 0.18215990476838079, 0.0007969260145066384, 0.20298929120754902, 0.023521392775868035, 0.10103644963090248, 0.30399968534925403, 0.0022463992880701654, 0.23608362458153556, 0.010809777842269058, 0.046768854630589718, 0.010076371163242852, 0.20094972706879208, 0.011950566799127522, 0.18588206991083556, 0.23659737281485721, 0.0043791370288614557, 0.019839261145643827, 0.0022442185534393183, 0.0018911226246442396, 0.31769264942345943, 0.012393964071616581, 0.26953815661440433, 0.019614103522082336, 0.0026943380031122636, 0.019205845982766458, 0.057574375100772866, 0.007192682953515472, 0.38609863721129661, 0.19486249418386667, 0.065231951030207749, 0.038570450343053932, 0.10279983729949094, 0.088499514697968781, 0.11026295666883855, 0.016848381320968202, 0.0020116789686350054, 0.12412605660153274, 0.0023993380285066293, 0.30304025178522331, 0.37976636191410218, 0.09451202452706943, 0.42039652869602118, 0.017888763351619458, 0.0016315990219024658, 0.3274811338672784, 0.071074155990688864, 0.13969934360658456, 0.19293814676693291, 0.0083445622949332478, 0.032913241207044253, 0.03030947616733299, 0.015881994206767853, 0.073747623754881447, 0.0032901692104665699, 0.0056247397823186215, 0.0014503640692783576, 0.12109507874180232, 0.11137955060721941, 0.0022869736925682253, 0.04502717232709999, 0.014406744590686657, 0.28227911806453376, 0.026695490548645669, 0.01701746248574925, 0.040281934940196079, 0.091059745233335834, 0.010134118741967601, 0.40237161858178605, 9.0661917951190122e-05, 0.021084177760956734, 0.010673115789427073, 0.0058283044443972224, 0.0013778941481416406, 0.0016033461285971131, 0.0044424970499465904, 0.0099508205697605295, 0.011502819280483781, 0.25863105061096725, 0.2024003819560958, 0.41849219186434894, 0.0052841439848869669, 0.41986221788775513, 0.43751330573389169, 0.022656802590369247, 0.0019804082406389908, 0.024611685300373658, 0.034020677379054974, 0.03036258077323355, 0.03264028723028841, 0.04984497377492271, 0.036505270565850262, 0.0024333695739854003, 0.019635800467135738, 0.046405940237969345, 0.37582465542713156, 0.00057654051273899715, 0.10424474124360521, 0.0015890903937811392, 0.0072440560574288885, 0.29158105954642399, 0.001556799460604507, 0.099690642369080082, 0.079344075423704918, 0.25800693095781008, 0.1593390143142332, 0.005347585221938048, 0.011462216982771745, 0.02512820847666055, 1.1648442558329475e-05, 0.46935928391374199, 0.021470102375666936, 0.17944213585380273, 0.053508797732491495, 0.0028652688046861188, 0.0015164876791555603, 0.19921366967693108, 0.07090459507545499, 0.022419148321172141, 0.016892035467330993, 0.012878093726761453, 0.25211028163836458, 0.027495048591602279, 0.030883788779441437, 0.085016526969407161, 0.010325363038805159, 0.077776786890028302, 0.016137155886015747, 0.34954313365665474, 0.0027421985028328595, 1.7129436101773683e-05, 0.045406526295871601, 0.0071896905653419619, 0.0024219562778342568, 0.031976170393059222, 0.036097397584756816, 0.0047826634277346484, 0.32445980063181329, 0.0077509959043498703, 7.9252228107690173e-06, 0.0031138314201377636, 0.058040415402050384, 0.1347365028553697, 0.45458403631150834, 0.14225652301944006, 0.0024185046918978829, 0.19350828834443906, 0.28920496757904601, 0.020427030450425817, 0.0076194435237352393, 0.00079719097330483932, 0.0079694137534785641, 0.00014086977132670548, 0.21689997000211597, 0.014494804979962313, 0.4525551023908212, 0.017007486996753435, 0.15504078901238366, 0.18272296995737386, 0.056809381312275004, 0.010429556042428017, 0.10908330360800451, 0.20426694141005636, 0.0040554891435552213, 0.15478052717874577, 0.13790253869165131, 0.053938691666098618, 0.12310869385913194, 0.083937650381632714, 0.24547473634303474, 0.33782907370633675, 0.39376171804421806, 0.033329306571399174, 0.18260174205653917, 0.016842400865317082, 0.10474915035238931, 0.45828536098499101, 0.0020753342430075072, 0.011106435500622071, 0.086881014334840509, 0.17837906837991568, 0.42879147533610995, 0.40783979757674821, 0.43484633591189853, 0.35406808383047345, 0.22697091501646544, 0.0044389899448117418, 0.063557722263375291, 0.038483937935984355, 0.11119124439518382, 0.060948230468961889, 0.16872806643569305, 0.046896535765455258, 0.015670224149409863, 0.046878626326201038, 0.0024485042195862916, 0.019564474760639425, 0.25661583364152241, 0.0027416940790737808, 0.049972626715129365, 0.039498000884336706, 0.45860553338667842, 0.028014653651093284, 0.033037631588935974, 0.0025780564747644274, 0.29615857078373348, 0.079368193410358279, 0.034544971006408152, 0.014729551331240058, 0.12534143398330888, 0.056573627784267333, 0.015543046420605798, 0.012624878761541973, 0.014628604804388871, 0.045957005665434238, 0.018008564572335971, 0.10467318686008363, 0.014415455193227173, 0.0045457357243304693, 0.071688236483816142, 0.029265641337145858, 0.021784086387612554, 0.023968984371051896, 0.16984353654515238, 0.12774371848536556, 0.10709792460719809, 0.10540913229569278, 0.0078547018891266494, 0.22013402576101498, 0.20925866582924657, 9.0205078379208595e-05, 0.0050882881692374936, 0.0031195466185700068, 0.33354201787633131, 0.18452472879267803, 0.025838353576757678, 0.010040627887425406, 0.0099123697579427388, 0.014077112610606287, 0.1080034695955823, 0.29790899564683032, 0.25247322321913046, 0.0050518120786074714, 0.050231166045947018, 0.071883661765660301, 0.22595253508445218, 0.024781761890766987, 0.0025075587372142411, 0.057786559089385507, 0.0050397314237818338, 0.056938820993528309, 0.40383761929294193, 0.30277134661742994, 0.42306072447317977, 0.066615578089754657, 0.041773002732259486, 0.017749203530095205, 0.38264999569742802, 0.0042444133778685748, 0.20417645461908385, 0.0016396547972885726, 0.039490032155208528, 0.031433995097153659, 0.0022723402319636803, 0.0023982972778625205, 0.42788011710172036, 0.1439877159012205, 0.026041723069623497, 0.13854341339743084, 0.0065975132887103171, 0.46132661371504841, 0.23828762463544398, 0.11158609553069163, 0.0014854993634089424, 0.01906836416822049, 1.7999221451855566e-05, 0.15625748477817791, 0.20752827092907389, 0.38014025246950395, 0.0016094303381953285, 0.13510623423526816, 0.30299262376138636, 0.018610565545440317, 0.066481657388481316, 0.0026815384306164694, 0.14985895854511036, 0.0073710101249707012, 0.21676967379518494, 0.018854006604253799, 0.13304775558272575, 0.019935411626953479, 0.32257421406005665, 0.25876267716339435, 0.35321665248837147, 0.36530649487578271, 0.22758258739261863, 0.17626472891637865, 0.035861384142205827, 0.0048602062932708986, 0.0089484937685366094, 0.22200566578955006, 0.031834394903704016, 0.050618197780125024, 0.49198676985231704, 0.013331885010243499, 0.29340238832306287, 0.01244381360478757, 0.0051477186053716243, 0.0025344164947891721, 0.40000499683509316, 0.020860946066612953, 0.060281365435314579, 0.071598010808558057, 0.13930005625809846, 0.0024457858531572105, 6.9978960484396661e-05, 0.16808092631642516, 0.044061953519839096, 0.022456094534217416, 0.079281015374659133, 0.038703630408392413, 0.047703973649475304, 0.0074886057627233677, 0.0023912659705774509, 0.0020420080295573957, 0.20582254473596381, 0.37926064755769401, 0.49345712681552711, 0.0013338939150431188, 0.44546358175994877, 0.0016980481953657426, 0.0087254159150150241, 0.033306753937895249, 0.030510258837243894, 0.002404149459518876, 0.1645692789942014, 0.25984225902134123, 0.31689508754673862, 0.095545692919709879, 0.30565903720395227, 0.063289851407755948, 0.0086762524851603257, 0.0039997454124255207, 0.00011586291244263848, 0.010613369495798266, 0.0062542027474093501, 0.012119368583999356, 0.023967636174895002, 0.041704959520047581, 3.3362772248412946e-05, 0.039873146605632542, 0.016570968043083646, 0.21858317221087273, 0.0017394241495344758, 0.40565848576709712, 0.23757238099105973, 0.0069226122290910802, 0.0016014462639810372, 0.15506989161427628, 0.0037842929834924735, 0.40355202755067004, 0.074101911374140711, 0.0022436341339746634, 0.080898739663235436, 0.021828056903931532, 0.00059593121269204666, 0.045806571878134458, 0.014397670258095893, 0.0019223286048284667, 0.034566867978008571, 0.31968437413767459, 0.018218827239590202, 0.00092137076397884137, 0.0010806314925081151, 0.21960898818682173, 0.21052769526938703, 0.21802860905781257, 0.022430520191633246, 0.0025986802873320626, 0.045165459048556636, 0.0032320866551976352, 0.050838366261601493, 0.033975518791062052, 0.10654672978209333, 0.0360097088525662, 0.38597839648744225, 0.04866109758348254, 0.04007553999075953, 0.0625896891395918, 0.47887676756870984, 0.19951995933545097, 0.046048125350452017, 0.069101584186582549, 0.29619537957044395, 0.0035278287783879476, 0.42382406595916877, 0.070675889022302263, 0.3398745071812751, 0.026648545448697561, 0.015975427132533512, 0.060978961359878243, 0.011020355637402569, 0.0044373340272303224, 0.0050053692125255223, 0.29077060969007967, 0.089320244649950545, 0.013788185381586982, 0.2840723611265904, 0.00083023404243911668, 0.096581320095836351, 0.0055639273362607343, 0.04943275544431884, 0.0023099000446823101, 0.0012689213250086848, 0.31536082840068053, 0.0007221221188048304, 0.038180539397979482, 0.24444670310827915, 0.077350869739335526, 0.026539295754545385, 0.014531502658761269, 0.016233145773016849, 0.0025106605987285013, 0.074127564735137805, 0.040770058385079334, 0.48601863031348824, 0.065259361336994046, 0.081754823330797893, 0.40316207239021867, 0.098980390694181228, 0.31669043062241481, 0.091839155855767615, 0.004660278961559192, 0.005339148033186596, 0.33345468900355785, 0.066585079957879018, 0.13795475950666819, 0.0063128033203873933, 0.010667198079248971, 0.0023822205422313883, 0.05488780981738775, 0.060562136743931051, 0.27284474958503452, 0.0022820026613537929, 0.0042539280207635, 0.042125837467855677, 0.42920106930073804, 0.020543908176436546, 0.00017432523338844946, 0.0035529151284053014, 0.019413735098425637, 0.11057404578330188, 0.0022292607859740218, 0.0020661324153864358, 0.011350426714148761, 0.39878200796422986, 0.21528172143403937, 0.085309039437288403, 0.20403554990946729, 0.47225313472314939, 0.0073339937735619302, 0.29567265994757153, 0.010936603375715502, 0.0015225335027240698, 0.15050467510720142, 0.0024085688797568154, 0.0031365811271210115, 0.017428157044289384, 0.0769512788437689, 0.31333742169544088, 0.23452234927689014, 0.20238705196099857, 0.14815902262010835, 0.38660081344870822, 0.014059741120002354, 0.21084035365846254, 0.055866230161972542, 0.052835421511019838, 0.43057511112380253, 0.10393421923972673, 0.0024904147072865824, 0.0036735570395301093, 0.011316243313589986, 0.092030006054976271, 0.1902097944337291, 0.25481381518282742, 0.000822790194546863, 0.0016012740488734508, 0.056391622238803042, 0.19087466047751575, 0.092504125102978396, 0.012479893557482382, 0.078692206623546146, 0.029839839624356431, 0.19305208793104928, 0.40384177078749806, 0.43065914194085786, 0.12473367337518121, 0.23380009776263189, 0.2145513713395294, 0.037843374049486921, 0.0042108900265256733, 0.0054704806789315124, 0.0038257600732200907, 0.23892299542687628, 0.0060290998790265247, 0.01103264608778776, 0.037798115325692223, 0.00093079341620646617, 0.078640179655476511, 0.0050114330384739792, 0.0081299396983943849, 6.2656644374524779e-06, 0.002380129483191982, 0.056246117019031393, 0.38597829735956163, 0.032251800143799525, 0.018395906907207916, 0.0011458145227364392, 0.011187216023701738, 0.012913693909061684, 0.048857948332052703, 0.18186845426747406, 0.43101154115399065, 0.055812462881050386, 2.8105564918064822e-06, 0.19803532672809024, 0.40686490710003093, 0.025547664600704872, 0.4563493046064544, 0.02395540603434089, 0.050533403060163275, 0.1294806999771721, 0.023199339667731505, 0.0095013400404830514, 0.20735497156557198, 0.0064722410542152661, 0.0027417061699949227, 0.15903240200557045, 0.09820464549133251, 0.42960800040613761, 0.0016050285082076447, 0.0040441027868176518, 0.0058509527191315915, 0.0038977647437038686, 0.074206255657617515, 0.068741096588167155, 0.054054653132107604, 0.050601558838013552, 0.0033806193414418354, 0.36347726915937884, 0.35962772982754532, 0.015198366291573139, 0.021715412983496763, 0.0091119070025234856, 0.0016619166767991159, 0.0053617755811400224, 0.0087038203547883837, 0.0043121256965199034, 0.18780674891609758, 0.27724334758683089, 0.012971660940804862, 0.30857301973890039, 0.0061636485246058838, 0.40426895520926898, 0.43219766635956053, 0.047193123785667493, 0.006199294237905449, 0.0037200767974186633, 0.054029681056081968, 0.0012511237129561729, 0.12242466918705931, 0.0074132973272389418, 0.047948251011042588, 0.44925006578319038, 0.0020546032961219125, 0.014502790681833435, 0.13943963481039767, 0.017301019037242613, 0.069848455948034946, 0.009023625422374601, 0.016282834227345108, 0.038994677102363477, 0.47454800288410159, 0.0025448656718157739, 0.022397442690649201, 0.020746911500673804, 0.34554653564857668, 0.20852542996532117, 0.0012156032127660387, 0.019444810701156438, 0.0084019792238875669, 0.014328639046097691, 3.2285608590218836e-05, 0.034776830427461082, 0.361378733618684, 3.85729242269737e-06, 0.11825665773557022, 0.019540558853495659, 0.051136761698125692, 0.027862316604644659, 0.069004108069767506, 0.0061258874429066055, 0.15168399066629271, 0.31428765654639668, 0.444012640580845, 0.34735233978453878, 0.02452566076666254, 0.013797265168333987, 0.10657866748709567, 0.22007917821664602, 0.043825137504099457, 0.0038827896063586241, 0.0024168063286077886, 0.00061724123878660001, 0.0063794716768209503, 0.12753859648353591, 0.046554257401632847, 0.0034961614263072371, 0.14554874955780017, 0.099499582501288722, 0.081920729441132267, 0.030427031416330602, 0.21258845001989662, 0.16389868270989624, 0.085521315142942381, 0.0024654139101837327, 0.037501219095825336, 0.017928796829882385, 0.014740663838784853, 0.013371413490547795, 0.33420370260806032, 0.10616173371077382, 0.17812628706265141, 0.088860212080321535, 0.039099485955411788, 0.11996878337119826, 0.065526116854736263, 0.00021113957321255576, 0.36343970690524652, 0.098407201288590568, 0.022860674172370827, 0.001388090094632448, 0.21039512256445109, 0.0044630391415238545, 0.0021351463143193835, 0.0016302886008490924, 0.0015848193929165904, 0.0023268691788901319, 0.20087693532068013, 5.4378955107591967e-05, 0.0062493393718897174, 0.0028636625462142469, 0.014634194504768586, 0.047635051496482769, 0.21620545828694163, 0.0051969523350305791, 0.17590974942453638, 0.0023191781509065228, 0.10164932813011181, 0.013848044116413648, 0.03303948982340963, 0.49545357691454533, 0.0023289227393699968, 0.0023351056533427953, 0.40441650229042603, 6.2337397907009891e-06, 0.11388633785231345, 0.0074254533740660544, 0.35764453033651511, 0.16032018072468121, 0.38143559572317076, 0.25685415662326416, 0.28433717783829754, 0.088258400195727157, 0.010177548732739936, 0.32316532867149284, 0.0064977543332007757, 0.35276154575728319, 0.032592863339602617, 0.31401212568162062, 0.10748075507788006, 0.14659535286205377, 0.24427908144652247, 0.040353603724933712, 0.082787405411877762, 0.0064556753728373236, 1.3019697758486075e-05, 0.38315863010791357, 0.03590585059158681, 0.44021634587632436, 0.031746607269593184, 0.013414465289241295, 0.014820526542412968, 0.073485793191567436, 0.003145766371169186, 0.25210696998309873, 0.020257515325481416, 0.28448554492343714, 0.26396995999063022, 0.0023641212927435228, 0.12833812132146438, 0.0023904748913601156, 0.0010642028987866881, 0.39320685404541272, 0.32740557304462486, 0.31642017157645586, 0.0023132394854880555, 0.22587394321559806, 0.033634530366918512, 0.068452029518840149, 0.019546623584628005, 0.014282538725766522, 0.017376138805796464, 0.3428051839509762, 0.44539675072973234, 0.0034383064827892863, 0.45653864518899939, 0.0046649000486188169, 0.014031242861888461, 0.23851222977370956, 0.014485790907234074, 0.0057798083211995175, 0.016247409122473716, 0.010592133701185081, 0.002401000661887324, 0.432920248130503, 0.076923392592795722, 0.16813458294262226, 0.12485015247677879, 0.055158629958374165, 0.003076590909746873, 0.082269375675095194, 0.08819214206966472, 0.15218345694367844, 0.19554296920877184, 0.038871473800080887, 0.0073578201327363464, 0.006278015612644911, 0.0046649138356466939, 0.1508518710554391, 0.0041754889431578502, 0.23504267883130842, 0.35954049776361574, 0.011771053756784547, 0.00133391391918977, 0.044940667859633035, 0.02499366715510425, 0.10613301666555747, 0.15705042361587557, 0.03574737588511815, 0.011391237074666534, 0.35588643747477938, 0.48212818939071167, 0.087379717300451229, 0.0023202378739150126, 0.0022021028019907933, 0.019212155383482032, 0.0024104765209716178, 0.010356443943844924, 0.43759028295328062, 0.0012320205405691911, 0.23613605227698745, 0.079252917370650447, 0.35694921311743472, 0.00243246008114413, 0.36193423875506919, 0.23065742789651936, 0.14617606395442714, 0.008004246446058582, 0.0023844208880255146, 0.21408519530641174, 0.30494061810989914, 0.018640178363846779, 0.089662971238590433, 0.18607527175400065, 0.20732332232642686, 0.11657840018616968, 0.15206465689953544, 0.28012835923386509, 0.44345966178370738, 0.063619500969408077, 0.00088482021622283383, 0.083281435331003989, 0.0018203294926902825, 0.089895881698982799, 0.23497911257005916, 0.13723100454712917, 0.18221951624266991, 0.20806684025058042, 0.048198425330105071, 0.17600554331264412, 0.031426735942774994, 0.0098170408874489017, 0.010209819606332281, 0.048945554234451717, 0.24423142928395961, 0.22185526464667465, 0.0029105493644047725, 0.17935661811594331, 0.17807040645120673, 0.3521359848408529, 0.12563253220313461, 0.085358373876846125, 0.0081585630672710869, 0.0071615501370760051, 0.3531694287929707, 0.1892476820489038, 0.045156136674556542, 0.0042354358324604054, 0.0030770977220419865, 0.0008777825756427093, 0.0039672605191837691, 0.13317310127036031, 0.071282512762686198, 0.00072703186858080401, 0.0048822510238218791, 0.012198983390521048, 0.33370217922159767, 0.35320259683967609, 0.24275337583407888, 0.44616365305572647, 0.26928352453173682, 0.044501028805949708, 0.0025784277841500542, 0.0083620904001166681, 0.0026822646727677527, 0.13252036638221223, 0.26321555679002989, 0.093275323269830374, 0.3286419290891725, 0.41077396821723944, 0.098296547645252697, 0.33277378084032039, 0.15533437395918034, 0.3204343669282233, 0.043232079368404619, 0.0065443029295606699, 0.13316859789061261, 0.018739608269991555, 0.02715022190747687, 0.019673195839177822, 0.10380127781648241, 0.060656652691923829, 0.34661898163952898, 0.039881943378109595, 0.031538899437588835, 0.22078940745727021, 0.026351886148744581, 0.057042738576479957, 0.0044298695618019248, 0.0026045697230161445, 0.054566510915898217, 0.092714418612254171, 0.0005999662678508904, 0.10108267886803045, 0.090193124042997064, 0.00194569203870711, 0.030261708326564791, 0.0023975825318706553, 0.48784582027067752, 0.055117920067520511, 0.39944756790894359, 0.16996224430040124, 0.076988747483350717, 0.072395992591197125, 0.0085606733410256604, 0.21549546240796102, 0.015214974383525539, 0.34551888287267435, 0.00050198303600599529, 0.013534434221566659, 2.4157039458905079e-05, 0.28430237768450917, 0.16453358321036063, 0.014483155174972579, 0.0026845601897700203, 0.049567906902068047, 0.018088696240002609, 0.02267284088395297, 0.032446111697489871, 0.011209922724300984, 0.37302004327478328, 0.031338897097024497, 0.27848353308608187, 0.081070694779267816, 0.002365521216376616, 0.017631740296012357, 0.17102607199953715, 0.025596619381948751, 0.3345768068410746, 0.35371378053458064, 0.0055652142271078653, 0.011103405015772122, 0.10416930681460007, 0.2030904009945729, 0.0023862093170494698, 0.02873254866979735, 0.00069429180337709855, 0.0017157344488196713, 0.1124134436329837, 0.037619793320235802, 0.08826143186052611, 0.34001079014739205, 0.090770740344307793, 0.0064727073673426479, 0.3447126941932267, 0.00077632662204372234, 0.00028050908295925993, 0.0043079583362726969, 0.078261251244482716, 0.072464661378090711, 0.0016111749128335515, 0.34378619977697616, 0.034922972969497409, 0.0017186894115571194, 0.01706126708565182, 0.0007548692051009561, 0.2301434077460498, 0.10579506557076448, 0.0058494807092767769, 0.25748159458345404, 0.017592868357455792, 0.26375324189408661, 0.25748237833174281, 0.19317654859913663, 0.298133198192502, 0.31281821442303914, 0.020098890261818492, 0.043562824066455008, 0.018563414287669444, 0.06048418265891297, 0.40782968088740729, 0.11170894234277741, 0.10436471033935014, 6.9878985931027084e-05, 0.026782333366052718, 0.2739030281046041, 0.025289932957744024, 0.173353658561543, 0.011094842226605162, 0.18529080088969543, 0.015314613150869546, 0.28595422672371124, 0.28761413312243267, 0.017031475425280988, 0.020612439125477861, 0.31319444001772229, 0.0020544437167693934, 0.24004450482956252, 0.33345745716333752, 0.42440931165573731, 0.0060047987840053905, 0.0041183585991072767, 0.071349920047418039, 0.14727800671305771, 0.001743049964293169, 0.0018488308198628775, 0.0081154523688192724, 0.0022699253301613083, 0.19251090801313891, 0.31840542523087395, 0.019104610806255983, 0.32009717966503315, 0.21772709111730876, 0.0054309842253046992, 0.27587658852366986, 0.040505567418524319, 0.011414172990316005, 0.0029428923478831189, 0.09524823562286816, 0.15708105897747615, 0.083276102859542525, 0.036463438770751734, 0.41200336991743369, 0.06017648332250379, 0.0019934722849159611, 8.4223218593604531e-05, 0.057537410409506051, 0.045154002954145393, 0.36389284662935112, 0.060169906195058007, 0.26158466823433024, 0.00050896292296411243, 0.20515105085370847, 0.0053610684675748088, 1.6017918777458356e-05, 0.00017060379134381032, 0.3155591600727452, 0.030153092729807447, 0.00076551603501107568, 0.42472996532564972, 0.062671890186711543, 0.12752834996913007, 0.0011795832810457321, 0.0006603249816062106, 0.28798805403478589, 0.003714481065777671, 0.057258196145974043, 0.10010323987848087, 0.0063308995471331392, 0.0070107267173208756, 0.00059760920189799065, 0.069937473951631898, 0.08647384838805286, 0.34029491393298228, 0.093333453855152279, 0.046947952812676122, 0.033744489883884461, 2.0921776127761714e-05, 0.26415398116148597, 0.40483406358321367, 0.0075486712520103525, 0.058133929817008795, 0.1769486958265582, 4.1433280684112645e-05, 0.1152369002445776, 0.013636693413722594, 0.029282842125649477, 0.049085232249669687, 0.0029476050976102041, 0.16727987381190135, 0.44806526053339379, 0.12370931732023813, 0.28282338878644825, 0.2875536411362184, 0.26189402556360419, 0.02575518635772996, 0.19158019994211065, 0.19573530827318497, 0.0055412144898632377, 0.0093858761179706658, 0.24680148234417257, 0.055582618935733852, 0.01013007986358771, 0.17297506375659924, 0.0073926953090980288, 0.22875923329581332, 0.073925080891504957, 0.0016453697173336443, 0.0035916686743898483, 0.29812915694486469, 0.007402815583162272, 0.0039670754429954264, 0.02128010668149919, 0.19886431513317854, 0.016877925947286033, 0.01078691641785451, 0.0021881630764344407, 0.21371479661604681, 0.035495688806464282, 0.018159415070906359, 0.0027423857977496129, 0.073647629008158785, 0.27857519545843445, 0.095255776775036854, 0.21649325657148946, 0.0075238424681402958, 0.35174201776233488, 0.11346819928438942, 0.20178141650955084, 0.12413664971806616, 0.0029507274871372613, 0.0068075667715440892, 0.066302543824562993, 0.0039192604870366054, 0.092106898129820633, 0.004907804990554464, 0.033760281717282278, 0.011323601783404098, 5.4443738435728357e-05, 0.0063800979644856159, 0.031271284377919449, 0.0069271456054504927, 0.2210718921748033, 0.11456069895182633, 0.019114668740782124, 0.002454926988127778, 0.21966177876221207, 0.23915740065400889, 0.35547637052661396, 0.00021042388689126364, 0.031897889136109282, 0.091091075395091536, 0.084254597285315216, 0.022648851471659313, 0.35735603197613602, 0.0053163971241479389, 0.33299208594829299, 0.20321171150292369, 0.0033762779747665305, 0.059480275490768716, 0.030953862616529937, 0.004578171728092815, 0.42912521290113809, 0.1978979018846799, 0.031792754257520053, 0.0023875029823736261, 0.00073310825030705427, 0.00070422483053075619, 0.047903892921821324, 0.002284757142989004, 0.30984194184775637, 0.0049632744377555637, 0.080311542563178545, 0.0057920311463492448, 0.00037807831458376248, 0.068096389550008546, 0.0018762344204850147, 0.050536295646237316, 0.14548898006351688, 0.045237535567890196, 0.001784006187352967, 0.21457461271122388, 0.32521017049430306, 0.0016464263193342328, 0.041078396358814218, 0.46192117441046843, 0.0041802307881946702, 0.00092152769252919122, 0.0016871778190814635, 0.0017477901346417788, 0.45230532082308311, 0.022516760545994344, 0.16827114324933132, 0.085868407484883807, 0.42807274389165051, 0.0052896974979437144, 0.2513667368435914, 0.05634122831041357, 0.017300223111546102, 0.3428834012170322, 0.0071850694642393046, 0.028598911325168282, 0.043246502067799696, 0.46971601706448224, 0.033615981729250614, 0.093179502882416415, 0.22022444340064634, 0.41082945119965464, 0.0043930208677737757, 0.26438119040698138, 0.0016386684294962177, 0.0020322948717799222, 0.024663634557110726, 0.0095825456150475923, 0.23482172350833058, 0.00016433121417847046, 0.0036799265007350424, 0.072879340872332873, 0.055554030522703954, 0.33899470099307993, 0.016985833438167411, 0.0047484008034593206, 0.23789942180265825, 0.013512422617272601, 0.21249324886327739, 0.10073109443697995, 0.029449823111742515, 0.13774993068737268, 0.025390744984284643, 0.016560446257599278, 0.012782356031127899, 0.02208663243462378, 0.3345652038230853, 0.1928355151749587, 0.021792662769626055, 0.067624041672667681, 0.0014754689284373966, 0.0004666752795425677, 0.19538270275203865, 0.11208242116588681, 0.00030390960468862751, 0.0012393498363990367, 0.21273700329418446, 0.0055262715513427459, 0.049918213900931228, 0.05691842064366677, 0.22646417374612005, 0.0045960932719888792, 0.0051910533442080242, 0.29907025510624852, 0.0029930585865978287, 0.17564283219299559, 0.0050174628645030511, 0.0016435476740553083, 8.4980781583054058e-05, 0.0046815952071507325, 0.0017103745840698166, 0.036407137476939591, 0.0022759722399404336, 0.013706017449336161, 0.1193410746183145, 0.40222987481124872, 0.0022755113493102526, 0.01397522241839505, 0.00061085496983882229, 0.0029760946442660466, 0.0066475026731977411, 0.28373914029781522, 0.15904345389463834, 0.001911211652533776, 0.46282109528837106, 0.024948315468261904, 0.10637353219370056, 0.14455784129059338, 0.19312189482721528, 0.0016451202993617842, 3.5251024611879854e-05, 0.40818273695188156, 0.038586577625620011, 0.038740076746448443, 0.0027147371617886988, 0.013662988365366528, 0.0014872444426088215, 0.0014065535297946969, 0.26371218165411803, 0.2194780487874507, 0.049224029604291619, 0.069172502522570956, 0.042628273744986143, 0.3687381797633662, 0.00044289429023579172, 0.011024759410430063, 0.29021138922754186, 0.20840381515969952, 0.011631859754988004, 0.0015519453151360944, 0.054861375068024042, 0.17287850834070384, 0.46294164206204708, 0.18437912407554316, 0.25385331473682865, 0.26206907057288531, 0.015054142437162236, 0.050344995301053158, 0.0011545277594440153, 0.056102625113975534, 0.0071130994444265514, 0.00021050458263921257, 0.05534581799559312, 0.12396281084164611, 7.6368121024658216e-05, 0.11200286635727692, 0.010009387093956873, 0.012978577740042482, 0.24084328481947484, 0.035063408118893129, 0.27458927495734781, 0.26412510460040189, 0.00072824422404663732, 0.013877654961437535, 0.18235887211219429, 0.067905800202263972, 0.22099637630261137, 0.049276801273414064, 0.37808721750135937, 0.012611436481816297, 0.10148500078378103, 0.018848515052043616, 0.023529214393198598, 0.063154219574959952, 0.07607283827359973, 0.041680844362915977, 0.10261304927246741, 0.059690277978894847, 0.37123360078609524, 0.17710972370046013, 0.051211567403194713, 0.0012811456636537199, 0.02748719039634847, 0.0016016952328202258, 0.0024087366003542857, 0.11799070304061579, 0.012495773229097134, 0.11144597855526885, 0.31860818254784251, 0.038214140451077107, 0.27523108065698482, 0.29163876856581877, 0.26876713856583012, 0.13652860475296297, 0.39976596930780006, 0.0038612207902844232, 0.015074482385600335, 0.35809921966396935, 0.030428955450788497, 0.00059794996189330466, 0.06099132710422777, 0.079119837213521768, 0.014577431263808288, 0.47147829159725479, 0.0015620342849997262, 0.44264050610102507, 0.18009352653693528, 0.0016393958679516516, 0.030387656137369316, 0.24260632516230951, 0.15840615109298428, 0.012756121950746456, 0.008331880878836375, 0.0006596666468429909, 0.008018258934357118, 0.0026289587921935671, 5.0926748071873103e-05, 0.042634875911652811, 0.0022145463344499399, 0.016873571966056565, 0.20599205531084364, 0.11379266072178014, 0.21120028268679059, 0.18407841197793429, 0.02729488113268197, 0.30564662353567806, 0.28526185217668637, 0.30450018926601707, 0.0023565786894714303, 0.045611892694650165, 0.0012048899443699297, 0.0550566974618499, 0.017816681136998056, 0.059604478181137878, 0.13734552092750749, 0.13848568498726685, 0.47755145334839377, 0.019388383835388122, 0.003677900576729344, 0.07075229915227918, 0.13712989966738295, 0.34885818352321163, 0.43411139191129838, 0.0022654101806135751, 0.074545021618687007, 0.20684228225474968, 0.076653015786193587, 0.0017182431263689972, 0.24800309129793838, 0.18601040870607696, 0.24187519208400762, 0.21036267484437507, 0.17455416945752303, 0.02655968190583077, 0.013784826290284134, 0.0023791083102715407, 0.0026648329302484974, 0.38368793428815445, 0.0070826552898096374, 0.13606580763229398, 0.0022517274872865794, 0.088080923737008876, 0.37458926490115158, 0.0010965914753005607, 0.083349205561261006, 0.045869631392252169, 0.34245706957015304, 0.015910225996216779, 0.0014021953307171665, 0.002154563613138641, 0.004645660612643693, 0.0026333319918723868, 0.48619077257949322, 0.013037376379151207, 0.0031643248029070178, 0.0060614286254926765, 0.0062599544745343735, 0.0517587815750815, 0.0031962811918211076, 0.15250149213548078, 0.20076474300565705, 0.17587652673479087, 0.10206345088097865, 0.012822204486792842, 0.00084225078083461735, 8.7177104247783958e-05, 0.0015665868700510462, 0.04864952501307869, 0.0028880715031113623, 0.04815241075816163, 0.45015956853804856, 0.00010573747211542993, 0.31603840790003684, 0.31603840790003684, 0.0079731534720118291, 0.052671751793788052, 0.047163212827793698, 0.068739988267616736, 0.28470857704147295, 0.021131723851588305, 0.18271737440714389, 0.067690898834837671, 0.024587507875694331, 0.0017784843323364935, 0.0020802453701366285, 0.061552694799791474, 0.044731400833729409, 0.015442084352138995, 0.074351811980897964, 0.049803906291925118, 0.43551965108812563, 0.00056451106823041325, 0.12012379995519624, 0.29126266401936396, 0.0016575747261789403, 0.0096457253025503745, 0.069543479494967392, 0.043069380897227755, 0.012511622989267158, 0.18770261423003662, 0.10369983742039383, 0.048963534004627489, 0.013323241707844363, 0.072216070747418079, 0.4347644534280829, 0.021293646194678651, 0.38551505316410678, 0.33238574133058568, 0.038017614248223024, 0.0024973588520630714, 0.0081205591409106142, 0.055510355435108676, 0.19132562006749507, 0.0024069986222847155, 0.017024954217912842, 0.0077776636107277208, 0.043399679512960927, 0.015041574855725747, 0.1144571828191473, 0.055627105925125937, 0.030635699128456251, 0.16433527456271502, 0.013013822550582508, 0.40358998118359207, 0.12750857870511689, 0.0021018962458614937, 0.019609152414454416, 0.063245756900378702, 0.00092579846135694335, 0.0051669694780678383, 0.050894566509711248, 0.41877284958908412, 0.050792106044941533, 8.4166961646327009e-06, 0.0054913920635158873, 8.6558510530022832e-05, 0.36137466635880666, 0.0085006298223462163, 0.082211699477643729, 0.016627316463833437, 0.2580714587829071, 0.27190517815245163, 0.051986497215103941, 0.0023436119303555077, 0.374944165917932, 0.0023484648761372853, 0.031458682305318904, 0.0069957658795989364, 1.4206128224100064e-05, 0.027231316025377563, 0.13513385218077267, 0.35633418893163754, 0.03106422851551096, 0.36205754566408133, 0.015300455181431067, 0.010771111633413601, 0.0050149942126632516, 0.01638132515188381, 0.0030201094708907391, 0.3916610945274242, 0.015004222618817668, 0.15291357055731794, 0.0067939007211829964, 0.0025762447861333239, 8.621189099300368e-05, 0.014267347898865844, 0.038511951435295518, 0.29992321459651644, 0.003505691296039724, 0.27521854003346374, 0.29991017221049565, 0.002750213124380561, 0.0011710775016586595, 0.098907070819981235, 0.15116520334051892, 0.41400580782920021, 8.935099332713748e-06, 3.2526078015725709e-05, 0.075363536063456832, 0.0023938959992942615, 0.26592048511419736, 0.44399452135320983, 0.035956409849582822, 0.038576512624910325, 0.0039852412181401965, 0.15314714276587327, 0.002351809214289948, 0.097140556446649096, 0.21236927862277635, 0.44965743501895028, 0.036664090304511676, 0.28726129630278174, 0.037122060259433425, 0.0085376875215008585, 0.30819995021541119, 0.037492138027126906, 0.32737782584917602, 0.00056225527157618266, 0.013916847199891632, 0.32851812434973227, 0.17788891102330706, 0.0019307888735628095, 0.053591624676373843, 0.30084158381297088, 0.18445584841174975, 0.036440941367206339, 0.19894233848935255, 0.00062054048988886639, 0.16176539354288963, 0.026002581757716171, 0.22904881689289908, 0.1565279932329367, 0.032285283998924344, 0.00019811324667624937, 0.30554646253265327, 0.3347494577722141, 0.037434453396579359, 0.0271166914402396, 0.022769108157895485, 0.40753847486519656, 0.012875564023929666, 0.068492378851710209, 0.0025516004319823473, 0.030795983554833501, 0.024002089304231838, 0.045470494454830666, 0.11903637729896616, 0.00193575981097127, 0.10863735693504324, 0.4431184608649818, 0.44307996676210515, 0.0018286050773134656, 0.043418262166291889, 0.23135330808439247, 0.010872199546846604, 0.28407293074332368, 0.27460193169862146, 0.0028017953700559344, 0.33901887644693407, 0.42968262069068464, 0.053088028776332619, 0.014760623188147071, 0.00093720703452942827, 0.21197116093966706, 0.01487018476407849, 0.002952450735996032, 0.19852777286910894, 0.0047474669602793167, 0.067982775930957709, 0.012340689500191172, 0.33828999693160494, 0.020656478123082692, 0.14448983113764663, 0.018086569302025974, 0.1571684315057601, 0.052908036528073514, 0.095519615221740128, 0.1879503050159671, 0.11263982558344347, 0.027520071387979649, 0.021837749794623513, 0.011319630972340341, 0.12238599589325977, 0.044026459947078003, 9.0819690142453628e-05, 0.093882964507005853, 0.0012009815690633566, 0.0023921378952861802, 0.4811897462002932, 0.33409882613360703, 8.2609000665034767e-05, 0.040380551868116933, 0.0047867537802491044, 0.091928801905780927, 0.0008668253365434074, 0.30900796335855724, 0.035769562886675037, 0.073091360381376078, 0.0016429466025336681, 0.10229829297911938, 0.1120159132983156, 0.48680912788754166, 0.35043163030450658, 0.20073150981564519, 0.0019584802495198174, 0.193522422519422, 0.21575687761413809, 0.40976785546495448, 0.23680874290292353, 0.25550948290733827, 0.10361316556120083, 0.35922038147659674, 0.069675623772990788, 0.068460627543542013, 0.10036537006391409, 0.26333119383596099, 0.0032910980987638314, 0.0023932240229800339, 5.6143302641177236e-05, 0.1243538105281644, 0.086026584438694598, 0.0016147083834451301, 0.036340389034253483, 0.030131815206656233, 0.01589041032434841, 0.0043037792150318818, 0.096855695912704098, 0.014929741071319138, 0.42241493906873429, 0.4277913427547429, 0.0064150100936748019, 0.0022665638952671565, 0.24737957510973885, 0.0002637456336204034, 0.015189458924518976, 0.0016656393622713286, 0.00044857271109597177, 0.0028643042897867356, 0.40797815010529254, 0.13937133802243482, 0.082100623320822436, 0.0015502795037805645, 0.28034112744719947, 0.0032036438634758177, 0.0012478315665826049, 0.23583058339349477, 0.0756003778006753, 0.0060054503730893648, 0.061295142490052155, 0.44368723823303596, 0.39103533366870935, 0.11370708122092235, 0.31677426720283286, 0.014079843304978759, 0.048021474023461193, 0.088331773715118175, 0.29541313013411524, 0.23027535770691812, 0.002703136571512024, 0.25565712752784236, 0.020064683053826003, 0.18321101832217479, 0.41212479796515106, 0.03709701286257984, 0.001603761147282611, 0.06924373956448357, 0.17651099341669882, 0.20462920954429195, 0.0014622905127296914, 0.0017341561131591784, 0.42254434979733563, 0.0047621432863034279, 0.0057588001792213336, 0.010484914221877781, 0.0051168804585967212, 0.091784861925865657, 0.25428969986533739, 0.012428570487968159, 0.0042960840730228373, 0.046708644303897311, 0.31623498456933058, 0.0053848111239380046, 0.017032579546028642, 0.1889174013713259, 0.002735308758151987, 0.20931364919564541, 0.0077093403869977354, 0.48342980447743161, 3.4735707443277745e-05, 2.2684553015256247e-05, 4.1901432887139525e-06, 0.00020905254983277202, 0.00052550438367223069, 0.0053227010060748984, 2.911476456215685e-05, 0.00028197664991377663, 4.2475637722587482e-05, 0.0026165376166020307, 0.027687653906789091, 2.2387351640438773e-05, 1.3206078635089908e-05, 2.0189046811070075e-05, 2.7104475719445055e-05, 1.1824026476050834e-05, 7.508098103463312e-05, 0.0027367813266855182, 2.1693769568310245e-05, 2.3735594202861569e-05, 0.00011430381298595745, 0.018700606103230478, 0.00060855010982957352, 0.00044787203371658609, 2.4490390677755925e-05, 5.5476586054295949e-05, 3.4018485257324204e-06, 2.0455767074720427e-05, 2.7163101580577653e-05, 0.0012718899039967143, 0.00011766850143861326, 6.5832736876059942e-05, 0.00011515691205914339, 1.6084875449947236e-05, 3.1061912955320052e-06, 2.8696393130566103e-05, 0.2618096414852355, 1.0648775990740529e-05, 0.0014379746355881458, 0.00014834196445425872, 1.1483177947012773e-05, 6.4577355538948355e-05, 2.4055292603652017e-05, 1.9098198582038826e-05, 9.1659811892354458e-06, 0.00075696929729523153, 2.6956313692416519e-05, 3.9354383979676603e-05, 3.2028453199289022e-05, 1.7485850089699798e-05, 4.0329211967115833e-06, 0.00012313663588959511, 8.0448478016265147e-05, 1.0136988150265361e-05, 0.00033419085466917928, 2.0388767685014681e-05, 1.9012387248372814e-05, 6.790286390380246e-05, 5.928322066538878e-06, 1.6221653872497247e-05, 6.964047233328317e-06, 8.461728054008161e-05, 0.042566147781281885, 1.4485277726790258e-05, 0.0050435544904043937, 6.9748917283689879e-05, 6.0445434430995607e-05, 1.068994531944961e-05, 0.00015485338160825681, 0.0002111629960664226, 0.00011240456535722901, 5.2967763284973942e-06, 6.8681231199654638e-05, 4.7781896457355031e-06, 1.9817585363597302e-05, 1.8471062519756502e-05, 0.00014005180987403053, 0.00019975404656331116, 0.0029727316321936778, 4.620616864150908e-05, 0.00035226869624292479, 4.2837091881714251e-06, 3.209453699254917e-05, 4.6844984321268923e-06, 2.3618809109994563e-05, 0.086979298142904143, 1.879459212837487e-05, 7.4018458901395462e-05, 6.8210879056273329e-05, 3.0595550380462425e-05, 7.2654865059294448e-06, 2.8058725029642173e-05, 1.494341094675756e-05, 7.0113093601188118e-05, 0.0011214386701025815, 5.2755460010463598e-05, 0.00019586684144751111, 0.00010921679119016372, 0.0038947393361121918, 0.019964360855549593, 2.9273438130853381e-05, 8.3824512676663728e-06, 5.4839799707645475e-06, 0.00011875364654678794, 0.00012447872089777658, 6.8922924682488585e-06, 0.0039764903669857812, 4.7560564067294204e-06, 6.8383034145663618e-05, 0.00021512325272022987, 7.7138596672766726e-06, 1.4636495670689759e-05, 0.00020474960340704663, 3.4506314149056274e-05, 3.7706412324612374e-06, 8.623557203874729e-06, 7.5857930816190355e-06, 8.6778060123366841e-06, 0.0030606777038727829, 0.015772860503362893, 7.6001526516566894e-06, 2.6348292196703905e-05, 2.1939250108584875e-06, 5.5068079153506885e-05, 3.924336223574043e-05, 0.00026690359459669987, 9.1676424504022023e-06, 2.6599460076716291e-05, 0.00011969100050703088, 1.0890427831391483e-05, 4.1219112654060455e-06, 5.9152314182731969e-06, 0.00091117515597054037, 3.3852696862977227e-06, 7.5303401089134596e-05, 0.00034881210613789886, 9.4729809123412535e-06, 1.8089393105272742e-05, 7.6877276604794038e-06, 8.2198717018175033e-06, 1.0687930077434814e-05, 4.7454948701851486e-06, 6.0942747886866056e-06, 0.00012129101917948209, 9.7438399650407218e-06, 0.00015603246195260211, 0.00019579228023313116, 0.00097641176525067831, 2.438772150588701e-05, 6.0270875654199457e-05, 5.4828526818676296e-06, 4.0571400855900395e-05, 2.0338254507143378e-05, 2.3132556805086801e-05, 4.5288798407562947e-05, 1.9210799794538622e-05, 0.0001231177400947123, 0.066302411389107294, 0.042114129692516884, 5.2085005388097934e-06, 0.00019427314003015158, 0.042637611380948293, 0.00013543269640160381, 0.00096802807816549774, 1.1448941362629582e-05, 1.7318169754620167e-05, 1.4448864599571775e-05, 0.0010416208845713639, 5.2577681879591934e-06, 5.1083017276380927e-05, 0.00010887860928100755, 1.1595580517651836e-05, 1.0364416883201707e-05, 0.0023753756838937028, 1.6830982184546432e-05, 1.0518839252874534e-05, 0.013974863238152401, 2.4691822792273145e-05, 9.2337207286643451e-05, 5.3614762681114761e-05, 7.017973969793476e-05, 0.0026848288265350216, 0.00034160632632236219, 0.0063855472574234308, 1.4428290027768835e-05, 8.5130523098796084e-05, 4.3152289726058355e-06, 2.8003219214779717e-05, 5.9734864153335006e-06, 6.4501206426861103e-05, 2.9196965659062735e-06, 1.2782947000225286e-05, 1.4081374703581283e-05, 3.5761442906355619e-05, 2.3456127525096257e-05, 1.6308580688325983e-05, 7.2735024787556394e-05, 0.00021516875628439141, 2.3685865465663224e-05, 0.00010445216019442028, 0.0010687179529775496, 3.5299710928678177e-06, 8.5586221620882931e-05, 1.0387366888477582e-05, 2.8074291753527705e-05, 0.038036989365522425, 2.0889343367449534e-05, 1.3880853421807743e-05, 0.12127565376173623, 1.2843433221483827e-05, 0.1396429011148799, 1.4379740332903572e-05, 0.00053190417748568959, 8.6008444997395466e-05, 3.5399728667772521e-05, 8.260647086067482e-05, 3.297951074276872e-05, 1.6181011418212048e-05, 5.9441458886070397e-06, 3.0435775607994618e-05, 2.8035410433348896e-05, 1.1924803171552901e-05, 6.9271604128330445e-05, 0.00037108981082163332, 6.0170292037944105e-06, 0.066979106697967944, 1.5314613716552563e-05, 5.9392411650295572e-06, 6.688356703643368e-05, 1.8204674254983156e-05, 5.3688478787742436e-05, 1.742647417301193e-05, 0.00039735367739565202, 1.0167116024631025e-05, 0.00020402975557088043, 6.7107762825895637e-05, 6.9698747162578548e-05, 3.8733571268746163e-06, 7.4024604077129594e-05, 1.0289176038402406e-05, 9.3155558436261058e-06, 8.0873156713378585e-05, 2.6409874510371911e-05, 5.7171047316413142e-05, 3.4274997366308707e-05, 0.0001641503776515879, 0.31865246690217452, 8.1351619548713761e-06, 0.00033005989849484868, 0.00044369745116427641, 4.0053225386324517e-05, 1.7298000140658097e-05, 1.4879652378191227e-05, 0.016207118171567756, 0.00019973025361872901, 3.3535617044008435e-05, 2.2080691366909749e-05, 0.00044531934159712581, 1.0363994315870127e-05, 9.0163897792107107e-05, 9.8839018276970991e-06, 0.0032861422520171217, 6.5711032024645858e-06, 6.5667347107518833e-06, 2.4176598176122303e-05, 3.1223518476895615e-05, 7.5184400311288031e-06, 1.1248120899696143e-05, 5.3151068834376414e-06, 1.0198724091585365e-05, 5.0450912243861112e-06, 1.0387381275515209e-05, 8.3148435989036009e-05, 3.0430667163922444e-05, 6.2017879027702198e-06, 3.0734520779965675e-05, 2.8900595182640865e-05, 2.9513029270242277e-05, 0.00022671784509075283, 0.00035843081321149372, 0.00013260201778777147, 1.0705225240880609e-05, 1.6078967608369616e-05, 1.8670064896021976e-05, 2.8248624477336888e-05, 9.7153319277623785e-05, 0.000126770779701984, 0.0061688522150392432, 3.4540690275502937e-06, 0.00010759178845747746, 7.5098493132477891e-05, 1.6069789557291924e-05, 0.0094682982464872976, 0.0002416587121579471, 0.00028428090710469597, 9.7674527059041221e-06, 6.6140128408974453e-05, 0.062237074237574831, 0.00093727579852175274, 0.00011876851901612141, 1.0828020343228355e-05, 1.6189050192547015e-05, 4.3246839982887087e-06, 1.6398297327835524e-05, 0.00021703032319847593, 3.008996568398721e-06, 4.0365183357932577e-06, 5.3832394419157305e-06, 0.00010490345195928237, 0.0018810191244717216, 0.0042153439222295643, 1.3353485774360049e-05, 1.0820733200764486e-05, 5.6207826106664134e-05, 5.5104055904058287e-06, 1.9778316490756325e-05, 2.0374430510772554e-05, 0.00029330050434035716, 5.0244583998092278e-05, 8.4971915484553081e-06, 0.0001179026440545552, 5.2507738192443561e-06, 4.7011968998799163e-05, 1.6719627490743238e-05, 2.3349016732331378e-05, 2.2934548815804326e-06, 4.8847330811147518e-06, 2.5352865500015912e-05, 1.1172919458367153e-05, 0.034883632493204822, 3.8439647803359209e-05, 0.0087326226678320941, 8.2013124141726279e-05, 0.031227559507324212, 8.697504560465906e-06, 7.9202906729462501e-05, 0.021773039077807626, 4.613960952710148e-05, 1.0297651856457445e-05, 8.5870517389684233e-06, 9.1359131310385946e-06, 2.4098141902267608e-05, 2.9260506113748256e-05, 2.8142201544929498e-05, 9.84279042031751e-05, 3.548001121509223e-06, 2.1307650349007653e-05, 0.0019596637295473751, 2.6392815504804959e-05, 6.461889949936559e-06, 9.0988207055706402e-06, 0.00017773476217997192, 1.052513113767674e-05, 1.7054152219772011e-05, 0.00023150633306221789, 1.9391680741818849e-05, 2.5351827688927099e-05, 2.1162509018051299e-05, 0.00018465921309337549, 0.19265044332890807, 7.4121450732740618e-06, 1.8676576072264854e-05, 2.6149100587343928e-05, 3.4008794831078355e-06, 0.04239441453384632, 0.0013286337340836485, 2.6107045095034761e-05, 3.4882189435985428e-05, 0.00074847497564756865, 3.2881236889537675e-05, 1.0618982286486198e-05, 1.1134044883400918e-05, 4.791800157171996e-06, 2.0034880106226489e-05, 4.9334283730289918e-06, 0.00015761866426086742, 2.953952491609733e-05, 4.8023147725279882e-05, 3.9259549962268005e-05, 8.6786036491425694e-06, 4.9135653985573222e-06, 3.2955547112374989e-05, 1.083423229417655e-05, 2.8442890157754389e-05, 0.00087252228737393978, 6.256528946364518e-06, 0.00016019585990909515, 0.0049692435963055543, 8.5792553711649727e-05, 6.4862188483624196e-06, 1.0457074548849051e-05, 0.0023510674095925661, 8.7947575853687082e-06, 2.5793758280012305e-06, 1.2981117168582672e-05, 2.0767099699966063e-05, 2.8449588865563768e-05, 1.2418392933023728e-05, 0.0001109415823387127, 3.3097801587982485e-05, 8.0023195001837939e-06, 6.0441469764321499e-06, 1.0683014254044425e-05, 4.7407566074768964e-05, 4.3653403816834652e-06, 1.1073972178273013e-05, 2.3169785560708525e-05, 0.0001688142619721373, 0.00057230484939033968, 0.02123659427056265, 6.8844867257174109e-05, 1.3238033093413561e-05, 0.0057057950059760379, 2.3248102650976371e-05, 0.0011185840565704948, 6.49632842708765e-06, 1.0609710536864485e-05, 4.625978688962409e-05, 1.1359537005219886e-05, 1.7872386867332228e-05, 0.015463924012193707, 1.5367148453844558e-05, 6.8726690995943467e-05, 1.3717895950921578e-05, 0.036820220808203422, 1.4861888343020779e-05, 5.69642852188133e-06, 8.8705640752342283e-05, 8.7079829156309744e-05, 3.6038306329473936e-05, 5.7101481724826059e-05, 5.833140257757812e-05, 0.00027162123073629557, 3.1899123563084564e-06, 8.4004338024735732e-06, 2.6492556911348688e-05, 5.1120377220570788e-06, 6.6550880501805519e-05, 0.061798322077483064, 1.2725256458282476e-05, 0.00044114791864607715, 0.0057031468274636992, 6.565402582983086e-05, 7.8925634935507943e-06, 0.00013842052846679332, 4.929970003766868e-06, 8.8251254050638622e-06, 1.9803334149262869e-05, 1.3202016249331531e-05, 1.8738453948688493e-05, 1.2539955877484024e-05, 8.3283663991837599e-06, 0.0011401594334223514, 0.0014130455619792369, 1.3005262983524436e-05, 8.0655143197000406e-05, 8.1598479641699649e-06, 5.8144729698493792e-05, 1.1755105048557479e-05, 1.8515076304774278e-05, 1.7363608201059621e-05, 2.2421444307916272e-05, 6.0284402140342816e-05, 1.0878217157772687e-05, 0.038457688486764313, 7.5276356090130122e-05, 0.003174268659865369, 3.1899380804774913e-06, 3.9489901088577643e-05, 0.22226881041581473, 1.0636759525802354e-05, 1.1682453689087994e-05, 0.0028898156104254359, 1.4520796971393668e-05, 0.005009256908903398, 0.00016160759782502933, 9.8751144521952877e-06, 0.00015152923323884099, 1.145649756104069e-05, 4.2888045023604047e-05, 2.5972492844128069e-05, 1.8601647166484241e-05, 6.6308842009179763e-05, 4.6283314919065338e-06, 0.0018344604683084265, 5.4150258663847743e-06, 1.2169855053622227e-05, 6.1913764216087075e-05, 6.5327895733540214e-06, 3.9661537298409898e-05, 5.4608847827311052e-06, 0.00017616746847450048, 5.8496017067127544e-06, 0.0055755492254047911, 3.1573741248088115e-05, 0.00042490024459880207, 1.0937805308141387e-05, 1.2558693640811978e-05, 2.1146564014673945e-05, 5.7026877749582098e-06, 6.3508316220568044e-05, 3.5603123120285554e-06, 0.025772146909134305, 7.3127980571227439e-05, 1.3560776954051432e-05, 0.00015221245104166353, 1.338885431012901e-05, 0.00016128819423950126, 1.2369756792362611e-05, 8.219718399472477e-05, 0.0006022650734468024, 2.4654776212646436e-05, 0.013488928732147505, 0.0045743052613818622, 1.1216120645296907e-05, 3.3660390649096819e-06, 1.8493556922455636e-05, 0.00069337961212494008, 4.39999804282993e-05, 0.00025830618195659012, 2.7136620104796205e-06, 5.6775982025138624e-06, 4.6450531488604843e-06, 0.00025599551063538426, 1.046191602399358e-05, 5.4766911503797163e-06, 8.44495437052181e-05, 0.00021155843423506813, 8.2659018783944363e-06, 0.00093966184813867035, 7.5353536399316464e-06, 2.518013301348265e-05, 7.1077884774859559e-06, 9.2867173844710993e-06, 6.3442886321251633e-06, 0.0058796777852663353, 0.00027662350661146104, 0.0023814554190715906, 1.9211963133402042e-05, 0.00016042104238179401, 0.00011028165004946468, 5.3809384802111019e-05, 3.4231280876089759e-05, 2.0471574558236577e-05, 0.00067314712566316794, 1.0259674031971645e-05, 7.6440790149993537e-06, 0.039770674720038701, 2.23351995560986e-05, 1.0250585538767284e-05, 0.0027535198950894616, 2.5509590126167631e-05, 0.32492354947160734, 3.5962233833354274e-06, 0.00026928249640322769, 1.0281473931627956e-05, 7.233463679769345e-05, 1.0495131996720183e-05, 1.2680525592242581e-05, 8.7432790149935132e-05, 5.7204495086027875e-06, 0.010961192283628142, 0.0077534884967227968, 6.5250306084638364e-06, 2.2750406363497723e-05, 2.661845193652571e-05, 1.1703989741444439e-05, 9.4255806447521228e-05, 0.00031327527849304347, 1.0524117947441435e-05, 8.6126669971910569e-06, 0.046121014857011422, 6.2672698544305813e-05, 0.00078951190531042147, 0.00012063327622513522, 2.117279746640803e-05, 9.7454609575487586e-06, 1.357468347559805e-05, 0.00013196298188078581, 8.2742692980844096e-05, 0.00093226586245142131, 1.735930385086383e-05, 2.028478718447553e-05, 2.6492997757984733e-05, 8.6932345376631375e-05, 0.01305084807540547, 0.0024153299785305052, 0.0036075622445638123, 2.9367218578433675e-05, 0.42981015534037104, 2.8916404144710912e-06, 4.9729328925475518e-05, 4.0770247009061857e-05, 0.0074350148382673021, 0.00017780321196050468, 0.00051621895166761855, 9.5738453365415844e-05, 0.0023464162650932161, 0.0072419428793412746, 2.0324310568413333e-05, 3.5076531722337377e-06, 0.0011319302741724586, 3.6267014206259511e-05, 0.00025617180869230797, 1.8904515382903666e-05, 1.8869369490581481e-05, 2.4553357685455199e-05, 0.05535930011303769, 0.0072779376586650738, 0.030029030122655169, 0.044144514212935214, 9.6619200560075483e-05, 1.5030291964293384e-05, 2.6495304894298711e-06, 0.056737215523090322, 8.3028092565437607e-05, 0.00011290416802278887, 0.031259746317520848, 0.00012277871071425379, 0.33337586816582704, 1.290768516100331e-05, 2.4772910514845801e-05, 0.0023518724363468598, 1.4304935447234807e-05, 2.453760147666195e-05, 2.331553996228103e-05, 0.0053593237237684905, 1.0285009667796683e-05, 1.0261006955358397e-05, 4.4814795112464843e-05, 1.0014243334676542e-05, 0.013260111898733272, 8.1375491391133349e-05, 0.012756852855629523, 1.4743051753454632e-05, 4.8003215075894751e-05, 0.00072019904836867011, 9.7848023340373653e-06, 4.9413849850519789e-06, 0.0096232502268170424, 6.0664388137501754e-05, 0.00080909919877185051, 0.0087736873741934406, 3.287192285072351e-05, 3.1988493792771143e-06, 0.0040633836870776607, 0.00017920718632978414, 0.0047667548297570328, 0.0021820203000944638, 0.00010530669005383123, 0.010977712907198754, 0.00027522217425002222, 4.9699268033125649e-06, 5.2265284031764283e-05, 5.2882842880409545e-05, 6.7810924052414179e-05, 5.6346170179355246e-05, 1.6573949715952194e-05, 1.1109786283017835e-05, 0.00034559779787534257, 2.8309238804683188e-05, 0.00015886194546070969, 0.00010865504486515445, 0.0024953845630372065, 8.079417327667971e-06, 7.999262360728448e-05, 1.7263364836753572e-05, 0.012498123334373288, 0.002477628232252034, 2.8854547867556018e-05, 5.6236267924774152e-05, 7.6216927201123988e-06, 2.3462612915450954e-05, 7.8107894266099546e-06, 1.1736986900812134e-05, 0.0024945383434424417, 3.3608100628728787e-05, 7.5361062420403401e-06, 2.1430631385819387e-05, 3.9961552285415323e-05, 1.7005648825027672e-05, 1.1452408271519282e-05, 8.4294029742804793e-05, 2.9870302258570346e-05, 9.4961168810677332e-06, 5.0231673165134172e-06, 2.2028844791135609e-05, 4.6445696904882442e-05, 7.8745045183885258e-06, 5.1838150924219193e-06, 0.00010538981835166343, 0.00010396287527431241, 6.5297346536665528e-06, 1.5308157105137527e-05, 5.0577957926145242e-06, 0.0001275810193917389, 2.8966646445097241e-05, 0.00053271074756930901, 1.0691507949469322e-05, 7.4981240639089986e-05, 0.0047059895539349646, 9.957260616053217e-05, 5.3792597843257412e-05, 5.9755155944004342e-06, 0.00010073788264071838, 0.0083716055222203146, 0.0019433997286604841, 1.2769773797652641e-05, 0.00049167697756447883, 0.0089453268815938985, 4.0506906474972119e-05, 0.00011583650690751785, 1.7011342225375971e-05, 7.5871954354810462e-05, 0.035264313625263444, 2.651175919006966e-05, 1.7739913383191757e-05, 1.1233010789487024e-05, 2.7495580936329326e-05, 3.2852482544009145e-06, 0.0035657279008251869, 0.00018821442115348437, 9.8689239841132096e-06, 0.00010253666853372958, 2.9616658412838023e-05, 1.5818067499827779e-05, 0.0022582992991494245, 9.6074227119209103e-05, 7.7106667128667091e-05, 1.8094980778106316e-05, 8.9858373989594589e-05, 1.9822824008926851e-05, 2.236350847842954e-05, 5.8458033367609065e-05, 2.0344770527210088e-05, 0.021979555757053168, 0.00024990525820062145, 0.00011965605881487408, 7.3039651315701869e-05, 2.0050097974779713e-05, 1.3689650790529245e-05, 1.8672739071935261e-05, 1.7780084137776166e-05, 5.5943362552855923e-06, 4.0483949974377632e-06, 5.3530418866504374e-06, 1.8266682445105138e-05, 7.8282885591524613e-05, 1.0271997155863887e-05, 1.0655732234502194e-05, 0.00032679878430084047, 8.5211736763794513e-05, 9.0238066452757385e-05, 3.990324819135082e-05, 7.649387086840918e-05, 0.00010959785919279103, 4.2721136238935951e-05, 0.032924130648754879, 2.1315731859123334e-05, 4.7081578624744037e-05, 3.6472828469443831e-05, 8.6592807087799398e-05, 3.7584124677442549e-05, 6.4978223523801763e-05, 0.0078693201729311893, 6.1043242428511459e-06, 0.0044940459837729749, 0.031084450075535872, 0.20119860746182042, 4.9226259821460881e-05, 0.0003709090596490253, 0.00078664664173896102, 2.6766134334006576e-05, 1.7194398900627206e-05, 3.3134064169278471e-05, 0.00021483104548655527, 0.0002057286414566887, 0.0001177316556874872, 1.5757706063491285e-05, 5.1462148431636017e-05, 2.7103364545261244e-05, 2.0923817102196163e-05, 8.8534394346651568e-05, 8.5742854715139546e-05, 5.9431061847053446e-05, 0.0041198740526470741, 5.5542018804558663e-05, 1.7118227572099218e-05, 2.320834028910224e-05, 8.2577896828750632e-05, 0.03279710814575236, 0.00027075297310376144, 0.0079595559942093799, 0.00041938374582448779, 0.0035704178498905483, 2.2633407060761819e-05, 0.00022974903189278874, 0.00036128590996753783, 5.093616625324119e-05, 9.0128357617572994e-05, 8.846551111218872e-06, 2.3727399514626969e-05, 0.00011025991545318527, 3.5877722553739255e-05, 6.5864766957960972e-05, 0.00038748079635036591, 0.0002750461133878663, 8.9256806427799715e-05, 6.3562376277068893e-06, 0.0001178459690799084, 7.7715390264123186e-06, 0.0052022795428300619, 6.6573125691905642e-05, 0.0029894825518041006, 0.00019662026860688798, 1.9435314032556702e-05, 0.021455410346773628, 0.041745844075475207, 7.5776430239463347e-05, 0.00038102931494827949, 0.0026346673034378315, 3.049160040062234e-05, 0.00011850030711599708, 0.01584381133794353, 8.8303476882568832e-05, 7.758282575521214e-06, 0.0017336021165472223, 0.00092328460642784123, 3.5232216226270542e-05, 0.0012930252214382837, 1.0329035181973243e-05, 5.2561246407826804e-06, 0.0048195303001402554, 0.018811191930917907, 7.7525124533565142e-05, 1.9562988079829809e-05, 1.5359789581164736e-05, 8.3337658884741806e-06, 0.00084169335466336142, 7.1730929442558256e-05, 0.00064987021500423131, 7.142893449399338e-06, 1.9616851606330708e-05, 0.0027882873580007683, 0.0066116406591416356, 0.00011972967782695231, 1.4312174356534444e-05, 0.0070975075222672948, 0.00010965256781157296, 0.00021864566493245892, 8.990779837813146e-05, 3.3513856375938366e-05, 4.1274710661494595e-05, 8.4085009806831229e-05, 1.9284894814740029e-05, 0.003261933066658266, 4.1003530068838066e-06, 0.0027570124013401305, 5.7480828843208089e-05, 0.0038096547162041181, 0.00055890552795217802, 0.0050036800741381201, 6.0068240352259349e-06, 0.0096764040688029143, 2.1007198034392579e-05, 6.6332166253800822e-06, 1.0373348326100509e-05, 0.0011835745576588219, 1.8501922034809995e-05, 2.685911936625985e-06, 3.3761049525205677e-05, 5.8163960532573564e-06, 5.1928493843889254e-06, 0.0025106348357641422, 0.0032169994555405119, 5.8424261114636664e-06, 5.3824087296844089e-05, 0.00072615621901873342, 9.4922338191831659e-05, 0.00019898297918648398, 0.00052877318615908604, 0.0049978623119433154, 4.3141291122500861e-05, 0.00051651427570988334, 2.821211543746787e-05, 5.1508868764716325e-06, 5.9134563144586254e-05, 0.0023642085258783435, 6.5652520206253217e-06, 0.051297982528981531, 9.6311293372969537e-06, 0.001711247809538668, 0.0029096151259780257, 0.00017996397691745616, 0.00018168281957598806, 8.2843229900867826e-05, 0.00015368472240528749, 0.00010987027888156146, 4.6556201771178746e-06, 2.2923396346856967e-05, 0.0019373377243292057, 0.00029026485507410466, 0.00026655844402448273, 0.00012663164808863204, 9.6613423793887896e-06, 1.9748875750443925e-05, 2.4990344650496506e-05, 0.00011716489947574256, 0.0012968576950279282, 4.8855803707844084e-05, 2.2074390946627213e-05, 9.999245737507198e-05, 0.0013880656109005669, 0.0087301080047041714, 2.4114451570963504e-05, 1.006405791224908e-05, 4.102226645021471e-05, 8.1153104592032572e-05, 7.4092513168335646e-05, 7.6586233717716311e-05, 5.6576824428825489e-05, 0.0023902684424073404, 2.2996171217932063e-05, 0.0043772388244622739, 8.9329981384134329e-05, 1.481981338355958e-05, 1.6656620777302949e-05, 2.7614839148403142e-05, 7.6063635647926974e-05, 0.00045190472932939304, 8.3677602822416746e-05, 1.9400845134122384e-05, 5.8338392367319607e-05, 0.00010979647962470759, 0.00014396586776407506, 5.2210665903475749e-05, 7.2066921167043873e-05, 3.5805564026452961e-06, 7.8421489563017919e-05, 1.0433781023111895e-05, 9.5796463916434909e-06, 1.4118174795467933e-05, 0.00048120441741606758, 9.3212980712943975e-05, 1.2849620070196786e-05, 3.5856080439908881e-05, 9.4207614279963899e-06, 0.00011548160099066904, 1.4175574745929064e-05, 4.6426148011247056e-05, 4.4529123281953656e-05, 0.00073495443369678455, 1.0304442250250869e-05, 0.0040410730737469487, 5.1000658569941155e-05, 5.5799289406628489e-05, 5.2775717443896598e-06, 0.00032861999050790529, 5.6727836448218037e-06, 5.4681268411594282e-05, 2.1261820428582122e-05, 9.5301404329982924e-06, 8.7281076236955801e-05, 7.1973021749124012e-06, 1.2918686101354267e-05, 0.0002403042293092423, 1.7820773391747846e-05, 0.00020340061051888741, 1.078107353635421e-05, 3.4949586809689714e-05, 0.010532697411101787, 0.011580192570335764, 0.00016960401396098353, 6.6502371787630421e-05, 1.7468785996213925e-05, 0.0011099565855920014, 0.0093488662111806207, 5.1701299157961932e-06, 1.0284259526255263e-05, 0.00036566078831939958, 1.2339306734793723e-05, 6.6967912185603824e-05, 0.00011939720776359686, 0.00012336681917087235, 2.6985222736551788e-05, 0.0002020139068927028, 7.6212579108874456e-05, 8.6818065319805155e-05, 1.4987181922212487e-05, 8.9559480438013823e-05, 1.5654523259623351e-05, 0.00013462830822255273, 0.0075158578137070583, 3.4877739447853065e-06, 6.4345488853867385e-06, 9.6867343117268938e-05, 0.00035914316440078284, 7.045374512408091e-05, 0.00043566548277952947, 0.018044560094720965, 2.6630056322255969e-05, 4.1872283622903092e-05, 0.00020469496774015443, 6.7947461964691942e-06, 0.069587309349849344, 9.6774058223956573e-05, 4.2243142758746226e-05, 5.212276361342564e-06, 3.5473950081898561e-05, 4.2794745028339143e-05, 1.0035485264581254e-05, 1.7050603327769588e-05, 9.4464261290391889e-06, 0.00011793818850858486, 2.6742207005550795e-05, 0.0015581020354423808, 1.3567455296332507e-05, 5.6982583375807552e-05, 0.00011247416565916749, 6.7528801179585109e-06, 5.6017701459782848e-06, 6.7502657663370972e-06, 9.8782970425756168e-05, 5.114628437101377e-06, 7.641133433128058e-05, 1.0555044543317847e-05, 0.0021280650361943129, 4.9487463986615697e-06, 8.3435401527999926e-05, 5.3034103165518318e-05, 2.4156234092740645e-05, 7.70758094665035e-05, 0.00023727643170320308, 2.1150288467384344e-05, 2.5690550036167569e-05, 0.00026723707222508022, 0.00011142938538658612, 9.729739441263243e-06, 3.1860470790323775e-05, 0.0037566366275240733, 0.0022109140979232936, 0.00011017478035445088, 5.8997039259799816e-05, 1.3240215344473353e-05, 3.2747958766079803e-05, 6.7959796463933344e-05, 2.6047545328402416e-05, 3.1916823530478183e-05, 0.00011629882814604446, 1.1408054271253386e-05, 0.00010478692488640058, 8.2782576563700586e-05, 3.3865030118512733e-06, 0.0024081110444330671, 4.6737345280499291e-05, 1.1311469762484109e-05, 3.8996657082637981e-06, 8.3828514356160187e-05, 0.011001007521219916, 6.2310809796267367e-06, 0.013901224728248987, 0.00010581886592331726, 1.1045393269457046e-05, 0.00016289521609321781, 8.4483133736329598e-05, 4.63132365926454e-05, 2.0298151625899768e-05, 3.4731447896650056e-06, 0.056514494094571044, 0.00059592244517823827, 0.0055764229736372942, 0.00012391856210477255, 5.4814172618228306e-05, 1.0296324658489075e-05, 1.2463773788141398e-05, 1.2218168216731535e-05, 7.8704290911251184e-06, 6.7179318017923842e-06, 0.019652771212611369, 6.8663341821442314e-06, 1.0423495646148644e-05, 5.2903446632364187e-06, 1.1045758605226042e-05, 2.4857753251559245e-06, 0.00010415786961529611, 1.1035513801722448e-05, 8.0470498208778727e-06, 8.0202323527029835e-06, 2.4022700337002535e-06, 2.4118519903968149e-05, 1.1429145806196722e-05, 6.9785504169398054e-05, 0.00016023103333543949, 6.8700038116047119e-05, 6.0776783467346699e-05, 0.0011171399936336654, 2.2302059610054893e-05, 0.0001226636198514955, 0.00013166159373719218, 2.5703964992237083e-05, 5.237264926617486e-06, 5.505875231305605e-06, 0.0010868886104290416, 4.3397077542622102e-06, 2.5908251892667359e-05, 2.7597081021440909e-06, 7.6222897768521779e-06, 4.7722692290476296e-05, 3.3567639431600116e-05, 9.2761812460429461e-05, 0.00015084969142859972, 4.461144649894737e-05, 1.8832173654162825e-05, 6.2211291647058562e-06, 6.3695026492443423e-06, 5.0006221027191004e-05, 1.6709018661254639e-05, 4.7512617914435663e-06, 2.6896720392416128e-05, 4.4094137577127562e-05, 6.1690304815252024e-06, 0.0049214180237898619, 6.0077190933241488e-05, 0.0042967790235446781, 6.8937784519823136e-05, 6.1098512101816932e-06, 1.42793161122191e-05, 0.00012909127097059393, 0.0010126407032555373, 0.00029757174363072742, 0.00061947632258692396, 0.48714268432348412, 1.3821585848400774e-05, 2.9811805009290869e-05, 8.1743999775254263e-05, 1.1258513111565526e-05, 1.0581399072509683e-05, 3.4545241036848659e-05, 1.0808399354663395e-05, 5.3289441784398023e-06, 3.1734015336945457e-05, 6.1444822834435953e-05, 5.2706105921043878e-06, 0.032769245072991553, 1.407470042736369e-05, 1.5472909447232502e-05, 3.3617988023880904e-05, 9.4213743166924085e-06, 8.4083483698940535e-05, 8.415920982080608e-05, 0.00013192915082095897, 2.4816620647533381e-05, 5.070695712458898e-06, 0.0014213136910324684, 2.849711567367669e-05, 8.3913839781016066e-06, 0.012205982228681921, 8.2821646266589016e-05, 1.989421220274341e-05, 0.00072387406828251192, 4.8649640551369299e-05, 5.2522834289549645e-06, 4.6912621470848849e-06, 0.00019328585360333506, 0.00012859683993985253, 8.6389318091435667e-05, 1.1349950589299705e-05, 2.1102310790709549e-05, 0.00091287681649701612, 0.0023715239505349372, 1.2516104105894583e-05, 1.1018188038793092e-05, 1.7611863945396998e-05, 0.00039768845543195115, 6.0543350254749249e-05, 5.4479235021827437e-05, 1.1987173359318612e-05, 6.7046591322785762e-05, 0.0022356227631640836, 4.500228715025653e-06, 0.00047975690702551954, 1.0045400737678091e-05, 5.4818916034114769e-05, 7.0085091488046987e-05, 7.1866851027696486e-06, 0.00054410811581673377, 1.0103716266091357e-05, 5.1420897397673721e-05, 7.2797170973521136e-05, 0.00023180243164418985, 6.4784263856793543e-06, 4.4919452499385124e-05, 9.9593398820813363e-05, 2.6481443534041288e-05, 0.0023852869306660446, 5.2356210011599848e-06, 2.5071711352731041e-05, 5.7440040794232383e-06, 0.00011960580487956827, 1.4403046139679141e-05, 1.5379929541589591e-05, 2.7162602087069314e-05, 0.0020997946187167097, 1.3694385725392641e-05, 3.4288548553334505e-05, 4.1141613436168835e-06, 0.028583966857705524, 0.011993110643886971, 2.5622095548086183e-05, 1.0560381299687929e-05, 5.7618701985926361e-05, 2.4141525679130801e-05, 0.002411312204261645, 0.00010556662091760378, 0.0016850624272730856, 5.8752461513595057e-06, 1.5977879546449205e-05, 0.00041602754675489946, 0.00078488808099427029, 9.2200186166194424e-06, 0.0007633491092793761, 8.7246613455157333e-06, 0.00041155210973699746, 4.3670185307347511e-05, 9.3186378955843212e-05, 5.2996268030916003e-05, 0.00029055759637924746, 1.5731822454314274e-05, 3.8543944636057927e-06, 1.6502502688225415e-05, 0.0077265297349054778, 0.00013181266801188453, 1.7276683128625917e-05, 6.6647231525675917e-06, 0.00012226621129205744, 2.36721467977889e-05, 0.0001061824780411311, 0.00030559182941233864, 4.956268452085759e-05, 3.12162616983179e-06, 7.6256179553060757e-05, 5.4830484932532493e-05, 5.1958634011362555e-05, 0.0003983653728540382, 6.335115591550613e-05, 0.16278934719894525, 1.1303463795581323e-05, 6.5970657006560993e-05, 8.9489775062545611e-06, 1.5027789467303901e-05, 1.890316682281783e-05, 5.2418846479861289e-06, 1.0412760700106438e-05, 1.281218791655464e-05, 1.9801032962893051e-05, 1.1773955643461051e-05, 7.8293289751911948e-05, 9.1015980952423418e-06, 2.8512002707324339e-05, 5.1903668156771756e-06, 0.00011443696899701705, 7.3126081880624355e-05, 9.6005638171898095e-06, 6.7753754282750339e-06, 1.0484305852739875e-05, 7.74996870061258e-06, 7.034893917952801e-05, 0.0015763997711777569, 0.082272309651161127, 1.0663950938913779e-05, 9.082624753878442e-05, 7.7100728503256381e-06, 8.9095600615138557e-05, 6.6430904492509291e-05, 0.00038730158552166815, 3.9633407057024516e-06, 4.6789830405624992e-06, 1.9246423589968719e-05, 4.8548159090565398e-05, 8.3155092921363433e-05, 2.9062786112848269e-05, 0.00010641989339122717, 0.22292968901208543, 1.0371961848781418e-05, 5.3110406105445916e-06, 9.443229147886639e-06, 6.2692001664390416e-05, 1.0239724918030207e-05, 0.00021622597349838245, 6.9430935454998705e-05, 0.00011531310165847061, 2.1539072777817865e-05, 0.00012960006445830594, 0.0020301268452537222, 2.4270423554160898e-05, 2.4095895260799683e-05, 9.5264183110910333e-05, 8.5275717901818937e-05, 0.027726984494719231, 3.4534000074335691e-05, 7.5518214141525636e-06, 1.1242196129551182e-05, 7.4294166334363645e-05, 0.00013081802395090771, 9.0589010134021771e-06, 1.3661191158769517e-05, 6.7587025956604294e-06, 2.1720536843391886e-05, 0.0012534216056753124, 2.9320014862592901e-05, 0.012186604032128149, 2.5919214971767069e-05, 9.2187599523034383e-05, 0.0003798954139940175, 0.00047089722559344563, 0.0022011035211398243, 2.7156082990429642e-05, 0.094404209509615034, 0.00090094039056397941, 1.5196950211366212e-05, 5.9506674709751512e-05, 3.8914236119544578e-06, 1.8483357090824462e-05, 5.38720910726871e-05, 0.00011943993074585545, 3.42753511334125e-05, 5.3591325688141755e-05, 0.00011211181321135704, 5.3464370544262872e-06, 1.0806793112870558e-05, 0.0021788263177814292, 8.7110764043823124e-06, 0.0027588346933478235, 3.640224674488295e-05, 0.0003058405360540933, 2.93888173362406e-05, 4.9228947033829265e-06, 4.7759507234138956e-06, 4.5110681302489333e-05, 4.0558578837982534e-06, 0.0059402400517430572, 1.0637290183762991e-05, 2.1840518281440708e-05, 0.00056380894364185677, 3.4271204748428576e-06, 3.9940850514259038e-05, 7.7719548829667584e-06, 7.2102688001324943e-06, 7.3609635145976238e-05, 0.00013265771257508442, 7.8819879623431282e-06, 7.3110098416469184e-06, 2.6602630025307414e-05, 3.4524036818631565e-06, 1.3412485616631662e-05, 2.4863669412450831e-05, 9.5189219924184366e-06, 0.00038233052975954836, 5.4881563996795134e-05, 1.7660248445259381e-05, 0.00052784005851650763, 2.8986765181836262e-05, 3.2264909194821686e-05, 1.4611743444875504e-05, 0.1460712666570925, 1.6838773442958734e-05, 4.6851848544101496e-05, 1.077152813573765e-05, 1.478850199379547e-05, 1.9280439322840248e-05, 6.3899043637237479e-05, 3.4438527469838682e-06, 5.3616632006047851e-06, 0.0015438709758283076, 0.0004836973295675312, 1.1184417182431379e-05, 2.4712542206781555e-05, 9.071719304836155e-06, 2.1907813849491992e-05, 1.4634895416554328e-05, 0.00054378666313480368, 5.3977407023215067e-05, 5.0132489613080868e-06, 1.994999912732681e-05, 5.40452908904796e-05, 7.1011153910696472e-05, 9.8401276387270162e-05, 0.0023980591351549178, 1.3055556520767842e-05, 1.4530623268057499e-05, 0.0012251002045365641, 4.0157562835183864e-06, 2.5301947130708908e-05, 0.02324772178053915, 5.2817524374120385e-06, 1.8996183660379666e-05, 0.0093000916936269232, 6.085181297170584e-06, 2.7836393207992126e-05, 1.4683076586606739e-05, 0.00011822885994847493, 1.3160141977840454e-05, 4.8231182763908912e-05, 4.8449296931821163e-06, 0.00048260347000351908, 5.2568568161558141e-05, 4.7150007703262506e-06, 1.3938463335334075e-05, 0.0047821276754096888, 8.3733084534324927e-05, 1.366372649517447e-05, 2.7745990521813655e-05, 0.46759922941857385, 5.5071872893128096e-06, 0.00026860268949937887, 0.0028209222808164547, 0.0003378100939665468, 0.016513877642175465, 0.00086748975146304602, 1.6016239421910778e-05, 9.3434815019759378e-05, 8.2561145699936394e-05, 1.9436124656052169e-05, 0.00023586001921100904, 1.9684754234372857e-05, 7.2215936982466535e-05, 0.00075117013594414082, 0.0032085038065542905, 0.0036131851207445624, 0.032749104447237637, 6.302993779500804e-05, 1.1843012419330597e-05, 5.5872608084606997e-05, 0.0061565490210824577, 9.3760820503999227e-05, 0.00011498091965584426, 0.026921595490771739, 9.976750246967452e-05, 4.9220295226881712e-05, 5.3702946504118783e-05, 0.00011159499400160103, 0.00010001768913861244, 7.1655545472043677e-05, 2.2617234807167847e-05, 0.00013927838392658654, 0.0054821011000794921, 2.3573570014414548e-05, 6.3366653210872439e-05, 0.00015369485379868698, 1.803846667602634e-05, 0.00013616768136408999, 0.020691682968899349, 6.1528061409347521e-05, 1.2938281574289649e-05, 0.00010175142004087221, 4.0773854264489101e-05, 1.1787087911244357e-05, 4.8808018983345973e-05, 1.7839930310278635e-05, 5.7378380138939891e-06, 0.00010555092629108769, 7.5740672105286251e-05, 0.00012541388600913788, 7.401201460872445e-05, 2.8384433085669332e-05, 5.2338193061444794e-05, 0.00022015433808930776, 0.00014254942987634126, 3.1992217450453199e-06, 4.6137480013487294e-05, 1.1170515981002086e-05, 6.3418834932288761e-05, 1.9315101977304406e-05, 5.6786531528653727e-06, 1.4378590217498461e-05, 0.0013294401749214685, 1.2888901670231166e-05, 6.3949808698137078e-06, 8.584173900339266e-06, 1.0423641692460537e-05, 4.846990944935844e-06, 1.3994144129411256e-05, 0.00011713066678085812, 0.00029080085657001644, 9.1722483352763789e-06, 6.2898017958157928e-06, 2.830109655668649e-05, 2.9354529769145531e-05, 0.017449648352432717, 1.5636088870426393e-05, 1.1513173130651066e-05, 2.3802953950510975e-05, 1.8957765387765423e-05, 0.00012279575297047379, 5.5519777670667922e-05, 0.00011153753796369158, 0.00017461418761035088, 0.00017252557507243496, 0.00011560194873127496, 0.00025276795420877042, 1.0007932916333253e-05, 7.2583798953485082e-05, 9.4978635310863949e-06, 2.6171242995613283e-05, 1.0084639041147029e-05, 0.004530701319406966, 9.9536333700763105e-06, 0.00013021924279850959, 0.020565417957422276, 3.037554784472775e-05, 7.8774895688902924e-06, 3.731981684828936e-05, 0.00031521595732017949, 0.00010904645134926903, 0.00027330948340168013, 8.1059419722705062e-05, 5.5398819029005424e-06, 0.0041392666307920557, 0.0030821437400666944, 2.4716688570373451e-05, 2.3351164319140069e-05, 4.5331279285824546e-05, 0.091579693242165389, 3.7022586712223786e-05, 1.8438065310479127e-05, 3.3764981127610278e-05, 0.0076232319976070858, 0.00050696829657415868, 0.0031487470407483534, 2.2887600689285439e-05, 1.9599441979866056e-05, 7.9153337754069917e-05, 0.00073132193870342559, 3.6825094427438199e-06, 3.1650705304081493e-05, 8.1639532327343822e-05, 1.0393847643193835e-05, 2.0076341914492764e-05, 2.6155009262948118e-05, 9.0439652652160715e-05, 1.9942924245730506e-05, 1.9728160787991907e-05, 0.00046364432970802042, 0.00012903272561729827, 1.8225980896366775e-05, 0.00012575823707059724, 0.035330166000337795, 2.5245975806523641e-05, 6.5157326200249036e-05, 0.00020078025825654135, 9.0041539367695056e-06, 1.7767418169105223e-05, 0.00012456690252221254, 7.4047543933694572e-05, 1.7352606969429906e-05, 1.7714010248320283e-05, 1.038738725985339e-05, 5.6081314812771829e-06, 3.7394230713079622e-06, 1.249366278657059e-05, 1.2724934755218684e-05, 2.1663193468551325e-05, 0.00039771349317497092, 1.9598293154373716e-05, 0.058046786810109753, 0.00016905770813837716, 5.1394712368125231e-06, 0.029055636656808787, 8.7256269083343341e-05, 1.075332019188164e-05, 2.608681709923307e-05, 1.2115763006513452e-05, 0.0026474225663677361, 4.4343587783944171e-06, 8.37489007280414e-05, 4.9551623304774751e-05, 9.2786906957218284e-06, 6.8919420560824591e-05, 1.0675129596201233e-05, 0.034516522775684046, 1.1688978490045436e-05, 2.8389130703550334e-05, 5.2204432570821653e-06, 0.0019300745180886893, 6.648925079377576e-06, 0.00011053317433723616, 0.011839849066057031, 4.4471834894912545e-05, 0.0071197813737112793, 8.3459363288414164e-05, 0.00021131742145626383, 1.6650840717966427e-05, 0.00017584956927177938, 0.00018204180808207126, 0.020315890072769821, 5.9707478614101174e-06, 6.2762269297983537e-05, 0.0025409547149006497, 1.040954887537993e-05, 3.5427711631913992e-05, 0.3892177415205566, 1.0835219748262524e-05, 2.4007719169122985e-05, 4.7549255726105219e-06, 0.00011440063985453572, 0.00087840893910908207, 1.8598267934685178e-05, 0.19231101892186009, 0.061483703699658776, 1.6617608970611226e-05, 6.6839237102170215e-05, 2.4774879994661125e-05, 0.00016724684115048096, 8.2083842641368242e-05, 0.0048132765261268504, 9.2840222650678051e-06, 1.0275011509948121e-05, 2.1252660322767273e-05, 0.00023907027803400318, 4.6218972118544944e-06, 0.00020559824660470563, 0.00026722368898549808, 8.6154257548964986e-05, 0.00079330861150720105, 1.0167516870914515e-05, 2.2562206731353992e-05, 7.8143701937955867e-05, 1.8650045130434708e-05, 0.040236267419974055, 9.8959147904540109e-05, 0.0087649087761322783, 4.8610474348294405e-05, 5.2004808142627086e-06, 7.1526272932489481e-05, 0.00011067388151663494, 2.4911054449921215e-05, 3.9985905301880154e-06, 0.00017092983137566471, 4.183264981216732e-05, 0.019573643968898689, 1.056749250553107e-05, 0.00067841638372792773, 5.4432187441862829e-06, 1.7003687474302576e-05, 1.0395691961278247e-05, 3.2714315993822145e-05, 1.6278790021330204e-05, 1.0230303621162654e-05, 9.5912465029789195e-06, 3.178389238356686e-05, 0.00023877134686264642, 1.3468642450431174e-05, 0.00043704188495067241, 0.038190862639282536, 4.395779465064526e-06, 0.00033723367846471062, 5.5867285727508174e-05, 0.00033190484066118422, 0.003701976895673031, 5.47357088765719e-05, 2.5306764406716115e-05, 1.8977587251811772e-05, 0.00028266285713081558, 9.064294053448493e-06, 8.2627178984921482e-05, 8.9929071194375738e-06, 2.9673121015658783e-06, 4.4009377703175097e-05, 0.059206655329494054, 2.6986497704320704e-05, 4.2708608200514804e-05, 4.2617492984695277e-05, 2.1282358816923148e-05, 0.00012903655179156005, 0.0064700956756191114, 2.1421635075479202e-05, 1.3621696099785243e-05, 6.0297757171859407e-05, 0.00013570038517657143, 0.004744776730981161, 1.6092541594521344e-05, 2.5513994734911671e-05, 1.5062039277022966e-05, 4.4826784960823264e-05, 0.36550147680695955, 3.5080635698963036e-05, 1.0395927331710269e-05, 0.0013435182223520594, 9.5187389609752455e-05, 9.5544418835500911e-06, 1.0595913214284543e-05, 3.381609199153775e-06, 0.006093891692901727, 7.7881324956179273e-06, 2.8534852964341395e-05, 2.0694571153385348e-05, 0.00019493393899283365, 5.2131083501400184e-05, 4.4540123478383988e-05, 0.0028260015471996643, 0.0047618889063767321, 7.8272714578014004e-06, 9.700672244545536e-05, 0.00052105333143022024, 3.3609272950875437e-06, 6.8407593163012744e-06, 5.7967452716118376e-06, 5.7695078018689967e-06, 0.00011648226509178285, 0.00019245222783456157, 2.4643107253839668e-05, 0.00010710862794284504, 1.7971203685806155e-05, 5.1679214696521925e-06, 4.4518643357676991e-05, 8.6842933724754101e-06, 1.0490925672680646e-05, 3.9681906425312814e-05, 0.079711706448257522, 4.8201478701896998e-06, 7.4915112428416679e-06, 2.2140952850263818e-05, 0.0072312213867446202, 3.7048667355463576e-05, 1.153462102686547e-05, 0.00018847636300990393, 3.3779344548418228e-05, 5.2265039386306435e-06, 0.012586303528262134, 0.005869927499231575, 5.6491937981887077e-06, 2.8420507084965444e-05, 9.4073509142133891e-06, 1.5523379985741498e-05, 6.8111815586188756e-06, 2.7825910058043402e-05, 0.016317278367026847, 2.0956773986916215e-05, 0.00015358448648162667, 2.6940801174181881e-05, 5.2444325489422835e-06, 1.6460503220107167e-05, 7.5413219324041894e-06, 5.6084034404554244e-06, 1.2767556907936618e-05, 8.8672294284499812e-05, 6.0706411466994103e-06, 1.0509802112142001e-05, 0.00010232606047769235, 2.6258168826337047e-05, 0.00023610577272089697, 3.2281198814795612e-05, 2.5139841791209734e-05, 9.6484715708314255e-06, 0.0027131074733767859, 8.4111539264109816e-05, 2.2926169078514871e-05, 1.0129098713456989e-05, 3.5369761176915146e-06, 0.00015640335770859037, 1.3742963096191419e-05, 1.7960834142720507e-05, 5.5839743922277211e-06, 0.015246868920510895, 2.8779532792236165e-06, 5.104234682011896e-05, 1.6982724553161607e-05, 3.8909306177103591e-05, 0.0025198701533541935, 1.0332484501313834e-05, 0.00016549381157607068, 2.2241222587812835e-05, 2.181277808820177e-05, 0.00012420608106505771, 1.7639730855866818e-05, 5.2504093899154053e-06, 0.0007323276693134552, 0.00023080609308262709, 0.0055886307899246594, 1.170527304668741e-05, 0.00012173407167152466, 6.3015036825900382e-06, 1.7318034348123141e-05, 1.4945630184181333e-05, 0.12379213553588199, 5.6781818123691457e-05, 0.00012078567878968431, 0.0034248323619214213, 0.00015747286967702619, 8.2772856571748677e-06, 1.3897764043377271e-05, 5.8236540982809022e-05, 1.8898535774218327e-05, 0.00016519425867250813, 5.210863018397395e-05, 7.9508244076511686e-05, 9.202880699373683e-06, 8.0636958036483321e-05, 0.0001109368454728658, 0.00018341663451594689, 0.0033160664277014293, 2.7107325753988749e-05, 2.9981192700904543e-05, 6.1412823619740186e-05, 7.9967327874040437e-06, 1.0308695717393635e-05, 1.0866879256254946e-05, 5.6385623026894437e-06, 5.9286840865532037e-05, 5.0299393199938982e-06, 1.9485948383197333e-05, 0.00077412622630456751, 1.148396457837086e-05, 1.4088731834125132e-05, 0.00079945446611329662, 2.122506147039119e-05, 1.0024328255249297e-05, 1.3750027419538779e-05, 1.5344799721416999e-05, 5.4217433470480928e-06, 1.7833558314277294e-05, 6.6130253375003154e-05, 2.050771712739447e-05, 6.6404026293245775e-05, 6.8894242990754642e-05, 0.0051477595032561017, 1.9952463894769543e-05, 2.4273985388515528e-05, 9.0502695869209882e-06, 5.2560053912886908e-06, 4.5171412478346629e-05, 5.4460292937976289e-05, 1.1189139056208194e-05, 1.3009412492312451e-05, 8.3736509198739108e-05, 4.8587605246064141e-06, 4.3102169861366084e-05, 6.966104255016501e-06, 1.6374317373818523e-05, 5.6121367267734894e-05, 5.3155254584947845e-05, 0.0053445199056095655, 2.7330955208769562e-05, 0.00036840342603782335, 0.00077997134965371491, 0.00028110283529727783, 0.0019810146374149764, 1.927926864673597e-05, 5.2394751237710923e-06, 0.012384624254467855, 1.3181001737709587e-05, 8.816385184256261e-05, 6.8253760008327614e-06, 1.6448088609472393e-05, 0.00016020148383448821, 5.0532406576879531e-06, 0.00071824401521404578, 9.71475713641492e-06, 4.1857882460505854e-06, 0.00051194325262248158, 6.4527759681065715e-06, 7.076119667588899e-05, 0.00015995950333117705, 0.00021700405698636124, 0.00033855813966122397, 2.1232610590711495e-05, 7.2828215849151244e-05, 7.3848162090588957e-06, 8.9722186898829206e-06, 0.00012311236059837853, 7.4573379326031337e-06, 4.2480684529902454e-05, 3.330934181948003e-06, 1.7420972904419878e-05, 9.6790119774045296e-05, 9.1456151378537299e-06, 0.0048277138949780361, 2.7864804924399885e-05, 7.8396694349487764e-05, 0.00013403635917555556, 0.00010573693424739401, 0.001307314987786545, 0.00020266191450409238, 0.0042945506308058809, 0.00024119885043749951, 1.3594334400974129e-05, 2.0835405844661147e-05, 0.00010109814486518892, 0.0001918186098178299, 2.540616745650443e-05, 8.5747984191137632e-06, 3.291135323530111e-06, 0.005968228193601691, 1.0740207634567567e-05, 0.0011520330337200547, 4.9792956510100184e-05, 0.026153593080901368, 3.579731551670452e-06, 1.8785615192465137e-05, 0.000129062995294708, 3.2632639447628445e-06, 0.00020676521570602748, 0.0012127260414891879, 3.5333071976015082e-05, 8.4424838410397725e-05, 1.1152075481388905e-05, 1.3246077888001773e-05, 3.7201531033847224e-05, 1.0303940233187461e-05, 1.4558258918730115e-05, 0.00011336518743294656, 2.1105344302410122e-05, 8.419966052050175e-05, 1.9956802645459334e-05, 1.7068349114560557e-05, 9.5147558909251402e-05, 4.6391432801015242e-06, 1.0429791185611019e-05, 1.0558552073162748e-05, 1.554415829824081e-05, 5.238194781387697e-05, 7.3560037791300998e-06, 7.2543472576458101e-06, 5.7407026732189888e-05, 2.9397929989223275e-05, 0.030598564347733861, 3.3480768599815721e-05, 7.8248535835230353e-06, 2.3941129143707454e-05, 2.7584854746052005e-05, 4.4054928919949962e-06, 7.5983603200653334e-05, 1.1555635449252261e-05, 5.9481159805164155e-06, 0.00021103228755970814, 1.2877992477413923e-05, 8.0237262256807983e-05, 9.9707189447423179e-06, 5.2467712778469383e-06, 5.2507433221909032e-06, 1.1875147822195471e-05, 0.0010682524892637055, 1.7728877262466155e-05, 5.5025018859840335e-05, 4.1618762186314361e-05, 0.00025534279416208991, 9.8140091818096768e-06, 1.675742729326673e-05, 7.2388318403714472e-06, 0.00037272949962176765, 7.2878231017809282e-05, 6.0766262485592514e-05, 7.049093750845335e-06, 0.0011603843001363071, 0.00045405381179210923, 0.038075126159807599, 0.0002246451038493477, 9.7232879451311803e-06, 5.2568382599024816e-06, 5.3466675488107219e-06, 1.0539560394497151e-05, 3.9372161537656957e-05, 5.1340294874709116e-06, 0.00090094793294526383, 0.00064715679966358011, 7.7141862229404369e-05, 0.00049549872584476269, 1.045715503585531e-05, 3.3617153161644193e-06, 3.3357767892683562e-05, 0.0020136341408859091, 0.013239022187679531, 0.0001589315056595101, 3.4951908407838073e-06, 1.6665933437105721e-05, 5.5020867227879474e-06, 1.0324614049488745e-05, 3.1820475735810863e-05, 9.420557503593791e-06, 1.488778406072929e-05, 9.2573626051551471e-06, 5.8880400701234805e-05, 1.9082034792957965e-05, 1.8928485179754773e-05, 0.0012177633873302887, 0.0001074269885209682, 0.00063540963620526802, 0.0010394009435535615, 2.4844773115815715e-05, 2.1415331452339314e-05, 1.0169671599401731e-05, 1.9628821655975842e-05, 3.9121336515466746e-06, 3.3411032960643962e-05, 3.2828519464931578e-05, 1.6547263675686129e-05, 0.0093145318912655501, 7.3193812029096866e-05, 0.00027927511899539394, 3.7775290432959824e-05, 2.1727406867614219e-05, 0.022740147258533204, 0.00058571915594774436, 5.5769937397679264e-06, 8.2064732371011335e-06, 1.0055723033173528e-05, 1.9229366058597915e-05, 3.9787775547466705e-05, 2.7270074062453498e-05, 2.9982790903856189e-06, 2.5522792319420611e-05, 1.8854431279325491e-05, 6.9472821921168023e-05, 1.6895900162843296e-05, 5.2059037651372943e-06, 1.3654192092659284e-05, 5.184151309226282e-06, 3.1463878137253465e-05, 1.5625273664027285e-05, 1.3618414576899803e-05, 1.2678279522994743e-05, 9.6383212649986922e-06, 1.0085055602509404e-05, 0.00037231547359926702, 5.9591301073008503e-06, 1.0248109072729805e-05, 9.2114376521063215e-06, 1.8941982657997728e-05, 3.2374858926584631e-06, 1.4045502780886689e-05, 8.4459242303645612e-06, 2.0804497350810407e-05, 0.001199874050489708, 1.0388609221299672e-05, 1.0438873011022755e-05, 6.3755329206621601e-05, 7.8635193875195502e-05, 2.8071241900325674e-05, 0.011589049482024648, 7.5074890467872146e-06, 9.7111140663571972e-06, 1.059018133170796e-05, 6.2157740958049225e-05, 6.9646140760915026e-05, 0.00064591795655265173, 0.00322429670221411, 0.00011493633230489288, 1.1440502788575384e-05, 1.172603351333931e-05, 4.9148716398896229e-06, 5.2578293183304374e-06, 0.03066484133828809, 2.2841490699561964e-05, 4.7884194106448489e-05, 6.7309634873508246e-05, 6.3980082178031098e-05, 1.1901648715807721e-05, 2.0781936753264093e-05, 3.8472273244978632e-05, 0.00013961504854215925, 0.00020705958865316579, 4.9359943280364347e-06, 5.1994143503928965e-06, 5.459555069159607e-06, 3.1289178773287265e-06, 3.4590096713991253e-05, 2.709335665929976e-05, 5.3560736051754825e-06, 6.4389952754615338e-05, 6.9083412374364747e-05, 0.00021015810871850986, 0.00019803530073849284, 7.4282965938768963e-06, 1.1683472608650328e-05, 3.7301682332973069e-05, 0.00013049523656149818, 0.1048286660343193, 7.2067587663442476e-06, 7.7905139096723482e-06, 1.6744974347270327e-05, 0.00029002308994674356, 1.715419052466317e-05, 5.2522304404604257e-06, 7.2841698765521292e-05, 4.5692087675480468e-06, 0.00020867709015263858, 0.00073523159298261769, 1.2539860829988966e-05, 2.0905824137150143e-05, 3.4005929411858223e-06, 1.0384416996243759e-05, 6.922278330796856e-05, 0.00010176544091008557, 0.00011845555471902217, 3.9782561053795118e-05, 3.7290442684309712e-05, 9.832963971186628e-06, 5.9556199529383044e-05, 3.6726776219079295e-05, 1.1412502808859629e-05, 1.3074179479646532e-05, 0.021651663540206874, 5.3874247672269554e-05, 0.00092181847989120113, 0.04349823526991714, 2.0109215324287517e-05, 2.3750402465414624e-05, 3.6844510502570137e-05, 7.078990631790994e-06, 1.0385797281403757e-05, 0.0036163221693864028, 2.5848067007387771e-05, 4.2496315864532197e-05, 3.8736898565076495e-05, 1.7394756153136185e-05, 4.6050938653593243e-06, 0.00073950807667206252, 3.3991527787277885e-06, 5.2052768426603431e-06, 0.14697582673718756, 6.5939628271014295e-05, 0.00066445610677392977, 2.4153047838310191e-05, 0.03057340598590182, 5.9072657559896845e-05, 4.1286492059632072e-05, 1.5367991332236227e-05, 0.0042788299262651857, 0.0092541319781839562, 0.0001476595601288889, 8.497702614417108e-05, 4.4217476926587531e-05, 0.00018996083879392915, 0.00019004087772735487, 1.9766567009608773e-05, 1.9719282622067492e-05, 2.2560190351324408e-05, 0.016815217553696742, 1.8471392432159935e-05, 5.9984910995403321e-05, 6.3400722901461917e-06, 4.2841308904173689e-06, 0.0001697773018725994, 6.2083090095011131e-05, 9.2903459094205334e-06, 1.0032247962336038e-05, 0.0008884388245793362, 1.8812300769826442e-05, 0.00025126529812719115, 8.3296934100864495e-06, 0.020908579207599642, 4.2960909658602257e-05, 4.1283854774033146e-06, 5.5246500226079757e-06, 6.2783474031999529e-06, 0.0026348325048413572, 5.2926572041800253e-06, 9.6882072757836013e-06, 9.14152731906518e-05, 2.693203371091131e-05, 4.1686456162262066e-06, 4.9539314240496596e-06, 4.8030982406531812e-06, 1.4327662650717157e-05, 6.3057985201526857e-06, 6.3443823618221376e-05, 8.4799537524123572e-05, 4.7116612828005233e-06, 5.2448117789142995e-06, 1.9899108593909476e-05, 0.0020144129481414583, 1.7271151067280597e-05, 1.538388745792896e-05, 4.2570140019550649e-05, 0.00070495117325252658, 0.0046228190722482371, 0.00023831987703488693, 1.0833384782174432e-05, 5.2479896454534405e-06, 0.0001395470133115927, 0.029392387081597211, 0.00066465933895291441, 1.7179126174526484e-05, 0.0023942158908302771, 7.6606728567424942e-05, 0.0053280229398475921, 1.8005069210254082e-05, 1.114276178510307e-05, 3.8203735882885335e-05, 2.6477718562401178e-05, 7.1608036617564595e-05, 2.1314773297589862e-05, 0.0023410452408644056, 1.0115873842884621e-05, 7.0878691727635324e-06, 4.3434102005891711e-06, 0.00022335518117847864, 3.4929500055518434e-05, 0.39231951254068387, 0.00015003978974075007, 0.00014829954839230781, 0.042623596113713885, 6.8671082666281813e-05, 0.0018594600068446178, 2.7459294703936533e-05, 1.6412600401554711e-05, 6.2946862117786452e-05, 6.2681968180234371e-06, 1.1208443783256344e-05, 0.00065210220456994724, 0.00036021381423545523, 7.5357526976275595e-05, 7.1487217667834578e-05, 6.4069811335484703e-05, 2.365275397356568e-05, 6.5141619175996503e-06, 7.2484783526297452e-05, 3.4125072091452168e-05, 8.4728627460762865e-05, 2.2165182478981529e-05, 0.00020003013395149231, 5.4599881487316129e-06, 8.2495723126292721e-05, 1.1390714357208308e-05, 0.00079680942690721162, 2.4820965280580903e-05, 0.00075476933297579263, 1.8777205610340802e-05, 0.00070701672514387397, 7.8301554150673998e-06, 0.0012259374385025722, 7.7091648245232454e-06, 0.028721037165245468, 0.0035673453041710451, 4.9860126585465234e-05, 2.7460474738944585e-05, 5.4400641525574673e-06, 1.4032231871917807e-05, 1.7993410651539502e-05, 7.1669004828704257e-05, 1.0602551093421874e-05, 9.6727436018866476e-06, 6.0007230903072041e-06, 1.1031522722284404e-05, 0.00012878237429796369, 6.07373164919663e-05, 2.6765301248948491e-05, 2.7154134394777241e-06, 4.4705795710133803e-06, 0.00014250897378053446, 6.6696402738697634e-06, 5.2455872529619246e-06, 0.00014655516530343715, 0.0068135056003725018, 0.002611634088945491, 7.0271073302243715e-05, 1.7532023993074479e-05, 8.1906844084827982e-06, 3.4070109724826298e-06, 0.0013936061543080149, 1.6862787599576512e-05, 0.00059373356565339157, 6.5684860005469132e-05, 5.2617713401910762e-06, 0.00014621616734776454, 2.6330505462593839e-05, 7.826424813368906e-05, 1.6354776002839802e-05, 7.0936823130754475e-05, 5.0925239412745338e-06, 9.9697433200250036e-06, 1.0363181463978444e-05, 4.0592408327470406e-06, 4.8226035263340872e-06, 1.1746963757925594e-05, 0.00019270841679830576, 0.0015574205515118385, 0.0016789486466553653, 0.00043506635501438395, 7.4897313703774926e-06, 9.0056526030294464e-06, 1.1088272727837238e-05, 5.8072610174199528e-06, 0.022017547805499433, 2.6686904644061713e-05, 3.394136013772584e-05, 2.1711912432849449e-05, 4.0090788460205854e-06, 1.8521089159214775e-05, 6.810430250797628e-05, 0.00080245185477572246, 1.0323005832717423e-05, 0.0014742228423342148, 3.5869462054380957e-06, 7.3224942402233923e-06, 1.1534873683364062e-05, 2.6764152330166195e-05, 0.0057518414244491509, 1.697154001721042e-05, 0.00024438801893952405, 0.00057755761702847294, 1.7664126549909995e-05, 2.0436133503849755e-05, 7.9082677463990836e-06, 2.1774958437417771e-05, 2.4192829107236061e-05, 5.2853331886834376e-06, 1.4745817208201781e-05, 1.9125005374386284e-05, 3.0222821946900682e-05, 6.4927906846485371e-06, 7.2844429942858948e-06, 1.8978319884665767e-05, 3.6331662795423073e-06, 5.9933900171153577e-05, 0.00014769172910175562, 1.0312324904961077e-05, 6.6367479932701785e-05, 0.20165021322483787, 2.5392941592259895e-05, 5.4853225175511644e-05, 0.00021260763268134895, 1.0362575288883349e-05, 4.8013361614553056e-05, 0.00042447507904337271, 0.0058565678386023759, 1.1990175032232205e-05, 5.2478305962331979e-06, 1.1784928481414751e-05, 2.2303069997486004e-05, 2.1601444648439246e-05, 2.0724018312810365e-05, 2.8847370325963855e-06, 2.9508632535229289e-05, 1.620696191921315e-05, 8.7651466838473686e-05, 2.8757764075837068e-05, 6.4777763284202018e-06, 0.0057110648030750735, 3.1419330070749702e-05, 0.00010238821481712452, 2.2621230199695646e-05, 0.0062997732765796479, 0.031006761572636259, 0.0069054845731845223, 1.0485547642334991e-05, 4.9693356535114339e-06, 4.9124103352795832e-06, 0.01538737825148025, 1.0255272599371233e-05, 7.5746712123983496e-05, 4.3092559332813341e-06, 1.8257158258513192e-05, 0.028606977778243687, 0.0039399062654060435, 0.00010114015655990599, 5.4886097359557017e-05, 0.00010247113376336635, 1.0322372011402774e-05, 1.4582278905363506e-05, 1.4848192321646831e-05, 2.3268976723019851e-05, 1.5489647864816584e-05, 1.4034864761512803e-05, 6.1216942199066502e-06, 3.371321234659395e-05, 6.4579771884416223e-06, 7.702929340485469e-06, 0.00010781129026084562, 0.0002184657105379671, 1.6086387360261619e-05, 2.0836235671951106e-05, 1.5291597226646189e-05, 4.2493117011414233e-06, 0.0017301720484919972, 7.5584401437599417e-05, 5.4504992850125441e-06, 0.00045156675016038821, 0.0080735994193849633, 4.4640592095541509e-06, 1.2502156528133625e-05, 0.0025610005033860975, 5.3341966852210936e-06, 3.6376840584910766e-06, 8.8257832997052255e-05, 3.0010811378046923e-06, 0.00096684297943226433, 9.6846645333819708e-05, 5.8093179526730993e-05, 6.5305471380462125e-06, 3.8512597094497713e-05, 1.6735446580463051e-05, 1.5186180463616635e-05, 5.1811661513146001e-06, 3.2805085423920564e-05, 0.046308248138869447, 0.016937675182397374, 4.9157723270543021e-06, 0.00045730980955111287, 0.00048088735567125882, 1.0225077087275044e-05, 2.328691436954016e-05, 5.9084560554057821e-05, 4.2636819908897425e-05, 5.2014002717481822e-06, 5.7022898616889249e-06, 0.0053433371218439447, 4.6679190416488822e-05, 0.029907945593422511, 0.017582158976599614, 3.5472874840214826e-05, 0.000310022354205738, 0.00011734643553638879, 0.0014171343532474821, 0.000108104989092057, 1.8483451065454311e-05, 1.0441870629104879e-05, 0.0001064720399517375, 1.7931485103892137e-05, 5.9794427339836718e-06, 5.0458615859902621e-06, 0.00012458294627355114, 4.2661635120395665e-05, 0.00018465469293188518, 2.1645853376744257e-05, 1.598627472052536e-05, 1.0666805620545234e-05, 4.8564765883001844e-06, 7.3845570579888562e-05, 0.00016871470787783687, 1.0428549068183131e-05, 0.035245939346613381, 1.0501011521340637e-05, 0.011510990693770713, 4.5566595152742868e-06, 1.9177990752985125e-05, 1.2516231232010792e-05, 0.038584782555642051, 1.0523006940055388e-05, 5.6215706555935554e-06, 0.044414697346663638, 9.8147983892295226e-06, 0.00069402207454038263, 0.00014204547609861028, 1.2231947775082017e-05, 0.00021633283602422683, 5.8016032189085132e-05, 0.0020193637184903772, 5.306894894435825e-06, 0.032616350805202504, 6.7476390960480301e-05, 8.9432959457664963e-05, 5.5699404520042263e-06, 2.0263283088332438e-05, 6.2857409268117416e-06, 5.3212376664417684e-06, 0.0040745330870311566, 4.9032328441848094e-05, 9.5559430048440632e-06, 7.0817910948284412e-05, 1.7239781620035377e-05, 3.6301551680568785e-05, 1.1117741556274555e-05, 1.809910202360775e-05, 0.00024014219426584006, 2.8084379240162827e-05, 1.6300148455299784e-05, 1.1706719183764385e-05, 0.069520381787099919, 9.4348113299162175e-06, 0.021666212363216794, 2.2106387925442326e-05, 0.030663232115807765, 0.015169274387435518, 3.0186443942939652e-05, 4.4118153712371207e-05, 5.1111086817484101e-06, 8.4925396914050188e-05, 1.0532609178535651e-05, 0.0043607493438077771, 0.27458412472598781, 0.0074730501006265949, 8.5748807591934929e-06, 1.0484317637280805e-05, 1.6993047019360696e-05, 4.2650746763463613e-05, 1.3983834221252842e-05, 0.00012677493462557438, 7.1543875661937982e-05, 0.00046995336942132215, 0.00031027531661850208, 4.8659813397654237e-06, 6.9742800544532964e-05, 2.0036221274410825e-05, 1.0380376707112926e-05, 0.00063075662743667087, 0.00011812566541256501, 7.2639781156198517e-05, 8.5944197718455075e-06, 2.9709488158117952e-05, 5.2851419197739075e-06, 6.3095050651606246e-05, 1.5009767976013286e-05, 1.4498989716301582e-05, 2.7651177324416018e-05, 0.0033947395822893469, 4.5648726036734233e-06, 7.2663982742965597e-06, 2.8655704958667107e-05, 4.5698956663535013e-05, 1.1059592253700245e-05, 0.00013182061881033706, 1.685265146938954e-05, 1.0256484380346212e-05, 5.887441883602245e-05, 2.7282400046366538e-05, 7.6037298220729257e-05, 2.0181779321267057e-05, 1.0200810189141962e-05, 0.00012721492150010905, 2.4130168960487475e-05, 9.8858125849473506e-06, 8.9902817084308722e-05, 0.00035641106072376673, 0.044150312434465058, 1.0392834549437575e-05, 0.0017040260540805213, 6.2992643443705941e-06, 5.221783909439241e-05, 9.7180310573293457e-05, 1.4085741033656592e-05, 3.5908428699571518e-05, 2.0512819629175673e-05, 0.0005653406690952459, 3.8279018453394802e-05, 1.6375475748794612e-05, 6.4664491229739148e-06, 0.00039524168592807211, 1.0319724171278169e-05, 5.2326641491485443e-06, 0.11688761372866462, 2.6149675019542822e-05, 1.0163298350310709e-05, 1.2735983116665934e-05, 2.7377160273559143e-05, 0.00019990283203580623, 1.8196758893482306e-05, 5.3373279960686063e-06, 1.3663898436103286e-05, 9.7420170776314987e-06, 1.530711811380875e-05, 1.8007098509899367e-05, 0.02535198531364722, 0.00025552078634957017, 0.00011422355268901613, 1.7759372133713009e-05, 0.0097719073267483157, 3.81420000700951e-06, 6.7783187482437274e-05, 2.4049733531115606e-05, 3.8790176010347057e-06, 0.0026803594652158457, 0.00017899819088233783, 0.0050736700615310317, 0.00010848990658303893, 1.0599118092069956e-05, 8.8664413280417447e-06, 8.7515295773820724e-05, 1.0220867526588603e-05, 6.6532125761708399e-05, 3.3908719484732639e-06, 7.2409448618519548e-05, 5.1894440892278363e-05, 9.779011570734656e-05, 2.4786235838074404e-05, 1.0978765040902264e-05, 1.593064124655137e-05, 0.32262159299263676, 6.9690157900799524e-05, 3.9792795973635666e-06, 3.9292048824904924e-05, 5.6833272463642498e-05, 9.6574271747290524e-05, 2.7552234263143765e-05, 0.00011062514694671846, 1.1454649408280087e-05, 0.0023033102865126589, 5.1988386785550353e-06, 1.4199683996165655e-05, 0.0026714020437889527, 4.5106064619344907e-05, 3.5974599400560021e-05, 0.0014549283427907078, 0.00024547687496651385, 0.0003042212023390809, 1.0381451355636808e-05, 0.00039410995616962104, 4.3629542509932612e-05, 3.5679989295645053e-05, 0.0022397095914495303, 1.0397629720028124e-05, 7.3015951225432425e-05, 0.00024539305991602613, 0.00014223213921619147, 1.5474244940711754e-05, 0.002203542527726129, 2.2131973262855174e-05, 0.00024114100743071178, 1.9121432161500479e-05, 0.011345329077606534, 5.1128981965099346e-06, 1.8929562201121263e-05, 1.3019531087706344e-05, 0.0031597055577706184, 1.9860699033872216e-05, 3.2958557184821118e-06, 1.0890468344804044e-05, 9.9421468943896006e-06, 5.4925145074961272e-06, 3.719751956364443e-05, 3.6718654174638142e-05, 1.9427181024102333e-05, 5.8675157051810809e-05, 0.00011996792967366827, 0.00025576065388185866, 8.1511581174661902e-05, 9.4327798269425215e-06, 0.00052736527395158246, 1.7021946481505006e-05, 0.0040556691546967723, 9.2609667049280416e-05, 0.0024322347801194323, 3.5789114471644971e-05, 1.0849495431362665e-05, 0.0001156902171731228, 6.8208691519104721e-06, 7.3760248598165938e-06, 7.4367332899923707e-05, 0.00012586324256223452, 0.00056137757992910046, 2.293605950786927e-05, 1.6761132590639115e-05, 0.00053404073566571579, 2.5603659703068945e-05, 9.8225678209798548e-06, 4.1534976699943498e-06, 0.00030659680546306004, 6.2358867583431612e-05, 5.839194521891137e-06, 9.1854252761918633e-05, 1.9319909445300408e-05, 2.8472749613913698e-05, 0.0035600779454603325, 3.4742504618868345e-05, 5.9464605731548052e-06, 7.5205744248925261e-05, 4.6004349397312063e-05, 0.0013447175478423362, 2.1518987842846531e-05, 8.3949010683487493e-05, 0.00045370560145259909, 0.00017215459097760495, 8.3662234136451644e-06, 0.00080350154630915794, 1.1366442449982503e-05, 9.8722011361036861e-05, 6.291472753579333e-05, 0.00032640736992590048, 1.0941125685812651e-05, 1.5164175523201572e-05, 6.6798805413401284e-06, 0.00029069395838484372, 6.3908025443589535e-05, 0.00077140525879307884, 9.9932327308467891e-05, 3.3510283845556051e-05, 1.9033242854012567e-05, 1.0008740049107407e-05, 4.7130272162362342e-06, 4.9436030294844633e-06, 1.2875321797643196e-05, 0.0021281157929980369, 0.00010027870602952657, 0.00049042481649773221, 0.0051388141156829053, 1.0492084135616452e-05, 2.5702240000003539e-05, 0.00012546714257267208, 0.0022102549347588372, 2.2171042388703643e-05, 0.00012928866539692652, 2.0657902048963064e-05, 2.3662067111791322e-05, 4.5655045708587905e-05, 2.0398413209000335e-05, 0.0024215966868771782, 0.00046767632775778162, 7.3515632504502295e-05, 2.6697687377038564e-05, 1.0180486304996619e-05, 5.8140136787003307e-06, 1.4175899954439384e-05, 2.1641916463350269e-05, 0.0024784300423020779, 2.5059457431725841e-05, 3.8634323465013119e-05, 2.1430280973079303e-05, 2.4030700127529484e-05, 0.00041715979430419399, 8.8698831413114889e-06, 2.8326239056726667e-05, 0.0001947242847634973, 1.3958746890605931e-05, 0.00010782308331635933, 9.9292953675809466e-06, 6.895548297038365e-05, 9.0582178447921087e-06, 1.3028695778825371e-05, 9.4450210050444549e-06, 1.6934478771111153e-05, 7.4337754038096505e-06, 6.585261217627539e-05, 6.4036841009596736e-06, 6.7741901879258447e-06, 0.0004917082588614931, 1.0282179546525125e-05, 8.4087556883387544e-05, 0.00065444698066455297, 2.7479209865707504e-05, 6.7599588310946157e-05, 8.3456127741422375e-05, 0.0021538571073793965, 8.641523805075438e-05, 4.6537503587383686e-05, 1.0689351176771967e-05, 0.00011577364840572125, 0.0011232865363963104, 6.5189560515502734e-05, 1.0366317990251784e-05, 3.5749340030791805e-05, 1.1763390661311361e-05, 1.0374177878003569e-05, 9.6263357880881603e-06, 1.9594274801992836e-05, 0.24587846694941345, 0.0048734529729291915, 0.23254702587242673, 4.0726436204918624e-05, 5.3786015190504024e-06, 5.289405915721557e-06, 0.00033152966663507841, 1.5530562410301499e-05, 0.00017535299379232839, 5.7387742902746208e-05, 1.5063786305417502e-05, 3.2767421113209398e-06, 0.00033707433459957237, 0.0050464479555182027, 1.9006404835996432e-05, 7.9948961804772332e-06, 1.30800746039839e-05, 0.037467438906885496, 4.8815031309625309e-06, 9.0457254395493432e-05, 0.03282830918717853, 0.10679813652797213, 1.781998058839836e-05, 2.3980081569958888e-05, 0.0010555275602832119, 2.3765162785901001e-05, 0.003898576462138998, 5.9273752263750144e-06, 4.5598797028114055e-06, 0.041896765045095125, 2.219998674635935e-05, 0.43597271919096431, 2.1959499668034593e-05, 5.273345597220838e-05, 0.28744538187827745, 0.0012707133719183264, 0.22939897731579717, 4.8967863525990562e-05, 0.00073978964889226601, 4.4172058732318188e-06, 8.2019099256569274e-05, 1.0582118311167137e-05, 0.002943193978674122, 1.0382587968172945e-05, 2.6798529289447645e-05, 1.3375636837589734e-05, 0.0002148483724917491, 0.0023980703752083375, 1.5497895559516964e-05, 1.1344281857457721e-05, 8.4738754046291933e-05, 8.5029422052249976e-05, 0.0045390697898707918, 0.11184690386610784, 7.8622995789954645e-06, 9.6982326694456482e-05, 0.00022388451103041553, 1.4595443944052696e-05, 8.1317757753695407e-06, 0.0001685531352119345, 1.9971091732544841e-05, 1.2862320254654017e-05, 5.3564520336612621e-05, 9.0709937352448009e-06, 5.3686768168950679e-06, 3.4661303664878127e-05, 1.1906314840017195e-05, 1.8700286707528148e-05, 1.0383461910625939e-05, 0.0015928522788758673, 2.2749917941851693e-05, 0.00031078860212397009, 0.00011871131520275, 1.9333237872177816e-05, 1.2573500711638162e-05, 0.0032331615508841872, 0.0041788876236075849, 0.00019478269704379194, 1.0413815070417494e-05, 5.0694507018075967e-05, 3.2194741838024282e-05, 1.5889035838470636e-05, 0.00044536326858705955, 1.2872215771419151e-05, 1.2462904902913161e-05, 5.3680078208324624e-06, 3.2983505989664609e-05, 5.2321988935793042e-06, 6.245303501850835e-05, 4.3102666269216517e-05, 2.218225873357134e-05, 1.0416924766402493e-05, 1.0815354203173596e-05, 2.7308552434608407e-05, 2.3531702407213081e-05, 0.31786343566527714, 0.00083267134136664372, 0.00073689479590561234, 1.8802634495224238e-05, 2.067910144103533e-05, 3.9402613088242581e-05, 6.6697141175138815e-05, 3.7646107426541572e-05, 1.3603932715646759e-05, 0.0016264857076626906, 0.00012651573457396224, 2.2541520246904611e-05, 0.00055805126438948096, 1.030398316842788e-05, 0.0015605688852461566, 0.00015671465230556199, 3.4288301904047302e-05, 0.0010970727722081073, 2.6396088126778698e-05, 1.0364448070030558e-05, 0.00023918642050812773, 1.0462774256813793e-05, 2.0562957613152204e-05, 1.1152787486049883e-05, 2.3297752442511961e-05, 5.6185927241456246e-06, 1.9442168425045582e-05, 4.7003489932793381e-05, 0.00010586044238292148, 1.0442844995844081e-05, 4.4706025986424579e-06, 1.0279619028531757e-05, 2.9800318276605066e-05, 5.6178210383747685e-05, 2.1158821049621442e-05, 1.0383625406893948e-05, 0.00066036465470132157, 6.3279726591177892e-05, 4.1754696421731542e-05, 0.0027090827050622619, 6.5020618553189521e-06, 0.0016788670963879652, 5.5918624886111384e-05, 0.00012305941151721656, 0.00014374350330886385, 0.11547660587458394, 3.4235724471425241e-06, 6.1663995001683418e-05, 2.5816146328269702e-06, 0.0026295868318705804, 9.8544984889007965e-06, 3.4977318984195063e-05, 2.1303344579663122e-05, 0.00010687902247213034, 0.016069159802127947, 2.5300945455995183e-05, 7.7592881030508357e-06, 6.9809371557853612e-05, 1.2489612183731639e-05, 0.00087861687875915066, 1.1061454640410347e-05, 4.9137709268360394e-05, 1.7065894805727225e-05, 0.0026690380057968637, 9.6814862230276277e-06, 0.00030044134790120462, 8.4020620217567407e-06, 3.2670646747317489e-05, 0.00013801003907944792, 2.6213078132797153e-06, 0.00028998690914508739, 2.9947321626201332e-05, 4.3704546011346798e-06, 3.9051449020450746e-06, 4.3265372353841919e-05, 1.1838442602147394e-05, 0.0025223843114129587, 9.3596244126074939e-06, 7.0254300720215448e-05, 3.3627416441673607e-05, 0.0012380073721317919, 0.0058836548893930109, 1.1622733603321787e-05, 1.31485459459331e-05, 1.4943574855841732e-05, 6.6904117323246897e-05, 2.2520707128690856e-05, 0.0087397598170167456, 0.014938930200182032, 1.0234665561292372e-05, 1.2893374319724658e-05, 5.3485795166327215e-06, 6.3902506065233798e-05, 1.2000512975709115e-05, 5.20659937577496e-06, 8.2661258040716162e-06, 2.1091244542479824e-05, 3.1303705466639501e-05, 6.3447558266687167e-06, 2.4146004751716157e-05, 1.3267440712038906e-05, 0.00010029783782411178, 1.4829601363038256e-05, 0.00024464480654989769, 0.024443615742055863, 2.3779991306156706e-05, 0.0022384499328002307, 1.5309908916008564e-05, 0.00034625930032456314, 9.8556023811919758e-05, 7.9820540587841443e-06, 1.0031611907910119e-05, 5.6509049750856616e-06, 0.0026833716535743543, 0.00011819764947602714, 1.6008435100890704e-05, 6.505461488206538e-05, 0.0010044882457347791, 5.3174511403264047e-06, 3.1259141458259318e-05, 7.2717465967422044e-06, 2.9390628456820785e-05, 1.046782410533994e-05, 2.9722421563336557e-05, 1.0698849053329314e-05, 9.3117566200967313e-06, 8.8743674658306032e-06, 2.776679026168642e-05, 7.0744620808363089e-05, 7.0810914278114203e-05, 0.22077976411676206, 1.2101855884226383e-05, 2.4026789378729249e-05, 0.00042171849913095604, 0.0015424058741553338, 0.00054999109898573454, 0.0027144867924144113, 1.0750286226055998e-05, 0.0027629557504246453, 6.6086009340712412e-05, 0.00029726592617993055, 6.381633022827875e-05, 0.00010390964238301586, 6.8968439429910067e-06, 1.7827970473970392e-05, 9.5246934810513285e-06, 0.00087729339946257393, 1.5589873153017699e-05, 1.9519421165414983e-05, 5.0794344299525312e-06, 1.044877706671041e-05, 1.4952608949242612e-05, 4.3230949840537448e-06, 6.0727224600046579e-06, 2.1429379436513779e-05, 3.6006710261236348e-05, 0.00053554891065450683, 2.0702885508639087e-05, 2.3368200151883766e-05, 8.134476939687916e-05, 1.4869081134260136e-05, 1.1073714671689823e-05, 9.7544029863574849e-06, 1.471922189441971e-05, 1.0045297120689732e-05, 1.0794376345449672e-05, 8.6634828972985252e-06, 8.2536214399585834e-06, 9.1980808045006486e-05, 0.00019653523139251478, 1.0587721833121628e-05, 1.7755702885854482e-05, 0.0013750489298205973, 3.589618069743288e-06, 6.0511802603479787e-06, 9.0089246982362592e-05, 0.020614625035357458, 1.0310541299940807e-05, 7.4958727190606513e-06, 0.036154300584309532, 1.0160501270688679e-05, 1.170164859982498e-05, 5.643761167946331e-06, 0.00022080815905344543, 0.00065396472746464206, 1.600996517835051e-05, 6.4307548881785569e-05, 0.00097519771929808531, 0.029378682027041289, 0.00021046423640965191, 9.9361247686864223e-05, 1.3180954153175072e-05, 0.010361146136998416, 8.3953328391575533e-06, 0.0019008786452315725, 0.00034433342971724887, 5.5470847265472824e-05, 2.36840721749492e-05, 3.3546008423018342e-06, 0.0043979502732509716, 1.0594266559264022e-05, 0.0001219611525990366, 0.0035774318507552846, 8.8875473869448244e-05, 2.2221520119533984e-06, 0.00037218943591794029, 5.9783206652481714e-05, 1.0386201744665456e-05, 4.4205639361459929e-05, 5.2528159292140024e-06, 3.6910978287765698e-06, 8.8110649276602814e-06, 1.0861699948179469e-05, 1.8737294304064958e-05, 0.42167827981552009, 0.00010121565193534864, 1.0440325505169807e-05, 2.572500771266864e-05, 0.00015164319964190465, 1.0212122633633396e-05, 1.5610076415833399e-05, 0.00046880484025955949, 0.00024734445086357644, 7.3723114669868516e-05, 1.0690857914374645e-05, 5.409133640725325e-06, 9.9374568474765594e-05, 1.1062581175913608e-05, 6.5243863927561865e-06, 7.8979367292832495e-06, 0.00020677345995469992, 1.5259434773812056e-05, 0.00010247423929280692, 0.00072931799619939375, 1.305511283639128e-05, 0.0010514634174576762, 0.0062383245365433791, 2.0285214516932995e-05, 1.3737941389680555e-05, 3.3313449003112222e-05, 0.00014037568738519147, 6.3555882660993473e-05, 1.5520428507823907e-05, 0.00022798305889971298, 1.4959687830999074e-05, 9.9833861794838506e-06, 0.0024568271581447399, 7.5926647711044282e-05, 2.4057587160328506e-05, 4.7450965307225119e-05, 6.765267476204514e-06, 0.063506469804895854, 0.00066941592696748251, 1.2203196644672107e-05, 0.0047311728563574126, 1.0335115137750205e-05, 7.0309384339188155e-05, 0.00032170087386163172, 0.0074509448962691701, 2.8144397898651148e-05, 3.0546960971862239e-06, 1.6608400968559317e-05, 0.00011094787304122145, 0.00051280115794765323, 5.3500659904639999e-05, 4.5157560502776775e-05, 0.00034925111318497091, 0.00018086280219010379, 9.1295297319867612e-06, 0.00014742480932104977, 0.0040973555595752434, 0.00020464277534414457, 0.0049426632055538031, 3.6287746056934773e-06, 0.00029453519010961041, 5.3390183127202224e-06, 3.4976072444423302e-05, 1.1008635900623604e-05, 3.3294313005449017e-05, 0.0025114872554418996, 2.3422139425580653e-05, 3.5126307353590843e-05, 1.5174374173122134e-05, 6.7112156165478212e-06, 0.00022437426960208464, 4.1691296287355867e-05, 0.00010539903137038765, 0.00042537650175814235, 0.0080371025799382424, 0.0065320212687541767, 0.19600533085524879, 2.5288534373066676e-05, 1.1414199982712921e-05, 0.0026831214242537841, 1.1276721380818594e-05, 7.579211021988885e-06, 6.2892144854769612e-05, 1.9555961960545832e-05, 2.4056459452016971e-05, 0.00038579970401228861, 0.00030786682384141724, 0.33338064776287241, 4.7915675168542271e-06, 1.0348956799045017e-05, 2.8544326861209417e-05, 3.9993190544024259e-05, 1.7757715742327493e-05, 6.3118044964829631e-05, 1.4565024815092447e-05, 5.2407331998617818e-06, 0.00010955474759776177, 5.8270932444268319e-06, 0.00011837173727877375, 1.0090299772739258e-05, 5.3465975610226765e-06, 1.6133079244183877e-05, 3.7011931472482027e-05, 6.9137867510914489e-05, 4.9806731662751873e-06, 8.4737476449196138e-06, 2.014472867821325e-05, 4.3359518794763299e-06, 0.00014315347813978691, 4.425305920310343e-05, 2.652489805083298e-05, 0.0001068798683443691, 0.00012754826164538519, 8.0156861202195138e-05, 0.019238207036550523, 1.8148723127797466e-05, 0.00014270679716427267, 2.553289052409036e-05, 0.0023836350632625894, 2.0212584973857147e-05, 5.2490672927002148e-06, 8.6342395142373507e-06, 1.0362895574105491e-05, 0.00018131349212542952, 3.5129255985171807e-06, 7.0792518019725066e-05, 0.0023205455317770731, 0.00020174104877671451, 1.0172569270626771e-05, 1.0449173894699621e-05, 8.2702959646996913e-05, 1.1067231386573231e-05, 0.00024942160440997579, 4.988296915799113e-06, 2.7662418725365915e-05, 1.3964459389363154e-05, 2.084963608817968e-05, 1.0350661477319235e-05, 0.0025120891918195372, 4.6792523883796765e-06, 0.0802836170513095, 1.6952815323843836e-05, 1.1352114611889443e-05, 0.0010238240311653695, 8.0675280757269507e-05, 0.0034238813459412584, 9.129638160017663e-05, 3.5939526265283348e-05, 0.00036740568932790119, 1.7067628665508988e-05, 0.00029115012285559468, 7.3491455609379398e-05, 3.9721540368820065e-05, 0.00014121478066583435, 1.0316908095124239e-05, 0.00027198552385089027, 2.484265880730224e-05, 1.7317374499743957e-05, 0.00028603710478103362, 1.0503887357151353e-05, 2.2537858214932786e-05, 2.4085028210620398e-05, 1.8919136918867313e-05, 6.000411957658825e-06, 1.733470274985461e-05, 0.0012400083653589511, 2.8606809576050709e-05, 3.2073081822396212e-05, 2.5833529762925451e-05, 1.2084859294128731e-05, 5.6195432837770466e-06, 9.0280232109339249e-06, 0.00011161034373192542, 4.8876702949793588e-06, 6.2188577584083082e-06, 0.00088796197837394961, 4.8344027937430821e-05, 1.2024335428231256e-05, 0.00010186408375381603, 1.911439018759587e-05, 0.00070784786851411734, 1.4528983973936344e-05, 2.6718713960946727e-05, 0.0012236883465654858, 0.0047189524646300222, 4.8268721572297984e-06, 7.1762493205351216e-05, 0.002332800587693952, 5.5371503213257475e-06, 1.140958864938352e-05, 3.0302270523678648e-06, 0.00019146161665514481, 0.009507738333395431, 8.6673041424868728e-06, 0.00051021782163080992, 0.0057256527216770587, 7.2227215663147115e-05, 0.0022338305444192116, 9.2678355788375476e-06, 1.540790371319154e-05, 8.4197593550438055e-06, 5.3890664004331757e-05, 1.037042066059036e-05, 2.9256972391989624e-05, 0.0055246745156173616, 1.0241568690172968e-05, 1.2270046491231037e-05, 4.1695060487568987e-05, 1.0896915472887107e-05, 0.00012992633080690706, 0.0024873016149199096, 9.1452019779301929e-06, 3.5398568658258159e-05, 0.0050822112830006755, 1.4150878289260617e-05, 1.7590253761133162e-05, 2.1019078417987358e-05, 1.1984384955239918e-05, 0.00096192618837935312, 0.00026305480897425096, 4.1975591146660576e-06, 0.00013308340958299129, 1.8248202782235135e-05, 5.3306823838657132e-05, 2.0264296535318705e-05, 3.310120255785127e-05, 9.8177971687856647e-06, 5.2732512393377034e-06, 4.5401079664097057e-05, 0.021520586808310121, 3.6964982944975112e-06, 5.3285919050695336e-06, 3.0701633547016006e-05, 5.6281530988905887e-06, 0.019031025212957305, 1.207968707105415e-05, 0.00024849556186652119, 8.6839556451624568e-06, 8.2656958489097308e-06, 0.00011636610127613467, 0.00087889449962303356, 0.00021919042267264235, 7.1790924112014127e-05, 6.9267939745965547e-05, 2.0852227919939422e-05, 0.00085087689548102264, 1.6677134117732568e-05, 6.419896930746639e-06, 0.0012354048163966897, 2.5011627768790224e-05, 5.6937578282976796e-05, 9.0309075517400021e-06, 0.00049817225664263907, 9.6503873114672149e-05, 8.2927384551578654e-06, 1.0386955815282328e-05, 2.4737744768615093e-05, 0.0096518824949777832, 0.00014182230908894503, 1.924977078482159e-05, 0.016459387732414291, 0.00010036532716324797, 0.00012168039063925883, 2.2130347521873088e-05, 0.0017234960323748857, 9.2792145365016792e-05, 0.00096105473291083893, 1.0153550197408813e-05, 2.0065227856390831e-05, 0.00012921090433801907, 9.5999636935233672e-06, 1.3106402774276865e-05, 0.0010720712884402747, 0.00011616757878898336, 9.0339607734005315e-06, 5.9099829477134356e-05, 6.2153304785900226e-05, 1.0506858617828189e-05, 3.2768899641272056e-06, 1.7980091191867352e-05, 7.3543815794009274e-06, 0.46170812854731302, 0.0036244066447592683, 5.0787924955034323e-06, 3.4012464680360511e-06, 0.0078846014819479414, 1.3530772087848231e-05, 0.00020847877048431015, 0.35416001890170001, 8.9853377571324827e-05, 0.00025746364068703656, 1.7584129621839917e-05, 0.00035418700652983874, 1.0297416065441568e-05, 0.0011644921785032211, 1.3992497782965183e-05, 2.2917264960762577e-05, 8.8283267563446803e-05, 0.051009914733604146, 7.5667917870343286e-06, 0.084485429126911843, 0.00076110674164948987, 0.049042675182430662, 0.00020329447892778564, 0.0028315650649751219, 1.3726587999943126e-05, 0.00031051582788981408, 0.009152287797665604, 6.5045922954033429e-05, 0.0018731484033087944, 6.858368628242297e-05, 0.00027675943670432755, 0.0014620886109789875, 1.1613715181886378e-05, 2.2403411069311991e-05, 4.6892099519016316e-05, 5.2247102523753941e-05, 0.0028000953491105251, 5.242953497720248e-06, 0.00022360543871737326, 8.1354268369936904e-06, 2.4863915566134394e-05, 9.9255949763677197e-06, 4.1323724193724171e-06, 5.2402663996593468e-06, 5.2296491863701599e-05, 0.00022131351310612681, 1.3988212407236006e-05, 1.9345703163179279e-05, 0.025304045032296663, 2.3486122675372012e-05, 0.0026384908058029303, 1.9745547769104982e-05, 0.00069640401422241412, 6.0019871499739158e-05, 0.00026890036480608408, 4.8656742900474419e-06, 2.9023636304117435e-05, 0.0024325647049647458, 0.0040407544466644404, 0.0095573271635745194, 6.1505059018101646e-05, 0.00053892054044683097, 1.9036361597361715e-05, 6.0426640809461918e-05, 1.5086441983739276e-05, 3.0963657582646147e-05, 0.0011473903100447632, 2.5110502389894929e-05, 2.8534705540664681e-05, 0.02624375966670657, 1.4558191635024427e-05, 0.00035004203204604979, 5.4154482609470708e-05, 7.3213289166286458e-06, 4.8893100117674053e-05, 1.0441465615219963e-05, 2.3004487872394931e-05, 3.2676954995574493e-05, 8.4853933886266505e-06, 2.439252446607848e-05, 0.0028556457872876001, 0.01212099903003086, 8.3713302951262377e-06, 0.00013690803826649041, 1.4156268439834334e-05, 0.001787339194540145, 1.0484182876602938e-05, 3.3972785226505872e-06, 8.8392229997830524e-06, 0.0005573857176413246, 1.1335003737800716e-05, 1.356798142417251e-05, 0.00057197035133692005, 8.3617811338976603e-06, 6.3372714902265427e-05, 0.00061153981848503607, 0.037964428183318986, 1.0003022472789103e-05, 1.0145418140817923e-05, 1.364971226343117e-05, 2.2179219119944478e-05, 5.0405126622328831e-06, 1.185611392086191e-05, 4.5160212647106644e-05, 4.7701943127602514e-05, 0.0003492888221287762, 3.6738522718180643e-05, 0.00015578290176655317, 0.11406855543572711, 6.7757092359075729e-06, 0.0010176217035265667, 1.2253924716168458e-05, 0.00010566556784933316, 1.592951803951099e-05, 0.00016746845031490005, 6.2524907392614302e-06, 1.9973351460265354e-05, 0.0094746120680144399, 0.00060036971714214483, 2.6763803487376589e-05, 7.1092879051655512e-05, 3.6570407668624658e-05, 6.7143173175955517e-06, 9.7589393684098101e-05, 0.014971434140077591, 0.010590490753747303, 0.00050476377025554758, 4.2295044407024554e-05, 7.7001349662257865e-05, 1.6695438878023406e-05, 6.0994893592115416e-05, 1.7920954027619851e-05, 7.3253673701479548e-06, 0.00047618407776682964, 4.6753435173686262e-05, 4.6625830506545229e-06, 8.3890161307536147e-05, 0.0010637977703240895, 2.7788256402490916e-05, 1.3679096738194496e-05, 4.0966682590662162e-05, 0.00012168625310046333, 5.3310187347643412e-06, 0.001355240854886538, 7.5445550347282388e-05, 0.00037452897088668095, 1.3027019397554979e-05, 2.5741351513255125e-05, 7.8201717616715067e-05, 0.042137755562352407, 2.6139008843682441e-05, 0.00036571426347883218, 1.6397708573170078e-05, 5.6050244660992766e-06, 0.00039625863085273022, 1.3845757746568319e-05, 0.38810052996482985, 0.00088376475893252825, 0.00080431979048051498, 5.4191887712503022e-06, 0.00025324833367724428, 9.553597808123887e-06, 1.314880851326857e-05, 5.2819258463006433e-05, 0.00019353251144934872, 0.0023168423385486643, 0.0017620863087988673, 2.3712007226837417e-05, 5.5789423132919793e-05, 0.0036246495168893106, 4.6732419073930166e-05, 3.4333107515829124e-06, 5.3120392262239996e-05, 3.1273747965512176e-05, 2.2851574625924838e-05, 9.1887958885194699e-05, 0.0026185430723921284, 0.0029687030306494223, 9.8464505263661749e-06, 1.1555501940623968e-05, 0.076179596953939693, 1.2082810312090948e-05, 1.8123340504373577e-05, 0.00090989207722850195, 1.1993812158132621e-05, 0.0014234673002780456, 7.6511371699703507e-06, 0.0090883536941156334, 1.2161951139210943e-05, 4.8245438063828061e-05, 0.44161590579300602, 0.0020569298482470931, 0.069192876893330424, 6.932087244279457e-05, 5.8381791711249242e-05, 1.1539913057151652e-05, 0.00043287753675718581, 1.0636402973690584e-05, 2.6868588688152514e-05, 9.1309762951632237e-06, 1.6982840482386208e-05, 1.0667540941607247e-05, 0.00022424878777846209, 5.3351067102835452e-05, 1.0430163303619512e-05, 5.4569714813449726e-06, 0.00010020728782330014, 2.5737454789217649e-05, 9.543687124836955e-06, 5.4516261782710239e-05, 2.859455275596639e-05, 0.045096192989611469, 0.0015955761438232398, 1.0825069228839435e-05, 1.1781448844471032e-05, 0.018442373408615337, 1.4670141322431346e-05, 0.33273825081061265, 7.3795653175804602e-05, 4.4374732307423007e-06, 8.8843793557863589e-05, 5.8579427988335916e-05, 0.00018217045444893757, 0.020424898939868527, 0.001919961694763469, 2.9017531976408139e-05, 7.6762665550653172e-05, 4.2105581393303537e-06, 5.2909040928419538e-06, 4.8675211364672581e-05, 0.00030439863440252915, 8.2688367987023318e-05, 2.0049004802018511e-05, 1.2051036717773875e-05, 4.7838439730140133e-06, 6.9930651788313193e-06, 3.3728019129828401e-06, 2.1339281233635701e-05, 4.2660207401649899e-06, 0.00042047894586185581, 4.2849294614518661e-06, 0.00022953838983637639, 9.4642023115563438e-05, 0.0016121708888709903, 0.001568679864216037, 0.00010569770664331292, 6.4350661532016644e-05, 0.00015979128618040037, 7.7107108550800949e-05, 0.0014162414459955297, 1.2425741130749321e-05, 9.61658640663234e-05, 0.0023253807123515048, 1.0717606453367358e-05, 5.0572140622832135e-05, 0.00029115364058819333, 9.563681620869876e-06, 6.498347822415049e-05, 6.1297472384279299e-06, 6.4933573624109851e-05, 8.0689694464087188e-05, 1.9980949516399313e-05, 4.7680978770284077e-05, 7.7957978942087091e-06, 1.546847100344368e-05, 0.00019580747352020204, 7.182538192438098e-05, 3.6166393232002982e-05, 5.2398272797024128e-06, 6.3646287179315091e-06, 6.303759223242307e-06, 2.5334635897649843e-05, 9.4292993572543993e-06, 2.1283465661578581e-05, 2.004907923081968e-05, 8.7361000236105446e-06, 2.2064743095642979e-05, 0.0011481949561423703, 0.00035601610534863906, 3.1746440524088769e-05, 0.00023840882317136434, 2.0094467347197848e-05, 1.0120184539219514e-05, 6.6351798224131669e-06, 0.00010092531420872858, 3.2077678702070125e-06, 0.017919568382724588, 0.0095128891345047963, 0.00012278664160645633, 1.8963157226399558e-05, 3.7410821048258213e-05, 1.1730246377380072e-05, 3.3744836080515531e-05, 4.6595942100567108e-06, 1.9511462636340285e-05, 5.2626303894751917e-06, 5.1245000978517624e-06, 1.0377535318004765e-05, 2.087453537655998e-05, 2.6011113276886063e-05, 0.006988883968911376, 5.5844379279675932e-06, 9.2250649478168694e-05, 3.9045911863895837e-05, 8.2504181195015655e-06, 2.3921650856967781e-05, 2.2943290688932171e-05, 1.192871291281977e-05, 9.6631202924214423e-05, 6.1602139488948723e-05, 6.1043223555223058e-05, 0.0021525270665313239, 4.8097401930835027e-05, 2.3742727166636151e-05, 8.786441473363197e-05, 0.00025697788051346989, 0.00012467202180340431, 0.00025614089395052875, 1.0441428684754951e-05, 0.067381115176422479, 0.25290729606304535, 0.0024195017791234117, 1.8083336682357191e-05, 0.0024181268998996991, 3.3918435670161915e-06, 0.0014819641167824174, 3.0674694395770889e-05, 0.00017990791970879286, 3.8537165213549561e-05, 1.9040951776918723e-05, 0.032666533927880943, 1.0214617432014576e-05, 5.2260503985209304e-05, 6.9800084800218199e-06, 0.0063101690284605577, 0.0002073728687941184, 3.013805338042146e-05, 0.02374083475561951, 3.0084248611861456e-05, 5.3058890039406109e-06, 1.520274805303409e-05, 1.3921429834090976e-05, 8.5308426124526321e-05, 1.6963601266409423e-05, 8.3348879165451515e-06, 1.1950273458754129e-05, 0.00014776845649044971, 0.0045506320484296073, 1.9607589789517802e-05, 8.0506649068387136e-05, 5.2340679301271819e-06, 9.2312289187222064e-06, 0.0005759900557890874, 1.7251214044185619e-05, 0.00060758910768454624, 3.0222842924128927e-05, 5.2421395426123267e-06, 4.7967439358107935e-06, 1.9976125619443541e-05, 2.3810948503554813e-05, 0.00015574662632595362, 2.0842994201123464e-05, 9.1664657315944346e-05, 3.2948673985960714e-05, 2.238674830571527e-05, 0.00019902318617623287, 0.00030004455991786968, 0.00019282083284274685, 3.0004539257957955e-05, 3.3801346669889136e-05, 0.0025088151176476774, 0.00059121121646226956, 1.578457961471013e-05, 0.00054182617446261344, 7.0174871714205183e-06, 0.020440841178115121, 5.3259458953108407e-05, 4.5306987616353122e-05, 8.9061370909384878e-06, 5.3458065024486252e-05, 0.075017036574846194, 0.00064359276595453722, 3.974532752875251e-06, 0.025561431167067706, 0.0009947928690573365, 8.2301253565469793e-05, 5.4213285944535703e-06, 0.034354322286051453, 1.3665506361542032e-05, 3.5147299875088576e-06, 0.020971842184430139, 0.0011080026575869093, 0.00011778570208459188, 2.2652336621592057e-05, 0.05022102798842535, 3.3936910105896009e-05, 2.3244361269416014e-05, 2.3840201053132349e-05, 1.0119892193610669e-05, 7.3441394324567985e-06, 5.2709718528476619e-05, 2.1082267902447421e-05, 6.5633754378892239e-06, 0.00085070560306396692, 1.5119918142806858e-05, 5.3480447016834494e-06, 3.1881271359730525e-05, 6.1286627855474678e-05, 7.3836138355281756e-05, 1.0250040930820391e-05, 0.00059567998946502543, 0.00010670092417262811, 1.7560363361605227e-05, 6.5092261704860065e-06, 7.7215315533354201e-06, 5.1388876088850351e-06, 0.0044165473105832525, 2.098098963558832e-05, 1.8319751255075196e-05, 0.27362487627703919, 1.2472111905870658e-05, 3.0470788778673648e-05, 0.0048327262348437684, 9.7550943455778731e-06, 1.1221941855721398e-05, 0.00140589425472276, 9.5862884480636143e-06, 4.3685792880360559e-06, 0.00014900649163406785, 0.0047251457572180799, 1.8905365939995841e-05, 0.023929539460409748, 1.7247856069311735e-05, 4.0318212372470015e-06, 2.7101228276455878e-05, 0.00011947693792884582, 9.6437712365099687e-05, 8.9857817747814915e-05, 5.7411003519875414e-06, 3.3671130274029563e-06, 5.8689196044850547e-05, 4.9781429879615137e-06, 5.2462058217041492e-06, 4.165167146541111e-05, 3.0582880505199418e-05, 9.8337237060965463e-06, 1.7352743216686591e-05, 0.026171005517709105, 5.2387959027465692e-06, 5.4023619044952255e-06, 0.00017087935910196911, 1.1185684121013749e-05, 5.8828884015755121e-06, 5.3678757956317835e-06, 3.3807430550017483e-05, 0.0006333227885430829, 9.1786641195976446e-05, 8.841048964302971e-05, 2.6706688174163767e-05, 0.00010141921497914165, 0.00064787310566076517, 5.5005570590878338e-05, 0.25742775025137016, 5.4378720660143057e-06, 3.0444787588357552e-06, 3.815540374990792e-05, 2.573245764931229e-05, 8.7298394753790345e-06, 4.0662107414101478e-06, 7.4489955961901298e-05, 0.0011063542853006305, 8.3207089192421154e-05, 5.3843636768937498e-05, 6.8471522435998873e-06, 5.484132271140253e-06, 2.1808551761061115e-05, 1.1265921677379076e-05, 2.1385385739237284e-05, 0.00023887641862126998, 1.2854017054492354e-05, 2.5608828272881159e-05, 3.9924952442968169e-06, 1.2693839074506668e-05, 9.4935631944021605e-05, 0.38067467993699883, 0.0023038942419638122, 1.0972022790217021e-05, 4.506008059182019e-05, 8.5753009191827994e-06, 0.0022973724659203646, 0.0026117827800605851, 1.0014162862377052e-05, 1.068646720084726e-05, 0.024629010416560505, 1.9053077685713953e-05, 2.5331951278567452e-05, 9.947323614363839e-05, 1.7703187169478118e-05, 1.4108938450518804e-05, 1.4858829283888881e-05, 0.00011671082100026968, 2.6986174802515414e-06, 1.0062208919586349e-05, 3.556483724794129e-06, 0.0087139355856111714, 2.1740489099146375e-05, 0.00019221977652259309, 4.3080117626830247e-05, 0.0072995905153044847, 0.00013270252902605964, 0.00026093537278536644, 0.00126605683086655, 1.0812245674641088e-05, 0.0001026028002287317, 2.688289306805385e-05, 4.5227366850833679e-05, 7.2094286855828338e-06, 7.9550718246247433e-06, 0.00051953450985136695, 3.5157160368023828e-05, 1.9713921525885435e-05, 0.0023370237503103305, 0.0051898567072825776, 2.2449798844950172e-05, 4.4250429938050275e-05, 0.00031035342133212926, 0.017277881464542271, 7.1931593142301681e-06, 0.004942879793922373, 0.086065241041442017, 0.0007071914260746335, 2.0856389413540627e-05, 0.0019043274966614784, 3.3818644067304535e-05, 6.6369170677487552e-05, 4.8138112957056635e-06, 6.8489845461274747e-06, 0.0056538218758273775, 9.3388326189551655e-05, 1.1169310460892963e-05, 3.5458236904002482e-06, 7.6308420508009888e-06, 1.216544883947867e-05, 8.579822634926444e-05, 0.0023756683282918924, 1.8856415191646966e-05, 2.7085821760466666e-05, 7.2516789212314361e-06, 7.8855803040690764e-06, 0.004198229773914138, 6.0990109109081677e-05, 1.0123853926355285e-05, 2.0664422448094451e-05, 2.0943882314187168e-05, 0.00069575710814453432, 6.5904608948454774e-06, 2.2071930899147202e-05, 0.00034075362388972423, 5.3142033078888773e-06, 0.029270863007651433, 1.0256168380575931e-05, 0.14546104438447188, 0.000694986816154257, 2.0056693190494391e-05, 7.5559626039829717e-05, 5.0747810254438616e-06, 0.000543889732742429, 0.0010166368146896873, 1.9563750318584003e-05, 0.00022356176274913468, 1.8596380824192835e-05, 0.0042030009047219572, 1.0407586491512808e-05, 8.082415558425871e-06, 0.00010390945781615174, 1.0868601415356601e-05, 1.5328272595929319e-05, 0.0001648907814154254, 0.00014464446785987517, 2.6685255770176959e-05, 1.2095594515809744e-05, 2.7563066606465339e-05, 2.3104311829529637e-05, 0.0017794486406918766, 0.061220501876219677, 1.406199691620049e-05, 6.8853710234917536e-05, 1.7152678975423273e-05, 1.9065076172093699e-05, 3.4680935492379033e-06, 0.00016957711012919406, 2.1281518870394311e-05, 1.7471061882457369e-05, 3.0231630950992803e-05, 2.4202796945051969e-06, 7.6531971734659203e-06, 0.00018192534293566816, 0.001332328894638994, 7.2243763110514699e-05, 3.2047402226915898e-05, 4.9770819734988676e-06, 0.00045655216116794719, 1.0988474669390869e-05, 1.7746753580865714e-05, 4.0092216901641349e-06, 5.0817969106612212e-06, 0.00017812635251510369, 7.1793422457559666e-05, 0.016363807007125517, 4.3077063216933195e-05, 2.5051522578520524e-05, 5.3155223295565533e-06, 1.1194929698661951e-05, 0.00051297434297985982, 1.1802638599322284e-05, 1.7814304890833218e-05, 1.1090003589866982e-05, 5.274082235783387e-06, 5.7866031103537687e-06, 1.8022410462634189e-05, 1.3617214149303588e-05, 7.3027551550171362e-06, 4.1087300692326273e-06, 9.7647580279308354e-06, 1.8759526752319959e-05, 5.2062452256963654e-05, 3.4461363869456826e-06, 7.3533168193365945e-06, 1.0452641346221498e-05, 6.7593207147702882e-05, 0.00039818285512664264, 5.2953526592019526e-06, 2.1315158841830038e-05, 7.5917233601294933e-06, 0.0060208011149525831, 1.2450930331271509e-05, 1.4152716423371985e-05, 1.3967345322638194e-05, 1.0827433619386671e-05, 0.014654075169533791, 1.0432048995213334e-05, 3.9723924577818414e-06, 0.010540679202555567, 5.58865691289169e-05, 3.0623323061425486e-05, 1.3614158603576372e-05, 1.720168533582193e-05, 0.00097893358281765457, 1.3402395663006275e-05, 1.6558615007204986e-05, 4.6080428859858229e-05, 2.8947629160704959e-05, 6.3985142618466007e-06, 1.9211786081218675e-05, 0.0031747612341490265, 4.2526017094553081e-06, 1.2935527496964378e-05, 5.0642893836685098e-06, 2.4298288862185302e-06, 0.00015622816877385482, 1.2640281310859761e-05, 0.00022533786676854001, 6.1579527596244509e-06, 1.1109984985032781e-05, 0.00068155663029583803, 2.9801819610413929e-05, 6.2729169119870532e-06, 1.1948369728129128e-05, 3.3359451879065203e-06, 1.5348440500228578e-05, 2.4445238487439419e-05, 5.4009273736111566e-06, 2.9051582579479717e-05, 0.00013029561737770159, 2.4646313828519576e-05, 0.00013370172493860997, 2.6029457634670675e-05, 1.0392467817318732e-05, 0.00011849608971612286, 0.00039618765903004348, 3.6264343538621382e-06, 9.5434887514575417e-05, 0.0048971391812653023, 1.0277381901596681e-05, 9.6284548409618304e-06, 0.013358878185522968, 5.5256635193085036e-06, 0.00076287939448661183, 4.9939050873879888e-05, 0.061509789015489737, 6.2229427932503506e-06, 4.659293391372303e-06, 1.5890391523225731e-05, 5.4524696162978411e-06, 1.2588863593189251e-05, 1.0652331361802433e-05, 5.9648436326154109e-06, 3.665127701874077e-05, 6.0598973756200566e-06, 4.9016788755900437e-05, 8.1245760025094785e-06, 0.00031731996221558362, 6.9126777141647775e-05, 0.00027618878652913844, 2.642812818677613e-05, 1.4864908628815336e-05, 1.41089288443246e-05, 3.7641546853826469e-06, 3.4411141085996015e-05, 0.00012160540875526855, 3.7299082606497018e-05, 1.0400757807421195e-05, 3.9983015796109504e-05, 0.18881039952162931, 6.1249649893093743e-06, 1.0422586870220763e-05, 1.6143966702310338e-05, 5.4571311529437829e-05, 6.3126653929268865e-06, 0.00015611467918326877, 0.00010313170472729595, 1.815423467199123e-05, 8.9069455504424422e-06, 7.2011175271164714e-06, 1.4907165499816322e-05, 1.2235540430637775e-05, 1.9550127006504659e-05, 1.06023422756572e-05, 0.00011059986570369901, 0.00025252640760719793, 7.6857838443483495e-06, 1.4746629686645642e-05, 1.1303368336282422e-05, 1.1965810878318577e-05, 1.0233725649625869e-05, 5.4044740846158803e-06, 0.0010168527078816372, 2.1974529391725749e-05, 3.951426335411523e-05, 6.4707148285653553e-06, 6.281134994312963e-06, 0.0004534541531143935, 0.0002019844693186311, 7.972908199686633e-06, 0.0011716264999027416, 4.4540669617663358e-05, 5.2937260093966533e-06, 1.8716874950894971e-05, 0.00027409285810849358, 7.4096074978362078e-05, 8.2536019803265677e-06, 3.4543774694255548e-05, 3.5535599993346562e-05, 1.0261431582736314e-05, 4.8765033750626439e-06, 1.0479420926453162e-05, 8.4932182482930018e-06, 1.0844656331663356e-05, 0.0026656196164635427, 1.4979384320957288e-05, 1.4028465063377425e-05, 0.0046580405103115417, 2.0040343829519907e-05, 7.7545612688134311e-06, 1.0100858455748151e-05, 0.0052392343269777346, 1.6773160546963053e-05, 0.001087403670252317, 1.5023241774072703e-05, 3.3917217098863803e-05, 0.0002120255822589349, 0.014287960654639961, 5.1996877907311643e-06, 0.0022657508217004507, 0.00015346496615402527, 9.3882392170873372e-06, 1.3718054442411027e-05, 8.2184947104156235e-05, 2.4473395254020747e-05, 2.63437547767166e-05, 0.0077862325896240221, 5.4663029898659803e-05, 2.4693330980634249e-05, 9.6203925479325012e-05, 8.2383337174943324e-06, 2.0467509632441146e-05, 9.7805031163816607e-05, 2.0299928537307868e-05, 5.7178265935462881e-05, 1.0423976020991546e-05, 9.2674306086917765e-06, 2.6768063535197525e-05, 5.4514732966711441e-05, 3.3506803014973659e-06, 0.00017839359957249874, 5.2416718026614787e-06, 8.2622364945415992e-05, 9.2758791187018907e-06, 2.9733932394586982e-05, 1.3885229429505535e-05, 0.0080441256843294846, 0.46757849253584338, 0.00013523415004495937, 6.8664520111539265e-05, 2.2589254165027241e-05, 0.0045275640468230944, 1.7716306107791903e-05, 3.3900776150525127e-05, 0.00015056837319284765, 1.6300746266693281e-05, 2.3340804146512413e-05, 0.00021307360859870364, 0.00037227227200305668, 0.00022148707620935935, 5.3887243293712971e-06, 5.2424836489188209e-06, 6.1578608115632691e-05, 0.0037088721505686337, 2.8195483854954137e-05, 1.5677338054530931e-05, 6.3045616831663198e-05, 4.2627694155272783e-05, 5.5079211127965258e-06, 7.2213739632329376e-05, 2.1464362932039626e-05, 2.0858268967434224e-05, 0.00013539718521810698, 0.00012893577479849828, 1.854437394711024e-05, 1.9164827278965778e-05, 1.048443212733369e-05, 9.4420170751771677e-06, 4.9322534026460036e-06, 6.9526077772992287e-06, 4.6247461649738136e-06, 0.00034312755656046973, 5.5225352954291364e-06, 6.1978222083791898e-06, 0.00046392896712902217, 8.6873153187175977e-05, 0.00011543858455018398, 0.0011823408527975453, 6.5360526768962053e-05, 7.0420805978869819e-05, 9.1851720101761368e-06, 0.00018996062260744239, 0.067595099081344409, 0.00071520507276104123, 3.011882760245084e-05, 2.6231524801415426e-05, 2.0981549833963906e-05, 6.9061031892018499e-06, 2.0555457595245772e-05, 3.8447695002151288e-05, 1.1972243244058384e-05, 5.2458322912445877e-06, 9.365308962689916e-06, 1.2769141359787646e-05, 6.4144647374516037e-06, 1.0247069909957974e-05, 3.4139397150462355e-06, 0.00028191761349873583, 9.1804552971806613e-05, 7.0655724437025173e-05, 8.5866131661392937e-05, 0.002489958389571981, 1.9020189964081911e-05, 1.2523290603373166e-05, 4.1564997164390912e-05, 4.5704270860440251e-06, 0.00010547756085694252, 0.069486498353002163, 0.0010182070715258438, 2.6751972064052805e-05, 0.008536626564185263, 9.6672578619775979e-05, 7.2770227120221294e-05, 8.6208342280592594e-05, 6.6540436605992789e-06, 1.2839085764102109e-05, 0.00074226620913855131, 4.1090051793191326e-06, 2.2648540283000716e-05, 0.0064031849958587402, 2.2169330445515126e-05, 2.8855656146806956e-05, 2.7189709306078997e-05, 5.2654934173981973e-05, 9.9979815614438319e-06, 0.0012440474582557997, 1.8269280816545941e-05, 1.4481507719046973e-05, 8.6183797418088807e-05, 0.0026749572389862288, 7.5353326962088831e-06, 4.4694109646670347e-05, 0.066483920677816624, 3.0258238149491305e-05, 0.0046365485310045753, 2.4117882202191144e-05, 5.1165992798627788e-05, 0.00027044638327994856, 1.1234322212065957e-05, 1.4703750088426899e-05, 4.9400574344235511e-06, 0.00080630517649183384, 1.7669445518487956e-05, 1.849736459326695e-05, 7.1236318080061326e-06, 6.7343879972928217e-06, 0.00032381204690677353, 2.3119616335973005e-05, 8.2859788773609312e-06, 1.0053055061135381e-05, 1.5547433205878303e-05, 5.954621724359135e-05, 1.7849729080616502e-05, 2.5001073166539186e-05, 7.6448515184064945e-06, 5.3413265152356138e-06, 1.0743816245001174e-05, 1.3580249843520112e-05, 9.6186153920162931e-06, 0.038899819480358554, 0.00016642502897111752, 4.8834711950899148e-06, 2.1527413497973484e-05, 6.7943647466369266e-05, 9.8895638711338889e-06, 5.1339160280096708e-05, 2.180179928882253e-05, 0.000132266028404174, 0.00015692019194923188, 0.00057660783426729807, 0.14280562760727325, 0.00021743519946052303, 1.8894220570652596e-05, 1.0263893303214193e-05, 1.0504562626071415e-05, 5.7528217676163182e-06, 4.4611264770224309e-06, 9.0520974910054142e-05, 9.963514195659634e-06, 1.6620408941507034e-05, 8.6326669369524723e-06, 5.2473450245635763e-06, 7.3487985767790481e-06, 3.5088605837751779e-05, 0.0048880465305531206, 1.6701420375180901e-05, 2.9986693261087836e-05, 3.4163696398803076e-05, 7.3546711118761007e-05, 1.8803599849427816e-05, 7.2715927356246211e-06, 9.5264987507449207e-06, 3.3516155641579309e-06, 0.00068291874719766715, 1.2237774242040426e-05, 1.5995666439255776e-05, 5.5728395756337829e-05, 4.596773048463421e-05, 3.9036438539731151e-05, 1.017587729678331e-05, 5.8307744027276973e-06, 7.7077357005591343e-05, 9.5587926575063791e-05, 5.1824222581284848e-05, 6.428258044561392e-06, 9.4749425172342585e-06, 1.687396098213586e-05, 7.3313344323036467e-05, 3.6312236747579522e-05, 3.2784257336359954e-05, 8.2472523582247466e-06, 0.10315188884240176, 1.022645235767102e-05, 8.6848463227649807e-05, 1.1337517177695175e-05, 5.4259940091128434e-06, 1.7060151656298948e-05, 0.0013927266967358198, 0.00084359467180576144, 6.4769425936220292e-06, 1.3458005741711874e-05, 7.4210844641846505e-05, 1.1793008951911898e-05, 0.00014463423279402284, 3.3730584991461753e-06, 1.0280079084994047e-05, 1.4067861276382385e-05, 1.897675395647706e-05, 0.00043571334845931799, 7.9829621666498252e-05, 3.3418083020740491e-06, 8.3441472585676622e-05, 5.3538319734361111e-06, 1.5054222334683975e-05, 1.6597680201575295e-05, 6.542734266982113e-05, 2.1332118908139884e-05, 1.5133520879373653e-05, 3.3286593388598436e-05, 2.7705006694481222e-05, 3.6365739789384132e-05, 0.00018464296586515917, 1.8774440707791543e-05, 2.0521090705918083e-05, 8.2630926007169524e-06, 1.9268537463401966e-05, 1.0584990679602923e-05, 1.0364373113847249e-05, 5.695405922899891e-06, 7.4919778603930395e-06, 2.5753231120094057e-05, 9.1482363240093521e-06, 0.00037225034512418869, 5.2875082525029475e-06, 1.0036848219324203e-05, 7.3936447021146341e-05, 0.0016039894707863113, 1.2210054758218062e-05, 8.1244103680076572e-06, 1.2923021751369469e-05, 8.4965493965140981e-06, 5.1353418864001988e-06, 1.1207385954699018e-05, 0.007747266894521653, 0.00061126690735993584, 6.6531441156212994e-06, 8.409083436653504e-05, 4.5284202938541365e-06, 1.2414418904426731e-05, 1.282689458441986e-05, 9.8848540106407244e-06, 1.9008835093360794e-05, 8.3833410725167061e-05, 3.4001273813400668e-06, 0.0019200848583847397, 3.7164597366038436e-05, 7.7770466479994724e-06, 7.9206988619102544e-05, 7.1804242383175616e-05, 1.4540765652183693e-05, 7.0126178905151916e-06, 4.7455942969840049e-05, 0.16235078366972427, 5.7898960153510959e-06, 1.6770069669608275e-05, 1.086395016747554e-05, 5.516169070859396e-05, 0.0012470695700061883, 1.035303049149879e-05, 2.0552618302496749e-05, 2.4268007930010525e-05, 2.6882783616531897e-05, 2.6380337680492819e-05, 1.0939318982491499e-05, 9.0097178371192668e-05, 0.020204386601734136, 1.4470555257677277e-05, 3.9677312577582702e-06, 0.00017051165386835018, 5.9466474174705915e-06, 1.5184834150625416e-05, 3.0463710591963275e-05, 1.2230104281026649e-05, 3.5959080296321512e-05, 0.0011351263163709266, 0.0010363503226887651, 1.5157776379829811e-05, 4.6819871795079745e-06, 1.1759117533273558e-05, 5.8335794031256517e-06, 2.7879930904314051e-05, 0.000675646543026799, 8.0938251017999792e-05, 2.6348808030109988e-05, 0.00016452639307709297, 5.1906739521644096e-06, 1.0645532831900308e-05, 2.5199826707921094e-05, 7.2401615363591368e-06, 1.3874158673526363e-05, 3.3717758156867848e-05, 5.1974084694409684e-06, 0.00010228144427338961, 0.016020376795535064, 2.7550690671090946e-05, 0.010840252604366172, 1.4739563526952584e-05, 0.00015082576352012741, 2.3074941117089718e-05, 9.3196166668523496e-06, 9.0227843385522595e-05, 1.0388243149695785e-05, 5.8678651457349157e-06, 5.81171598747611e-05, 3.0725408572454191e-05, 1.471929855286947e-05, 1.034089899636116e-05, 2.0632073085066863e-05, 0.00016541970519415238, 0.00012526382547086901, 6.3110615215319317e-06, 0.00078581629767706805, 0.06929534942304337, 1.0281608190914506e-05, 6.1820459874010391e-06, 8.2727779195123438e-06, 1.0348346338240186e-05, 0.0022605248082989931, 0.027532878820340903, 5.0052676105541037e-06, 0.00067291902014552025, 1.3101296106345608e-05, 9.8686692460354133e-06, 2.2146136445474115e-05, 0.048180463412084637, 2.0041615651353238e-05, 0.00018109104952892586, 1.7042791545926264e-05, 0.00013817504052016701, 2.0511010530096744e-05, 0.00026583064939863284, 0.036185750171645104, 1.0516053877798562e-05, 0.0014812508160406785, 1.9718821980166305e-05, 0.00043160231590722411, 1.3201861276340694e-05, 0.065058919340766352, 5.460671464750815e-06, 2.6106752414724096e-05, 5.843970083760405e-05, 6.9683640923720228e-05, 9.5510132581297563e-06, 0.0027715145339169984, 6.7051050963716216e-06, 1.0965274269049633e-05, 9.6571951904898446e-05, 4.7384449558033323e-05, 3.8240784688578078e-06, 1.2085060475258296e-05, 6.2257480187395342e-06, 5.2201064177882264e-05, 8.5781933961337326e-06, 0.0001243628267784858, 0.00088794752952104186, 9.1783042451975527e-05, 0.003048815195460131, 9.1119099536627905e-06, 1.5513640896968253e-05, 0.0022628041816943108, 7.1481847781841789e-06, 6.6473372182273131e-05, 3.8162873020815502e-05, 4.6393053698876906e-06, 1.9258011760850693e-05, 1.0507379533847377e-05, 0.036671382970393344, 4.7887516844733038e-05, 9.2906490154709546e-06, 2.0661034645066896e-05, 1.4053850543630344e-05, 0.0034839330580624973, 1.6049601870262408e-05, 1.4213005308699717e-05, 0.00048311116132589285, 1.0382010622089781e-05, 0.00079299203736538418, 3.5517606141331626e-06, 2.1883778176200765e-05, 1.4010511434631575e-05, 2.5469020574233211e-05, 0.060233688517273933, 5.5937126190396636e-06, 7.7113178814639303e-06, 3.6502590753314634e-06, 4.6299367036394542e-06, 4.8832124333587911e-06, 2.8495006835302365e-05, 1.3530144573477894e-05, 0.0012677401272400523, 2.0682255172117024e-05, 4.5579528831451054e-05, 2.1069897528689988e-05, 1.100914479043173e-05, 3.1188814392907963e-05, 0.00032918124385977157, 0.029858106061185184, 7.345155436261427e-05, 1.5250065280876223e-05, 7.994539418699474e-05, 6.6626288770932143e-05, 4.6861007393483026e-05, 1.1378108239983633e-05, 2.9513253812460432e-05, 3.5664996671181935e-05, 5.2455611191186103e-06, 1.0407465838952196e-05, 8.1918895655361876e-06, 6.5345552352143633e-06, 0.00014019321543085744, 1.0427344851063679e-05, 0.18660679833124824, 1.0661641479314768e-05, 5.5917827962477699e-05, 6.1041998851269756e-06, 1.4028190055665248e-05, 3.7822976918611203e-06, 7.688573145430855e-06, 1.9665546853332585e-05, 2.2155991828411231e-05, 0.0024309774374023114, 2.1560955572013695e-05, 1.1541028430406897e-05, 1.1835154199714799e-05, 6.2334321378730626e-06, 1.3310683127338691e-05, 0.00026151022711284124, 3.383297939117135e-05, 0.019805353502142277, 0.012300333163749694, 7.2939798833060177e-06, 6.323183127575443e-06, 5.1687480966141746e-05, 3.6752437363215915e-06, 1.7835715546547122e-05, 7.392401296250167e-05, 0.0012521377147041691, 2.6184714974159547e-05, 1.0985177484440186e-05, 6.3719483799646682e-06, 0.00023084808123455849, 7.5428374195766172e-06, 7.1285999291209757e-06, 0.010872556980536728, 8.2726915397514964e-06, 7.5396539864871004e-06, 2.1952776896167779e-05, 1.0345180118601391e-05, 1.0020122840826887e-05, 0.028347031097450383, 0.015301364685458835, 9.321190417895084e-05, 4.2854732034343299e-05, 0.00011219506973159038, 8.2944565651602256e-05, 7.4206172575172389e-06, 1.9974359012807183e-05, 0.0023301744158358176, 5.1368112275102398e-06, 0.00039372912078161604, 2.8927518385174453e-06, 1.8317815889826123e-05, 7.4418943833859365e-06, 0.0020238429496801076, 4.8135268352300714e-05, 0.035938723987793034, 0.00016148147690704523, 7.8717891561752497e-05, 1.0295757343319131e-05, 1.6718104210315929e-05, 0.0060425369040323085, 9.0518760237905211e-06, 2.6725377602179738e-05, 4.178713912152534e-05, 6.3932789531429801e-05, 0.49187717737804054, 1.0098571638033528e-05, 2.4622767145534793e-05, 0.00029285933449783316, 8.0310325198654082e-06, 8.700841831269334e-05, 0.0025122252059297597, 0.00012512190283976769, 1.2534443828247365e-05, 2.5264270962510646e-05, 2.6671865473970844e-05, 3.3247687964055706e-06, 1.7938512006084919e-05, 1.6200825507533249e-05, 1.6413101026258784e-05, 1.3968748559754559e-05, 0.00098315814699935955, 6.5619497929808452e-05, 1.2309087098585035e-05, 5.5341282366849904e-05, 0.0032833260313318629, 0.085851063946947345, 0.00038600978042133003, 1.037782719231078e-05, 2.2712713231501256e-05, 5.296269250471016e-06, 0.0002665031503959275, 5.3423159274850114e-06, 5.293610506075348e-06, 2.1689914485455702e-05, 2.7813061366667647e-05, 0.0018701616583412513, 1.2037928531652107e-05, 5.8651149834201224e-05, 6.8194745079372467e-06, 1.0222896053890476e-05, 1.0355116901351102e-05, 3.9251697031291878e-06, 1.8854870647490768e-05, 8.1882348099514054e-06, 1.8913613262089877e-05, 3.523793086014688e-05, 2.7270698149794715e-05, 0.31133026590116475, 2.1576001947920647e-05, 0.0071653297489817488, 0.0054906768135514015, 3.3366148817946952e-06, 2.9920792138954435e-05, 5.3069881173133507e-06, 1.031257671078798e-05, 5.3143915446556141e-05, 0.0011325585886539475, 1.5594029505502425e-05, 1.3688140428714652e-05, 5.787318975423389e-06, 0.46949203671276157, 1.0486722806133788e-05, 0.0019742019094937235, 1.0320905919404523e-05, 0.014188149756712339, 4.5983606921249901e-05, 6.0294278919709148e-06, 1.0771852469834989e-05, 7.4940311582728976e-05, 0.0027984820082042677, 0.081457681160655687, 2.5666942704980919e-05, 0.0035638515530329912, 0.00012656590234089306, 0.0016302262406046604, 0.0025841441647710571, 0.00058230474772087552, 1.8303272455181606e-05, 7.3869252403713998e-05, 0.00011720983981289912, 0.00083317852433374858, 3.1398859229484742e-06, 0.00018821158919393862, 9.5922590660339779e-05, 0.26519934543970641, 1.8607505893599069e-05, 5.038137304039979e-06, 3.9766665953538967e-06, 1.1884215236208341e-05, 1.0215906135502012e-05, 0.035407763312749925, 1.9235334132553966e-05, 0.00050567258317480031, 9.1239959919699262e-06, 8.8889348557150098e-06, 0.067845573526598743, 1.0648318023354743e-05, 8.1001722293845359e-05, 4.6044881412949363e-05, 2.1575779946620678e-05, 0.00011253432315553417, 0.061140954464887001, 5.5351924266377254e-06, 1.036680125007757e-05, 1.193485631632672e-05, 5.8384015717855356e-06, 1.4666122274364499e-05, 7.7451656090678233e-05, 1.4347641219536198e-05, 6.598103998646895e-06, 7.2868069762626673e-05, 9.9118245657003754e-05, 1.0716414054647209e-05, 5.3034037013297488e-06, 1.077409694825464e-05, 3.9535712724078588e-05, 0.0017130702772446924, 2.6198854902935043e-06, 1.266756201070757e-05, 1.0979163052234826e-05, 9.9206911690709782e-05, 0.0004816794171077349, 2.6299742158291067e-05, 0.00088688069582792723, 3.2713637407049644e-05, 9.8061329327923329e-06, 0.0022712013651005783, 5.8354694796588919e-05, 2.0084972713890988e-05, 3.7149241982767855e-05, 2.3570137499390295e-05, 1.8297112265870341e-05, 2.7022810647793941e-05, 3.9118814058820516e-05, 2.0425649096288802e-05, 1.8086079453201393e-05, 2.8002476595770086e-05, 1.9052569280764639e-05, 0.0046989005243251647, 9.9794708250013379e-05, 5.6766272991911576e-06, 2.1904247109487758e-05, 1.2778667884092389e-05, 0.092292205263275306, 1.0178487576117059e-05, 1.0380535995911364e-05, 5.8449557466295533e-05, 5.7113565981774623e-06, 0.0051212166907724493, 2.7606677849466546e-05, 2.6952603593369343e-05, 3.8899742142288851e-06, 1.9192506248090823e-05, 0.0011209156709160305, 1.2559697005144525e-05, 0.012831412299770646, 1.5055659137180589e-05, 0.0018626697907792591, 0.0016175192130589303, 1.1734711514822571e-05, 7.193913749205995e-05, 1.0516373014420166e-05, 2.0557181984595823e-05, 9.7519117368114033e-06, 5.4007540760075469e-06, 1.1950331967358646e-05, 1.6510935401604159e-05, 1.5555267346049015e-05, 5.2295705109916035e-06, 3.1823285072600112e-05, 8.7318631737428838e-06, 1.4315674742327735e-05, 1.2825292232620752e-05, 5.427292112900412e-06, 4.6670635119496348e-05, 0.00024284087320131521, 1.5420343447118769e-05, 5.4469554724093871e-06, 0.00037541110703148521, 0.00010780099919437117, 5.1578754578955819e-06, 5.6700486033763428e-06, 0.00070363012369581792, 2.4032749499535253e-05, 2.6301636423197938e-06, 0.0021185790838569598, 5.7786744063243024e-05, 0.0024646649777371032, 6.6642961638266572e-06, 7.8348441679481074e-06, 1.7558219952645026e-05, 1.2661575760865918e-05, 7.2017838895833064e-06, 0.00012022170692092775, 0.021541371954719675, 1.4619963667966451e-05, 0.0040009186180788511, 1.0413504649631387e-05, 5.079049545943061e-05, 1.7210992542292749e-05, 0.001170467979924624, 2.1006406215456419e-05, 3.9251201014050519e-06, 3.4439458100732952e-05, 1.0704825386660254e-05, 4.7486004890109651e-05, 5.9236281781612692e-05, 7.4573239046069415e-06, 3.5050129112554006e-06, 9.8389109831892126e-05, 1.8861319602557657e-05, 5.6928027498088492e-06, 9.3702038527636066e-06, 0.00028592058476901088, 3.1502345414292557e-05, 3.5330513441830618e-06, 5.1802266819611881e-06, 3.1625719264833087e-05, 9.5670214086992594e-06, 0.00073978996794870407, 0.00087142715152732956, 8.4586759097993265e-05, 0.012443610975044379, 0.00040598290677784768, 5.4790461411481535e-05, 4.256141172375635e-06, 0.00033034355743883904, 0.00025015820375983279, 0.00010628245784827758, 7.8271109581709178e-06, 1.0326500241370636e-05, 0.00034079999125494637, 2.18291814538152e-05, 3.3123709177879223e-05, 1.0184078608475729e-05, 1.7831873230666537e-05, 0.00023179300318719828, 2.9117881920686229e-05, 4.5454354934219259e-05, 2.2425832364051715e-06, 4.9344221918917184e-06, 4.7795169472621706e-05, 0.0019365769570124937, 2.0164422297954515e-05, 1.0220500612676581e-05, 2.4741376181376067e-05, 1.1066558184898761e-05, 5.5719619440172624e-05, 7.063229334615963e-05, 3.1661374937355564e-05, 2.4091310564235428e-05, 1.3137040273256794e-05, 0.0010204262083785259, 0.00020993883107782221, 8.8249538379108793e-05, 6.611940786972814e-05, 4.864506226128506e-06, 2.738317757952602e-05, 0.0012838979015912496, 0.086819048448107783, 0.00011268836995125845, 0.0011835890706816856, 2.295393055884072e-05, 6.9890980744973618e-06, 0.036780249775626779, 0.0010173848564507656, 2.630860609092597e-06, 4.7714693348463213e-06, 0.019090034500522442, 0.00012544084710212197, 0.43188994162634287, 1.2745635285468839e-05, 0.00010188463819346332, 3.6202379023680559e-06, 0.0019759257421520099, 1.5667369966087369e-05, 0.00037213762768817247, 0.00057658191980403106, 1.1469034931729731e-05, 5.7762031634521483e-06, 2.0753800243433662e-05, 0.00036939158478803787, 0.00078371480811671886, 0.00042292019699835965, 8.8352230050020219e-06, 2.1099897254600397e-05, 0.00024003529694239926, 0.00075638232982698245, 1.3236080380123598e-05, 9.5789135565384999e-06, 0.000132042030792913, 1.9861078700800063e-05, 8.9334630753779555e-06, 0.012883695810417794, 0.00010877962136863233, 1.1486677171286615e-05, 0.0010970794203949443, 0.00011059702349432248, 4.996375501633153e-06, 1.6787503130102831e-05, 1.9071516281251031e-05, 1.4344507310892695e-05, 1.6356123646931727e-05, 5.6811217208058914e-06, 0.0001922412037609965, 0.0037886677587593053, 0.0015807779845644812, 0.0084524598142889339, 6.8039064897408255e-06, 1.1147003279278799e-05, 1.4566705744572235e-05, 6.9182631694501384e-05, 8.8223499455436796e-06, 4.0906317742722463e-06, 8.8534738097132282e-06, 7.6441316514515249e-05, 7.1351935805966787e-06, 1.7753562020545311e-05, 1.69742140001128e-05, 0.0096398020211686669, 0.00010526555914602804, 2.7917797131147156e-05, 1.3086924095213854e-05, 5.4192212594084908e-06, 0.00025631677502820251, 5.429308620165878e-06, 7.9875074864628511e-05, 0.00019254563569878955, 3.4309707984244021e-06, 0.0025636516304073701, 2.6699634654593635e-05, 1.8931277721191451e-05, 3.5631527898520428e-05, 1.637543351373648e-05, 4.4630378945079442e-05, 1.2489815076925242e-05, 5.4141986007478684e-05, 3.510124876525876e-05, 3.6733057065227695e-06, 0.0018830723442483908, 2.5487954728290459e-05, 7.0809702968002245e-06, 0.0023082916473421461, 0.0018480933869133528, 9.7692074956339247e-06, 5.7010813889075409e-06, 2.9145480038066909e-06, 2.2886147107717037e-05, 2.1605833254098035e-05, 0.0046463695318210863, 9.0000428249327499e-05, 9.7618957532812927e-06, 1.2344053937025901e-05, 2.0170594097314545e-05, 0.012475201763327719, 5.1960357948597545e-06, 0.00018204387091978446, 9.6518306133905165e-06, 7.0694833060402641e-05, 0.00018935518924556157, 1.5640776693928183e-05, 1.0268839482063656e-05, 4.1570675113835343e-05, 1.0979551444753807e-05, 3.3002484106660032e-06, 1.0678148735801007e-05, 0.00012822345304285433, 3.6236381999222181e-05, 0.00017427958274488561, 8.7651853868916696e-06, 0.36117809781470017, 0.0037506062470377085, 0.019841973224497739, 1.6872748739050582e-05, 4.0487099471093946e-05, 5.5769201547157996e-06, 1.5030481662575305e-05, 1.7247823087397274e-05, 5.2509499666065427e-06, 1.0376909391417903e-05, 0.00013634086951528336, 0.0012638441399137783, 1.1806949124375854e-05, 2.047840457095167e-05, 3.7393040279024107e-05, 7.4550845954606017e-05, 2.2292348073422294e-05, 1.311306923196498e-05, 1.0776849922155744e-05, 0.0032540148956947002, 1.0790725866489142e-05, 1.8789142781957768e-05, 9.5703709102742279e-05, 5.326344094266055e-06, 1.4873901981944988e-05, 4.8899569613670598e-06, 0.00012428784398571145, 0.3398352407338337, 0.00020801851220002439, 1.749797453460558e-05, 8.8978067786936913e-05, 5.7441476560046933e-05, 1.0477509907039079e-05, 1.0075867427150083e-05, 0.0004776839415083439, 0.0002016900761893568, 1.5014602658413969e-05, 2.2563984071882295e-05, 0.0007984407900631091, 1.1338532320150977e-05, 9.108915643072148e-05, 0.00050472788496003435, 9.1437010899437415e-06, 0.0013426901380082057, 0.011008308252700907, 5.3738772393063706e-05, 2.7426746611204486e-05, 1.9638440345229556e-05, 3.1691656782137531e-05, 4.9173791223813842e-06, 0.0024167514843162485, 0.13611793799411187, 0.0015470597561653937, 0.010740342560841665, 7.3171730834440513e-05, 5.510743064860671e-06, 4.8150665400789037e-06, 9.5366048797983606e-06, 1.1636759574613305e-05, 1.0211218362074863e-05, 0.0035944123871403952, 5.2508241310003542e-06, 0.00038311043566559831, 3.3732647803472121e-05, 0.00045805397972159659, 3.1351169357709685e-05, 7.2478495310895268e-06, 0.0029188276164395181, 9.9704091412790579e-06, 6.992160443928074e-06, 2.6697581036397177e-05, 0.00010119130827446672, 5.0528904042882148e-05, 0.002461453670966817, 5.9547500389341329e-05, 5.1513374201652535e-06, 0.025668161122350017, 0.002428916688008799, 0.0023431148596746217, 0.0087086371276295475, 0.00034990417275891324, 5.8012583427255563e-06, 4.9247460084147061e-06, 6.0808102206455455e-06, 5.1919358544025906e-06, 6.1854607998667977e-06, 0.007788057027937308, 1.0209802739921227e-05, 2.358364590844564e-05, 2.6786763511770518e-05, 0.00021494457510482678, 3.3216052450790912e-05, 1.7310470084818841e-05, 1.2157684234877598e-05, 1.0796066784486581e-05, 1.7927925995729161e-05, 2.7861372690795061e-05, 0.0014195837094931611, 0.0014206259467021136, 0.026309677679621543, 1.0425964880899018e-05, 1.3194256595661615e-05, 2.836098381628383e-05, 0.004176486832839125, 1.5501722499764158e-05, 5.302156115716766e-06, 0.0001553056801995779, 5.2548655103859996e-06, 2.4514722254799946e-05, 9.2848845091148088e-06, 9.5464772741935957e-06, 7.3836024685524637e-05, 1.0369809553803698e-05, 8.1393485260919865e-05, 0.0018433405445745326, 0.056187671195521899, 6.9689774358381155e-06, 0.00015952606497000098, 9.5599338486378748e-06, 0.00012154876458630862, 3.4381502038710229e-06, 5.5313911428724248e-06, 0.05325223159199103, 1.2707585970241917e-05, 0.0060562589252416751, 1.0619533525032096e-05, 0.00053827061771691026, 6.8964854795736907e-06, 1.3727880267450717e-05, 0.0018281362621209093, 0.00010715004595710065, 2.7979410450363399e-05, 0.0007522464461818079, 1.4199652969639133e-05, 8.3815920019947727e-05, 0.00037147433204332502, 3.2312428758321997e-05, 0.00020175864122585539, 0.019609754246062656, 0.0067069364160238457, 0.00029382636016080527, 1.4932249706213388e-05, 3.3622352175884587e-06, 5.3317028791673594e-06, 9.6913244581369774e-06, 5.5845226867678946e-06, 0.00010045152884033657, 7.1599852060812592e-06, 2.0143509462312645e-05, 5.2441589516233633e-06, 0.00032645865046515007, 4.1939420275575517e-05, 4.9529302985656631e-06, 0.00056677173947717696, 6.8156148000887224e-06, 1.3771840250459106e-05, 2.6330347497422503e-05, 5.7928146848434468e-06, 0.0019156464152303742, 5.4148907421315282e-06, 0.02056796655766302, 8.0557322209209215e-06, 1.0063523904939349e-05, 0.00038472272074982993, 0.18704936547928794, 0.031838488438012097, 1.0825395691448654e-05, 3.5199390472100691e-05, 3.5432590955242316e-06, 4.3395881510077593e-05, 1.5900956933652256e-05, 1.0627517574024715e-05, 3.3748045081025362e-05, 2.5250047922368799e-05, 9.1950093997545396e-05, 0.00011933786435016035, 4.7243868185593751e-05, 5.6513133855082243e-05, 0.00034964256527467011, 8.8568250082158076e-06, 1.4849116582100771e-05, 1.4228883363035631e-05, 2.9690947642854221e-05, 1.073977420418272e-05, 2.62947251915872e-05, 5.9050090107805283e-05, 5.8374212339682926e-05, 6.0269681063865555e-06, 2.4170345047563181e-05, 6.4497947935468757e-05, 0.00024259574268017503, 0.0016384026472883444, 5.405932315018831e-06, 4.3943927761227849e-06, 2.1907307603630287e-05, 5.3326118802859891e-06, 8.3913119662530994e-06, 1.0563293719179777e-05, 0.004639629190023125, 0.015982544796331901, 7.1410030879887645e-05, 1.3815815525206825e-05, 2.3607603284010698e-05, 0.0014559960504459657, 8.0524877611444105e-05, 3.5817261614784509e-05, 8.5899883894271681e-06, 4.995043760463936e-06, 6.5290085263005701e-05, 6.1365917291825998e-06, 0.001806420572630038, 3.1137506359193037e-05, 1.9931066263605994e-05, 6.8226640580033362e-06, 7.2477760140625346e-06, 0.063542981680055177, 1.0346544110440367e-05, 0.0018001084001445201, 0.0014799387243406008, 0.0010497945297049819, 8.8757349940255922e-05, 5.2426362129229568e-06, 3.110076408473738e-06, 1.0672369775760915e-05, 0.0072125764647591002, 2.1625620493713455e-05, 4.4783132762671436e-05, 0.0074624588295995444, 0.022466083223857007, 0.0017062293221364508, 5.8744575937179138e-05, 0.0022328008663922393, 1.0072143036908154e-05, 0.0010434448497629251, 0.00011155901286296453, 4.6947671075333496e-05, 9.6138267472437946e-06, 1.2666085251964265e-05, 8.7680614763670198e-06, 9.7509034785571777e-06, 9.0227878888764679e-05, 0.03155602159389756, 1.1386822755473782e-05, 1.6544485834743271e-05, 1.1404360221577245e-05, 9.2277126935214605e-06, 1.9368311011599634e-05, 0.0079791294132675016, 3.7653258254367124e-05, 6.2697852402871428e-06, 4.88881342193426e-05, 0.0023771211895399816, 0.00011067588745609541, 1.4972006022634167e-05, 1.7147352239380882e-05, 4.7614272674663388e-05, 4.80354230696779e-06, 0.0027871185639066968, 0.00057548561006825723, 9.0187833594230449e-06, 0.0001385761384392946, 0.051572069439767297, 3.9969071744345317e-05, 8.8254970463069327e-06, 7.8081125506108842e-06, 0.005229892360283683, 1.1372565931260859e-05, 0.19639550578814113, 7.8200905736267623e-06, 1.640388666822564e-05, 5.2982468314589323e-06, 0.00051850209365959235, 7.134744351030545e-06, 7.7553035842347205e-05, 5.0162354669696483e-05, 0.0061747034986439665, 1.4937569608640921e-05, 0.0015752484275425264, 0.0015109719324466328, 2.7201825091403315e-05, 2.1021530977135647e-05, 5.173756346939015e-06, 6.6506702481002567e-06, 4.8307520234458279e-05, 1.0096275835353478e-05, 5.5824005896077551e-06, 0.018818615723278389, 2.7962286108318495e-05, 0.0018751370923947828, 1.0460854192829625e-05, 0.0023646913787942494, 0.00027222079317532874, 2.0294338350541821e-05, 1.5492756695974777e-05, 6.3673277835261037e-06, 2.5374899609005841e-05, 1.4871387164983765e-05, 0.0014554914366913967, 6.0166203702357872e-05, 3.5977825438300402e-06, 8.1379817495475327e-06, 3.786757147617264e-05, 5.9139144382197977e-06, 0.00035911604579793861, 0.010120419340989787, 1.4334041688145256e-05, 0.00018783993196737434, 0.00063942098242506385, 0.00012019928513465039, 2.7756058725003321e-05, 0.00013650593547435633, 4.6260352150881624e-06, 8.2743119637974309e-05, 2.3529359586414973e-05, 0.0024844240174409882, 4.2545048735936217e-06, 6.5048848355566001e-06, 3.3579062763280736e-06, 0.0001349214099086252, 0.00053321885093895853, 5.4715615903161324e-05, 7.2945121371364016e-06, 0.010320609669752085, 6.0758449752990774e-05, 0.057889260159833748, 6.8763657788217659e-05, 1.5455234169412546e-05, 4.6528638764803979e-06, 0.00077468715262076241, 1.432728095788877e-05, 4.4252070104239792e-05, 1.039728292717408e-05, 1.6359857879988788e-05, 9.8896854270327075e-06, 1.038493881873825e-05, 2.3842780271499738e-05, 5.3145660684183022e-06, 5.4444996781738214e-06, 0.0015510986827679857, 0.00013419689436164434, 0.19949916778936377, 0.0025887103982326029, 0.0036220230990537954, 1.3996376115691548e-05, 2.2993632475978818e-05, 2.4911103308046366e-06, 1.0042749850271075e-05, 0.36503851114532676, 0.00019058736345234112, 0.014769817214353645, 5.6266030046092724e-06, 4.7966952886152817e-05, 4.1873992790852298e-05, 1.5358415193259111e-05, 0.00013728745026774563, 1.037041629346518e-05, 0.00076569666297655165, 4.4596961849427548e-06, 0.00083486499128814764, 1.0124601011451452e-05, 5.1315284082511212e-06, 2.1622009997673381e-05, 0.014057897967249032, 5.49050215440837e-06, 5.2897586456346127e-06, 0.0017958748867514752, 1.2724740452419514e-05, 0.00017494747899970796, 1.3245343305687736e-05, 6.4144015322367906e-06, 3.5894224671399282e-05, 0.00083677205017635239, 8.8749729555777129e-06, 0.001292601186272296, 2.0224043588925815e-05, 1.8861839960691877e-05, 0.00026854793132918652, 0.0030459656556290414, 4.5616894442527475e-05, 2.5777740096664442e-05, 3.1812221035581659e-06, 0.0010795758263799826, 6.1256509283182789e-06, 0.00041143497284643212, 8.5900530901350349e-06, 0.0020902960820684056, 0.00011769892818246688, 8.7784343419349563e-06, 1.6374903226204492e-05, 0.00038724376301159234, 2.699835198415359e-05, 1.0516544972209335e-05, 9.7667614250693554e-06, 3.411700928235372e-05, 2.4651884639549509e-05, 0.00057173953340831094, 0.0029355275195854335, 1.6646892730501623e-05, 1.880509162149634e-05, 5.1839099960740826e-05, 1.390740930251916e-05, 1.0575464056955856e-05, 0.00231644660519459, 5.6738450526481733e-05, 4.6187827001585021e-05, 0.1200844119844111, 2.2193584626414607e-05, 0.00021843457289092653, 3.6029715712063808e-06, 1.277223505895553e-05, 6.7530271967332565e-05, 1.5357364396791183e-05, 5.3263767757780545e-06, 3.4267223656563648e-06, 0.0010730295975359717, 0.0021805323706089812, 0.00059607745386835325, 8.0508997746281248e-05, 3.3557780118022762e-06, 0.00086699175534796409, 2.4035608934317889e-05, 3.5034279023330655e-05, 2.3257037253739011e-05, 4.1528423002961691e-05, 1.3702141543413223e-05, 3.3057587503779382e-05, 0.015830853528174031, 2.1660091466465809e-05, 5.3601311443749654e-06, 8.4668556088596598e-06, 3.5811829697011372e-05, 1.0504435446772344e-05, 8.4591882080524125e-06, 5.0880344771400252e-05, 0.00011893636672281158, 0.018454553412482876, 0.00013645756936225278, 1.0348068436578414e-05, 5.7215015446251322e-06, 1.8289239313101973e-05, 1.0401209885776342e-05, 8.843722276824377e-06, 1.4397938384855217e-05, 8.1199926352799756e-06, 8.0665555028687047e-05, 5.5069402225824471e-06, 0.0028102425690071701, 7.947557757143467e-06, 0.00020760747794408883, 1.6231552231400241e-05, 0.00012166941638057705, 2.4563721656748109e-06, 9.9768254655094728e-06, 7.850146755065699e-05, 2.0988351043476873e-05, 0.015271453525158674, 0.00092254171197991191, 7.8510146433511051e-06, 7.212932260389712e-06, 7.5891670586683825e-06, 0.00015530992151457156, 3.5215609761418265e-05, 1.9044935368395029e-05, 1.8598662013142605e-05, 6.4487428503451507e-06, 0.0015576416788198788, 2.5665405419453877e-05, 8.207566996038231e-06, 7.1662039467939136e-05, 1.3690904080312109e-05, 0.00034062751374463307, 0.0055593357875235285, 0.40105938585934958, 1.8546058473706564e-05, 1.6401360540389432e-05, 1.1178394527285272e-05, 5.5958916703288967e-06, 5.9542125992814235e-06, 3.5383193496436887e-05, 2.7253435683868796e-05, 0.027859283127864554, 1.4820954425351582e-05, 2.2344432445369934e-06, 1.3682711254187795e-05, 3.6279766782910512e-06, 1.4228376906402032e-05, 9.4611528274254496e-06, 0.00012502205291585873, 0.0024572333878322278, 0.00017661349549341499, 0.00027452010304713543, 2.9682630292911506e-05, 5.4815933477622304e-06, 2.3202788147913114e-06, 1.2741733565538446e-05, 1.221413919788519e-05, 7.0913700822246366e-06, 4.4502092788441646e-05, 1.3953085606036979e-05, 0.00090697826722615127, 1.047596282575948e-05, 6.0503955274893985e-05, 5.3720336177733072e-05, 2.9593669295617591e-05, 1.0186009034786227e-05, 0.00018958147162425313, 0.00022112604441281165, 1.898445685371743e-05, 0.082064727738224749, 9.6718011825107386e-06, 3.6714515746118841e-05, 5.0772562157373136e-05, 7.5828957599108387e-05, 1.0877672172579115e-05, 1.4141842097407101e-05, 0.00065807405247577126, 4.1745026889475063e-06, 1.5838507848421749e-05, 1.4489379324944413e-05, 0.21783155947929295, 0.00010617202211547618, 0.023117574733357005, 9.1600387664557672e-05, 1.0132901862792775e-05, 9.6193340522486319e-06, 6.3470439291798801e-06, 3.0319666684710959e-05, 8.321964542110891e-05, 6.0466253245598555e-06, 2.8703496292494178e-05, 0.00017955530665719475, 5.2931853212882961e-06, 0.00013957331322831569, 0.052033020545379782, 5.744506795431547e-05, 0.0019990677146004563, 0.0018296736465151667, 1.38685866079252e-05, 0.00067289273583908153, 0.00016622705420030659, 1.1270043003502063e-05, 0.00023858909078274278, 0.00013069060276612026, 5.0773375351100948e-06, 3.9458794355695521e-05, 4.4184911117716886e-05, 2.4867710367603534e-05, 9.7615175257894707e-06, 2.4977154430524261e-05, 2.871706649052273e-05, 2.0401339536765874e-05, 1.5995240315059297e-05, 4.0798135229420406e-05, 6.2412121291898454e-06, 2.0299439497051548e-05, 1.195909402012911e-05, 1.8968500259558101e-05, 0.010613961950309794, 9.399565265069107e-05, 1.5552554740866226e-05, 0.00022562565905812383, 0.010718733037970333, 0.039633912980932703, 0.0066877270363395105, 5.2062863400718771e-06, 1.0693255365468205e-05, 0.00084213596615464624, 5.1880577164199486e-06, 0.0012179927630817883, 0.00045971367568493264, 5.0925375282111006e-06, 2.1528393747785443e-05, 0.09504261126604549, 0.00010870758905326815, 4.3526266102411153e-05, 0.00096827706940809713, 0.00020585287053739482, 1.0168881948444229e-05, 0.00074594127436387056, 2.5911422092742449e-06, 2.0390625655383316e-05, 1.0332392097215389e-05, 0.00019004712734874024, 5.1904775016073673e-05, 0.00010281453178229941, 1.0325451669983873e-05, 0.00010461728541067218, 3.1153515242199878e-06, 1.3863181545870836e-05, 1.8860837095224357e-05, 2.2346203768446875e-05, 8.3702646679201541e-05, 7.4436562003897731e-06, 0.0015424182196219088, 0.0056690915498380356, 0.00057956411006101539, 0.076533758913999647, 2.0286865286744883e-05, 1.1419165348158714e-05, 5.4253254180529066e-06, 0.00015599758628445298, 0.00014181137344122625, 2.9225918051619004e-05, 1.3167523527402983e-05, 5.1418119102028304e-06, 1.8921676355156371e-05, 4.4667791277522351e-05, 3.29107527638553e-05, 0.0028846967185406696, 9.6913406223986349e-06, 0.29775766225961237, 3.3962775659166695e-06, 1.1611434049500799e-05, 0.0018544738395799495, 7.4526256820071378e-05, 0.0029105450166782509, 0.000341651336252633, 0.26354812800729421, 8.5622910225548235e-06, 0.12103378604142145, 8.0486290554044232e-05, 2.1712312670799596e-05, 0.36520653025190625, 0.11185771559704986, 6.5521684015855565e-05, 1.040899782421433e-05, 6.6659324456169168e-06, 5.3324512032292295e-06, 1.7514561550053045e-05, 1.0329235006783523e-05, 1.0416964579845789e-05, 0.027373597693040597, 0.0017232186197535424, 1.9014518207355327e-05, 1.008658314014568e-05, 0.00015823357770860727, 2.1034068968431195e-05, 0.0062085749421832495, 0.0023979474598623276, 0.00066934441238880777, 0.00177698594015478, 1.1179615345629824e-05, 8.0671631011462863e-06, 1.0546089497001937e-05, 0.00092070734249113028, 0.043520563350675313, 1.0073223131236388e-05, 5.4082790802527088e-06, 0.00041220459952408868, 2.3698007292388192e-05, 1.9094472632256276e-05, 5.6342058715296438e-06, 1.0445090934962318e-05, 2.5676660893005361e-05, 1.0057269713135263e-05, 0.00011841215638121584, 0.00022633630907839745, 1.0347721059001525e-05, 1.0389757083601731e-05, 0.024629906494336523, 9.5863542278242472e-06, 0.0019138085333780862, 1.0755318200000245e-05, 0.0027470992773694102, 7.2777818243502356e-06, 2.0104649981163221e-05, 5.3280834463680724e-06, 1.296880526266457e-05, 5.3340660923024006e-06, 0.053055777846305018, 0.00016834447013596649, 1.9904352710267207e-05, 1.5424326662510179e-05, 9.4437449353116759e-06, 7.7123733240870287e-06, 0.0015118243677169736, 0.0017067649024403656, 1.5781500808089945e-05, 6.0912121393080366e-06, 0.00016090268713528111, 6.2251327855654501e-06, 1.888089193483912e-05, 0.0026905906174761861, 0.00087852008652243064, 0.43369669279573825, 1.0303039695163582e-05, 3.2057188357876715e-05, 3.2087628530404703e-06, 3.4999348401433654e-05, 5.2345238497086998e-06, 0.38138090766220256, 0.030657266359220333, 1.2359975392444166e-05, 1.0759290899023169e-05, 0.0099165700129067984, 6.6793656999024426e-06, 1.9456018708106273e-05, 1.3416060375027867e-05, 7.5209934952089947e-06, 7.3140580508178214e-06, 5.7739851310434829e-06, 8.4437215259475668e-05, 0.00023255422552510838, 1.2399912904752929e-05, 2.392850351381883e-05, 1.0300005304245451e-05, 0.0011870389096816276, 1.0513183725083999e-05, 0.17726894034763027, 1.1093601343939147e-05, 0.054852071680437632, 1.0570498872681335e-05, 0.0016259784974467274, 5.3693294825458988e-06, 1.1083886842308019e-05, 0.0021347364120126262, 1.8758223890660811e-05, 4.2193377910813781e-05, 5.9158536493399417e-06, 0.0011205572244585148, 0.018415308878055633, 2.0128332994303119e-05, 0.00021263451286186095, 1.8976468503378687e-05, 7.2685334868308009e-05, 0.0016203782259261985, 1.1860023182960702e-05, 0.0010429676773906949, 9.8110899568899677e-06, 1.4490328812342748e-05, 0.016162779311187939, 0.0020985300225707833, 2.5613991264960055e-05, 7.7767798493255663e-05, 1.1172811124429786e-05, 2.6254132203783246e-05, 4.1020796816338927e-06, 3.376115635685205e-06, 0.00013275444113211061, 0.0006756095002326875, 0.089014798699075387, 5.3738478331999458e-06, 4.2580730124361854e-06, 1.8850140296423144e-05, 0.48463856793715443, 4.0453123156243925e-05, 8.5408235724342094e-06, 0.00019910195468496181, 0.017812387532236029, 1.0603299165287869e-05, 0.0012127530224167278, 7.9174379462950944e-06, 1.1392390727422463e-05, 0.013947190384320724, 0.017065996014649951, 1.1030362251917239e-05, 2.2373752003918769e-05, 0.0026985592409075757, 6.9992186060303439e-06, 0.002284466005620411, 5.8211853061727796e-06, 1.0252080470404433e-05, 4.4512247534122325e-06, 0.00290714747366472, 0.0012637586431082102, 1.0270304811177553e-05, 2.382276740095107e-05, 9.2956428551781663e-06, 1.0381717899080522e-05, 0.0013847218468372013, 6.1761234249891667e-05, 4.3011074526320913e-06, 9.2234103782827843e-06, 0.0010681596938535468, 0.047846483187164487, 6.9779382474977969e-05, 5.1501235506877692e-05, 9.2497337085410487e-06, 5.2644469718410666e-06, 1.9259774998648731e-05, 0.00012146490069904153, 0.019883542093361933, 1.0424620166300874e-05, 0.0091642711420969365, 2.8475436619250863e-05, 2.0517427966331949e-05, 3.1488637491738062e-05, 5.2327419995495765e-06, 1.941160284406114e-05, 0.0066567483259920264, 0.00012905460906596834, 0.00010738150137911824, 4.3502170360976009e-06, 0.0013083156889435511, 0.00037370226599812463, 3.3674704751282608e-06, 3.0312863569543251e-06, 1.8733045273759861e-05, 8.406322418475004e-05, 1.990940963812616e-05, 7.6997761741656523e-05, 0.00010132436017355539, 0.0018647719431024124, 3.0371960589681377e-05, 3.0173270543339925e-05, 1.6761552263502224e-05, 0.0039701016426736757, 0.0020900049669608559, 9.8913736638628805e-05, 5.2155839460170555e-06, 0.00063892257323249749, 0.056163996835203872, 8.4118089403358777e-06, 6.4702785277640065e-05, 5.340828073285674e-06, 0.0001763490775016001, 2.323860237856699e-05, 1.0818471539340522e-05, 5.3868532269364639e-06, 3.3732689544816829e-06, 0.002053564335381927, 4.2635902469088661e-06, 8.1653260022781382e-06, 2.5932019839564943e-05, 1.8498740129419373e-05, 9.8723626899672534e-06, 0.00028208931048454673, 0.0039474367677264305, 1.880655023269143e-05, 0.0032940353473760202, 1.0377759016166248e-05, 0.49490008177363742, 2.3967955322139825e-05, 4.1107177481947124e-06, 0.00018705636923029974, 1.0524103555532802e-05, 1.5813182578418376e-05, 0.00011433846073474571, 2.5726007941582712e-05, 6.7705836024239862e-06, 0.37184328862832955, 0.00018002389251343173, 0.084897890309840546, 2.6546137171172708e-05, 6.6696863574587677e-06, 0.0016361913332833913, 0.00015058441749404833, 5.3333223258520591e-06, 0.0080198322969681005, 6.2595119886716487e-06, 1.5900396165646112e-05, 7.8149349404729294e-06, 0.0005669219364949794, 9.9591364279285931e-06, 4.9021064578628268e-06, 4.6944133454902656e-05, 0.00055121616102271067, 1.3657960877306541e-05, 3.0628786154977629e-05, 3.5195113531136164e-05, 0.0039192705423735409, 1.1924572299048725e-05, 3.0737342970051435e-05, 1.1832608533896509e-05, 7.7329601269448135e-06, 0.017169272182072343, 8.5246490152141534e-05, 1.0373282280789699e-05, 0.039307318740385129, 6.3705803250993757e-06, 8.1997371665925766e-06, 6.456142144448168e-06, 3.2262922511369097e-05, 0.0010140327106560804, 8.6644007033601396e-05, 2.9355213655676023e-05, 0.00011130134633375541, 2.1703279763118893e-05, 0.36576379821633048, 5.1977392035050801e-06, 4.2929363879415079e-05, 4.9876711298592138e-05, 4.1884947854474636e-06, 6.9944460964033051e-05, 0.00035401160753814224, 6.4786757542082218e-05, 0.0028957277384680162, 2.8400405416471648e-06, 6.8940675107413011e-06, 0.00082085078628725582, 0.00078294998673730321, 0.00050446570999350708, 1.4974304736411839e-05, 1.8160580180595097e-05, 7.7984558827496814e-05, 0.0019884771116256213, 2.9275118641801366e-05, 1.0973807798554213e-05, 2.1734129693804689e-05, 0.040602516406138309, 1.4926449184892074e-05, 8.7555742129529025e-06, 0.00026655287491472994, 8.51375352145439e-06, 1.4074497147384287e-05, 1.0646375061097996e-05, 1.1585589792930135e-05, 3.3684401322472973e-05, 5.3887614454940283e-06, 0.044660675735525318, 1.7719258099577871e-05, 2.1691577666714457e-05, 0.011257044806252286, 1.6505451844936404e-05, 0.0016017655517099163, 3.739784400274029e-06, 0.00041577566360224424, 1.5613693113021937e-05, 9.8821222617094417e-06, 0.027899801485900703, 2.8045553416479653e-06, 4.805393204662864e-05, 4.9276108572293382e-05, 1.0292623651695376e-05, 5.228716832559426e-06, 1.9632100754323925e-05, 0.00094375708737235115, 0.025115583370560416, 9.1131660545279744e-06, 0.0054772710067596203, 1.1487877423240045e-05, 0.00011222358916200682, 1.6764943481833852e-05, 2.6779731830072138e-05, 7.3555828846630037e-06, 6.5679051315032511e-05, 1.0760564346043449e-05, 1.4749126024812375e-05, 5.6249986143783091e-05, 0.015902912146341174, 1.0389900186836558e-05, 1.3221870391947186e-05, 0.002192405464577754, 0.29984952977887031, 2.8348530063397845e-06, 0.0051833806346068961, 7.4446361893234142e-05, 0.0022661227581985952, 0.00011271660491518241, 5.2579618688901211e-06, 6.4436077461018561e-05, 9.8381534126456493e-06, 0.00020422001433614831, 3.1788266052638137e-06, 0.00082310372618627935, 0.00023463175123574143, 6.4330384216912723e-05, 8.9759841534739231e-06, 1.051549789161758e-05, 3.0015132029671697e-05, 1.0530260079080055e-05, 3.8851417075198228e-05, 0.0026690244367496545, 0.20667878710393342, 1.289776307106318e-05, 0.00029005062248301455, 0.00068310897729364237, 0.46350263816429677, 0.0021426209699191116, 9.7403685839455841e-05, 0.0001541359653875188, 4.8520874147954503e-06, 1.798112396544181e-05, 8.6917285562836772e-06, 0.0053452717917062851, 1.4387080898862875e-05, 0.042345321504661956, 3.1344295619536212e-05, 1.2456839450152521e-05, 0.019244936404923862, 0.11124076783234645, 0.00023665668579188104, 2.0891944414652487e-05, 1.0397085693025854e-05, 1.2180048049806579e-05, 1.0078225558109119e-05, 0.00015909524216975031, 1.796383029306203e-05, 0.00059328409334994932, 5.5401547894620231e-05, 4.7165079891618284e-05, 0.019077040435368984, 0.00028329445838336822, 2.04796158815872e-05, 2.5214495928398662e-06, 1.9041258768233593e-05, 0.019302212975032346, 0.0077868874318430883, 8.2916847197328113e-06, 0.0086799879980805558, 8.4941633866224156e-05, 1.928928369184207e-05, 1.3525599401368649e-05, 0.002493346797712518, 0.0083864633732865079, 1.5513141881823397e-05, 2.4226777404034621e-05, 9.9300053364651905e-05, 1.4437878632420549e-05, 2.9389118190488818e-05, 0.00081112142642363961, 9.0347764841755367e-06, 0.00071674263271416289, 3.2961975514182564e-06, 1.8744425151791731e-05, 1.0510880201480056e-05, 3.3902673606712526e-06, 1.1930760733806506e-05, 0.00011300930150018312, 2.0494219238607321e-05, 3.9235099051103011e-06, 0.00011338215166237861, 1.7503548973818988e-05, 7.2309365437963776e-06, 9.0868642351700556e-06, 3.8600703338536951e-05, 4.0981087335717657e-05, 1.0158149874200136e-05, 1.0168598586621921e-05, 2.4456869170740939e-05, 1.9779552525174717e-05, 4.2461749902468332e-06, 1.2271990506468966e-05, 1.199469563641719e-05, 2.6543520978770015e-05, 0.00011549833961231094, 1.4563043629778504e-05, 2.2456543052793136e-05, 1.6541587816426806e-05, 1.8093657772152631e-05, 7.2369926956906942e-06, 0.0077292341815699958, 2.5893328270039181e-05, 1.8046707373857639e-05, 3.6756689926255804e-06, 5.2655517417984609e-06, 3.0520848144992117e-05, 3.0095707168756322e-05, 2.7664663756934447e-05, 0.0012570967142273679, 0.045456537838133158, 1.965696337361672e-05, 2.2657137983624096e-05, 0.00042401280331392393, 4.6440208150986308e-06, 5.0482837140659997e-05, 0.00013771660774231857, 2.6873810483977927e-05, 8.7921149498989591e-05, 9.8199863895484645e-06, 3.198272220722977e-05, 2.9505480811186163e-05, 6.3108838329771268e-06, 8.3090375714820037e-06, 0.0045971555278511494, 2.4113459009392545e-05, 1.1905238054672526e-05, 0.00046383838151339162, 0.00047536592359753509, 5.4603882481111214e-06, 0.00015843229524689799, 2.2534390859125906e-05, 9.4315826531318713e-06, 4.06743903223537e-05, 0.016148189551776198, 1.0036467698014467e-05, 8.4368444647009018e-06, 0.00040043573464477403, 4.0453762447196003e-05, 0.042516791777987763, 4.7534981120861952e-05, 0.0049325552904481177, 0.016623027571261152, 5.8527083297407102e-05, 3.3814214302670897e-05, 1.0464124058866109e-05, 1.2018685998248553e-05, 9.9738427782273488e-06, 1.0365403951602731e-05, 9.217720893651957e-05, 3.5483653080576508e-05, 0.011625155950327634, 5.7289169127893182e-05, 1.7652071039882439e-05, 3.7951273262094811e-06, 0.0004582254214372772, 0.00021930401732838425, 1.1726056811207171e-05, 0.0018993390379516842, 0.00022769530651718892, 0.00082276448316004477, 0.00019127427604535152, 2.8002310638634316e-05, 7.8400465850630933e-05, 0.00072236789938596156, 2.6761459371196257e-05, 1.0308445310027212e-05, 1.7370732964708853e-05, 0.013806064510926332, 7.9669580708979464e-05, 2.3824074581859386e-05, 0.0026666388070597583, 3.2307572503114212e-05, 5.4695386295620136e-05, 0.00031526058215375108, 0.0075054186459330334, 1.7706698421876881e-05, 0.0040385436128848821, 8.5338065855944818e-05, 3.3979723682207284e-06, 2.1779272194507486e-05, 2.4537514150707295e-05, 2.7554659067945748e-05, 2.5734500655034423e-05, 6.1256514260790352e-06, 4.4892839204374634e-06, 1.3727605558948823e-05, 2.8076791714645296e-05, 8.4918376096768735e-05, 7.8938407501632748e-05, 1.1537746196545151e-05, 0.0002824700237244439, 0.0092430302093288869, 1.1844327826222591e-05, 1.0170821387539659e-05, 4.7142138714724735e-05, 0.025298963867522724, 2.0693075556526777e-05, 0.00012643532705067028, 0.00010681478117302089, 8.1325451669945533e-06, 9.048005518818772e-05, 0.003371232575262647, 1.107094771611247e-05, 1.9239686497479384e-05, 0.00015333399101355241, 1.1981134942828346e-05, 0.0021211362674494346, 0.00012146251592481808, 6.5689179928623081e-05, 0.00024718796077500659, 9.7842026669521459e-06, 0.00013560446331433039, 0.049012051636229452, 1.1351160700199448e-05, 0.0001030197272377504, 1.4290891965190912e-05, 0.0030682935406590203, 0.0005854219695387205, 0.0001140161187308916, 6.9082801837988964e-05, 0.00032418642797779065, 0.00010722516683106217, 0.00049422293573211169, 5.9527715852980325e-06, 7.019519479332405e-05, 0.048507043589863998, 0.00017686994736015174, 0.0049627770563252117, 0.00017591031486816289, 5.2396839365185664e-06, 8.3103206109850806e-05, 5.2198230657175238e-06, 5.6043171408317616e-06, 0.0045901540124993791, 1.5653310077729244e-05, 8.507500520443102e-06, 2.5562628246259694e-06, 2.4902129744368139e-05, 1.0420005748653224e-05, 0.0094112748453534928, 0.0015897958673139114, 1.5936826377242482e-05, 0.069115751696262967, 0.042034900828906756, 3.0970729020765518e-05, 5.2261456855481331e-06, 5.1384330655637651e-05, 5.9700428687331888e-06, 0.057907316567680431, 2.6737325223906255e-05, 1.636829923317077e-05, 1.3787584989790192e-05, 1.2878537479055096e-05, 6.3373957141791217e-05, 2.2329304589060143e-05, 0.00044677004753816257, 0.00027116382777425218, 3.9241414251685105e-06, 1.1307522772218049e-05, 0.00029425944732973153, 2.6785826100413592e-05, 0.00010949054491653878, 1.4423306334975685e-05, 0.00070508912506791154, 0.00054709819041451498, 0.00011384326303545403, 3.2557619136160479e-06, 5.8120289681076939e-06, 3.7213201486711593e-06, 1.1286275195113964e-05, 0.0027732179849829608, 0.000649773561258381, 5.2841578298922437e-06, 1.1226879889182545e-05, 0.03560260428582953, 2.1379026960386387e-05, 7.0050283248753074e-05, 5.4025001777939126e-06, 0.00011527488545350328, 0.00069025701809424616, 5.3880215632686809e-06, 7.7581808462519947e-06, 0.00010151018276880224, 3.0656386249909344e-06, 1.9096395840480621e-05, 0.0010951249237407209, 1.1011660841555367e-05, 1.0378103129627801e-05, 3.097908451633931e-05, 7.8594665779458792e-06, 8.041216356013366e-06, 8.1700707845252865e-05, 1.6052330364782759e-05, 3.5797884990640534e-05, 6.1870524736460408e-05, 0.00015451101372613655, 0.053851338576248131, 0.0022665270213600821, 0.065582725067335743, 8.9593207094622315e-05, 0.0022259928533035428, 0.0001332405368048494, 4.3047813278177269e-05, 3.9347178567922474e-05, 1.1017816858516929e-05, 0.00071731822607937657, 1.1275240185517205e-05, 0.00097380238021308341, 7.4150344841454223e-06, 7.2091573874401434e-05, 6.6185159370755358e-06, 8.328051155490941e-06, 4.4063743814637548e-06, 0.00026037495552951316, 9.3489400327742516e-06, 0.029574995767991878, 1.8052568751547814e-05, 1.0291956192716037e-05, 9.0649247398477808e-05, 0.00042981067853515036, 1.4334589411061599e-05, 4.664154088928197e-06, 1.086336786171193e-05, 3.5487065747959907e-05, 0.063896389737790091, 2.3951634887210043e-05, 0.0011935024948724238, 5.2531523595733376e-06, 0.00017290565300301727, 3.3457364021815819e-05, 0.00010676787369754164, 5.7657174409675635e-06, 4.7844102639026787e-06, 0.0010130607780280462, 1.0395056993801053e-05, 0.062115682917685253, 0.001914033965319613, 0.0020902588953644287, 1.1002476163425188e-05, 5.9441443520556801e-06, 1.218962631424405e-05, 0.00019017565428572497, 8.369126616129774e-06, 0.14912261159096785, 4.1063394279552749e-05, 1.4781369261977613e-05, 1.0381218477791007e-05, 0.0050074398672058981, 9.059218201550872e-06, 0.0010384937364518749, 4.2072044687296196e-06, 0.00012087642229568746, 4.279245687448436e-06, 0.0018160603474150099, 0.030810405534764114, 1.6843224696382656e-05, 2.170926961758824e-05, 0.0015146892830069033, 0.023304431922676085, 6.8532211226651623e-06, 1.0635504284700585e-05, 0.00011439155436143869, 0.00021807795762668632, 0.0024497896446523536, 8.7692482589985131e-06, 0.00076201998291142994, 1.3358225241969366e-05, 0.00040298657115136522, 8.5593036438687807e-06, 8.3432357800627922e-05, 3.1354347176164097e-05, 1.0364393893833462e-05, 0.00016752199125603606, 2.6118220027746731e-05, 0.0001410166609685479, 0.0016372811109035565, 1.8885198321982266e-05, 5.7135358642592154e-05, 4.538945384319572e-05, 2.4848362657248917e-06, 1.9295110680332992e-05, 0.00052292241073227219, 0.0001495112192507754, 0.0039310839777737189, 0.00014666127815521544, 1.071393010323077e-05, 0.0033871029366813105, 0.067239060194579633, 7.8312011299887304e-06, 5.085334129726395e-06, 0.19580891254207364, 3.7972342725538896e-05, 2.2183397110868664e-05, 6.7163380983292705e-05, 0.051280228713458435, 6.1161998896993691e-05, 0.0064656251509454888, 5.4475136792501433e-06, 0.00021924220459128825, 0.019438178719258556, 0.0038861910237110381, 4.0195010722970586e-06, 0.00011164339573002339, 7.9445537438484167e-06, 2.5583291784467268e-06, 0.019573685594584507, 1.5757311816390791e-05, 8.4264026297607841e-05, 0.00037633394503246896, 1.0337742843790679e-05, 5.1286145074552443e-06, 3.4269754705116239e-05, 0.00027655280098512822, 0.11308827817862464, 6.856980102480403e-06, 0.028504969383978413, 0.0031243588714653745, 3.3607870051467542e-06, 1.9118811430647248e-05, 8.3937278794803059e-05, 4.4779669199969587e-05, 0.00012117901685070222, 2.6676488009712231e-05, 0.058697868234628289, 1.1282018196495608e-05, 0.00071730240313760008, 0.19136162275051535, 2.0022871542300388e-05, 1.1049377167125719e-05, 1.0393107955249534e-05, 1.8229204184110583e-05, 0.39064354443128774, 1.0393702682125115e-05, 0.022588653976572257, 1.6032363002795047e-05, 4.9130611407443099e-05, 0.00010645525027038726, 0.00031258977412085775, 0.0031712772570150179, 1.04626906630393e-05, 0.00015986041501416925, 0.11657939877507734, 0.02531202143176511, 4.6914622119383554e-05, 0.00023869735849835327, 8.0431044262159984e-06, 1.0374834915267186e-05, 6.1053589817308939e-05, 0.00022313492596073324, 2.4127734043399816e-05, 0.001770034494858801, 1.4094555735309334e-05, 0.0016374877855681827, 0.00017266430913507656, 0.00034377020822667264, 5.6625952771844372e-05, 1.8673247179901207e-05, 4.2592271406860353e-05, 0.00052406574282680808, 0.016133682520099238, 1.5194143975804739e-05, 2.5646352241331102e-05, 0.005420190372438711, 8.8406215584606573e-06, 0.00060085298638200464, 7.2009781923313798e-05, 9.6109357161658272e-06, 2.7996000711001859e-05, 1.7049351268252803e-05, 0.00017089439805826739, 1.8365609538483189e-05, 9.6919980069852275e-06, 6.1191662080223033e-06, 0.0001727332908192631, 5.5933351847968764e-05, 0.38312541306518166, 0.00010153955020496226, 1.158532138414491e-05, 0.00016036659260280654, 5.2438584971941971e-06, 0.00064161236487966485, 1.9302729926883384e-05, 0.00037384025383547522, 1.0907431234219209e-05, 8.6522148696588269e-05, 5.3549286015526691e-05, 4.3332483144884009e-06, 0.0033528114478322494, 1.7058069306769903e-05, 0.0047866252262637665, 7.3677931176190971e-05, 5.3056263523591212e-06, 5.2337190754699485e-06, 0.0047495552335958301, 8.1354201002105806e-06, 0.00019742175237493084, 4.9194713899007317e-05, 0.0056795412260877056, 4.8196546871829416e-06, 0.00042534500353174362, 5.3207462516955723e-06, 0.0080781907487425513, 0.0063165285252489312, 0.012234463054974207, 5.2511141884482776e-06, 2.5258804236814793e-05, 2.4556100567219083e-06, 6.6671890745050674e-06, 0.035110325757529377, 5.3285699755840548e-06, 7.498134551767375e-05, 0.00010084430726418257, 0.0024304301507511528, 0.0023617877621117662, 3.1492946197863228e-05, 2.532073256612285e-05, 5.3334018294146271e-06, 6.8658615685790047e-06, 1.0788641444281521e-05, 0.00011020154894389636, 6.4410334525084095e-05, 3.4049973411261703e-05, 0.00011497300846109699, 3.8512887301554647e-06, 1.8823526584898288e-05, 5.4983991302104917e-06, 0.00024632480792630411, 0.016258298452173886, 1.2678304959193421e-05, 0.1222437311083874, 9.7968002159199273e-06, 8.1547561400233264e-06, 2.6895172839510986e-05, 7.8854266653228758e-06, 0.00142826427744543, 6.513844224578956e-06, 0.00032790420281116739, 0.0022641794002120387, 1.1503157423448233e-05, 4.4193455099883968e-05, 0.014691413728722253, 2.2666646737794256e-05, 2.7266811783042001e-05, 4.2107372031456437e-06, 2.557441529977951e-05, 5.3890086763409839e-05, 0.00014339469118759322, 9.7489381305352311e-05, 0.00010232590988264343, 8.4997468510689391e-05, 0.0044312358315451864, 1.6742739554779355e-05, 5.1595839780330937e-05, 0.00017478856918478158, 0.0015349039348960824, 0.00012543217024417336, 0.00019717231949301691, 0.00061246710304354289, 5.59819756520603e-05, 8.9886056441184215e-06, 0.00025656405221309396, 5.8845923739775935e-06, 1.0876778108494821e-05, 4.7468607945720933e-05, 0.0053577592556278931, 7.1378678516194883e-05, 4.2588516216065553e-05, 0.00014596452443052209, 2.3774888726811906e-05, 1.0381124541911082e-05, 1.8855850284246944e-05, 2.4351797347837734e-05, 2.4543864156235954e-05, 5.3783062373316137e-05, 0.0010662055579991594, 0.00083176608890656934, 1.3185124918558928e-05, 1.6163328255999813e-05, 0.0201457996683761, 0.05218282859885507, 9.8407407920856488e-06, 0.00021332978501643156, 1.0730522479263607e-05, 2.3736801045628278e-05, 0.00010676756225316853, 0.0010628340768847554, 1.8127592928725769e-05, 7.2680329312134055e-06, 0.0016653501948062505, 5.6572874568974003e-05, 6.6434565412027048e-05, 9.8946450890504252e-06, 0.29411373278438313, 0.085048052790003062, 0.093602085040509403, 2.2020517981938201e-06, 1.4528656863634283e-05, 1.212989124367325e-05, 1.2982478174213159e-05, 1.5244733733045194e-05, 0.015853247056197655, 1.1799260683288688e-05, 0.00011003664742743853, 0.00090607267303405542, 0.052650361901380206, 1.0257988186503261e-05, 0.0038762023615930416, 4.7757770339733927e-05, 7.051267519379247e-05, 0.00026362605805192626, 5.2833619722071493e-06, 3.1753356231330024e-05, 0.00048549042949095348, 9.9882115123601912e-06, 0.23867310770269179, 0.00012370300010994937, 1.7278793644286466e-05, 6.3741930334840848e-06, 8.5831952680392757e-05, 0.0028463958773966205, 4.8517442878203555e-06, 8.3001609274179408e-05, 5.396050213536595e-06, 7.7118194491181003e-06, 2.4893791008798969e-05, 0.00011231832598029162, 4.3849996447203621e-06, 0.002759536116765758, 0.01340368754880064, 0.00067428426194419847, 5.2997562067855123e-06, 0.3366057530290591, 8.5626995845320428e-05, 0.00032536382733845454, 2.2957235457340715e-05, 0.00022749044779018401, 0.00010224549236102594, 1.2100025857471079e-05, 0.00012517784788648091, 2.0651694366079509e-05, 2.5486460798960491e-05, 0.0045749881742588767, 2.7799052712894765e-05, 0.00023905670946604464, 4.0850102593041508e-05, 0.00013763728840405706, 0.0026363695714608244, 2.5640509317792451e-05, 0.0019877662648137852, 9.9064353952173176e-06, 8.1454661675247535e-05, 0.0024001147361912977, 1.0866158679691602e-05, 1.4039751722286558e-05, 0.00040163839231409273, 3.2074547124672416e-05, 0.00011654410160423214, 3.3549099758212765e-05, 1.6467205829671683e-05, 5.3393791705021096e-05, 0.045643735367713802, 0.0050266293322794708, 0.00018896963679638511, 0.18797708507157854, 6.6799170998240885e-05, 0.00019813981892132087, 5.0798259495495062e-05, 0.0087832009559559148, 3.7523782055474958e-05, 1.0535017914923068e-05, 0.0067122109856035351, 0.00030993482516901747, 5.4467925057612576e-06, 0.40041163130971796, 2.9358391751359965e-05, 5.668944800467749e-05, 1.3849111460309638e-05, 8.0090938206299868e-06, 9.892743999201705e-06, 9.2791601067034777e-06, 0.0015661731451606707, 6.7461973698123469e-05, 1.5380246348196984e-05, 0.0023036741152072651, 2.7092450635923927e-06, 0.00026678499830242613, 6.2948515985204278e-05, 1.5443426323931213e-05, 1.5895104234367244e-05, 1.8783945842774782e-05, 2.6082505127554526e-05, 4.6608850929088116e-06, 4.8121661149914893e-06, 0.0024275952354642035, 0.00014853109898945848, 1.3219283209574507e-05, 0.00013061512324210665, 2.357133463493244e-05, 0.026652999801357127, 3.1674293765566515e-05, 0.12570711648893734, 3.2311766430795385e-05, 4.5533695865227624e-06, 0.00046349641346931497, 0.013352573996675783, 0.00027304555839699555, 1.9403603404436548e-05, 5.8254724207063217e-05, 1.7508390181243447e-05, 1.1744984514072217e-05, 0.00059236018366400165, 1.2577308202312899e-05, 4.8684146653296068e-06, 0.0027086010007899247, 4.2240181138513235e-05, 5.7519592035755831e-06, 4.3411039206870467e-06, 1.0378906979804433e-05, 2.3394046247200578e-05, 7.7816255218218827e-06, 4.1643227137267695e-05, 8.3707018462275074e-06, 0.00061998694903705369, 0.00013752948145812663, 1.3908735503224531e-05, 1.4059736997331856e-05, 7.1695883186831147e-05, 0.0052915564752530333, 0.011147826329746445, 0.042527621152408587, 8.228262106302815e-05, 4.9135256481981205e-06, 4.8633150499792729e-05, 1.5360566898895924e-05, 9.1681480886949339e-05, 9.868266839758915e-06, 0.0005280066391161667, 2.0460044166804969e-05, 7.9374328820193719e-05, 0.20071195974147549, 0.0026552350463919035, 2.7543522536080635e-06, 3.9849290161223954e-06, 0.0024289992193625189, 1.4095788903474761e-05, 1.0885531025393327e-05, 0.081419397929917842, 5.1384303911700203e-06, 5.4520995648893511e-06, 0.00047070943172952413, 3.1581926891456628e-05, 0.0031897493061670166, 6.674497888908022e-06, 1.8270727115986907e-05, 6.3511979502033216e-06, 2.6666530272507421e-05, 0.00098568555537000414, 1.3040765427548781e-05, 0.00019192515241134655, 2.721294304126697e-05, 0.00012553723024589025, 0.00058267411176796851, 7.4869637865834001e-06, 3.8547525508267973e-05, 9.3317414946875703e-05, 1.8597936339178743e-05, 5.2327519959908538e-06, 5.5217780449266008e-05, 1.9269139414651506e-05, 7.6483447356406808e-05, 0.0025982660646896947, 0.061500286730666709, 8.699875010397195e-06, 9.469120012506213e-06, 3.0828208114809935e-05, 0.0001436633884595015, 0.00022547417843076767, 9.8826127439629056e-06, 0.00017395211136562251, 1.943583081027272e-05, 2.5963856533091278e-05, 0.028809866762007832, 0.087427991018626222, 3.5330516175035342e-06, 4.5210752287571893e-05, 9.3298177940920936e-05, 0.00017720108783617398, 7.66673423318988e-06, 0.0024309356742234639, 9.4945720094532186e-06, 0.011098989867265537, 0.0065106616036332866, 4.2537632300955907e-05, 0.0053860821751710568, 1.3449405010097379e-05, 6.7939019843820168e-06, 4.6310314031627242e-05, 6.1110029945341633e-05, 0.0001510024328424452, 1.1479295942717723e-05, 8.9139360796955614e-05, 9.6524192673861945e-05, 0.0024350309763668866, 4.5223703331672353e-05, 2.5345909855074131e-05, 1.4636079130124675e-05, 2.4429208052516602e-06, 0.0024049708723417459, 9.3790058087610156e-05, 6.2416095847286251e-05, 0.0026177309627051261, 9.6788860388576769e-06, 7.2387399418274981e-05, 2.124166314171678e-05, 0.011713853818496264, 3.6644197522335514e-05, 1.123381686921984e-05, 5.4951459527133735e-05, 1.038426114870576e-05, 1.0371955148931111e-05, 9.1174982018700046e-05, 0.0009931813940428282, 0.00036315969345325028, 0.00063237824050229132, 6.1070317282385355e-06, 0.0052946302766050304, 2.2476971698287168e-05, 0.0023993209916938858, 0.0015501648239475351, 7.1753291180736765e-05, 0.00010453945945933224, 0.00084770786469124846, 0.0072553533687637157, 0.00010975150834081742, 0.00010375243106350574, 0.000540672655109143, 0.0016499280591386089, 0.0069925283530418497, 0.0010083220317406497, 0.08816160903753438, 0.16782955134239538, 0.0013528453398128739, 1.8064314679381838e-05, 1.617654556124132e-05, 3.3391928404006064e-05, 1.934993760030751e-05, 0.0012773897194538473, 0.0025677878314615751, 1.0385126308789099e-05, 2.1885538848257892e-05, 5.470284663314903e-05, 4.3376741683409429e-06, 0.18909119763380836, 2.4977234744732816e-05, 8.0685350659603951e-06, 6.9948705258958508e-05, 0.023529288220333153, 6.9742502777632269e-05, 0.00047086392027648676, 6.2969024193115257e-05, 1.7696742383135365e-05, 1.9289535874069732e-05, 4.6035580589167611e-06, 1.1449796021748204e-05, 2.7154422817656095e-05, 1.9730683385234177e-05, 1.4137436468613898e-05, 6.5322574080873004e-05, 1.846568396818685e-05, 7.0847563472494488e-05, 0.00064992724520100524, 0.00069066546960958985, 0.018164439122787385, 8.9436319586911377e-06, 0.0108047709673273, 1.0652002391378258e-05, 9.1857255362843919e-05, 0.00060619827549781267, 1.0783170097189373e-05, 2.0731579873839665e-05, 1.0358066748924169e-05, 0.028372522120735068, 1.6677526780905202e-05, 8.3612195647898793e-06, 1.5697053205866571e-05, 0.00011176940510317576, 1.3345152495698164e-05, 2.9022598505018953e-05, 0.00015925777041585069, 2.6913978420920731e-05, 8.0209367701268719e-06, 2.8337096979896583e-05, 1.9054975306073734e-05, 0.074562606347420263, 0.0023189485781366813, 7.1587607267049974e-06, 5.3822438550603459e-05, 0.00012993636060339199, 0.00032642168871382395, 3.9554543926961924e-05, 3.7921333665821346e-06, 0.0097701487561095944, 0.0021550172917051821, 0.00018959305471595434, 2.726632750887544e-05, 0.0015262251714309746, 1.9653753954948624e-05, 8.5851268766626507e-06, 0.057590010425556656, 1.4287374271416768e-05, 0.00032381223751992423, 1.7333494974179219e-05, 1.936396914490906e-05, 6.1486410817465758e-06, 5.7824265644875167e-06, 1.547994470511928e-05, 0.0019524303052634625, 5.6610716257754118e-06, 3.1043477655570845e-05, 9.0377214569685633e-06, 0.00088042132074837669, 6.8070707316768168e-06, 2.7388626856584696e-05, 0.0049839319805420603, 1.6985623689697189e-05, 8.969731512554265e-05, 8.0711588127520839e-06, 8.3431488923276371e-06, 8.8940881495024e-06, 5.2901824665988204e-06, 0.00034298092549272846, 0.020248993977127663, 0.00011281517071276006, 7.8227429688575748e-06, 8.7802787885250928e-06, 0.00012251311411324119, 5.2931368913982261e-05, 1.9764796473073403e-05, 0.00014042873523740257, 1.7751983927905629e-05, 0.063443013060536985, 5.7258431778970203e-06, 9.9301721469316835e-06, 9.4105745926142686e-06, 5.2587115653306203e-06, 0.00021706664557160095, 2.5598962705950587e-05, 3.4080994716823968e-06, 8.9964314632193022e-06, 1.0260205099854716e-05, 1.3450039888027477e-05, 2.407981856495648e-05, 1.585617256703594e-05, 0.034723900086130972, 1.1883098261529506e-05, 3.86042283301282e-05, 1.0334832008376294e-05, 0.01664427257055489, 0.0057529035073527581, 2.4323302548538418e-05, 9.4011363112511815e-06, 0.0024000503819784553, 7.5427003434246331e-05, 3.0675251068291096e-05, 8.1466070035863359e-06, 0.00013474198374497946, 0.0001264930221667043, 0.0026135837423335488, 4.2636036741716735e-05, 0.16481156458569587, 0.012332231702584486, 0.0019517787135739689, 1.8508984752881283e-05, 1.0304336917302244e-05, 8.8843610256895022e-06, 0.00052033368290294534, 0.00276835601816361, 0.00060130266602519654, 5.5273585439829503e-06, 0.00011260264830322931, 0.00087072457351264961, 0.00013172877075542184, 0.36748434067998648, 0.48987254439312833, 5.6513797953899224e-05, 1.0092898775259476e-05, 2.9461502623417694e-05, 7.2198388299385684e-06, 0.00010786530117589324, 1.1073385069129878e-05, 6.5063186461619322e-05, 5.3462622071029558e-06, 3.3889030260979458e-06, 1.9187031982887314e-05, 0.0033274711111488373, 0.0036744680825829897, 1.8170680388840396e-05, 0.0010026884274534473, 0.0012000334175696825, 1.076701183640005e-05, 5.2856226188833024e-06, 5.0934600885794698e-05, 2.7062452192591046e-05, 1.2630091254310802e-05, 2.9349363173686528e-05, 0.00010219143052843266, 2.5599185060937261e-05, 4.5308050147857194e-05, 7.1380626131756138e-06, 1.481793504470876e-05, 2.8105272138999404e-05, 0.00063580949641973755, 2.6640085493947881e-05, 1.0292438623535891e-05, 0.059622637015581383, 9.8959689657098735e-05, 2.8135932192451246e-05, 1.8526823216573883e-05, 0.00057006146716366882, 1.638891708777521e-05, 0.0021186400038647009, 8.0984670382871498e-06, 9.6734815857532675e-06, 1.3677813246024499e-05, 0.00036997573675293382, 0.00081182912368463851, 3.7771022544449375e-05, 0.00011704292439585256, 0.052167217703181973, 0.0001086366806065954, 9.3167460479973685e-06, 0.001222290734306563, 8.7601128306987848e-06, 0.015336245510771488, 5.54959438151565e-06, 0.015662404589292557, 1.0654992351587815e-05, 0.00099036405421957597, 8.2180865198673166e-05, 5.6001494931875067e-06, 2.4922565444013104e-05, 0.0013923316622878126, 0.00011686443229897682, 4.6439387835674445e-05, 0.00010089328289343808, 2.0106372915727981e-05, 6.690452338914319e-06, 0.0006334753198097428, 0.0012849260628563365, 0.00044369720211990502, 4.43760758874063e-06, 3.5937434406056612e-06, 5.009091841098429e-06, 2.1332575769844964e-05, 2.1011753222050086e-05, 2.6307680185725188e-05, 5.7022887752453855e-05, 6.1559137304379459e-06, 9.8119845069652124e-06, 4.0204676073485074e-05, 2.6244940815376588e-05, 1.0787812883441347e-05, 1.8943697898654704e-05, 2.6401871639089756e-05, 4.6353251670047529e-05, 6.0464604994811541e-05, 0.00044615995254950976, 0.055293665371852409, 1.0176708802769224e-05, 7.6307572379325726e-05, 0.00082400922821384138, 0.062530950148377076, 1.0359543187549977e-05, 7.946531861831303e-06, 0.00010323354792189375, 0.036432424459319254, 9.6064695498823074e-06, 0.00012418689482932637, 0.0012959465146455604, 0.0012885437632997557, 1.0390133474200253e-05, 0.00045890239530379292, 0.13106865559106184, 2.3200485547993449e-05, 0.00015937874323068666, 4.0926936630402361e-05, 8.6442153584589752e-06, 0.0012465817722087992, 0.00053777395779996972, 3.6153931602111789e-05, 0.00021634126812851792, 1.3935659381764973e-05, 0.015977669106829791, 9.4836020325547314e-05, 0.18258264800416271, 0.0011206986186301927, 0.0066548569778360003, 9.5209614631567084e-06, 0.0018396419750356591, 0.0073954832422888171, 6.360730148110263e-06, 5.7362563581175649e-05, 0.079370118451507071, 6.5968310826000584e-06, 4.6542115010094804e-06, 5.8351385288131095e-06, 5.4036953365749588e-06, 1.8362344397472063e-05, 5.4385304383754831e-06, 5.6458363667211624e-06, 0.0015830441485342149, 0.0035637692020981738, 0.00047819254421383795, 0.46759096651839299, 1.6798848751264106e-05, 0.001760366290965686, 0.0001006381996225806, 0.00032271150330545129, 0.00080731082715629658, 2.5821696284647288e-05, 2.7111195265078214e-05, 1.3761788101414904e-05, 0.00035629843257919952, 0.00011567702962649315, 3.1066346345370458e-05, 2.8428114051781538e-05, 2.8069939205508034e-06, 0.099671305344233976, 2.1608597303205991e-05, 1.8616624408334004e-05, 0.0010803799432666636, 7.2706156504815378e-05, 0.0021407878150646481, 7.1095882653086914e-05, 0.063994752006972647, 2.7533763654633868e-05, 1.1010985644835674e-05, 4.0842869397323262e-06, 0.020417885284393034, 1.0354646431051004e-05, 0.00013101454268105921, 2.745463712077026e-05, 0.010087432873293332, 8.1776297332189076e-06, 0.28275694150214958, 1.2121000303366474e-05, 9.0650236876103962e-06, 2.5117573751307966e-05, 0.00015768398824064661, 0.0076525411856767757, 6.5012914994083166e-05, 9.5245824087639102e-06, 0.00014033372849836124, 0.0009219670160431386, 3.640520687213866e-06, 6.8745735656159016e-05, 5.39973813799196e-05, 1.6238450315054864e-05, 0.00018664927045605143, 0.00010338572164109512, 3.1341186054582917e-05, 7.65027055057179e-06, 0.0017023354558557454, 1.3576166852609056e-05, 7.8234681447552216e-06, 1.1365703865672009e-05, 1.5241821182222626e-05, 0.039561877376999323, 1.7874574065986833e-05, 0.00011205551751069715, 5.0056820299659751e-06, 2.449985668881431e-05, 0.00028167639629193825, 7.1994249473959898e-05, 0.00011660173046233864, 0.00045526089041660013, 2.2909311489862465e-05, 0.0016382113823645988, 0.013520439974346737, 6.9296638449504417e-06, 0.017450347363467088, 0.24542181668995094, 0.016111515323962378, 6.359049243807698e-06, 2.0490532416083726e-05, 3.3843064867212616e-05, 5.01746738049934e-05, 0.00028973011178009601, 0.025369112524438318, 1.0196373806423385e-05, 5.5453781752989074e-06, 0.00020089701765042324, 5.4652943790527338e-06, 0.00016886456330416895, 1.8761716372954096e-05, 3.2588906274925291e-05, 0.00027172647190370683, 0.0023329441374543482, 0.00011622397941645395, 4.1179086084865695e-06, 3.546788035397792e-05, 2.1858631422374818e-05, 0.0052165863035322883, 0.00010336421939857516, 8.7256356288928881e-05, 1.3983425442685724e-05, 0.067993994133119323, 7.0300515687835244e-06, 0.01444736520113085, 5.7883302688497183e-06, 0.0014892372794278086, 2.7212135351087708e-05, 0.0056315032006128878, 0.0029057869429771747, 5.2771369437814892e-06, 3.0456243286586971e-06, 1.7496802477494319e-05, 5.4112928284375247e-06, 0.0081136081104636309, 2.5436682781528109e-05, 0.41705568719563135, 1.0315777263989926e-05, 0.1181600225598913, 9.4772715798591779e-06, 1.059613938207135e-05, 3.906144816612167e-05, 4.3810205464295889e-05, 5.4675289539184492e-05, 0.00051197017164800347, 1.8541463559225996e-05, 3.3203546660642505e-06, 5.9739690417774674e-05, 0.0017399935055924336, 0.05307767765839113, 0.0020822259192991932, 1.2932442036539006e-05, 0.44778958113112677, 0.004985143279549323, 1.6666821898030035e-05, 7.7324678607454837e-05, 5.3541816434017129e-06, 1.0285167243838884e-05, 0.17192740326116432, 0.0017416471364551597, 0.0024241419091271792, 0.0022407943107445763, 0.0021214495502514647, 0.014863378684669552, 4.2586496553091539e-06, 7.9142091049616623e-06, 0.0028997428332612697, 5.5767712223222932e-06, 5.4352157585227498e-05, 2.5581780085935519e-05, 6.9426138571082596e-05, 1.0498441167359629e-05, 7.6931202973651198e-06, 9.2840359746588932e-06, 0.0072208663385044149, 1.0537953245516572e-05, 4.9486160280417485e-05, 0.002522883558338723, 2.096736889436953e-05, 1.3330454415624935e-05, 7.0317602084894544e-06, 2.1921048204554825e-05, 0.040157544396222031, 9.6542165814757095e-06, 1.6025345073740768e-05, 5.9195051441019877e-06, 3.9879789786798036e-06, 1.1113322032993044e-05, 0.00030777028371114666, 5.1449496632677606e-06, 1.2286514816041313e-05, 0.0010877969521949503, 0.31884267257067012, 1.4219665106445925e-05, 1.1667279878530616e-05, 3.4070870132717348e-05, 0.0023752181061491183, 7.7149301744350388e-05, 4.6414359680516641e-06, 5.7622517864731408e-05, 0.0001124714919960404, 5.0205700980060372e-06, 0.0075058513119807754, 7.085336325632207e-05, 9.4813993332252714e-06, 0.00015663930815500816, 7.1990818418111527e-05, 9.5378891454925131e-05, 2.73579695181126e-06, 5.2541439677304704e-06, 2.8364573037339109e-05, 0.0050523279982797849, 4.3215967976472157e-06, 5.6319848031339427e-05, 5.6297828049646768e-05, 2.1792813885058175e-05, 1.5921459117695771e-05, 0.0051545480845162864, 0.0031851423053052899, 0.00099006993772256225, 7.3078057264278518e-05, 3.6701601440503649e-05, 1.0255501160756363e-05, 5.4872177056943187e-06, 0.00010675764225413808, 0.02268606052303003, 5.4320584924472468e-06, 4.3054084309746111e-06, 1.7821066753783203e-05, 4.6555444902184277e-05, 1.371569559102602e-05, 6.5588548173199225e-06, 0.33007230965980283, 0.00065325947383213206, 0.049825206268667432, 6.8900699474594576e-06, 2.1317986245228398e-05, 4.9783839574464116e-06, 0.00047285841043445508, 0.0033243820172127072, 1.5866675586515476e-05, 0.0027606446664009791, 1.0412355880239325e-05, 0.00011593690583905751, 0.000448002557206213, 3.8863717964372743e-06, 6.6057294550623971e-05, 1.2619416523270219e-05, 7.4355696902252874e-06, 1.0414397276890325e-05, 4.7913159430015578e-06, 1.1234563077376253e-05, 0.17128704046446289, 9.2613673778172526e-06, 1.3749814579030996e-05, 1.7069845930434322e-05, 0.0014510976290980754, 4.8525038328945007e-06, 2.2688713991467356e-05, 0.025385574821944566, 6.7893468969756069e-06, 0.001796796505561554, 4.2958642646762626e-05, 6.483337081021742e-06, 1.0410769178388485e-05, 0.00092342243746336341, 4.5118617003337844e-05, 0.0014514357173302916, 1.2393825338889734e-05, 0.064387393756632716, 1.1869002834351993e-05, 5.5725828991473301e-06, 1.9964289728532795e-05, 0.0010723093783235782, 1.4764366261529094e-05, 0.0016991304095578578, 6.3012920822544529e-06, 0.00013170477616332928, 3.390680948896301e-06, 4.2343678112274873e-05, 5.2538625033805836e-06, 1.1264277227295894e-05, 0.0008739078251888149, 0.002672874086518662, 8.388832637674477e-05, 0.00076086313612648343, 4.5113782787935258e-06, 7.9811434019126186e-06, 4.7371900477782235e-06, 0.0048214378705633675, 9.5573058788836701e-05, 4.3077095828579568e-06, 9.5725631879239697e-05, 0.0001917336580336422, 2.2118231550284372e-05, 0.001389000199004755, 1.0391514141690367e-05, 0.0016699821916981337, 0.0012008111473197731, 6.1349162469417204e-05, 2.9473893771657488e-05, 5.7780316199350702e-06, 0.00053795441085634861, 2.8562137233753728e-05, 2.6301164565129506e-05, 0.42883914025115599, 0.10342979291818227, 0.00065810601892678808, 1.0390146442968094e-05, 0.0033654371321685194, 6.134204261023676e-05, 1.0439591422712696e-05, 0.00097927343508280736, 1.0235639774112158e-05, 0.0052764517409925387, 8.0004828726995883e-05, 1.1762461501038413e-05, 1.97701635160232e-05, 2.5689961102661839e-06, 1.336209356176861e-05, 2.4995894420838206e-05, 9.9524197636143034e-06, 5.3507233175562464e-05, 2.043714311688812e-05, 9.8884933557901242e-06, 1.2726357103878862e-05, 0.34577004386287158, 0.0045115201550072282, 2.3266026726051909e-06, 0.0053106488685766154, 3.8848103293414273e-05, 0.021653466116655251, 0.00041121375101773656, 0.0011469214751321493, 0.00021173907395040023, 0.00058890813693650268, 4.3061512061153631e-06, 9.0308055203206511e-05, 4.4016676433031882e-05, 0.00011513986873995168, 0.002274256240748986, 5.2761127694250202e-06, 1.084380828849933e-05, 0.00019750411304238197, 4.2734807510367744e-05, 3.0741178615512501e-06, 3.6352336725887631e-05, 6.5363276321349237e-06, 0.021318705510627624, 9.3775047335378766e-06, 0.0032349867366417498, 2.1729897053613823e-05, 0.00026786839263166513, 3.9159467045364313e-05, 7.6410196482866295e-05, 6.8814353847087192e-05, 1.3469166909552813e-05, 6.0103641918046296e-05, 6.3662697367481298e-06, 2.3740860420222531e-05, 0.038829171713214101, 0.002603531404183504, 0.0089902948631264013, 0.00063222327331429872, 8.2554878933321953e-06, 0.00055548372772029197, 0.00058440227235201196, 0.00012763280145529094, 0.0034378161455220525, 5.4692900090731599e-06, 1.5180609089350005e-05, 0.0022754340356594587, 0.0015738689685364843, 5.9032495963332596e-06, 0.00036531672677976709, 1.9003569418558275e-05, 3.2681027854297496e-05, 3.344372957412426e-06, 0.15042479043661486, 1.935559038825679e-05, 3.5474127348931085e-06, 1.5798905624772744e-05, 0.00022659243199855467, 9.015775074961441e-06, 2.0002847481380523e-05, 0.00012988340204125621, 9.6683414536359343e-06, 1.6443661618302972e-05, 1.5457023765927802e-05, 1.9494083958843909e-05, 5.2655062311615936e-06, 5.2947408469661881e-06, 3.4308004209782815e-05, 0.015815282729804668, 1.1575534671696852e-05, 0.0011604687543025282, 0.00013604370002185667, 1.2801572970515665e-05, 0.0090368665015469942, 1.5750380306612516e-05, 1.1769535068862663e-05, 4.5827872705801912e-05, 0.00011229229849614244, 5.4728394563321135e-06, 0.00019864884939256263, 2.0645464047834738e-05, 0.012608806043947599, 2.4947707888540185e-05, 0.086842461672431606, 1.2836920677961775e-05, 0.0016502808240204099, 3.3609054202053632e-06, 1.0288099102237483e-05, 1.47155967577712e-05, 3.3732068081443025e-06, 2.6645115451786196e-05, 0.00012985531348183314, 1.2689989441688431e-05, 0.00020785366606077915, 5.1653660179515877e-06, 5.4522137672070932e-05, 1.8800110948170338e-05, 7.725436994050705e-06, 2.160738417090649e-05, 0.0034486790630740825, 1.0385947631046524e-05, 0.01318972667568968, 6.7967706229712904e-06, 1.5617064169715202e-05, 6.9266519694482835e-06, 1.9199190526351925e-05, 1.0115788136108612e-05, 5.9230698918536131e-05, 5.6064079855073751e-06, 1.7459941480354062e-05, 1.1723010838874602e-05, 5.0973498927295747e-05, 2.1310819420120733e-05, 0.0012888632193451641, 9.6102088044313406e-06, 3.6483411356602728e-05, 0.00041812112475656232, 3.6347838945550752e-06, 0.39877759520473999, 9.2048114770764788e-05, 8.8658317368716028e-05, 1.3540816750758709e-05, 1.0123953262557901e-05, 4.191484437519685e-06, 0.0014130274164694185, 0.0052896993151681452, 5.22033907274972e-06, 0.00012684073282451255, 2.2602864557055746e-05, 1.0232395697762777e-05, 0.00028155968252644093, 0.00089586818387472086, 7.2817621041869767e-06, 0.00059507856882003466, 5.4136600057639526e-06, 1.0366314198307031e-05, 0.00028517901835599629, 5.0663451581049785e-06, 6.8266989838158024e-06, 0.071794790393716917, 0.00039420456090637603, 0.02435185252871843, 9.9395005521724252e-06, 5.3369777459610173e-06, 0.0011083826986570497, 0.056156695638668645, 9.6546041094464468e-05, 9.1909995064254387e-06, 1.4512916164047969e-05, 3.9342723436539295e-05, 0.00013962127224710624, 1.632622313207189e-05, 9.3995592849923108e-06, 4.3344876457318099e-06, 8.4801983579644831e-05, 0.00043308226484177226, 2.3410175541162689e-05, 2.5631877258342943e-05, 7.795633484666786e-05, 1.1715531016621995e-05, 4.1497542230011995e-05, 1.0794154892722119e-05, 4.6973939650258397e-06, 0.0024584488308508107, 0.00044005173073912731, 0.00014734400476053812, 4.8392637247633609e-05, 8.1142375670095509e-06, 0.00092695219613789996, 2.5557697896959223e-05, 0.00065535783579042316, 1.664420480010744e-05, 5.7741214436083766e-06, 1.0197532823158461e-05, 0.0037067103915182417, 1.6516068903130027e-05, 4.91281770660462e-05, 2.9270464511483768e-05, 4.8890688319705074e-05, 0.00018812762554979028, 0.00010870979967691786, 0.0014185908244470997, 0.078488345504957702, 3.2078536596326529e-05, 0.0051187329330336347, 6.5022765373118916e-05, 1.4492769104783188e-05, 1.7475412599302625e-05, 1.5239809725687828e-05, 1.0479109006200732e-05, 5.1393109541714872e-05, 0.00055465781980765434, 5.8159963025653678e-05, 0.00010393517414620459, 1.2720068382372156e-05, 5.3350763976483806e-06, 1.0394798687259561e-05, 1.2662987008448412e-05, 0.011402242916106363, 0.084939892345234372, 8.0805095239489326e-06, 0.0012369390706900266, 4.0175836058739174e-05, 6.9115662186859821e-05, 1.1594869914411601e-05, 9.4242404921587969e-05, 1.5682456387035561e-05, 6.7725912252480133e-05, 1.4367714272037197e-05, 9.4109967164206558e-06, 9.270869114278778e-06, 0.088311647420582132, 5.5121495978151552e-06, 2.8228698635085765e-05, 1.6200565423450313e-05, 3.9457298558546441e-05, 0.00011187152418804859, 3.2298184837393236e-05, 1.4021559528860231e-05, 2.805071541796628e-05, 9.3195080553262114e-06, 1.1384788442510785e-05, 2.0716575546493429e-05, 1.5966421653495664e-05, 4.487589393447291e-06, 2.4911282676212376e-05, 3.2949826593680431e-05, 7.0749579399275138e-06, 0.00021578346935761621, 2.1228111833235568e-05, 1.2664905518668841e-05, 9.2017762431130014e-05, 6.4231095672593937e-06, 3.2896113554646017e-05, 3.2798661474747738e-05, 1.3184482983320485e-05, 1.1034056453930062e-05, 7.8137490172003594e-06, 3.7289211002824637e-05, 5.4516034074898948e-06, 8.6097295078099222e-06, 0.00194868294666304, 9.7169422931255109e-06, 1.0576423855587504e-05, 1.0320927416557864e-05, 8.6661985629641579e-06, 3.4980243230127669e-05, 0.00036767163967296794, 1.132798300982563e-05, 0.00027437289730270907, 6.0749156486205246e-06, 9.2579309678287177e-06, 2.4046220026438048e-05, 1.0315777263989926e-05, 4.3320278843783362e-05, 4.6686926241851074e-06, 0.18818507869843867, 1.777870679319824e-05, 0.00025130056913024129, 0.00037326499347769236, 1.0202455323896881e-05, 2.9384519066251266e-06, 0.00013528262985263771, 0.0035146235866321974, 1.0394961795272803e-05, 2.9843351622493345e-05, 0.39238195885947152, 1.0623837389291163e-05, 0.062297563064385719, 5.5046267225653749e-06, 1.5908660592693219e-05, 0.00036102162488673562, 8.9253940606938577e-05, 8.7986644340621936e-05, 5.8192062172153184e-06, 0.01341824104145598, 1.0418867747120784e-05, 5.2498478460243626e-06, 2.7294060939210041e-05, 1.0065192758619888e-05, 9.6398598312585631e-06, 5.2020193693667618e-05, 0.00038815502898751475, 9.8025267453504985e-06, 0.032962572261552137, 1.0659834051654462e-05, 0.00011380168996687205, 7.1587284416965939e-06, 6.7694338050051106e-06, 6.3099602476682001e-05, 5.3394348375978885e-06, 5.0906072150521394e-05, 5.1829512656028429e-05, 6.2024629444167645e-06, 3.3018660906018458e-05, 0.0077496600171696661, 6.7893865037373062e-06, 8.9132633903951194e-05, 0.00020764715764757442, 4.9757976490069221e-06, 8.460208397700558e-05, 1.6754643062410273e-05, 1.967316135870134e-05, 2.3622597196933451e-05, 9.2756687709003111e-05, 0.00021313893732287332, 0.0025668638300354514, 3.8999747594171658e-05, 5.7856312744332801e-06, 0.025190642340322051, 2.8991177613115056e-05, 7.8578614136596289e-06, 9.3130740063129954e-06, 0.019917665290851299, 2.6846374048755738e-05, 1.1845414129025043e-05, 8.9019295311481418e-06, 4.2070969045090572e-06, 0.0013314880321165252, 6.5906198393032079e-06, 4.8346554914802579e-05, 1.4053433505565833e-05, 0.0016111985783607667, 2.9006203635368733e-05, 5.5376889727985197e-06, 4.4601470479252378e-06, 7.2434121156695033e-05, 2.0940085348114334e-05, 5.0955748129007043e-05, 1.1529880482507307e-05, 1.036900981588803e-05, 8.1350045078043022e-05, 3.5527411340067504e-05, 1.8419632713219143e-05, 7.9935839023191852e-06, 0.0018492907828287534, 6.4348798019144931e-06, 0.0097900267046259898, 2.2204997386549046e-05, 7.087074349988471e-05, 5.3690605367865073e-06, 0.0046317000645309005, 4.8047146473260837e-05, 8.3636693498970269e-05, 0.0027618945419565339, 3.751555737809609e-06, 2.7202344609933561e-05, 0.00017852800288829112, 1.1738893157726703e-05, 7.7148097701772017e-06, 2.4888333245781317e-06, 4.2977210051901693e-06, 9.4053278495303901e-05, 2.4527311366295503e-05, 0.00028336867874933846, 0.0041641199638728704, 9.9247234183917477e-06, 1.4679014860300412e-05, 6.1658842219190239e-06, 1.7201461726376856e-05, 6.2228299469908735e-06, 2.6488103769713181e-05, 6.9480571732402135e-06, 9.395037129998026e-06, 5.4035122892330508e-05, 3.3377161895345182e-05, 5.3283256164064386e-06, 0.0043354851017978063, 1.0527285340681297e-05, 4.5974600967597044e-06, 5.4923141809403544e-05, 3.1033131497226484e-05, 1.0306058319026458e-05, 5.2944640470619119e-05, 0.00067532508309905233, 1.0071612012081054e-05, 7.0367419572356471e-05, 0.0007403999770976055, 6.4493327131782807e-06, 1.0367862540639848e-05, 3.6044334004850215e-05, 9.1335530598672484e-06, 7.9279783401880623e-05, 1.3861162147135632e-05, 6.6496880962395749e-06, 0.3537032145488429, 0.0021659595341599887, 0.0023623089021584925, 0.0085598765500189602, 1.1339845464338008e-05, 0.0061192961715559888, 2.4904925482511991e-05, 4.6913636195043013e-06, 0.072242865639525283, 0.0047835093305399722, 2.7710702802046093e-05, 1.1121826408695805e-05, 1.0198193686849421e-05, 1.1603154950363496e-05, 1.2369803253110653e-05, 9.9324163361520546e-05, 0.0012838576095670613, 1.9579307919803438e-05, 0.0014947668118740804, 0.00021890977875906831, 0.22265156666111091, 2.2187276307882274e-05, 0.00010971544879450047, 5.2324944436151134e-06, 4.7969211275595795e-05, 5.8897071816604733e-06, 0.0088506423733566257, 2.4683512839425397e-05, 1.9821963632733506e-05, 4.7392253644014269e-05, 5.6636800017254027e-06, 0.00027858784131083795, 5.5971573868258384e-05, 9.804127714443848e-05, 3.5501303935628959e-06, 2.5523036351976563e-06, 9.74744038386915e-05, 2.4685736742420179e-05, 0.00068526782333680654, 1.4020267695265592e-05, 0.0011767991250068459, 0.0051767920679979739, 1.8437675948869651e-05, 8.4944389382204667e-05, 8.5422023691061289e-05, 8.6727290816901717e-06, 3.9390514404570285e-05, 0.0081856719489207218, 3.7766799225459339e-06, 5.5592837222762789e-05, 1.015042827213069e-05, 2.5856401661016906e-06, 0.032622804090893923, 0.00045122151808718131, 8.7993642353273175e-05, 0.00010823173695499163, 2.0194464826061631e-05, 9.8346678372565986e-06, 1.0377245558341872e-05, 0.043346124685426306, 5.237963177167883e-06, 1.036613935733975e-05, 5.9955141323019821e-06, 1.7592268859455987e-05, 7.4573532402950645e-06, 0.020523355176944567, 8.9651178279790615e-05, 0.0088241457065635961, 2.1564021640676852e-05, 0.0062861267371395442, 6.7364449190440649e-05, 3.5901230836685963e-06, 0.00015918870320845481, 0.028552956722422165, 6.9101281111345696e-05, 2.5927877554135652e-05, 9.4136106888551583e-06, 5.2454677863068494e-06, 0.00016966504162066833, 6.5059217274434603e-06, 0.0021605260764141748, 1.3561594253757745e-05, 1.5654075460694581e-05, 0.00040121362300362025, 0.032104493876795592, 8.4189182115196438e-06, 3.2119573469711566e-05, 2.7121375596187165e-05, 2.7253140003888601e-05, 0.00025037214290486953, 1.2843955640132056e-05, 0.0080500741627153836, 1.0423697620452223e-05, 1.0904980388916977e-05, 1.311925343440402e-05, 0.0054305946756490224, 5.3137545129787813e-06, 6.6512402321982969e-05, 0.00018838406888975592, 0.0054377040268647576, 0.00043506242059979404, 0.0002701996231862527, 5.809542263990653e-06, 8.7942257023926267e-06, 1.9199968391161311e-05, 1.0499393850483584e-05, 1.0804107361626776e-05, 1.4878443217405721e-05, 5.2655022177938212e-06, 2.5414510843560762e-05, 4.5260987101941171e-05, 1.682647464626881e-05, 0.0012277286868564109, 0.0010396123239043546, 5.2935645034579874e-06, 0.00024861306160514483, 2.8383781394865512e-05, 5.7970173008730384e-05, 1.0017198384713917e-05, 0.00052353540289035638, 0.00055006691793701653, 1.0285554732104948e-05, 0.00079507198989846881, 7.6185312645604477e-05, 8.8510563758121923e-05, 1.3168927815196537e-05, 7.2408086800985365e-06, 5.8299531807891919e-05, 2.3274220070396413e-05, 9.1767305803150778e-06, 0.00020074980794146683, 0.0031098270952176249, 1.0487487145701356e-05, 1.0956432580029404e-05, 1.4627815692207954e-05, 2.8539511960521874e-05, 0.00031514190425827255, 0.00016434461430148218, 0.0095768794613123598, 4.8265069846695383e-06, 0.0004010915052454573, 1.2905339480866869e-05, 1.023045132951857e-05, 3.6410347509972599e-05, 9.7551386657310944e-06, 6.181951477995354e-05, 1.8597048806718031e-05, 8.9415894489899559e-05, 0.0050894746429488566, 2.2953801573611416e-05, 1.0322744677938556e-05, 4.3970819836741435e-06, 0.00016451845858301892, 0.0028136005473008352, 0.0021707063255157039, 6.7629828555684985e-05, 7.4394749776206826e-05, 0.00026114804407376162, 3.3590968354979408e-06, 6.7901448270796418e-05, 9.8868960660192785e-06, 0.0001371541345765197, 9.4703948784020131e-06, 3.3524087068563481e-06, 0.001572648304065188, 7.5850174372759451e-05, 6.2401489439706172e-05, 5.2335567121171787e-05, 1.3443263398236217e-05, 3.064908210568501e-06, 4.7933825386680664e-06, 7.1214812969558837e-06, 6.2018517248461525e-05, 3.3515376823643958e-06, 5.1807433815666684e-06, 1.7188943914322754e-05, 2.3496695692570016e-05, 5.1818547534641932e-05, 0.00028507119454177637, 8.9489796810023561e-06, 7.2152282645924918e-05, 2.351417842249941e-05, 2.4401956401691268e-05, 1.9135256903311713e-05, 1.3444439702261882e-05, 2.2310575866717323e-05, 7.7609779491257753e-06, 2.4227020370161748e-05, 0.0023864604212688345, 2.2378424707342189e-05, 2.0048589977971644e-05, 0.48963713253398705, 1.8721751589321113e-05, 4.0913817769119261e-06, 9.5996296222191884e-05, 1.458693219130579e-05, 5.4363558739193355e-05, 6.6711003887415033e-06, 1.0399146163776932e-05, 0.00031471002582240774, 7.4187984563266716e-05, 6.8287859266339348e-05, 3.4195968087635016e-06, 5.2429390517136266e-06, 9.8170117038747428e-06, 4.1292316750031359e-05, 2.1554202100225116e-05, 1.3463671509269444e-05, 0.0061098078360814611, 1.6469232931044578e-05, 1.5507904813963594e-05, 1.0444143720791448e-05, 0.00020257191096562593, 3.0403808831024984e-05, 5.6623702230338071e-06, 9.1098120768111766e-05, 9.4530580251105995e-06, 1.3446738445782205e-05, 2.3799458329444334e-05, 1.5783210625938041e-05, 1.0221124676806572e-05, 1.4078946678980305e-05, 2.230365931067986e-05, 1.0677599761453996e-05, 5.1607823407734466e-06, 5.4564528781384015e-06, 2.3631881177182353e-05, 6.0958245485300959e-05, 5.2071269664699867e-06, 0.0015338010546856119, 0.061150679165864051, 0.40297295201658195, 2.2299697993930742e-05, 9.3860502280337374e-06, 8.0618561749557115e-05, 2.4895244111232569e-05, 1.415797399175863e-05, 5.316063453946905e-06, 5.2878763840128077e-06, 9.9451225112090176e-05, 0.00011023949758961959, 5.0456873044512314e-05, 0.00055758787154551763, 1.4063351010141162e-05, 9.5254171467166671e-05, 1.0383776796243493e-05, 0.077531403454338593, 9.88748299533058e-06, 2.7873062351968517e-05, 9.9282400687734852e-06, 0.0006177277833085325, 8.0316857661936884e-06, 8.8780173778116653e-05, 8.6543859159966219e-06, 2.7168606042559739e-05, 0.00010377023507248165, 0.00072276147533338663, 4.7942244220902857e-06, 0.10733211485622877, 1.0376510912156092e-05, 2.5538903225400501e-05, 9.7864692448001862e-05, 1.0127515224460287e-05, 8.2611384484613942e-06, 0.040932648981582859, 0.0053870591220832268, 2.6250319271735624e-05, 1.1920346844745986e-05, 4.5541748025686094e-05, 6.3260026396172922e-06, 0.0032229240413728256, 0.049114321792694128, 9.7097777014820533e-06, 1.0830281661688281e-05, 0.0021932332440260422, 1.4571235123551688e-05, 0.0024259318104085459, 0.00013696989612386589, 0.024323033741950321, 1.8898346297649062e-05, 1.1998171613242379e-05, 5.8359973294793232e-05, 0.00012216557965919042, 8.4590913519658114e-05, 1.6629415248773663e-05, 0.012095198769975354, 3.3805494660802667e-06, 1.8960169443338773e-05, 2.0336408594438611e-05, 7.2550754786339632e-05, 6.2336126860063735e-06, 5.1607733976744624e-06, 5.3414761176799931e-06, 5.4296246784309183e-06, 0.0041328633695542887, 0.0013976127084042056, 2.3589391177803732e-05, 9.6988671506533318e-06, 1.0066334534878919e-05, 4.652581522050214e-05, 0.00265980253737473, 4.9509094053181757e-06, 0.00072167188407646287, 1.156531488144984e-05, 5.6208576025484225e-06, 1.0230937629503125e-05, 7.1782748556192331e-05, 9.1404849653822797e-05, 0.002218227733652343, 0.00047338124750712427, 1.0848307009213038e-05, 9.0808767020192425e-05, 2.378017656514409e-05, 1.1022042994312567e-05, 5.0637972525839143e-06, 6.0978436991252115e-06, 0.00012291440602854608, 6.2648853944143068e-06, 1.0721514021340098e-05, 1.838080934504913e-05, 2.0367092772239099e-05, 0.0030656246768073323, 1.4069885398604945e-05, 3.1643790353685955e-05, 7.385833311031888e-05, 0.0001738921665664927, 0.00010964685306769151, 1.0592696413546193e-05, 6.3934043809384141e-05, 0.00056676663529736844, 0.00011182098966546905, 1.12571438993162e-05, 0.009691817187238657, 4.3384518618893974e-05, 3.592682328537885e-05, 8.904103283771499e-06, 6.839933725303284e-05, 1.381904942246626e-05, 3.168489929617476e-06, 0.0012456591193332563, 0.00048452979903984637, 4.1801894744480433e-05, 5.2458927391266145e-06, 0.026114376012155726, 3.1935081156127254e-05, 2.6238126033993695e-05, 0.0001128771534320525, 0.026576156457581653, 1.7354857421308084e-05, 2.6676931647101367e-05, 0.23466848610548674, 1.9287262444566411e-05, 0.089139033884473362, 0.0021758002046171334, 6.3869847441112177e-06, 0.0022097245415230956, 1.3693171759703314e-05, 0.00059029466306373445, 2.3678124749915434e-05, 6.5938367564540034e-05, 0.00090720452317028877, 1.0876850688397336e-05, 0.00011408060380913087, 2.5658116057103781e-05, 9.7769950054352861e-06, 6.9322066089469402e-06, 0.0018008820927842516, 3.3428928870170558e-06, 1.4580500879294378e-05, 8.0081444057262787e-06, 0.072014907678682641, 9.8527333635385517e-06, 2.3242415536170701e-05, 0.00079204525299889029, 0.0012934090967210642, 0.00010415878275746082, 0.0021953092425318942, 9.9302132025198844e-05, 0.017638567571090811, 8.4689750959251911e-05, 6.5053333213499479e-05, 0.020639819957646466, 6.8209463796915617e-06, 6.8147565584166417e-06, 0.0085748352627086008, 0.43330369843803612, 1.2116975446481537e-05, 2.9184204849436961e-05, 2.6079663584504004e-06, 0.00075149532013776832, 5.2319993628933428e-06, 6.6697770093820059e-06, 0.00019181010819767472, 5.4879888990012824e-05, 2.8601742379977949e-05, 4.520912535277822e-05, 1.006085328074777e-05, 2.3487184594622317e-05, 1.9564915045781572e-05, 4.5954830723593146e-05, 0.0041813319390503791, 3.2173829493512518e-05, 1.0385427512413741e-05, 0.0048275393550640498, 0.0099684197249030725, 2.1664584715385506e-05, 6.9503133535305397e-06, 0.00042174577006638117, 1.0136153297628627e-05, 7.6572127041993802e-06, 0.012478751572046904, 1.8790831213305191e-05, 1.0396840558728854e-05, 0.00055644056775043993, 3.7416042211014166e-05, 1.0380392177887057e-05, 1.2054199113251745e-05, 6.9844484094003003e-06, 0.00012005838150062976, 1.0115111937124497e-05, 7.099912092000392e-06, 1.4611923223653869e-05, 5.1590513958029519e-06, 1.0562650254460642e-05, 1.5409482262806466e-05, 0.00030400583470818673, 1.1294496178470048e-05, 0.076051339665809695, 2.5866496465900606e-05, 0.00028533631137704114, 5.4349219581362822e-06, 3.3888368133166807e-06, 0.00010787668942204787, 0.0007887238497831918, 4.192528992163636e-06, 4.6273356959592353e-06, 1.7237890426137247e-05, 1.9205655516019724e-05, 1.2504379445787109e-05, 7.4280908134243681e-05, 9.5718111540119186e-06, 5.5871542528263052e-05, 1.8830402819199415e-05, 8.5458965184512772e-06, 4.0970709201053247e-05, 0.024844698319448726, 0.00342991733642158, 0.00044597774309091911, 4.3634309647807371e-06, 3.3963522126449647e-05, 7.800606550246217e-06, 6.1607855680266363e-06, 5.7674307250301743e-05, 5.1958200627974328e-06, 2.819573446563981e-05, 1.0711954289242965e-05, 2.6754377284466491e-05, 1.8322510228702081e-05, 3.4760769450867867e-06, 0.00028249593844363211, 5.7869403654848681e-06, 0.0010167295382281399, 8.5991826218893026e-06, 1.7954571646974329e-05, 8.0113499906330311e-06, 0.0045399084349820292, 5.3829742071539405e-05, 0.00066818489572205355, 6.6808618578927946e-06, 0.00049073592331141068, 4.935759808582536e-06, 8.229350029214286e-06, 3.1250283829637914e-05, 1.0045857176778099e-05, 5.8732182292537938e-06, 0.00030232102417242413, 1.7628509884819118e-05, 0.00023573288105804339, 9.7245439437116539e-06, 1.4235541438641307e-05, 8.7397014465309989e-06, 2.2280641444252413e-05, 1.6473536194949054e-05, 0.00052240602039870486, 2.6197815602793615e-06, 5.4028595805911061e-06, 1.8371617200169229e-05, 6.9835484606762689e-05, 0.0015754751039768955, 0.00028196295395928756, 5.9958140952409105e-05, 0.0035982463998116463, 5.3419572053719156e-06, 0.033966056558244501, 2.069103338272835e-05, 8.2928261811035748e-06, 1.1587994000366647e-05, 0.0022636719614486894, 0.1933918750603231, 1.8538685670149461e-05, 5.7099379014421304e-06, 1.4847866818714067e-05, 0.00010233356113845098, 1.0399591069967449e-05, 0.0034700362221227279, 2.6562836756196949e-05, 1.1463331268941847e-05, 3.6311017144639277e-05, 1.3850779368698054e-05, 6.2582074018614483e-06, 0.0034393914261782507, 1.0535618361092101e-05, 9.3844801237033093e-05, 3.5657844736031634e-05, 0.012697609770056293, 3.7546260992565527e-05, 1.0363708343512972e-05, 0.00016374063144824458, 1.6414500419085245e-05, 2.3622869295998092e-06, 8.7717732388652316e-06, 0.0004721768043129848, 5.7323388397951726e-05, 7.6990452981691334e-05, 1.2049653080981482e-05, 7.2463051733923962e-05, 6.2540576261510075e-06, 9.5859227975481122e-05, 0.028477669336859357, 7.4995245239944057e-05, 7.037475449769511e-06, 1.5313889037777665e-05, 2.3702208330846373e-05, 2.1668166532286293e-05, 0.0025189328195282779, 8.981046578095128e-06, 7.5581583308259178e-05, 3.7150446386225814e-06, 7.9211424181512639e-05, 1.0486979192958512e-05, 0.00047518067720749658, 2.1655676180688849e-05, 0.001898658454034449, 2.6743207141620051e-05, 2.6162086280128334e-05, 0.00018235839879759312, 9.981905919001036e-06, 0.00023878132977527193, 0.047125445950537456, 8.9228692702994459e-06, 7.2758799336738317e-06, 1.040208550497896e-05, 1.151698661330017e-05, 1.7183587325010422e-05, 6.6881170165965126e-05, 6.5230441711860519e-06, 1.1892624428066041e-05, 8.1107124465321778e-06, 0.0012947366052032505, 9.8437621271356151e-06, 5.9927579928113443e-05, 8.8397300375265037e-06, 1.1264066844523022e-05, 1.0472689631757462e-05, 5.8856401848853698e-06, 1.8211014169095651e-05, 1.0378210037175989e-05, 3.6074546766000023e-05, 0.0023042580342780223, 3.9067714791743512e-05, 1.2260304787207389e-05, 0.00039455248856482591, 1.5079793826624149e-05, 1.0341623338347489e-05, 2.1288878210477871e-05, 0.015412092010349189, 0.00012690384408300151, 7.1589577669934162e-06, 5.2591020018008368e-06, 4.7097555695466991e-06, 2.66378538506347e-05, 1.1411899296579553e-05, 1.6832087308485051e-05, 0.081695807707793763, 0.0008946425699471025, 7.1509760268036768e-05, 4.2826955659837411e-05, 8.857367974978884e-05, 3.2995692767189065e-05, 9.5813265101794032e-06, 0.0026026580021982935, 2.1316452392895166e-05, 6.3902759050995719e-06, 0.00010238625977533025, 0.0051282827142115394, 0.015631631268753832, 1.5271462852017628e-05, 0.0013430138242337907, 0.00010623542635423451, 6.1132830177470137e-06, 4.8871019677501911e-06, 0.00010024527289232976, 4.753794889225593e-05, 0.00016738850878884838, 0.00057455931445645923, 5.0684828712834995e-06, 2.7247585823784941e-05, 1.0710068004682505e-05, 0.00012584535967838275, 0.00010551103994291689, 3.956231352661229e-05, 0.00073908881366649718, 0.00036058176824609961, 0.082157121530908497, 5.5462800609568735e-06, 4.0316147525429879e-05, 2.7573199558752391e-05, 4.4781384828433179e-06, 0.0021951526273084601, 1.160393930957141e-05, 6.7864834358444583e-06, 0.01817963483887957, 4.2981533158535212e-06, 5.390991465859112e-06, 5.2124007550224156e-06, 0.0018728264339699964, 0.0022599974277576098, 4.5990713589329952e-05, 8.1168998516665801e-05, 1.0792591670829128e-05, 6.8867431676539518e-06, 0.10186273521821576, 2.3132806936258029e-06, 1.7148665670121441e-05, 6.9495179333642943e-06, 6.2676743850523922e-06, 1.2311056658526779e-05, 1.0517363063154752e-05, 0.0010535735669882427, 2.8801111338145396e-05, 5.5577474337470784e-05, 1.1176188132440827e-05, 1.3831456435960857e-05, 1.0280482300016232e-05, 2.0776295945113277e-05, 0.00015878558085977368, 0.00026149173336385107, 9.6590158602946299e-06, 3.8942977563373167e-05, 2.3278523778491103e-05, 7.5862143678310799e-05, 5.7127910436239206e-06, 6.3825624450362027e-06, 4.929637460042604e-05, 1.6781171668748367e-05, 2.4461476600575371e-06, 5.4287002198879491e-06, 1.4738132625926229e-05, 0.0026197251892511072, 0.0002573104436533356, 4.9938212966825507e-06, 4.0925998077143697e-05, 1.8633443848272568e-05, 1.3271322199838579e-05, 3.9023286072569146e-05, 7.05468165751136e-06, 5.2810452305177191e-06, 3.325790451399861e-05, 1.0118960994094357e-05, 3.060628516458821e-05, 0.042932702034092107, 0.00016584272534196548, 0.055124686503598329, 0.012979408113893151, 5.6542265864549292e-06, 2.8764300214618974e-05, 6.9063881772127817e-06, 1.4248588314794069e-05, 7.4714883034045329e-05, 7.6237255596894378e-06, 0.0035557021746312127, 0.0001471248763742221, 4.2289535179499351e-06, 9.067186312930229e-06, 9.2053269849635273e-06, 0.0014715339740019849, 0.00021635824080752793, 3.874813209558715e-05, 0.0023380656143515356, 8.5630134561452318e-05, 1.1971310627946358e-05, 9.9680128345477564e-05, 2.4887127026337031e-05, 0.014527253272442047, 8.2164759701480477e-06, 9.8665749824496125e-06, 1.2284724035229932e-05, 0.00021967608987049573, 1.2971682364292622e-05, 4.5505268998715181e-05, 0.00022321658059256544, 0.00022469639794915668, 2.6624639678167635e-05, 9.6461475618891202e-06, 0.10647105277331263, 0.00083181310316654176, 4.8892659763044619e-06, 8.0145505975667966e-05, 0.033401249323433878, 8.1480565854233816e-05, 0.00025010802345689525, 0.022349275837462743, 8.9621169947783251e-05, 2.0705124203152892e-05, 2.4644547007956753e-05, 8.4146609009237236e-05, 5.549186293239371e-06, 0.00025733202421303922, 1.328147621198403e-05, 0.23539203903422004, 1.0847971980332337e-05, 9.2509064069955048e-05, 0.0025732313624991197, 3.4244725172409121e-05, 8.513555683525441e-05, 0.0024439805771000367, 7.9983200362652572e-05, 3.1162083711357674e-06, 5.6433756245945008e-06, 1.9567396238205124e-05, 5.6453441462183835e-06, 5.8242998882217235e-06, 3.195233170263355e-06, 0.00023735559996324574, 1.8227602494877424e-05, 1.0404726327997446e-05, 0.00035412288695549083, 0.00014224780959437585, 5.792344418264871e-06, 0.026444545876445118, 1.0051203036461222e-05, 5.6079129232394203e-06, 0.0027685455922751645, 1.895018834638336e-05, 4.260872556580493e-05, 4.1940392396906357e-06, 1.0488182859656228e-05, 0.0059488733801208041, 0.00020015253594665201, 1.5941230810246477e-05, 7.4124032704912619e-06, 1.2359462070331545e-05, 0.0034165749405935565, 9.9903798242996803e-05, 4.7930483129953582e-05, 0.0098694954232863581, 6.4002783288345455e-05, 0.00098554754866747932, 3.0150140705677569e-05, 2.8895054322807108e-06, 8.7448517365637453e-05, 0.0023707395362219893, 0.090198908041927414, 0.00011083831582997167, 0.00017498921826549331, 7.1613539371388954e-06, 2.0341345502696762e-05, 1.30848703893046e-05, 0.0013619178975594818, 3.0228083088282171e-05, 3.2543694346255951e-05, 9.6933616735771653e-06, 6.2808954186947046e-06, 1.431401397007019e-05, 0.00013651753948168028, 7.9952656713001097e-06, 5.3175294632664149e-06, 1.1557404473846034e-05, 7.9898904289473041e-05, 1.0371093856350124e-05, 4.6602972161317172e-06, 1.4955855774058215e-05, 4.5591126233296471e-05, 1.035790276196717e-05, 5.4836851690269623e-06, 0.00016705521905104241, 0.21875965542633485, 8.4779093564901984e-05, 6.60198692715856e-05, 3.4440364218326066e-06, 4.4949049728339071e-06, 2.9619713411459118e-05, 1.0178888820356347e-05, 6.8706781647542381e-06, 1.0057773246908928e-05, 1.1662565734730036e-05, 0.00032268921977300023, 0.00010187939213587418, 0.00013120897550948489, 7.1824600868636226e-06, 2.0704825097855826e-05, 4.4354067500326532e-05, 4.644286179054277e-05, 1.8234457727066477e-05, 0.0010772002514860932, 9.8353377768012223e-06, 1.7439827119584321e-05, 0.041243511709488402, 0.022241594937986418, 0.017080704035810676, 0.0020094363787623764, 5.6808753745093571e-05, 0.00010651172985928725, 8.7004115493226537e-05, 0.00010976077645168939, 0.00067087244566204707, 0.0001063725854752482, 5.9262283287259584e-06, 1.3316170720273865e-05, 0.0021357614524443809, 0.0018743122229323537, 1.3581882423877549e-05, 1.3729324776920425e-05, 3.2367942089942011e-05, 1.1854247497409804e-05, 0.00026426751487925246, 4.2307661660598036e-05, 0.00017831545784276215, 0.0001912168575107875, 6.6510596137947259e-05, 1.5885717530321947e-05, 2.2951051522434781e-05, 7.6949905026243426e-06, 9.4525895744730251e-06, 0.001741740448113423, 5.7766763774097372e-06, 0.00055132310449453352, 0.0018658787989137269, 2.353337297417421e-05, 5.2212046891511188e-06, 1.5411958163876663e-05, 0.00058937183721536495, 0.00011966559610152871, 9.3336128031657449e-05, 4.8065237504542829e-06, 0.00051633759960833592, 0.0003618876409198282, 5.3456674110871673e-06, 0.0041702871316444522, 0.00061335833503873519, 7.6548527869773242e-06, 1.4342513277985538e-05, 2.2124905997144752e-05, 1.8446263878553329e-05, 5.1376753493147915e-06, 1.4490975792689869e-05, 0.0044513555328387442, 9.7779255146215537e-06, 0.042800250997733671, 4.6055569506008072e-05, 6.8207212938423123e-06, 4.1363164379959336e-06, 6.6107162642639751e-06, 0.00099195403604709041, 0.00018870432531711839, 1.0368799030928173e-05, 1.0059232574066029e-05, 0.25972552663221138, 0.0030611119178035654, 0.22355665810556435, 0.0025303583359355618, 1.8305478282015374e-05, 2.3960065178173112e-05, 0.0038940071188482452, 6.83114643405346e-05, 5.2668058962738385e-06, 0.00054611451321546415, 8.2867492813838628e-06, 0.0016426534990084574, 2.6354789379757251e-05, 0.00041111108989976111, 2.5873386183107476e-05, 1.7424629898470258e-05, 9.4737382561726053e-06, 0.0015640074128190717, 5.6947004330858028e-06, 1.142089468510285e-05, 0.00010411844789807876, 1.8933335036815267e-05, 1.4562948615807946e-05, 3.5775212591317084e-05, 3.3046104160212338e-05, 3.1316587507476109e-05, 2.4442671236020299e-05, 1.0593850722485836e-05, 0.00069846678895671671, 2.0691650767029727e-05, 2.4973084327647925e-05, 1.7555234454812993e-05, 1.0951840090627333e-05, 8.1383835040641536e-05, 3.6854829362542154e-05, 0.00021360306359397891, 1.7224313376633118e-05, 6.6175646458312184e-05, 4.3564648295518165e-05, 6.0982086900005568e-06, 2.0237782517890827e-05, 0.00028688788096235427, 0.028326814879644203, 8.1080869217360066e-05, 1.0670781460611002e-05, 0.0024115222624534411, 0.0027096255341887677, 8.423008864119815e-06, 4.503547552365333e-05, 3.3441032816273137e-06, 2.8803782757340599e-05, 4.662032952246478e-05, 7.8034824470466052e-05, 0.013969286189168099, 5.2761689252945051e-06, 1.0272481300716608e-05, 1.3086031090396975e-05, 7.5445961989422959e-06, 0.00016902670935254477, 0.0036087199823373558, 8.8849800804035648e-05, 0.012540343509807631, 1.0392048776067752e-05, 7.9107543332940627e-06, 1.0225649886229319e-05, 4.2034900053915192e-05, 9.8764807440151346e-06, 1.0343756796235836e-05, 3.2280395163787999e-05, 1.90646982541726e-05, 5.3715561250946571e-06, 2.5164688931024074e-05, 5.8173417396443004e-05, 0.00014756221394210414, 6.3738162782453124e-06, 6.0267409441125975e-06, 2.5708533939129623e-05, 6.538041936082394e-05, 0.000109807800052694, 0.0016387408492347503, 0.0022132092950414295, 1.5309653723787131e-05, 2.7184270688919114e-05, 7.0610331777292505e-05, 7.2902249673861214e-06, 0.00038095991513706091, 0.00026533876106695647, 7.1639549045950485e-06, 0.00021139109499735786, 0.0011664427665798636, 1.4918429727270983e-05, 6.0633224195407133e-05, 0.00031927625520753155, 8.9213455495166261e-06, 0.36389186265741413, 7.1863515002676355e-05, 3.7042213418920315e-05, 5.2186346291189854e-05, 6.7392617713822731e-06, 0.001084342447505403, 1.0462764260505412e-05, 6.8908996158835784e-05, 0.00013081367814752872, 8.7145483270422954e-05, 0.00010814200570454977, 0.00029927451927234169, 8.2632509238430105e-06, 0.0017721913349363003, 9.3770199846827355e-06, 4.1027582632514348e-06, 1.0272653569425407e-05, 5.034395794704231e-06, 1.0492477468464845e-05, 0.00019616231260921705, 4.7891301615210693e-06, 3.6108301356624547e-06, 6.1613792691372711e-06, 9.9612816438085186e-06, 2.3461524967539299e-05, 6.147297828875072e-06, 9.3133039381392127e-05, 7.1282975444292496e-06, 0.00014483952624874341, 8.3112130953802347e-06, 1.1319592030899488e-05, 6.3987652274677898e-06, 4.6591553269335186e-06, 0.0080145556382847025, 5.9975220773048315e-05, 0.00019056576068681843, 1.0276482674304152e-05, 7.2926316742003527e-06, 0.092247933240538982, 4.6683661620352145e-06, 1.0076735196758746e-05, 1.0124881050801914e-05, 6.0292624603648474e-06, 3.1873898371107233e-05, 5.2836861090614508e-06, 1.9940531864003396e-05, 2.0622436037491267e-05, 4.1831766363959753e-05, 5.5293369522375232e-06, 2.907341380891882e-05, 0.00031724505355175555, 4.0315507608154468e-06, 0.00020049158231667547, 1.8864440379153856e-05, 0.011275082512994861, 0.044917464486606114, 0.0043899832206294115, 1.3144387809035397e-05, 1.3058028362244503e-05, 4.8313029970237173e-06, 6.1788373225102464e-06, 1.0391625553915253e-05, 0.0057855739678402728, 4.9397694376125968e-06, 9.3490088703636044e-05, 5.4333403403221405e-06, 3.661591840349013e-06, 8.4704275279935695e-05, 0.026576369863179166, 8.8885624373660508e-05, 2.2385821629900499e-05, 7.3661419977418758e-06, 0.0011639219404434202, 0.17531032909200614, 0.041163800447422315, 0.015440342925229502, 0.00030642744695720401, 0.00036898491374011579, 5.237353546678238e-05, 6.1379799682526019e-06, 8.0598174531001396e-06, 0.0016486190468192853, 0.0014551543521171234, 2.3144311798562085e-05, 1.8594056896501723e-05, 2.506050905736946e-05, 2.4045559794095928e-06, 1.0361372272866992e-05, 0.0058129554548547067, 2.1533214637286069e-05, 1.8990856378420729e-05, 0.46138930750342882, 1.48933454143558e-05, 0.036760779504971676, 0.00036250076077978338, 1.1437533165145857e-05, 1.3759554399279533e-05, 3.0421879218033586e-05, 0.00029988349457471379, 0.0018386502784720397, 9.7260511985466464e-06, 9.1801388563224281e-06, 0.043541375696005927, 1.3816796579967191e-05, 0.055351302546146959, 7.1204726843295029e-06, 0.001044270532600004, 4.228479980081056e-06, 0.042198105539038459, 0.050105921487843368, 0.00067768050609931583, 0.0019231103758442182, 0.00011162397769928197, 0.01946481373881187, 0.014129095699026074, 1.6599944359906858e-05, 1.3048641061593193e-05, 1.8704637676215914e-05, 0.0029735032589442534, 6.79268814524305e-06, 0.0038660911898932664, 2.15505473251195e-05, 1.689519813367226e-05, 1.0009392863078502e-05, 0.00076525242808195163, 1.4146069986044276e-05, 8.3235457605069992e-05, 2.1148080032795724e-05, 3.3471034107921329e-06, 0.006247421570417651, 2.0717204340399902e-05, 1.0712457220012497e-05, 5.5821863008328472e-06, 0.012463385783019395, 0.00073569964339128299, 8.5871851666115159e-05, 0.0022853910784122792, 0.0059280801585620563, 0.0009354732842124584, 0.035913203239293083, 0.00015425618847410643, 5.8056961917490283e-06, 3.3000210012453407e-05, 0.00022383885153476701, 2.2316636469923468e-05, 1.3411424060646741e-05, 0.00053042704752673188, 8.25904184751644e-05, 9.5807612269212516e-05, 0.00053629815872518116, 2.636627753256264e-05, 1.0095203531949262e-05, 0.00039257355706792874, 3.4440345990574789e-05, 7.0253781152363571e-05, 1.3841699599956622e-05, 1.3220189820075716e-05, 0.0001371954156819894, 7.8027572593540999e-05, 8.6278396875147725e-05, 0.48228603671662906, 7.5054899315036926e-05, 6.5102628984124077e-05, 0.01336300476447937, 0.20933490285869222, 0.00011986018279191321, 0.00015876937230748374, 2.1088801561148658e-05, 0.0027261857461087749, 3.0975593404216587e-05, 1.0405620816156938e-05, 3.5574851082602094e-05, 1.1644602538205947e-05, 2.3149128312266219e-05, 1.636875345547832e-05, 8.509247489911403e-05, 0.00015120042866078286, 1.7307626326375535e-05, 0.0025289885517469587, 8.2188230685695613e-06, 0.00098384659397949799, 5.3460624722739548e-06, 1.6878482037690092e-05, 1.0194637643074019e-05, 3.2954934406473762e-05, 1.8856515135156235e-05, 0.054156744839321452, 7.4149327798553449e-05, 0.00014469622508458594, 0.0023438118423368594, 2.2915492768335671e-05, 1.061668868766628e-05, 2.0290764823950527e-05, 5.5017840643260198e-06, 9.3105969545763898e-06, 9.0735780965470842e-06, 6.1759290476892185e-06, 1.0745260671725893e-05, 4.9684103747333868e-06, 2.5610298771542673e-05, 1.1032613652793163e-05, 4.6750059075714757e-05, 0.0010664020462967652, 4.9493987170994034e-06, 5.2599912898638793e-05, 0.00129512385095384, 0.017506420678436396, 2.6592091547259172e-05, 2.8022931722572115e-05, 4.8531805195089071e-05, 0.00029927486749354475, 7.3338628260924657e-05, 1.291655328980961e-05, 0.00015197639902783406, 0.026007288605506679, 0.00042199398816568324, 0.00010150500564517809, 1.8694230773448925e-05, 5.2918270530284778e-06, 0.0033322866427885666, 5.0821871441805249e-06, 6.4212544456820882e-06, 1.8818739168267621e-05, 0.0023768988916784907, 0.18297080617144831, 0.21579994676010628, 0.00015339716169724394, 0.0011422092871378488, 6.5610678121665253e-06, 8.5139263521401931e-06, 5.2822698827417451e-06, 3.3816102600682517e-06, 7.1550685807636682e-06, 0.004487214183795646, 6.0458554356581541e-06, 1.9393680760927205e-05, 0.26386626480342068, 0.0002766641533600049, 9.5400395920021013e-05, 1.0400096231587449e-05, 1.8897676910188338e-05, 6.161587289100973e-05, 2.6843011647209835e-05, 1.9719015750392403e-05, 4.0967798664616015e-06, 1.3525368132842861e-05, 0.00098462291063634334, 1.0517325084819049e-05, 1.1177740270778165e-05, 0.00013517634179033731, 5.3121767870156764e-06, 0.02998660290415172, 1.9806438373675593e-05, 5.289658800485244e-05, 4.9228119641498811e-06, 0.017248834315579796, 6.0222701419309035e-05, 3.0179954089882532e-05, 0.0015178535563708554, 0.27886723637640243, 1.0470750976110338e-05, 0.0030626301685213325, 0.00018712046465701031, 0.0013747947672243554, 4.429074980213105e-06, 6.9808431921713108e-06, 0.047964279703219481, 2.296041917843363e-05, 0.0016420163149234569, 9.5765339203614255e-06, 9.5627798117760244e-06, 0.1128681798217895, 1.2901159687965187e-05, 1.055431361117391e-05, 9.7908293683552729e-06, 0.00018152586542850103, 0.00022028131332949886, 1.4592025740755697e-05, 6.4806698762642599e-06, 0.00010821673388450183, 1.3823568201367155e-05, 4.8814545251617738e-06, 8.0943363171127829e-05, 2.1459966008620503e-05, 9.6946305536186886e-06, 6.9880190152231245e-06, 1.9673259273725722e-05, 0.00010707363439165075, 1.195671181202749e-05, 1.3866975555476913e-05, 2.2980875012064345e-05, 0.00038512956144886337, 0.00059422321077033473, 7.1270203310125622e-06, 8.9528727776492043e-06, 5.3174771287895155e-06, 1.0829928428184582e-05, 1.6810849716559115e-05, 1.9309386550981515e-05, 4.3562831708263574e-05, 2.5860365146563759e-05, 9.9750906517451151e-06, 0.00034977801596166393, 1.3579126758764833e-05, 7.8798066820792972e-05, 0.00011150122652919456, 0.00011956751541683707, 0.0027522066936756053, 0.06354461689417891, 4.1142688246186976e-06, 1.0198131256482659e-05, 2.4923441270308174e-05, 0.016103641468933567, 1.0932153036427797e-05, 4.9002401880263622e-05, 1.6500698425059653e-05, 0.0001211800133507757, 0.00013293968112280185, 0.00013912242139911505, 1.0445946297033633e-05, 0.00018238117296436236, 2.73083160778251e-05, 0.00016422606553580951, 5.3087104919415951e-05, 4.2649618931218889e-05, 5.076253787792474e-06, 1.2618499978826302e-05, 0.0011131906820971977, 1.283018084924113e-05, 6.0021538773856365e-06, 0.0025297944284138579, 2.3550488087556161e-05, 8.1740979600512307e-05, 0.0016089972819649607, 4.1225221323329305e-05, 9.0844327633121987e-06, 2.5576347411448161e-05, 6.896372889129904e-05, 8.2410796867502416e-06, 7.8076817295297004e-06, 9.1819245548206852e-06, 5.8124438174910661e-06, 8.6055358692231148e-06, 1.2951379318564189e-05, 7.7778050016401651e-05, 0.00050076942715060826, 3.8766157873083819e-06, 1.0624081962716635e-05, 8.4004511116366926e-05, 7.6333949674392283e-05, 0.0029892090478951189, 3.4696664090965813e-05, 6.1428903346176047e-06, 2.1815761615642678e-05, 5.2079308748236633e-05, 0.0026776455635727182, 1.7472873745422529e-05, 2.4863822475070836e-06, 8.4138943478063813e-06, 5.2928307958621071e-06, 3.8815879992395766e-05, 6.9754136528962991e-06, 3.7223650989506644e-05, 5.2964168464043525e-06, 2.2601182427581524e-05, 0.48821509044021355, 0.00012659619940769034, 0.0044837695428377611, 0.003625261816711696, 0.0034814626958058416, 6.7377959015600204e-06, 0.030204230778939436, 2.6238598554956398e-05, 1.0194061200301391e-05, 0.00089018926357566194, 0.00014493099691866007, 1.6345275277735198e-05, 1.0590160601783266e-05, 4.039991738417184e-05, 1.3504101258255143e-05, 0.3269230844411059, 9.8008779507934245e-06, 0.029433932427099335, 0.012946337558750918, 0.0068867207446583712, 0.08359521267114306, 0.062970741500844224, 0.00087808288133801968, 9.3469407813750559e-06, 1.0476996927590111e-05, 0.011272061043794922, 0.02103146540485459, 9.495266056631209e-06, 0.00035294881184409896, 2.7555634813934734e-06, 1.8979141716863439e-05, 1.8614258681878057e-05, 4.0228919192418229e-06, 5.5795860988126596e-06, 6.2244719064285028e-06, 2.5145813051425279e-05, 0.00037585587233138169, 1.2316561834859486e-05, 0.28345614796111951, 6.8757004690279773e-05, 0.0071963232846681191, 5.2640640515911852e-06, 4.2420913059325457e-05, 0.35743280404660194, 0.0036573319682839701, 9.1157662081285543e-05, 2.6061236978933123e-05, 7.2357923393939774e-05, 0.0062471785142157376, 9.7842113230763083e-06, 1.5405865385493932e-05, 4.8879271078332233e-06, 0.0020553181610561823, 0.0024566811648926248, 1.5955522712801536e-05, 1.3809460938715224e-05, 5.532618041789449e-06, 5.4891195457298626e-06, 0.0036150413151234055, 8.5906782651518789e-06, 0.00021425837849443037, 5.1273794597498439e-06, 1.0384000862705899e-05, 0.27571080707479212, 2.1564719483722074e-05, 0.0019459848631303079, 6.281241959741639e-05, 0.0014904957941575725, 0.00042147902043881502, 0.0057792395839783139, 0.00065816568372143672, 6.2148986539638706e-06, 5.7678537090571315e-06, 8.4793525992613285e-06, 9.9772491446359213e-06, 6.5218988036414083e-06, 2.6655937399718108e-05, 1.0658533740111795e-05, 0.0038262272412936055, 2.6806627947170804e-05, 7.3828370173574138e-05, 1.8536571980799584e-05, 1.1392759258276387e-05, 8.6921358071271059e-06, 0.00010145018513919212, 9.3250919487655296e-06, 1.4269095693042944e-05, 2.039710150422298e-05, 0.0012402457926898817, 4.4200883658551798e-05, 9.4995714535911055e-06, 4.8037013736079054e-05, 0.025414572428412743, 4.1579373741087411e-05, 0.00086805914044643401, 5.4581339198799594e-05, 2.0928154040963812e-05, 0.1758013874689931, 0.00013114523297114063, 3.7027402389171399e-06, 0.00095758079292534342, 4.2216193344790804e-05, 6.0766369740053943e-05, 0.035985972088861909, 0.0032206119019106655, 0.000971688872140848, 2.7625624439736478e-05, 1.0367739999680303e-05, 0.00050915328050424704, 0.051022543471128431, 2.0088593375721108e-05, 0.00010676570584068195, 0.0032910067279549398, 0.00014162338448136846, 3.4819494951407927e-06, 0.00031223690071459131, 0.0061754069827399021, 1.0109708844598557e-05, 4.2992568033114771e-05, 2.4332163131519459e-05, 1.3656354997964701e-05, 0.13333665565119193, 5.7482860164433859e-06, 0.026591699376911308, 3.2052306763043797e-05, 1.5126066746520226e-05, 2.2402708496029687e-05, 0.00016600374507086277, 8.0152201018206876e-06, 0.0049284877208133912, 1.181726004470613e-05, 5.7857383260255675e-06, 0.001129063478922477, 1.2253086669000552e-05, 0.0015903151562196077, 4.4939809371469326e-06, 3.201867365985406e-05, 3.5001842833711701e-06, 1.2940840906351384e-05, 1.8458552119135941e-05, 0.0099182425858448404, 0.32609224936419767, 0.037386778493569493, 1.8129754419390462e-05, 0.48003974948489603, 0.00052573389642569096, 0.0025790964599702593, 0.0064371187682348927, 4.9869675717065729e-05, 1.7785055953768633e-05, 5.7351513891035425e-06, 6.8514630917007008e-05, 1.9918438440034473e-05, 1.7050008720656959e-05, 0.00013305073902854697, 0.00061665332850778173, 6.2983896393557976e-05, 0.045644717416375553, 0.0083062463735416245, 5.2455811819860586e-06, 3.1506827309814933e-05, 0.0016589450702997354, 1.6742091206367389e-05, 1.0359106224500113e-05, 0.0004090010594008462, 0.00020379963557503179, 5.5640046621564552e-06, 0.00020044073306418726, 0.00657092760139537, 2.0698851397302754e-05, 1.0777753160957306e-05, 3.2185617530278809e-05, 0.004304767649565007, 0.00015758021819212975, 0.0038061112259053587, 0.0013292697340781567, 5.3849823109902439e-06, 5.5811188088250038e-05, 0.0016111311498068987, 1.0079236077118931e-05, 0.0026939393679067673, 5.0580320067297183e-05, 9.4457866306136968e-05, 0.00024041152012764733, 0.00012493204680519225, 4.4185049446942268e-06, 2.6449485174021937e-05, 0.00020326221300324829, 1.0282175160783772e-05, 2.0168240138089431e-05, 1.7922741881150241e-05, 3.8420522020843688e-05, 0.0011673502621558913, 1.5832562435404392e-05, 9.8073893565694105e-06, 0.00011222576908026893, 1.0905221983033146e-05, 1.5491092397698133e-05, 2.0700037213975552e-05, 3.4183880206900247e-06, 3.7644770330397887e-05, 1.0234121766207208e-05, 1.7212871462293642e-05, 0.015121682327325612, 0.0011031904701810241, 0.00012349344009773041, 8.4928861431258395e-05, 1.7484580356309069e-05, 0.0013773645355895884, 6.0843367763864507e-05, 3.1636938837331102e-06, 5.5628196498720991e-06, 0.00082890416280332637, 0.00036547408020234657, 0.019833880074053793, 0.0017894890986573464, 9.0114056895075333e-06, 0.0096797876715936475, 0.15283539918910899, 1.0363952332684118e-05, 1.1724783253514134e-05, 4.158686394928139e-05, 0.00012031140299511839, 2.5827236295136055e-05, 0.0032039493771178176, 0.005314494861281628, 1.1623549543277556e-05, 1.0183431043098154e-05, 0.00021445038169876286, 5.8026301528557526e-06, 1.6605859797246401e-05, 8.2840771491482325e-06, 5.8558162008617843e-06, 0.00010102629307022995, 0.00011959353323945966, 7.7314062732318528e-06, 5.2579568981955795e-05, 2.9482868931555893e-05, 0.0024005548763976355, 0.017206402400209885, 1.0385013176826563e-05, 0.052094842286607025, 2.1499129002058244e-05, 1.4026809353237393e-05, 6.1264638749898204e-05, 0.0002976319489907482, 4.7168703942690563e-05, 3.3687994199070548e-05, 0.00084212354973116192, 0.019597582186101956, 0.0014126474188024978, 1.368381090876086e-05, 3.4279472110082426e-06, 0.090224432973328314, 1.5865497055854817e-05, 8.292024320732446e-06, 3.5196707341362979e-05, 0.0078310103374012383, 0.0021628068612834558, 3.2656023649649719e-06, 0.00018811273081366205, 7.9201739214266638e-05, 0.00025737868197014643, 7.2937448207327667e-05, 0.00088878753273125553, 3.4965474148498264e-05, 9.4051371890268199e-05, 4.1826700385990499e-05, 0.00099439777343224094, 0.49450545239641003, 5.2397332727281718e-06, 0.00011986085899961278, 3.1244846932784979e-05, 8.6079590109187223e-05, 5.596179271666646e-05, 0.00021502625788752554, 8.3077713471748076e-05, 1.8604521765026079e-05, 2.9902127576295468e-06, 0.04282455755882577, 8.8201054214903242e-06, 0.055135237714714756, 0.0022511491995856866, 0.0042562269300743128, 2.203839649292042e-05, 0.3369584763092186, 0.0011380712752936744, 1.6996167769630316e-05, 2.0076718849506588e-05, 0.0017935515666659123, 0.00020738040938349605, 0.00083517681183035682, 6.8259515184309526e-06, 0.00012126428592172485, 6.3853345063511551e-05, 0.0037577564439022957, 6.1158571114739371e-06, 0.023912937493497943, 3.1861769845608742e-05, 0.0001185137037734123, 0.0064298914465464778, 1.7640655406108434e-05, 9.4224601292756632e-06, 1.1380014899120281e-05, 1.037903548064533e-05, 0.0013837184047371756, 9.682583140975198e-06, 8.3058027614950487e-06, 0.00016209465914168413, 4.9778650061560664e-06, 1.1293692479591159e-05, 2.6918507549541826e-05, 0.00060821035064434188, 1.0489803550265719e-05, 1.8148063433854391e-05, 0.0050506228812025791, 1.9727291449263773e-05, 1.7423576717984586e-05, 1.3462375232132586e-05, 1.7944092819160449e-05, 1.8358026082599218e-05, 0.00014304169138571301, 0.0019408145575552228, 6.4604721016259757e-06, 4.9643952687494273e-06, 0.00010830888699784287, 0.0049467501516176314, 1.9078863628292127e-05, 0.00043672700661148993, 0.064405396504436344, 0.0048380914684427985, 0.00040255864048260637, 9.8172786459788096e-06, 3.647956524951656e-05, 5.3444410408811894e-06, 0.026505130099874135, 2.7865584279107571e-05, 2.2589832008508486e-05, 0.053001750139719965, 3.9278800868222175e-06, 3.3811466758180811e-05, 0.090203463203787165, 2.2862703616568789e-05, 0.0064864680079382425, 0.0001210927004805228, 0.0013018702299540709, 0.0036756964726090222, 6.7487846777284618e-06, 1.2290897274543825e-05, 5.738747603478685e-05, 1.3423151132875093e-05, 0.0016403411221476386, 7.558417037451197e-05, 0.0027801584594404475, 2.1756720523859641e-05, 0.00024266296365800822, 0.0012593994656866579, 0.001351297075266443, 0.0087150495646128624, 4.4633856958376261e-05, 1.493776331788259e-05, 0.42165780353074789, 0.010489829858923624, 0.0043911029956680732, 3.3637874474163752e-05, 0.0045452885058051848, 1.0026005920783033e-05, 4.7247241274534589e-05, 8.6471766633043048e-06, 1.0636143286532936e-05, 6.1354820709137947e-05, 3.8872784679422995e-06, 1.0319058398519062e-05, 0.00035745698479884043, 0.013704604730950925, 0.11327596672352755, 0.071565169170081322, 1.1606543224695078e-05, 9.6173466885578527e-06, 0.0053872791883719023, 0.00049691460590534163, 0.0065993556883829985, 0.014980237697307931, 0.009010239454547089, 0.0063440980583599768, 0.00058610072940593636, 1.8505623634814677e-05, 0.0001211680015619929, 0.0063092867349839547, 0.005038580040716248, 2.9650345010922889e-05, 0.035261848580009976, 9.3567848554249389e-05, 0.001440027638188952, 0.0067810030813661064, 0.00011652100389825073, 1.5702410173063046e-05, 5.7687197784150613e-06, 1.3265782342328643e-05, 0.0012397084611009974, 8.1175506142661645e-05, 9.9592958132870384e-05, 3.258923744559555e-05, 3.885078868708335e-05, 1.772210894115002e-05, 0.0025380505441275655, 0.003089546499577061, 0.0050278898418068541, 1.0006133621868773e-05, 0.00028619323111801331, 0.0054360108601493118, 4.0949002823418911e-05, 0.0023296899251450112, 0.00037866688632584653, 4.5982372753868942e-06, 0.00082567523019094378, 1.6897323417105238e-05, 1.0029119721907164e-05, 0.0029049983798572119, 5.4188361256249081e-06, 0.00014699813387494145, 2.1522530045291744e-05, 0.00053815586556975586, 4.6409014852511479e-06, 0.00071512117947509243, 0.00012060143283362333, 9.6968447819292669e-06, 0.00048429837045922057, 7.2223198596308392e-06, 4.1451817320696997e-06, 1.0021485848476167e-05, 3.4573209964958347e-06, 2.1888157027019264e-05, 1.2649547968149936e-05, 1.345570310539466e-05, 0.00013169212625766761, 0.00012945043739450658, 1.576894919607071e-05, 4.9552835034069576e-05, 0.0014079345638793221, 1.3558079227476057e-05, 1.0566136474737104e-05, 7.2308853436897486e-05, 8.1311517889469805e-06, 1.6846588606702086e-05, 0.00022172579580121056, 2.5229261679258606e-05, 0.0035385098552341244, 8.4864743405695285e-06, 7.6928129808116627e-05, 2.1957866334186965e-05, 0.00035622957702083363, 0.069338914242093097, 6.4334489205796879e-06, 2.7020387536981505e-05, 1.3685491596934914e-05, 1.1122297489028262e-05, 4.9678365134185765e-06, 1.4466873445738298e-05, 1.8932361021739224e-05, 1.0562913905234862e-05, 1.2100920703579665e-05, 0.0021087134487442261, 1.3063055906343945e-05, 9.9698138876101228e-06, 5.2447560504287653e-06, 1.0368664955854759e-05, 0.0013372542425960827, 0.095778438201059662, 1.3429990375488897e-05, 0.10247376748109027, 0.024848522682661654, 0.00015466625699596398, 9.4197162397027205e-06, 0.0035895751586754523, 4.8205730205213356e-05, 5.7309422769399458e-06, 6.1472901956431252e-05, 1.1529390151067331e-05, 5.2825131881858702e-06, 9.8987167109140778e-06, 1.9839498185267241e-05, 0.0052076678804576816, 0.00020950138685065794, 9.722457889398249e-05, 0.0072559108637019962, 1.4209569176530203e-05, 5.2327841525924201e-06, 1.0182676393524693e-05, 1.2088945252895563e-05, 4.4434790419326598e-05, 0.0017393658143943702, 1.039425780598185e-05, 9.269794729627258e-06, 0.00015265166873790607, 4.7610802393735988e-05, 0.26707216400729195, 1.0040304295495089e-05, 8.5028744238737031e-06, 0.00029561005960446971, 2.1812676044047011e-05, 1.0331317666999195e-05, 0.00025740386940837788, 1.6767421067468074e-05, 0.0032223385752625576, 5.9367438048328599e-06, 6.6094509642045038e-06, 2.8956210855344427e-05, 2.4997804433762151e-05, 0.0001326473510065918, 0.022193166758984726, 0.0063635729575417278, 1.5277707103131822e-05, 7.3196691072805367e-05, 8.6798417051680914e-05, 2.9841115240271093e-05, 0.020636358139801612, 0.0042904359356638073, 0.3218562084124576, 1.2297466147426175e-05, 0.0010273746807829989, 0.0054874613483534371, 0.00013533145736751795, 0.00066529833979554959, 0.026569637032639305, 2.3959899978965205e-05, 3.2527009357319378e-05, 0.019150181326058887, 2.875016452685783e-05, 0.0019335725399078608, 0.0013727449763915299, 0.007275986313612052, 0.0011681115707421236, 2.2817285864977823e-05, 9.9119359238117183e-05, 3.7671600976393832e-05, 0.0005695694152772346, 0.023555030621653667, 4.7320384695390866e-05, 5.7671498351109935e-05, 4.2952861776298852e-05, 0.00097310037898348551, 0.01071756670372471, 6.6185560087424062e-05, 0.00016342317451523971, 6.0955897714019679e-05, 0.008656907964806615, 5.4426908400094238e-05, 1.7149257567851231e-05, 4.0801737238139939e-05, 8.0482126933086552e-05, 1.5437321987511277e-05, 2.2136935020444161e-05, 7.7817617808933126e-05, 0.00013360257866500421, 0.001340268179639463, 2.3362064032484285e-05, 2.6399386228273165e-05, 0.0061773681792712575, 2.3798232253042202e-05, 6.2656606554455037e-05, 6.8457235518407157e-05, 0.038924105288523261, 9.6350345479197575e-05, 0.00083613573261630562, 0.00072279745386271419, 0.010579420668767955, 4.7175095669369856e-06, 8.576574141993737e-05, 0.00010305417911991555, 4.1478880562478346e-06, 0.018066672469040323, 0.0022200869251476352, 1.3729399874341393e-05, 1.2640567986697352e-05, 0.015293441967583728, 6.7930479901732009e-05, 9.4112241556670201e-06, 9.7217263372148988e-05, 0.0041647103215076368, 3.2750680127955897e-05, 0.0001070557823137359, 0.10488232839077161, 1.9858098864440216e-05, 1.9286898378246802e-05, 7.6452885957422106e-06, 8.5109532836791021e-05, 0.023880966597547203, 0.0025560208591052414, 9.6681586184862645e-05, 5.2644645229580058e-05, 0.0011862829769831334, 4.2749327414534079e-06, 0.015853706703611973, 0.051050937630662721, 5.7630257601453673e-05, 1.3839647322518426e-05, 7.9028656170121645e-05, 1.0256750160877831e-05, 8.95815369704142e-06, 0.0010432843644710421, 1.6339203452929041e-05, 0.0015251305516272848, 0.0010078745501824582, 1.2597724241824121e-05, 1.9231183742830558e-05, 0.32586847547991321, 6.980702641505236e-05, 3.1704738186421183e-05, 3.2484619035475226e-05, 7.5539180842096841e-05, 0.0021706463753130294, 0.0023547831292316753, 1.0285201915048054e-05, 8.6518895086056341e-05, 5.8885531278994479e-06, 0.0052209476562331391, 0.00050743845531257413, 3.5926389143855006e-05, 5.2034526754145975e-05, 1.0337968332528603e-05, 1.3198852527119093e-05, 4.1630008127008543e-06, 2.1990708965886237e-05, 8.3429535354065783e-05, 6.4957606084019747e-06, 6.0591494719477227e-05, 0.0015625479702721578, 0.00019063574698867185, 8.4779728874865573e-06, 4.368007628853727e-05, 7.0242816613982499e-05, 2.2512761745575479e-05, 0.00024253680042387942, 1.0436131564528968e-05, 2.6842996806426387e-05, 3.9392372958182497e-05, 0.0016335516621367519, 0.0010925702519302598, 1.901380542943608e-05, 0.00015480561226433279, 0.0002303575083749206, 0.00017622790740799707, 5.5770699727499853e-06, 2.5450153931603194e-05, 9.5534857208281595e-05, 0.063825877766946204, 7.3849126258345669e-06, 1.7741179789204942e-05, 0.0038146925592232096, 0.00056737866219235802, 0.0030381133325790262, 0.0023317763864910495, 0.00049853250713270019, 6.9815581185807513e-06, 0.0011407540662422742, 1.8828909859377517e-05, 5.6808492033664643e-06, 2.1375061024824525e-05, 0.00036267846610638403, 0.002016361351494785, 0.00088986264617582416, 9.5243231043795745e-05, 2.0445270041316973e-05, 1.2021699617480787e-05, 1.0525540265690811e-05, 0.0038530457876318615, 0.00018371083705929564, 0.00066892391179851395, 3.7041283235686485e-05, 0.00019534273805107239, 0.006946458486739358, 7.2487918399470833e-06, 1.6340637652612e-05, 1.0118381357470126e-05, 0.00012606603461041152, 4.039158039510154e-05, 2.8392596358986206e-05, 1.0457398875225506e-05, 3.7531487597043549e-05, 4.3605511711934192e-05, 1.5319569202909521e-05, 0.00019330741188537223, 1.8448100330324205e-05, 8.120447696616687e-05, 4.1458664432113958e-05, 0.0013088693657256983, 3.8173200831100914e-06, 5.733777259216565e-06, 8.7100387773980691e-06, 0.00042128634752114103, 1.9646736943784772e-05, 3.6903122148754865e-05, 0.00030607376970488113, 0.010704750074773547, 1.1980650667463801e-05, 2.049728485458443e-05, 3.6549951034730004e-05, 0.0063847276133667946, 5.212252070741884e-06, 1.0534141522069774e-05, 4.6383670261794153e-05, 0.0010599865362376777, 2.0313345379766928e-05, 6.8319147554872544e-05, 4.6481964497956714e-06, 0.0013070998536388947, 2.6091752419938473e-05, 0.00012578241617677393, 0.11174486302450454, 0.018932710657399456, 5.0917165640643121e-06, 4.62565296370113e-06, 6.2991493718408564e-06, 0.000139588196606689, 7.3906779383531136e-05, 3.4488786605441847e-05, 3.1683794284274049e-05, 9.5445523962455842e-06, 1.7303630866264322e-05, 0.023784458396375031, 1.3892976504869894e-05, 6.0037823707287603e-06, 2.3280905369424221e-05, 2.0538978492303536e-05, 2.2419309598226806e-05, 7.0909449189987284e-05, 7.5359959299710185e-06, 3.7313939409984684e-05, 0.0014835840115903149, 0.00011545996461218502, 5.969134087026815e-05, 0.0022791633856460722, 0.0051794127141683421, 3.4092273644801e-06, 3.9414794478884338e-05, 2.4173404400267868e-05, 3.807288380993281e-06, 0.00028616225034899762, 1.2015066437334933e-05, 1.4341370667411004e-05, 1.1532249123979189e-05, 5.1683591377750663e-06, 0.0016161503154213132, 5.9431016007175934e-06, 0.010069885131480527, 0.00022263440379980282, 1.4477405333957622e-05, 5.7545987112375326e-06, 0.00088830774602339352, 5.1179324516109782e-06, 1.2592232264143427e-05, 4.060372052539665e-06, 4.448772028083372e-06, 0.33850450645776115, 9.9000633603911831e-06, 0.00017657706459783617, 6.0123326172654331e-06, 0.32760554409459614, 4.1340797692856899e-05, 3.7674374634204919e-06, 7.407825022553878e-05, 5.1962973152399628e-05, 0.0093568150512768431, 1.553903469648756e-05, 5.2658532931829504e-06, 2.600743030570918e-05, 1.2085147617611159e-05, 0.0022006901773623522, 2.2442403048035901e-05, 9.1757772602260999e-05, 7.3977301831176399e-05, 1.0385846006085587e-05, 0.00021233699856396747, 0.00017624090655816706, 5.6307481962269185e-06, 0.0030168979514585388, 6.6083218819051106e-05, 2.2775992946601923e-05, 5.2959917508446584e-06, 1.1627953465753029e-05, 9.9436529105735809e-06, 5.269733627552527e-06, 0.00011122974528683399, 0.0035050067575244041, 0.006431025201359469, 4.3683976871634658e-05, 0.00023483544528040507, 0.00056580554623236192, 0.00041545770167450495, 3.8955624520314183e-06, 0.004958423146309226, 1.2344327445345704e-05, 1.0411252713194654e-05, 0.00028070715790248774, 0.00043522545305007095, 0.01020396767622994, 2.2228487862333286e-05, 0.09920882408334418, 4.4131624640029457e-06, 5.3716762960568928e-06, 0.0057297971431474713, 1.8552275572377456e-05, 0.00023569512588437187, 0.0080285447228893927, 9.9346566522394908e-06, 2.320766379796149e-05, 0.098467297754178298, 5.4169156357575708e-06, 2.7340197939047605e-06, 9.3605555408946437e-06, 2.3716575556680574e-06, 0.0063338183421710213, 5.303166179384695e-06, 0.00017040743791025067, 9.893430392974105e-06, 2.5860339917673978e-05, 5.9349118082255905e-06, 0.0035346685411239104, 0.00012795023548876346, 2.6142760648871575e-05, 6.020379862525196e-06, 2.0180277473825183e-05, 9.8935927325091658e-06, 4.1885937231337179e-05, 0.0054878352401209829, 5.0152471961511861e-05, 1.0410638467596272e-05, 0.0014011955025622607, 2.0220640195137059e-05, 0.0016915750507352832, 1.0296209326616698e-05, 0.00011765428690030781, 0.00010901950969578279, 3.7057589190719055e-05, 3.8010639754799379e-05, 2.8422635911310445e-06, 0.053367788567038547, 4.5491481591904826e-05, 2.0929900563835533e-05, 0.0045208593228484939, 1.9932579221519968e-05, 9.4843925965508527e-06, 7.6632511781264348e-05, 0.027376067132717202, 5.6680889536900448e-06, 9.3056638181934017e-06, 5.6395691057257847e-06, 1.7200454902056455e-05, 1.0383669639097901e-05, 5.3725351525133964e-05, 5.4925621650372563e-06, 9.1515685949543037e-06, 3.9306315814833274e-06, 6.2846547773414099e-05, 3.3843480528658648e-06, 0.00016713528955748338, 8.8317172970852547e-06, 0.0095216385038140346, 0.046923520651740942, 6.2601036679456634e-06, 0.00021945595598157308, 6.8377742591966759e-05, 0.029210767746402432, 1.019635664545713e-05, 0.042225500338626078, 6.4709779919834749e-05, 0.018589162607411936, 8.2092106266500786e-06, 5.2662804536413801e-06, 1.2354621620106933e-05, 0.11945921231172466, 8.7787874916294136e-05, 0.0002019504326101266, 1.9021456420771498e-05, 0.005148184617307751, 6.4379765424306424e-06, 7.823802460903588e-06, 2.5996172359099347e-05, 1.8536350062392986e-05, 0.002416799797609183, 0.0014800972562679679, 9.2401063050789238e-05, 5.1884181514375624e-06, 0.0018739997545018322, 2.9554805338335849e-05, 0.00031376365362278388, 0.0024459002318983317, 0.0024838672055041344, 0.0043966971466319798, 0.3539206274097646, 6.1168552962065359e-05, 5.3105134982268217e-06, 5.2431901951255254e-06, 0.012444756943865133, 4.7387686481528603e-05, 0.0024246330417763929, 9.6129315253355773e-06, 2.8691240007981361e-05, 1.0014870305035791e-05, 7.2191085515013284e-05, 2.5393134428842788e-05, 5.4235949719107278e-06, 9.2600484400504593e-06, 4.7767773972013682e-05, 5.250954366542855e-06, 3.3823487613636198e-06, 7.8534984529164009e-06, 8.2739531748507875e-06, 0.00024568342022497343, 0.29570078917813941, 0.00010571891369942002, 0.0023653837002678827, 0.0053268532418785661, 1.4617425288891051e-05, 5.5148085736770549e-05, 3.3670110277750237e-05, 3.454867659085298e-05, 6.3664658550709461e-06, 1.6549697523225123e-05, 0.037068796201530856, 4.380958735135821e-05, 0.051484322392561926, 0.33215434818535172, 0.0024995740742559587, 5.5337998408937931e-06, 0.060252451922480105, 0.00031151753369555978, 1.4034748260776936e-05, 1.6929965228505464e-05, 0.0036771887849000435, 1.0106094078944419e-05, 0.00034425780371670131, 0.00014595647831023605, 6.6754086233267006e-05, 0.063625132253446209, 0.0025007922451498578, 0.0073867375457947254, 4.1453911181866495e-05, 5.144128902841936e-05, 1.9947583576114621e-05, 0.00010546980414210264, 0.00018616544347635033, 0.12580518786024678, 0.046327926708186334, 4.0528126212336618e-05, 1.4426044704602217e-05, 1.193106810600275e-05, 9.8086883834652e-05, 3.8998344466769089e-05, 0.28769847407234478, 0.00091788128929198029, 2.4799539521185294e-05, 0.00048477099213932624, 3.9897359259522794e-05, 5.246729690548691e-06, 5.7610821601053243e-05, 1.5118884157986013e-05, 1.049903134781812e-05, 0.038636876190543734, 0.005640192142787979, 2.7266701708179152e-05, 5.2741847766981433e-06, 3.0095702419223815e-05, 3.5878468585779468e-06, 0.01014515796694869, 0.056313205104353926, 0.0092475382082768589, 5.167781550827979e-06, 1.8922963705317312e-05, 4.8170231872030255e-06, 0.18905739964373175, 4.0582297710826103e-06, 0.0026138035882804201, 2.3934600481580202e-05, 0.00030222550263393609, 1.5497743819330335e-05, 1.8847278409660781e-05, 0.00050745210243060223, 0.001791772560762004, 4.4681443479338857e-06, 3.0036244479967695e-05, 3.7234384865591115e-06, 8.8477017078937447e-06, 5.9131770446931378e-06, 2.8514200151720313e-05, 2.1084229731579958e-05, 0.0066417349964473836, 8.2090162083663164e-05, 2.992091861969752e-05, 2.8587034741450455e-05, 0.0019225799203524368, 1.9877429525503167e-05, 1.715156239752046e-05, 3.1963888268713635e-05, 8.3678484868432904e-06, 0.0016694111611734682, 0.057538001795139883, 1.0248929334252239e-05, 6.6715793788042393e-06, 0.1688965590446132, 9.6011408401163029e-06, 0.00055244480791740293, 0.002398995600784323, 0.00010928579683172411, 9.9947165973834537e-06, 0.00041192338700887977, 1.8586671960667479e-05, 0.00074747443015206851, 0.25316766666605739, 0.42581435954831293, 9.0032116307278991e-06, 0.0008028843869454708, 5.6107634986570069e-05, 0.0011627068412554194, 0.000196178869030211, 0.007291929564613193, 1.0289033631190273e-05, 0.21930089338990658, 0.0016159869599882814, 1.0352453732053889e-05, 6.4205581179833057e-06, 0.00011166618363882283, 3.939324275563184e-05, 3.4664495650193352e-05, 0.002297148436137003, 0.0021336300773746428, 0.00025749402543788469, 0.011231345844198229, 1.7699288584644433e-05, 0.0021739792589724038, 0.00047793521179787007, 9.8506796555967096e-05, 0.00015529841380303264, 4.3217368718108554e-06, 3.4025974781488946e-05, 5.9529805037777623e-06, 1.9156273375299954e-05, 9.5661644565295775e-06, 3.4310975573948321e-06, 8.2101650957856949e-06, 0.086518511365536677, 5.3376911582095348e-06, 1.9191967651382646e-05, 7.1142558154750543e-06, 0.00011382148755257284, 8.2583502377552097e-06, 1.1625294061483407e-05, 4.9121309469296324e-06, 2.4947569671529845e-05, 4.3274437672338841e-05, 0.12883619400417121, 0.006562887970023753, 1.0113626921551859e-05, 4.6743851566645822e-05, 0.00013325452296302669, 0.0023720035754669676, 4.9445018452436944e-06, 3.2795154607460285e-05, 3.3670564454717696e-06, 8.8893536797895391e-06, 0.031687353182684903, 3.1237825710796632e-05, 7.1958253246813769e-05, 5.8404181307050054e-06, 8.9174441935156449e-06, 2.6156535067953826e-05, 2.6904911734222254e-05, 0.022750727786704446, 1.9477185039425748e-05, 9.980057653485072e-06, 4.3373976752456151e-05, 8.3977651876481864e-06, 7.3362500056888718e-06, 8.0525530731383841e-06, 3.5082722978342196e-06, 0.00022888356325913268, 0.0043734985380558637, 0.00063362946972989542, 0.0013523487522938392, 5.2359651721281915e-06, 5.3229765674538749e-06, 3.8473315155940376e-05, 0.35564040913045597, 0.0031602552131178843, 3.1388192749919469e-06, 1.3944801226475943e-05, 0.00012467495171113331, 5.7484731891443795e-06, 5.0325354686846689e-05, 0.0005897237133582632, 0.0088597236676550891, 1.3496948161926212e-05, 1.2155503685636715e-05, 1.0127681679954488e-05, 0.00010690476495067689, 0.00012569268350684393, 0.00045952826393762757, 1.0967631614568802e-05, 8.4416811139503926e-06, 0.0029777037097645678, 0.0001029074716953653, 7.9489819444295213e-06, 0.00082248515449967583, 3.3222312348018463e-05, 1.1601892756592571e-05, 0.0070796012745922791, 0.0056129253800297702, 0.014011934723214804, 2.1550830306732815e-05, 8.2154588102759792e-06, 3.91620449595321e-06, 0.002148293049240464, 0.0082181708316161981, 7.1314867183058396e-05, 3.088063155787873e-05, 7.0353457942941958e-05, 0.0021144644112214644, 0.00058737844277658108, 0.45995220143853, 5.6961743822010887e-05, 1.5635026674168542e-05, 0.042442913303318237, 0.001121940052128933, 1.0252745122101225e-05, 0.0013789288380391712, 7.3884502376388275e-06, 2.2679086869987814e-05, 0.032106873706022727, 2.3441036349158963e-06, 0.0017087982651934127, 0.00014095628966800453, 5.4196305132339054e-05, 0.0025567705332264069, 0.0075453521494214916, 1.0695909521466406e-05, 6.2993804397312707e-06, 0.015140316563826649, 0.0011027730946302015, 0.0010346594523116316, 1.4455108912384917e-05, 5.2507742071183846e-06, 5.0009614489562765e-06, 4.8020713859694504e-06, 5.7505344136465119e-05, 0.0033235638491620127, 0.19995688957186455, 1.0022405693466363e-05, 0.00010943231583409617, 4.1317280834297465e-05, 0.0069021238469303406, 1.0365737174582672e-05, 5.2735541454413861e-06, 0.00051124233573858187, 1.0383272004213068e-05, 7.0196748392093965e-06, 9.5368392020517257e-05, 0.00015765545393244009, 0.017673293739471199, 5.9309153402363868e-05, 0.0050362690103773608, 5.3309514384658458e-06, 4.2291349866707273e-05, 0.39236325898977309, 0.00028111103809016797, 2.2935145444667005e-05, 4.3023274564943894e-06, 0.00052345432451705366, 1.3098849113823279e-05, 8.9128437846686284e-06, 0.0021374933584084794, 5.5709113410614089e-06, 0.01923419134197667, 0.0081954972378319672, 1.868455560545059e-05, 0.0024127698139323555, 2.0008785985106199e-05, 0.0016002062551877217, 5.4466273327544896e-06, 0.00474831732937983, 3.2473698683149002e-06, 1.1578012564144564e-05, 0.00031868512581852956, 0.00020895094811786545, 1.002951026507973e-05, 1.0602544538297476e-05, 0.00023756692525194465, 0.066953248395667797, 5.2568747431779326e-05, 0.00023718406080146671, 7.2437346768090165e-05, 4.1876479724151005e-05, 7.0179186453520612e-05, 1.5251928881346032e-05, 0.0073339895135649162, 1.7291425304639313e-05, 3.5031132519083215e-05, 8.867290656441625e-06, 1.3659037464008371e-05, 2.2670317281988695e-05, 5.2760076972336153e-06, 5.3131742103101306e-06, 0.17493585597647576, 0.00021471040783164084, 3.2986902700171698e-05, 0.00010652642380866809, 0.41917035729257346, 0.0011617315273824717, 9.5453947129753961e-06, 0.022820339590454007, 0.00035158588836844599, 3.3053580861706834e-06, 0.0050713865706418426, 6.6473616303931973e-05, 5.777192100621303e-06, 1.4565210385894351e-05, 5.7552873008649659e-05, 0.00056447694588988829, 0.00054542515134862373, 1.2166951427546975e-05, 2.521339466986437e-05, 0.00043760558794453007, 5.6836079041354456e-06, 9.1707139224078451e-06, 1.0380823400650382e-05, 0.005084874683132329, 9.0890377232119889e-06, 0.0001088509248026216, 5.8497062256477787e-06, 0.00012227695965256764, 5.3139555972150736e-06, 6.9976438095326897e-05, 5.0066825014891844e-05, 1.6269502173248832e-05, 0.00064028986896840856, 0.00014958658940327792, 4.3186083880061477e-06, 0.00079743303903612487, 0.00011834734519387922, 1.1338610005249689e-05, 0.010173784053585978, 2.6333757246227451e-05, 1.4106938405334252e-05, 0.0027360441766658733, 5.5995873198166126e-05, 0.0010928921770289842, 5.1835322863722547e-05, 0.000354571395425352, 0.00075330708241730078, 1.0552345550346229e-05, 1.561802667973491e-05, 6.4892394885396207e-05, 0.0043452712124188346, 1.8475181024850537e-05, 7.1321370298797837e-06, 2.4150501838870546e-05, 0.00043393706840914506, 6.6379494728591382e-05, 0.18575215516854029, 3.3047745941309107e-06, 0.030625772368475471, 9.0272576023823413e-05, 0.0022569059596625933, 0.00020574018514557066, 0.12751443626014786, 5.285858512778668e-06, 0.00014346883047711351, 2.4209495994928341e-05, 9.6945070428591566e-06, 0.00013874846430006531, 8.2381321451232585e-06, 0.031540335354876062, 8.6507121103190292e-06, 1.6165802589081263e-05, 8.9280152408102007e-05, 0.0012341738255140723, 1.7600335636052901e-05, 1.1049065985816499e-05, 0.014662675358111785, 0.0019445300676028132, 2.1839541812099003e-05, 0.063888309599502369, 4.6770124732128332e-06, 2.9499056925260882e-05, 0.00086684909242399125, 4.1010982838760026e-06, 1.4402033358056172e-05, 0.0015080054204412803, 5.505540297794666e-06, 1.8426272154921896e-05, 4.1685809639500261e-06, 0.11425202881842569, 6.1299854814302022e-05, 0.0011888000953247599, 0.00086879409443464911, 1.8439031233530974e-05, 1.6488428047301653e-05, 1.3564258228444818e-05, 6.6028215008643067e-06, 4.2600569516854355e-06, 5.1282645391397527e-06, 0.38541712772004938, 1.0166044346211252e-05, 0.0024475714856855178, 9.0264949154483347e-06, 7.0732728191626667e-05, 0.000232654489025192, 4.1375675484329735e-05, 2.3543405156858402e-05, 0.00028375263932781103, 4.542947548631259e-05, 0.00011375803529566453, 0.023677213318883426, 8.7422009288383543e-05, 1.8920103435026357e-05, 1.2532760544443212e-05, 0.0098017832175237539, 4.210102082560537e-06, 3.3179585952538715e-06, 0.00020036335222219212, 5.9049859929051906e-05, 1.9880869839356426e-05, 1.9161975831579054e-05, 0.028023916806382432, 1.2805406469544101e-05, 0.053085601370804085, 0.30382099179679517, 7.4458469852422469e-05, 0.00011102241096205956, 8.8870935527296752e-05, 1.0700133751685487e-05, 0.0083405613590238382, 6.0186577866102945e-06, 0.0099728698503277775, 0.00069208721037788523, 7.6462214537427703e-06, 6.7883287417479977e-06, 4.0432564347322287e-05, 0.00019707346143132718, 3.9496339428832042e-05, 0.00010985680516870685, 6.2272038495846731e-06, 0.00030419512361556743, 2.5328639796946378e-05, 5.418430985247352e-06, 6.8969218091582117e-05, 1.6815945606210451e-05, 4.7927640981196164e-05, 5.7220096159796804e-05, 0.018547936939945105, 1.0150083649693034e-05, 0.00018315073063916758, 0.00059771166315632045, 1.2679900680915643e-05, 8.0888591223978898e-06, 1.3651306293430941e-05, 5.2651542163405766e-06, 4.8084512062345189e-06, 0.00024444372800552138, 7.9200846881786812e-05, 7.0579529654206334e-05, 0.00066016984583659179, 0.00027046161070875911, 1.067520440915079e-05, 0.0058996405732982234, 0.00026643614653963703, 0.030707845896343011, 1.0254624034947008e-05, 1.3686171300892971e-05, 6.7349964515241758e-05, 0.00012351194194649154, 0.00021528326268215034, 1.7896610362086576e-05, 2.6091615711167155e-05, 1.2104722582490529e-05, 0.00023836537650169393, 4.5817612159133128e-06, 0.011592957262083431, 9.1506758809900867e-06, 9.2223403898441857e-06, 6.1910656788461013e-06, 5.5863800261956373e-06, 3.4021575641870944e-06, 3.9084060373117998e-05, 6.9110183565164467e-06, 7.0158515930432708e-06, 3.9878566675988374e-05, 2.1196760121792547e-05, 0.00011733357726174948, 1.2020025610815401e-05, 0.020381515926710975, 5.5395251500355156e-05, 3.3417885476549006e-05, 0.00086209874412477455, 1.6454235186535766e-05, 0.023280639636684392, 1.2030594067011209e-05, 0.0076259012148119955, 0.14119195751153438, 5.5901723190359179e-06, 0.0028948230868467771, 5.2199587443394323e-05, 0.0030807125984807899, 3.4692613228408327e-06, 0.0042283988276972688, 5.2754893425752796e-06, 1.0721933798590144e-05, 0.000509357614504523, 2.2239558486280437e-05, 5.7800844114202672e-05, 0.0023313588793787269, 7.5208310567876145e-06, 1.7165020885589705e-05, 0.03587648821641945, 0.029408714575407439, 0.00016151259438491736, 3.516727657336274e-05, 1.4579289813688983e-05, 7.7477095900393018e-05, 0.00026938778421027609, 0.012277078060336359, 0.0042194793441553318, 0.0048699356135305238, 8.1675352386396992e-05, 4.2830991629739146e-05, 6.525213467322499e-06, 0.00013193395520430683, 3.3189980882680855e-05, 3.8070419322711371e-06, 3.3699345191840875e-05, 1.2897571496506232e-05, 9.8741464650552659e-06, 9.4758639556347233e-06, 7.4241318955527079e-05, 0.0015810837717183646, 0.001170075234958719, 6.5122932168517021e-06, 0.00092084742298910959, 5.7903474577515232e-06, 0.011545234191790247, 6.3823741154741736e-06, 0.016594929555520391, 2.1867136370472778e-05, 1.1955187288001458e-05, 5.2871801420949119e-06, 0.0090002276780345204, 1.7150613146733056e-05, 1.983507786990717e-05, 3.5830904304009971e-06, 0.00045886432008186066, 5.4156777604032449e-05, 8.5724486031301327e-05, 3.2861760214534562e-05, 2.6335682694611456e-05, 8.7724292930980242e-05, 0.0013539597274174365, 1.4049912471785798e-05, 0.00030364039931683252, 3.6514269575219281e-05, 1.0521346876865544e-05, 1.0980815256406493e-05, 6.1359002965079564e-05, 2.4306745855369691e-05, 1.8416780433997017e-05, 0.024759882141988383, 1.4074108090177445e-05, 0.00027688099199910815, 7.76374758656025e-06, 0.0063190967476259522, 2.9144277971365243e-05, 9.4784513672041293e-06, 2.6419182297667595e-05, 5.6771896031245162e-05, 8.3919863671663451e-06, 1.3924031568863923e-05, 2.4710343024069495e-05, 6.7224791715559411e-06, 0.00013952237187979209, 0.00097655195606567659, 2.6905701079214787e-05, 0.00033168543784058439, 0.00033425938649515386, 5.3277857158383314e-06, 3.0275602539152121e-06, 5.1415284441485016e-05, 0.017552900265189679, 1.5071774896743899e-05, 3.3817289539607988e-06, 0.00014459097540367048, 5.7979219690752847e-06, 5.8659024995887674e-06, 7.1625808193000731e-06, 4.1193322379444236e-06, 1.7068097109107102e-05, 0.00071869900478565077, 0.002431815345477643, 9.1794694624836446e-05, 0.18432845699336997, 0.00033491034886570499, 1.8873935536959628e-05, 1.9393907237497291e-05, 3.7667080493017103e-06, 0.36469659862355391, 1.2704518188170737e-05, 5.0195677087705635e-05, 0.00097062092574619905, 0.00043125069766319555, 2.5087236734431119e-05, 5.4906717268233969e-05, 0.00036716324834603123, 2.8592796126014614e-05, 0.00070520883128566175, 2.9479061768575857e-05, 3.6019063141073819e-05, 0.031119835218738713, 0.00056262334488013275, 3.0518394216152257e-05, 0.00015651378498173819, 0.00119718008209508, 1.5281196383913819e-05, 5.2646239274012501e-06, 2.8557000106738357e-05, 0.0015485468188696553, 1.638026473528443e-05, 4.1988956973066571e-05, 9.8329680221010645e-06, 1.5610862253887903e-05, 3.9301991120753659e-06, 5.2107184510767201e-06, 0.0056327763056114371, 1.9467348127888999e-05, 5.6401322338005706e-06, 3.6919809209190951e-05, 0.0017743762608074826, 1.0606237435065424e-05, 2.6801061148462555e-05, 4.855889276941643e-05, 0.096362216513555088, 0.0082488103660173576, 0.00029283807999316944, 9.6166649060953896e-06, 0.014997246486151071, 8.9488766905764287e-06, 0.0024288248520595011, 9.4699811686580093e-06, 0.00010427158616864156, 0.00024403270159967193, 0.00054720044319547518, 2.7275943207452465e-05, 1.613134618067442e-05, 2.0305904118578645e-05, 0.0007307596792779634, 0.00011824640299242196, 2.7757102044982699e-05, 5.2332912993774966e-06, 9.9568375147260271e-06, 0.00023615894421601569, 1.8075202902609589e-05, 0.029133627452672499, 8.3136106626484709e-06, 2.4923053727841097e-05, 6.9768515239930203e-05, 0.0001009581250591285, 9.5474150806758683e-05, 3.2983650653828083e-06, 0.0022001429572264491, 1.0304512705852073e-05, 0.0005428976507271798, 6.3939809948353324e-06, 1.8043229326577381e-05, 3.1539340733035988e-05, 2.5194461797244355e-05, 1.8888650989186568e-05, 0.41402718527580601, 0.0002336658258671936, 6.6810425461252771e-06, 1.0668447730713024e-05, 9.7492274395913917e-05, 4.8478662261826659e-06, 7.0537496949175272e-06, 0.00012066373836303458, 0.0014830804250430491, 4.7408521058345909e-06, 0.19092404018972359, 0.0016251103660611657, 5.963202355636915e-05, 0.00024778919468145325, 1.0250889792575834e-05, 1.8549548949751417e-05, 0.00014335144231784167, 0.0064316662771519992, 2.8982054280752508e-05, 0.0014800739663695739, 0.00010130474312167111, 7.360461280279925e-05, 8.2394100862517839e-05, 8.8382683168626618e-05, 5.3860226007188781e-06, 9.725766316694598e-05, 0.0027749310271527644, 0.034162581451521977, 0.10033822094457338, 0.22028129471550234, 1.7320995102840122e-05, 0.060896677685854224, 3.2432474947106478e-06, 0.00012154723689941481, 2.5686770524581163e-05, 0.00010455422201196582, 2.0435642034448894e-05, 7.3757182553896877e-05, 0.05031642725767984, 6.7093199851719581e-05, 0.0027283974609957173, 1.0250332398280199e-05, 0.00034288443108138609, 0.0065731822917375667, 2.056093107941891e-05, 0.010335479569701494, 2.8979769514560594e-05, 1.0990836626641192e-05, 0.00078666798698626313, 2.6860802928823022e-05, 5.4654345720868792e-06, 4.9700621075235866e-05, 0.00011929638446397065, 0.0022305319033144541, 0.029392546714138892, 0.0001085767784493311, 1.7209239335154211e-05, 0.00056042317965948358, 0.016914037584148785, 1.8772332704213395e-05, 0.019304621065607441, 4.9459498277773279e-05, 0.00054206007014026786, 0.0060418721993562947, 8.0729825792219943e-05, 0.00059426827751450216, 8.3879559374374787e-06, 2.6140287531659743e-06, 9.4145521575940035e-06, 9.9745088663448404e-06, 5.301075879520596e-06, 1.2961204805863956e-05, 0.00071764704364165298, 2.5864931869503371e-05, 6.0829814157152211e-06, 8.7480818931558901e-06, 8.4619045341010518e-06, 3.2579207661301621e-05, 0.0023979726327248625, 3.0759618908963265e-05, 0.057278216512578251, 3.355190820493694e-05, 0.0017393446483968782, 1.0987383551005589e-05, 1.0205634133248022e-05, 5.5673139362948867e-06, 7.686489951260988e-05, 0.091386456573579924, 0.20377905082174705, 1.7958768469018779e-05, 0.00012651973830945498, 6.3749823117001088e-05, 2.6462028526839228e-05, 3.7770031182894665e-05, 0.0001177185880541498, 4.793051348452039e-05, 7.6065835449845095e-06, 2.0310148979515394e-05, 0.044007550507960548, 1.2546043793978299e-05, 0.0011467957075096428, 2.2951064689633439e-05, 0.0066479518036321097, 0.0012230134847258216, 1.9741066161300752e-05, 1.074979474689107e-05, 5.0334450535608308e-05, 1.6437408819859691e-05, 0.0015235177195466766, 4.1404449611914477e-05, 0.00011815750572627013, 3.2880352538272805e-06, 1.2167403445041408e-05, 0.00037468829095100914, 3.9840055442469773e-05, 0.014640824180784389, 0.0025516220708734455, 0.093976210319704934, 8.1694157229427768e-05, 0.00046796936749865899, 1.1796735620760117e-05, 0.42116921483492842, 1.0037716728710679e-05, 0.0042210270049956805, 7.6084752348413683e-05, 0.0011231048009240031, 0.0068052788315860402, 1.8416055068270024e-05, 5.2728478916281333e-06, 1.1287650255123925e-05, 4.7065085119666894e-05, 1.0423300560295304e-05, 0.00012529656115382778, 5.5069977103039606e-06, 3.7974912392452754e-05, 8.0568317809042079e-06, 0.00017162406982049527, 1.0379736481632263e-05, 0.0051011892261959508, 1.2083476915994693e-05, 1.8690878731273383e-05, 5.6671685215354821e-05, 0.00044579472438210818, 1.0386021186894065e-05, 2.0505108838675171e-05, 5.8528230428997843e-05, 0.0039052142411158293, 0.00013131318503623195, 2.2803256701104036e-05, 5.4747049180507827e-06, 0.076458915788366555, 0.028652504519214819, 5.012489947028694e-06, 0.0018777114755112341, 5.2496608859021252e-05, 1.0255935103881373e-05, 0.00039459649897643194, 1.0776533772715936e-05, 0.0011246954875658414, 0.0015138138099980796, 3.3757230726627821e-06, 0.0001039232162029938, 0.00025964902933185762, 0.0023883922114791884, 3.1161017829711132e-05, 0.24988406084864651, 6.6759882596713583e-06, 5.2450042055152083e-06, 1.065165729703971e-05, 0.00013148663919005158, 1.0980310483347243e-05, 1.8697498240854442e-05, 2.8703989206725487e-05, 1.9567618340764548e-05, 1.1211131289574754e-05, 7.2417897327153738e-05, 1.1989615654436057e-05, 0.00019122074947047321, 0.00017759444037373235, 0.011829150418197413, 0.04925197697561929, 9.9960965970289331e-06, 0.00011146104922030501, 1.0356388293195203e-05, 1.0440442989107668e-05, 0.00015173144209104755, 0.00068081943348014212, 7.4586987601250421e-05, 4.1809690827843199e-05, 1.7802662793194612e-05, 7.6733762708476375e-06, 2.2083939703479193e-05, 1.011652147157962e-05, 0.00087748897189172297, 7.7286670107519622e-05, 1.1120314648844426e-05, 4.3139375785274068e-06, 0.041952404417580628, 2.5404000299294944e-05, 0.00038415000711344751, 1.0900942951899074e-05, 0.00010056473149961446, 0.0092528511971284085, 1.4618784185180546e-05, 1.7863572801817569e-05, 4.1518745149326804e-06, 1.8136146725910715e-05, 1.9209151765152652e-05, 0.00086981237422533949, 0.00058422670213484872, 0.070920380913715081, 9.2435657211053281e-06, 6.0703305466388706e-05, 9.4958218058384118e-06, 1.0945792900607504e-05, 0.034252437887526944, 4.8364048285405486e-05, 0.0028243995082173536, 0.0023669772936409047, 2.787473076782047e-05, 4.8974111443726332e-06, 6.0273688390786686e-05, 0.00080288631614515568, 1.7218716127625824e-05, 1.8242470128049604e-05, 7.0768907028118206e-05, 0.0014174593062853129, 2.0618917833758589e-05, 0.0026317492814251211, 4.0108642648992388e-05, 0.0021015248969787964, 0.10727046682323832, 0.0011289805901467127, 1.099135069794836e-05, 0.013341772655219518, 0.0010014979574612742, 5.365244596579348e-06, 0.038110052211199966, 9.7252325966280332e-05, 1.0389282162472261e-05, 5.8922956388920386e-05, 0.00028766213840379661, 5.9206227707052827e-05, 0.072659225890787341, 2.979147451012135e-05, 1.0930013964248661e-05, 4.3372597775426238e-06, 3.7265302398075042e-05, 0.017637667635635273, 4.8732372145314529e-06, 0.0024112763046470241, 2.698017481805272e-05, 1.425062163211846e-05, 3.8760859504117931e-05, 0.00010637971444581735, 3.1456722629453033e-05, 0.00080593822706509293, 2.0757532396878768e-05, 3.4160511065677962e-05, 0.00020211867422409072, 1.5396224013149203e-05, 0.00042426924468073456, 0.0020187820315909388, 2.6761829956098808e-05, 0.0015958751782945491, 0.010568979154080194, 0.00022978273703432722, 0.028526567751261916, 0.0003944135394750467, 2.7550673463857844e-05, 0.0030987922875896955, 0.0028656540419976849, 1.2802156243951732e-05, 0.0001459607435816311, 1.9320791096519853e-05, 3.3958644678936442e-06, 0.004548827385653079, 0.010079977326796198, 0.0011859531261061728, 0.025886250300118797, 0.0016034514062859429, 0.0015176748860274204, 0.0016450380703660521, 2.3447955472447517e-05, 7.5166697979470404e-06, 0.00039756062035895597, 3.4104243822296701e-05, 0.0063401101493060497, 9.1937106878039971e-05, 1.0241103210269552e-05, 0.00015052605296037987, 0.0021141214498590585, 9.1058964271539764e-06, 5.992549710023688e-06, 0.0029921404782698368, 9.4257459940095195e-05, 0.012441248953138199, 6.0969528661936512e-05, 8.4414905394041246e-06, 0.042830184361788814, 1.4174433966640621e-05, 2.5784578989168132e-05, 9.7808655288362275e-06, 0.0046535851037346884, 5.3978545644693252e-06, 5.5708224853271294e-06, 0.00015266496620509537, 0.0059099777750705644, 9.4536342553674893e-06, 0.00013599643759366594, 2.4235577442013446e-05, 0.0061213842249654331, 0.00046486803556809665, 3.5549414582102658e-05, 0.00029398821479035978, 7.9227402614784914e-05, 0.0075268903830609584, 5.7431401874389784e-05, 6.2773264856202119e-05, 0.004802558011708538, 6.5601658213031521e-05, 0.0013677884113468721, 1.0678966163595245e-05, 0.00012559567202304585, 1.2231187162912027e-05, 2.0531070641978802e-05, 0.088665393261208036, 1.2383991382276285e-05, 0.00035008409425120235, 0.0038009294245366647, 0.00012381823264473978, 3.5890830556263654e-05, 0.00082180015966090204, 3.0671152494212758e-05, 2.9741381358019039e-05, 0.078634335885777507, 1.5565057227884874e-05, 0.0084771703991054492, 0.0020347949532494173, 0.0024468428243258618, 5.3467234396778491e-06, 1.6815708682854642e-05, 2.8096268140954912e-05, 6.4786039508537473e-05, 0.063718024267161957, 0.0023458926378262068, 1.309280227826405e-05, 0.018515216227748529, 1.6830126385056544e-05, 6.4390337300463234e-05, 0.0017815540656516756, 1.6506398371960918e-05, 0.47848865782045558, 5.7823789749587861e-05, 0.00014233424781034712, 0.00010518751984601238, 0.00099018469247198738, 0.00010811740747500298, 5.5514323817049901e-06, 0.00014496406432041366, 0.042453832769469249, 0.1038293688285932, 0.00018597806200216518, 1.0454849127652374e-05, 0.0019039677605908931, 0.012220366469644035, 1.5954395986875062e-05, 0.0014723291528379332, 8.9607764597672269e-05, 1.1755891154561858e-05, 0.00045966320523076762, 0.0049388627456494602, 5.6325595569355567e-06, 0.0077260725746022881, 1.4726316813435491e-05, 0.059500850470833422, 2.9351817924330164e-05, 0.010331252868533604, 0.00254517614324731, 0.45153407565567627, 0.00061032650456660444, 1.9544834098929494e-05, 0.0048588083798503908, 0.0090566845329672439, 0.0024007055925724732, 7.8645849743324604e-06, 0.00079575471932295328, 0.0030147204431061341, 8.1213265681876127e-05, 0.0037100423277400606, 0.030211916431821927, 6.4628275410394203e-05, 0.00038383315974925873, 0.00092412564264788861, 0.0023882770784305449, 0.0072465135949552999, 4.0442616884912655e-05, 0.00064629228445704865, 0.0016952459173175621, 0.00084362634658992277, 0.0016275972388807302, 1.054895886293435e-05, 1.7301262155466917e-05, 0.00017369597476210832, 1.5606752919443635e-05, 1.9282838349998952e-05, 5.3415570991112461e-05, 2.0278115918537506e-05, 3.3096461407997486e-05, 0.070238641099492474, 1.9745255301919218e-05, 2.3684947571174384e-05, 2.3258903911538071e-05, 0.0013846968334732532, 6.7239237864782896e-06, 6.8363359348878327e-05, 0.00029334170263247826, 1.1025195396677271e-05, 0.00050850446464398259, 3.3312924609389211e-06, 1.1417513194989769e-05, 1.758421272363034e-05, 0.00011822825996742651, 0.00022512335555085547, 0.00076671757016391747, 0.027105467253701214, 0.010111745120661656, 1.3927578625604162e-05, 4.5407529617934294e-05, 1.0340181512061248e-05, 5.1812838214040039e-05, 0.0067439990276634935, 0.047623292329495366, 0.049139178739857535, 2.1427670695677541e-05, 1.0328721071097088e-05, 0.0052403097175786209, 1.8818922645352204e-05, 0.014367304942498348, 3.6476289477340584e-05, 0.00018939751553025174, 0.01435069244162711, 0.0028741737225714235, 0.00088808860336872194, 0.0057889925835133216, 0.00036296249607125041, 0.017989628857259198, 9.1817277538303268e-06, 0.00069857359296804714, 0.0020363209012320559, 0.0022348957552002328, 0.00022306793286479046, 0.0019853028449975199, 1.6321527149193625e-05, 0.00096605060669415941, 0.00010269246830184474, 0.2575037851162093, 0.00013878855859948984, 5.4840807955024021e-05, 0.00017053600800444118, 0.0023774714718305607, 5.2984207037470121e-06, 2.4653604070144751e-05, 0.31621376345167046, 6.057085659396617e-06, 0.00015348490470656721, 2.4208431200664872e-05, 0.00012536076770560141, 0.0002446637802320361, 0.00026804092695906641, 0.10045009075686319, 0.0023587008739641684, 1.0849775954249619e-05, 1.5823448474000447e-05, 0.021413107686832439, 0.0034285070862135748, 0.0018614489673576381, 0.0068536496503276041, 0.00015759593362601589, 2.0338379233664536e-05, 0.00049099549337483603, 0.10130559785122205, 1.3021331126085931e-05, 8.2239147472867075e-06, 0.010554480352109482, 0.0062426628767301498, 0.00067750281946101008, 0.00037930227738736306, 0.0049603804635355133, 2.6086541728697996e-05, 0.0097311597848759677, 4.1015144773163387e-05, 0.00010817460907054354, 0.0037103317444387475, 0.27487860925009644, 9.9450836016663196e-05, 0.0020046936615753315, 0.056261519184370543, 0.21091189354237566, 5.2249103578415424e-06, 1.4462151891722441e-05, 0.0050971491087059345, 0.082374907482261228, 0.0071118528370916435, 0.0016476829175520581, 0.089623885364395875, 0.34216551078137958, 0.04149151515881544, 0.38790753313162651, 0.018384445107904619, 0.0053392982272515068, 0.32023118845122445, 0.2977089933770265, 0.0050176466834208787, 0.0031373358909490665, 0.16552660758138424, 0.004798395423668029, 0.0023927045774606039, 0.11309055498399005, 0.0058680583890929625, 0.20568912796354089, 0.085529444780241423, 1.285698309066313e-05, 0.0025598951822554082, 0.00038918971139154313, 0.010684030849060248, 0.0092042501202826629, 7.509231706239662e-05, 0.23608391540330984, 0.060802955197719125, 0.22640737165758104, 0.0082632354412454784, 0.29187657910765119, 0.16121830854956989, 0.20760522685638497, 0.21586261042515401, 0.0028822997441547808, 0.02502820894197182, 0.007228584410014594, 0.071050880045641931, 0.11146416852225549, 0.017803154921191562, 0.15630872825689293, 0.061804044579439513, 0.086242155780233531, 0.44465347090724383, 0.0080826171780526059, 0.049158813901898205, 0.0014567299078940238, 0.041638187507078019, 0.027739694854094228, 0.13401349406244514, 0.050589939857130353, 0.19847542996850076, 0.20012852750770851, 0.18532471882854792, 0.26489625979781778, 0.010345615999114988, 0.0022156150095091138, 0.010203184108486306, 0.0095878765223483993, 0.0054472036468007131, 0.025017249519850075, 0.18146224079918163, 0.010042563524127435, 0.025837251932480033, 0.037603583518546979, 0.0024513796329190094, 0.023653133546357581, 0.20766357291905704, 0.0050839871503651395, 0.09970410116816171, 0.037831962790972548, 0.051033405531074404, 0.24122232238014682, 0.0025242292611883173, 0.29317729153222405, 0.0029271354724622954, 0.0030757615815110418, 0.41891163968969369, 0.0027761530175979465, 1.1628886534797443e-05, 0.0024377510557349285, 0.024012386238442825, 0.23545200131693078, 0.016396514759464874, 0.29620488693173008, 0.056628107899315036, 0.37767726386961742, 0.44245466543471423, 0.43093250911475339, 0.3363938795769772, 0.43081027229760849, 0.086730051924975807, 0.011122492383711206, 0.19794795259480882, 0.012317708025556319, 0.00014786837265495174, 0.29119080046452678, 0.017478145401801485, 0.03636893220881493, 0.012035023614694159, 0.20096202694448115, 0.37846239682979632, 0.050935557108463085, 0.0271470830078668, 0.20148187104079318, 0.03103209160107729, 0.16228976267291592, 0.046602382279712015, 0.052776812025732416, 0.13538211067215414, 0.0063090013289369071, 0.36112329800530107, 0.0034668209597736137, 0.051790783066146158, 0.0023674368033842412, 0.0023859975740788768, 0.48072062524911524, 7.1617237115524063e-05, 0.028367565851025064, 0.23114120165789512, 0.0053573311112897846, 0.00036459265897554981, 0.23003324177985157, 0.21783108226525341, 0.27496168884256156, 0.024421448862940259, 0.17611089984004386, 0.0084132488142370059, 0.00016363841108406996, 0.080112585657111102, 5.7644205774727094e-06, 0.035527241268250687, 0.14365839106293832, 0.0026795639377198985, 0.2997378535673193, 0.22863818688732887, 0.0048186626153725156, 0.066641795573931448, 0.22174510209744133, 0.022636164210962057, 0.035383056512129835, 0.007088313429942511, 0.052699219014124186, 0.29700119887674298, 0.020234236387966793, 0.25380020282036619, 0.055181762137405638, 0.47932540889749381, 0.043125129379264777, 0.00086381218019981345, 0.032811449819276813, 0.0050992937671844622, 0.013452675792211315, 0.25553429195269295, 0.17968441471809779, 0.31749507323979026, 0.0060800666280298316, 0.0023286313407732176, 0.34144326442718809, 0.27657419693165952, 0.025091566662790245, 0.00081806848515716696, 0.0021344963744133146, 0.016315387993218529, 0.00077679407356546755, 0.22491908455618809, 0.079020446893025259, 0.0021467113608644737, 0.0012488886622935484, 0.004701477026060847, 0.24776820744406972, 0.0049737588121505178, 0.0022557251666171694, 0.0059774192531464624, 0.0060877681776855081, 0.0042512606565268743, 0.0017227099802679556, 0.0009736404162968838, 0.11719915703225821, 0.066668181263909124, 0.0088891297708087579, 0.10102637144178876, 0.05898873771542449, 0.0016093825541999833, 0.029840912644596009, 0.37129836462608856, 0.11816936019039279, 0.036642724637806129, 0.054086248997371848, 0.45860096555268848, 0.00022358007954881277, 0.023656660417719019, 0.019003477498282871, 0.48808022434789061, 0.094510087996140885, 0.049835386650181591, 0.34704848043239167, 0.10707010781486542, 0.39398818530880347, 0.01150062474736035, 0.0064321996245954348, 0.22113279809529318, 0.094161550439089817, 0.22762284191173973, 0.021202346471182694, 0.0029460093171977337, 0.0029054276343787851, 0.36476791632804156, 0.016944096265679255, 0.18990959611837174, 0.17133189225448703, 0.21610548345381489, 0.016194277157494195, 0.10791460514496792, 0.00060823119370008276, 0.035360957342376369, 0.004982471302066937, 0.27510346004360964, 0.086036935249492227, 0.23812019300529011, 0.063206099006503508, 0.39068691357684698, 0.010150516849668792, 0.019354964571837815, 0.0021777932994201622, 0.07810065864471602, 0.15365049807538839, 0.37786749459061159, 0.34199316158028314, 0.053761828541484785, 0.29619465069298584, 0.045819795424956511, 0.050456803372321349, 0.10637531879956205, 0.0025490546365436162, 0.16164232312932569, 0.071561453463690639, 0.034181491172184282, 0.027295068732446352, 0.45562438657829474, 0.23528647510021522, 0.0050755459499497724, 0.28928647858265094, 0.0024444605547465415, 7.3009944371453466e-05, 0.031923991403422884, 0.034920539808331028, 0.027695198862760066, 0.0043660551973721843, 0.0043304143784686309, 0.24868736993552856, 0.44303197694898849, 0.0021422504464288132, 0.0045026303406247008, 0.020290206272777712, 0.031023314939384396, 0.017877790441335681, 0.0062073274401005371, 0.0034901770658156933, 0.0017161322732847368, 0.082891709956913265, 0.0023962385622809932, 0.0044192966276022424, 0.023263344328068057, 0.0017904358652179541, 0.0061778724673254284, 0.020224532308473438, 0.11973868064013195, 0.014027516230821428, 0.039774970346221537, 0.10763016448945108, 0.3135890519039759, 0.0026333266455439417, 0.18793373107444322, 0.0016504036212687298, 0.13918963614880037, 0.42471989141718552, 0.0048545904468498165, 0.00096970881964048808, 0.35347486340543438, 6.5560927615722911e-05, 0.023354046659891398, 0.34080040538002127, 0.0018423805031618204, 0.0048579546213773986, 0.18804519988667628, 0.24062787319557644, 0.015284936491388972, 0.0064432637263981121, 0.045678019836635039, 0.35617359632043027, 0.022460928014401648, 6.0476525272426421e-05, 0.034328622055206585, 0.0031135439680163627, 0.034648614033814001, 0.0079623215761456655, 0.010287756469520307, 0.1779730370096575, 0.011001055544096118, 0.052714583514779853, 0.12518168571623176, 0.38546344067067362, 0.24914179915902818, 0.028582559608217192, 0.0030143166447254631, 0.036631960012234351, 0.019610024067618938, 0.00030158270909335901, 0.00090427137948348175, 0.15311920482589278, 0.40821473192461305, 0.011493226419168204, 0.13251273836535557, 0.002802105854483278, 0.012007130611525944, 0.0015335303479826758, 0.39493827764744738, 0.0011721615715339266, 0.11784236095583162, 0.18873016834808759, 0.032890871092228754, 0.26057504539274773, 0.0028047282840071375, 0.13304627217581835, 0.32251382657372668, 0.0029679884751355407, 0.25235899638807241, 0.093484328453582108, 0.18622404363006437, 0.076506453607837407, 0.00011239742157976565, 0.032886657969768078, 0.10311796094691378, 0.018673222407101377, 0.0011483619705529506, 0.049220132920023849, 0.11479132347660696, 0.0025033287248442302, 0.0069047547552672003, 0.0018691357665766221, 0.11175411254706898, 0.034844867286194479, 0.03245030235458838, 0.021056859545753669, 0.31916055859254661, 0.0024076429347200281, 0.24070704409964272, 0.0011359541443314155, 0.10325443652644035, 0.22714432242199237, 0.0015879219966659533, 0.0039219958115320362, 0.48525566859943159, 0.17410148767825911, 0.010057964341785816, 0.0015699596319329087, 0.37628799492263776, 0.057035518471222631, 0.15284241571065943, 0.0016401784701251261, 0.21540515715239048, 0.0035028682441454193, 0.016524487831663531, 0.38312967816446047, 0.0601824812158165, 0.00015215289349299499, 0.089043731601432544, 0.22680285890486188, 0.37583028538767305, 0.13596010877321879, 0.021022005692497462, 0.00030503880588992466, 0.25466660505032407, 0.0075892232595489119, 0.10446650905768605, 0.4913048753986145, 0.096376121319748806, 0.076324137363766587, 0.002554580456496423, 0.0024105901940053645, 0.078578748410777527, 0.0041843406967495052, 0.12762721248222544, 0.032693251004234591, 0.062980498689393996, 0.20663285011609794, 0.18425038008599637, 0.00010091892954723289, 0.0036370710240891833, 0.28295373581577049, 0.16569623901011674, 0.0054613168118213878, 0.091502664611071094, 0.0091859956122726846, 0.42920656688615405, 0.0042756583758359551, 0.023799262959811513, 0.1488666499423757, 0.30182461145920669, 0.31847463543441323, 0.026103093727907128, 0.16209689512752642, 0.3356348550397002, 0.13926564359248211, 0.23621591938574038, 0.11199482973961318, 0.35387973832596775, 0.20081798278886639, 0.23061161835808316, 0.36161727704625607, 0.002425066360115009, 0.32047018947932143, 0.022467602725075829, 0.0015926732640472738, 0.024428278250490168, 0.023645079964296753, 0.028468799690189894, 0.00046409999433510036, 0.041184269779314046, 0.0072827719394495576, 0.27433120960967733, 0.42267831169600573, 0.049199836432340459, 0.34879403164266704, 0.028802039207803744, 0.002410965517806448, 0.0050438886047384961, 0.19782641244185312, 0.0028517754701161803, 0.033113710259408048, 0.0405060264711678, 0.012528709279632047, 0.013531558231949065, 0.0024750080505845044, 0.0036424405059781984, 0.023230875439266864, 0.17567779849145826, 0.0040878021036286202, 0.39640949092004812, 0.034399922229960661, 0.023182729912198136, 0.013979783283774951, 0.18059448085378621, 0.31510002981975743, 0.029443374718522569, 0.13962597128263024, 0.03414355648032117, 0.27473055404366264, 0.064939292129785775, 0.19442045165281219, 0.0039016930834882913, 0.080953487247872186, 0.01182202534192239, 0.010544786064860649, 0.0059507668697061375, 0.25076627721424738, 0.00093436658885258221, 0.32944715388626317, 0.014248763741925675, 0.0030173118447984685, 0.028269587964368886, 0.34671924838488971, 0.001848869366614472, 0.023908964823490406, 0.34879966551750863, 0.015473509050419942, 0.028265794747236801, 0.0059828971661128527, 0.0050840940157381529, 0.17883165121575129, 0.087001357967810791, 0.0020143511931764251, 0.14315142196609495, 0.01977562458231456, 0.36498868606919105, 0.043318394689698274, 0.43515566850877374, 0.0016126443817731377, 0.27618194285186137, 0.00012867125032851772, 0.017515466071796857, 0.22021302346059093, 0.015645308265593769, 0.072660591829149718, 0.085596719636193946, 0.0091029487061448401, 0.040406048108487441, 0.016028411165802767, 0.0079274263160626461, 0.13553938011798988, 0.42062603146009336, 0.00054744566142785815, 0.0049821959214658542, 0.11834697651842636, 0.00010342687893496227, 0.0033597198511369293, 0.45944533676671434, 0.001323335682156847, 0.21845731550459316, 0.043163857669334164, 0.056670874410742013, 0.0023387820644931697, 0.026548071078944274, 0.0069934135422031248, 0.20814833716171147, 0.0420989993716561, 0.22626125709751554, 0.28528133101408265, 0.0027013323062038313, 0.16905440666556398, 0.0028537216138168472, 0.046018094032336115, 0.43619042052500773, 0.013672573285627185, 0.042313388439581122, 0.091369390348505844, 0.035764675025683312, 0.014535271165305572, 0.18594209235242529, 0.00099244582423031725, 0.35119729469451783, 0.15046199365187235, 0.022371175180488562, 0.14272113190947835, 0.071580403491328923, 0.065517280946161702, 0.0015909445532632978, 0.18988099478011644, 0.10121946429640197, 8.8430065720122397e-05, 0.41617460357350061, 0.41517991846513752, 0.00070336501674136238, 0.42863036741473298, 0.46690787655344596, 0.010506667870879869, 0.20224119530717108, 0.00011787710573345058, 0.45501166133029086, 0.01125287402161731, 0.43377331507681649, 0.44183053490146701, 0.33945246192745071, 0.061434378527880661, 0.0017564628050127738, 0.1062667561758712, 0.091237572017456914, 0.0016133064757531197, 0.20589916137970948, 0.013122995204838181, 0.022952661632829479, 0.10297837353513099, 0.052786466176205638, 0.095706219724646061, 0.0029172566966144376, 0.00025533333662017759, 0.042853308517384468, 0.01144672865838884, 0.048284446810353474, 0.0011269207254701425, 0.0039038032952857546, 0.011839557466625098, 0.018646711030231071, 0.34437782860635668, 0.032114881142059293, 0.086925191323140125, 0.13777109073310617, 0.3939542697779036, 0.11929303891424153, 0.27038293638772598, 0.012065964275012806, 0.00075611768209969937, 0.081665091502751849, 0.090784323200261655, 0.37578696163485298, 0.0021444322590968355, 0.0025830925674769894, 0.0018471802667342537, 0.0026346451347011731, 0.32935345986390197, 0.11779830340994508, 0.15783607841205899, 0.35601037545755326, 0.00052930472908939918, 0.0098139381618408562, 0.0011074413936250768, 0.083383441378425141, 0.25029524751317855, 0.059759999632467746, 0.0043274132781209616, 0.0025301127639197891, 0.096176257785822894, 0.012065060274295587, 0.017404542874827497, 0.24878515359976422, 0.0033495462711426822, 0.48461845081251331, 0.010808085877295056, 0.40923839440638771, 0.00181639503705844, 0.045680021533372507, 0.0054467828955917863, 0.019831525068829799, 0.17216460171890499, 0.29197023296051561, 0.019286991880722082, 0.18790390256499262, 0.48315711150075702, 0.0092906477028339516, 0.0044367403221913116, 0.00031907563741758187, 0.09713909860979264, 0.14000186456645347, 0.027903839967405475, 0.10567868934053365, 0.037449878897760497, 0.42226017272420141, 0.4829117782486268, 0.037923141192380876, 0.012856684095234779, 0.11237939711944729, 0.049064632794628436, 0.28620895267697827, 0.24112190295884905, 0.00056663334260512708, 0.050648349593910284, 0.0017602609895578194, 0.012044707452591617, 0.19454683464385122, 0.0019425673481239154, 4.7959475071966561e-05, 0.0027435742055945331, 0.27355795571848063, 0.075668745321209013, 0.23915401344215964, 0.29018856101061824, 0.0002329062273369159, 0.21797527070616102, 0.21914120814288751, 0.1944135983507565, 0.045170331280252114, 0.069847864967075748, 0.0078858676887292537, 0.25099515215324064, 0.23852246037304189, 0.0026760911762175794, 0.0053144656285726366, 0.079234129277076959, 0.033812091214997439, 0.045790680520081679, 0.0021530804957907148, 0.11559943298895761, 0.06308723672409064, 0.00034204211490272815, 0.083646736608305461, 0.010771128225938465, 0.0033454128208669671, 0.26986799599274508, 0.38594766421349758, 0.1592663346140287, 0.020299175138537989, 0.13768727903109634, 0.029099797438928997, 0.0042627555233716793, 0.26426345404747514, 0.28901142644430411, 0.0047552870577648705, 0.010835967286352489, 0.012036261669398812, 0.059077289937195306, 0.094158229337195268, 0.3873553241209331, 0.037249405695677737, 0.37133839045172207, 0.0025936609362198475, 0.043562528298702455, 0.34216484806274011, 0.076078235275072112, 0.05177056196486856, 0.0025235385460754935, 0.029924020016879428, 0.18286152772847844, 0.058985236256524382, 0.0018792387524295686, 0.016176447424735341, 0.00088065857101745422, 0.063400575129709952, 0.063046761935149812, 0.071451105754918851, 0.27577632935825247, 0.0026016227512709609, 0.037896771877529656, 0.31177513223837361, 0.019009992876433915, 0.00011850823974951475, 0.013492578750722723, 0.00093535465458323332, 0.11970531489657511, 0.068457830720737453, 0.0024250346828777964, 0.030397034374345315, 0.013704781284942884, 0.0033980489323935654, 0.061719343071240954, 0.11647707274770377, 0.49545106382876097, 0.49739309512258517, 0.014289524117031325, 0.091276198350729199, 0.44448342056660556, 0.0016381128798830017, 0.34862098276100184, 0.00052471986591274926, 0.27709772414298994, 0.0015068928226937698, 0.0065146496104724208, 0.29825641165935862, 0.0053465612568624633, 0.013698932689633668, 0.24094400179543321, 0.11326069410213897, 0.019184522062952455, 0.00045961046362778758, 0.058597243213546313, 0.46482870421335315, 0.23271062926747921, 0.0023746123989005119, 0.067033662416833589, 0.35008799317617562, 0.39609880519590268, 0.0014980285559286909, 0.031439088935083966, 0.026825184262669097, 0.001480152014590129, 0.24438420305469563, 0.32071804853016533, 0.00054983442645546818, 0.00052703310232100344, 0.0013405672839483893, 0.048118329592398458, 0.14950251428589384, 0.0040442896824056307, 0.026385827620809908, 0.00010232567219722312, 0.036659396141521312, 0.26692503901717463, 0.0014065776458388819, 0.0067265926985005248, 0.32361110983659702, 0.19845468445760509, 0.0024359000622144237, 0.1053769979000708, 0.10733322295954155, 0.36418802854080723, 1.0669931554716437e-05, 0.13137533160237144, 0.28917476465102987, 0.049496943520030652, 0.36301754526081642, 0.15161684770842052, 0.35623730451528368, 0.29223174334569818, 0.40307339245293428, 0.066327038787468734, 0.094898817738097038, 0.0041518988246585786, 0.017996533192208442, 0.34802407281469105, 0.038436738457285437, 0.049160599830599193, 0.44192540195300406, 0.0058491751671125788, 0.34808458473804677, 0.021836315030098113, 0.045155153672646532, 0.0022860822558964577, 0.056623485432691294, 0.21705021228081367, 0.011104009889481533, 0.1000235775047454, 0.39723963865849449, 0.0025554403160721662, 0.00021464669677459346, 0.080823983530526694, 0.006052430326920241, 0.0014660943329550574, 0.0086191983357103985, 0.049476379697554036, 0.088542073379225136, 0.010223704805465689, 0.0025192811764070465, 0.48634960055938536, 0.34671406249914777, 0.098600695787591702, 0.41005467371777815, 0.29898100050674953, 0.46579300318572736, 0.033518495412094444, 0.10376465430256483, 0.25214303872860011, 0.37749952002116416, 0.19700132184702354, 0.0013547619680945695, 0.05229436893268357, 0.0024005619747631958, 0.028745775983723264, 0.21382111481310442, 0.44433264078635554, 0.28908164469091752, 0.0034416018744312668, 0.37834647658326115, 0.014604933913453379, 0.0021907650630474456, 0.043046834702123754, 0.34330252320650101, 0.12888684831533245, 0.36443161223825515, 0.4754395453890613, 0.21416344766139281, 0.4141408559975866, 0.032038674819486017, 0.16547516516439237, 0.088138987973814267, 0.022624354149468121, 0.026887327675285969, 0.4084423982310969, 0.00079172723238341198, 0.0069579209737703849, 9.9379111254828333e-05, 0.31644327734897321, 0.050228345354765148, 0.010814206802554386, 0.0027795046378162078, 1.3674954860188646e-05, 0.41950970322293407, 0.043263668570956822, 0.11171071131899167, 8.9662689097234389e-05, 0.22984035109280956, 0.15757743274285635, 0.36963136293751087, 0.0083492054722131143, 0.28721611811845793, 0.33067317433336746, 0.011402432180421428, 0.047666659002365282, 0.13109899340427503, 0.072473055033051653, 0.011492721954666728, 0.0019748354519335087, 0.41539078808315488, 0.0023718228126696724, 0.029977153845377198, 0.0025249452795647349, 0.039916981496623573, 0.041007573699046125, 0.23570413497515599, 0.14145525746233506, 0.0017816154190826003, 0.11280495107166599, 0.0055946645614654376, 3.5742636969860867e-05, 0.012091013811047782, 0.0021746248497140374, 0.10491789674511071, 0.010809303702555926, 0.02787704418819089, 0.0076802429320371743, 0.026394717869853413, 0.040737578384146725, 0.28177430065762127, 0.32871052686907659, 0.00062117674267953373, 0.04476130807149039, 0.01459338585079975, 0.02583905579395358, 0.014427186224444501, 0.3546091832021217, 0.0087384310105624308, 0.0050622108778016831, 0.10068439881270767, 0.21607054155081168, 0.13788152407610779, 0.00013065451538734864, 0.055749230869511689, 0.087524951615629135, 0.1971259985299737, 0.00017985277267358848, 0.05508851964640598, 0.23009756225358438, 0.0026364164620707358, 0.30443939006061155, 0.25763954040833059, 0.062347992876944411, 0.052977299793308813, 0.030119979786253241, 0.0014698821597002448, 0.11670814981164017, 0.0001734185816222168, 0.22764495551241329, 0.2098122241543203, 0.2339507999034417, 0.058683238089287722, 0.15655281340951063, 0.017516418747156898, 0.26301919231496856, 0.0174388400094386, 0.0024657338503353424, 0.0038069532796167092, 0.069628898495382271, 0.24761682964057402, 0.33409914393052242, 0.47775636616349471, 0.00019229888460385656, 0.11209663551924647, 0.0028129043363780636, 0.013080630235514298, 0.19439550513689507, 0.22098542197120391, 0.028162453898334949, 0.018554694135376054, 0.22820909741912404, 0.43214775969676678, 0.00053100691016612237, 0.27967724036739144, 0.4837650881860675, 0.23453598061839592, 0.38655819393454677, 0.0040429024868860819, 0.10375849036556348, 0.0055571892219037104, 0.0012828244589869458, 0.0019322789792385006, 0.036414225147079281, 0.14833121052795489, 0.0024037512176322082, 0.38389896797349371, 0.20843350548846276, 0.00012793632548699227, 0.019033587023416728, 0.002450210296134949, 0.16824425672667676, 0.0019331502904682506, 0.14363474850345478, 0.13206029952673076, 0.37617197076402242, 0.01110417233604508, 0.066510649760024465, 0.0017244913241006915, 0.040532850180410494, 0.28531506616530222, 0.080528635169182988, 0.010457236612271395, 0.020562348708208066, 0.31749232228845742, 0.062623046907162458, 0.0064964119954508456, 0.26812413270699081, 0.21689258086541249, 0.44618789758457594, 0.00053676820320068238, 0.23428309100987962, 0.0014649477806523475, 0.04243713192707077, 0.10858370232875442, 0.21280921992206672, 0.015912248637791761, 0.010297463643723305, 0.095129524918615552, 0.0030025731098142386, 0.067921056378535696, 0.35775971558946296, 0.002489571555216247, 0.0087121687790866521, 0.0041874582124735108, 0.24920188245707331, 0.0014094486322764933, 0.24464379069758463, 0.01034765537870478, 1.0321772639932492e-05, 0.25289223132653332, 0.0016164598422744023, 0.033254630627401402, 0.050146236561687776, 0.09803218446372966, 0.14114858913054482, 0.25232982527691594, 0.019276459232327372, 0.32375218669549904, 0.00037744025221385618, 0.0054608535784701484, 0.16388635230262855, 0.41639088392402573, 0.20107209102930315, 0.4881011668908779, 0.0038115625720429288, 0.10335914613496504, 0.0020221905251790527, 0.19131065927275809, 0.0013003382512360444, 0.018866585041076859, 0.002265609477038035, 0.010031844191717276, 0.00055918552231728309, 0.047066931166861885, 0.16142410349962577, 0.048170000133558696, 0.25919272055872683, 0.19117849411839932, 0.058045445598307155, 0.0063476795133782351, 0.13850999569789432, 0.32139929011613944, 0.0083239371866192999, 0.12844179888295582, 0.26889288342938533, 0.011633207091303745, 0.0027822411197069431, 0.041798784936674334, 0.055492939154500702, 0.0016848337721662992, 0.35349513698122359, 0.0047691971649570794, 0.042038522617759873, 0.15872095171436928, 9.3117961700892962e-05, 0.16133388704082804, 0.209913322192291, 0.011271570424883765, 0.0021320107100702658, 0.0025136958591943283, 0.010550397018149712, 0.00014194232385925822, 0.027095929941247234, 0.13987501396778501, 0.0027647054303405571, 0.0066997165982630403, 0.020360602290217859, 0.39868975200252393, 0.024251232076118585, 0.10954977197120803, 0.35621329359393478, 0.036598457114339428, 0.078537016907447355, 0.3922007834880411, 0.47728576408733281, 0.48920601753887522, 0.0034723166008877549, 0.096402820110758639, 0.0092380816823783834, 0.13058585225197453, 0.16644727832860173, 0.018808310746204475, 0.2692775641525415, 0.47024734513195815, 0.11343446656564714, 0.048647999286690578, 0.12314977310810973, 0.13781968692569838, 0.0067431496776489096, 2.8831289876675082e-05, 0.0045197615503111237, 0.080400649475819, 0.001026745669562534, 0.081510412213295677, 0.00015359234229624059, 0.0015226963375535212, 0.022907392499829926, 0.25605490315553803, 0.13272148153887983, 8.9008801177953501e-05, 0.019525097392475876, 0.035325267669783611, 0.31273902190766134, 0.38164534984115234, 0.11886461161684453, 0.29910183766108889, 0.33736854725071036, 4.7583671140430328e-05, 0.4924013691960728, 8.1415707295395652e-05, 0.0015788465039553584, 0.0021250104884102433, 0.0069268018812043081, 0.0037489248070142703, 0.014403308886178934, 0.097938177660363446, 0.019935773044487067, 0.48431123525276742, 0.18071151010495917, 0.24829438678168397, 0.046008360064859158, 0.42088214506160382, 0.1147013834321438, 0.0020230731603483134, 0.020526064606214374, 0.0060064123435718646, 0.034123622986711656, 0.031733394529534026, 0.0039139684291990854, 0.024844387659801345, 0.043069768478641787, 0.062294686476625685, 0.029546158171573064, 0.0050278694620815023, 0.20513016827245414, 0.0017045839252584078, 0.41129827435541805, 0.48998119793042549, 0.0017370225443318085, 0.17559135520673264, 0.32731246506714334, 0.044250604482308331, 0.35563916721998023, 0.072184498061560715, 0.00013391300360584752, 0.0015916178963538339, 0.13024624074985292, 0.089753084136102695, 0.0090507461899060129, 0.00069880372510636602, 0.24263998236718357, 0.19799158078397286, 0.0075322555558822906, 0.0086893459645002707, 0.30818720256636406, 0.066507220815326437, 0.0051983570933018227, 0.012390594807088448, 0.10103135230918781, 0.01168960022266834, 0.033530086512958059, 0.019757426426895611, 0.03157806540436417, 0.26626113086691872, 0.3380251241358459, 0.37432634315686275, 0.38084572630502667, 0.49361098484820504, 0.25648892761663489, 0.12061520642786969, 0.062662044742258782, 0.2004648327087109, 0.035943283500501404, 0.27133146780496675, 0.25514804076870551, 0.088527931513541047, 0.20003863145340611, 0.0092673285123001988, 0.023451919801793255, 0.017792714254639561, 0.33349138146439622, 0.42330224805410893, 0.073596021680896101, 0.017911588109757751, 0.36242319223022795, 0.31742514575879005, 0.43271360997776565, 0.013483948079957593, 0.2735501210123073, 0.41691381882711048, 0.33828434322737055, 0.48738110290379116, 0.091395146417529938, 0.40100970157814725, 0.10755579522637633, 0.064997698037507573, 0.4960178541246173, 0.0021632880883365861, 0.005184544760042994, 0.050409224353279491, 0.013844976735815716, 0.15981332011102903, 0.041807609286646001, 0.068892465294078789, 0.017634349091993441, 0.08620367785432205, 0.27791216783953532, 0.34420413539587813, 0.0043959713002775158, 0.42135067444096769, 0.0035333185933578305, 0.0017112772027119234, 0.01880078109054624, 0.48732508010925729, 0.0033752090433410921, 0.029145471158179261, 0.0031013003764726933, 0.43370045565761084, 0.32188068581351914, 0.0040156300590557638, 0.16020507224725888, 0.014495592393819826, 0.018228164236851512, 0.0028397874510622469, 0.0023085122291918534, 0.026347283755701379, 0.00055329842159443951, 0.090710092271071477, 0.030384061542241721, 0.17747485875105232, 8.4809707369030139e-05, 0.42984130468860832, 0.25649202833732881, 0.38043912850866668, 0.048198083911483523, 1.6918789461288181e-05, 0.21402487220981634, 0.43000185247309713, 0.14435074776988235, 0.015907351965410085, 0.00223603824620501, 0.13516472036314736, 0.050848610162047614, 0.032606404705803858, 0.0029446108800246919, 0.030046877158460775, 0.0032646006288330818, 0.065014157922759969, 0.32989972725114669, 0.090281859682231999, 0.28046423050673902, 0.19148291371225748, 0.001631421429629788, 0.0022456597532579405, 0.38355437799219472, 0.016020610666616156, 0.16486134829159116, 0.10435987653754226, 0.47753160366445457, 0.20739025103892531, 0.40664018117940287, 0.0375944429924156, 0.40253760026439328, 0.2553509280147036, 0.0018484133251983675, 0.42397135587826329, 0.063343415639869283, 0.059051625016660232, 0.038870122270393243, 0.065823181786091145, 0.0084088868866824106, 5.4933900813074752e-05, 0.13196298422071723, 0.40813424410624177, 0.042247980117292812, 0.053995940007699472, 0.22983634447770301, 0.18444649344145264, 0.023235652251688849, 0.23404288603011866, 0.28025450525196755, 0.023899220042603898, 0.48301220757538932, 0.19740489443163348, 0.0027547114272436922, 0.1451485706419631, 0.42178725917444365, 0.0026923580660084051, 0.000396648219280314, 0.0028022095176791881, 0.00099346868725115763, 0.0035082092099808304, 0.055416673884636919, 0.069252865573668124, 0.17889987448606179, 0.00095922468085273081, 0.10659008544882696, 0.42465597190866178, 1.0367458536680628e-05, 0.18732827171185895, 0.065337100312255383, 0.052992140386569915, 0.049345071550037818, 0.0055394582768388797, 0.019502802525565799, 0.066752594193988463, 0.036866150067424282, 0.018798726511280447, 0.089413902855889738, 0.44668345217804006, 0.0028479264180386655, 0.0014934473780851029, 0.0052862383370331969, 0.27195004308437232, 0.015452354567298153, 0.025752802935777686, 6.978578484072336e-05, 0.062976856831070668, 0.0021744891031530633, 0.39832701190164937, 0.21437952842117347, 0.36421911316715977, 0.0050991283396211624, 0.34791686559414464, 0.30385460118610019, 0.090085076997995672, 0.0046302832305835338, 0.0033459451550462262, 0.43651368719273598, 0.0019066783147661448, 0.44437242540747041, 0.19795078131557178, 0.39658900599402452, 0.10960937777422114, 0.019415113198089314, 0.34692850007111126, 0.33269790067075161, 0.031970789484692987, 0.14807870252931193, 0.039121346803809937, 0.41804739899426197, 0.0061077574469743804, 0.23452109489362269, 0.0037632193942090096, 0.052001601460967967, 0.16480293099795673, 0.00015055313907868053, 0.3207119393443682, 0.17343872492683865, 0.0024589588231093487, 0.43471520559392701, 0.006134373669607382, 0.1114493317189033, 0.15599400722167647, 0.015141078662284785, 0.0791771662655638, 0.00047579889294520182, 0.065838313382950722, 0.1843305367317519, 0.025364601343609548, 5.0171332826447769e-05, 0.36572178344451234, 0.11496159969024848, 0.065214649108427086, 0.31906304600481428, 0.0024861978184812341, 0.011606822738746076, 0.38866491668556835, 0.00030286782910092752, 0.033453837502252566, 0.0011025622555734713, 0.023503565666437541, 0.35628786131594803, 0.072653811910172533, 0.0044866443058967824, 6.8455328581139071e-05, 0.031154293069377326, 0.085347370530023295, 0.0017753412563343222, 0.32933825772959341, 0.0029778499107422085, 0.017391201785107877, 0.0014750830263592131, 0.25300275627709395, 0.049878002668238677, 1.5256610307939175e-05, 0.0039613123106344867, 0.01118113386822194, 0.23983264045224673, 0.0059540830698981704, 0.14255631156872672, 0.22918920999366582, 0.44278080217705762, 0.0014803322682824108, 0.0031601782453849255, 0.18546081251500476, 0.18729114736439484, 0.45833782779579341, 0.11086521211957841, 0.20515789309915866, 0.010330635455893366, 0.010059385700129861, 0.020391738494666699, 0.032054995548242697, 0.1876575735414473, 0.00089092728546339838, 0.0087088044771724236, 0.075495600622817835, 0.083944252868673422, 0.0066851266943621385, 0.33186777142487195, 0.25816910351944383, 0.051146044697138841, 0.25957961364362531, 0.012527466081453409, 0.07155654216860198, 0.021663536403172142, 0.081878755090559724, 0.017764008666440657, 0.0050049336495050041, 0.28446932239305994, 0.0091762583598270064, 0.0027105996555238498, 0.42531533494818763, 0.36088573734844537, 0.086999908158413644, 0.061814104334708839, 0.040942488168926511, 0.23797304976366712, 0.061714823663725708, 0.19263053413074432, 0.00074904873528082038, 0.0024837418131322155, 0.014301015821760571, 0.0092792083667253573, 0.35236831196969759, 0.43298946399521299, 0.04283722531993845, 0.45884961550145975, 0.11008985347124711, 0.0033090419990595261, 0.40105524277073717, 0.072527500092336758, 0.14106784928216135, 0.47795614765966227, 0.0050791214127887587, 0.00061171488362482703, 0.2961695621408833, 0.0016508101838582599, 0.076767747780049661, 0.00013845200337652135, 0.0065977135584638965, 0.0025286346086139627, 0.042403018337959987, 0.0489594322133306, 0.088070432962264023, 0.03809123862401622, 0.01374855262883197, 0.020121085074882628, 0.038053634523954973, 0.27003371415980515, 0.014955618553819458, 0.061279429130802823, 0.39432931533377114, 0.064752252166014213, 0.034929185703827331, 0.064486934102843729, 0.0021376498165325501, 0.015551909470855024, 0.0070965124902063947, 0.00027957938311738917, 0.076672467492292035, 0.02033654524898881, 0.13942439937154805, 0.031635007671916043, 0.0027759081224437198, 0.039165720775000461, 0.26817115606125569, 0.002827632970054303, 0.17447311305015867, 0.042172498580028847, 0.21603474997996724, 0.18368491744696469, 0.017323543467237225, 0.12153561699191877, 0.02162446788552496, 0.0023596642099812707, 0.020351907036652503, 0.2955377919112161, 0.12639658296376249, 0.30759441130325416, 0.0099678756802925924, 0.49674275224589404, 0.0065757735925862744, 0.21754183670139332, 0.0089333500660634009, 0.017768083296698475, 0.0026761475688639436, 0.0070246100478411084, 0.026435211255919758, 0.0030784679167414871, 0.18986253705016765, 0.0049766839499315986, 0.001965647446309806, 0.061971322113556541, 0.075839066458253709, 0.094802970416756033, 0.24327845127624045, 0.0022828521409617658, 0.00018414624693031137, 8.4681153225595811e-06, 0.001257414692730198, 0.035055279949055204, 0.42465631392406927, 0.20976600282975746, 0.0006313217658978071, 6.3101397925825506e-06, 0.030986886482479905, 0.094165741896389585, 0.013123319804573362, 0.062033720719246538, 1.9343019013726429e-05, 0.48331127434138416, 0.13631610543076861, 0.18676163826891032, 0.0025425840941983384, 0.00030900160667215191, 0.19377717805934933, 0.013937135982323929, 0.0049968246068492778, 0.27883296821442782, 0.020005304117697967, 0.0060739089682846073, 0.010278564431143207, 0.16633323172344214, 9.9888028413039326e-05, 0.12354501100169193, 0.40676246564716789, 0.051156675638526258, 0.0050634765095397263, 0.012216240263955219, 0.010390714943001027, 0.27275563821495852, 0.041940885678698595, 0.00081555944031176165, 0.3262473114403146, 0.14346546390769377, 0.0048524798504208221, 0.039898655016931794, 1.0594682094397681e-05, 0.0037787800289519895, 0.483187149572949, 0.010140979219631795, 0.043674984624964941, 0.070276975051208154, 0.017209332447037796, 0.16267257923300404, 0.00045121079972646947, 0.010544891782487189, 0.0014954717219076328, 0.3122713942889549, 0.031633902052971744, 0.29214788337700232, 0.16510725268820589, 0.42779272831960463, 0.25791481174448783, 8.0915168933878476e-05, 0.1896038474355419, 0.0021292738531716537, 7.5174846754556278e-05, 0.33448164497552862, 0.26121092493365933, 0.17037656145947436, 0.015485669873583475, 0.071042189521283453, 0.067664474383333229, 0.071199812547725935, 0.0050431120684393104, 0.0053191093454107241, 0.49138437644660649, 0.00078038208805920883, 0.45279938723020896, 0.27884112895148516, 0.001642334175656159, 0.0015990561798667074, 0.0023556464230367682, 0.0041715955552325389, 0.042761817913873131, 0.18691575490895435, 0.0034540196451598331, 0.020255007716915879, 0.066740912951867098, 0.05864757247670515, 0.2681731445721014, 0.32258147460224029, 0.07097304282886488, 0.0023907527343474222, 0.0047654411006063883, 0.002217357167321903, 0.081306104215107838, 0.09474045146251997, 0.24229221626775532, 0.15551971367547493, 0.30053834025749659, 0.0045668751435766885, 0.0032163828814792553, 0.0030435987763469587, 0.028298429824357152, 0.032354953291656781, 0.0016602427928996122, 0.031943725427102936, 0.0063226498250321273, 0.12459668002195445, 0.036870021337106706, 0.051991470261149919, 0.3702745715044693, 0.14721877225333088, 0.020627042744598492, 0.0035952458511693004, 0.015218775903853414, 0.0019181490310093568, 0.13690830693307707, 0.08648187293638844, 0.0012846937850761377, 0.33504139384241044, 0.21598063309223031, 0.34865012144984309, 0.049179528697776545, 0.21510205467802793, 0.075868389773828954, 0.0048338070963228194, 0.1109507359771108, 0.41746042670466194, 0.068647058160052024, 0.35471263163193523, 0.069393200832732038, 0.018364216873010947, 0.16026445786218177, 0.00094591015666522192, 0.01751650450405498, 0.2436088227862499, 0.0040119322882214096, 0.00011318450314004474, 0.1169245847312482, 0.028146018164155791, 0.00022462429582794047, 0.23382615832697265, 0.13891706223102399, 0.40239364829484814, 0.23392810354033264, 0.48704270684185597, 0.38772524364591449, 0.0069599832017876633, 0.0019065289721174972, 0.35670334716782559, 0.0016647321105243815, 0.00082512741246664031, 0.0022935146767757925, 0.073069787530376129, 0.35103961757011093, 0.43760572728624181, 0.12756031257654382, 0.28154398579949663, 0.31497107852989681, 0.021503147687937176, 0.0011074843018437043, 0.025547451276829499, 0.44237031884223116, 0.42002596238928813, 0.42033448120649142, 0.46488375276681287, 0.0041418916900211903, 0.19121814849634305, 0.0019301237454856567, 0.016941470496230158, 0.026927025888464077, 0.026187096218992241, 0.00072553579048605359, 0.00057799503028149594, 0.01207102587529869, 0.010179776173942895, 0.0026298346922983312, 0.073879085070042955, 0.013069848871064152, 0.0026413078670077944, 0.35945911705469563, 0.035399165794274601, 0.011092065724993414, 0.093667482058073029, 0.16938415364324585, 0.11780469473323243, 0.43317199519943267, 0.20101264109510769, 0.020308737447806452, 0.0024301555506183611, 0.11573885782273309, 0.067608109476902975, 0.082651223446943076, 0.0095676702323925361, 0.0075849273961923975, 0.37042029402318566, 0.28070171333665733, 0.10490313994738583, 0.0039645952326675098, 0.027230364375152097, 0.0094054703745615458, 0.28878717521053421, 0.281556932098386, 0.011283819034178716, 0.13853842423137744, 0.0023189508435567619, 0.43060557245975439, 0.016709171551260657, 0.043761138996659746, 0.46221387071368297, 0.027969870383403091, 0.037896848880432862, 0.34950011099976097, 0.07470335913440343, 0.012466470465115034, 0.029314163659980332, 0.25156534937582492, 0.0035027591803145591, 0.48019626544105393, 0.064018341926850922, 0.20050761535528966, 0.32695338895784298, 0.079096170550665507, 0.024736594679938564, 0.36347173063051058, 0.21986231214186563, 0.018577956509764699, 0.060565103595903627, 1.3787139833899887e-05, 0.00011544643775885987, 0.021811892606365246, 0.011500989394262763, 0.18527888330296211, 0.0026884241943225555, 0.033546771680622103, 0.020327390619895597, 0.47519578402555562, 0.29812569135882716, 0.096900047707795367, 0.0094889268515727342, 0.0025081017634761942, 0.38248239184462274, 0.0016455551602003978, 0.13040591587831787, 0.0040800974149496896, 0.49559549202778519, 0.029566216344260286, 0.042389016844066221, 0.018387162093119098, 0.098538217823448904, 0.0049956384751416493, 0.010350803850520847, 0.45045926777614942, 0.42413754919303076, 0.02327794186051373, 0.0026389273610266705, 0.063289276083333651, 0.0002054689981558341, 0.15808914679426692, 0.17766863394376184, 0.028369041241511229, 0.00014837082548273936, 0.32576110224561639, 0.20116192180611148])
('Average error:', 0.041135811483899047)
('Max error:', 0.49739309512258517, 'Median error:', 0.00019328585360333506)
Test data loaded
Network loaded

Testing on data:
('out:    ', '[0.773 ]')
('correct:', '[1     ]')
error:  0.02582054
('out:    ', '[0.676 ]')
('correct:', '[1     ]')
error:  0.05241740
('out:    ', '[0.399 ]')
('correct:', '[0     ]')
error:  0.07969586
('out:    ', '[0.981 ]')
('correct:', '[0     ]')
error:  0.48147867
('out:    ', '[0.939 ]')
('correct:', '[1     ]')
error:  0.00185481
('out:    ', '[0.861 ]')
('correct:', '[1     ]')
error:  0.00964390
('out:    ', '[0.628 ]')
('correct:', '[0     ]')
error:  0.19741213
('out:    ', '[0.628 ]')
('correct:', '[1     ]')
error:  0.06912834
('out:    ', '[0.652 ]')
('correct:', '[0     ]')
error:  0.21255655
('out:    ', '[0.678 ]')
('correct:', '[1     ]')
error:  0.05190097
('out:    ', '[0.548 ]')
('correct:', '[0     ]')
error:  0.15033292
('out:    ', '[0.888 ]')
('correct:', '[1     ]')
error:  0.00621890
('out:    ', '[0.678 ]')
('correct:', '[0     ]')
error:  0.23000666
('out:    ', '[0.765 ]')
('correct:', '[0     ]')
error:  0.29265951
('out:    ', '[0.897 ]')
('correct:', '[1     ]')
error:  0.00531709
('out:    ', '[0.597 ]')
('correct:', '[0     ]')
error:  0.17799600
('out:    ', '[0.859 ]')
('correct:', '[0     ]')
error:  0.36899536
('out:    ', '[0.824 ]')
('correct:', '[0     ]')
error:  0.33977575
('out:    ', '[0.753 ]')
('correct:', '[0     ]')
error:  0.28355645
('out:    ', '[0.653 ]')
('correct:', '[0     ]')
error:  0.21331857
('out:    ', '[0.775 ]')
('correct:', '[0     ]')
error:  0.30022867
('out:    ', '[0.83  ]')
('correct:', '[0     ]')
error:  0.34467185
('out:    ', '[0.805 ]')
('correct:', '[0     ]')
error:  0.32407730
('out:    ', '[0.904 ]')
('correct:', '[0     ]')
error:  0.40820912
('out:    ', '[0.954 ]')
('correct:', '[0     ]')
error:  0.45529747
('out:    ', '[0.803 ]')
('correct:', '[1     ]')
error:  0.01931199
('out:    ', '[0.154 ]')
('correct:', '[1     ]')
error:  0.35796434
('out:    ', '[0.857 ]')
('correct:', '[0     ]')
error:  0.36725641
('out:    ', '[0.912 ]')
('correct:', '[0     ]')
error:  0.41584461
('out:    ', '[0.198 ]')
('correct:', '[1     ]')
error:  0.32180717
('out:    ', '[0.852 ]')
('correct:', '[1     ]')
error:  0.01089731
('out:    ', '[0.971 ]')
('correct:', '[1     ]')
error:  0.00041477
('out:    ', '[0.621 ]')
('correct:', '[1     ]')
error:  0.07178151
('out:    ', '[0.947 ]')
('correct:', '[1     ]')
error:  0.00138655
('out:    ', '[0.725 ]')
('correct:', '[1     ]')
error:  0.03785460
('out:    ', '[0.766 ]')
('correct:', '[0     ]')
error:  0.29318860
('out:    ', '[0.824 ]')
('correct:', '[0     ]')
error:  0.33982220
('out:    ', '[0.632 ]')
('correct:', '[1     ]')
error:  0.06754457
('out:    ', '[0.817 ]')
('correct:', '[0     ]')
error:  0.33374834
('out:    ', '[0.883 ]')
('correct:', '[0     ]')
error:  0.38966938
('out:    ', '[0.769 ]')
('correct:', '[1     ]')
error:  0.02659730
('out:    ', '[0.633 ]')
('correct:', '[0     ]')
error:  0.20022055
('out:    ', '[0.794 ]')
('correct:', '[0     ]')
error:  0.31515531
('out:    ', '[0.647 ]')
('correct:', '[0     ]')
error:  0.20955860
('out:    ', '[0.781 ]')
('correct:', '[0     ]')
error:  0.30521996
('out:    ', '[0.698 ]')
('correct:', '[0     ]')
error:  0.24387048
('out:    ', '[0.721 ]')
('correct:', '[0     ]')
error:  0.25970138
('out:    ', '[0.841 ]')
('correct:', '[1     ]')
error:  0.01261150
('out:    ', '[0.856 ]')
('correct:', '[1     ]')
error:  0.01040788
('out:    ', '[0.422 ]')
('correct:', '[0     ]')
error:  0.08887211
('out:    ', '[0.591 ]')
('correct:', '[0     ]')
error:  0.17457847
('out:    ', '[0.791 ]')
('correct:', '[1     ]')
error:  0.02194512
('out:    ', '[0.187 ]')
('correct:', '[0     ]')
error:  0.01739265
('out:    ', '[0.474 ]')
('correct:', '[0     ]')
error:  0.11217138
('out:    ', '[0.789 ]')
('correct:', '[1     ]')
error:  0.02225862
('out:    ', '[0.99  ]')
('correct:', '[0     ]')
error:  0.48962391
('out:    ', '[0.411 ]')
('correct:', '[0     ]')
error:  0.08426051
('out:    ', '[0.874 ]')
('correct:', '[1     ]')
error:  0.00790213
('out:    ', '[0.941 ]')
('correct:', '[0     ]')
error:  0.44255626
('out:    ', '[0.732 ]')
('correct:', '[1     ]')
error:  0.03590053
('out:    ', '[0.783 ]')
('correct:', '[1     ]')
error:  0.02343823
('out:    ', '[0.895 ]')
('correct:', '[1     ]')
error:  0.00550359
('out:    ', '[0.141 ]')
('correct:', '[0     ]')
error:  0.00998500
('out:    ', '[0.799 ]')
('correct:', '[1     ]')
error:  0.02026433
('out:    ', '[0.604 ]')
('correct:', '[1     ]')
error:  0.07855801
('out:    ', '[0.864 ]')
('correct:', '[1     ]')
error:  0.00921088
('out:    ', '[0.744 ]')
('correct:', '[0     ]')
error:  0.27677491
('out:    ', '[0.72  ]')
('correct:', '[1     ]')
error:  0.03916059
('out:    ', '[0.841 ]')
('correct:', '[0     ]')
error:  0.35390313
('out:    ', '[0.993 ]')
('correct:', '[0     ]')
error:  0.49327470
('out:    ', '[0.805 ]')
('correct:', '[1     ]')
error:  0.01894474
('out:    ', '[0.686 ]')
('correct:', '[1     ]')
error:  0.04943151
('out:    ', '[0.456 ]')
('correct:', '[1     ]')
error:  0.14772243
('out:    ', '[0.672 ]')
('correct:', '[1     ]')
error:  0.05365155
('out:    ', '[0.591 ]')
('correct:', '[0     ]')
error:  0.17471824
('out:    ', '[0.747 ]')
('correct:', '[1     ]')
error:  0.03196690
('out:    ', '[0.74  ]')
('correct:', '[1     ]')
error:  0.03381841
('out:    ', '[0.842 ]')
('correct:', '[0     ]')
error:  0.35444885
('out:    ', '[0.561 ]')
('correct:', '[1     ]')
error:  0.09657893
('out:    ', '[0.714 ]')
('correct:', '[1     ]')
error:  0.04092319
('out:    ', '[0.762 ]')
('correct:', '[1     ]')
error:  0.02823005
('out:    ', '[0.922 ]')
('correct:', '[1     ]')
error:  0.00300445
('out:    ', '[0.888 ]')
('correct:', '[0     ]')
error:  0.39418889
('out:    ', '[0.875 ]')
('correct:', '[1     ]')
error:  0.00780300
('out:    ', '[0.704 ]')
('correct:', '[1     ]')
error:  0.04373631
('out:    ', '[0.593 ]')
('correct:', '[0     ]')
error:  0.17569960
('out:    ', '[0.958 ]')
('correct:', '[1     ]')
error:  0.00086713
('out:    ', '[0.547 ]')
('correct:', '[0     ]')
error:  0.14949049
('out:    ', '[0.587 ]')
('correct:', '[0     ]')
error:  0.17247246
('out:    ', '[0.638 ]')
('correct:', '[0     ]')
error:  0.20366209
('out:    ', '[0.225 ]')
('correct:', '[0     ]')
error:  0.02533399
('out:    ', '[0.915 ]')
('correct:', '[0     ]')
error:  0.41827757
('out:    ', '[0.616 ]')
('correct:', '[0     ]')
error:  0.18975537
('out:    ', '[0.795 ]')
('correct:', '[1     ]')
error:  0.02093488
('out:    ', '[0.202 ]')
('correct:', '[0     ]')
error:  0.02030276
('out:    ', '[0.671 ]')
('correct:', '[1     ]')
error:  0.05424172
('out:    ', '[0.73  ]')
('correct:', '[1     ]')
error:  0.03642968
('out:    ', '[0.777 ]')
('correct:', '[0     ]')
error:  0.30156908
('out:    ', '[0.9   ]')
('correct:', '[1     ]')
error:  0.00496804
('out:    ', '[0.843 ]')
('correct:', '[1     ]')
error:  0.01239747
('out:    ', '[0.816 ]')
('correct:', '[0     ]')
error:  0.33304443
('out:    ', '[0.669 ]')
('correct:', '[1     ]')
error:  0.05485648
('out:    ', '[0.816 ]')
('correct:', '[0     ]')
error:  0.33265516
('out:    ', '[0.729 ]')
('correct:', '[1     ]')
error:  0.03679714
('out:    ', '[0.335 ]')
('correct:', '[0     ]')
error:  0.05606687
('out:    ', '[0.916 ]')
('correct:', '[1     ]')
error:  0.00355429
('out:    ', '[0.789 ]')
('correct:', '[0     ]')
error:  0.31088669
('out:    ', '[0.977 ]')
('correct:', '[0     ]')
error:  0.47738597
('out:    ', '[0.925 ]')
('correct:', '[1     ]')
error:  0.00283917
('out:    ', '[0.73  ]')
('correct:', '[1     ]')
error:  0.03634533
('out:    ', '[0.857 ]')
('correct:', '[1     ]')
error:  0.01022267
('out:    ', '[0.709 ]')
('correct:', '[0     ]')
error:  0.25143112
('out:    ', '[0.888 ]')
('correct:', '[0     ]')
error:  0.39468778
('out:    ', '[0.243 ]')
('correct:', '[0     ]')
error:  0.02954846
('out:    ', '[0.784 ]')
('correct:', '[1     ]')
error:  0.02327033
('out:    ', '[0.992 ]')
('correct:', '[0     ]')
error:  0.49188523
('out:    ', '[0.818 ]')
('correct:', '[1     ]')
error:  0.01661628
('out:    ', '[0.421 ]')
('correct:', '[1     ]')
error:  0.16770765
('out:    ', '[0.852 ]')
('correct:', '[1     ]')
error:  0.01092154
('out:    ', '[0.946 ]')
('correct:', '[1     ]')
error:  0.00147775
('out:    ', '[0.225 ]')
('correct:', '[0     ]')
error:  0.02541123
('out:    ', '[0.912 ]')
('correct:', '[1     ]')
error:  0.00384244
('out:    ', '[0.995 ]')
('correct:', '[1     ]')
error:  0.00001511
('out:    ', '[0.815 ]')
('correct:', '[1     ]')
error:  0.01712934
('out:    ', '[0.899 ]')
('correct:', '[1     ]')
error:  0.00513110
('out:    ', '[0.797 ]')
('correct:', '[1     ]')
error:  0.02067359
('out:    ', '[0.919 ]')
('correct:', '[1     ]')
error:  0.00331133
('out:    ', '[0.695 ]')
('correct:', '[1     ]')
error:  0.04662462
('out:    ', '[0.934 ]')
('correct:', '[1     ]')
error:  0.00217396
('out:    ', '[0.886 ]')
('correct:', '[1     ]')
error:  0.00646472
('out:    ', '[0.941 ]')
('correct:', '[1     ]')
error:  0.00176125
('out:    ', '[0.9   ]')
('correct:', '[1     ]')
error:  0.00496829
('out:    ', '[0.8   ]')
('correct:', '[1     ]')
error:  0.01998445
('out:    ', '[0.936 ]')
('correct:', '[1     ]')
error:  0.00205666
('out:    ', '[0.506 ]')
('correct:', '[1     ]')
error:  0.12200326
('out:    ', '[0.621 ]')
('correct:', '[1     ]')
error:  0.07164533
('out:    ', '[0.716 ]')
('correct:', '[0     ]')
error:  0.25647339
('out:    ', '[0.605 ]')
('correct:', '[0     ]')
error:  0.18296937
('out:    ', '[0.297 ]')
('correct:', '[0     ]')
error:  0.04422660
('out:    ', '[0.536 ]')
('correct:', '[0     ]')
error:  0.14372348
('out:    ', '[0.941 ]')
('correct:', '[1     ]')
error:  0.00172979
('out:    ', '[0.88  ]')
('correct:', '[1     ]')
error:  0.00722579
('out:    ', '[0.727 ]')
('correct:', '[0     ]')
error:  0.26458130
('out:    ', '[0.74  ]')
('correct:', '[1     ]')
error:  0.03372404
('out:    ', '[0.924 ]')
('correct:', '[0     ]')
error:  0.42725859
('out:    ', '[0.803 ]')
('correct:', '[1     ]')
error:  0.01932007
('out:    ', '[0.88  ]')
('correct:', '[1     ]')
error:  0.00715391
('out:    ', '[0.961 ]')
('correct:', '[1     ]')
error:  0.00074148
('out:    ', '[0.259 ]')
('correct:', '[0     ]')
error:  0.03347836
('out:    ', '[0.639 ]')
('correct:', '[0     ]')
error:  0.20432670
('out:    ', '[0.945 ]')
('correct:', '[1     ]')
error:  0.00149766
('out:    ', '[0.919 ]')
('correct:', '[1     ]')
error:  0.00324699
('out:    ', '[0.839 ]')
('correct:', '[1     ]')
error:  0.01302940
('out:    ', '[0.71  ]')
('correct:', '[0     ]')
error:  0.25236496
('out:    ', '[0.648 ]')
('correct:', '[0     ]')
error:  0.21017448
('out:    ', '[0.888 ]')
('correct:', '[1     ]')
error:  0.00628448
('out:    ', '[0.774 ]')
('correct:', '[0     ]')
error:  0.29965998
('out:    ', '[0.628 ]')
('correct:', '[1     ]')
error:  0.06901880
('out:    ', '[0.891 ]')
('correct:', '[1     ]')
error:  0.00590792
('out:    ', '[0.911 ]')
('correct:', '[1     ]')
error:  0.00395282
('out:    ', '[0.845 ]')
('correct:', '[1     ]')
error:  0.01194782
('out:    ', '[0.622 ]')
('correct:', '[1     ]')
error:  0.07142377
('out:    ', '[0.792 ]')
('correct:', '[1     ]')
error:  0.02163722
('out:    ', '[0.523 ]')
('correct:', '[1     ]')
error:  0.11355958
('out:    ', '[0.909 ]')
('correct:', '[0     ]')
error:  0.41325199
('out:    ', '[0.541 ]')
('correct:', '[0     ]')
error:  0.14650460
('out:    ', '[0.733 ]')
('correct:', '[0     ]')
error:  0.26878923
('out:    ', '[0.942 ]')
('correct:', '[1     ]')
error:  0.00165762
('out:    ', '[0.778 ]')
('correct:', '[1     ]')
error:  0.02458260
('out:    ', '[0.926 ]')
('correct:', '[1     ]')
error:  0.00277191
('out:    ', '[0.724 ]')
('correct:', '[1     ]')
error:  0.03798762
('out:    ', '[0.912 ]')
('correct:', '[1     ]')
error:  0.00383454
('out:    ', '[0.935 ]')
('correct:', '[1     ]')
error:  0.00208656
('out:    ', '[0.798 ]')
('correct:', '[0     ]')
error:  0.31808674
('out:    ', '[0.534 ]')
('correct:', '[0     ]')
error:  0.14276687
('out:    ', '[0.65  ]')
('correct:', '[0     ]')
error:  0.21098414
('out:    ', '[0.96  ]')
('correct:', '[0     ]')
error:  0.46104877
('out:    ', '[0.657 ]')
('correct:', '[0     ]')
error:  0.21584866
('out:    ', '[0.711 ]')
('correct:', '[1     ]')
error:  0.04184892
('out:    ', '[0.844 ]')
('correct:', '[0     ]')
error:  0.35599417
('out:    ', '[0.877 ]')
('correct:', '[1     ]')
error:  0.00762053
('out:    ', '[0.558 ]')
('correct:', '[1     ]')
error:  0.09768049
('out:    ', '[0.74  ]')
('correct:', '[1     ]')
error:  0.03382947
('out:    ', '[0.955 ]')
('correct:', '[1     ]')
error:  0.00099057
('out:    ', '[0.843 ]')
('correct:', '[0     ]')
error:  0.35490852
('out:    ', '[0.939 ]')
('correct:', '[1     ]')
error:  0.00186534
('out:    ', '[0.591 ]')
('correct:', '[0     ]')
error:  0.17448997
('out:    ', '[0.975 ]')
('correct:', '[1     ]')
error:  0.00030600
('out:    ', '[0.665 ]')
('correct:', '[0     ]')
error:  0.22126961
('out:    ', '[0.745 ]')
('correct:', '[1     ]')
error:  0.03263536
('out:    ', '[0.688 ]')
('correct:', '[0     ]')
error:  0.23692458
('out:    ', '[0.612 ]')
('correct:', '[1     ]')
error:  0.07510113
('out:    ', '[0.852 ]')
('correct:', '[1     ]')
error:  0.01096952
('out:    ', '[0.889 ]')
('correct:', '[1     ]')
error:  0.00620269
('out:    ', '[0.641 ]')
('correct:', '[1     ]')
error:  0.06446149
('out:    ', '[0.9   ]')
('correct:', '[1     ]')
error:  0.00501456
('out:    ', '[0.945 ]')
('correct:', '[1     ]')
error:  0.00152128
('out:    ', '[0.705 ]')
('correct:', '[0     ]')
error:  0.24863246
('out:    ', '[0.953 ]')
('correct:', '[1     ]')
error:  0.00108251
('out:    ', '[0.648 ]')
('correct:', '[0     ]')
error:  0.21007297
('out:    ', '[0.935 ]')
('correct:', '[1     ]')
error:  0.00212604
('out:    ', '[0.619 ]')
('correct:', '[1     ]')
error:  0.07258075
('out:    ', '[0.683 ]')
('correct:', '[1     ]')
error:  0.05008894
('out:    ', '[0.813 ]')
('correct:', '[0     ]')
error:  0.33019984
('out:    ', '[0.946 ]')
('correct:', '[1     ]')
error:  0.00145293
('out:    ', '[0.226 ]')
('correct:', '[0     ]')
error:  0.02543399
('out:    ', '[0.626 ]')
('correct:', '[1     ]')
error:  0.07003688
('out:    ', '[0.89  ]')
('correct:', '[1     ]')
error:  0.00599535
('out:    ', '[0.899 ]')
('correct:', '[1     ]')
error:  0.00513682
('out:    ', '[0.575 ]')
('correct:', '[0     ]')
error:  0.16522578
('out:    ', '[0.614 ]')
('correct:', '[1     ]')
error:  0.07456647
('out:    ', '[0.688 ]')
('correct:', '[0     ]')
error:  0.23662166
('out:    ', '[0.945 ]')
('correct:', '[1     ]')
error:  0.00153332
('out:    ', '[0.709 ]')
('correct:', '[1     ]')
error:  0.04238371
('out:    ', '[0.578 ]')
('correct:', '[1     ]')
error:  0.08921229
('out:    ', '[0.727 ]')
('correct:', '[0     ]')
error:  0.26446889
('out:    ', '[0.877 ]')
('correct:', '[1     ]')
error:  0.00750936
('out:    ', '[0.431 ]')
('correct:', '[0     ]')
error:  0.09301733
('out:    ', '[0.64  ]')
('correct:', '[1     ]')
error:  0.06489858
('out:    ', '[0.986 ]')
('correct:', '[1     ]')
error:  0.00009140
('out:    ', '[0.884 ]')
('correct:', '[0     ]')
error:  0.39101205
('out:    ', '[0.295 ]')
('correct:', '[0     ]')
error:  0.04342436
('out:    ', '[0.852 ]')
('correct:', '[0     ]')
error:  0.36269829
('out:    ', '[0.894 ]')
('correct:', '[1     ]')
error:  0.00558767
('out:    ', '[0.975 ]')
('correct:', '[1     ]')
error:  0.00032169
('out:    ', '[0.272 ]')
('correct:', '[0     ]')
error:  0.03698702
('out:    ', '[0.836 ]')
('correct:', '[1     ]')
error:  0.01339404
('out:    ', '[0.891 ]')
('correct:', '[1     ]')
error:  0.00589622
('out:    ', '[0.931 ]')
('correct:', '[1     ]')
error:  0.00240104
('out:    ', '[0.691 ]')
('correct:', '[1     ]')
error:  0.04778965
('out:    ', '[0.869 ]')
('correct:', '[0     ]')
error:  0.37741810
('out:    ', '[0.732 ]')
('correct:', '[1     ]')
error:  0.03599908
('out:    ', '[0.799 ]')
('correct:', '[1     ]')
error:  0.02022213
('out:    ', '[0.548 ]')
('correct:', '[1     ]')
error:  0.10224793
('out:    ', '[0.83  ]')
('correct:', '[1     ]')
error:  0.01448376
('out:    ', '[0.77  ]')
('correct:', '[0     ]')
error:  0.29639310
('out:    ', '[0.908 ]')
('correct:', '[1     ]')
error:  0.00418986
('out:    ', '[0.59  ]')
('correct:', '[1     ]')
error:  0.08390593
('out:    ', '[0.71  ]')
('correct:', '[0     ]')
error:  0.25183108
('out:    ', '[0.492 ]')
('correct:', '[0     ]')
error:  0.12108615
('out:    ', '[0.686 ]')
('correct:', '[1     ]')
error:  0.04925155
('out:    ', '[0.611 ]')
('correct:', '[0     ]')
error:  0.18692923
('out:    ', '[0.935 ]')
('correct:', '[0     ]')
error:  0.43697493
('out:    ', '[0.692 ]')
('correct:', '[0     ]')
error:  0.23911144
('out:    ', '[0.64  ]')
('correct:', '[0     ]')
error:  0.20488758
('out:    ', '[0.864 ]')
('correct:', '[1     ]')
error:  0.00931164
('out:    ', '[0.962 ]')
('correct:', '[0     ]')
error:  0.46311184
('out:    ', '[0.814 ]')
('correct:', '[1     ]')
error:  0.01725225
('out:    ', '[0.831 ]')
('correct:', '[1     ]')
error:  0.01433827
('out:    ', '[0.802 ]')
('correct:', '[1     ]')
error:  0.01961732
('out:    ', '[0.393 ]')
('correct:', '[0     ]')
error:  0.07731157
('out:    ', '[0.258 ]')
('correct:', '[1     ]')
error:  0.27565203
('out:    ', '[0.943 ]')
('correct:', '[1     ]')
error:  0.00164917
('out:    ', '[0.776 ]')
('correct:', '[1     ]')
error:  0.02506194
('out:    ', '[0.633 ]')
('correct:', '[1     ]')
error:  0.06732471
('out:    ', '[0.582 ]')
('correct:', '[1     ]')
error:  0.08715828
('out:    ', '[0.822 ]')
('correct:', '[1     ]')
error:  0.01576050
('out:    ', '[0.663 ]')
('correct:', '[1     ]')
error:  0.05690629
('out:    ', '[0.619 ]')
('correct:', '[1     ]')
error:  0.07275969
('out:    ', '[0.734 ]')
('correct:', '[1     ]')
error:  0.03536700
('out:    ', '[0.617 ]')
('correct:', '[0     ]')
error:  0.19021995
('out:    ', '[0.849 ]')
('correct:', '[1     ]')
error:  0.01144353
('out:    ', '[0.549 ]')
('correct:', '[1     ]')
error:  0.10189445
('out:    ', '[0.941 ]')
('correct:', '[1     ]')
error:  0.00175137
('out:    ', '[0.91  ]')
('correct:', '[1     ]')
error:  0.00400609
('out:    ', '[0.813 ]')
('correct:', '[0     ]')
error:  0.33009326
('out:    ', '[0.827 ]')
('correct:', '[0     ]')
error:  0.34191199
('out:    ', '[0.645 ]')
('correct:', '[0     ]')
error:  0.20807360
('out:    ', '[0.98  ]')
('correct:', '[0     ]')
error:  0.48025648
('out:    ', '[0.611 ]')
('correct:', '[1     ]')
error:  0.07566685
('out:    ', '[0.744 ]')
('correct:', '[1     ]')
error:  0.03288412
('out:    ', '[0.664 ]')
('correct:', '[1     ]')
error:  0.05652003
('out:    ', '[0.735 ]')
('correct:', '[1     ]')
error:  0.03516002
('out:    ', '[0.841 ]')
('correct:', '[1     ]')
error:  0.01261822
('out:    ', '[0.942 ]')
('correct:', '[1     ]')
error:  0.00170815
('out:    ', '[0.902 ]')
('correct:', '[1     ]')
error:  0.00484114
('out:    ', '[0.79  ]')
('correct:', '[1     ]')
error:  0.02196672
('out:    ', '[0.868 ]')
('correct:', '[1     ]')
error:  0.00866883
('out:    ', '[0.624 ]')
('correct:', '[1     ]')
error:  0.07064937
('out:    ', '[0.811 ]')
('correct:', '[1     ]')
error:  0.01788227
('out:    ', '[0.664 ]')
('correct:', '[1     ]')
error:  0.05630161
('out:    ', '[0.946 ]')
('correct:', '[1     ]')
error:  0.00147496
('out:    ', '[0.954 ]')
('correct:', '[1     ]')
error:  0.00106649
('out:    ', '[0.643 ]')
('correct:', '[0     ]')
error:  0.20702368
('out:    ', '[0.667 ]')
('correct:', '[0     ]')
error:  0.22213124
('out:    ', '[0.73  ]')
('correct:', '[1     ]')
error:  0.03658333
('out:    ', '[0.661 ]')
('correct:', '[0     ]')
error:  0.21838589
('out:    ', '[0.694 ]')
('correct:', '[1     ]')
error:  0.04668566
('out:    ', '[0.854 ]')
('correct:', '[1     ]')
error:  0.01065693
('out:    ', '[0.883 ]')
('correct:', '[1     ]')
error:  0.00689823
('out:    ', '[0.624 ]')
('correct:', '[0     ]')
error:  0.19449329
('out:    ', '[0.949 ]')
('correct:', '[1     ]')
error:  0.00128755
('out:    ', '[0.698 ]')
('correct:', '[1     ]')
error:  0.04565117
('out:    ', '[0.821 ]')
('correct:', '[1     ]')
error:  0.01605233
('out:    ', '[0.438 ]')
('correct:', '[0     ]')
error:  0.09580931
('out:    ', '[0.769 ]')
('correct:', '[1     ]')
error:  0.02661371
('out:    ', '[0.574 ]')
('correct:', '[0     ]')
error:  0.16488863
('out:    ', '[0.217 ]')
('correct:', '[0     ]')
error:  0.02359018
('out:    ', '[0.984 ]')
('correct:', '[1     ]')
error:  0.00012318
('out:    ', '[0.732 ]')
('correct:', '[0     ]')
error:  0.26761354
('out:    ', '[0.637 ]')
('correct:', '[0     ]')
error:  0.20296623
('out:    ', '[0.955 ]')
('correct:', '[1     ]')
error:  0.00103318
('out:    ', '[0.781 ]')
('correct:', '[1     ]')
error:  0.02405773
('out:    ', '[0.611 ]')
('correct:', '[1     ]')
error:  0.07585167
('out:    ', '[0.579 ]')
('correct:', '[0     ]')
error:  0.16771826
('out:    ', '[0.639 ]')
('correct:', '[0     ]')
error:  0.20409505
('out:    ', '[0.638 ]')
('correct:', '[1     ]')
error:  0.06563336
('out:    ', '[0.903 ]')
('correct:', '[1     ]')
error:  0.00466543
('out:    ', '[0.946 ]')
('correct:', '[1     ]')
error:  0.00146557
('out:    ', '[0.757 ]')
('correct:', '[0     ]')
error:  0.28680699
('out:    ', '[0.82  ]')
('correct:', '[1     ]')
error:  0.01618732
('out:    ', '[0.899 ]')
('correct:', '[1     ]')
error:  0.00506062
('out:    ', '[0.509 ]')
('correct:', '[1     ]')
error:  0.12033806
('out:    ', '[0.852 ]')
('correct:', '[1     ]')
error:  0.01097487
('out:    ', '[0.815 ]')
('correct:', '[0     ]')
error:  0.33219280
('out:    ', '[0.627 ]')
('correct:', '[1     ]')
error:  0.06945093
('out:    ', '[0.99  ]')
('correct:', '[1     ]')
error:  0.00005212
('out:    ', '[0.61  ]')
('correct:', '[0     ]')
error:  0.18589736
('out:    ', '[0.648 ]')
('correct:', '[1     ]')
error:  0.06203964
('out:    ', '[0.986 ]')
('correct:', '[0     ]')
error:  0.48604862
('out:    ', '[0.402 ]')
('correct:', '[0     ]')
error:  0.08091538
('out:    ', '[0.872 ]')
('correct:', '[1     ]')
error:  0.00818798
('out:    ', '[0.563 ]')
('correct:', '[1     ]')
error:  0.09559285
('out:    ', '[0.945 ]')
('correct:', '[1     ]')
error:  0.00150812
('out:    ', '[0.66  ]')
('correct:', '[1     ]')
error:  0.05780780
('out:    ', '[0.678 ]')
('correct:', '[0     ]')
error:  0.23007876
('out:    ', '[0.804 ]')
('correct:', '[1     ]')
error:  0.01915540
('out:    ', '[0.617 ]')
('correct:', '[0     ]')
error:  0.19030821
('out:    ', '[0.609 ]')
('correct:', '[0     ]')
error:  0.18522990
('out:    ', '[0.617 ]')
('correct:', '[0     ]')
error:  0.19021283
('out:    ', '[0.686 ]')
('correct:', '[0     ]')
error:  0.23500355
('out:    ', '[0.675 ]')
('correct:', '[1     ]')
error:  0.05289351
('out:    ', '[0.957 ]')
('correct:', '[1     ]')
error:  0.00093224
('out:    ', '[0.629 ]')
('correct:', '[1     ]')
error:  0.06877304
('out:    ', '[0.888 ]')
('correct:', '[0     ]')
error:  0.39423241
('out:    ', '[0.913 ]')
('correct:', '[1     ]')
error:  0.00380994
('out:    ', '[0.845 ]')
('correct:', '[1     ]')
error:  0.01202518
('out:    ', '[0.779 ]')
('correct:', '[1     ]')
error:  0.02452232
('out:    ', '[0.82  ]')
('correct:', '[0     ]')
error:  0.33607153
('out:    ', '[0.156 ]')
('correct:', '[0     ]')
error:  0.01222388
('out:    ', '[0.989 ]')
('correct:', '[1     ]')
error:  0.00006411
('out:    ', '[0.844 ]')
('correct:', '[1     ]')
error:  0.01219326
('out:    ', '[0.954 ]')
('correct:', '[1     ]')
error:  0.00108085
('out:    ', '[0.551 ]')
('correct:', '[0     ]')
error:  0.15170626
('out:    ', '[0.945 ]')
('correct:', '[1     ]')
error:  0.00148640
('out:    ', '[0.688 ]')
('correct:', '[0     ]')
error:  0.23681473
('out:    ', '[0.367 ]')
('correct:', '[0     ]')
error:  0.06737719
('out:    ', '[0.557 ]')
('correct:', '[1     ]')
error:  0.09799546
('out:    ', '[0.725 ]')
('correct:', '[1     ]')
error:  0.03771778
('out:    ', '[0.857 ]')
('correct:', '[1     ]')
error:  0.01024674
('out:    ', '[0.262 ]')
('correct:', '[0     ]')
error:  0.03424421
('out:    ', '[0.987 ]')
('correct:', '[1     ]')
error:  0.00008388
('out:    ', '[0.931 ]')
('correct:', '[1     ]')
error:  0.00241459
('out:    ', '[0.737 ]')
('correct:', '[0     ]')
error:  0.27148178
('out:    ', '[0.552 ]')
('correct:', '[0     ]')
error:  0.15245540
('out:    ', '[0.893 ]')
('correct:', '[1     ]')
error:  0.00569498
('out:    ', '[0.805 ]')
('correct:', '[1     ]')
error:  0.01910086
('out:    ', '[0.447 ]')
('correct:', '[0     ]')
error:  0.09980658
('out:    ', '[0.896 ]')
('correct:', '[1     ]')
error:  0.00538169
('out:    ', '[0.848 ]')
('correct:', '[1     ]')
error:  0.01153735
('out:    ', '[0.609 ]')
('correct:', '[0     ]')
error:  0.18529521
('out:    ', '[0.591 ]')
('correct:', '[0     ]')
error:  0.17439630
('out:    ', '[0.857 ]')
('correct:', '[1     ]')
error:  0.01020839
('out:    ', '[0.915 ]')
('correct:', '[1     ]')
error:  0.00361335
('out:    ', '[0.26  ]')
('correct:', '[0     ]')
error:  0.03379446
('out:    ', '[0.813 ]')
('correct:', '[0     ]')
error:  0.33077868
('out:    ', '[0.591 ]')
('correct:', '[0     ]')
error:  0.17468777
('out:    ', '[0.739 ]')
('correct:', '[0     ]')
error:  0.27282404
('out:    ', '[0.675 ]')
('correct:', '[0     ]')
error:  0.22772979
('out:    ', '[0.778 ]')
('correct:', '[0     ]')
error:  0.30245599
('out:    ', '[0.917 ]')
('correct:', '[0     ]')
error:  0.42074674
('out:    ', '[0.851 ]')
('correct:', '[1     ]')
error:  0.01113349
('out:    ', '[0.657 ]')
('correct:', '[1     ]')
error:  0.05892203
('out:    ', '[0.318 ]')
('correct:', '[0     ]')
error:  0.05065343
('out:    ', '[0.553 ]')
('correct:', '[0     ]')
error:  0.15310221
('out:    ', '[0.974 ]')
('correct:', '[1     ]')
error:  0.00032937
('out:    ', '[0.7   ]')
('correct:', '[1     ]')
error:  0.04488895
('out:    ', '[0.344 ]')
('correct:', '[0     ]')
error:  0.05923142
('out:    ', '[0.643 ]')
('correct:', '[0     ]')
error:  0.20699961
('out:    ', '[0.823 ]')
('correct:', '[1     ]')
error:  0.01570349
('out:    ', '[0.814 ]')
('correct:', '[1     ]')
error:  0.01734198
('out:    ', '[0.588 ]')
('correct:', '[1     ]')
error:  0.08500865
('out:    ', '[0.715 ]')
('correct:', '[0     ]')
error:  0.25570004
('out:    ', '[0.64  ]')
('correct:', '[1     ]')
error:  0.06469188
('out:    ', '[0.769 ]')
('correct:', '[1     ]')
error:  0.02664023
('out:    ', '[0.718 ]')
('correct:', '[1     ]')
error:  0.03972061
('out:    ', '[0.685 ]')
('correct:', '[0     ]')
error:  0.23429827
('out:    ', '[0.629 ]')
('correct:', '[1     ]')
error:  0.06891901
('out:    ', '[0.858 ]')
('correct:', '[1     ]')
error:  0.01008811
('out:    ', '[0.733 ]')
('correct:', '[0     ]')
error:  0.26851301
('out:    ', '[0.844 ]')
('correct:', '[1     ]')
error:  0.01212647
('out:    ', '[0.941 ]')
('correct:', '[1     ]')
error:  0.00171697
('out:    ', '[0.59  ]')
('correct:', '[0     ]')
error:  0.17378299
('out:    ', '[0.873 ]')
('correct:', '[1     ]')
error:  0.00811369
('out:    ', '[0.632 ]')
('correct:', '[0     ]')
error:  0.19942790
('out:    ', '[0.807 ]')
('correct:', '[1     ]')
error:  0.01861410
('out:    ', '[0.797 ]')
('correct:', '[1     ]')
error:  0.02056740
('out:    ', '[0.692 ]')
('correct:', '[1     ]')
error:  0.04751198
('out:    ', '[0.547 ]')
('correct:', '[0     ]')
error:  0.14979894
('out:    ', '[0.79  ]')
('correct:', '[1     ]')
error:  0.02202051
('out:    ', '[0.785 ]')
('correct:', '[0     ]')
error:  0.30809217
('out:    ', '[0.606 ]')
('correct:', '[0     ]')
error:  0.18352301
('out:    ', '[0.799 ]')
('correct:', '[1     ]')
error:  0.02014042
('out:    ', '[0.659 ]')
('correct:', '[1     ]')
error:  0.05823791
('out:    ', '[0.907 ]')
('correct:', '[1     ]')
error:  0.00435391
('out:    ', '[0.897 ]')
('correct:', '[0     ]')
error:  0.40211879
('out:    ', '[0.742 ]')
('correct:', '[0     ]')
error:  0.27521772
('out:    ', '[0.86  ]')
('correct:', '[1     ]')
error:  0.00982465
('out:    ', '[0.656 ]')
('correct:', '[0     ]')
error:  0.21543998
('out:    ', '[0.634 ]')
('correct:', '[0     ]')
error:  0.20081258
('out:    ', '[0.664 ]')
('correct:', '[1     ]')
error:  0.05642115
('out:    ', '[0.664 ]')
('correct:', '[0     ]')
error:  0.22014070
('out:    ', '[0.792 ]')
('correct:', '[1     ]')
error:  0.02159716
('out:    ', '[0.539 ]')
('correct:', '[0     ]')
error:  0.14542446
('out:    ', '[0.366 ]')
('correct:', '[0     ]')
error:  0.06688497
('out:    ', '[0.953 ]')
('correct:', '[1     ]')
error:  0.00110443
('out:    ', '[0.927 ]')
('correct:', '[1     ]')
error:  0.00263222
('out:    ', '[0.853 ]')
('correct:', '[1     ]')
error:  0.01083506
('out:    ', '[0.854 ]')
('correct:', '[0     ]')
error:  0.36439433
('out:    ', '[0.807 ]')
('correct:', '[1     ]')
error:  0.01853625
('out:    ', '[0.46  ]')
('correct:', '[0     ]')
error:  0.10576320
('out:    ', '[0.622 ]')
('correct:', '[0     ]')
error:  0.19369314
('out:    ', '[0.774 ]')
('correct:', '[1     ]')
error:  0.02562169
('out:    ', '[0.926 ]')
('correct:', '[1     ]')
error:  0.00273130
('out:    ', '[0.594 ]')
('correct:', '[0     ]')
error:  0.17662452
('out:    ', '[0.801 ]')
('correct:', '[1     ]')
error:  0.01973234
('out:    ', '[0.335 ]')
('correct:', '[0     ]')
error:  0.05607735
('out:    ', '[0.788 ]')
('correct:', '[1     ]')
error:  0.02250080
('out:    ', '[0.887 ]')
('correct:', '[1     ]')
error:  0.00637602
('out:    ', '[0.931 ]')
('correct:', '[1     ]')
error:  0.00235722
('out:    ', '[0.464 ]')
('correct:', '[0     ]')
error:  0.10741847
('out:    ', '[0.489 ]')
('correct:', '[1     ]')
error:  0.13055867
('out:    ', '[0.783 ]')
('correct:', '[0     ]')
error:  0.30676201
('out:    ', '[0.315 ]')
('correct:', '[0     ]')
error:  0.04972640
('out:    ', '[0.666 ]')
('correct:', '[0     ]')
error:  0.22207785
('out:    ', '[0.766 ]')
('correct:', '[0     ]')
error:  0.29361234
('out:    ', '[0.621 ]')
('correct:', '[0     ]')
error:  0.19296926
('out:    ', '[0.838 ]')
('correct:', '[1     ]')
error:  0.01312104
('out:    ', '[0.785 ]')
('correct:', '[1     ]')
error:  0.02309522
('out:    ', '[0.752 ]')
('correct:', '[1     ]')
error:  0.03067279
('out:    ', '[0.763 ]')
('correct:', '[1     ]')
error:  0.02815603
('out:    ', '[0.73  ]')
('correct:', '[1     ]')
error:  0.03634403
('out:    ', '[0.89  ]')
('correct:', '[0     ]')
error:  0.39601914
('out:    ', '[0.765 ]')
('correct:', '[1     ]')
error:  0.02769940
('out:    ', '[0.784 ]')
('correct:', '[1     ]')
error:  0.02340829
('out:    ', '[0.671 ]')
('correct:', '[0     ]')
error:  0.22510003
('out:    ', '[0.252 ]')
('correct:', '[0     ]')
error:  0.03163138
('out:    ', '[0.798 ]')
('correct:', '[1     ]')
error:  0.02033882
('out:    ', '[0.628 ]')
('correct:', '[0     ]')
error:  0.19696868
('out:    ', '[0.839 ]')
('correct:', '[1     ]')
error:  0.01295713
('out:    ', '[0.935 ]')
('correct:', '[1     ]')
error:  0.00209212
('out:    ', '[0.625 ]')
('correct:', '[1     ]')
error:  0.07031807
('out:    ', '[0.832 ]')
('correct:', '[1     ]')
error:  0.01412858
('out:    ', '[0.77  ]')
('correct:', '[1     ]')
error:  0.02653480
('out:    ', '[0.842 ]')
('correct:', '[1     ]')
error:  0.01250451
('out:    ', '[0.768 ]')
('correct:', '[1     ]')
error:  0.02696813
('out:    ', '[0.638 ]')
('correct:', '[0     ]')
error:  0.20346965
('out:    ', '[0.66  ]')
('correct:', '[1     ]')
error:  0.05784230
('out:    ', '[0.791 ]')
('correct:', '[1     ]')
error:  0.02192293
('out:    ', '[0.655 ]')
('correct:', '[0     ]')
error:  0.21474113
('out:    ', '[0.764 ]')
('correct:', '[1     ]')
error:  0.02794525
('out:    ', '[0.903 ]')
('correct:', '[1     ]')
error:  0.00470482
('out:    ', '[0.992 ]')
('correct:', '[1     ]')
error:  0.00003125
('out:    ', '[0.724 ]')
('correct:', '[1     ]')
error:  0.03822484
('out:    ', '[0.621 ]')
('correct:', '[0     ]')
error:  0.19271031
('out:    ', '[0.872 ]')
('correct:', '[1     ]')
error:  0.00823864
('out:    ', '[0.837 ]')
('correct:', '[1     ]')
error:  0.01323292
('out:    ', '[0.428 ]')
('correct:', '[0     ]')
error:  0.09143887
('out:    ', '[0.714 ]')
('correct:', '[1     ]')
error:  0.04083331
('out:    ', '[0.82  ]')
('correct:', '[1     ]')
error:  0.01618380
('out:    ', '[0.959 ]')
('correct:', '[1     ]')
error:  0.00083455
('out:    ', '[0.923 ]')
('correct:', '[1     ]')
error:  0.00296986
('out:    ', '[0.447 ]')
('correct:', '[0     ]')
error:  0.10002237
('out:    ', '[0.479 ]')
('correct:', '[0     ]')
error:  0.11483459
('out:    ', '[0.858 ]')
('correct:', '[1     ]')
error:  0.01013288
('out:    ', '[0.761 ]')
('correct:', '[1     ]')
error:  0.02851630
('out:    ', '[0.746 ]')
('correct:', '[0     ]')
error:  0.27828365
('out:    ', '[0.864 ]')
('correct:', '[0     ]')
error:  0.37295429
('out:    ', '[0.642 ]')
('correct:', '[1     ]')
error:  0.06402146
('out:    ', '[0.501 ]')
('correct:', '[0     ]')
error:  0.12535100
('out:    ', '[0.667 ]')
('correct:', '[0     ]')
error:  0.22242114
('out:    ', '[0.846 ]')
('correct:', '[1     ]')
error:  0.01190807
('out:    ', '[0.993 ]')
('correct:', '[1     ]')
error:  0.00002629
('out:    ', '[0.671 ]')
('correct:', '[1     ]')
error:  0.05401839
('out:    ', '[0.691 ]')
('correct:', '[0     ]')
error:  0.23899402
('out:    ', '[0.684 ]')
('correct:', '[1     ]')
error:  0.04978698
('out:    ', '[0.944 ]')
('correct:', '[0     ]')
error:  0.44541814
('out:    ', '[0.955 ]')
('correct:', '[1     ]')
error:  0.00102775
('out:    ', '[0.578 ]')
('correct:', '[0     ]')
error:  0.16701453
('out:    ', '[0.588 ]')
('correct:', '[0     ]')
error:  0.17296191
('out:    ', '[0.612 ]')
('correct:', '[0     ]')
error:  0.18714352
('out:    ', '[0.771 ]')
('correct:', '[0     ]')
error:  0.29759325
('out:    ', '[0.573 ]')
('correct:', '[0     ]')
error:  0.16425759
('out:    ', '[0.9   ]')
('correct:', '[1     ]')
error:  0.00504087
('out:    ', '[0.602 ]')
('correct:', '[1     ]')
error:  0.07936338
('out:    ', '[0.658 ]')
('correct:', '[1     ]')
error:  0.05855893
('out:    ', '[0.823 ]')
('correct:', '[1     ]')
error:  0.01565455
('out:    ', '[0.923 ]')
('correct:', '[1     ]')
error:  0.00297143
('out:    ', '[0.839 ]')
('correct:', '[0     ]')
error:  0.35216770
('out:    ', '[0.731 ]')
('correct:', '[0     ]')
error:  0.26715404
('out:    ', '[0.526 ]')
('correct:', '[1     ]')
error:  0.11226444
('out:    ', '[0.927 ]')
('correct:', '[0     ]')
error:  0.42929451
('out:    ', '[0.553 ]')
('correct:', '[0     ]')
error:  0.15318051
('out:    ', '[0.723 ]')
('correct:', '[1     ]')
error:  0.03849397
('out:    ', '[0.529 ]')
('correct:', '[1     ]')
error:  0.11095699
('out:    ', '[0.963 ]')
('correct:', '[1     ]')
error:  0.00067665
('out:    ', '[0.289 ]')
('correct:', '[1     ]')
error:  0.25252776
('out:    ', '[0.678 ]')
('correct:', '[0     ]')
error:  0.22977525
('out:    ', '[0.788 ]')
('correct:', '[1     ]')
error:  0.02238549
('out:    ', '[0.732 ]')
('correct:', '[1     ]')
error:  0.03594857
('out:    ', '[0.214 ]')
('correct:', '[1     ]')
error:  0.30855935
('out:    ', '[0.864 ]')
('correct:', '[0     ]')
error:  0.37340082
('out:    ', '[0.705 ]')
('correct:', '[1     ]')
error:  0.04345493
('out:    ', '[0.842 ]')
('correct:', '[1     ]')
error:  0.01252192
('out:    ', '[0.996 ]')
('correct:', '[1     ]')
error:  0.00000740
('out:    ', '[0.965 ]')
('correct:', '[1     ]')
error:  0.00060777
('out:    ', '[0.824 ]')
('correct:', '[0     ]')
error:  0.33939258
('out:    ', '[0.333 ]')
('correct:', '[0     ]')
error:  0.05540788
('out:    ', '[0.695 ]')
('correct:', '[1     ]')
error:  0.04657524
('out:    ', '[0.704 ]')
('correct:', '[0     ]')
error:  0.24751727
('out:    ', '[0.997 ]')
('correct:', '[1     ]')
error:  0.00000565
('out:    ', '[0.533 ]')
('correct:', '[1     ]')
error:  0.10910741
('out:    ', '[0.761 ]')
('correct:', '[1     ]')
error:  0.02858714
('out:    ', '[0.891 ]')
('correct:', '[1     ]')
error:  0.00590700
('out:    ', '[0.808 ]')
('correct:', '[1     ]')
error:  0.01833712
('out:    ', '[0.782 ]')
('correct:', '[1     ]')
error:  0.02373487
('out:    ', '[0.924 ]')
('correct:', '[1     ]')
error:  0.00285688
('out:    ', '[0.832 ]')
('correct:', '[1     ]')
error:  0.01414022
('out:    ', '[0.71  ]')
('correct:', '[1     ]')
error:  0.04202648
('out:    ', '[0.997 ]')
('correct:', '[1     ]')
error:  0.00000556
('out:    ', '[0.913 ]')
('correct:', '[1     ]')
error:  0.00382015
('out:    ', '[0.982 ]')
('correct:', '[1     ]')
error:  0.00016526
('out:    ', '[0.641 ]')
('correct:', '[0     ]')
error:  0.20551675
('out:    ', '[0.549 ]')
('correct:', '[0     ]')
error:  0.15058136
('out:    ', '[0.736 ]')
('correct:', '[1     ]')
error:  0.03494173
('out:    ', '[0.741 ]')
('correct:', '[1     ]')
error:  0.03345744
('out:    ', '[0.295 ]')
('correct:', '[1     ]')
error:  0.24830561
('out:    ', '[0.623 ]')
('correct:', '[0     ]')
error:  0.19424290
('out:    ', '[0.799 ]')
('correct:', '[1     ]')
error:  0.02029657
('out:    ', '[0.891 ]')
('correct:', '[1     ]')
error:  0.00591706
('out:    ', '[0.674 ]')
('correct:', '[1     ]')
error:  0.05300290
('out:    ', '[0.908 ]')
('correct:', '[1     ]')
error:  0.00419673
('out:    ', '[0.946 ]')
('correct:', '[1     ]')
error:  0.00144711
('out:    ', '[0.743 ]')
('correct:', '[0     ]')
error:  0.27568240
('out:    ', '[0.689 ]')
('correct:', '[1     ]')
error:  0.04825815
('out:    ', '[0.35  ]')
('correct:', '[0     ]')
error:  0.06124069
('out:    ', '[0.688 ]')
('correct:', '[0     ]')
error:  0.23688150
('out:    ', '[0.682 ]')
('correct:', '[0     ]')
error:  0.23227515
('out:    ', '[0.942 ]')
('correct:', '[1     ]')
error:  0.00168018
('out:    ', '[0.899 ]')
('correct:', '[1     ]')
error:  0.00509850
('out:    ', '[0.768 ]')
('correct:', '[1     ]')
error:  0.02696328
('out:    ', '[0.92  ]')
('correct:', '[1     ]')
error:  0.00322800
('out:    ', '[0.632 ]')
('correct:', '[0     ]')
error:  0.19948429
('out:    ', '[0.706 ]')
('correct:', '[1     ]')
error:  0.04335819
('out:    ', '[0.884 ]')
('correct:', '[1     ]')
error:  0.00678397
('out:    ', '[0.903 ]')
('correct:', '[1     ]')
error:  0.00475247
('out:    ', '[0.826 ]')
('correct:', '[0     ]')
error:  0.34075345
('out:    ', '[0.799 ]')
('correct:', '[1     ]')
error:  0.02021661
('out:    ', '[0.941 ]')
('correct:', '[1     ]')
error:  0.00171940
('out:    ', '[0.528 ]')
('correct:', '[0     ]')
error:  0.13936463
('out:    ', '[0.823 ]')
('correct:', '[1     ]')
error:  0.01572384
('out:    ', '[0.923 ]')
('correct:', '[1     ]')
error:  0.00300143
('out:    ', '[0.527 ]')
('correct:', '[1     ]')
error:  0.11195925
('out:    ', '[0.813 ]')
('correct:', '[0     ]')
error:  0.33008993
('out:    ', '[0.71  ]')
('correct:', '[0     ]')
error:  0.25217970
('out:    ', '[0.698 ]')
('correct:', '[0     ]')
error:  0.24360459
('out:    ', '[0.536 ]')
('correct:', '[0     ]')
error:  0.14362142
('out:    ', '[0.623 ]')
('correct:', '[1     ]')
error:  0.07095383
('out:    ', '[0.157 ]')
('correct:', '[0     ]')
error:  0.01239399
('out:    ', '[0.9   ]')
('correct:', '[1     ]')
error:  0.00502757
('out:    ', '[0.548 ]')
('correct:', '[0     ]')
error:  0.15000739
('out:    ', '[0.866 ]')
('correct:', '[1     ]')
error:  0.00894964
('out:    ', '[0.546 ]')
('correct:', '[1     ]')
error:  0.10308589
('out:    ', '[0.678 ]')
('correct:', '[1     ]')
error:  0.05196040
('out:    ', '[0.616 ]')
('correct:', '[0     ]')
error:  0.18950197
('out:    ', '[0.578 ]')
('correct:', '[1     ]')
error:  0.08886258
('out:    ', '[0.844 ]')
('correct:', '[0     ]')
error:  0.35580429
('out:    ', '[0.341 ]')
('correct:', '[0     ]')
error:  0.05809094
('out:    ', '[0.796 ]')
('correct:', '[1     ]')
error:  0.02075816
('out:    ', '[0.996 ]')
('correct:', '[1     ]')
error:  0.00000895
('out:    ', '[0.992 ]')
('correct:', '[1     ]')
error:  0.00003162
('out:    ', '[0.734 ]')
('correct:', '[1     ]')
error:  0.03548234
('out:    ', '[0.361 ]')
('correct:', '[1     ]')
error:  0.20415271
('out:    ', '[0.592 ]')
('correct:', '[0     ]')
error:  0.17543550
('out:    ', '[0.94  ]')
('correct:', '[1     ]')
error:  0.00182408
('out:    ', '[0.634 ]')
('correct:', '[1     ]')
error:  0.06679947
('out:    ', '[0.436 ]')
('correct:', '[1     ]')
error:  0.15911021
('out:    ', '[0.13  ]')
('correct:', '[0     ]')
error:  0.00839127
('out:    ', '[0.777 ]')
('correct:', '[0     ]')
error:  0.30164355
('out:    ', '[0.888 ]')
('correct:', '[1     ]')
error:  0.00623737
('out:    ', '[0.757 ]')
('correct:', '[1     ]')
error:  0.02940615
('out:    ', '[0.901 ]')
('correct:', '[1     ]')
error:  0.00486761
('out:    ', '[0.638 ]')
('correct:', '[0     ]')
error:  0.20382925
('out:    ', '[0.693 ]')
('correct:', '[1     ]')
error:  0.04719927
('out:    ', '[0.92  ]')
('correct:', '[0     ]')
error:  0.42302239
('out:    ', '[0.906 ]')
('correct:', '[1     ]')
error:  0.00437906
('out:    ', '[0.856 ]')
('correct:', '[0     ]')
error:  0.36618511
('out:    ', '[0.905 ]')
('correct:', '[1     ]')
error:  0.00448493
('out:    ', '[0.636 ]')
('correct:', '[1     ]')
error:  0.06635413
('out:    ', '[0.695 ]')
('correct:', '[0     ]')
error:  0.24163436
('out:    ', '[0.299 ]')
('correct:', '[0     ]')
error:  0.04461309
('out:    ', '[0.838 ]')
('correct:', '[1     ]')
error:  0.01315284
('out:    ', '[0.711 ]')
('correct:', '[0     ]')
error:  0.25282639
('out:    ', '[0.431 ]')
('correct:', '[0     ]')
error:  0.09300952
('out:    ', '[0.897 ]')
('correct:', '[1     ]')
error:  0.00525807
('out:    ', '[0.624 ]')
('correct:', '[1     ]')
error:  0.07073772
('out:    ', '[0.563 ]')
('correct:', '[0     ]')
error:  0.15869577
('out:    ', '[0.78  ]')
('correct:', '[1     ]')
error:  0.02412150
('out:    ', '[0.924 ]')
('correct:', '[1     ]')
error:  0.00286418
('out:    ', '[0.652 ]')
('correct:', '[0     ]')
error:  0.21259230
('out:    ', '[0.918 ]')
('correct:', '[1     ]')
error:  0.00333413
('out:    ', '[0.357 ]')
('correct:', '[0     ]')
error:  0.06366953
('out:    ', '[0.979 ]')
('correct:', '[1     ]')
error:  0.00021250
('out:    ', '[0.94  ]')
('correct:', '[1     ]')
error:  0.00180971
('out:    ', '[0.887 ]')
('correct:', '[0     ]')
error:  0.39368765
('out:    ', '[0.874 ]')
('correct:', '[1     ]')
error:  0.00796518
('out:    ', '[0.826 ]')
('correct:', '[1     ]')
error:  0.01517730
('out:    ', '[0.734 ]')
('correct:', '[0     ]')
error:  0.26905278
('out:    ', '[0.728 ]')
('correct:', '[1     ]')
error:  0.03702813
('out:    ', '[0.817 ]')
('correct:', '[1     ]')
error:  0.01675139
('out:    ', '[0.621 ]')
('correct:', '[1     ]')
error:  0.07194805
('out:    ', '[0.859 ]')
('correct:', '[1     ]')
error:  0.00991704
('out:    ', '[0.78  ]')
('correct:', '[1     ]')
error:  0.02423274
('out:    ', '[0.897 ]')
('correct:', '[1     ]')
error:  0.00526722
('out:    ', '[0.782 ]')
('correct:', '[1     ]')
error:  0.02366708
('out:    ', '[0.992 ]')
('correct:', '[1     ]')
error:  0.00003025
('out:    ', '[0.561 ]')
('correct:', '[0     ]')
error:  0.15736700
('out:    ', '[0.948 ]')
('correct:', '[1     ]')
error:  0.00136986
('out:    ', '[0.896 ]')
('correct:', '[1     ]')
error:  0.00540615
('out:    ', '[0.586 ]')
('correct:', '[0     ]')
error:  0.17191333
('out:    ', '[0.868 ]')
('correct:', '[0     ]')
error:  0.37631072
('out:    ', '[0.738 ]')
('correct:', '[1     ]')
error:  0.03441695
('out:    ', '[0.635 ]')
('correct:', '[0     ]')
error:  0.20176785
('out:    ', '[0.462 ]')
('correct:', '[0     ]')
error:  0.10693056
('out:    ', '[0.797 ]')
('correct:', '[0     ]')
error:  0.31732252
('out:    ', '[0.907 ]')
('correct:', '[1     ]')
error:  0.00428984
('out:    ', '[0.811 ]')
('correct:', '[1     ]')
error:  0.01785143
('out:    ', '[0.88  ]')
('correct:', '[1     ]')
error:  0.00723098
('out:    ', '[0.756 ]')
('correct:', '[1     ]')
error:  0.02966466
('out:    ', '[0.798 ]')
('correct:', '[1     ]')
error:  0.02049021
('out:    ', '[0.779 ]')
('correct:', '[1     ]')
error:  0.02438262
('out:    ', '[0.943 ]')
('correct:', '[0     ]')
error:  0.44487887
('out:    ', '[0.991 ]')
('correct:', '[0     ]')
error:  0.49126147
('out:    ', '[0.905 ]')
('correct:', '[1     ]')
error:  0.00451744
('out:    ', '[0.902 ]')
('correct:', '[1     ]')
error:  0.00484556
('out:    ', '[0.683 ]')
('correct:', '[1     ]')
error:  0.05018155
('out:    ', '[0.951 ]')
('correct:', '[1     ]')
error:  0.00119059
('out:    ', '[0.848 ]')
('correct:', '[1     ]')
error:  0.01153861
('out:    ', '[0.243 ]')
('correct:', '[0     ]')
error:  0.02960732
('out:    ', '[0.913 ]')
('correct:', '[0     ]')
error:  0.41684289
('out:    ', '[0.809 ]')
('correct:', '[0     ]')
error:  0.32683774
('out:    ', '[0.592 ]')
('correct:', '[0     ]')
error:  0.17503706
('out:    ', '[0.641 ]')
('correct:', '[1     ]')
error:  0.06432894
('out:    ', '[0.8   ]')
('correct:', '[0     ]')
error:  0.31996408
('out:    ', '[0.792 ]')
('correct:', '[1     ]')
error:  0.02167525
('out:    ', '[0.707 ]')
('correct:', '[1     ]')
error:  0.04302361
('out:    ', '[0.941 ]')
('correct:', '[1     ]')
error:  0.00172231
('out:    ', '[0.757 ]')
('correct:', '[1     ]')
error:  0.02964434
('out:    ', '[0.478 ]')
('correct:', '[0     ]')
error:  0.11405781
('out:    ', '[0.497 ]')
('correct:', '[0     ]')
error:  0.12333214
('out:    ', '[0.934 ]')
('correct:', '[1     ]')
error:  0.00219080
('out:    ', '[0.558 ]')
('correct:', '[0     ]')
error:  0.15592424
('out:    ', '[0.525 ]')
('correct:', '[0     ]')
error:  0.13774038
('out:    ', '[0.652 ]')
('correct:', '[1     ]')
error:  0.06044762
('out:    ', '[0.754 ]')
('correct:', '[0     ]')
error:  0.28412454
('out:    ', '[0.641 ]')
('correct:', '[0     ]')
error:  0.20551362
('out:    ', '[0.585 ]')
('correct:', '[0     ]')
error:  0.17120935
('out:    ', '[0.419 ]')
('correct:', '[0     ]')
error:  0.08785751
('out:    ', '[0.875 ]')
('correct:', '[1     ]')
error:  0.00781008
('out:    ', '[0.637 ]')
('correct:', '[1     ]')
error:  0.06579853
('out:    ', '[0.813 ]')
('correct:', '[1     ]')
error:  0.01744079
('out:    ', '[0.619 ]')
('correct:', '[0     ]')
error:  0.19149872
('out:    ', '[0.664 ]')
('correct:', '[0     ]')
error:  0.22016392
('out:    ', '[0.405 ]')
('correct:', '[0     ]')
error:  0.08187704
('out:    ', '[0.854 ]')
('correct:', '[1     ]')
error:  0.01070268
('out:    ', '[0.763 ]')
('correct:', '[1     ]')
error:  0.02819901
('out:    ', '[0.794 ]')
('correct:', '[0     ]')
error:  0.31491361
('out:    ', '[0.802 ]')
('correct:', '[1     ]')
error:  0.01955710
('out:    ', '[0.784 ]')
('correct:', '[1     ]')
error:  0.02329665
('out:    ', '[0.62  ]')
('correct:', '[1     ]')
error:  0.07237639
('out:    ', '[0.887 ]')
('correct:', '[1     ]')
error:  0.00638847
('out:    ', '[0.689 ]')
('correct:', '[1     ]')
error:  0.04832533
('out:    ', '[0.455 ]')
('correct:', '[0     ]')
error:  0.10364126
('out:    ', '[0.8   ]')
('correct:', '[1     ]')
error:  0.02002095
('out:    ', '[0.87  ]')
('correct:', '[1     ]')
error:  0.00846145
('out:    ', '[0.731 ]')
('correct:', '[1     ]')
error:  0.03613717
('out:    ', '[0.553 ]')
('correct:', '[0     ]')
error:  0.15312023
('out:    ', '[0.781 ]')
('correct:', '[0     ]')
error:  0.30515822
('out:    ', '[0.641 ]')
('correct:', '[0     ]')
error:  0.20545127
('out:    ', '[0.617 ]')
('correct:', '[0     ]')
error:  0.19051510
('out:    ', '[0.786 ]')
('correct:', '[1     ]')
error:  0.02293431
('out:    ', '[0.963 ]')
('correct:', '[1     ]')
error:  0.00066887
('out:    ', '[0.35  ]')
('correct:', '[0     ]')
error:  0.06107797
('out:    ', '[0.683 ]')
('correct:', '[1     ]')
error:  0.05020419
('out:    ', '[0.64  ]')
('correct:', '[0     ]')
error:  0.20499116
('out:    ', '[0.819 ]')
('correct:', '[1     ]')
error:  0.01629355
('out:    ', '[0.759 ]')
('correct:', '[0     ]')
error:  0.28816208
('out:    ', '[0.945 ]')
('correct:', '[1     ]')
error:  0.00153280
('out:    ', '[0.553 ]')
('correct:', '[0     ]')
error:  0.15300360
('out:    ', '[0.513 ]')
('correct:', '[1     ]')
error:  0.11864431
('out:    ', '[0.809 ]')
('correct:', '[1     ]')
error:  0.01825770
('out:    ', '[0.844 ]')
('correct:', '[1     ]')
error:  0.01220030
('out:    ', '[0.979 ]')
('correct:', '[1     ]')
error:  0.00022946
('out:    ', '[0.845 ]')
('correct:', '[1     ]')
error:  0.01204656
('out:    ', '[0.751 ]')
('correct:', '[1     ]')
error:  0.03098511
('out:    ', '[0.65  ]')
('correct:', '[0     ]')
error:  0.21100304
('out:    ', '[0.765 ]')
('correct:', '[1     ]')
error:  0.02749772
('out:    ', '[0.573 ]')
('correct:', '[1     ]')
error:  0.09101744
('out:    ', '[0.545 ]')
('correct:', '[0     ]')
error:  0.14863147
('out:    ', '[0.785 ]')
('correct:', '[1     ]')
error:  0.02306502
('out:    ', '[0.662 ]')
('correct:', '[0     ]')
error:  0.21921831
('out:    ', '[0.894 ]')
('correct:', '[1     ]')
error:  0.00560765
('out:    ', '[0.415 ]')
('correct:', '[0     ]')
error:  0.08594944
('out:    ', '[0.781 ]')
('correct:', '[1     ]')
error:  0.02406080
('out:    ', '[0.991 ]')
('correct:', '[0     ]')
error:  0.49093092
('out:    ', '[0.85  ]')
('correct:', '[1     ]')
error:  0.01130870
('out:    ', '[0.913 ]')
('correct:', '[0     ]')
error:  0.41710820
('out:    ', '[0.599 ]')
('correct:', '[0     ]')
error:  0.17922753
('out:    ', '[0.842 ]')
('correct:', '[1     ]')
error:  0.01254367
('out:    ', '[0.631 ]')
('correct:', '[0     ]')
error:  0.19880799
('out:    ', '[0.857 ]')
('correct:', '[1     ]')
error:  0.01024873
('out:    ', '[0.911 ]')
('correct:', '[1     ]')
error:  0.00391970
('out:    ', '[0.921 ]')
('correct:', '[1     ]')
error:  0.00313612
('out:    ', '[0.413 ]')
('correct:', '[1     ]')
error:  0.17257263
('out:    ', '[0.991 ]')
('correct:', '[1     ]')
error:  0.00003723
('out:    ', '[0.712 ]')
('correct:', '[1     ]')
error:  0.04150044
('out:    ', '[0.944 ]')
('correct:', '[1     ]')
error:  0.00156726
('out:    ', '[0.66  ]')
('correct:', '[1     ]')
error:  0.05770180
('out:    ', '[0.822 ]')
('correct:', '[1     ]')
error:  0.01585117
('out:    ', '[0.736 ]')
('correct:', '[1     ]')
error:  0.03491058
('out:    ', '[0.7   ]')
('correct:', '[1     ]')
error:  0.04503334
('out:    ', '[0.608 ]')
('correct:', '[1     ]')
error:  0.07702794
('out:    ', '[0.806 ]')
('correct:', '[1     ]')
error:  0.01887277
('out:    ', '[0.893 ]')
('correct:', '[1     ]')
error:  0.00576720
('out:    ', '[0.932 ]')
('correct:', '[1     ]')
error:  0.00230411
('out:    ', '[0.666 ]')
('correct:', '[0     ]')
error:  0.22198672
('out:    ', '[0.272 ]')
('correct:', '[0     ]')
error:  0.03689557
('out:    ', '[0.972 ]')
('correct:', '[1     ]')
error:  0.00039498
('out:    ', '[0.958 ]')
('correct:', '[1     ]')
error:  0.00087406
('out:    ', '[0.835 ]')
('correct:', '[1     ]')
error:  0.01368887
('out:    ', '[0.796 ]')
('correct:', '[1     ]')
error:  0.02088275
('out:    ', '[0.63  ]')
('correct:', '[0     ]')
error:  0.19838288
('out:    ', '[0.996 ]')
('correct:', '[1     ]')
error:  0.00000896
('out:    ', '[0.79  ]')
('correct:', '[1     ]')
error:  0.02198514
('out:    ', '[0.834 ]')
('correct:', '[0     ]')
error:  0.34770054
('out:    ', '[0.997 ]')
('correct:', '[0     ]')
error:  0.49694722
('out:    ', '[0.931 ]')
('correct:', '[0     ]')
error:  0.43313951
('out:    ', '[0.909 ]')
('correct:', '[1     ]')
error:  0.00410941
('out:    ', '[0.775 ]')
('correct:', '[0     ]')
error:  0.30015029
('out:    ', '[0.638 ]')
('correct:', '[0     ]')
error:  0.20347762
('out:    ', '[0.593 ]')
('correct:', '[0     ]')
error:  0.17592431
('out:    ', '[0.945 ]')
('correct:', '[1     ]')
error:  0.00150064
('out:    ', '[0.881 ]')
('correct:', '[1     ]')
error:  0.00713075
('out:    ', '[0.893 ]')
('correct:', '[1     ]')
error:  0.00570906
('out:    ', '[0.853 ]')
('correct:', '[1     ]')
error:  0.01077011
('out:    ', '[0.671 ]')
('correct:', '[0     ]')
error:  0.22504420
('out:    ', '[0.923 ]')
('correct:', '[1     ]')
error:  0.00295518
('out:    ', '[0.704 ]')
('correct:', '[0     ]')
error:  0.24753727
('out:    ', '[0.867 ]')
('correct:', '[1     ]')
error:  0.00880980
('out:    ', '[0.869 ]')
('correct:', '[0     ]')
error:  0.37781722
('out:    ', '[0.42  ]')
('correct:', '[0     ]')
error:  0.08801380
('out:    ', '[0.778 ]')
('correct:', '[1     ]')
error:  0.02462435
('out:    ', '[0.787 ]')
('correct:', '[1     ]')
error:  0.02261040
('out:    ', '[0.726 ]')
('correct:', '[0     ]')
error:  0.26355584
('out:    ', '[0.803 ]')
('correct:', '[1     ]')
error:  0.01949008
('out:    ', '[0.845 ]')
('correct:', '[1     ]')
error:  0.01200054
('out:    ', '[0.589 ]')
('correct:', '[0     ]')
error:  0.17334432
('out:    ', '[0.979 ]')
('correct:', '[0     ]')
error:  0.47889550
('out:    ', '[0.905 ]')
('correct:', '[1     ]')
error:  0.00447167
('out:    ', '[0.62  ]')
('correct:', '[1     ]')
error:  0.07225612
('out:    ', '[0.578 ]')
('correct:', '[0     ]')
error:  0.16687181
('out:    ', '[0.625 ]')
('correct:', '[0     ]')
error:  0.19553525
('out:    ', '[0.291 ]')
('correct:', '[0     ]')
error:  0.04224691
('out:    ', '[0.859 ]')
('correct:', '[1     ]')
error:  0.01000248
('out:    ', '[0.613 ]')
('correct:', '[0     ]')
error:  0.18783844
('out:    ', '[0.881 ]')
('correct:', '[0     ]')
error:  0.38850093
('out:    ', '[0.892 ]')
('correct:', '[1     ]')
error:  0.00586024
('out:    ', '[0.926 ]')
('correct:', '[1     ]')
error:  0.00274080
('out:    ', '[0.678 ]')
('correct:', '[1     ]')
error:  0.05173486
('out:    ', '[0.716 ]')
('correct:', '[1     ]')
error:  0.04034665
('out:    ', '[0.668 ]')
('correct:', '[1     ]')
error:  0.05527196
('out:    ', '[0.198 ]')
('correct:', '[0     ]')
error:  0.01965254
('out:    ', '[0.871 ]')
('correct:', '[1     ]')
error:  0.00831587
('out:    ', '[0.987 ]')
('correct:', '[0     ]')
error:  0.48742033
('out:    ', '[0.678 ]')
('correct:', '[0     ]')
error:  0.22992172
('out:    ', '[0.711 ]')
('correct:', '[1     ]')
error:  0.04162692
('out:    ', '[0.943 ]')
('correct:', '[1     ]')
error:  0.00159933
('out:    ', '[0.799 ]')
('correct:', '[1     ]')
error:  0.02013457
('out:    ', '[0.685 ]')
('correct:', '[1     ]')
error:  0.04958757
('out:    ', '[0.765 ]')
('correct:', '[1     ]')
error:  0.02749832
('out:    ', '[0.584 ]')
('correct:', '[0     ]')
error:  0.17063599
('out:    ', '[0.923 ]')
('correct:', '[1     ]')
error:  0.00295677
('out:    ', '[0.65  ]')
('correct:', '[0     ]')
error:  0.21099070
('out:    ', '[0.684 ]')
('correct:', '[1     ]')
error:  0.04997824
('out:    ', '[0.881 ]')
('correct:', '[0     ]')
error:  0.38783339
('out:    ', '[0.921 ]')
('correct:', '[0     ]')
error:  0.42413571
('out:    ', '[0.807 ]')
('correct:', '[1     ]')
error:  0.01859920
('out:    ', '[0.672 ]')
('correct:', '[0     ]')
error:  0.22570160
('out:    ', '[0.698 ]')
('correct:', '[0     ]')
error:  0.24339910
('out:    ', '[0.946 ]')
('correct:', '[1     ]')
error:  0.00147016
('out:    ', '[0.69  ]')
('correct:', '[0     ]')
error:  0.23836234
('out:    ', '[0.687 ]')
('correct:', '[0     ]')
error:  0.23605485
('out:    ', '[0.84  ]')
('correct:', '[1     ]')
error:  0.01277199
('out:    ', '[0.957 ]')
('correct:', '[0     ]')
error:  0.45813990
('out:    ', '[0.622 ]')
('correct:', '[0     ]')
error:  0.19368324
('out:    ', '[0.98  ]')
('correct:', '[1     ]')
error:  0.00019524
('out:    ', '[0.94  ]')
('correct:', '[0     ]')
error:  0.44213535
('out:    ', '[0.888 ]')
('correct:', '[1     ]')
error:  0.00624645
('out:    ', '[0.775 ]')
('correct:', '[1     ]')
error:  0.02540323
('out:    ', '[0.841 ]')
('correct:', '[1     ]')
error:  0.01263434
('out:    ', '[0.65  ]')
('correct:', '[1     ]')
error:  0.06134165
('out:    ', '[0.609 ]')
('correct:', '[1     ]')
error:  0.07658850
('out:    ', '[0.679 ]')
('correct:', '[0     ]')
error:  0.23024342
('out:    ', '[0.762 ]')
('correct:', '[0     ]')
error:  0.29018570
('out:    ', '[0.546 ]')
('correct:', '[0     ]')
error:  0.14896915
('out:    ', '[0.531 ]')
('correct:', '[0     ]')
error:  0.14104062
('out:    ', '[0.927 ]')
('correct:', '[1     ]')
error:  0.00269704
('out:    ', '[0.83  ]')
('correct:', '[1     ]')
error:  0.01442940
('out:    ', '[0.944 ]')
('correct:', '[1     ]')
error:  0.00158310
('out:    ', '[0.825 ]')
('correct:', '[1     ]')
error:  0.01532011
('out:    ', '[0.494 ]')
('correct:', '[1     ]')
error:  0.12813413
('out:    ', '[0.797 ]')
('correct:', '[1     ]')
error:  0.02070192
('out:    ', '[0.954 ]')
('correct:', '[1     ]')
error:  0.00105192
('out:    ', '[0.849 ]')
('correct:', '[1     ]')
error:  0.01136706
('out:    ', '[0.677 ]')
('correct:', '[0     ]')
error:  0.22905427
('out:    ', '[0.891 ]')
('correct:', '[1     ]')
error:  0.00590757
('out:    ', '[0.95  ]')
('correct:', '[1     ]')
error:  0.00122719
('out:    ', '[0.753 ]')
('correct:', '[1     ]')
error:  0.03051931
('out:    ', '[0.844 ]')
('correct:', '[1     ]')
error:  0.01221714
('out:    ', '[0.853 ]')
('correct:', '[0     ]')
error:  0.36405158
('out:    ', '[0.6   ]')
('correct:', '[0     ]')
error:  0.17985116
('out:    ', '[0.694 ]')
('correct:', '[0     ]')
error:  0.24073160
('out:    ', '[0.82  ]')
('correct:', '[1     ]')
error:  0.01614951
('out:    ', '[0.856 ]')
('correct:', '[1     ]')
error:  0.01035438
('out:    ', '[0.891 ]')
('correct:', '[1     ]')
error:  0.00597188
('out:    ', '[0.594 ]')
('correct:', '[0     ]')
error:  0.17625652
('out:    ', '[0.992 ]')
('correct:', '[1     ]')
error:  0.00003128
('out:    ', '[0.722 ]')
('correct:', '[0     ]')
error:  0.26091071
('out:    ', '[0.618 ]')
('correct:', '[0     ]')
error:  0.19076668
('out:    ', '[0.663 ]')
('correct:', '[0     ]')
error:  0.21950190
('out:    ', '[0.524 ]')
('correct:', '[0     ]')
error:  0.13731594
('out:    ', '[0.848 ]')
('correct:', '[1     ]')
error:  0.01161570
('out:    ', '[0.601 ]')
('correct:', '[0     ]')
error:  0.18079542
('out:    ', '[0.908 ]')
('correct:', '[1     ]')
error:  0.00426749
('out:    ', '[0.853 ]')
('correct:', '[1     ]')
error:  0.01076783
('out:    ', '[0.545 ]')
('correct:', '[0     ]')
error:  0.14867687
('out:    ', '[0.822 ]')
('correct:', '[1     ]')
error:  0.01587788
('out:    ', '[0.452 ]')
('correct:', '[0     ]')
error:  0.10197506
('out:    ', '[0.851 ]')
('correct:', '[1     ]')
error:  0.01109621
('out:    ', '[0.587 ]')
('correct:', '[0     ]')
error:  0.17246101
('out:    ', '[0.629 ]')
('correct:', '[1     ]')
error:  0.06881781
('out:    ', '[0.622 ]')
('correct:', '[1     ]')
error:  0.07159440
('out:    ', '[0.624 ]')
('correct:', '[1     ]')
error:  0.07073568
('out:    ', '[0.951 ]')
('correct:', '[1     ]')
error:  0.00117742
('out:    ', '[0.851 ]')
('correct:', '[0     ]')
error:  0.36198076
('out:    ', '[0.796 ]')
('correct:', '[1     ]')
error:  0.02074782
('out:    ', '[0.902 ]')
('correct:', '[1     ]')
error:  0.00484074
('out:    ', '[0.801 ]')
('correct:', '[0     ]')
error:  0.32095648
('out:    ', '[0.784 ]')
('correct:', '[1     ]')
error:  0.02337690
('out:    ', '[0.724 ]')
('correct:', '[1     ]')
error:  0.03795252
('out:    ', '[0.559 ]')
('correct:', '[1     ]')
error:  0.09743682
('out:    ', '[0.445 ]')
('correct:', '[1     ]')
error:  0.15377613
('out:    ', '[0.908 ]')
('correct:', '[1     ]')
error:  0.00426940
('out:    ', '[0.559 ]')
('correct:', '[0     ]')
error:  0.15603921
('out:    ', '[0.965 ]')
('correct:', '[1     ]')
error:  0.00061946
('out:    ', '[0.814 ]')
('correct:', '[1     ]')
error:  0.01721006
('out:    ', '[0.807 ]')
('correct:', '[1     ]')
error:  0.01853344
('out:    ', '[0.76  ]')
('correct:', '[1     ]')
error:  0.02890263
('out:    ', '[0.917 ]')
('correct:', '[1     ]')
error:  0.00348237
('out:    ', '[0.631 ]')
('correct:', '[0     ]')
error:  0.19886351
('out:    ', '[0.343 ]')
('correct:', '[1     ]')
error:  0.21604258
('out:    ', '[0.909 ]')
('correct:', '[0     ]')
error:  0.41350396
('out:    ', '[0.776 ]')
('correct:', '[0     ]')
error:  0.30106588
('out:    ', '[0.337 ]')
('correct:', '[0     ]')
error:  0.05674505
('out:    ', '[0.796 ]')
('correct:', '[1     ]')
error:  0.02074067
('out:    ', '[0.899 ]')
('correct:', '[1     ]')
error:  0.00507771
('out:    ', '[0.819 ]')
('correct:', '[1     ]')
error:  0.01633832
('out:    ', '[0.632 ]')
('correct:', '[0     ]')
error:  0.19952372
('out:    ', '[0.208 ]')
('correct:', '[0     ]')
error:  0.02164863
('out:    ', '[0.792 ]')
('correct:', '[1     ]')
error:  0.02170262
('out:    ', '[0.946 ]')
('correct:', '[1     ]')
error:  0.00147945
('out:    ', '[0.8   ]')
('correct:', '[0     ]')
error:  0.32026074
('out:    ', '[0.783 ]')
('correct:', '[1     ]')
error:  0.02350189
('out:    ', '[0.956 ]')
('correct:', '[1     ]')
error:  0.00094705
('out:    ', '[0.882 ]')
('correct:', '[1     ]')
error:  0.00694753
('out:    ', '[0.849 ]')
('correct:', '[1     ]')
error:  0.01142894
('out:    ', '[0.65  ]')
('correct:', '[0     ]')
error:  0.21148931
('out:    ', '[0.624 ]')
('correct:', '[0     ]')
error:  0.19476610
('out:    ', '[0.58  ]')
('correct:', '[0     ]')
error:  0.16808738
('out:    ', '[0.713 ]')
('correct:', '[1     ]')
error:  0.04124139
('out:    ', '[0.728 ]')
('correct:', '[0     ]')
error:  0.26500639
('out:    ', '[0.946 ]')
('correct:', '[1     ]')
error:  0.00148264
('out:    ', '[0.585 ]')
('correct:', '[0     ]')
error:  0.17115308
('out:    ', '[0.654 ]')
('correct:', '[0     ]')
error:  0.21389894
('out:    ', '[0.857 ]')
('correct:', '[1     ]')
error:  0.01020189
('out:    ', '[0.651 ]')
('correct:', '[1     ]')
error:  0.06086783
('out:    ', '[0.642 ]')
('correct:', '[0     ]')
error:  0.20608816
('out:    ', '[0.883 ]')
('correct:', '[0     ]')
error:  0.38947556
('out:    ', '[0.806 ]')
('correct:', '[0     ]')
error:  0.32498510
('out:    ', '[0.593 ]')
('correct:', '[1     ]')
error:  0.08280086
('out:    ', '[0.943 ]')
('correct:', '[1     ]')
error:  0.00162036
('out:    ', '[0.542 ]')
('correct:', '[1     ]')
error:  0.10497075
('out:    ', '[0.795 ]')
('correct:', '[1     ]')
error:  0.02105843
('out:    ', '[0.936 ]')
('correct:', '[0     ]')
error:  0.43811202
('out:    ', '[0.604 ]')
('correct:', '[1     ]')
error:  0.07856218
('out:    ', '[0.514 ]')
('correct:', '[0     ]')
error:  0.13208692
('out:    ', '[0.611 ]')
('correct:', '[0     ]')
error:  0.18683033
('out:    ', '[0.823 ]')
('correct:', '[0     ]')
error:  0.33884634
('out:    ', '[0.471 ]')
('correct:', '[0     ]')
error:  0.11075621
('out:    ', '[0.946 ]')
('correct:', '[1     ]')
error:  0.00147896
('out:    ', '[0.458 ]')
('correct:', '[1     ]')
error:  0.14663005
('out:    ', '[0.802 ]')
('correct:', '[1     ]')
error:  0.01951661
('out:    ', '[0.884 ]')
('correct:', '[1     ]')
error:  0.00672934
('out:    ', '[0.627 ]')
('correct:', '[1     ]')
error:  0.06965696
('out:    ', '[0.921 ]')
('correct:', '[1     ]')
error:  0.00311926
('out:    ', '[0.492 ]')
('correct:', '[1     ]')
error:  0.12883588
('out:    ', '[0.528 ]')
('correct:', '[0     ]')
error:  0.13949748
('out:    ', '[0.934 ]')
('correct:', '[1     ]')
error:  0.00215773
('out:    ', '[0.555 ]')
('correct:', '[0     ]')
error:  0.15382166
('out:    ', '[0.521 ]')
('correct:', '[0     ]')
error:  0.13561688
('out:    ', '[0.713 ]')
('correct:', '[1     ]')
error:  0.04115071
('out:    ', '[0.386 ]')
('correct:', '[0     ]')
error:  0.07449628
('out:    ', '[0.904 ]')
('correct:', '[1     ]')
error:  0.00464340
('out:    ', '[0.606 ]')
('correct:', '[0     ]')
error:  0.18332377
('out:    ', '[0.8   ]')
('correct:', '[1     ]')
error:  0.02009072
('out:    ', '[0.766 ]')
('correct:', '[0     ]')
error:  0.29306379
('out:    ', '[0.832 ]')
('correct:', '[1     ]')
error:  0.01416863
('out:    ', '[0.964 ]')
('correct:', '[1     ]')
error:  0.00066167
('out:    ', '[0.593 ]')
('correct:', '[0     ]')
error:  0.17559364
('out:    ', '[0.627 ]')
('correct:', '[0     ]')
error:  0.19636898
('out:    ', '[0.773 ]')
('correct:', '[1     ]')
error:  0.02570889
('out:    ', '[0.815 ]')
('correct:', '[1     ]')
error:  0.01702605
('out:    ', '[0.552 ]')
('correct:', '[0     ]')
error:  0.15223409
('out:    ', '[0.492 ]')
('correct:', '[1     ]')
error:  0.12918898
('out:    ', '[0.916 ]')
('correct:', '[0     ]')
error:  0.41959748
('out:    ', '[0.642 ]')
('correct:', '[0     ]')
error:  0.20588089
('out:    ', '[0.629 ]')
('correct:', '[0     ]')
error:  0.19781855
('out:    ', '[0.949 ]')
('correct:', '[1     ]')
error:  0.00131704
('out:    ', '[0.849 ]')
('correct:', '[1     ]')
error:  0.01139510
('out:    ', '[0.8   ]')
('correct:', '[1     ]')
error:  0.02008938
('out:    ', '[0.891 ]')
('correct:', '[1     ]')
error:  0.00595816
('out:    ', '[0.736 ]')
('correct:', '[1     ]')
error:  0.03497569
('out:    ', '[0.799 ]')
('correct:', '[1     ]')
error:  0.02017545
('out:    ', '[0.773 ]')
('correct:', '[0     ]')
error:  0.29902679
('out:    ', '[0.883 ]')
('correct:', '[1     ]')
error:  0.00684552
('out:    ', '[0.813 ]')
('correct:', '[1     ]')
error:  0.01753703
('out:    ', '[0.332 ]')
('correct:', '[1     ]')
error:  0.22288586
('out:    ', '[0.943 ]')
('correct:', '[1     ]')
error:  0.00163151
('out:    ', '[0.871 ]')
('correct:', '[1     ]')
error:  0.00829709
('out:    ', '[0.946 ]')
('correct:', '[1     ]')
error:  0.00147049
('out:    ', '[0.764 ]')
('correct:', '[0     ]')
error:  0.29170663
('out:    ', '[0.606 ]')
('correct:', '[1     ]')
error:  0.07750009
('out:    ', '[0.893 ]')
('correct:', '[1     ]')
error:  0.00572580
('out:    ', '[0.783 ]')
('correct:', '[1     ]')
error:  0.02360855
('out:    ', '[0.829 ]')
('correct:', '[1     ]')
error:  0.01463938
('out:    ', '[0.917 ]')
('correct:', '[1     ]')
error:  0.00343213
('out:    ', '[0.613 ]')
('correct:', '[0     ]')
error:  0.18771993
('out:    ', '[0.757 ]')
('correct:', '[1     ]')
error:  0.02953178
('out:    ', '[0.793 ]')
('correct:', '[1     ]')
error:  0.02139011
('out:    ', '[0.54  ]')
('correct:', '[0     ]')
error:  0.14557242
('out:    ', '[0.74  ]')
('correct:', '[1     ]')
error:  0.03379976
('out:    ', '[0.626 ]')
('correct:', '[0     ]')
error:  0.19608161
('out:    ', '[0.622 ]')
('correct:', '[1     ]')
error:  0.07145806
('out:    ', '[0.897 ]')
('correct:', '[1     ]')
error:  0.00528621
('out:    ', '[0.659 ]')
('correct:', '[0     ]')
error:  0.21727771
('out:    ', '[0.729 ]')
('correct:', '[1     ]')
error:  0.03680112
('out:    ', '[0.913 ]')
('correct:', '[1     ]')
error:  0.00376723
('out:    ', '[0.992 ]')
('correct:', '[0     ]')
error:  0.49239018
('out:    ', '[0.829 ]')
('correct:', '[0     ]')
error:  0.34340720
('out:    ', '[0.95  ]')
('correct:', '[1     ]')
error:  0.00125350
('out:    ', '[0.801 ]')
('correct:', '[1     ]')
error:  0.01983890
('out:    ', '[0.87  ]')
('correct:', '[1     ]')
error:  0.00846717
('out:    ', '[0.855 ]')
('correct:', '[1     ]')
error:  0.01048358
('out:    ', '[0.843 ]')
('correct:', '[0     ]')
error:  0.35494055
('out:    ', '[0.923 ]')
('correct:', '[1     ]')
error:  0.00295454
('out:    ', '[0.254 ]')
('correct:', '[0     ]')
error:  0.03225150
('out:    ', '[0.438 ]')
('correct:', '[0     ]')
error:  0.09605882
('out:    ', '[0.645 ]')
('correct:', '[1     ]')
error:  0.06300633
('out:    ', '[0.952 ]')
('correct:', '[1     ]')
error:  0.00113424
('out:    ', '[0.735 ]')
('correct:', '[1     ]')
error:  0.03519904
('out:    ', '[0.989 ]')
('correct:', '[1     ]')
error:  0.00006404
('out:    ', '[0.783 ]')
('correct:', '[0     ]')
error:  0.30670217
('out:    ', '[0.622 ]')
('correct:', '[1     ]')
error:  0.07155939
('out:    ', '[0.499 ]')
('correct:', '[0     ]')
error:  0.12459814
('out:    ', '[0.622 ]')
('correct:', '[1     ]')
error:  0.07154652
('out:    ', '[0.859 ]')
('correct:', '[0     ]')
error:  0.36893781
('out:    ', '[0.638 ]')
('correct:', '[0     ]')
error:  0.20342325
('out:    ', '[0.955 ]')
('correct:', '[1     ]')
error:  0.00101938
('out:    ', '[0.706 ]')
('correct:', '[1     ]')
error:  0.04329874
('out:    ', '[0.341 ]')
('correct:', '[0     ]')
error:  0.05805038
('out:    ', '[0.81  ]')
('correct:', '[1     ]')
error:  0.01803361
('out:    ', '[0.605 ]')
('correct:', '[1     ]')
error:  0.07794848
('out:    ', '[0.873 ]')
('correct:', '[1     ]')
error:  0.00800767
('out:    ', '[0.676 ]')
('correct:', '[0     ]')
error:  0.22877624
('out:    ', '[0.165 ]')
('correct:', '[0     ]')
error:  0.01354149
('out:    ', '[0.817 ]')
('correct:', '[1     ]')
error:  0.01680646
('out:    ', '[0.808 ]')
('correct:', '[1     ]')
error:  0.01833757
('out:    ', '[0.579 ]')
('correct:', '[0     ]')
error:  0.16739634
('out:    ', '[0.874 ]')
('correct:', '[1     ]')
error:  0.00796520
('out:    ', '[0.716 ]')
('correct:', '[1     ]')
error:  0.04030322
('out:    ', '[0.626 ]')
('correct:', '[0     ]')
error:  0.19614233
('out:    ', '[0.893 ]')
('correct:', '[1     ]')
error:  0.00569205
('out:    ', '[0.803 ]')
('correct:', '[0     ]')
error:  0.32272646
('out:    ', '[0.872 ]')
('correct:', '[1     ]')
error:  0.00823127
('out:    ', '[0.821 ]')
('correct:', '[1     ]')
error:  0.01609051
('out:    ', '[0.995 ]')
('correct:', '[1     ]')
error:  0.00001159
('out:    ', '[0.682 ]')
('correct:', '[0     ]')
error:  0.23274922
('out:    ', '[0.837 ]')
('correct:', '[1     ]')
error:  0.01326060
('out:    ', '[0.743 ]')
('correct:', '[1     ]')
error:  0.03291037
('out:    ', '[0.559 ]')
('correct:', '[0     ]')
error:  0.15607771
('out:    ', '[0.932 ]')
('correct:', '[1     ]')
error:  0.00227814
('out:    ', '[0.714 ]')
('correct:', '[1     ]')
error:  0.04076492
('out:    ', '[0.923 ]')
('correct:', '[0     ]')
error:  0.42560002
('out:    ', '[0.754 ]')
('correct:', '[1     ]')
error:  0.03029394
('out:    ', '[0.832 ]')
('correct:', '[1     ]')
error:  0.01418178
('out:    ', '[0.265 ]')
('correct:', '[0     ]')
error:  0.03516993
('out:    ', '[0.397 ]')
('correct:', '[0     ]')
error:  0.07876508
('out:    ', '[0.833 ]')
('correct:', '[0     ]')
error:  0.34670929
('out:    ', '[0.946 ]')
('correct:', '[1     ]')
error:  0.00147731
('out:    ', '[0.855 ]')
('correct:', '[1     ]')
error:  0.01058367
('out:    ', '[0.872 ]')
('correct:', '[1     ]')
error:  0.00821355
('out:    ', '[0.667 ]')
('correct:', '[0     ]')
error:  0.22236127
('out:    ', '[0.468 ]')
('correct:', '[1     ]')
error:  0.14157226
('out:    ', '[0.815 ]')
('correct:', '[1     ]')
error:  0.01706108
('out:    ', '[0.946 ]')
('correct:', '[1     ]')
error:  0.00147551
('out:    ', '[0.84  ]')
('correct:', '[1     ]')
error:  0.01276996
('out:    ', '[0.825 ]')
('correct:', '[1     ]')
error:  0.01535040
('out:    ', '[0.733 ]')
('correct:', '[0     ]')
error:  0.26843687
('out:    ', '[0.81  ]')
('correct:', '[1     ]')
error:  0.01796080
('out:    ', '[0.831 ]')
('correct:', '[0     ]')
error:  0.34552580
('out:    ', '[0.875 ]')
('correct:', '[1     ]')
error:  0.00778777
('out:    ', '[0.839 ]')
('correct:', '[1     ]')
error:  0.01295473
('out:    ', '[0.877 ]')
('correct:', '[1     ]')
error:  0.00757374
('out:    ', '[0.649 ]')
('correct:', '[0     ]')
error:  0.21075124
('out:    ', '[0.802 ]')
('correct:', '[1     ]')
error:  0.01950701
('out:    ', '[0.532 ]')
('correct:', '[0     ]')
error:  0.14125617
('out:    ', '[0.897 ]')
('correct:', '[1     ]')
error:  0.00535169
('out:    ', '[0.985 ]')
('correct:', '[1     ]')
error:  0.00010875
('out:    ', '[0.495 ]')
('correct:', '[0     ]')
error:  0.12258435
('out:    ', '[0.78  ]')
('correct:', '[1     ]')
error:  0.02428882
('out:    ', '[0.783 ]')
('correct:', '[1     ]')
error:  0.02361639
('out:    ', '[0.799 ]')
('correct:', '[1     ]')
error:  0.02020509
('out:    ', '[0.892 ]')
('correct:', '[1     ]')
error:  0.00577934
('out:    ', '[0.923 ]')
('correct:', '[1     ]')
error:  0.00293437
('out:    ', '[0.725 ]')
('correct:', '[0     ]')
error:  0.26271119
('out:    ', '[0.878 ]')
('correct:', '[1     ]')
error:  0.00749480
('out:    ', '[0.833 ]')
('correct:', '[1     ]')
error:  0.01389906
('out:    ', '[0.768 ]')
('correct:', '[1     ]')
error:  0.02687394
('out:    ', '[0.23  ]')
('correct:', '[0     ]')
error:  0.02647115
('out:    ', '[0.959 ]')
('correct:', '[1     ]')
error:  0.00083974
('out:    ', '[0.794 ]')
('correct:', '[1     ]')
error:  0.02121220
('out:    ', '[0.946 ]')
('correct:', '[1     ]')
error:  0.00145665
('out:    ', '[0.564 ]')
('correct:', '[0     ]')
error:  0.15914232
('out:    ', '[0.604 ]')
('correct:', '[0     ]')
error:  0.18264261
('out:    ', '[0.866 ]')
('correct:', '[1     ]')
error:  0.00900450
('out:    ', '[0.813 ]')
('correct:', '[1     ]')
error:  0.01744200
('out:    ', '[0.971 ]')
('correct:', '[1     ]')
error:  0.00040864
('out:    ', '[0.696 ]')
('correct:', '[1     ]')
error:  0.04631666
('out:    ', '[0.928 ]')
('correct:', '[1     ]')
error:  0.00260241
('out:    ', '[0.778 ]')
('correct:', '[1     ]')
error:  0.02459902
('out:    ', '[0.989 ]')
('correct:', '[1     ]')
error:  0.00006021
('out:    ', '[0.709 ]')
('correct:', '[1     ]')
error:  0.04225827
('out:    ', '[0.912 ]')
('correct:', '[1     ]')
error:  0.00388791
('out:    ', '[0.659 ]')
('correct:', '[0     ]')
error:  0.21707903
('out:    ', '[0.526 ]')
('correct:', '[0     ]')
error:  0.13834067
('out:    ', '[0.679 ]')
('correct:', '[1     ]')
error:  0.05158796
('out:    ', '[0.76  ]')
('correct:', '[1     ]')
error:  0.02885741
('out:    ', '[0.614 ]')
('correct:', '[0     ]')
error:  0.18866687
('out:    ', '[0.707 ]')
('correct:', '[0     ]')
error:  0.25011260
('out:    ', '[0.799 ]')
('correct:', '[1     ]')
error:  0.02011810
('out:    ', '[0.632 ]')
('correct:', '[1     ]')
error:  0.06778635
('out:    ', '[0.141 ]')
('correct:', '[0     ]')
error:  0.00987017
('out:    ', '[0.774 ]')
('correct:', '[0     ]')
error:  0.29987271
('out:    ', '[0.642 ]')
('correct:', '[1     ]')
error:  0.06422057
('out:    ', '[0.841 ]')
('correct:', '[0     ]')
error:  0.35404990
('out:    ', '[0.594 ]')
('correct:', '[0     ]')
error:  0.17623547
('out:    ', '[0.953 ]')
('correct:', '[1     ]')
error:  0.00112266
('out:    ', '[0.803 ]')
('correct:', '[1     ]')
error:  0.01933127
('out:    ', '[0.611 ]')
('correct:', '[1     ]')
error:  0.07557066
('out:    ', '[0.899 ]')
('correct:', '[1     ]')
error:  0.00512635
('out:    ', '[0.401 ]')
('correct:', '[0     ]')
error:  0.08057703
('out:    ', '[0.852 ]')
('correct:', '[0     ]')
error:  0.36277440
('out:    ', '[0.753 ]')
('correct:', '[1     ]')
error:  0.03050716
('out:    ', '[0.702 ]')
('correct:', '[0     ]')
error:  0.24617338
('out:    ', '[0.717 ]')
('correct:', '[0     ]')
error:  0.25718120
('out:    ', '[0.557 ]')
('correct:', '[0     ]')
error:  0.15524268
('out:    ', '[0.984 ]')
('correct:', '[1     ]')
error:  0.00012657
('out:    ', '[0.449 ]')
('correct:', '[0     ]')
error:  0.10078527
('out:    ', '[0.855 ]')
('correct:', '[1     ]')
error:  0.01053692
('out:    ', '[0.686 ]')
('correct:', '[1     ]')
error:  0.04943758
('out:    ', '[0.679 ]')
('correct:', '[1     ]')
error:  0.05161149
('out:    ', '[0.261 ]')
('correct:', '[0     ]')
error:  0.03410316
('out:    ', '[0.971 ]')
('correct:', '[0     ]')
error:  0.47179991
('out:    ', '[0.665 ]')
('correct:', '[1     ]')
error:  0.05605871
('out:    ', '[0.608 ]')
('correct:', '[1     ]')
error:  0.07679297
('out:    ', '[0.472 ]')
('correct:', '[0     ]')
error:  0.11134971
('out:    ', '[0.66  ]')
('correct:', '[0     ]')
error:  0.21770615
('out:    ', '[0.677 ]')
('correct:', '[0     ]')
error:  0.22913731
('out:    ', '[0.89  ]')
('correct:', '[1     ]')
error:  0.00603276
('out:    ', '[0.847 ]')
('correct:', '[0     ]')
error:  0.35838840
('out:    ', '[0.645 ]')
('correct:', '[1     ]')
error:  0.06305414
('out:    ', '[0.804 ]')
('correct:', '[1     ]')
error:  0.01916438
('out:    ', '[0.713 ]')
('correct:', '[1     ]')
error:  0.04119874
('out:    ', '[0.893 ]')
('correct:', '[0     ]')
error:  0.39865888
('out:    ', '[0.527 ]')
('correct:', '[1     ]')
error:  0.11172725
('out:    ', '[0.887 ]')
('correct:', '[1     ]')
error:  0.00639503
('out:    ', '[0.75  ]')
('correct:', '[1     ]')
error:  0.03130255
('out:    ', '[0.743 ]')
('correct:', '[1     ]')
error:  0.03291998
('out:    ', '[0.22  ]')
('correct:', '[0     ]')
error:  0.02417423
('out:    ', '[0.634 ]')
('correct:', '[0     ]')
error:  0.20116549
('out:    ', '[0.256 ]')
('correct:', '[0     ]')
error:  0.03267793
('out:    ', '[0.597 ]')
('correct:', '[0     ]')
error:  0.17800668
('out:    ', '[0.791 ]')
('correct:', '[0     ]')
error:  0.31279085
('out:    ', '[0.333 ]')
('correct:', '[0     ]')
error:  0.05542546
('out:    ', '[0.874 ]')
('correct:', '[0     ]')
error:  0.38187449
('out:    ', '[0.975 ]')
('correct:', '[0     ]')
error:  0.47493453
('out:    ', '[0.739 ]')
('correct:', '[0     ]')
error:  0.27299912
('out:    ', '[0.313 ]')
('correct:', '[1     ]')
error:  0.23572394
('out:    ', '[0.931 ]')
('correct:', '[1     ]')
error:  0.00235780
('out:    ', '[0.979 ]')
('correct:', '[1     ]')
error:  0.00021933
('out:    ', '[0.937 ]')
('correct:', '[1     ]')
error:  0.00201514
('out:    ', '[0.53  ]')
('correct:', '[0     ]')
error:  0.14023170
('out:    ', '[0.828 ]')
('correct:', '[0     ]')
error:  0.34295579
('out:    ', '[0.899 ]')
('correct:', '[1     ]')
error:  0.00508891
('out:    ', '[0.924 ]')
('correct:', '[1     ]')
error:  0.00289905
('out:    ', '[0.622 ]')
('correct:', '[1     ]')
error:  0.07155861
('out:    ', '[0.721 ]')
('correct:', '[1     ]')
error:  0.03881656
('out:    ', '[0.803 ]')
('correct:', '[1     ]')
error:  0.01950297
('out:    ', '[0.848 ]')
('correct:', '[0     ]')
error:  0.35919613
('out:    ', '[0.877 ]')
('correct:', '[1     ]')
error:  0.00760981
('out:    ', '[0.715 ]')
('correct:', '[0     ]')
error:  0.25583142
('out:    ', '[0.674 ]')
('correct:', '[1     ]')
error:  0.05327335
('out:    ', '[0.628 ]')
('correct:', '[1     ]')
error:  0.06909936
('out:    ', '[0.834 ]')
('correct:', '[1     ]')
error:  0.01372426
('out:    ', '[0.647 ]')
('correct:', '[1     ]')
error:  0.06219173
('out:    ', '[0.625 ]')
('correct:', '[0     ]')
error:  0.19532081
('out:    ', '[0.863 ]')
('correct:', '[1     ]')
error:  0.00932044
('out:    ', '[0.803 ]')
('correct:', '[0     ]')
error:  0.32222562
('out:    ', '[0.503 ]')
('correct:', '[1     ]')
error:  0.12372086
('out:    ', '[0.936 ]')
('correct:', '[1     ]')
error:  0.00206458
('out:    ', '[0.639 ]')
('correct:', '[0     ]')
error:  0.20395156
('out:    ', '[0.808 ]')
('correct:', '[0     ]')
error:  0.32663581
('out:    ', '[0.787 ]')
('correct:', '[1     ]')
error:  0.02261948
('out:    ', '[0.904 ]')
('correct:', '[1     ]')
error:  0.00457088
('out:    ', '[0.399 ]')
('correct:', '[0     ]')
error:  0.07957415
('out:    ', '[0.859 ]')
('correct:', '[1     ]')
error:  0.00992053
('out:    ', '[0.937 ]')
('correct:', '[0     ]')
error:  0.43876892
('out:    ', '[0.574 ]')
('correct:', '[0     ]')
error:  0.16457391
('out:    ', '[0.435 ]')
('correct:', '[1     ]')
error:  0.15980167
('out:    ', '[0.957 ]')
('correct:', '[0     ]')
error:  0.45769173
('out:    ', '[0.772 ]')
('correct:', '[0     ]')
error:  0.29762646
('out:    ', '[0.561 ]')
('correct:', '[0     ]')
error:  0.15716714
('out:    ', '[0.893 ]')
('correct:', '[1     ]')
error:  0.00574377
('out:    ', '[0.729 ]')
('correct:', '[0     ]')
error:  0.26546715
('out:    ', '[0.707 ]')
('correct:', '[1     ]')
error:  0.04287590
('out:    ', '[0.935 ]')
('correct:', '[0     ]')
error:  0.43672228
('out:    ', '[0.883 ]')
('correct:', '[1     ]')
error:  0.00687874
('out:    ', '[0.93  ]')
('correct:', '[1     ]')
error:  0.00248261
('out:    ', '[0.899 ]')
('correct:', '[1     ]')
error:  0.00514085
('out:    ', '[0.919 ]')
('correct:', '[1     ]')
error:  0.00327518
('out:    ', '[0.612 ]')
('correct:', '[0     ]')
error:  0.18744841
('out:    ', '[0.814 ]')
('correct:', '[1     ]')
error:  0.01732652
('out:    ', '[0.726 ]')
('correct:', '[0     ]')
error:  0.26345612
('out:    ', '[0.389 ]')
('correct:', '[0     ]')
error:  0.07570660
('out:    ', '[0.723 ]')
('correct:', '[1     ]')
error:  0.03834650
('out:    ', '[0.865 ]')
('correct:', '[1     ]')
error:  0.00910415
('out:    ', '[0.894 ]')
('correct:', '[1     ]')
error:  0.00564314
('out:    ', '[0.549 ]')
('correct:', '[0     ]')
error:  0.15044645
('out:    ', '[0.928 ]')
('correct:', '[1     ]')
error:  0.00256658
('out:    ', '[0.254 ]')
('correct:', '[0     ]')
error:  0.03214916
('out:    ', '[0.679 ]')
('correct:', '[0     ]')
error:  0.23046090
('out:    ', '[0.894 ]')
('correct:', '[1     ]')
error:  0.00566793
('out:    ', '[0.836 ]')
('correct:', '[1     ]')
error:  0.01338980
('out:    ', '[0.597 ]')
('correct:', '[0     ]')
error:  0.17831131
('out:    ', '[0.583 ]')
('correct:', '[0     ]')
error:  0.17003267
('out:    ', '[0.624 ]')
('correct:', '[0     ]')
error:  0.19480523
('out:    ', '[0.887 ]')
('correct:', '[1     ]')
error:  0.00640216
('out:    ', '[0.799 ]')
('correct:', '[0     ]')
error:  0.31901035
('out:    ', '[0.9   ]')
('correct:', '[1     ]')
error:  0.00499490
('out:    ', '[0.735 ]')
('correct:', '[1     ]')
error:  0.03512313
('out:    ', '[0.762 ]')
('correct:', '[1     ]')
error:  0.02838677
('out:    ', '[0.943 ]')
('correct:', '[1     ]')
error:  0.00160589
('out:    ', '[0.988 ]')
('correct:', '[1     ]')
error:  0.00007043
('out:    ', '[0.899 ]')
('correct:', '[1     ]')
error:  0.00509463
('out:    ', '[0.687 ]')
('correct:', '[0     ]')
error:  0.23613162
('out:    ', '[0.622 ]')
('correct:', '[1     ]')
error:  0.07135586
('out:    ', '[0.634 ]')
('correct:', '[0     ]')
error:  0.20081814
('out:    ', '[0.477 ]')
('correct:', '[0     ]')
error:  0.11377450
('out:    ', '[0.545 ]')
('correct:', '[0     ]')
error:  0.14826763
('out:    ', '[0.622 ]')
('correct:', '[1     ]')
error:  0.07157544
('out:    ', '[0.862 ]')
('correct:', '[1     ]')
error:  0.00952539
('out:    ', '[0.671 ]')
('correct:', '[1     ]')
error:  0.05416932
('out:    ', '[0.647 ]')
('correct:', '[1     ]')
error:  0.06246515
('out:    ', '[0.607 ]')
('correct:', '[1     ]')
error:  0.07720502
('out:    ', '[0.626 ]')
('correct:', '[0     ]')
error:  0.19620800
('out:    ', '[0.742 ]')
('correct:', '[1     ]')
error:  0.03332087
('out:    ', '[0.615 ]')
('correct:', '[0     ]')
error:  0.18888721
('out:    ', '[0.819 ]')
('correct:', '[0     ]')
error:  0.33545664
('out:    ', '[0.645 ]')
('correct:', '[1     ]')
error:  0.06297051
('out:    ', '[0.655 ]')
('correct:', '[1     ]')
error:  0.05954794
('out:    ', '[0.765 ]')
('correct:', '[0     ]')
error:  0.29263570
('out:    ', '[0.823 ]')
('correct:', '[1     ]')
error:  0.01574161
('out:    ', '[0.603 ]')
('correct:', '[0     ]')
error:  0.18181124
('out:    ', '[0.83  ]')
('correct:', '[1     ]')
error:  0.01441223
('out:    ', '[0.954 ]')
('correct:', '[1     ]')
error:  0.00107897
('out:    ', '[0.992 ]')
('correct:', '[1     ]')
error:  0.00002910
('out:    ', '[0.624 ]')
('correct:', '[1     ]')
error:  0.07066326
('out:    ', '[0.614 ]')
('correct:', '[1     ]')
error:  0.07438757
('out:    ', '[0.689 ]')
('correct:', '[0     ]')
error:  0.23745241
('out:    ', '[0.561 ]')
('correct:', '[0     ]')
error:  0.15729539
('out:    ', '[0.883 ]')
('correct:', '[1     ]')
error:  0.00686833
('out:    ', '[0.787 ]')
('correct:', '[0     ]')
error:  0.31007206
('out:    ', '[0.897 ]')
('correct:', '[1     ]')
error:  0.00526262
('out:    ', '[0.515 ]')
('correct:', '[0     ]')
error:  0.13251987
('out:    ', '[0.9   ]')
('correct:', '[1     ]')
error:  0.00504855
('out:    ', '[0.173 ]')
('correct:', '[0     ]')
error:  0.01494536
('out:    ', '[0.824 ]')
('correct:', '[1     ]')
error:  0.01543250
('out:    ', '[0.79  ]')
('correct:', '[1     ]')
error:  0.02214118
('out:    ', '[0.435 ]')
('correct:', '[0     ]')
error:  0.09449177
('out:    ', '[0.707 ]')
('correct:', '[1     ]')
error:  0.04303392
('out:    ', '[0.799 ]')
('correct:', '[0     ]')
error:  0.31929955
('out:    ', '[0.222 ]')
('correct:', '[0     ]')
error:  0.02463273
('out:    ', '[0.633 ]')
('correct:', '[1     ]')
error:  0.06724799
('out:    ', '[0.867 ]')
('correct:', '[1     ]')
error:  0.00887546
('out:    ', '[0.288 ]')
('correct:', '[0     ]')
error:  0.04135506
('out:    ', '[0.59  ]')
('correct:', '[0     ]')
error:  0.17376229
('out:    ', '[0.29  ]')
('correct:', '[1     ]')
error:  0.25235458
('out:    ', '[0.835 ]')
('correct:', '[1     ]')
error:  0.01366200
('out:    ', '[0.855 ]')
('correct:', '[0     ]')
error:  0.36552889
('out:    ', '[0.944 ]')
('correct:', '[1     ]')
error:  0.00157975
('out:    ', '[0.921 ]')
('correct:', '[1     ]')
error:  0.00313888
('out:    ', '[0.873 ]')
('correct:', '[1     ]')
error:  0.00810499
('out:    ', '[0.917 ]')
('correct:', '[1     ]')
error:  0.00341256
('out:    ', '[0.218 ]')
('correct:', '[0     ]')
error:  0.02366893
('out:    ', '[0.277 ]')
('correct:', '[0     ]')
error:  0.03824188
('out:    ', '[0.992 ]')
('correct:', '[1     ]')
error:  0.00003211
('out:    ', '[0.784 ]')
('correct:', '[1     ]')
error:  0.02335797
('out:    ', '[0.821 ]')
('correct:', '[0     ]')
error:  0.33723857
('out:    ', '[0.944 ]')
('correct:', '[1     ]')
error:  0.00154220
('out:    ', '[0.549 ]')
('correct:', '[0     ]')
error:  0.15050089
('out:    ', '[0.934 ]')
('correct:', '[1     ]')
error:  0.00217550
('out:    ', '[0.515 ]')
('correct:', '[1     ]')
error:  0.11784059
('out:    ', '[0.946 ]')
('correct:', '[1     ]')
error:  0.00147918
('out:    ', '[0.929 ]')
('correct:', '[1     ]')
error:  0.00254404
('out:    ', '[0.941 ]')
('correct:', '[1     ]')
error:  0.00174608
('out:    ', '[0.874 ]')
('correct:', '[1     ]')
error:  0.00796662
('out:    ', '[0.311 ]')
('correct:', '[0     ]')
error:  0.04837511
('out:    ', '[0.856 ]')
('correct:', '[0     ]')
error:  0.36621652
('out:    ', '[0.664 ]')
('correct:', '[1     ]')
error:  0.05637309
('out:    ', '[0.464 ]')
('correct:', '[1     ]')
error:  0.14384799
('out:    ', '[0.799 ]')
('correct:', '[1     ]')
error:  0.02011724
('out:    ', '[0.879 ]')
('correct:', '[1     ]')
error:  0.00734203
('out:    ', '[0.63  ]')
('correct:', '[0     ]')
error:  0.19852211
('out:    ', '[0.945 ]')
('correct:', '[1     ]')
error:  0.00148544
('out:    ', '[0.668 ]')
('correct:', '[0     ]')
error:  0.22292266
('out:    ', '[0.799 ]')
('correct:', '[1     ]')
error:  0.02012084
('out:    ', '[0.929 ]')
('correct:', '[0     ]')
error:  0.43169889
('out:    ', '[0.895 ]')
('correct:', '[0     ]')
error:  0.40049178
('out:    ', '[0.224 ]')
('correct:', '[0     ]')
error:  0.02502660
('out:    ', '[0.87  ]')
('correct:', '[1     ]')
error:  0.00838707
('out:    ', '[0.828 ]')
('correct:', '[1     ]')
error:  0.01475018
('out:    ', '[0.556 ]')
('correct:', '[0     ]')
error:  0.15461674
('out:    ', '[0.759 ]')
('correct:', '[1     ]')
error:  0.02892807
('out:    ', '[0.961 ]')
('correct:', '[1     ]')
error:  0.00077957
('out:    ', '[0.285 ]')
('correct:', '[0     ]')
error:  0.04068844
('out:    ', '[0.952 ]')
('correct:', '[1     ]')
error:  0.00112860
('out:    ', '[0.654 ]')
('correct:', '[0     ]')
error:  0.21412470
('out:    ', '[0.828 ]')
('correct:', '[1     ]')
error:  0.01476134
('out:    ', '[0.95  ]')
('correct:', '[1     ]')
error:  0.00123256
('out:    ', '[0.821 ]')
('correct:', '[1     ]')
error:  0.01608100
('out:    ', '[0.674 ]')
('correct:', '[1     ]')
error:  0.05315282
('out:    ', '[0.63  ]')
('correct:', '[0     ]')
error:  0.19819101
('out:    ', '[0.744 ]')
('correct:', '[1     ]')
error:  0.03286993
('out:    ', '[0.537 ]')
('correct:', '[1     ]')
error:  0.10700992
('out:    ', '[0.769 ]')
('correct:', '[0     ]')
error:  0.29550362
('out:    ', '[0.561 ]')
('correct:', '[0     ]')
error:  0.15717720
('out:    ', '[0.998 ]')
('correct:', '[1     ]')
error:  0.00000184
('out:    ', '[0.721 ]')
('correct:', '[1     ]')
error:  0.03898034
('out:    ', '[0.692 ]')
('correct:', '[1     ]')
error:  0.04748858
('out:    ', '[0.509 ]')
('correct:', '[0     ]')
error:  0.12952050
('out:    ', '[0.801 ]')
('correct:', '[1     ]')
error:  0.01976285
('out:    ', '[0.976 ]')
('correct:', '[1     ]')
error:  0.00029350
('out:    ', '[0.922 ]')
('correct:', '[1     ]')
error:  0.00307367
('out:    ', '[0.67  ]')
('correct:', '[0     ]')
error:  0.22461106
('out:    ', '[0.587 ]')
('correct:', '[0     ]')
error:  0.17215731
('out:    ', '[0.8   ]')
('correct:', '[1     ]')
error:  0.01999900
('out:    ', '[0.907 ]')
('correct:', '[1     ]')
error:  0.00429866
('out:    ', '[0.898 ]')
('correct:', '[1     ]')
error:  0.00520099
('out:    ', '[0.985 ]')
('correct:', '[0     ]')
error:  0.48535330
('out:    ', '[0.572 ]')
('correct:', '[0     ]')
error:  0.16369503
('out:    ', '[0.66  ]')
('correct:', '[1     ]')
error:  0.05786835
('out:    ', '[0.899 ]')
('correct:', '[1     ]')
error:  0.00507092
('out:    ', '[0.789 ]')
('correct:', '[1     ]')
error:  0.02234153
('out:    ', '[0.632 ]')
('correct:', '[0     ]')
error:  0.19984192
('out:    ', '[0.867 ]')
('correct:', '[1     ]')
error:  0.00888642
('out:    ', '[0.473 ]')
('correct:', '[0     ]')
error:  0.11206549
('out:    ', '[0.973 ]')
('correct:', '[0     ]')
error:  0.47304466
('out:    ', '[0.898 ]')
('correct:', '[1     ]')
error:  0.00518163
('out:    ', '[0.702 ]')
('correct:', '[1     ]')
error:  0.04432387
('out:    ', '[0.793 ]')
('correct:', '[1     ]')
error:  0.02142498
('out:    ', '[0.378 ]')
('correct:', '[0     ]')
error:  0.07154162
('out:    ', '[0.921 ]')
('correct:', '[1     ]')
error:  0.00312162
('out:    ', '[0.921 ]')
('correct:', '[1     ]')
error:  0.00312309
('out:    ', '[0.854 ]')
('correct:', '[1     ]')
error:  0.01059204
('out:    ', '[0.712 ]')
('correct:', '[1     ]')
error:  0.04153687
('out:    ', '[0.635 ]')
('correct:', '[0     ]')
error:  0.20165143
('out:    ', '[0.914 ]')
('correct:', '[0     ]')
error:  0.41811590
('out:    ', '[0.797 ]')
('correct:', '[1     ]')
error:  0.02064552
('out:    ', '[0.774 ]')
('correct:', '[0     ]')
error:  0.29989848
('out:    ', '[0.8   ]')
('correct:', '[1     ]')
error:  0.01996207
('out:    ', '[0.795 ]')
('correct:', '[1     ]')
error:  0.02105322
('out:    ', '[0.971 ]')
('correct:', '[1     ]')
error:  0.00041397
('out:    ', '[0.836 ]')
('correct:', '[0     ]')
error:  0.34947687
('out:    ', '[0.73  ]')
('correct:', '[1     ]')
error:  0.03637494
('out:    ', '[0.86  ]')
('correct:', '[1     ]')
error:  0.00977205
('out:    ', '[0.697 ]')
('correct:', '[1     ]')
error:  0.04590421
('out:    ', '[0.798 ]')
('correct:', '[1     ]')
error:  0.02049236
('out:    ', '[0.443 ]')
('correct:', '[0     ]')
error:  0.09826155
('out:    ', '[0.988 ]')
('correct:', '[0     ]')
error:  0.48799046
('out:    ', '[0.778 ]')
('correct:', '[0     ]')
error:  0.30236541
('out:    ', '[0.771 ]')
('correct:', '[1     ]')
error:  0.02613096
('out:    ', '[0.736 ]')
('correct:', '[0     ]')
error:  0.27066260
('out:    ', '[0.831 ]')
('correct:', '[1     ]')
error:  0.01429053
('out:    ', '[0.194 ]')
('correct:', '[0     ]')
error:  0.01875842
('out:    ', '[0.669 ]')
('correct:', '[0     ]')
error:  0.22406122
('out:    ', '[0.359 ]')
('correct:', '[1     ]')
error:  0.20540462
('out:    ', '[0.636 ]')
('correct:', '[0     ]')
error:  0.20235192
('out:    ', '[0.671 ]')
('correct:', '[0     ]')
error:  0.22478749
('out:    ', '[0.644 ]')
('correct:', '[1     ]')
error:  0.06330479
('out:    ', '[0.869 ]')
('correct:', '[0     ]')
error:  0.37787957
('out:    ', '[0.502 ]')
('correct:', '[1     ]')
error:  0.12421715
('out:    ', '[0.825 ]')
('correct:', '[1     ]')
error:  0.01539559
('out:    ', '[0.894 ]')
('correct:', '[1     ]')
error:  0.00557751
('out:    ', '[0.637 ]')
('correct:', '[0     ]')
error:  0.20316002
('out:    ', '[0.764 ]')
('correct:', '[1     ]')
error:  0.02776984
('out:    ', '[0.938 ]')
('correct:', '[1     ]')
error:  0.00191274
('out:    ', '[0.412 ]')
('correct:', '[0     ]')
error:  0.08506749
('out:    ', '[0.537 ]')
('correct:', '[0     ]')
error:  0.14436888
('out:    ', '[0.705 ]')
('correct:', '[1     ]')
error:  0.04342805
('out:    ', '[0.953 ]')
('correct:', '[1     ]')
error:  0.00109665
('out:    ', '[0.899 ]')
('correct:', '[1     ]')
error:  0.00512665
('out:    ', '[0.956 ]')
('correct:', '[0     ]')
error:  0.45696534
('out:    ', '[0.766 ]')
('correct:', '[0     ]')
error:  0.29346096
('out:    ', '[0.836 ]')
('correct:', '[1     ]')
error:  0.01340951
('out:    ', '[0.824 ]')
('correct:', '[1     ]')
error:  0.01547247
('out:    ', '[0.805 ]')
('correct:', '[1     ]')
error:  0.01900095
('out:    ', '[0.631 ]')
('correct:', '[0     ]')
error:  0.19934256
('out:    ', '[0.556 ]')
('correct:', '[1     ]')
error:  0.09836066
('out:    ', '[0.543 ]')
('correct:', '[0     ]')
error:  0.14765044
('out:    ', '[0.82  ]')
('correct:', '[1     ]')
error:  0.01613386
('out:    ', '[0.645 ]')
('correct:', '[0     ]')
error:  0.20786105
('out:    ', '[0.952 ]')
('correct:', '[0     ]')
error:  0.45338211
('out:    ', '[0.195 ]')
('correct:', '[0     ]')
error:  0.01903232
('out:    ', '[0.669 ]')
('correct:', '[1     ]')
error:  0.05462330
('out:    ', '[0.786 ]')
('correct:', '[1     ]')
error:  0.02280406
('out:    ', '[0.407 ]')
('correct:', '[0     ]')
error:  0.08300170
('out:    ', '[0.405 ]')
('correct:', '[0     ]')
error:  0.08208433
('out:    ', '[0.668 ]')
('correct:', '[1     ]')
error:  0.05498028
('out:    ', '[0.934 ]')
('correct:', '[1     ]')
error:  0.00218204
('out:    ', '[0.611 ]')
('correct:', '[0     ]')
error:  0.18662357
('out:    ', '[0.926 ]')
('correct:', '[1     ]')
error:  0.00276705
('out:    ', '[0.216 ]')
('correct:', '[0     ]')
error:  0.02337825
('out:    ', '[0.898 ]')
('correct:', '[1     ]')
error:  0.00519612
('out:    ', '[0.217 ]')
('correct:', '[0     ]')
error:  0.02344687
('out:    ', '[0.67  ]')
('correct:', '[0     ]')
error:  0.22466329
('out:    ', '[0.55  ]')
('correct:', '[1     ]')
error:  0.10139975
('out:    ', '[0.945 ]')
('correct:', '[1     ]')
error:  0.00148529
('out:    ', '[0.383 ]')
('correct:', '[1     ]')
error:  0.19025013
('out:    ', '[0.283 ]')
('correct:', '[0     ]')
error:  0.03999774
('out:    ', '[0.814 ]')
('correct:', '[1     ]')
error:  0.01729757
('out:    ', '[0.713 ]')
('correct:', '[1     ]')
error:  0.04105647
('out:    ', '[0.998 ]')
('correct:', '[1     ]')
error:  0.00000297
('out:    ', '[0.672 ]')
('correct:', '[0     ]')
error:  0.22560356
('out:    ', '[0.758 ]')
('correct:', '[1     ]')
error:  0.02938778
('out:    ', '[0.457 ]')
('correct:', '[0     ]')
error:  0.10435238
('out:    ', '[0.83  ]')
('correct:', '[0     ]')
error:  0.34415998
('out:    ', '[0.215 ]')
('correct:', '[1     ]')
error:  0.30844191
('out:    ', '[0.825 ]')
('correct:', '[0     ]')
error:  0.34039494
('out:    ', '[0.648 ]')
('correct:', '[1     ]')
error:  0.06193056
('out:    ', '[0.634 ]')
('correct:', '[1     ]')
error:  0.06698347
('out:    ', '[0.716 ]')
('correct:', '[1     ]')
error:  0.04034916
('out:    ', '[0.808 ]')
('correct:', '[0     ]')
error:  0.32676108
('out:    ', '[0.716 ]')
('correct:', '[1     ]')
error:  0.04028000
('out:    ', '[0.748 ]')
('correct:', '[0     ]')
error:  0.27950552
('out:    ', '[0.646 ]')
('correct:', '[0     ]')
error:  0.20840939
('out:    ', '[0.733 ]')
('correct:', '[1     ]')
error:  0.03551265
('out:    ', '[0.752 ]')
('correct:', '[1     ]')
error:  0.03075654
('out:    ', '[0.723 ]')
('correct:', '[1     ]')
error:  0.03828970
('out:    ', '[0.915 ]')
('correct:', '[1     ]')
error:  0.00358796
('out:    ', '[0.327 ]')
('correct:', '[0     ]')
error:  0.05340846
('out:    ', '[0.992 ]')
('correct:', '[1     ]')
error:  0.00003117
('out:    ', '[0.857 ]')
('correct:', '[1     ]')
error:  0.01015449
('out:    ', '[0.681 ]')
('correct:', '[0     ]')
error:  0.23175195
('out:    ', '[0.797 ]')
('correct:', '[0     ]')
error:  0.31747667
('out:    ', '[0.932 ]')
('correct:', '[1     ]')
error:  0.00234052
('out:    ', '[0.779 ]')
('correct:', '[0     ]')
error:  0.30379363
('out:    ', '[0.671 ]')
('correct:', '[1     ]')
error:  0.05418747
('out:    ', '[0.917 ]')
('correct:', '[1     ]')
error:  0.00348054
('out:    ', '[0.813 ]')
('correct:', '[1     ]')
error:  0.01751790
('out:    ', '[0.728 ]')
('correct:', '[1     ]')
error:  0.03712093
('out:    ', '[0.559 ]')
('correct:', '[1     ]')
error:  0.09702966
('out:    ', '[0.599 ]')
('correct:', '[0     ]')
error:  0.17937342
('out:    ', '[0.732 ]')
('correct:', '[0     ]')
error:  0.26781605
('out:    ', '[0.943 ]')
('correct:', '[1     ]')
error:  0.00160011
('out:    ', '[0.988 ]')
('correct:', '[1     ]')
error:  0.00007741
('out:    ', '[0.942 ]')
('correct:', '[1     ]')
error:  0.00166730
('out:    ', '[0.634 ]')
('correct:', '[1     ]')
error:  0.06709896
('out:    ', '[0.86  ]')
('correct:', '[0     ]')
error:  0.36957303
('out:    ', '[0.689 ]')
('correct:', '[1     ]')
error:  0.04843006
('out:    ', '[0.643 ]')
('correct:', '[1     ]')
error:  0.06358460
('out:    ', '[0.945 ]')
('correct:', '[1     ]')
error:  0.00152940
('out:    ', '[0.764 ]')
('correct:', '[1     ]')
error:  0.02780796
('out:    ', '[0.858 ]')
('correct:', '[1     ]')
error:  0.01011454
('out:    ', '[0.929 ]')
('correct:', '[1     ]')
error:  0.00251181
('out:    ', '[0.407 ]')
('correct:', '[0     ]')
error:  0.08263128
('out:    ', '[0.787 ]')
('correct:', '[0     ]')
error:  0.30979794
('out:    ', '[0.617 ]')
('correct:', '[1     ]')
error:  0.07336208
('out:    ', '[0.853 ]')
('correct:', '[0     ]')
error:  0.36377105
('out:    ', '[0.879 ]')
('correct:', '[1     ]')
error:  0.00731616
('out:    ', '[0.741 ]')
('correct:', '[1     ]')
error:  0.03354523
('out:    ', '[0.587 ]')
('correct:', '[0     ]')
error:  0.17242725
('out:    ', '[0.805 ]')
('correct:', '[1     ]')
error:  0.01900965
('out:    ', '[0.716 ]')
('correct:', '[1     ]')
error:  0.04023442
('out:    ', '[0.552 ]')
('correct:', '[0     ]')
error:  0.15222940
('out:    ', '[0.754 ]')
('correct:', '[0     ]')
error:  0.28452940
('out:    ', '[0.921 ]')
('correct:', '[1     ]')
error:  0.00314637
('out:    ', '[0.848 ]')
('correct:', '[1     ]')
error:  0.01148695
('out:    ', '[0.538 ]')
('correct:', '[0     ]')
error:  0.14483909
('out:    ', '[0.96  ]')
('correct:', '[1     ]')
error:  0.00078726
('out:    ', '[0.899 ]')
('correct:', '[1     ]')
error:  0.00511657
('out:    ', '[0.725 ]')
('correct:', '[0     ]')
error:  0.26251125
('out:    ', '[0.618 ]')
('correct:', '[1     ]')
error:  0.07279798
('out:    ', '[0.442 ]')
('correct:', '[0     ]')
error:  0.09784484
('out:    ', '[0.821 ]')
('correct:', '[1     ]')
error:  0.01600892
('out:    ', '[0.907 ]')
('correct:', '[1     ]')
error:  0.00433852
('out:    ', '[0.671 ]')
('correct:', '[1     ]')
error:  0.05397619
('out:    ', '[0.943 ]')
('correct:', '[1     ]')
error:  0.00160084
('out:    ', '[0.64  ]')
('correct:', '[0     ]')
error:  0.20448346
('out:    ', '[0.932 ]')
('correct:', '[1     ]')
error:  0.00230750
('out:    ', '[0.827 ]')
('correct:', '[0     ]')
error:  0.34182079
('out:    ', '[0.956 ]')
('correct:', '[1     ]')
error:  0.00096073
('out:    ', '[0.628 ]')
('correct:', '[1     ]')
error:  0.06936927
('out:    ', '[0.739 ]')
('correct:', '[0     ]')
error:  0.27282009
('out:    ', '[0.662 ]')
('correct:', '[1     ]')
error:  0.05696021
('out:    ', '[0.979 ]')
('correct:', '[1     ]')
error:  0.00021098
('out:    ', '[0.719 ]')
('correct:', '[1     ]')
error:  0.03943089
('out:    ', '[0.933 ]')
('correct:', '[1     ]')
error:  0.00227478
('out:    ', '[0.63  ]')
('correct:', '[1     ]')
error:  0.06830777
('out:    ', '[0.835 ]')
('correct:', '[1     ]')
error:  0.01363348
('out:    ', '[0.994 ]')
('correct:', '[1     ]')
error:  0.00001728
('out:    ', '[0.871 ]')
('correct:', '[1     ]')
error:  0.00829342
('out:    ', '[0.651 ]')
('correct:', '[0     ]')
error:  0.21192496
('out:    ', '[0.461 ]')
('correct:', '[0     ]')
error:  0.10635012
('out:    ', '[0.925 ]')
('correct:', '[1     ]')
error:  0.00281188
('out:    ', '[0.88  ]')
('correct:', '[1     ]')
error:  0.00714752
('out:    ', '[0.795 ]')
('correct:', '[1     ]')
error:  0.02105295
('out:    ', '[0.729 ]')
('correct:', '[0     ]')
error:  0.26601406
('out:    ', '[0.899 ]')
('correct:', '[1     ]')
error:  0.00509453
('out:    ', '[0.642 ]')
('correct:', '[1     ]')
error:  0.06401937
('out:    ', '[0.855 ]')
('correct:', '[1     ]')
error:  0.01055542
('out:    ', '[0.907 ]')
('correct:', '[1     ]')
error:  0.00436654
('out:    ', '[0.748 ]')
('correct:', '[0     ]')
error:  0.28001536
('out:    ', '[0.856 ]')
('correct:', '[1     ]')
error:  0.01043538
('out:    ', '[0.494 ]')
('correct:', '[1     ]')
error:  0.12823857
('out:    ', '[0.516 ]')
('correct:', '[0     ]')
error:  0.13294016
('out:    ', '[0.575 ]')
('correct:', '[1     ]')
error:  0.09047669
('out:    ', '[0.644 ]')
('correct:', '[1     ]')
error:  0.06353962
('out:    ', '[0.544 ]')
('correct:', '[1     ]')
error:  0.10376149
('out:    ', '[0.936 ]')
('correct:', '[1     ]')
error:  0.00205856
('out:    ', '[0.836 ]')
('correct:', '[0     ]')
error:  0.34924440
('out:    ', '[0.946 ]')
('correct:', '[1     ]')
error:  0.00146229
('out:    ', '[0.487 ]')
('correct:', '[0     ]')
error:  0.11843137
('out:    ', '[0.839 ]')
('correct:', '[1     ]')
error:  0.01300026
('out:    ', '[0.695 ]')
('correct:', '[1     ]')
error:  0.04655332
('out:    ', '[0.814 ]')
('correct:', '[1     ]')
error:  0.01738134
('out:    ', '[0.892 ]')
('correct:', '[1     ]')
error:  0.00578269
('out:    ', '[0.832 ]')
('correct:', '[1     ]')
error:  0.01410979
('out:    ', '[0.625 ]')
('correct:', '[1     ]')
error:  0.07025920
('out:    ', '[0.534 ]')
('correct:', '[0     ]')
error:  0.14283617
('out:    ', '[0.77  ]')
('correct:', '[1     ]')
error:  0.02652760
('out:    ', '[0.761 ]')
('correct:', '[0     ]')
error:  0.28938690
('out:    ', '[0.724 ]')
('correct:', '[0     ]')
error:  0.26232269
('out:    ', '[0.549 ]')
('correct:', '[1     ]')
error:  0.10166116
('out:    ', '[0.985 ]')
('correct:', '[1     ]')
error:  0.00010730
('out:    ', '[0.612 ]')
('correct:', '[1     ]')
error:  0.07538054
('out:    ', '[0.762 ]')
('correct:', '[1     ]')
error:  0.02838321
('out:    ', '[0.692 ]')
('correct:', '[0     ]')
error:  0.23915389
('out:    ', '[0.352 ]')
('correct:', '[1     ]')
error:  0.20979359
('out:    ', '[0.679 ]')
('correct:', '[0     ]')
error:  0.23072124
('out:    ', '[0.878 ]')
('correct:', '[1     ]')
error:  0.00748740
('out:    ', '[0.881 ]')
('correct:', '[1     ]')
error:  0.00708795
('out:    ', '[0.802 ]')
('correct:', '[0     ]')
error:  0.32159274
('out:    ', '[0.654 ]')
('correct:', '[1     ]')
error:  0.06001202
('out:    ', '[0.649 ]')
('correct:', '[0     ]')
error:  0.21070978
('out:    ', '[0.926 ]')
('correct:', '[1     ]')
error:  0.00270821
('out:    ', '[0.846 ]')
('correct:', '[1     ]')
error:  0.01179091
('out:    ', '[0.84  ]')
('correct:', '[1     ]')
error:  0.01273205
('out:    ', '[0.804 ]')
('correct:', '[1     ]')
error:  0.01913042
('out:    ', '[0.747 ]')
('correct:', '[0     ]')
error:  0.27897282
('out:    ', '[0.714 ]')
('correct:', '[1     ]')
error:  0.04103597
('out:    ', '[0.852 ]')
('correct:', '[1     ]')
error:  0.01099590
('out:    ', '[0.896 ]')
('correct:', '[0     ]')
error:  0.40106230
('out:    ', '[0.778 ]')
('correct:', '[0     ]')
error:  0.30257949
('out:    ', '[0.824 ]')
('correct:', '[0     ]')
error:  0.33955306
('out:    ', '[0.557 ]')
('correct:', '[0     ]')
error:  0.15503919
('out:    ', '[0.909 ]')
('correct:', '[1     ]')
error:  0.00411878
('out:    ', '[0.463 ]')
('correct:', '[0     ]')
error:  0.10710837
('out:    ', '[0.763 ]')
('correct:', '[1     ]')
error:  0.02813990
('out:    ', '[0.95  ]')
('correct:', '[1     ]')
error:  0.00125767
('out:    ', '[0.289 ]')
('correct:', '[0     ]')
error:  0.04187070
('out:    ', '[0.892 ]')
('correct:', '[0     ]')
error:  0.39827091
('out:    ', '[0.624 ]')
('correct:', '[0     ]')
error:  0.19452195
('out:    ', '[0.793 ]')
('correct:', '[1     ]')
error:  0.02143015
('out:    ', '[0.817 ]')
('correct:', '[1     ]')
error:  0.01681479
('out:    ', '[0.765 ]')
('correct:', '[1     ]')
error:  0.02755158
('out:    ', '[0.712 ]')
('correct:', '[1     ]')
error:  0.04137604
('out:    ', '[0.678 ]')
('correct:', '[1     ]')
error:  0.05191840
('out:    ', '[0.441 ]')
('correct:', '[1     ]')
error:  0.15597209
('out:    ', '[0.776 ]')
('correct:', '[0     ]')
error:  0.30084258
('out:    ', '[0.918 ]')
('correct:', '[1     ]')
error:  0.00334124
('out:    ', '[0.278 ]')
('correct:', '[0     ]')
error:  0.03861785
('out:    ', '[0.937 ]')
('correct:', '[0     ]')
error:  0.43856494
('out:    ', '[0.953 ]')
('correct:', '[1     ]')
error:  0.00110778
('out:    ', '[0.53  ]')
('correct:', '[0     ]')
error:  0.14020616
('out:    ', '[0.969 ]')
('correct:', '[1     ]')
error:  0.00048455
('out:    ', '[0.96  ]')
('correct:', '[1     ]')
error:  0.00078561
('out:    ', '[0.375 ]')
('correct:', '[0     ]')
error:  0.07027720
('out:    ', '[0.887 ]')
('correct:', '[0     ]')
error:  0.39371191
('out:    ', '[0.915 ]')
('correct:', '[0     ]')
error:  0.41888016
('out:    ', '[0.711 ]')
('correct:', '[1     ]')
error:  0.04176865
('out:    ', '[0.786 ]')
('correct:', '[1     ]')
error:  0.02281731
('out:    ', '[0.765 ]')
('correct:', '[1     ]')
error:  0.02771744
('out:    ', '[0.985 ]')
('correct:', '[0     ]')
error:  0.48516973
('out:    ', '[0.943 ]')
('correct:', '[0     ]')
error:  0.44418497
('out:    ', '[0.797 ]')
('correct:', '[1     ]')
error:  0.02060139
('out:    ', '[0.903 ]')
('correct:', '[1     ]')
error:  0.00473785
('out:    ', '[0.982 ]')
('correct:', '[1     ]')
error:  0.00016559
('out:    ', '[0.828 ]')
('correct:', '[1     ]')
error:  0.01476404
('out:    ', '[0.806 ]')
('correct:', '[1     ]')
error:  0.01887484
('out:    ', '[0.42  ]')
('correct:', '[0     ]')
error:  0.08817996
('out:    ', '[0.649 ]')
('correct:', '[1     ]')
error:  0.06163361
('out:    ', '[0.877 ]')
('correct:', '[1     ]')
error:  0.00753446
('out:    ', '[0.798 ]')
('correct:', '[0     ]')
error:  0.31873523
('out:    ', '[0.794 ]')
('correct:', '[0     ]')
error:  0.31490594
('out:    ', '[0.993 ]')
('correct:', '[1     ]')
error:  0.00002662
('out:    ', '[0.573 ]')
('correct:', '[0     ]')
error:  0.16432839
('out:    ', '[0.941 ]')
('correct:', '[0     ]')
error:  0.44280873
('out:    ', '[0.904 ]')
('correct:', '[1     ]')
error:  0.00458170
('out:    ', '[0.587 ]')
('correct:', '[1     ]')
error:  0.08548943
('out:    ', '[0.727 ]')
('correct:', '[1     ]')
error:  0.03723362
('out:    ', '[0.532 ]')
('correct:', '[0     ]')
error:  0.14144499
('out:    ', '[0.672 ]')
('correct:', '[1     ]')
error:  0.05381237
('out:    ', '[0.915 ]')
('correct:', '[1     ]')
error:  0.00362828
('out:    ', '[0.705 ]')
('correct:', '[1     ]')
error:  0.04338461
('out:    ', '[0.27  ]')
('correct:', '[1     ]')
error:  0.26636166
('out:    ', '[0.719 ]')
('correct:', '[1     ]')
error:  0.03936299
('out:    ', '[0.96  ]')
('correct:', '[1     ]')
error:  0.00081674
('out:    ', '[0.99  ]')
('correct:', '[0     ]')
error:  0.49019423
('out:    ', '[0.878 ]')
('correct:', '[1     ]')
error:  0.00746633
('out:    ', '[0.747 ]')
('correct:', '[0     ]')
error:  0.27864052
('out:    ', '[0.532 ]')
('correct:', '[0     ]')
error:  0.14137446
('out:    ', '[0.856 ]')
('correct:', '[1     ]')
error:  0.01039259
('out:    ', '[0.757 ]')
('correct:', '[0     ]')
error:  0.28674607
('out:    ', '[0.927 ]')
('correct:', '[0     ]')
error:  0.42985604
('out:    ', '[0.704 ]')
('correct:', '[0     ]')
error:  0.24750690
('out:    ', '[0.799 ]')
('correct:', '[0     ]')
error:  0.31923130
('out:    ', '[0.21  ]')
('correct:', '[0     ]')
error:  0.02198068
('out:    ', '[0.795 ]')
('correct:', '[1     ]')
error:  0.02101759
('out:    ', '[0.774 ]')
('correct:', '[1     ]')
error:  0.02552808
('out:    ', '[0.654 ]')
('correct:', '[1     ]')
error:  0.06001815
('out:    ', '[0.803 ]')
('correct:', '[1     ]')
error:  0.01935607
('out:    ', '[0.79  ]')
('correct:', '[1     ]')
error:  0.02203314
('out:    ', '[0.946 ]')
('correct:', '[1     ]')
error:  0.00147746
('out:    ', '[0.254 ]')
('correct:', '[1     ]')
error:  0.27796519
('out:    ', '[0.801 ]')
('correct:', '[0     ]')
error:  0.32094728
('out:    ', '[0.814 ]')
('correct:', '[0     ]')
error:  0.33158913
('out:    ', '[0.334 ]')
('correct:', '[0     ]')
error:  0.05576048
('out:    ', '[0.97  ]')
('correct:', '[0     ]')
error:  0.47020649
('out:    ', '[0.673 ]')
('correct:', '[1     ]')
error:  0.05360918
('out:    ', '[0.929 ]')
('correct:', '[1     ]')
error:  0.00249363
('out:    ', '[0.951 ]')
('correct:', '[1     ]')
error:  0.00122266
('out:    ', '[0.506 ]')
('correct:', '[0     ]')
error:  0.12816676
('out:    ', '[0.915 ]')
('correct:', '[1     ]')
error:  0.00359654
('out:    ', '[0.963 ]')
('correct:', '[1     ]')
error:  0.00068160
('out:    ', '[0.925 ]')
('correct:', '[0     ]')
error:  0.42800965
('out:    ', '[0.716 ]')
('correct:', '[1     ]')
error:  0.04019684
('out:    ', '[0.95  ]')
('correct:', '[1     ]')
error:  0.00125731
('out:    ', '[0.8   ]')
('correct:', '[1     ]')
error:  0.01991436
('out:    ', '[0.841 ]')
('correct:', '[1     ]')
error:  0.01267576
('out:    ', '[0.62  ]')
('correct:', '[1     ]')
error:  0.07219206
('out:    ', '[0.975 ]')
('correct:', '[0     ]')
error:  0.47532238
('out:    ', '[0.509 ]')
('correct:', '[0     ]')
error:  0.12967212
('out:    ', '[0.799 ]')
('correct:', '[1     ]')
error:  0.02026499
('out:    ', '[0.759 ]')
('correct:', '[1     ]')
error:  0.02903432
('out:    ', '[0.727 ]')
('correct:', '[1     ]')
error:  0.03720801
('out:    ', '[0.677 ]')
('correct:', '[1     ]')
error:  0.05217543
('out:    ', '[0.615 ]')
('correct:', '[1     ]')
error:  0.07400076
('out:    ', '[0.773 ]')
('correct:', '[0     ]')
error:  0.29861046
('out:    ', '[0.645 ]')
('correct:', '[1     ]')
error:  0.06301993
('out:    ', '[0.244 ]')
('correct:', '[1     ]')
error:  0.28611737
('out:    ', '[0.95  ]')
('correct:', '[1     ]')
error:  0.00126224
('out:    ', '[0.778 ]')
('correct:', '[0     ]')
error:  0.30262198
('out:    ', '[0.852 ]')
('correct:', '[1     ]')
error:  0.01101443
('out:    ', '[0.923 ]')
('correct:', '[1     ]')
error:  0.00294960
('out:    ', '[0.937 ]')
('correct:', '[1     ]')
error:  0.00200322
('out:    ', '[0.237 ]')
('correct:', '[0     ]')
error:  0.02797034
('out:    ', '[0.436 ]')
('correct:', '[0     ]')
error:  0.09524316
('out:    ', '[0.799 ]')
('correct:', '[0     ]')
error:  0.31947745
('out:    ', '[0.731 ]')
('correct:', '[1     ]')
error:  0.03625895
('out:    ', '[0.867 ]')
('correct:', '[1     ]')
error:  0.00882589
('out:    ', '[0.783 ]')
('correct:', '[1     ]')
error:  0.02348260
('out:    ', '[0.852 ]')
('correct:', '[1     ]')
error:  0.01089671
('out:    ', '[0.954 ]')
('correct:', '[1     ]')
error:  0.00106398
('out:    ', '[0.947 ]')
('correct:', '[1     ]')
error:  0.00142084
('out:    ', '[0.717 ]')
('correct:', '[1     ]')
error:  0.03991850
('out:    ', '[0.893 ]')
('correct:', '[1     ]')
error:  0.00576578
('out:    ', '[0.753 ]')
('correct:', '[0     ]')
error:  0.28369797
('out:    ', '[0.768 ]')
('correct:', '[1     ]')
error:  0.02686949
('out:    ', '[0.841 ]')
('correct:', '[1     ]')
error:  0.01268943
('out:    ', '[0.551 ]')
('correct:', '[0     ]')
error:  0.15196515
('out:    ', '[0.959 ]')
('correct:', '[1     ]')
error:  0.00083506
('out:    ', '[0.564 ]')
('correct:', '[1     ]')
error:  0.09494378
('out:    ', '[0.685 ]')
('correct:', '[0     ]')
error:  0.23432322
('out:    ', '[0.578 ]')
('correct:', '[0     ]')
error:  0.16709207
('out:    ', '[0.616 ]')
('correct:', '[0     ]')
error:  0.18970928
('out:    ', '[0.61  ]')
('correct:', '[1     ]')
error:  0.07591246
('out:    ', '[0.872 ]')
('correct:', '[0     ]')
error:  0.38005351
('out:    ', '[0.948 ]')
('correct:', '[1     ]')
error:  0.00135054
('out:    ', '[0.993 ]')
('correct:', '[1     ]')
error:  0.00002402
('out:    ', '[0.935 ]')
('correct:', '[1     ]')
error:  0.00208812
('out:    ', '[0.474 ]')
('correct:', '[0     ]')
error:  0.11251504
('out:    ', '[0.837 ]')
('correct:', '[1     ]')
error:  0.01327856
('out:    ', '[0.687 ]')
('correct:', '[1     ]')
error:  0.04892043
('out:    ', '[0.803 ]')
('correct:', '[1     ]')
error:  0.01938885
('out:    ', '[0.81  ]')
('correct:', '[1     ]')
error:  0.01798787
('out:    ', '[0.618 ]')
('correct:', '[0     ]')
error:  0.19110749
('out:    ', '[0.679 ]')
('correct:', '[0     ]')
error:  0.23057559
('out:    ', '[0.9   ]')
('correct:', '[0     ]')
error:  0.40543086
('out:    ', '[0.266 ]')
('correct:', '[1     ]')
error:  0.26958298
('out:    ', '[0.834 ]')
('correct:', '[0     ]')
error:  0.34786707
('out:    ', '[0.976 ]')
('correct:', '[0     ]')
error:  0.47660128
('out:    ', '[0.787 ]')
('correct:', '[1     ]')
error:  0.02269667
('out:    ', '[0.675 ]')
('correct:', '[1     ]')
error:  0.05288805
('out:    ', '[0.539 ]')
('correct:', '[0     ]')
error:  0.14506537
('out:    ', '[0.651 ]')
('correct:', '[1     ]')
error:  0.06089030
('out:    ', '[0.953 ]')
('correct:', '[1     ]')
error:  0.00108402
('out:    ', '[0.47  ]')
('correct:', '[0     ]')
error:  0.11021563
('out:    ', '[0.869 ]')
('correct:', '[0     ]')
error:  0.37791251
('out:    ', '[0.638 ]')
('correct:', '[0     ]')
error:  0.20335554
('out:    ', '[0.345 ]')
('correct:', '[0     ]')
error:  0.05961807
('out:    ', '[0.848 ]')
('correct:', '[0     ]')
error:  0.35950350
('out:    ', '[0.864 ]')
('correct:', '[0     ]')
error:  0.37348221
('out:    ', '[0.66  ]')
('correct:', '[0     ]')
error:  0.21798615
('out:    ', '[0.626 ]')
('correct:', '[1     ]')
error:  0.07010967
('out:    ', '[0.531 ]')
('correct:', '[1     ]')
error:  0.10985536
('out:    ', '[0.567 ]')
('correct:', '[1     ]')
error:  0.09371997
('out:    ', '[0.617 ]')
('correct:', '[0     ]')
error:  0.19042953
('out:    ', '[0.992 ]')
('correct:', '[1     ]')
error:  0.00003457
('out:    ', '[0.74  ]')
('correct:', '[0     ]')
error:  0.27375188
('out:    ', '[0.627 ]')
('correct:', '[0     ]')
error:  0.19666185
('out:    ', '[0.985 ]')
('correct:', '[1     ]')
error:  0.00011350
('out:    ', '[0.94  ]')
('correct:', '[1     ]')
error:  0.00178523
('out:    ', '[0.784 ]')
('correct:', '[0     ]')
error:  0.30755612
('out:    ', '[0.938 ]')
('correct:', '[1     ]')
error:  0.00189706
('out:    ', '[0.722 ]')
('correct:', '[0     ]')
error:  0.26033900
('out:    ', '[0.787 ]')
('correct:', '[0     ]')
error:  0.30994690
('out:    ', '[0.772 ]')
('correct:', '[1     ]')
error:  0.02587830
('out:    ', '[0.786 ]')
('correct:', '[1     ]')
error:  0.02298576
('out:    ', '[0.736 ]')
('correct:', '[1     ]')
error:  0.03479455
('out:    ', '[0.782 ]')
('correct:', '[1     ]')
error:  0.02371198
('out:    ', '[0.989 ]')
('correct:', '[1     ]')
error:  0.00005713
('out:    ', '[0.626 ]')
('correct:', '[0     ]')
error:  0.19614106
('out:    ', '[0.912 ]')
('correct:', '[0     ]')
error:  0.41626509
('out:    ', '[0.919 ]')
('correct:', '[1     ]')
error:  0.00328266
('out:    ', '[0.835 ]')
('correct:', '[1     ]')
error:  0.01355281
('out:    ', '[0.672 ]')
('correct:', '[1     ]')
error:  0.05366724
('out:    ', '[0.6   ]')
('correct:', '[1     ]')
error:  0.08001520
('out:    ', '[0.907 ]')
('correct:', '[1     ]')
error:  0.00432732
('out:    ', '[0.164 ]')
('correct:', '[0     ]')
error:  0.01341502
('out:    ', '[0.996 ]')
('correct:', '[1     ]')
error:  0.00001012
('out:    ', '[0.662 ]')
('correct:', '[0     ]')
error:  0.21925904
('out:    ', '[0.561 ]')
('correct:', '[0     ]')
error:  0.15744254
('out:    ', '[0.768 ]')
('correct:', '[1     ]')
error:  0.02685410
('out:    ', '[0.946 ]')
('correct:', '[1     ]')
error:  0.00145307
('out:    ', '[0.799 ]')
('correct:', '[1     ]')
error:  0.02024248
('out:    ', '[0.846 ]')
('correct:', '[1     ]')
error:  0.01181199
('out:    ', '[0.881 ]')
('correct:', '[0     ]')
error:  0.38804790
('out:    ', '[0.925 ]')
('correct:', '[1     ]')
error:  0.00281772
('out:    ', '[0.793 ]')
('correct:', '[1     ]')
error:  0.02143385
('out:    ', '[0.619 ]')
('correct:', '[1     ]')
error:  0.07254438
('out:    ', '[0.626 ]')
('correct:', '[1     ]')
error:  0.06995069
('out:    ', '[0.829 ]')
('correct:', '[1     ]')
error:  0.01456038
('out:    ', '[0.749 ]')
('correct:', '[1     ]')
error:  0.03141228
('out:    ', '[0.982 ]')
('correct:', '[0     ]')
error:  0.48180769
('out:    ', '[0.659 ]')
('correct:', '[1     ]')
error:  0.05815529
('out:    ', '[0.703 ]')
('correct:', '[1     ]')
error:  0.04414435
('out:    ', '[0.553 ]')
('correct:', '[0     ]')
error:  0.15313030
('out:    ', '[0.91  ]')
('correct:', '[1     ]')
error:  0.00406385
('out:    ', '[0.947 ]')
('correct:', '[1     ]')
error:  0.00138289
('out:    ', '[0.856 ]')
('correct:', '[1     ]')
error:  0.01034810
('out:    ', '[0.67  ]')
('correct:', '[0     ]')
error:  0.22434672
('out:    ', '[0.891 ]')
('correct:', '[1     ]')
error:  0.00599009
('out:    ', '[0.966 ]')
('correct:', '[1     ]')
error:  0.00058632
('out:    ', '[0.908 ]')
('correct:', '[0     ]')
error:  0.41195706
('out:    ', '[0.839 ]')
('correct:', '[0     ]')
error:  0.35213095
('out:    ', '[0.723 ]')
('correct:', '[1     ]')
error:  0.03843766
('out:    ', '[0.918 ]')
('correct:', '[1     ]')
error:  0.00334091
('out:    ', '[0.873 ]')
('correct:', '[1     ]')
error:  0.00807356
('out:    ', '[0.845 ]')
('correct:', '[0     ]')
error:  0.35682181
('out:    ', '[0.808 ]')
('correct:', '[1     ]')
error:  0.01834222
('out:    ', '[0.655 ]')
('correct:', '[1     ]')
error:  0.05949576
('out:    ', '[0.931 ]')
('correct:', '[1     ]')
error:  0.00239541
('out:    ', '[0.663 ]')
('correct:', '[0     ]')
error:  0.21977964
('out:    ', '[0.897 ]')
('correct:', '[0     ]')
error:  0.40248810
('out:    ', '[0.471 ]')
('correct:', '[0     ]')
error:  0.11093184
('out:    ', '[0.944 ]')
('correct:', '[1     ]')
error:  0.00154160
('out:    ', '[0.632 ]')
('correct:', '[1     ]')
error:  0.06759745
('out:    ', '[0.391 ]')
('correct:', '[1     ]')
error:  0.18514544
('out:    ', '[0.94  ]')
('correct:', '[1     ]')
error:  0.00182665
('out:    ', '[0.712 ]')
('correct:', '[0     ]')
error:  0.25336704
('out:    ', '[0.701 ]')
('correct:', '[1     ]')
error:  0.04461134
('out:    ', '[0.605 ]')
('correct:', '[1     ]')
error:  0.07783314
('out:    ', '[0.716 ]')
('correct:', '[0     ]')
error:  0.25625134
('out:    ', '[0.717 ]')
('correct:', '[1     ]')
error:  0.03993997
('out:    ', '[0.765 ]')
('correct:', '[1     ]')
error:  0.02760909
('out:    ', '[0.886 ]')
('correct:', '[1     ]')
error:  0.00647099
('out:    ', '[0.367 ]')
('correct:', '[0     ]')
error:  0.06735566
('out:    ', '[0.765 ]')
('correct:', '[1     ]')
error:  0.02764173
('out:    ', '[0.893 ]')
('correct:', '[1     ]')
error:  0.00571381
('out:    ', '[0.869 ]')
('correct:', '[1     ]')
error:  0.00863472
('out:    ', '[0.264 ]')
('correct:', '[0     ]')
error:  0.03472594
('out:    ', '[0.912 ]')
('correct:', '[0     ]')
error:  0.41595015
('out:    ', '[0.841 ]')
('correct:', '[1     ]')
error:  0.01260450
('out:    ', '[0.788 ]')
('correct:', '[0     ]')
error:  0.31070065
('out:    ', '[0.728 ]')
('correct:', '[1     ]')
error:  0.03707932
('out:    ', '[0.721 ]')
('correct:', '[1     ]')
error:  0.03890860
('out:    ', '[0.621 ]')
('correct:', '[0     ]')
error:  0.19284661
('out:    ', '[0.386 ]')
('correct:', '[0     ]')
error:  0.07438773
('out:    ', '[0.933 ]')
('correct:', '[0     ]')
error:  0.43521773
('out:    ', '[0.72  ]')
('correct:', '[0     ]')
error:  0.25893860
('out:    ', '[0.941 ]')
('correct:', '[1     ]')
error:  0.00173084
('out:    ', '[0.686 ]')
('correct:', '[1     ]')
error:  0.04938272
('out:    ', '[0.867 ]')
('correct:', '[1     ]')
error:  0.00886796
('out:    ', '[0.493 ]')
('correct:', '[1     ]')
error:  0.12862697
('out:    ', '[0.798 ]')
('correct:', '[1     ]')
error:  0.02048462
('out:    ', '[0.808 ]')
('correct:', '[0     ]')
error:  0.32626456
('out:    ', '[0.823 ]')
('correct:', '[1     ]')
error:  0.01572928
('out:    ', '[0.825 ]')
('correct:', '[1     ]')
error:  0.01533250
('out:    ', '[0.603 ]')
('correct:', '[1     ]')
error:  0.07883497
('out:    ', '[0.553 ]')
('correct:', '[1     ]')
error:  0.09984181
('out:    ', '[0.22  ]')
('correct:', '[0     ]')
error:  0.02430772
('out:    ', '[0.92  ]')
('correct:', '[0     ]')
error:  0.42292242
('out:    ', '[0.855 ]')
('correct:', '[1     ]')
error:  0.01058504
('out:    ', '[0.803 ]')
('correct:', '[1     ]')
error:  0.01946457
('out:    ', '[0.737 ]')
('correct:', '[0     ]')
error:  0.27186009
('out:    ', '[0.98  ]')
('correct:', '[1     ]')
error:  0.00019194
('out:    ', '[0.61  ]')
('correct:', '[0     ]')
error:  0.18577331
('out:    ', '[0.772 ]')
('correct:', '[0     ]')
error:  0.29762006
('out:    ', '[0.9   ]')
('correct:', '[1     ]')
error:  0.00496033
('out:    ', '[0.961 ]')
('correct:', '[0     ]')
error:  0.46156500
('out:    ', '[0.672 ]')
('correct:', '[1     ]')
error:  0.05375101
('out:    ', '[0.721 ]')
('correct:', '[0     ]')
error:  0.25993368
('out:    ', '[0.983 ]')
('correct:', '[1     ]')
error:  0.00014655
('out:    ', '[0.781 ]')
('correct:', '[1     ]')
error:  0.02398579
('out:    ', '[0.632 ]')
('correct:', '[0     ]')
error:  0.20000579
('out:    ', '[0.577 ]')
('correct:', '[0     ]')
error:  0.16633065
('out:    ', '[0.316 ]')
('correct:', '[1     ]')
error:  0.23376984
('out:    ', '[0.631 ]')
('correct:', '[0     ]')
error:  0.19891785
('out:    ', '[0.992 ]')
('correct:', '[1     ]')
error:  0.00003489
('out:    ', '[0.899 ]')
('correct:', '[1     ]')
error:  0.00506721
('out:    ', '[0.684 ]')
('correct:', '[0     ]')
error:  0.23397785
('out:    ', '[0.885 ]')
('correct:', '[1     ]')
error:  0.00659550
('out:    ', '[0.882 ]')
('correct:', '[0     ]')
error:  0.38923480
('out:    ', '[0.6   ]')
('correct:', '[1     ]')
error:  0.07994256
('out:    ', '[0.786 ]')
('correct:', '[1     ]')
error:  0.02298033
('out:    ', '[0.59  ]')
('correct:', '[0     ]')
error:  0.17421028
('out:    ', '[0.953 ]')
('correct:', '[1     ]')
error:  0.00112527
('out:    ', '[0.563 ]')
('correct:', '[1     ]')
error:  0.09561202
('out:    ', '[0.689 ]')
('correct:', '[0     ]')
error:  0.23707229
('out:    ', '[0.948 ]')
('correct:', '[1     ]')
error:  0.00137082
('out:    ', '[0.921 ]')
('correct:', '[0     ]')
error:  0.42387936
('out:    ', '[0.77  ]')
('correct:', '[0     ]')
error:  0.29657662
('out:    ', '[0.697 ]')
('correct:', '[1     ]')
error:  0.04602380
('out:    ', '[0.693 ]')
('correct:', '[1     ]')
error:  0.04697511
('out:    ', '[0.726 ]')
('correct:', '[1     ]')
error:  0.03745963
('out:    ', '[0.815 ]')
('correct:', '[1     ]')
error:  0.01705443
('out:    ', '[0.968 ]')
('correct:', '[1     ]')
error:  0.00052270
('out:    ', '[0.946 ]')
('correct:', '[1     ]')
error:  0.00148466
('out:    ', '[0.694 ]')
('correct:', '[1     ]')
error:  0.04673752
('out:    ', '[0.779 ]')
('correct:', '[0     ]')
error:  0.30312329
('out:    ', '[0.629 ]')
('correct:', '[1     ]')
error:  0.06872695
('out:    ', '[0.167 ]')
('correct:', '[0     ]')
error:  0.01390411
('out:    ', '[0.657 ]')
('correct:', '[0     ]')
error:  0.21595395
('out:    ', '[0.676 ]')
('correct:', '[0     ]')
error:  0.22868679
('out:    ', '[0.771 ]')
('correct:', '[1     ]')
error:  0.02626705
('out:    ', '[0.624 ]')
('correct:', '[1     ]')
error:  0.07063717
('out:    ', '[0.869 ]')
('correct:', '[1     ]')
error:  0.00851916
('out:    ', '[0.77  ]')
('correct:', '[1     ]')
error:  0.02638868
('out:    ', '[0.961 ]')
('correct:', '[1     ]')
error:  0.00075226
('out:    ', '[0.558 ]')
('correct:', '[1     ]')
error:  0.09771495
('out:    ', '[0.711 ]')
('correct:', '[0     ]')
error:  0.25284433
('out:    ', '[0.915 ]')
('correct:', '[1     ]')
error:  0.00358884
('out:    ', '[0.59  ]')
('correct:', '[1     ]')
error:  0.08410975
('out:    ', '[0.983 ]')
('correct:', '[1     ]')
error:  0.00014234
('out:    ', '[0.768 ]')
('correct:', '[1     ]')
error:  0.02698639
('out:    ', '[0.847 ]')
('correct:', '[1     ]')
error:  0.01171508
('out:    ', '[0.9   ]')
('correct:', '[1     ]')
error:  0.00501168
('out:    ', '[0.678 ]')
('correct:', '[0     ]')
error:  0.22961818
('out:    ', '[0.799 ]')
('correct:', '[1     ]')
error:  0.02019381
('out:    ', '[0.956 ]')
('correct:', '[1     ]')
error:  0.00096119
('out:    ', '[0.77  ]')
('correct:', '[1     ]')
error:  0.02655931
('out:    ', '[0.466 ]')
('correct:', '[0     ]')
error:  0.10855225
('out:    ', '[0.355 ]')
('correct:', '[0     ]')
error:  0.06303665
('out:    ', '[0.62  ]')
('correct:', '[0     ]')
error:  0.19204056
('out:    ', '[0.732 ]')
('correct:', '[0     ]')
error:  0.26802007
('out:    ', '[0.469 ]')
('correct:', '[0     ]')
error:  0.11000257
('out:    ', '[0.634 ]')
('correct:', '[1     ]')
error:  0.06703863
('out:    ', '[0.663 ]')
('correct:', '[1     ]')
error:  0.05673351
('out:    ', '[0.656 ]')
('correct:', '[1     ]')
error:  0.05909177
('out:    ', '[0.783 ]')
('correct:', '[0     ]')
error:  0.30685042
('out:    ', '[0.914 ]')
('correct:', '[1     ]')
error:  0.00366156
('out:    ', '[0.868 ]')
('correct:', '[1     ]')
error:  0.00867191
('out:    ', '[0.249 ]')
('correct:', '[0     ]')
error:  0.03091644
('out:    ', '[0.538 ]')
('correct:', '[0     ]')
error:  0.14478667
('out:    ', '[0.267 ]')
('correct:', '[0     ]')
error:  0.03551370
('out:    ', '[0.798 ]')
('correct:', '[1     ]')
error:  0.02032105
('out:    ', '[0.845 ]')
('correct:', '[1     ]')
error:  0.01202008
('out:    ', '[0.9   ]')
('correct:', '[1     ]')
error:  0.00501695
('out:    ', '[0.683 ]')
('correct:', '[1     ]')
error:  0.05029806
('out:    ', '[0.739 ]')
('correct:', '[1     ]')
error:  0.03418433
('out:    ', '[0.898 ]')
('correct:', '[1     ]')
error:  0.00517615
('out:    ', '[0.587 ]')
('correct:', '[1     ]')
error:  0.08548815
('out:    ', '[0.835 ]')
('correct:', '[1     ]')
error:  0.01353271
('out:    ', '[0.937 ]')
('correct:', '[1     ]')
error:  0.00199456
('out:    ', '[0.911 ]')
('correct:', '[1     ]')
error:  0.00394375
('out:    ', '[0.79  ]')
('correct:', '[0     ]')
error:  0.31198181
('out:    ', '[0.899 ]')
('correct:', '[1     ]')
error:  0.00510628
('out:    ', '[0.997 ]')
('correct:', '[1     ]')
error:  0.00000591
('out:    ', '[0.919 ]')
('correct:', '[1     ]')
error:  0.00328242
('out:    ', '[0.727 ]')
('correct:', '[1     ]')
error:  0.03726381
('out:    ', '[0.87  ]')
('correct:', '[0     ]')
error:  0.37884178
('out:    ', '[0.954 ]')
('correct:', '[1     ]')
error:  0.00106652
('out:    ', '[0.936 ]')
('correct:', '[1     ]')
error:  0.00202222
('out:    ', '[0.819 ]')
('correct:', '[1     ]')
error:  0.01631109
('out:    ', '[0.633 ]')
('correct:', '[1     ]')
error:  0.06730515
('out:    ', '[0.858 ]')
('correct:', '[1     ]')
error:  0.01005334
('out:    ', '[0.291 ]')
('correct:', '[0     ]')
error:  0.04223907
('out:    ', '[0.778 ]')
('correct:', '[1     ]')
error:  0.02458365
('out:    ', '[0.294 ]')
('correct:', '[0     ]')
error:  0.04320390
('out:    ', '[0.18  ]')
('correct:', '[0     ]')
error:  0.01628830
('out:    ', '[0.699 ]')
('correct:', '[0     ]')
error:  0.24447602
('out:    ', '[0.911 ]')
('correct:', '[1     ]')
error:  0.00394561
('out:    ', '[0.797 ]')
('correct:', '[0     ]')
error:  0.31745579
('out:    ', '[0.899 ]')
('correct:', '[1     ]')
error:  0.00508931
('out:    ', '[0.693 ]')
('correct:', '[1     ]')
error:  0.04717618
('out:    ', '[0.767 ]')
('correct:', '[0     ]')
error:  0.29389088
('out:    ', '[0.518 ]')
('correct:', '[0     ]')
error:  0.13439256
('out:    ', '[0.758 ]')
('correct:', '[1     ]')
error:  0.02924381
('out:    ', '[0.898 ]')
('correct:', '[1     ]')
error:  0.00523590
('out:    ', '[0.669 ]')
('correct:', '[0     ]')
error:  0.22352681
('out:    ', '[0.539 ]')
('correct:', '[0     ]')
error:  0.14525298
('out:    ', '[0.985 ]')
('correct:', '[1     ]')
error:  0.00011484
('out:    ', '[0.802 ]')
('correct:', '[1     ]')
error:  0.01968194
('out:    ', '[0.775 ]')
('correct:', '[0     ]')
error:  0.30064697
('out:    ', '[0.942 ]')
('correct:', '[1     ]')
error:  0.00169569
('out:    ', '[0.88  ]')
('correct:', '[1     ]')
error:  0.00719916
('out:    ', '[0.189 ]')
('correct:', '[0     ]')
error:  0.01782314
('out:    ', '[0.219 ]')
('correct:', '[0     ]')
error:  0.02389239
('out:    ', '[0.729 ]')
('correct:', '[1     ]')
error:  0.03673307
('out:    ', '[0.783 ]')
('correct:', '[1     ]')
error:  0.02362466
('out:    ', '[0.81  ]')
('correct:', '[0     ]')
error:  0.32781202
('out:    ', '[0.732 ]')
('correct:', '[1     ]')
error:  0.03595125
('out:    ', '[0.951 ]')
('correct:', '[1     ]')
error:  0.00122028
('out:    ', '[0.688 ]')
('correct:', '[0     ]')
error:  0.23638453
('out:    ', '[0.68  ]')
('correct:', '[1     ]')
error:  0.05123123
('out:    ', '[0.575 ]')
('correct:', '[0     ]')
error:  0.16533610
('out:    ', '[0.717 ]')
('correct:', '[1     ]')
error:  0.04016225
('out:    ', '[0.493 ]')
('correct:', '[0     ]')
error:  0.12149289
('out:    ', '[0.65  ]')
('correct:', '[1     ]')
error:  0.06111767
('out:    ', '[0.971 ]')
('correct:', '[1     ]')
error:  0.00042623
('out:    ', '[0.952 ]')
('correct:', '[1     ]')
error:  0.00115351
('out:    ', '[0.729 ]')
('correct:', '[1     ]')
error:  0.03669688
('out:    ', '[0.83  ]')
('correct:', '[1     ]')
error:  0.01446474
('out:    ', '[0.925 ]')
('correct:', '[1     ]')
error:  0.00278282
('out:    ', '[0.854 ]')
('correct:', '[1     ]')
error:  0.01067911
('out:    ', '[0.6   ]')
('correct:', '[0     ]')
error:  0.18000849
('out:    ', '[0.302 ]')
('correct:', '[0     ]')
error:  0.04554894
('out:    ', '[0.829 ]')
('correct:', '[1     ]')
error:  0.01458653
('out:    ', '[0.781 ]')
('correct:', '[1     ]')
error:  0.02393784
('out:    ', '[0.576 ]')
('correct:', '[0     ]')
error:  0.16578189
('out:    ', '[0.917 ]')
('correct:', '[1     ]')
error:  0.00343196
('out:    ', '[0.274 ]')
('correct:', '[0     ]')
error:  0.03764030
('out:    ', '[0.63  ]')
('correct:', '[1     ]')
error:  0.06837939
('out:    ', '[0.995 ]')
('correct:', '[1     ]')
error:  0.00001243
('out:    ', '[0.882 ]')
('correct:', '[1     ]')
error:  0.00701132
('out:    ', '[0.756 ]')
('correct:', '[1     ]')
error:  0.02974675
('out:    ', '[0.248 ]')
('correct:', '[0     ]')
error:  0.03077275
('out:    ', '[0.602 ]')
('correct:', '[0     ]')
error:  0.18116624
('out:    ', '[0.646 ]')
('correct:', '[1     ]')
error:  0.06267213
('out:    ', '[0.614 ]')
('correct:', '[1     ]')
error:  0.07441890
('out:    ', '[0.611 ]')
('correct:', '[1     ]')
error:  0.07552682
('out:    ', '[0.721 ]')
('correct:', '[0     ]')
error:  0.26023983
('out:    ', '[0.897 ]')
('correct:', '[1     ]')
error:  0.00534678
('out:    ', '[0.639 ]')
('correct:', '[1     ]')
error:  0.06523235
('out:    ', '[0.824 ]')
('correct:', '[1     ]')
error:  0.01542441
('out:    ', '[0.226 ]')
('correct:', '[0     ]')
error:  0.02553605
('out:    ', '[0.653 ]')
('correct:', '[0     ]')
error:  0.21316145
('out:    ', '[0.729 ]')
('correct:', '[1     ]')
error:  0.03661156
('out:    ', '[0.984 ]')
('correct:', '[1     ]')
error:  0.00012668
('out:    ', '[0.75  ]')
('correct:', '[1     ]')
error:  0.03131215
('out:    ', '[0.28  ]')
('correct:', '[0     ]')
error:  0.03906882
('out:    ', '[0.924 ]')
('correct:', '[1     ]')
error:  0.00286545
('out:    ', '[0.676 ]')
('correct:', '[1     ]')
error:  0.05236096
('out:    ', '[0.534 ]')
('correct:', '[1     ]')
error:  0.10840344
('out:    ', '[0.876 ]')
('correct:', '[0     ]')
error:  0.38407097
('out:    ', '[0.798 ]')
('correct:', '[0     ]')
error:  0.31842521
('out:    ', '[0.791 ]')
('correct:', '[0     ]')
error:  0.31271693
('out:    ', '[0.852 ]')
('correct:', '[1     ]')
error:  0.01091412
('out:    ', '[0.864 ]')
('correct:', '[1     ]')
error:  0.00921899
('out:    ', '[0.877 ]')
('correct:', '[1     ]')
error:  0.00753296
('out:    ', '[0.928 ]')
('correct:', '[1     ]')
error:  0.00256956
('out:    ', '[0.894 ]')
('correct:', '[1     ]')
error:  0.00562577
('out:    ', '[0.904 ]')
('correct:', '[1     ]')
error:  0.00463602
('out:    ', '[0.589 ]')
('correct:', '[1     ]')
error:  0.08436094
('out:    ', '[0.954 ]')
('correct:', '[1     ]')
error:  0.00107389
('out:    ', '[0.679 ]')
('correct:', '[1     ]')
error:  0.05160086
('out:    ', '[0.956 ]')
('correct:', '[1     ]')
error:  0.00098827
('out:    ', '[0.668 ]')
('correct:', '[0     ]')
error:  0.22303709
('out:    ', '[0.389 ]')
('correct:', '[0     ]')
error:  0.07559201
('out:    ', '[0.709 ]')
('correct:', '[0     ]')
error:  0.25143206
('out:    ', '[0.257 ]')
('correct:', '[1     ]')
error:  0.27597854
('out:    ', '[0.799 ]')
('correct:', '[0     ]')
error:  0.31903220
('out:    ', '[0.92  ]')
('correct:', '[1     ]')
error:  0.00322417
('out:    ', '[0.724 ]')
('correct:', '[0     ]')
error:  0.26215847
('out:    ', '[0.405 ]')
('correct:', '[0     ]')
error:  0.08218269
('out:    ', '[0.729 ]')
('correct:', '[0     ]')
error:  0.26578074
('out:    ', '[0.465 ]')
('correct:', '[1     ]')
error:  0.14331113
('out:    ', '[0.953 ]')
('correct:', '[1     ]')
error:  0.00112807
('out:    ', '[0.68  ]')
('correct:', '[0     ]')
error:  0.23147555
('out:    ', '[0.895 ]')
('correct:', '[1     ]')
error:  0.00547155
('out:    ', '[0.744 ]')
('correct:', '[1     ]')
error:  0.03268155
('out:    ', '[0.822 ]')
('correct:', '[1     ]')
error:  0.01586592
('out:    ', '[0.653 ]')
('correct:', '[1     ]')
error:  0.06037156
('out:    ', '[0.902 ]')
('correct:', '[1     ]')
error:  0.00475767
('out:    ', '[0.552 ]')
('correct:', '[0     ]')
error:  0.15260192
('out:    ', '[0.916 ]')
('correct:', '[0     ]')
error:  0.41928811
('out:    ', '[0.883 ]')
('correct:', '[1     ]')
error:  0.00679365
('out:    ', '[0.698 ]')
('correct:', '[1     ]')
error:  0.04575136
('out:    ', '[0.944 ]')
('correct:', '[1     ]')
error:  0.00159026
('out:    ', '[0.852 ]')
('correct:', '[1     ]')
error:  0.01098137
('out:    ', '[0.852 ]')
('correct:', '[0     ]')
error:  0.36289567
('out:    ', '[0.491 ]')
('correct:', '[0     ]')
error:  0.12067747
('out:    ', '[0.515 ]')
('correct:', '[1     ]')
error:  0.11754009
('out:    ', '[0.707 ]')
('correct:', '[1     ]')
error:  0.04291115
('out:    ', '[0.879 ]')
('correct:', '[1     ]')
error:  0.00730937
('out:    ', '[0.777 ]')
('correct:', '[1     ]')
error:  0.02484781
('out:    ', '[0.617 ]')
('correct:', '[1     ]')
error:  0.07337817
('out:    ', '[0.921 ]')
('correct:', '[1     ]')
error:  0.00314260
('out:    ', '[0.658 ]')
('correct:', '[0     ]')
error:  0.21618664
('out:    ', '[0.801 ]')
('correct:', '[0     ]')
error:  0.32041909
('out:    ', '[0.599 ]')
('correct:', '[0     ]')
error:  0.17947220
('out:    ', '[0.538 ]')
('correct:', '[0     ]')
error:  0.14494511
('out:    ', '[0.57  ]')
('correct:', '[1     ]')
error:  0.09252767
('out:    ', '[0.587 ]')
('correct:', '[0     ]')
error:  0.17225208
('out:    ', '[0.496 ]')
('correct:', '[1     ]')
error:  0.12723497
('out:    ', '[0.789 ]')
('correct:', '[1     ]')
error:  0.02234990
('out:    ', '[0.946 ]')
('correct:', '[1     ]')
error:  0.00146790
('out:    ', '[0.653 ]')
('correct:', '[0     ]')
error:  0.21293942
('out:    ', '[0.908 ]')
('correct:', '[1     ]')
error:  0.00424244
('out:    ', '[0.5   ]')
('correct:', '[1     ]')
error:  0.12499235
('out:    ', '[0.928 ]')
('correct:', '[0     ]')
error:  0.43028033
('out:    ', '[0.728 ]')
('correct:', '[1     ]')
error:  0.03700862
('out:    ', '[0.881 ]')
('correct:', '[0     ]')
error:  0.38791844
('out:    ', '[0.518 ]')
('correct:', '[0     ]')
error:  0.13406898
('out:    ', '[0.838 ]')
('correct:', '[1     ]')
error:  0.01313275
('out:    ', '[0.839 ]')
('correct:', '[0     ]')
error:  0.35162195
('out:    ', '[0.648 ]')
('correct:', '[0     ]')
error:  0.20989199
('out:    ', '[0.634 ]')
('correct:', '[1     ]')
error:  0.06692930
('out:    ', '[0.687 ]')
('correct:', '[0     ]')
error:  0.23624857
('out:    ', '[0.43  ]')
('correct:', '[0     ]')
error:  0.09265641
('out:    ', '[0.799 ]')
('correct:', '[1     ]')
error:  0.02014292
('out:    ', '[0.808 ]')
('correct:', '[1     ]')
error:  0.01847910
('out:    ', '[0.713 ]')
('correct:', '[1     ]')
error:  0.04115591
('out:    ', '[0.613 ]')
('correct:', '[0     ]')
error:  0.18804913
('out:    ', '[0.802 ]')
('correct:', '[1     ]')
error:  0.01970065
('out:    ', '[0.899 ]')
('correct:', '[1     ]')
error:  0.00506583
('out:    ', '[0.955 ]')
('correct:', '[1     ]')
error:  0.00102160
('out:    ', '[0.668 ]')
('correct:', '[1     ]')
error:  0.05519112
('out:    ', '[0.667 ]')
('correct:', '[1     ]')
error:  0.05538361
('out:    ', '[0.939 ]')
('correct:', '[1     ]')
error:  0.00185676
('out:    ', '[0.596 ]')
('correct:', '[0     ]')
error:  0.17757135
('out:    ', '[0.78  ]')
('correct:', '[1     ]')
error:  0.02419971
('out:    ', '[0.76  ]')
('correct:', '[0     ]')
error:  0.28862963
('out:    ', '[0.443 ]')
('correct:', '[0     ]')
error:  0.09816128
('out:    ', '[0.886 ]')
('correct:', '[1     ]')
error:  0.00653209
('out:    ', '[0.794 ]')
('correct:', '[1     ]')
error:  0.02123467
('out:    ', '[0.681 ]')
('correct:', '[1     ]')
error:  0.05092707
('out:    ', '[0.76  ]')
('correct:', '[1     ]')
error:  0.02880906
('out:    ', '[0.863 ]')
('correct:', '[0     ]')
error:  0.37257407
('out:    ', '[0.972 ]')
('correct:', '[1     ]')
error:  0.00039915
('out:    ', '[0.767 ]')
('correct:', '[1     ]')
error:  0.02704995
('out:    ', '[0.838 ]')
('correct:', '[1     ]')
error:  0.01310460
('out:    ', '[0.713 ]')
('correct:', '[1     ]')
error:  0.04126066
('out:    ', '[0.867 ]')
('correct:', '[1     ]')
error:  0.00879662
('out:    ', '[0.945 ]')
('correct:', '[1     ]')
error:  0.00153851
('out:    ', '[0.784 ]')
('correct:', '[1     ]')
error:  0.02341000
('out:    ', '[0.907 ]')
('correct:', '[1     ]')
error:  0.00435645
('out:    ', '[0.843 ]')
('correct:', '[1     ]')
error:  0.01226371
('out:    ', '[0.668 ]')
('correct:', '[0     ]')
error:  0.22284770
('out:    ', '[0.719 ]')
('correct:', '[0     ]')
error:  0.25873530
('out:    ', '[0.854 ]')
('correct:', '[0     ]')
error:  0.36431320
('out:    ', '[0.896 ]')
('correct:', '[1     ]')
error:  0.00542519
('out:    ', '[0.979 ]')
('correct:', '[0     ]')
error:  0.47912037
('out:    ', '[0.91  ]')
('correct:', '[0     ]')
error:  0.41406770
('out:    ', '[0.837 ]')
('correct:', '[1     ]')
error:  0.01334597
('out:    ', '[0.948 ]')
('correct:', '[1     ]')
error:  0.00135031
('out:    ', '[0.812 ]')
('correct:', '[1     ]')
error:  0.01760799
('out:    ', '[0.354 ]')
('correct:', '[0     ]')
error:  0.06256719
('out:    ', '[0.807 ]')
('correct:', '[1     ]')
error:  0.01861907
('out:    ', '[0.806 ]')
('correct:', '[1     ]')
error:  0.01882176
('out:    ', '[0.615 ]')
('correct:', '[0     ]')
error:  0.18888239
('out:    ', '[0.799 ]')
('correct:', '[1     ]')
error:  0.02012965
('out:    ', '[0.794 ]')
('correct:', '[1     ]')
error:  0.02127693
('out:    ', '[0.448 ]')
('correct:', '[0     ]')
error:  0.10045912
('out:    ', '[0.73  ]')
('correct:', '[1     ]')
error:  0.03633273
('out:    ', '[0.822 ]')
('correct:', '[0     ]')
error:  0.33753079
('out:    ', '[0.969 ]')
('correct:', '[1     ]')
error:  0.00046701
('out:    ', '[0.712 ]')
('correct:', '[0     ]')
error:  0.25341221
('out:    ', '[0.925 ]')
('correct:', '[1     ]')
error:  0.00280633
('out:    ', '[0.868 ]')
('correct:', '[1     ]')
error:  0.00872771
('out:    ', '[0.672 ]')
('correct:', '[1     ]')
error:  0.05395591
('out:    ', '[0.905 ]')
('correct:', '[1     ]')
error:  0.00448868
('out:    ', '[0.633 ]')
('correct:', '[1     ]')
error:  0.06718244
('out:    ', '[0.726 ]')
('correct:', '[1     ]')
error:  0.03759198
('out:    ', '[0.728 ]')
('correct:', '[0     ]')
error:  0.26472571
('out:    ', '[0.575 ]')
('correct:', '[0     ]')
error:  0.16508261
('out:    ', '[0.901 ]')
('correct:', '[1     ]')
error:  0.00492213
('out:    ', '[0.285 ]')
('correct:', '[0     ]')
error:  0.04056151
('out:    ', '[0.822 ]')
('correct:', '[1     ]')
error:  0.01580541
('out:    ', '[0.992 ]')
('correct:', '[1     ]')
error:  0.00003602
('out:    ', '[0.972 ]')
('correct:', '[0     ]')
error:  0.47203041
('out:    ', '[0.236 ]')
('correct:', '[0     ]')
error:  0.02779813
('out:    ', '[0.722 ]')
('correct:', '[0     ]')
error:  0.26096383
('out:    ', '[0.78  ]')
('correct:', '[1     ]')
error:  0.02429906
('out:    ', '[0.84  ]')
('correct:', '[1     ]')
error:  0.01278777
('out:    ', '[0.941 ]')
('correct:', '[1     ]')
error:  0.00174141
('out:    ', '[0.778 ]')
('correct:', '[0     ]')
error:  0.30279929
('out:    ', '[0.67  ]')
('correct:', '[1     ]')
error:  0.05444277
('out:    ', '[0.508 ]')
('correct:', '[0     ]')
error:  0.12912467
('out:    ', '[0.668 ]')
('correct:', '[1     ]')
error:  0.05507504
('out:    ', '[0.599 ]')
('correct:', '[0     ]')
error:  0.17911798
('out:    ', '[0.787 ]')
('correct:', '[0     ]')
error:  0.30994960
('out:    ', '[0.778 ]')
('correct:', '[1     ]')
error:  0.02464542
('out:    ', '[0.755 ]')
('correct:', '[1     ]')
error:  0.03004541
('out:    ', '[0.773 ]')
('correct:', '[1     ]')
error:  0.02573224
('out:    ', '[0.852 ]')
('correct:', '[1     ]')
error:  0.01095637
('out:    ', '[0.705 ]')
('correct:', '[1     ]')
error:  0.04351543
('out:    ', '[0.83  ]')
('correct:', '[1     ]')
error:  0.01447136
('out:    ', '[0.842 ]')
('correct:', '[0     ]')
error:  0.35421327
('out:    ', '[0.942 ]')
('correct:', '[1     ]')
error:  0.00170476
('out:    ', '[0.994 ]')
('correct:', '[1     ]')
error:  0.00001723
('out:    ', '[0.325 ]')
('correct:', '[0     ]')
error:  0.05272799
('out:    ', '[0.885 ]')
('correct:', '[1     ]')
error:  0.00659782
('out:    ', '[0.945 ]')
('correct:', '[1     ]')
error:  0.00153903
('out:    ', '[0.696 ]')
('correct:', '[1     ]')
error:  0.04609536
('out:    ', '[0.449 ]')
('correct:', '[0     ]')
error:  0.10102238
('out:    ', '[0.806 ]')
('correct:', '[1     ]')
error:  0.01877207
('out:    ', '[0.783 ]')
('correct:', '[0     ]')
error:  0.30690775
('out:    ', '[0.842 ]')
('correct:', '[1     ]')
error:  0.01253895
('out:    ', '[0.995 ]')
('correct:', '[1     ]')
error:  0.00001163
('out:    ', '[0.807 ]')
('correct:', '[1     ]')
error:  0.01858172
('out:    ', '[0.653 ]')
('correct:', '[1     ]')
error:  0.06015179
('out:    ', '[0.514 ]')
('correct:', '[0     ]')
error:  0.13231825
('out:    ', '[0.902 ]')
('correct:', '[0     ]')
error:  0.40701610
('out:    ', '[0.677 ]')
('correct:', '[0     ]')
error:  0.22942191
('out:    ', '[0.903 ]')
('correct:', '[1     ]')
error:  0.00469271
('out:    ', '[0.619 ]')
('correct:', '[0     ]')
error:  0.19139538
('out:    ', '[0.959 ]')
('correct:', '[0     ]')
error:  0.46002084
('out:    ', '[0.864 ]')
('correct:', '[1     ]')
error:  0.00921830
('out:    ', '[0.915 ]')
('correct:', '[1     ]')
error:  0.00361082
('out:    ', '[0.924 ]')
('correct:', '[1     ]')
error:  0.00287795
('out:    ', '[0.851 ]')
('correct:', '[1     ]')
error:  0.01105685
('out:    ', '[0.899 ]')
('correct:', '[1     ]')
error:  0.00506618
('out:    ', '[0.675 ]')
('correct:', '[0     ]')
error:  0.22800488
('out:    ', '[0.709 ]')
('correct:', '[1     ]')
error:  0.04230613
('out:    ', '[0.777 ]')
('correct:', '[0     ]')
error:  0.30168366
('out:    ', '[0.454 ]')
('correct:', '[0     ]')
error:  0.10309169
('out:    ', '[0.69  ]')
('correct:', '[0     ]')
error:  0.23815892
('out:    ', '[0.726 ]')
('correct:', '[1     ]')
error:  0.03745796
('out:    ', '[0.358 ]')
('correct:', '[0     ]')
error:  0.06422890
('out:    ', '[0.904 ]')
('correct:', '[1     ]')
error:  0.00457583
('out:    ', '[0.429 ]')
('correct:', '[0     ]')
error:  0.09207876
('out:    ', '[0.648 ]')
('correct:', '[0     ]')
error:  0.20991810
('out:    ', '[0.83  ]')
('correct:', '[1     ]')
error:  0.01447874
('out:    ', '[0.605 ]')
('correct:', '[1     ]')
error:  0.07800668
('out:    ', '[0.553 ]')
('correct:', '[0     ]')
error:  0.15298741
('out:    ', '[0.501 ]')
('correct:', '[0     ]')
error:  0.12538563
('out:    ', '[0.559 ]')
('correct:', '[1     ]')
error:  0.09718934
('out:    ', '[0.597 ]')
('correct:', '[0     ]')
error:  0.17825326
('out:    ', '[0.767 ]')
('correct:', '[0     ]')
error:  0.29419160
('out:    ', '[0.818 ]')
('correct:', '[0     ]')
error:  0.33459654
('out:    ', '[0.818 ]')
('correct:', '[0     ]')
error:  0.33456867
('out:    ', '[0.663 ]')
('correct:', '[0     ]')
error:  0.21950410
('out:    ', '[0.632 ]')
('correct:', '[0     ]')
error:  0.19948982
('out:    ', '[0.382 ]')
('correct:', '[0     ]')
error:  0.07304380
('out:    ', '[0.585 ]')
('correct:', '[0     ]')
error:  0.17097808
('out:    ', '[0.93  ]')
('correct:', '[0     ]')
error:  0.43232548
('out:    ', '[0.92  ]')
('correct:', '[1     ]')
error:  0.00323891
('out:    ', '[0.842 ]')
('correct:', '[1     ]')
error:  0.01245212
('out:    ', '[0.579 ]')
('correct:', '[0     ]')
error:  0.16759428
('out:    ', '[0.783 ]')
('correct:', '[0     ]')
error:  0.30635182
('out:    ', '[0.815 ]')
('correct:', '[0     ]')
error:  0.33220261
('out:    ', '[0.921 ]')
('correct:', '[0     ]')
error:  0.42373859
('out:    ', '[0.923 ]')
('correct:', '[0     ]')
error:  0.42621152
('out:    ', '[0.598 ]')
('correct:', '[0     ]')
error:  0.17875412
('out:    ', '[0.684 ]')
('correct:', '[0     ]')
error:  0.23394774
('out:    ', '[0.144 ]')
('correct:', '[0     ]')
error:  0.01037780
('out:    ', '[0.45  ]')
('correct:', '[0     ]')
error:  0.10112091
('out:    ', '[0.405 ]')
('correct:', '[0     ]')
error:  0.08218853
('out:    ', '[0.658 ]')
('correct:', '[1     ]')
error:  0.05849689
('out:    ', '[0.793 ]')
('correct:', '[1     ]')
error:  0.02152123
('out:    ', '[0.415 ]')
('correct:', '[1     ]')
error:  0.17137814
('out:    ', '[0.648 ]')
('correct:', '[1     ]')
error:  0.06180201
('out:    ', '[0.884 ]')
('correct:', '[1     ]')
error:  0.00674225
('out:    ', '[0.712 ]')
('correct:', '[1     ]')
error:  0.04134052
('out:    ', '[0.92  ]')
('correct:', '[1     ]')
error:  0.00323084
('out:    ', '[0.282 ]')
('correct:', '[0     ]')
error:  0.03975514
('out:    ', '[0.513 ]')
('correct:', '[0     ]')
error:  0.13175184
('out:    ', '[0.884 ]')
('correct:', '[1     ]')
error:  0.00669791
('out:    ', '[0.568 ]')
('correct:', '[0     ]')
error:  0.16154483
('out:    ', '[0.577 ]')
('correct:', '[0     ]')
error:  0.16648762
('out:    ', '[0.795 ]')
('correct:', '[0     ]')
error:  0.31572947
('out:    ', '[0.757 ]')
('correct:', '[1     ]')
error:  0.02961800
('out:    ', '[0.823 ]')
('correct:', '[1     ]')
error:  0.01565772
('out:    ', '[0.9   ]')
('correct:', '[1     ]')
error:  0.00498118
('out:    ', '[0.972 ]')
('correct:', '[0     ]')
error:  0.47241852
('out:    ', '[0.757 ]')
('correct:', '[1     ]')
error:  0.02948436
('out:    ', '[0.8   ]')
('correct:', '[1     ]')
error:  0.02009747
('out:    ', '[0.85  ]')
('correct:', '[1     ]')
error:  0.01131190
('out:    ', '[0.799 ]')
('correct:', '[1     ]')
error:  0.02011421
('out:    ', '[0.576 ]')
('correct:', '[0     ]')
error:  0.16613603
('out:    ', '[0.348 ]')
('correct:', '[0     ]')
error:  0.06041759
('out:    ', '[0.729 ]')
('correct:', '[1     ]')
error:  0.03666128
('out:    ', '[0.807 ]')
('correct:', '[1     ]')
error:  0.01866043
('out:    ', '[0.696 ]')
('correct:', '[1     ]')
error:  0.04626529
('out:    ', '[0.385 ]')
('correct:', '[0     ]')
error:  0.07422767
('out:    ', '[0.615 ]')
('correct:', '[1     ]')
error:  0.07401695
('out:    ', '[0.672 ]')
('correct:', '[1     ]')
error:  0.05371178
('out:    ', '[0.877 ]')
('correct:', '[1     ]')
error:  0.00754635
('out:    ', '[0.724 ]')
('correct:', '[1     ]')
error:  0.03820661
('out:    ', '[0.831 ]')
('correct:', '[1     ]')
error:  0.01429549
('out:    ', '[0.658 ]')
('correct:', '[1     ]')
error:  0.05841410
('out:    ', '[0.72  ]')
('correct:', '[0     ]')
error:  0.25891110
('out:    ', '[0.749 ]')
('correct:', '[0     ]')
error:  0.28086045
('out:    ', '[0.707 ]')
('correct:', '[0     ]')
error:  0.24965372
('out:    ', '[0.634 ]')
('correct:', '[0     ]')
error:  0.20098825
('out:    ', '[0.636 ]')
('correct:', '[1     ]')
error:  0.06620390
('out:    ', '[0.852 ]')
('correct:', '[1     ]')
error:  0.01091082
('out:    ', '[0.626 ]')
('correct:', '[1     ]')
error:  0.06992859
('out:    ', '[0.636 ]')
('correct:', '[0     ]')
error:  0.20219014
('out:    ', '[0.978 ]')
('correct:', '[1     ]')
error:  0.00023221
('out:    ', '[0.699 ]')
('correct:', '[1     ]')
error:  0.04518213
('out:    ', '[0.92  ]')
('correct:', '[1     ]')
error:  0.00323118
('out:    ', '[0.6   ]')
('correct:', '[1     ]')
error:  0.07984271
('out:    ', '[0.631 ]')
('correct:', '[0     ]')
error:  0.19892937
('out:    ', '[0.325 ]')
('correct:', '[0     ]')
error:  0.05274309
('out:    ', '[0.925 ]')
('correct:', '[1     ]')
error:  0.00280868
('out:    ', '[0.827 ]')
('correct:', '[1     ]')
error:  0.01494997
('out:    ', '[0.83  ]')
('correct:', '[1     ]')
error:  0.01452533
('out:    ', '[0.667 ]')
('correct:', '[0     ]')
error:  0.22224427
('out:    ', '[0.256 ]')
('correct:', '[1     ]')
error:  0.27650031
('out:    ', '[0.662 ]')
('correct:', '[0     ]')
error:  0.21887257
('out:    ', '[0.872 ]')
('correct:', '[1     ]')
error:  0.00816248
('out:    ', '[0.799 ]')
('correct:', '[1     ]')
error:  0.02030096
('out:    ', '[0.68  ]')
('correct:', '[1     ]')
error:  0.05115739
('out:    ', '[0.572 ]')
('correct:', '[0     ]')
error:  0.16361582
('out:    ', '[0.284 ]')
('correct:', '[0     ]')
error:  0.04043607
('out:    ', '[0.841 ]')
('correct:', '[1     ]')
error:  0.01262406
('out:    ', '[0.656 ]')
('correct:', '[0     ]')
error:  0.21485024
('out:    ', '[0.886 ]')
('correct:', '[1     ]')
error:  0.00646738
('out:    ', '[0.764 ]')
('correct:', '[1     ]')
error:  0.02782541
('out:    ', '[0.89  ]')
('correct:', '[0     ]')
error:  0.39628391
('out:    ', '[0.639 ]')
('correct:', '[0     ]')
error:  0.20384604
('out:    ', '[0.756 ]')
('correct:', '[0     ]')
error:  0.28610440
('out:    ', '[0.483 ]')
('correct:', '[0     ]')
error:  0.11681534
('out:    ', '[0.544 ]')
('correct:', '[0     ]')
error:  0.14780223
('out:    ', '[0.243 ]')
('correct:', '[0     ]')
error:  0.02957555
('out:    ', '[0.862 ]')
('correct:', '[0     ]')
error:  0.37154315
('out:    ', '[0.139 ]')
('correct:', '[0     ]')
error:  0.00965615
('out:    ', '[0.633 ]')
('correct:', '[0     ]')
error:  0.20021414
('out:    ', '[0.946 ]')
('correct:', '[1     ]')
error:  0.00148093
('out:    ', '[0.634 ]')
('correct:', '[0     ]')
error:  0.20116644
('out:    ', '[0.758 ]')
('correct:', '[1     ]')
error:  0.02924987
('out:    ', '[0.919 ]')
('correct:', '[1     ]')
error:  0.00325435
('out:    ', '[0.909 ]')
('correct:', '[1     ]')
error:  0.00412779
('out:    ', '[0.943 ]')
('correct:', '[0     ]')
error:  0.44452700
('out:    ', '[0.733 ]')
('correct:', '[0     ]')
error:  0.26836938
('out:    ', '[0.811 ]')
('correct:', '[1     ]')
error:  0.01793298
('out:    ', '[0.595 ]')
('correct:', '[0     ]')
error:  0.17677171
('out:    ', '[0.861 ]')
('correct:', '[1     ]')
error:  0.00966747
('out:    ', '[0.904 ]')
('correct:', '[0     ]')
error:  0.40892269
('out:    ', '[0.8   ]')
('correct:', '[0     ]')
error:  0.31984284
('out:    ', '[0.641 ]')
('correct:', '[0     ]')
error:  0.20547572
('out:    ', '[0.971 ]')
('correct:', '[1     ]')
error:  0.00042661
('out:    ', '[0.422 ]')
('correct:', '[0     ]')
error:  0.08902178
('out:    ', '[0.988 ]')
('correct:', '[1     ]')
error:  0.00006862
('out:    ', '[0.625 ]')
('correct:', '[0     ]')
error:  0.19523624
('out:    ', '[0.639 ]')
('correct:', '[0     ]')
error:  0.20392702
('out:    ', '[0.843 ]')
('correct:', '[0     ]')
error:  0.35498939
('out:    ', '[0.899 ]')
('correct:', '[1     ]')
error:  0.00509383
('out:    ', '[0.626 ]')
('correct:', '[0     ]')
error:  0.19589346
('out:    ', '[0.809 ]')
('correct:', '[0     ]')
error:  0.32704584
('out:    ', '[0.826 ]')
('correct:', '[1     ]')
error:  0.01515805
('out:    ', '[0.767 ]')
('correct:', '[1     ]')
error:  0.02715894
('out:    ', '[0.846 ]')
('correct:', '[1     ]')
error:  0.01187178
('out:    ', '[0.764 ]')
('correct:', '[0     ]')
error:  0.29203660
('out:    ', '[0.811 ]')
('correct:', '[1     ]')
error:  0.01793618
('out:    ', '[0.617 ]')
('correct:', '[1     ]')
error:  0.07340563
('out:    ', '[0.804 ]')
('correct:', '[1     ]')
error:  0.01917532
('out:    ', '[0.649 ]')
('correct:', '[0     ]')
error:  0.21073569
('out:    ', '[0.315 ]')
('correct:', '[0     ]')
error:  0.04967132
('out:    ', '[0.702 ]')
('correct:', '[0     ]')
error:  0.24636044
('out:    ', '[0.619 ]')
('correct:', '[0     ]')
error:  0.19166964
('out:    ', '[0.566 ]')
('correct:', '[1     ]')
error:  0.09410223
('out:    ', '[0.894 ]')
('correct:', '[0     ]')
error:  0.40002484
('out:    ', '[0.64  ]')
('correct:', '[0     ]')
error:  0.20506886
('out:    ', '[0.624 ]')
('correct:', '[0     ]')
error:  0.19439880
('out:    ', '[0.803 ]')
('correct:', '[1     ]')
error:  0.01948966
('out:    ', '[0.842 ]')
('correct:', '[1     ]')
error:  0.01253499
('out:    ', '[0.714 ]')
('correct:', '[1     ]')
error:  0.04079365
('out:    ', '[0.778 ]')
('correct:', '[0     ]')
error:  0.30225955
('out:    ', '[0.642 ]')
('correct:', '[1     ]')
error:  0.06417025
('out:    ', '[0.558 ]')
('correct:', '[1     ]')
error:  0.09757967
('out:    ', '[0.995 ]')
('correct:', '[0     ]')
error:  0.49519128
('out:    ', '[0.887 ]')
('correct:', '[1     ]')
error:  0.00638796
('out:    ', '[0.849 ]')
('correct:', '[0     ]')
error:  0.36047641
('out:    ', '[0.333 ]')
('correct:', '[0     ]')
error:  0.05536033
('out:    ', '[0.882 ]')
('correct:', '[1     ]')
error:  0.00692707
('out:    ', '[0.939 ]')
('correct:', '[1     ]')
error:  0.00183050
('out:    ', '[0.716 ]')
('correct:', '[0     ]')
error:  0.25635677
('out:    ', '[0.55  ]')
('correct:', '[0     ]')
error:  0.15138864
('out:    ', '[0.673 ]')
('correct:', '[1     ]')
error:  0.05347059
('out:    ', '[0.561 ]')
('correct:', '[0     ]')
error:  0.15714183
('out:    ', '[0.6   ]')
('correct:', '[1     ]')
error:  0.08015889
('out:    ', '[0.98  ]')
('correct:', '[1     ]')
error:  0.00019495
('out:    ', '[0.976 ]')
('correct:', '[1     ]')
error:  0.00028017
('out:    ', '[0.799 ]')
('correct:', '[0     ]')
error:  0.31940392
('out:    ', '[0.671 ]')
('correct:', '[1     ]')
error:  0.05425498
('out:    ', '[0.799 ]')
('correct:', '[1     ]')
error:  0.02022288
('out:    ', '[0.708 ]')
('correct:', '[1     ]')
error:  0.04260704
('out:    ', '[0.663 ]')
('correct:', '[1     ]')
error:  0.05665962
('out:    ', '[0.863 ]')
('correct:', '[1     ]')
error:  0.00933940
('out:    ', '[0.847 ]')
('correct:', '[1     ]')
error:  0.01172908
('out:    ', '[0.908 ]')
('correct:', '[1     ]')
error:  0.00420746
('out:    ', '[0.894 ]')
('correct:', '[1     ]')
error:  0.00562565
('out:    ', '[0.699 ]')
('correct:', '[0     ]')
error:  0.24436055
('out:    ', '[0.923 ]')
('correct:', '[0     ]')
error:  0.42550946
('out:    ', '[0.997 ]')
('correct:', '[0     ]')
error:  0.49682704
('out:    ', '[0.899 ]')
('correct:', '[1     ]')
error:  0.00508194
('out:    ', '[0.936 ]')
('correct:', '[0     ]')
error:  0.43794628
('out:    ', '[0.946 ]')
('correct:', '[1     ]')
error:  0.00145207
('out:    ', '[0.865 ]')
('correct:', '[1     ]')
error:  0.00911536
('out:    ', '[0.819 ]')
('correct:', '[1     ]')
error:  0.01629551
('out:    ', '[0.657 ]')
('correct:', '[1     ]')
error:  0.05876898
('out:    ', '[0.945 ]')
('correct:', '[1     ]')
error:  0.00150344
('out:    ', '[0.639 ]')
('correct:', '[0     ]')
error:  0.20416794
('out:    ', '[0.756 ]')
('correct:', '[0     ]')
error:  0.28590074
('out:    ', '[0.667 ]')
('correct:', '[0     ]')
error:  0.22260134
('out:    ', '[0.63  ]')
('correct:', '[1     ]')
error:  0.06830068
('out:    ', '[0.818 ]')
('correct:', '[0     ]')
error:  0.33428611
('out:    ', '[0.611 ]')
('correct:', '[0     ]')
error:  0.18639485
('out:    ', '[0.904 ]')
('correct:', '[1     ]')
error:  0.00459848
('out:    ', '[0.809 ]')
('correct:', '[1     ]')
error:  0.01825870
('out:    ', '[0.954 ]')
('correct:', '[1     ]')
error:  0.00104081
('out:    ', '[0.799 ]')
('correct:', '[1     ]')
error:  0.02021635
('out:    ', '[0.722 ]')
('correct:', '[1     ]')
error:  0.03858740
('out:    ', '[0.816 ]')
('correct:', '[1     ]')
error:  0.01697811
('out:    ', '[0.829 ]')
('correct:', '[1     ]')
error:  0.01456334
('out:    ', '[0.617 ]')
('correct:', '[0     ]')
error:  0.19011916
('out:    ', '[0.984 ]')
('correct:', '[1     ]')
error:  0.00012363
('out:    ', '[0.237 ]')
('correct:', '[0     ]')
error:  0.02816729
('out:    ', '[0.832 ]')
('correct:', '[1     ]')
error:  0.01417738
('out:    ', '[0.826 ]')
('correct:', '[0     ]')
error:  0.34147329
('out:    ', '[0.946 ]')
('correct:', '[1     ]')
error:  0.00147778
('out:    ', '[0.924 ]')
('correct:', '[0     ]')
error:  0.42733949
('out:    ', '[0.448 ]')
('correct:', '[1     ]')
error:  0.15259289
('out:    ', '[0.39  ]')
('correct:', '[0     ]')
error:  0.07603607
('out:    ', '[0.903 ]')
('correct:', '[1     ]')
error:  0.00473881
('out:    ', '[0.726 ]')
('correct:', '[1     ]')
error:  0.03747734
('out:    ', '[0.893 ]')
('correct:', '[1     ]')
error:  0.00567283
('out:    ', '[0.902 ]')
('correct:', '[0     ]')
error:  0.40706295
('out:    ', '[0.594 ]')
('correct:', '[1     ]')
error:  0.08246226
('out:    ', '[0.906 ]')
('correct:', '[1     ]')
error:  0.00443861
('out:    ', '[0.71  ]')
('correct:', '[1     ]')
error:  0.04208997
('out:    ', '[0.652 ]')
('correct:', '[1     ]')
error:  0.06070085
('out:    ', '[0.899 ]')
('correct:', '[1     ]')
error:  0.00513648
('out:    ', '[0.592 ]')
('correct:', '[0     ]')
error:  0.17545055
('out:    ', '[0.843 ]')
('correct:', '[1     ]')
error:  0.01234048
('out:    ', '[0.948 ]')
('correct:', '[1     ]')
error:  0.00136555
('out:    ', '[0.699 ]')
('correct:', '[1     ]')
error:  0.04525615
('out:    ', '[0.816 ]')
('correct:', '[0     ]')
error:  0.33286704
('out:    ', '[0.518 ]')
('correct:', '[0     ]')
error:  0.13422646
('out:    ', '[0.87  ]')
('correct:', '[1     ]')
error:  0.00840268
('out:    ', '[0.953 ]')
('correct:', '[1     ]')
error:  0.00112780
('out:    ', '[0.687 ]')
('correct:', '[0     ]')
error:  0.23610286
('out:    ', '[0.769 ]')
('correct:', '[0     ]')
error:  0.29553311
('out:    ', '[0.681 ]')
('correct:', '[0     ]')
error:  0.23170567
('out:    ', '[0.563 ]')
('correct:', '[1     ]')
error:  0.09529825
('out:    ', '[0.925 ]')
('correct:', '[1     ]')
error:  0.00281973
('out:    ', '[0.663 ]')
('correct:', '[1     ]')
error:  0.05663234
('out:    ', '[0.905 ]')
('correct:', '[1     ]')
error:  0.00452649
('out:    ', '[0.735 ]')
('correct:', '[1     ]')
error:  0.03498180
('out:    ', '[0.35  ]')
('correct:', '[0     ]')
error:  0.06113649
('out:    ', '[0.788 ]')
('correct:', '[1     ]')
error:  0.02247880
('out:    ', '[0.609 ]')
('correct:', '[0     ]')
error:  0.18543953
('out:    ', '[0.831 ]')
('correct:', '[0     ]')
error:  0.34544409
('out:    ', '[0.799 ]')
('correct:', '[1     ]')
error:  0.02016876
('out:    ', '[0.771 ]')
('correct:', '[1     ]')
error:  0.02622919
('out:    ', '[0.808 ]')
('correct:', '[1     ]')
error:  0.01847899
('out:    ', '[0.966 ]')
('correct:', '[0     ]')
error:  0.46671039
('out:    ', '[0.503 ]')
('correct:', '[1     ]')
error:  0.12373300
('out:    ', '[0.798 ]')
('correct:', '[1     ]')
error:  0.02048444
('out:    ', '[0.715 ]')
('correct:', '[1     ]')
error:  0.04069354
('out:    ', '[0.818 ]')
('correct:', '[0     ]')
error:  0.33464456
('out:    ', '[0.849 ]')
('correct:', '[1     ]')
error:  0.01138781
('out:    ', '[0.881 ]')
('correct:', '[0     ]')
error:  0.38776559
('out:    ', '[0.549 ]')
('correct:', '[0     ]')
error:  0.15089791
('out:    ', '[0.736 ]')
('correct:', '[0     ]')
error:  0.27073273
('out:    ', '[0.84  ]')
('correct:', '[1     ]')
error:  0.01284276
('out:    ', '[0.736 ]')
('correct:', '[1     ]')
error:  0.03493025
('out:    ', '[0.292 ]')
('correct:', '[0     ]')
error:  0.04263300
('out:    ', '[0.687 ]')
('correct:', '[1     ]')
error:  0.04896039
('out:    ', '[0.874 ]')
('correct:', '[1     ]')
error:  0.00794923
('out:    ', '[0.139 ]')
('correct:', '[0     ]')
error:  0.00966855
('out:    ', '[0.782 ]')
('correct:', '[0     ]')
error:  0.30565857
('out:    ', '[0.715 ]')
('correct:', '[1     ]')
error:  0.04048096
('out:    ', '[0.846 ]')
('correct:', '[1     ]')
error:  0.01185452
('out:    ', '[0.753 ]')
('correct:', '[0     ]')
error:  0.28318979
('out:    ', '[0.947 ]')
('correct:', '[1     ]')
error:  0.00142146
('out:    ', '[0.668 ]')
('correct:', '[0     ]')
error:  0.22300869
('out:    ', '[0.838 ]')
('correct:', '[1     ]')
error:  0.01306042
('out:    ', '[0.789 ]')
('correct:', '[1     ]')
error:  0.02227402
('out:    ', '[0.908 ]')
('correct:', '[1     ]')
error:  0.00422294
('out:    ', '[0.948 ]')
('correct:', '[1     ]')
error:  0.00133412
('out:    ', '[0.735 ]')
('correct:', '[0     ]')
error:  0.27012754
('out:    ', '[0.955 ]')
('correct:', '[1     ]')
error:  0.00099647
('out:    ', '[0.781 ]')
('correct:', '[1     ]')
error:  0.02404249
('out:    ', '[0.655 ]')
('correct:', '[0     ]')
error:  0.21476599
('out:    ', '[0.794 ]')
('correct:', '[1     ]')
error:  0.02114589
('out:    ', '[0.744 ]')
('correct:', '[1     ]')
error:  0.03284622
('out:    ', '[0.751 ]')
('correct:', '[1     ]')
error:  0.03108870
('out:    ', '[0.809 ]')
('correct:', '[1     ]')
error:  0.01815841
('out:    ', '[0.896 ]')
('correct:', '[1     ]')
error:  0.00542633
('out:    ', '[0.561 ]')
('correct:', '[1     ]')
error:  0.09622699
('out:    ', '[0.822 ]')
('correct:', '[1     ]')
error:  0.01585476
('out:    ', '[0.957 ]')
('correct:', '[0     ]')
error:  0.45810250
('out:    ', '[0.536 ]')
('correct:', '[0     ]')
error:  0.14351245
('out:    ', '[0.82  ]')
('correct:', '[1     ]')
error:  0.01624255
('out:    ', '[0.682 ]')
('correct:', '[0     ]')
error:  0.23236744
('out:    ', '[0.612 ]')
('correct:', '[0     ]')
error:  0.18738838
('out:    ', '[0.808 ]')
('correct:', '[0     ]')
error:  0.32671103
('out:    ', '[0.516 ]')
('correct:', '[0     ]')
error:  0.13298993
('out:    ', '[0.882 ]')
('correct:', '[1     ]')
error:  0.00692383
('out:    ', '[0.807 ]')
('correct:', '[1     ]')
error:  0.01860884
('out:    ', '[0.788 ]')
('correct:', '[0     ]')
error:  0.31048966
('out:    ', '[0.784 ]')
('correct:', '[1     ]')
error:  0.02331229
('out:    ', '[0.792 ]')
('correct:', '[1     ]')
error:  0.02164518
('out:    ', '[0.784 ]')
('correct:', '[1     ]')
error:  0.02332892
('out:    ', '[0.848 ]')
('correct:', '[1     ]')
error:  0.01149889
('out:    ', '[0.92  ]')
('correct:', '[1     ]')
error:  0.00323557
('out:    ', '[0.774 ]')
('correct:', '[1     ]')
error:  0.02553489
('out:    ', '[0.777 ]')
('correct:', '[1     ]')
error:  0.02486199
('out:    ', '[0.382 ]')
('correct:', '[1     ]')
error:  0.19076762
('out:    ', '[0.941 ]')
('correct:', '[1     ]')
error:  0.00173211
('out:    ', '[0.865 ]')
('correct:', '[1     ]')
error:  0.00914154
('out:    ', '[0.593 ]')
('correct:', '[0     ]')
error:  0.17554329
('out:    ', '[0.913 ]')
('correct:', '[0     ]')
error:  0.41652290
('out:    ', '[0.825 ]')
('correct:', '[1     ]')
error:  0.01539981
('out:    ', '[0.962 ]')
('correct:', '[1     ]')
error:  0.00070930
('out:    ', '[0.752 ]')
('correct:', '[1     ]')
error:  0.03075843
('out:    ', '[0.748 ]')
('correct:', '[1     ]')
error:  0.03184167
('out:    ', '[0.525 ]')
('correct:', '[0     ]')
error:  0.13790431
('out:    ', '[0.907 ]')
('correct:', '[1     ]')
error:  0.00433613
('out:    ', '[0.949 ]')
('correct:', '[1     ]')
error:  0.00130003
('out:    ', '[0.261 ]')
('correct:', '[0     ]')
error:  0.03396327
('out:    ', '[0.728 ]')
('correct:', '[0     ]')
error:  0.26475218
('out:    ', '[0.708 ]')
('correct:', '[0     ]')
error:  0.25046840
('out:    ', '[0.635 ]')
('correct:', '[0     ]')
error:  0.20183600
('out:    ', '[0.649 ]')
('correct:', '[0     ]')
error:  0.21046181
('out:    ', '[0.983 ]')
('correct:', '[0     ]')
error:  0.48339594
('out:    ', '[0.895 ]')
('correct:', '[1     ]')
error:  0.00552178
('out:    ', '[0.777 ]')
('correct:', '[0     ]')
error:  0.30203836
('out:    ', '[0.251 ]')
('correct:', '[0     ]')
error:  0.03146503
('out:    ', '[0.946 ]')
('correct:', '[1     ]')
error:  0.00144490
('out:    ', '[0.494 ]')
('correct:', '[1     ]')
error:  0.12790160
('out:    ', '[0.91  ]')
('correct:', '[1     ]')
error:  0.00402011
('out:    ', '[0.896 ]')
('correct:', '[1     ]')
error:  0.00545897
('out:    ', '[0.836 ]')
('correct:', '[1     ]')
error:  0.01338539
('out:    ', '[0.63  ]')
('correct:', '[0     ]')
error:  0.19839370
('out:    ', '[0.676 ]')
('correct:', '[0     ]')
error:  0.22846600
('out:    ', '[0.634 ]')
('correct:', '[0     ]')
error:  0.20071847
('out:    ', '[0.519 ]')
('correct:', '[1     ]')
error:  0.11576673
('out:    ', '[0.403 ]')
('correct:', '[0     ]')
error:  0.08114248
('out:    ', '[0.869 ]')
('correct:', '[0     ]')
error:  0.37763965
('out:    ', '[0.76  ]')
('correct:', '[1     ]')
error:  0.02886426
('out:    ', '[0.722 ]')
('correct:', '[0     ]')
error:  0.26050993
('out:    ', '[0.616 ]')
('correct:', '[1     ]')
error:  0.07387821
('out:    ', '[0.68  ]')
('correct:', '[1     ]')
error:  0.05134505
('out:    ', '[0.722 ]')
('correct:', '[0     ]')
error:  0.26078388
('out:    ', '[0.569 ]')
('correct:', '[0     ]')
error:  0.16186343
('out:    ', '[0.899 ]')
('correct:', '[1     ]')
error:  0.00509882
('out:    ', '[0.887 ]')
('correct:', '[1     ]')
error:  0.00635507
('out:    ', '[0.733 ]')
('correct:', '[1     ]')
error:  0.03574773
('out:    ', '[0.594 ]')
('correct:', '[0     ]')
error:  0.17655263
('out:    ', '[0.78  ]')
('correct:', '[1     ]')
error:  0.02430780
('out:    ', '[0.442 ]')
('correct:', '[1     ]')
error:  0.15547631
('out:    ', '[0.826 ]')
('correct:', '[1     ]')
error:  0.01522189
('out:    ', '[0.946 ]')
('correct:', '[1     ]')
error:  0.00147871
('out:    ', '[0.569 ]')
('correct:', '[1     ]')
error:  0.09293800
('out:    ', '[0.749 ]')
('correct:', '[0     ]')
error:  0.28054447
('out:    ', '[0.437 ]')
('correct:', '[0     ]')
error:  0.09548461
('out:    ', '[0.323 ]')
('correct:', '[0     ]')
error:  0.05218381
('out:    ', '[0.592 ]')
('correct:', '[0     ]')
error:  0.17503584
('out:    ', '[0.671 ]')
('correct:', '[1     ]')
error:  0.05417811
('out:    ', '[0.622 ]')
('correct:', '[0     ]')
error:  0.19352566
('out:    ', '[0.859 ]')
('correct:', '[0     ]')
error:  0.36908399
('out:    ', '[0.86  ]')
('correct:', '[0     ]')
error:  0.36941350
('out:    ', '[0.521 ]')
('correct:', '[0     ]')
error:  0.13563421
('out:    ', '[0.609 ]')
('correct:', '[0     ]')
error:  0.18555023
('out:    ', '[0.796 ]')
('correct:', '[0     ]')
error:  0.31711340
('out:    ', '[0.584 ]')
('correct:', '[0     ]')
error:  0.17052287
('out:    ', '[0.913 ]')
('correct:', '[1     ]')
error:  0.00379303
('out:    ', '[0.139 ]')
('correct:', '[0     ]')
error:  0.00966568
('out:    ', '[0.137 ]')
('correct:', '[0     ]')
error:  0.00940302
('out:    ', '[0.792 ]')
('correct:', '[0     ]')
error:  0.31388833
('out:    ', '[0.771 ]')
('correct:', '[1     ]')
error:  0.02612319
('out:    ', '[0.853 ]')
('correct:', '[1     ]')
error:  0.01080643
('out:    ', '[0.767 ]')
('correct:', '[1     ]')
error:  0.02720342
('out:    ', '[0.988 ]')
('correct:', '[1     ]')
error:  0.00006753
('out:    ', '[0.534 ]')
('correct:', '[0     ]')
error:  0.14279352
('out:    ', '[0.87  ]')
('correct:', '[1     ]')
error:  0.00849905
('out:    ', '[0.933 ]')
('correct:', '[1     ]')
error:  0.00226056
('out:    ', '[0.994 ]')
('correct:', '[1     ]')
error:  0.00001632
('out:    ', '[0.945 ]')
('correct:', '[1     ]')
error:  0.00151672
('out:    ', '[0.784 ]')
('correct:', '[1     ]')
error:  0.02341808
('out:    ', '[0.841 ]')
('correct:', '[0     ]')
error:  0.35400476
('out:    ', '[0.792 ]')
('correct:', '[1     ]')
error:  0.02164685
('out:    ', '[0.811 ]')
('correct:', '[1     ]')
error:  0.01782254
('out:    ', '[0.954 ]')
('correct:', '[1     ]')
error:  0.00104517
('out:    ', '[0.194 ]')
('correct:', '[0     ]')
error:  0.01883622
('out:    ', '[0.265 ]')
('correct:', '[0     ]')
error:  0.03522794
('out:    ', '[0.753 ]')
('correct:', '[1     ]')
error:  0.03039745
('out:    ', '[0.606 ]')
('correct:', '[0     ]')
error:  0.18363934
('out:    ', '[0.859 ]')
('correct:', '[0     ]')
error:  0.36869252
('out:    ', '[0.741 ]')
('correct:', '[1     ]')
error:  0.03342270
('out:    ', '[0.998 ]')
('correct:', '[1     ]')
error:  0.00000202
('out:    ', '[0.728 ]')
('correct:', '[0     ]')
error:  0.26468815
('out:    ', '[0.666 ]')
('correct:', '[0     ]')
error:  0.22159883
('out:    ', '[0.6   ]')
('correct:', '[0     ]')
error:  0.18003944
('out:    ', '[0.892 ]')
('correct:', '[0     ]')
error:  0.39758160
('out:    ', '[0.519 ]')
('correct:', '[0     ]')
error:  0.13446334
('out:    ', '[0.686 ]')
('correct:', '[1     ]')
error:  0.04944029
('out:    ', '[0.584 ]')
('correct:', '[0     ]')
error:  0.17064177
('out:    ', '[0.82  ]')
('correct:', '[1     ]')
error:  0.01618987
('out:    ', '[0.265 ]')
('correct:', '[0     ]')
error:  0.03510621
('out:    ', '[0.674 ]')
('correct:', '[1     ]')
error:  0.05297641
('out:    ', '[0.84  ]')
('correct:', '[1     ]')
error:  0.01274631
('out:    ', '[0.818 ]')
('correct:', '[1     ]')
error:  0.01648130
('out:    ', '[0.635 ]')
('correct:', '[0     ]')
error:  0.20173568
('out:    ', '[0.653 ]')
('correct:', '[0     ]')
error:  0.21337728
('out:    ', '[0.899 ]')
('correct:', '[0     ]')
error:  0.40369684
('out:    ', '[0.947 ]')
('correct:', '[1     ]')
error:  0.00140685
('out:    ', '[0.866 ]')
('correct:', '[1     ]')
error:  0.00897375
('out:    ', '[0.17  ]')
('correct:', '[0     ]')
error:  0.01453215
('out:    ', '[0.953 ]')
('correct:', '[1     ]')
error:  0.00108215
('out:    ', '[0.752 ]')
('correct:', '[1     ]')
error:  0.03079221
('out:    ', '[0.724 ]')
('correct:', '[1     ]')
error:  0.03803988
('out:    ', '[0.628 ]')
('correct:', '[1     ]')
error:  0.06936274
('out:    ', '[0.8   ]')
('correct:', '[1     ]')
error:  0.01991926
('out:    ', '[0.864 ]')
('correct:', '[1     ]')
error:  0.00924818
('out:    ', '[0.841 ]')
('correct:', '[0     ]')
error:  0.35354914
('out:    ', '[0.709 ]')
('correct:', '[0     ]')
error:  0.25109462
('out:    ', '[0.842 ]')
('correct:', '[1     ]')
error:  0.01255018
('out:    ', '[0.624 ]')
('correct:', '[0     ]')
error:  0.19475238
('out:    ', '[0.307 ]')
('correct:', '[0     ]')
error:  0.04707182
('out:    ', '[0.897 ]')
('correct:', '[1     ]')
error:  0.00529195
('out:    ', '[0.866 ]')
('correct:', '[1     ]')
error:  0.00899496
('out:    ', '[0.867 ]')
('correct:', '[1     ]')
error:  0.00884052
('out:    ', '[0.907 ]')
('correct:', '[1     ]')
error:  0.00434444
('out:    ', '[0.669 ]')
('correct:', '[0     ]')
error:  0.22375006
('out:    ', '[0.683 ]')
('correct:', '[0     ]')
error:  0.23326835
('out:    ', '[0.809 ]')
('correct:', '[1     ]')
error:  0.01821924
('out:    ', '[0.604 ]')
('correct:', '[1     ]')
error:  0.07856315
('out:    ', '[0.195 ]')
('correct:', '[0     ]')
error:  0.01904878
('out:    ', '[0.791 ]')
('correct:', '[0     ]')
error:  0.31257217
('out:    ', '[0.823 ]')
('correct:', '[0     ]')
error:  0.33876361
('out:    ', '[0.688 ]')
('correct:', '[0     ]')
error:  0.23691842
('out:    ', '[0.893 ]')
('correct:', '[1     ]')
error:  0.00574333
('out:    ', '[0.942 ]')
('correct:', '[1     ]')
error:  0.00169650
('out:    ', '[0.78  ]')
('correct:', '[1     ]')
error:  0.02423225
('out:    ', '[0.954 ]')
('correct:', '[1     ]')
error:  0.00107845
('out:    ', '[0.542 ]')
('correct:', '[0     ]')
error:  0.14691245
('out:    ', '[0.756 ]')
('correct:', '[1     ]')
error:  0.02966865
('out:    ', '[0.839 ]')
('correct:', '[1     ]')
error:  0.01302028
('out:    ', '[0.935 ]')
('correct:', '[0     ]')
error:  0.43701092
('out:    ', '[0.944 ]')
('correct:', '[1     ]')
error:  0.00156364
('out:    ', '[0.841 ]')
('correct:', '[1     ]')
error:  0.01270567
('out:    ', '[0.595 ]')
('correct:', '[1     ]')
error:  0.08197852
('out:    ', '[0.819 ]')
('correct:', '[1     ]')
error:  0.01634280
('out:    ', '[0.692 ]')
('correct:', '[1     ]')
error:  0.04748275
('out:    ', '[0.826 ]')
('correct:', '[1     ]')
error:  0.01520919
('out:    ', '[0.856 ]')
('correct:', '[1     ]')
error:  0.01033627
('out:    ', '[0.71  ]')
('correct:', '[0     ]')
error:  0.25225827
('out:    ', '[0.988 ]')
('correct:', '[0     ]')
error:  0.48812977
('out:    ', '[0.898 ]')
('correct:', '[1     ]')
error:  0.00517211
('out:    ', '[0.889 ]')
('correct:', '[1     ]')
error:  0.00611918
('out:    ', '[0.78  ]')
('correct:', '[1     ]')
error:  0.02429403
('out:    ', '[0.701 ]')
('correct:', '[0     ]')
error:  0.24538895
('out:    ', '[0.693 ]')
('correct:', '[1     ]')
error:  0.04700944
('out:    ', '[0.946 ]')
('correct:', '[1     ]')
error:  0.00147334
('out:    ', '[0.859 ]')
('correct:', '[1     ]')
error:  0.00993332
('out:    ', '[0.765 ]')
('correct:', '[1     ]')
error:  0.02754966
('out:    ', '[0.821 ]')
('correct:', '[1     ]')
error:  0.01595238
('out:    ', '[0.98  ]')
('correct:', '[1     ]')
error:  0.00019827
('out:    ', '[0.801 ]')
('correct:', '[1     ]')
error:  0.01983948
('out:    ', '[0.88  ]')
('correct:', '[0     ]')
error:  0.38681078
('out:    ', '[0.991 ]')
('correct:', '[1     ]')
error:  0.00004003
('out:    ', '[0.682 ]')
('correct:', '[1     ]')
error:  0.05060484
('out:    ', '[0.911 ]')
('correct:', '[1     ]')
error:  0.00395779
('out:    ', '[0.667 ]')
('correct:', '[0     ]')
error:  0.22216793
('out:    ', '[0.307 ]')
('correct:', '[0     ]')
error:  0.04724601
('out:    ', '[0.521 ]')
('correct:', '[0     ]')
error:  0.13551533
('out:    ', '[0.289 ]')
('correct:', '[0     ]')
error:  0.04172354
('out:    ', '[0.341 ]')
('correct:', '[1     ]')
error:  0.21738505
('out:    ', '[0.784 ]')
('correct:', '[0     ]')
error:  0.30723546
('out:    ', '[0.925 ]')
('correct:', '[0     ]')
error:  0.42823073
('out:    ', '[0.314 ]')
('correct:', '[1     ]')
error:  0.23558126
('out:    ', '[0.679 ]')
('correct:', '[1     ]')
error:  0.05155369
('out:    ', '[0.617 ]')
('correct:', '[0     ]')
error:  0.19053432
('out:    ', '[0.729 ]')
('correct:', '[1     ]')
error:  0.03660026
('out:    ', '[0.805 ]')
('correct:', '[0     ]')
error:  0.32382853
('out:    ', '[0.661 ]')
('correct:', '[1     ]')
error:  0.05743062
('out:    ', '[0.85  ]')
('correct:', '[1     ]')
error:  0.01127780
('out:    ', '[0.916 ]')
('correct:', '[1     ]')
error:  0.00353450
('out:    ', '[0.876 ]')
('correct:', '[1     ]')
error:  0.00768713
('out:    ', '[0.171 ]')
('correct:', '[0     ]')
error:  0.01461570
('out:    ', '[0.765 ]')
('correct:', '[1     ]')
error:  0.02751275
('out:    ', '[0.403 ]')
('correct:', '[0     ]')
error:  0.08109679
('out:    ', '[0.799 ]')
('correct:', '[1     ]')
error:  0.02010788
('out:    ', '[0.339 ]')
('correct:', '[1     ]')
error:  0.21874988
('out:    ', '[0.552 ]')
('correct:', '[1     ]')
error:  0.10050732
('out:    ', '[0.475 ]')
('correct:', '[0     ]')
error:  0.11297394
('out:    ', '[0.833 ]')
('correct:', '[1     ]')
error:  0.01386397
('out:    ', '[0.638 ]')
('correct:', '[0     ]')
error:  0.20356800
('out:    ', '[0.615 ]')
('correct:', '[0     ]')
error:  0.18941632
('out:    ', '[0.391 ]')
('correct:', '[0     ]')
error:  0.07656440
('out:    ', '[0.898 ]')
('correct:', '[1     ]')
error:  0.00525145
('out:    ', '[0.662 ]')
('correct:', '[1     ]')
error:  0.05728689
('out:    ', '[0.823 ]')
('correct:', '[1     ]')
error:  0.01558376
('out:    ', '[0.817 ]')
('correct:', '[1     ]')
error:  0.01681836
('out:    ', '[0.593 ]')
('correct:', '[0     ]')
error:  0.17583091
('out:    ', '[0.431 ]')
('correct:', '[1     ]')
error:  0.16207971
('out:    ', '[0.628 ]')
('correct:', '[1     ]')
error:  0.06904265
('out:    ', '[0.637 ]')
('correct:', '[0     ]')
error:  0.20316786
('out:    ', '[0.607 ]')
('correct:', '[0     ]')
error:  0.18396361
('out:    ', '[0.553 ]')
('correct:', '[0     ]')
error:  0.15299236
('out:    ', '[0.573 ]')
('correct:', '[1     ]')
error:  0.09102027
('out:    ', '[0.775 ]')
('correct:', '[1     ]')
error:  0.02521287
('out:    ', '[0.957 ]')
('correct:', '[1     ]')
error:  0.00093830
('out:    ', '[0.901 ]')
('correct:', '[0     ]')
error:  0.40567973
('out:    ', '[0.641 ]')
('correct:', '[1     ]')
error:  0.06458851
('out:    ', '[0.789 ]')
('correct:', '[1     ]')
error:  0.02225966
('out:    ', '[0.978 ]')
('correct:', '[1     ]')
error:  0.00025111
('out:    ', '[0.654 ]')
('correct:', '[0     ]')
error:  0.21382942
('out:    ', '[0.873 ]')
('correct:', '[1     ]')
error:  0.00810563
('out:    ', '[0.912 ]')
('correct:', '[1     ]')
error:  0.00388519
('out:    ', '[0.939 ]')
('correct:', '[1     ]')
error:  0.00188121
('out:    ', '[0.947 ]')
('correct:', '[1     ]')
error:  0.00141800
('out:    ', '[0.895 ]')
('correct:', '[1     ]')
error:  0.00555283
('out:    ', '[0.596 ]')
('correct:', '[0     ]')
error:  0.17778026
('out:    ', '[0.911 ]')
('correct:', '[1     ]')
error:  0.00399890
('out:    ', '[0.8   ]')
('correct:', '[1     ]')
error:  0.02006879
('out:    ', '[0.939 ]')
('correct:', '[1     ]')
error:  0.00183052
('out:    ', '[0.841 ]')
('correct:', '[1     ]')
error:  0.01264083
('out:    ', '[0.815 ]')
('correct:', '[1     ]')
error:  0.01710407
('out:    ', '[0.772 ]')
('correct:', '[0     ]')
error:  0.29768100
('out:    ', '[0.924 ]')
('correct:', '[1     ]')
error:  0.00291084
('out:    ', '[0.518 ]')
('correct:', '[1     ]')
error:  0.11636290
('out:    ', '[0.899 ]')
('correct:', '[1     ]')
error:  0.00508586
('out:    ', '[0.625 ]')
('correct:', '[1     ]')
error:  0.07030809
('out:    ', '[0.815 ]')
('correct:', '[1     ]')
error:  0.01713672
('out:    ', '[0.838 ]')
('correct:', '[1     ]')
error:  0.01309049
('out:    ', '[0.983 ]')
('correct:', '[0     ]')
error:  0.48290179
('out:    ', '[0.944 ]')
('correct:', '[1     ]')
error:  0.00155983
('out:    ', '[0.947 ]')
('correct:', '[1     ]')
error:  0.00142638
('out:    ', '[0.884 ]')
('correct:', '[0     ]')
error:  0.39060166
('out:    ', '[0.994 ]')
('correct:', '[1     ]')
error:  0.00001837
('out:    ', '[0.487 ]')
('correct:', '[0     ]')
error:  0.11848826
('out:    ', '[0.931 ]')
('correct:', '[1     ]')
error:  0.00236964
('out:    ', '[0.844 ]')
('correct:', '[0     ]')
error:  0.35589588
('out:    ', '[0.715 ]')
('correct:', '[0     ]')
error:  0.25574556
('out:    ', '[0.82  ]')
('correct:', '[0     ]')
error:  0.33632691
('out:    ', '[0.73  ]')
('correct:', '[0     ]')
error:  0.26642102
('out:    ', '[0.741 ]')
('correct:', '[0     ]')
error:  0.27444508
('out:    ', '[0.655 ]')
('correct:', '[0     ]')
error:  0.21433658
('out:    ', '[0.223 ]')
('correct:', '[0     ]')
error:  0.02486330
('out:    ', '[0.837 ]')
('correct:', '[0     ]')
error:  0.35038943
('out:    ', '[0.786 ]')
('correct:', '[1     ]')
error:  0.02281988
('out:    ', '[0.887 ]')
('correct:', '[0     ]')
error:  0.39302885
('out:    ', '[0.658 ]')
('correct:', '[1     ]')
error:  0.05839374
('out:    ', '[0.445 ]')
('correct:', '[0     ]')
error:  0.09901520
('out:    ', '[0.818 ]')
('correct:', '[1     ]')
error:  0.01654540
('out:    ', '[0.695 ]')
('correct:', '[0     ]')
error:  0.24164336
('out:    ', '[0.824 ]')
('correct:', '[0     ]')
error:  0.33924278
('out:    ', '[0.831 ]')
('correct:', '[1     ]')
error:  0.01432901
('out:    ', '[0.472 ]')
('correct:', '[0     ]')
error:  0.11156272
('out:    ', '[0.869 ]')
('correct:', '[1     ]')
error:  0.00856131
('out:    ', '[0.994 ]')
('correct:', '[1     ]')
error:  0.00001559
('out:    ', '[0.879 ]')
('correct:', '[0     ]')
error:  0.38639128
('out:    ', '[0.792 ]')
('correct:', '[1     ]')
error:  0.02160981
('out:    ', '[0.94  ]')
('correct:', '[0     ]')
error:  0.44216621
('out:    ', '[0.811 ]')
('correct:', '[1     ]')
error:  0.01780723
('out:    ', '[0.832 ]')
('correct:', '[1     ]')
error:  0.01413973
('out:    ', '[0.874 ]')
('correct:', '[1     ]')
error:  0.00798495
('out:    ', '[0.792 ]')
('correct:', '[1     ]')
error:  0.02160306
('out:    ', '[0.869 ]')
('correct:', '[1     ]')
error:  0.00862292
('out:    ', '[0.732 ]')
('correct:', '[0     ]')
error:  0.26794853
('out:    ', '[0.854 ]')
('correct:', '[1     ]')
error:  0.01061354
('out:    ', '[0.835 ]')
('correct:', '[0     ]')
error:  0.34872904
('out:    ', '[0.69  ]')
('correct:', '[0     ]')
error:  0.23775684
('out:    ', '[0.921 ]')
('correct:', '[1     ]')
error:  0.00311060
('out:    ', '[0.574 ]')
('correct:', '[1     ]')
error:  0.09087392
('out:    ', '[0.947 ]')
('correct:', '[1     ]')
error:  0.00141636
('out:    ', '[0.954 ]')
('correct:', '[1     ]')
error:  0.00106399
('out:    ', '[0.784 ]')
('correct:', '[0     ]')
error:  0.30731165
('out:    ', '[0.398 ]')
('correct:', '[1     ]')
error:  0.18144411
('out:    ', '[0.67  ]')
('correct:', '[1     ]')
error:  0.05448500
('out:    ', '[0.942 ]')
('correct:', '[1     ]')
error:  0.00169603
('out:    ', '[0.672 ]')
('correct:', '[0     ]')
error:  0.22574628
('out:    ', '[0.519 ]')
('correct:', '[0     ]')
error:  0.13454989
('out:    ', '[0.631 ]')
('correct:', '[0     ]')
error:  0.19878976
('out:    ', '[0.739 ]')
('correct:', '[1     ]')
error:  0.03411822
('out:    ', '[0.784 ]')
('correct:', '[1     ]')
error:  0.02342317
('out:    ', '[0.683 ]')
('correct:', '[1     ]')
error:  0.05010413
('out:    ', '[0.85  ]')
('correct:', '[0     ]')
error:  0.36164195
('out:    ', '[0.899 ]')
('correct:', '[0     ]')
error:  0.40405812
('out:    ', '[0.208 ]')
('correct:', '[0     ]')
error:  0.02168426
('out:    ', '[0.932 ]')
('correct:', '[0     ]')
error:  0.43403252
('out:    ', '[0.944 ]')
('correct:', '[1     ]')
error:  0.00159345
('out:    ', '[0.318 ]')
('correct:', '[0     ]')
error:  0.05067756
('out:    ', '[0.792 ]')
('correct:', '[0     ]')
error:  0.31330547
('out:    ', '[0.837 ]')
('correct:', '[1     ]')
error:  0.01321963
('out:    ', '[0.846 ]')
('correct:', '[1     ]')
error:  0.01193467
('out:    ', '[0.848 ]')
('correct:', '[1     ]')
error:  0.01155022
('out:    ', '[0.849 ]')
('correct:', '[1     ]')
error:  0.01143273
('out:    ', '[0.831 ]')
('correct:', '[1     ]')
error:  0.01426556
('out:    ', '[0.843 ]')
('correct:', '[0     ]')
error:  0.35538242
('out:    ', '[0.691 ]')
('correct:', '[1     ]')
error:  0.04763255
('out:    ', '[0.747 ]')
('correct:', '[1     ]')
error:  0.03202636
('out:    ', '[0.576 ]')
('correct:', '[0     ]')
error:  0.16594591
('out:    ', '[0.68  ]')
('correct:', '[1     ]')
error:  0.05125951
('out:    ', '[0.941 ]')
('correct:', '[1     ]')
error:  0.00171687
('out:    ', '[0.655 ]')
('correct:', '[0     ]')
error:  0.21437948
('out:    ', '[0.608 ]')
('correct:', '[1     ]')
error:  0.07697160
('out:    ', '[0.578 ]')
('correct:', '[1     ]')
error:  0.08885182
('out:    ', '[0.521 ]')
('correct:', '[1     ]')
error:  0.11460607
('out:    ', '[0.78  ]')
('correct:', '[1     ]')
error:  0.02427783
('out:    ', '[0.443 ]')
('correct:', '[0     ]')
error:  0.09827447
('out:    ', '[0.785 ]')
('correct:', '[1     ]')
error:  0.02314242
('out:    ', '[0.826 ]')
('correct:', '[1     ]')
error:  0.01511616
('out:    ', '[0.696 ]')
('correct:', '[1     ]')
error:  0.04625156
('out:    ', '[0.877 ]')
('correct:', '[1     ]')
error:  0.00756943
('out:    ', '[0.643 ]')
('correct:', '[1     ]')
error:  0.06372860
('out:    ', '[0.813 ]')
('correct:', '[0     ]')
error:  0.33056140
('out:    ', '[0.263 ]')
('correct:', '[0     ]')
error:  0.03450998
('out:    ', '[0.954 ]')
('correct:', '[1     ]')
error:  0.00107640
('out:    ', '[0.775 ]')
('correct:', '[1     ]')
error:  0.02533041
('out:    ', '[0.707 ]')
('correct:', '[1     ]')
error:  0.04306115
('out:    ', '[0.64  ]')
('correct:', '[1     ]')
error:  0.06476633
('out:    ', '[0.708 ]')
('correct:', '[0     ]')
error:  0.25084734
('out:    ', '[0.366 ]')
('correct:', '[0     ]')
error:  0.06707489
('out:    ', '[0.892 ]')
('correct:', '[1     ]')
error:  0.00581034
('out:    ', '[0.338 ]')
('correct:', '[1     ]')
error:  0.21944474
('out:    ', '[0.968 ]')
('correct:', '[0     ]')
error:  0.46807043
('out:    ', '[0.601 ]')
('correct:', '[0     ]')
error:  0.18065966
('out:    ', '[0.888 ]')
('correct:', '[1     ]')
error:  0.00628289
('out:    ', '[0.937 ]')
('correct:', '[1     ]')
error:  0.00200050
('out:    ', '[0.802 ]')
('correct:', '[1     ]')
error:  0.01957518
('out:    ', '[0.938 ]')
('correct:', '[1     ]')
error:  0.00191622
('out:    ', '[0.854 ]')
('correct:', '[1     ]')
error:  0.01072414
('out:    ', '[0.89  ]')
('correct:', '[0     ]')
error:  0.39604201
('out:    ', '[0.967 ]')
('correct:', '[1     ]')
error:  0.00055517
('out:    ', '[0.64  ]')
('correct:', '[0     ]')
error:  0.20484744
('out:    ', '[0.44  ]')
('correct:', '[0     ]')
error:  0.09661844
('out:    ', '[0.941 ]')
('correct:', '[0     ]')
error:  0.44251135
('out:    ', '[0.906 ]')
('correct:', '[1     ]')
error:  0.00441605
('out:    ', '[0.846 ]')
('correct:', '[0     ]')
error:  0.35797976
('out:    ', '[0.668 ]')
('correct:', '[0     ]')
error:  0.22287935
('out:    ', '[0.729 ]')
('correct:', '[0     ]')
error:  0.26556949
('out:    ', '[0.706 ]')
('correct:', '[1     ]')
error:  0.04322486
('out:    ', '[0.913 ]')
('correct:', '[1     ]')
error:  0.00381378
('out:    ', '[0.548 ]')
('correct:', '[1     ]')
error:  0.10235049
('out:    ', '[0.77  ]')
('correct:', '[0     ]')
error:  0.29618271
('out:    ', '[0.436 ]')
('correct:', '[0     ]')
error:  0.09524671
('out:    ', '[0.623 ]')
('correct:', '[0     ]')
error:  0.19404076
('out:    ', '[0.78  ]')
('correct:', '[0     ]')
error:  0.30453693
('out:    ', '[0.489 ]')
('correct:', '[0     ]')
error:  0.11958390
('out:    ', '[0.652 ]')
('correct:', '[0     ]')
error:  0.21271189
('out:    ', '[0.506 ]')
('correct:', '[0     ]')
error:  0.12815166
('out:    ', '[0.73  ]')
('correct:', '[0     ]')
error:  0.26651363
('out:    ', '[0.856 ]')
('correct:', '[0     ]')
error:  0.36677362
('out:    ', '[0.648 ]')
('correct:', '[1     ]')
error:  0.06198420
('out:    ', '[0.918 ]')
('correct:', '[1     ]')
error:  0.00332441
('out:    ', '[0.713 ]')
('correct:', '[1     ]')
error:  0.04113453
('out:    ', '[0.943 ]')
('correct:', '[1     ]')
error:  0.00165036
('out:    ', '[0.813 ]')
('correct:', '[1     ]')
error:  0.01740175
('out:    ', '[0.841 ]')
('correct:', '[0     ]')
error:  0.35375700
('out:    ', '[0.556 ]')
('correct:', '[0     ]')
error:  0.15473400
('out:    ', '[0.662 ]')
('correct:', '[0     ]')
error:  0.21881072
('out:    ', '[0.668 ]')
('correct:', '[0     ]')
error:  0.22332656
('out:    ', '[0.609 ]')
('correct:', '[1     ]')
error:  0.07624562
('out:    ', '[0.637 ]')
('correct:', '[0     ]')
error:  0.20276859
('out:    ', '[0.741 ]')
('correct:', '[1     ]')
error:  0.03344219
('out:    ', '[0.278 ]')
('correct:', '[0     ]')
error:  0.03853872
('out:    ', '[0.814 ]')
('correct:', '[1     ]')
error:  0.01725542
('out:    ', '[0.799 ]')
('correct:', '[1     ]')
error:  0.02013717
('out:    ', '[0.695 ]')
('correct:', '[1     ]')
error:  0.04644821
('out:    ', '[0.743 ]')
('correct:', '[0     ]')
error:  0.27634045
('out:    ', '[0.821 ]')
('correct:', '[1     ]')
error:  0.01610381
('out:    ', '[0.642 ]')
('correct:', '[0     ]')
error:  0.20621495
('out:    ', '[0.682 ]')
('correct:', '[1     ]')
error:  0.05071458
('out:    ', '[0.597 ]')
('correct:', '[1     ]')
error:  0.08114114
('out:    ', '[0.638 ]')
('correct:', '[1     ]')
error:  0.06563670
('out:    ', '[0.773 ]')
('correct:', '[1     ]')
error:  0.02577238
('out:    ', '[0.682 ]')
('correct:', '[1     ]')
error:  0.05051596
('out:    ', '[0.8   ]')
('correct:', '[1     ]')
error:  0.01992478
('out:    ', '[0.842 ]')
('correct:', '[0     ]')
error:  0.35421247
('out:    ', '[0.647 ]')
('correct:', '[0     ]')
error:  0.20922805
('out:    ', '[0.613 ]')
('correct:', '[1     ]')
error:  0.07502685
('out:    ', '[0.747 ]')
('correct:', '[1     ]')
error:  0.03207628
('out:    ', '[0.893 ]')
('correct:', '[1     ]')
error:  0.00571475
('out:    ', '[0.957 ]')
('correct:', '[1     ]')
error:  0.00092281
('out:    ', '[0.871 ]')
('correct:', '[1     ]')
error:  0.00837245
('out:    ', '[0.613 ]')
('correct:', '[0     ]')
error:  0.18772209
('out:    ', '[0.779 ]')
('correct:', '[1     ]')
error:  0.02434416
('out:    ', '[0.937 ]')
('correct:', '[1     ]')
error:  0.00198374
('out:    ', '[0.754 ]')
('correct:', '[1     ]')
error:  0.03016807
('out:    ', '[0.869 ]')
('correct:', '[1     ]')
error:  0.00853651
('out:    ', '[0.764 ]')
('correct:', '[0     ]')
error:  0.29199180
('out:    ', '[0.845 ]')
('correct:', '[0     ]')
error:  0.35695115
('out:    ', '[0.513 ]')
('correct:', '[1     ]')
error:  0.11834192
('out:    ', '[0.905 ]')
('correct:', '[0     ]')
error:  0.40971778
('out:    ', '[0.424 ]')
('correct:', '[1     ]')
error:  0.16616315
('out:    ', '[0.657 ]')
('correct:', '[0     ]')
error:  0.21612371
('out:    ', '[0.895 ]')
('correct:', '[1     ]')
error:  0.00550456
('out:    ', '[0.826 ]')
('correct:', '[1     ]')
error:  0.01509969
('out:    ', '[0.862 ]')
('correct:', '[1     ]')
error:  0.00954830
('out:    ', '[0.573 ]')
('correct:', '[0     ]')
error:  0.16434891
('out:    ', '[0.633 ]')
('correct:', '[0     ]')
error:  0.20039761
('out:    ', '[0.637 ]')
('correct:', '[1     ]')
error:  0.06579527
('out:    ', '[0.484 ]')
('correct:', '[1     ]')
error:  0.13332911
('out:    ', '[0.908 ]')
('correct:', '[0     ]')
error:  0.41195454
('out:    ', '[0.59  ]')
('correct:', '[0     ]')
error:  0.17381271
('out:    ', '[0.697 ]')
('correct:', '[0     ]')
error:  0.24318968
('out:    ', '[0.732 ]')
('correct:', '[0     ]')
error:  0.26816178
('out:    ', '[0.661 ]')
('correct:', '[0     ]')
error:  0.21832083
('out:    ', '[0.833 ]')
('correct:', '[1     ]')
error:  0.01389576
('out:    ', '[0.896 ]')
('correct:', '[1     ]')
error:  0.00541913
('out:    ', '[0.685 ]')
('correct:', '[0     ]')
error:  0.23437315
('out:    ', '[0.218 ]')
('correct:', '[0     ]')
error:  0.02387052
('out:    ', '[0.838 ]')
('correct:', '[1     ]')
error:  0.01312479
('out:    ', '[0.859 ]')
('correct:', '[1     ]')
error:  0.00988011
('out:    ', '[0.781 ]')
('correct:', '[0     ]')
error:  0.30494517
('out:    ', '[0.457 ]')
('correct:', '[0     ]')
error:  0.10455211
('out:    ', '[0.865 ]')
('correct:', '[0     ]')
error:  0.37407363
('out:    ', '[0.817 ]')
('correct:', '[1     ]')
error:  0.01668511
('out:    ', '[0.809 ]')
('correct:', '[1     ]')
error:  0.01818385
('out:    ', '[0.601 ]')
('correct:', '[0     ]')
error:  0.18040665
('out:    ', '[0.834 ]')
('correct:', '[1     ]')
error:  0.01380937
('out:    ', '[0.442 ]')
('correct:', '[0     ]')
error:  0.09769442
('out:    ', '[0.903 ]')
('correct:', '[1     ]')
error:  0.00470308
('out:    ', '[0.899 ]')
('correct:', '[1     ]')
error:  0.00510087
('out:    ', '[0.69  ]')
('correct:', '[1     ]')
error:  0.04815795
('out:    ', '[0.621 ]')
('correct:', '[0     ]')
error:  0.19255274
('out:    ', '[0.893 ]')
('correct:', '[1     ]')
error:  0.00576524
('out:    ', '[0.622 ]')
('correct:', '[1     ]')
error:  0.07137963
('out:    ', '[0.676 ]')
('correct:', '[0     ]')
error:  0.22823166
('out:    ', '[0.961 ]')
('correct:', '[1     ]')
error:  0.00074725
('out:    ', '[0.821 ]')
('correct:', '[1     ]')
error:  0.01598673
('out:    ', '[0.912 ]')
('correct:', '[1     ]')
error:  0.00391504
('out:    ', '[0.957 ]')
('correct:', '[0     ]')
error:  0.45771893
('out:    ', '[0.476 ]')
('correct:', '[0     ]')
error:  0.11317868
('out:    ', '[0.84  ]')
('correct:', '[0     ]')
error:  0.35271437
('out:    ', '[0.766 ]')
('correct:', '[0     ]')
error:  0.29330611
('out:    ', '[0.845 ]')
('correct:', '[1     ]')
error:  0.01196031
('out:    ', '[0.43  ]')
('correct:', '[0     ]')
error:  0.09266222
('out:    ', '[0.687 ]')
('correct:', '[1     ]')
error:  0.04899385
('out:    ', '[0.691 ]')
('correct:', '[0     ]')
error:  0.23863979
('out:    ', '[0.257 ]')
('correct:', '[0     ]')
error:  0.03304516
('out:    ', '[0.773 ]')
('correct:', '[0     ]')
error:  0.29898076
('out:    ', '[0.95  ]')
('correct:', '[1     ]')
error:  0.00123024
('out:    ', '[0.707 ]')
('correct:', '[1     ]')
error:  0.04304525
('out:    ', '[0.994 ]')
('correct:', '[1     ]')
error:  0.00001646
('out:    ', '[0.693 ]')
('correct:', '[0     ]')
error:  0.23993700
('out:    ', '[0.617 ]')
('correct:', '[1     ]')
error:  0.07328245
('out:    ', '[0.865 ]')
('correct:', '[1     ]')
error:  0.00914513
('out:    ', '[0.868 ]')
('correct:', '[1     ]')
error:  0.00864697
('out:    ', '[0.704 ]')
('correct:', '[1     ]')
error:  0.04381262
('out:    ', '[0.343 ]')
('correct:', '[0     ]')
error:  0.05871692
('out:    ', '[0.726 ]')
('correct:', '[1     ]')
error:  0.03751276
('out:    ', '[0.681 ]')
('correct:', '[1     ]')
error:  0.05086041
('out:    ', '[0.853 ]')
('correct:', '[1     ]')
error:  0.01085609
('out:    ', '[0.852 ]')
('correct:', '[0     ]')
error:  0.36252992
('out:    ', '[0.772 ]')
('correct:', '[1     ]')
error:  0.02606333
('out:    ', '[0.563 ]')
('correct:', '[1     ]')
error:  0.09534163
('out:    ', '[0.649 ]')
('correct:', '[1     ]')
error:  0.06173249
('out:    ', '[0.926 ]')
('correct:', '[1     ]')
error:  0.00276325
('out:    ', '[0.589 ]')
('correct:', '[0     ]')
error:  0.17370193
('out:    ', '[0.633 ]')
('correct:', '[0     ]')
error:  0.20024625
('out:    ', '[0.698 ]')
('correct:', '[1     ]')
error:  0.04558199
('out:    ', '[0.638 ]')
('correct:', '[0     ]')
error:  0.20365453
('out:    ', '[0.821 ]')
('correct:', '[0     ]')
error:  0.33714321
('out:    ', '[0.862 ]')
('correct:', '[1     ]')
error:  0.00953704
('out:    ', '[0.788 ]')
('correct:', '[1     ]')
error:  0.02241756
('out:    ', '[0.734 ]')
('correct:', '[0     ]')
error:  0.26962736
('out:    ', '[0.655 ]')
('correct:', '[0     ]')
error:  0.21431441
('out:    ', '[0.895 ]')
('correct:', '[1     ]')
error:  0.00552600
('out:    ', '[0.78  ]')
('correct:', '[1     ]')
error:  0.02418176
('out:    ', '[0.988 ]')
('correct:', '[1     ]')
error:  0.00006745
('out:    ', '[0.946 ]')
('correct:', '[1     ]')
error:  0.00147028
('out:    ', '[0.621 ]')
('correct:', '[1     ]')
error:  0.07194634
('out:    ', '[0.345 ]')
('correct:', '[0     ]')
error:  0.05963361
('out:    ', '[0.695 ]')
('correct:', '[0     ]')
error:  0.24140368
('out:    ', '[0.835 ]')
('correct:', '[0     ]')
error:  0.34833787
('out:    ', '[0.612 ]')
('correct:', '[0     ]')
error:  0.18718093
('out:    ', '[0.392 ]')
('correct:', '[0     ]')
error:  0.07669321
('out:    ', '[0.612 ]')
('correct:', '[0     ]')
error:  0.18716384
('out:    ', '[0.939 ]')
('correct:', '[1     ]')
error:  0.00189112
('out:    ', '[0.945 ]')
('correct:', '[1     ]')
error:  0.00148528
('out:    ', '[0.8   ]')
('correct:', '[1     ]')
error:  0.01992379
('out:    ', '[0.745 ]')
('correct:', '[1     ]')
error:  0.03253817
('out:    ', '[0.618 ]')
('correct:', '[1     ]')
error:  0.07307600
('out:    ', '[0.945 ]')
('correct:', '[1     ]')
error:  0.00152802
('out:    ', '[0.66  ]')
('correct:', '[0     ]')
error:  0.21788386
('out:    ', '[0.627 ]')
('correct:', '[0     ]')
error:  0.19629118
('out:    ', '[0.904 ]')
('correct:', '[1     ]')
error:  0.00462485
('out:    ', '[0.894 ]')
('correct:', '[1     ]')
error:  0.00564089
('out:    ', '[0.951 ]')
('correct:', '[1     ]')
error:  0.00119245
('out:    ', '[0.692 ]')
('correct:', '[0     ]')
error:  0.23952981
('out:    ', '[0.792 ]')
('correct:', '[1     ]')
error:  0.02156747
('out:    ', '[0.787 ]')
('correct:', '[1     ]')
error:  0.02267649
('out:    ', '[0.725 ]')
('correct:', '[0     ]')
error:  0.26291258
('out:    ', '[0.304 ]')
('correct:', '[0     ]')
error:  0.04617007
('out:    ', '[0.297 ]')
('correct:', '[1     ]')
error:  0.24720254
('out:    ', '[0.8   ]')
('correct:', '[0     ]')
error:  0.32001972
('out:    ', '[0.722 ]')
('correct:', '[0     ]')
error:  0.26080979
('out:    ', '[0.781 ]')
('correct:', '[0     ]')
error:  0.30501610
('out:    ', '[0.771 ]')
('correct:', '[0     ]')
error:  0.29760348
('out:    ', '[0.806 ]')
('correct:', '[1     ]')
error:  0.01882487
('out:    ', '[0.834 ]')
('correct:', '[1     ]')
error:  0.01376025
('out:    ', '[0.535 ]')
('correct:', '[0     ]')
error:  0.14316193
('out:    ', '[0.774 ]')
('correct:', '[1     ]')
error:  0.02549498
('out:    ', '[0.806 ]')
('correct:', '[0     ]')
error:  0.32476515
('out:    ', '[0.668 ]')
('correct:', '[1     ]')
error:  0.05501746
('out:    ', '[0.674 ]')
('correct:', '[1     ]')
error:  0.05301713
('out:    ', '[0.994 ]')
('correct:', '[1     ]')
error:  0.00001951
('out:    ', '[0.823 ]')
('correct:', '[0     ]')
error:  0.33860304
('out:    ', '[0.739 ]')
('correct:', '[0     ]')
error:  0.27312898
('out:    ', '[0.629 ]')
('correct:', '[1     ]')
error:  0.06890499
('out:    ', '[0.586 ]')
('correct:', '[0     ]')
error:  0.17193025
('out:    ', '[0.331 ]')
('correct:', '[0     ]')
error:  0.05462478
('out:    ', '[0.721 ]')
('correct:', '[0     ]')
error:  0.26022530
('out:    ', '[0.321 ]')
('correct:', '[0     ]')
error:  0.05150522
('out:    ', '[0.668 ]')
('correct:', '[0     ]')
error:  0.22332307
('out:    ', '[0.841 ]')
('correct:', '[0     ]')
error:  0.35349116
('out:    ', '[0.892 ]')
('correct:', '[1     ]')
error:  0.00583653
('out:    ', '[0.773 ]')
('correct:', '[1     ]')
error:  0.02565477
('out:    ', '[0.899 ]')
('correct:', '[0     ]')
error:  0.40372535
('out:    ', '[0.88  ]')
('correct:', '[1     ]')
error:  0.00721934
('out:    ', '[0.83  ]')
('correct:', '[0     ]')
error:  0.34423331
('out:    ', '[0.285 ]')
('correct:', '[1     ]')
error:  0.25557919
('out:    ', '[0.844 ]')
('correct:', '[0     ]')
error:  0.35623087
('out:    ', '[0.16  ]')
('correct:', '[0     ]')
error:  0.01282565
('out:    ', '[0.892 ]')
('correct:', '[1     ]')
error:  0.00583850
('out:    ', '[0.74  ]')
('correct:', '[1     ]')
error:  0.03379529
('out:    ', '[0.677 ]')
('correct:', '[0     ]')
error:  0.22921470
('out:    ', '[0.931 ]')
('correct:', '[1     ]')
error:  0.00238978
('out:    ', '[0.907 ]')
('correct:', '[1     ]')
error:  0.00434290
('out:    ', '[0.794 ]')
('correct:', '[1     ]')
error:  0.02111649
('out:    ', '[0.936 ]')
('correct:', '[1     ]')
error:  0.00203180
('out:    ', '[0.625 ]')
('correct:', '[1     ]')
error:  0.07035276
('out:    ', '[0.79  ]')
('correct:', '[0     ]')
error:  0.31219560
('out:    ', '[0.832 ]')
('correct:', '[1     ]')
error:  0.01410495
('out:    ', '[0.721 ]')
('correct:', '[0     ]')
error:  0.25977681
('out:    ', '[0.617 ]')
('correct:', '[1     ]')
error:  0.07349037
('out:    ', '[0.789 ]')
('correct:', '[1     ]')
error:  0.02227652
('out:    ', '[0.443 ]')
('correct:', '[1     ]')
error:  0.15495551
('out:    ', '[0.837 ]')
('correct:', '[1     ]')
error:  0.01325644
('out:    ', '[0.77  ]')
('correct:', '[1     ]')
error:  0.02635167
('out:    ', '[0.801 ]')
('correct:', '[1     ]')
error:  0.01980942
('out:    ', '[0.541 ]')
('correct:', '[0     ]')
error:  0.14641752
('out:    ', '[0.584 ]')
('correct:', '[1     ]')
error:  0.08658212
('out:    ', '[0.53  ]')
('correct:', '[0     ]')
error:  0.14051660
('out:    ', '[0.834 ]')
('correct:', '[1     ]')
error:  0.01373920
('out:    ', '[0.772 ]')
('correct:', '[0     ]')
error:  0.29767050
('out:    ', '[0.752 ]')
('correct:', '[1     ]')
error:  0.03072855
('out:    ', '[0.945 ]')
('correct:', '[1     ]')
error:  0.00149122
('out:    ', '[0.929 ]')
('correct:', '[1     ]')
error:  0.00255606
('out:    ', '[0.622 ]')
('correct:', '[1     ]')
error:  0.07159924
('out:    ', '[0.804 ]')
('correct:', '[1     ]')
error:  0.01920816
('out:    ', '[0.777 ]')
('correct:', '[0     ]')
error:  0.30158205
('out:    ', '[0.5   ]')
('correct:', '[0     ]')
error:  0.12496646
('out:    ', '[0.627 ]')
('correct:', '[0     ]')
error:  0.19627572
('out:    ', '[0.898 ]')
('correct:', '[1     ]')
error:  0.00522621
('out:    ', '[0.679 ]')
('correct:', '[0     ]')
error:  0.23039016
('out:    ', '[0.816 ]')
('correct:', '[1     ]')
error:  0.01696785
('out:    ', '[0.994 ]')
('correct:', '[1     ]')
error:  0.00001738
('out:    ', '[0.922 ]')
('correct:', '[1     ]')
error:  0.00304729
('out:    ', '[0.649 ]')
('correct:', '[0     ]')
error:  0.21081595
('out:    ', '[0.817 ]')
('correct:', '[1     ]')
error:  0.01681102
('out:    ', '[0.967 ]')
('correct:', '[1     ]')
error:  0.00053716
('out:    ', '[0.995 ]')
('correct:', '[0     ]')
error:  0.49464253
('out:    ', '[0.637 ]')
('correct:', '[0     ]')
error:  0.20281351
('out:    ', '[0.476 ]')
('correct:', '[0     ]')
error:  0.11344877
('out:    ', '[0.954 ]')
('correct:', '[1     ]')
error:  0.00108107
('out:    ', '[0.966 ]')
('correct:', '[1     ]')
error:  0.00058172
('out:    ', '[0.664 ]')
('correct:', '[1     ]')
error:  0.05631584
('out:    ', '[0.926 ]')
('correct:', '[1     ]')
error:  0.00271226
('out:    ', '[0.523 ]')
('correct:', '[0     ]')
error:  0.13669499
('out:    ', '[0.526 ]')
('correct:', '[1     ]')
error:  0.11213241
('out:    ', '[0.861 ]')
('correct:', '[1     ]')
error:  0.00969041
('out:    ', '[0.922 ]')
('correct:', '[1     ]')
error:  0.00302551
('out:    ', '[0.835 ]')
('correct:', '[1     ]')
error:  0.01353463
('out:    ', '[0.774 ]')
('correct:', '[1     ]')
error:  0.02552803
('out:    ', '[0.423 ]')
('correct:', '[0     ]')
error:  0.08964976
('out:    ', '[0.847 ]')
('correct:', '[0     ]')
error:  0.35854207
('out:    ', '[0.759 ]')
('correct:', '[1     ]')
error:  0.02912381
('out:    ', '[0.753 ]')
('correct:', '[1     ]')
error:  0.03042918
('out:    ', '[0.721 ]')
('correct:', '[1     ]')
error:  0.03901038
('out:    ', '[0.993 ]')
('correct:', '[1     ]')
error:  0.00002215
('out:    ', '[0.405 ]')
('correct:', '[1     ]')
error:  0.17694251
('out:    ', '[0.892 ]')
('correct:', '[0     ]')
error:  0.39821695
('out:    ', '[0.813 ]')
('correct:', '[1     ]')
error:  0.01757694
('out:    ', '[0.786 ]')
('correct:', '[1     ]')
error:  0.02288130
('out:    ', '[0.674 ]')
('correct:', '[0     ]')
error:  0.22745227
('out:    ', '[0.998 ]')
('correct:', '[1     ]')
error:  0.00000290
('out:    ', '[0.654 ]')
('correct:', '[1     ]')
error:  0.05985571
('out:    ', '[0.701 ]')
('correct:', '[1     ]')
error:  0.04478903
('out:    ', '[0.781 ]')
('correct:', '[1     ]')
error:  0.02404572
('out:    ', '[0.799 ]')
('correct:', '[1     ]')
error:  0.02014738
('out:    ', '[0.792 ]')
('correct:', '[1     ]')
error:  0.02165469
('out:    ', '[0.636 ]')
('correct:', '[0     ]')
error:  0.20209903
('out:    ', '[0.866 ]')
('correct:', '[0     ]')
error:  0.37540678
('out:    ', '[0.501 ]')
('correct:', '[0     ]')
error:  0.12571657
('out:    ', '[0.725 ]')
('correct:', '[0     ]')
error:  0.26291880
('out:    ', '[0.837 ]')
('correct:', '[0     ]')
error:  0.35015245
('out:    ', '[0.721 ]')
('correct:', '[0     ]')
error:  0.25999191
('out:    ', '[0.58  ]')
('correct:', '[1     ]')
error:  0.08814250
('out:    ', '[0.807 ]')
('correct:', '[0     ]')
error:  0.32536206
('out:    ', '[0.232 ]')
('correct:', '[1     ]')
error:  0.29514991
('out:    ', '[0.91  ]')
('correct:', '[1     ]')
error:  0.00403243
('out:    ', '[0.595 ]')
('correct:', '[0     ]')
error:  0.17714090
('out:    ', '[0.807 ]')
('correct:', '[0     ]')
error:  0.32546843
('out:    ', '[0.829 ]')
('correct:', '[1     ]')
error:  0.01470422
('out:    ', '[0.908 ]')
('correct:', '[1     ]')
error:  0.00421940
('out:    ', '[0.708 ]')
('correct:', '[0     ]')
error:  0.25090330
('out:    ', '[0.841 ]')
('correct:', '[1     ]')
error:  0.01260772
('out:    ', '[0.559 ]')
('correct:', '[0     ]')
error:  0.15632055
('out:    ', '[0.753 ]')
('correct:', '[1     ]')
error:  0.03040132
('out:    ', '[0.913 ]')
('correct:', '[1     ]')
error:  0.00379091
('out:    ', '[0.91  ]')
('correct:', '[1     ]')
error:  0.00408312
('out:    ', '[0.788 ]')
('correct:', '[0     ]')
error:  0.31065592
('out:    ', '[0.888 ]')
('correct:', '[1     ]')
error:  0.00622518
('out:    ', '[0.821 ]')
('correct:', '[1     ]')
error:  0.01606021
('out:    ', '[0.813 ]')
('correct:', '[1     ]')
error:  0.01757181
('out:    ', '[0.891 ]')
('correct:', '[0     ]')
error:  0.39653496
('out:    ', '[0.87  ]')
('correct:', '[1     ]')
error:  0.00840940
('out:    ', '[0.792 ]')
('correct:', '[1     ]')
error:  0.02161821
('out:    ', '[0.946 ]')
('correct:', '[1     ]')
error:  0.00144294
('out:    ', '[0.823 ]')
('correct:', '[0     ]')
error:  0.33846082
('out:    ', '[0.76  ]')
('correct:', '[1     ]')
error:  0.02873453
('out:    ', '[0.761 ]')
('correct:', '[1     ]')
error:  0.02858743
('out:    ', '[0.858 ]')
('correct:', '[1     ]')
error:  0.01011737
('out:    ', '[0.623 ]')
('correct:', '[1     ]')
error:  0.07115573
('out:    ', '[0.695 ]')
('correct:', '[0     ]')
error:  0.24135044
('out:    ', '[0.609 ]')
('correct:', '[0     ]')
error:  0.18552562
('out:    ', '[0.626 ]')
('correct:', '[1     ]')
error:  0.06999390
('out:    ', '[0.824 ]')
('correct:', '[1     ]')
error:  0.01541660
('out:    ', '[0.8   ]')
('correct:', '[0     ]')
error:  0.31991886
('out:    ', '[0.617 ]')
('correct:', '[0     ]')
error:  0.19056070
('out:    ', '[0.61  ]')
('correct:', '[1     ]')
error:  0.07614706
('out:    ', '[0.805 ]')
('correct:', '[1     ]')
error:  0.01903574
('out:    ', '[0.908 ]')
('correct:', '[1     ]')
error:  0.00425543
('out:    ', '[0.836 ]')
('correct:', '[1     ]')
error:  0.01341964
('out:    ', '[0.78  ]')
('correct:', '[1     ]')
error:  0.02412022
('out:    ', '[0.914 ]')
('correct:', '[1     ]')
error:  0.00373864
('out:    ', '[0.794 ]')
('correct:', '[1     ]')
error:  0.02128556
('out:    ', '[0.741 ]')
('correct:', '[1     ]')
error:  0.03356809
('out:    ', '[0.355 ]')
('correct:', '[0     ]')
error:  0.06308706
('out:    ', '[0.713 ]')
('correct:', '[1     ]')
error:  0.04111357
('out:    ', '[0.979 ]')
('correct:', '[1     ]')
error:  0.00021828
('out:    ', '[0.919 ]')
('correct:', '[1     ]')
error:  0.00324612
('out:    ', '[0.82  ]')
('correct:', '[1     ]')
error:  0.01623318
('out:    ', '[0.265 ]')
('correct:', '[0     ]')
error:  0.03505900
('out:    ', '[0.654 ]')
('correct:', '[1     ]')
error:  0.06002527
('out:    ', '[0.66  ]')
('correct:', '[0     ]')
error:  0.21783676
('out:    ', '[0.859 ]')
('correct:', '[1     ]')
error:  0.00989965
('out:    ', '[0.894 ]')
('correct:', '[1     ]')
error:  0.00560292
('out:    ', '[0.76  ]')
('correct:', '[0     ]')
error:  0.28914786
('out:    ', '[0.685 ]')
('correct:', '[0     ]')
error:  0.23458189
('out:    ', '[0.863 ]')
('correct:', '[0     ]')
error:  0.37205015
('out:    ', '[0.922 ]')
('correct:', '[1     ]')
error:  0.00305236
('out:    ', '[0.841 ]')
('correct:', '[1     ]')
error:  0.01267665
('out:    ', '[0.617 ]')
('correct:', '[1     ]')
error:  0.07330753
('out:    ', '[0.758 ]')
('correct:', '[1     ]')
error:  0.02918509
('out:    ', '[0.78  ]')
('correct:', '[1     ]')
error:  0.02411871
('out:    ', '[0.891 ]')
('correct:', '[0     ]')
error:  0.39700507
('out:    ', '[0.927 ]')
('correct:', '[1     ]')
error:  0.00268931
('out:    ', '[0.74  ]')
('correct:', '[0     ]')
error:  0.27353376
('out:    ', '[0.773 ]')
('correct:', '[0     ]')
error:  0.29892038
('out:    ', '[0.769 ]')
('correct:', '[1     ]')
error:  0.02658966
('out:    ', '[0.721 ]')
('correct:', '[1     ]')
error:  0.03891567
('out:    ', '[0.857 ]')
('correct:', '[1     ]')
error:  0.01015731
('out:    ', '[0.717 ]')
('correct:', '[1     ]')
error:  0.04015951
('out:    ', '[0.908 ]')
('correct:', '[0     ]')
error:  0.41202544
('out:    ', '[0.688 ]')
('correct:', '[0     ]')
error:  0.23674757
('out:    ', '[0.624 ]')
('correct:', '[0     ]')
error:  0.19460657
('out:    ', '[0.944 ]')
('correct:', '[1     ]')
error:  0.00155262
('out:    ', '[0.945 ]')
('correct:', '[1     ]')
error:  0.00150550
('out:    ', '[0.929 ]')
('correct:', '[1     ]')
error:  0.00249504
('out:    ', '[0.638 ]')
('correct:', '[0     ]')
error:  0.20374934
('out:    ', '[0.873 ]')
('correct:', '[1     ]')
error:  0.00807297
('out:    ', '[0.777 ]')
('correct:', '[0     ]')
error:  0.30211564
('out:    ', '[0.893 ]')
('correct:', '[1     ]')
error:  0.00567451
('out:    ', '[0.546 ]')
('correct:', '[0     ]')
error:  0.14900844
('out:    ', '[0.87  ]')
('correct:', '[1     ]')
error:  0.00844478
('out:    ', '[0.963 ]')
('correct:', '[1     ]')
error:  0.00066987
('out:    ', '[0.641 ]')
('correct:', '[1     ]')
error:  0.06445398
('out:    ', '[0.947 ]')
('correct:', '[1     ]')
error:  0.00141148
('out:    ', '[0.796 ]')
('correct:', '[1     ]')
error:  0.02078343
('out:    ', '[0.623 ]')
('correct:', '[1     ]')
error:  0.07115886
('out:    ', '[0.83  ]')
('correct:', '[1     ]')
error:  0.01453160
('out:    ', '[0.698 ]')
('correct:', '[1     ]')
error:  0.04561866
('out:    ', '[0.578 ]')
('correct:', '[1     ]')
error:  0.08919297
('out:    ', '[0.812 ]')
('correct:', '[0     ]')
error:  0.33004885
('out:    ', '[0.945 ]')
('correct:', '[1     ]')
error:  0.00153913
('out:    ', '[0.731 ]')
('correct:', '[1     ]')
error:  0.03612259
('out:    ', '[0.979 ]')
('correct:', '[0     ]')
error:  0.47922932
('out:    ', '[0.872 ]')
('correct:', '[1     ]')
error:  0.00821729
('out:    ', '[0.954 ]')
('correct:', '[1     ]')
error:  0.00107054
('out:    ', '[0.907 ]')
('correct:', '[1     ]')
error:  0.00428424
('out:    ', '[0.943 ]')
('correct:', '[1     ]')
error:  0.00163660
('out:    ', '[0.88  ]')
('correct:', '[0     ]')
error:  0.38679775
('out:    ', '[0.879 ]')
('correct:', '[1     ]')
error:  0.00734563
('out:    ', '[0.677 ]')
('correct:', '[1     ]')
error:  0.05204275
('out:    ', '[0.748 ]')
('correct:', '[1     ]')
error:  0.03183415
('out:    ', '[0.943 ]')
('correct:', '[0     ]')
error:  0.44445181
('out:    ', '[0.75  ]')
('correct:', '[1     ]')
error:  0.03115983
('out:    ', '[0.667 ]')
('correct:', '[0     ]')
error:  0.22234428
('out:    ', '[0.51  ]')
('correct:', '[0     ]')
error:  0.13010691
('out:    ', '[0.513 ]')
('correct:', '[0     ]')
error:  0.13144035
('out:    ', '[0.982 ]')
('correct:', '[0     ]')
error:  0.48198667
('out:    ', '[0.774 ]')
('correct:', '[1     ]')
error:  0.02554547
('out:    ', '[0.777 ]')
('correct:', '[1     ]')
error:  0.02477660
('out:    ', '[0.798 ]')
('correct:', '[1     ]')
error:  0.02035363
('out:    ', '[0.986 ]')
('correct:', '[0     ]')
error:  0.48607521
('out:    ', '[0.798 ]')
('correct:', '[1     ]')
error:  0.02040447
('out:    ', '[0.602 ]')
('correct:', '[0     ]')
error:  0.18133543
('out:    ', '[0.71  ]')
('correct:', '[0     ]')
error:  0.25221835
('out:    ', '[0.882 ]')
('correct:', '[0     ]')
error:  0.38919531
('out:    ', '[0.905 ]')
('correct:', '[1     ]')
error:  0.00447182
('out:    ', '[0.671 ]')
('correct:', '[0     ]')
error:  0.22514654
('out:    ', '[0.937 ]')
('correct:', '[1     ]')
error:  0.00200280
('out:    ', '[0.955 ]')
('correct:', '[1     ]')
error:  0.00099805
('out:    ', '[0.451 ]')
('correct:', '[0     ]')
error:  0.10163324
('out:    ', '[0.803 ]')
('correct:', '[1     ]')
error:  0.01934085
('out:    ', '[0.591 ]')
('correct:', '[0     ]')
error:  0.17475295
('out:    ', '[0.93  ]')
('correct:', '[1     ]')
error:  0.00245416
('out:    ', '[0.276 ]')
('correct:', '[0     ]')
error:  0.03809106
('out:    ', '[0.733 ]')
('correct:', '[1     ]')
error:  0.03556570
('out:    ', '[0.785 ]')
('correct:', '[1     ]')
error:  0.02309484
('out:    ', '[0.856 ]')
('correct:', '[0     ]')
error:  0.36646644
('out:    ', '[0.834 ]')
('correct:', '[1     ]')
error:  0.01383384
('out:    ', '[0.169 ]')
('correct:', '[0     ]')
error:  0.01422850
('out:    ', '[0.81  ]')
('correct:', '[0     ]')
error:  0.32816238
('out:    ', '[0.833 ]')
('correct:', '[1     ]')
error:  0.01386928
('out:    ', '[0.828 ]')
('correct:', '[0     ]')
error:  0.34257124
('out:    ', '[0.597 ]')
('correct:', '[0     ]')
error:  0.17847759
('out:    ', '[0.827 ]')
('correct:', '[1     ]')
error:  0.01492812
('out:    ', '[0.73  ]')
('correct:', '[1     ]')
error:  0.03642018
('out:    ', '[0.577 ]')
('correct:', '[0     ]')
error:  0.16655522
('out:    ', '[0.573 ]')
('correct:', '[0     ]')
error:  0.16434562
('out:    ', '[0.75  ]')
('correct:', '[1     ]')
error:  0.03119976
('out:    ', '[0.289 ]')
('correct:', '[0     ]')
error:  0.04185319
('out:    ', '[0.803 ]')
('correct:', '[0     ]')
error:  0.32207357
('out:    ', '[0.629 ]')
('correct:', '[0     ]')
error:  0.19757865
('out:    ', '[0.801 ]')
('correct:', '[1     ]')
error:  0.01974091
('out:    ', '[0.595 ]')
('correct:', '[1     ]')
error:  0.08215417
('out:    ', '[0.927 ]')
('correct:', '[1     ]')
error:  0.00263512
('out:    ', '[0.923 ]')
('correct:', '[1     ]')
error:  0.00299400
('out:    ', '[0.552 ]')
('correct:', '[1     ]')
error:  0.10021196
('out:    ', '[0.692 ]')
('correct:', '[1     ]')
error:  0.04734064
('out:    ', '[0.864 ]')
('correct:', '[1     ]')
error:  0.00924196
('out:    ', '[0.896 ]')
('correct:', '[1     ]')
error:  0.00545826
('out:    ', '[0.627 ]')
('correct:', '[0     ]')
error:  0.19626367
('out:    ', '[0.89  ]')
('correct:', '[1     ]')
error:  0.00610184
('out:    ', '[0.768 ]')
('correct:', '[1     ]')
error:  0.02699294
('out:    ', '[0.594 ]')
('correct:', '[1     ]')
error:  0.08248235
('out:    ', '[0.71  ]')
('correct:', '[0     ]')
error:  0.25191617
('out:    ', '[0.892 ]')
('correct:', '[1     ]')
error:  0.00577834
('out:    ', '[0.919 ]')
('correct:', '[1     ]')
error:  0.00327827
('out:    ', '[0.742 ]')
('correct:', '[0     ]')
error:  0.27535022
('out:    ', '[0.911 ]')
('correct:', '[1     ]')
error:  0.00395734
('out:    ', '[0.608 ]')
('correct:', '[0     ]')
error:  0.18484969
('out:    ', '[0.146 ]')
('correct:', '[0     ]')
error:  0.01064040
('out:    ', '[0.936 ]')
('correct:', '[1     ]')
error:  0.00206522
('out:    ', '[0.948 ]')
('correct:', '[1     ]')
error:  0.00133232
('out:    ', '[0.82  ]')
('correct:', '[1     ]')
error:  0.01629001
('out:    ', '[0.866 ]')
('correct:', '[1     ]')
error:  0.00891929
('out:    ', '[0.758 ]')
('correct:', '[1     ]')
error:  0.02939294
('out:    ', '[0.919 ]')
('correct:', '[1     ]')
error:  0.00327425
('out:    ', '[0.702 ]')
('correct:', '[1     ]')
error:  0.04431238
('out:    ', '[0.545 ]')
('correct:', '[0     ]')
error:  0.14834953
('out:    ', '[0.901 ]')
('correct:', '[0     ]')
error:  0.40622877
('out:    ', '[0.946 ]')
('correct:', '[1     ]')
error:  0.00147879
('out:    ', '[0.252 ]')
('correct:', '[0     ]')
error:  0.03177654
('out:    ', '[0.948 ]')
('correct:', '[1     ]')
error:  0.00134136
('out:    ', '[0.792 ]')
('correct:', '[1     ]')
error:  0.02161157
('out:    ', '[0.179 ]')
('correct:', '[0     ]')
error:  0.01596834
('out:    ', '[0.275 ]')
('correct:', '[1     ]')
error:  0.26296062
('out:    ', '[0.729 ]')
('correct:', '[0     ]')
error:  0.26585603
('out:    ', '[0.929 ]')
('correct:', '[1     ]')
error:  0.00250972
('out:    ', '[0.924 ]')
('correct:', '[0     ]')
error:  0.42658458
('out:    ', '[0.636 ]')
('correct:', '[1     ]')
error:  0.06614166
('out:    ', '[0.713 ]')
('correct:', '[1     ]')
error:  0.04127241
('out:    ', '[0.752 ]')
('correct:', '[0     ]')
error:  0.28298826
('out:    ', '[0.729 ]')
('correct:', '[0     ]')
error:  0.26601737
('out:    ', '[0.943 ]')
('correct:', '[1     ]')
error:  0.00164024
('out:    ', '[0.917 ]')
('correct:', '[1     ]')
error:  0.00344897
('out:    ', '[0.655 ]')
('correct:', '[0     ]')
error:  0.21473885
('out:    ', '[0.635 ]')
('correct:', '[1     ]')
error:  0.06669036
('out:    ', '[0.832 ]')
('correct:', '[1     ]')
error:  0.01403332
('out:    ', '[0.911 ]')
('correct:', '[1     ]')
error:  0.00392730
('out:    ', '[0.648 ]')
('correct:', '[1     ]')
error:  0.06179219
('out:    ', '[0.938 ]')
('correct:', '[1     ]')
error:  0.00189828
('out:    ', '[0.935 ]')
('correct:', '[1     ]')
error:  0.00208813
('out:    ', '[0.732 ]')
('correct:', '[0     ]')
error:  0.26802950
('out:    ', '[0.618 ]')
('correct:', '[1     ]')
error:  0.07310075
('out:    ', '[0.799 ]')
('correct:', '[1     ]')
error:  0.02024332
('out:    ', '[0.631 ]')
('correct:', '[0     ]')
error:  0.19923148
('out:    ', '[0.631 ]')
('correct:', '[1     ]')
error:  0.06792190
('out:    ', '[0.845 ]')
('correct:', '[0     ]')
error:  0.35689791
('out:    ', '[0.93  ]')
('correct:', '[1     ]')
error:  0.00245513
('out:    ', '[0.851 ]')
('correct:', '[1     ]')
error:  0.01103537
('out:    ', '[0.8   ]')
('correct:', '[0     ]')
error:  0.32024827
('out:    ', '[0.629 ]')
('correct:', '[0     ]')
error:  0.19755504
('out:    ', '[0.842 ]')
('correct:', '[1     ]')
error:  0.01252692
('out:    ', '[0.946 ]')
('correct:', '[1     ]')
error:  0.00143904
('out:    ', '[0.662 ]')
('correct:', '[1     ]')
error:  0.05704193
('out:    ', '[0.593 ]')
('correct:', '[0     ]')
error:  0.17584657
('out:    ', '[0.991 ]')
('correct:', '[0     ]')
error:  0.49082191
('out:    ', '[0.57  ]')
('correct:', '[0     ]')
error:  0.16219938
('out:    ', '[0.819 ]')
('correct:', '[0     ]')
error:  0.33524469
('out:    ', '[0.737 ]')
('correct:', '[0     ]')
error:  0.27123301
('out:    ', '[0.825 ]')
('correct:', '[1     ]')
error:  0.01536247
('out:    ', '[0.8   ]')
('correct:', '[1     ]')
error:  0.02006497
('out:    ', '[0.897 ]')
('correct:', '[1     ]')
error:  0.00528603
('out:    ', '[0.683 ]')
('correct:', '[1     ]')
error:  0.05029079
('out:    ', '[0.829 ]')
('correct:', '[1     ]')
error:  0.01457762
('out:    ', '[0.987 ]')
('correct:', '[1     ]')
error:  0.00008692
('out:    ', '[0.711 ]')
('correct:', '[1     ]')
error:  0.04172584
('out:    ', '[0.698 ]')
('correct:', '[0     ]')
error:  0.24394073
('out:    ', '[0.979 ]')
('correct:', '[1     ]')
error:  0.00022311
('out:    ', '[0.632 ]')
('correct:', '[1     ]')
error:  0.06784197
('out:    ', '[0.894 ]')
('correct:', '[1     ]')
error:  0.00565313
('out:    ', '[0.898 ]')
('correct:', '[1     ]')
error:  0.00524061
('out:    ', '[0.301 ]')
('correct:', '[1     ]')
error:  0.24452405
('out:    ', '[0.755 ]')
('correct:', '[1     ]')
error:  0.02992265
('out:    ', '[0.756 ]')
('correct:', '[0     ]')
error:  0.28556259
('out:    ', '[0.8   ]')
('correct:', '[0     ]')
error:  0.32009367
('out:    ', '[0.967 ]')
('correct:', '[1     ]')
error:  0.00053386
('out:    ', '[0.858 ]')
('correct:', '[1     ]')
error:  0.01014040
('out:    ', '[0.642 ]')
('correct:', '[0     ]')
error:  0.20627127
('out:    ', '[0.646 ]')
('correct:', '[1     ]')
error:  0.06251037
('out:    ', '[0.723 ]')
('correct:', '[0     ]')
error:  0.26145025
('out:    ', '[0.736 ]')
('correct:', '[1     ]')
error:  0.03494027
('out:    ', '[0.799 ]')
('correct:', '[0     ]')
error:  0.31946177
('out:    ', '[0.685 ]')
('correct:', '[1     ]')
error:  0.04955592
('out:    ', '[0.438 ]')
('correct:', '[1     ]')
error:  0.15769937
('out:    ', '[0.711 ]')
('correct:', '[1     ]')
error:  0.04183162
('out:    ', '[0.779 ]')
('correct:', '[1     ]')
error:  0.02436434
('out:    ', '[0.735 ]')
('correct:', '[1     ]')
error:  0.03512026
('out:    ', '[0.727 ]')
('correct:', '[1     ]')
error:  0.03715577
('out:    ', '[0.782 ]')
('correct:', '[1     ]')
error:  0.02386869
('out:    ', '[0.697 ]')
('correct:', '[0     ]')
error:  0.24285999
('out:    ', '[0.678 ]')
('correct:', '[1     ]')
error:  0.05186301
('out:    ', '[0.91  ]')
('correct:', '[0     ]')
error:  0.41378414
('out:    ', '[0.672 ]')
('correct:', '[1     ]')
error:  0.05392784
('out:    ', '[0.791 ]')
('correct:', '[1     ]')
error:  0.02192250
('out:    ', '[0.99  ]')
('correct:', '[1     ]')
error:  0.00004909
('out:    ', '[0.681 ]')
('correct:', '[1     ]')
error:  0.05096215
('out:    ', '[0.946 ]')
('correct:', '[1     ]')
error:  0.00143226
('out:    ', '[0.955 ]')
('correct:', '[1     ]')
error:  0.00100734
('out:    ', '[0.707 ]')
('correct:', '[1     ]')
error:  0.04294673
('out:    ', '[0.7   ]')
('correct:', '[1     ]')
error:  0.04488573
('out:    ', '[0.712 ]')
('correct:', '[1     ]')
error:  0.04142075
('out:    ', '[0.846 ]')
('correct:', '[0     ]')
error:  0.35756523
('out:    ', '[0.839 ]')
('correct:', '[1     ]')
error:  0.01298194
('out:    ', '[0.789 ]')
('correct:', '[0     ]')
error:  0.31122869
('out:    ', '[0.775 ]')
('correct:', '[0     ]')
error:  0.30009364
('out:    ', '[0.796 ]')
('correct:', '[0     ]')
error:  0.31707885
('out:    ', '[0.646 ]')
('correct:', '[0     ]')
error:  0.20851674
('out:    ', '[0.738 ]')
('correct:', '[0     ]')
error:  0.27214792
('out:    ', '[0.214 ]')
('correct:', '[0     ]')
error:  0.02288662
('out:    ', '[0.832 ]')
('correct:', '[1     ]')
error:  0.01403717
('out:    ', '[0.486 ]')
('correct:', '[1     ]')
error:  0.13185373
('out:    ', '[0.558 ]')
('correct:', '[0     ]')
error:  0.15590505
('out:    ', '[0.928 ]')
('correct:', '[1     ]')
error:  0.00262156
('out:    ', '[0.589 ]')
('correct:', '[0     ]')
error:  0.17328186
('out:    ', '[0.727 ]')
('correct:', '[1     ]')
error:  0.03719362
('out:    ', '[0.876 ]')
('correct:', '[1     ]')
error:  0.00766765
('out:    ', '[0.943 ]')
('correct:', '[0     ]')
error:  0.44446048
('out:    ', '[0.852 ]')
('correct:', '[1     ]')
error:  0.01095087
('out:    ', '[0.907 ]')
('correct:', '[0     ]')
error:  0.41093113
('out:    ', '[0.728 ]')
('correct:', '[0     ]')
error:  0.26483507
('out:    ', '[0.9   ]')
('correct:', '[1     ]')
error:  0.00495267
('out:    ', '[0.349 ]')
('correct:', '[0     ]')
error:  0.06095172
('out:    ', '[0.837 ]')
('correct:', '[0     ]')
error:  0.35060867
('out:    ', '[0.651 ]')
('correct:', '[1     ]')
error:  0.06081673
('out:    ', '[0.861 ]')
('correct:', '[1     ]')
error:  0.00969655
('out:    ', '[0.872 ]')
('correct:', '[1     ]')
error:  0.00818051
('out:    ', '[0.951 ]')
('correct:', '[1     ]')
error:  0.00121015
('out:    ', '[0.488 ]')
('correct:', '[0     ]')
error:  0.11919939
('out:    ', '[0.888 ]')
('correct:', '[1     ]')
error:  0.00624180
('out:    ', '[0.989 ]')
('correct:', '[1     ]')
error:  0.00005878
('out:    ', '[0.736 ]')
('correct:', '[1     ]')
error:  0.03491755
('out:    ', '[0.901 ]')
('correct:', '[1     ]')
error:  0.00487644
('out:    ', '[0.819 ]')
('correct:', '[1     ]')
error:  0.01643121
('out:    ', '[0.589 ]')
('correct:', '[0     ]')
error:  0.17352362
('out:    ', '[0.653 ]')
('correct:', '[1     ]')
error:  0.06035061
('out:    ', '[0.617 ]')
('correct:', '[1     ]')
error:  0.07324715
('out:    ', '[0.66  ]')
('correct:', '[0     ]')
error:  0.21806861
('out:    ', '[0.812 ]')
('correct:', '[1     ]')
error:  0.01771533
('out:    ', '[0.646 ]')
('correct:', '[0     ]')
error:  0.20897748
('out:    ', '[0.745 ]')
('correct:', '[0     ]')
error:  0.27715644
('out:    ', '[0.757 ]')
('correct:', '[0     ]')
error:  0.28676385
('out:    ', '[0.831 ]')
('correct:', '[1     ]')
error:  0.01431750
('out:    ', '[0.75  ]')
('correct:', '[1     ]')
error:  0.03137296
('out:    ', '[0.955 ]')
('correct:', '[1     ]')
error:  0.00100256
('out:    ', '[0.584 ]')
('correct:', '[0     ]')
error:  0.17034117
('out:    ', '[0.277 ]')
('correct:', '[0     ]')
error:  0.03826111
('out:    ', '[0.695 ]')
('correct:', '[1     ]')
error:  0.04637126
('out:    ', '[0.577 ]')
('correct:', '[0     ]')
error:  0.16655189
('out:    ', '[0.609 ]')
('correct:', '[0     ]')
error:  0.18517338
('out:    ', '[0.985 ]')
('correct:', '[0     ]')
error:  0.48490963
('out:    ', '[0.804 ]')
('correct:', '[1     ]')
error:  0.01917263
('out:    ', '[0.847 ]')
('correct:', '[1     ]')
error:  0.01169998
('out:    ', '[0.631 ]')
('correct:', '[1     ]')
error:  0.06809924
('out:    ', '[0.637 ]')
('correct:', '[1     ]')
error:  0.06597154
('out:    ', '[0.876 ]')
('correct:', '[0     ]')
error:  0.38329106
('out:    ', '[0.977 ]')
('correct:', '[0     ]')
error:  0.47738663
('out:    ', '[0.89  ]')
('correct:', '[1     ]')
error:  0.00602463
('out:    ', '[0.65  ]')
('correct:', '[0     ]')
error:  0.21142548
('out:    ', '[0.706 ]')
('correct:', '[0     ]')
error:  0.24917051
('out:    ', '[0.557 ]')
('correct:', '[1     ]')
error:  0.09799552
('out:    ', '[0.984 ]')
('correct:', '[1     ]')
error:  0.00013540
('out:    ', '[0.511 ]')
('correct:', '[0     ]')
error:  0.13077462
('out:    ', '[0.544 ]')
('correct:', '[0     ]')
error:  0.14771949
('out:    ', '[0.649 ]')
('correct:', '[0     ]')
error:  0.21040327
('out:    ', '[0.735 ]')
('correct:', '[0     ]')
error:  0.27027581
('out:    ', '[0.91  ]')
('correct:', '[0     ]')
error:  0.41373057
('out:    ', '[0.61  ]')
('correct:', '[1     ]')
error:  0.07609416
('out:    ', '[0.889 ]')
('correct:', '[1     ]')
error:  0.00616848
('out:    ', '[0.901 ]')
('correct:', '[1     ]')
error:  0.00493411
('out:    ', '[0.88  ]')
('correct:', '[1     ]')
error:  0.00714890
('out:    ', '[0.9   ]')
('correct:', '[0     ]')
error:  0.40492033
('out:    ', '[0.899 ]')
('correct:', '[1     ]')
error:  0.00513288
('out:    ', '[0.445 ]')
('correct:', '[1     ]')
error:  0.15409857
('out:    ', '[0.85  ]')
('correct:', '[1     ]')
error:  0.01120179
('out:    ', '[0.611 ]')
('correct:', '[0     ]')
error:  0.18639917
('out:    ', '[0.866 ]')
('correct:', '[0     ]')
error:  0.37482814
('out:    ', '[0.95  ]')
('correct:', '[1     ]')
error:  0.00127055
('out:    ', '[0.778 ]')
('correct:', '[1     ]')
error:  0.02457706
('out:    ', '[0.791 ]')
('correct:', '[1     ]')
error:  0.02178142
('out:    ', '[0.257 ]')
('correct:', '[1     ]')
error:  0.27618199
('out:    ', '[0.238 ]')
('correct:', '[0     ]')
error:  0.02842440
('out:    ', '[0.951 ]')
('correct:', '[1     ]')
error:  0.00120976
('out:    ', '[0.919 ]')
('correct:', '[1     ]')
error:  0.00328181
('out:    ', '[0.785 ]')
('correct:', '[1     ]')
error:  0.02306059
('out:    ', '[0.846 ]')
('correct:', '[1     ]')
error:  0.01183004
('out:    ', '[0.989 ]')
('correct:', '[0     ]')
error:  0.48877410
('out:    ', '[0.336 ]')
('correct:', '[0     ]')
error:  0.05628250
('out:    ', '[0.916 ]')
('correct:', '[1     ]')
error:  0.00355004
('out:    ', '[0.935 ]')
('correct:', '[1     ]')
error:  0.00209756
('out:    ', '[0.783 ]')
('correct:', '[1     ]')
error:  0.02352216
('out:    ', '[0.637 ]')
('correct:', '[1     ]')
error:  0.06598008
('out:    ', '[0.912 ]')
('correct:', '[1     ]')
error:  0.00383396
('out:    ', '[0.644 ]')
('correct:', '[0     ]')
error:  0.20709031
('out:    ', '[0.661 ]')
('correct:', '[0     ]')
error:  0.21814279
('out:    ', '[0.482 ]')
('correct:', '[1     ]')
error:  0.13413332
('out:    ', '[0.66  ]')
('correct:', '[1     ]')
error:  0.05794480
('out:    ', '[0.735 ]')
('correct:', '[1     ]')
error:  0.03500469
('out:    ', '[0.974 ]')
('correct:', '[1     ]')
error:  0.00033117
('out:    ', '[0.938 ]')
('correct:', '[1     ]')
error:  0.00194099
('out:    ', '[0.946 ]')
('correct:', '[1     ]')
error:  0.00146563
('out:    ', '[0.805 ]')
('correct:', '[1     ]')
error:  0.01909367
('out:    ', '[0.897 ]')
('correct:', '[1     ]')
error:  0.00525797
('out:    ', '[0.797 ]')
('correct:', '[1     ]')
error:  0.02052898
('out:    ', '[0.949 ]')
('correct:', '[0     ]')
error:  0.44991689
('out:    ', '[0.958 ]')
('correct:', '[1     ]')
error:  0.00086883
('out:    ', '[0.483 ]')
('correct:', '[1     ]')
error:  0.13341834
('out:    ', '[0.483 ]')
('correct:', '[1     ]')
error:  0.13341834
('out:    ', '[0.36  ]')
('correct:', '[0     ]')
error:  0.06496206
('out:    ', '[0.857 ]')
('correct:', '[1     ]')
error:  0.01017097
('out:    ', '[0.795 ]')
('correct:', '[1     ]')
error:  0.02107882
('out:    ', '[0.769 ]')
('correct:', '[1     ]')
error:  0.02657256
('out:    ', '[0.84  ]')
('correct:', '[0     ]')
error:  0.35272645
('out:    ', '[0.793 ]')
('correct:', '[1     ]')
error:  0.02146471
('out:    ', '[0.654 ]')
('correct:', '[0     ]')
error:  0.21386849
('out:    ', '[0.743 ]')
('correct:', '[1     ]')
error:  0.03303330
('out:    ', '[0.719 ]')
('correct:', '[1     ]')
error:  0.03947867
('out:    ', '[0.889 ]')
('correct:', '[1     ]')
error:  0.00619039
('out:    ', '[0.946 ]')
('correct:', '[1     ]')
error:  0.00147828
('out:    ', '[0.539 ]')
('correct:', '[0     ]')
error:  0.14526084
('out:    ', '[0.416 ]')
('correct:', '[0     ]')
error:  0.08673005
('out:    ', '[0.895 ]')
('correct:', '[1     ]')
error:  0.00546808
('out:    ', '[0.67  ]')
('correct:', '[1     ]')
error:  0.05433883
('out:    ', '[0.495 ]')
('correct:', '[0     ]')
error:  0.12232403
('out:    ', '[0.916 ]')
('correct:', '[0     ]')
error:  0.41965264
('out:    ', '[0.876 ]')
('correct:', '[1     ]')
error:  0.00771534
('out:    ', '[0.573 ]')
('correct:', '[1     ]')
error:  0.09132312
('out:    ', '[0.798 ]')
('correct:', '[0     ]')
error:  0.31847642
('out:    ', '[0.927 ]')
('correct:', '[1     ]')
error:  0.00263414
('out:    ', '[0.29  ]')
('correct:', '[0     ]')
error:  0.04203985
('out:    ', '[0.814 ]')
('correct:', '[1     ]')
error:  0.01725664
('out:    ', '[0.781 ]')
('correct:', '[1     ]')
error:  0.02407386
('out:    ', '[0.552 ]')
('correct:', '[0     ]')
error:  0.15209094
('out:    ', '[0.631 ]')
('correct:', '[0     ]')
error:  0.19935446
('out:    ', '[0.592 ]')
('correct:', '[1     ]')
error:  0.08328978
('out:    ', '[0.839 ]')
('correct:', '[1     ]')
error:  0.01290719
('out:    ', '[0.906 ]')
('correct:', '[1     ]')
error:  0.00439894
('out:    ', '[0.557 ]')
('correct:', '[0     ]')
error:  0.15488685
('out:    ', '[0.903 ]')
('correct:', '[0     ]')
error:  0.40801367
('out:    ', '[0.839 ]')
('correct:', '[1     ]')
error:  0.01301076
('out:    ', '[0.876 ]')
('correct:', '[0     ]')
error:  0.38343813
('out:    ', '[0.272 ]')
('correct:', '[1     ]')
error:  0.26506846
('out:    ', '[0.61  ]')
('correct:', '[0     ]')
error:  0.18596094
('out:    ', '[0.925 ]')
('correct:', '[1     ]')
error:  0.00281144
('out:    ', '[0.754 ]')
('correct:', '[1     ]')
error:  0.03018983
('out:    ', '[0.722 ]')
('correct:', '[1     ]')
error:  0.03877382
('out:    ', '[0.635 ]')
('correct:', '[1     ]')
error:  0.06649995
('out:    ', '[0.899 ]')
('correct:', '[1     ]')
error:  0.00506768
('out:    ', '[0.877 ]')
('correct:', '[1     ]')
error:  0.00758119
('out:    ', '[0.901 ]')
('correct:', '[1     ]')
error:  0.00494710
('out:    ', '[0.591 ]')
('correct:', '[0     ]')
error:  0.17438331
('out:    ', '[0.81  ]')
('correct:', '[1     ]')
error:  0.01806753
('out:    ', '[0.527 ]')
('correct:', '[1     ]')
error:  0.11207245
('out:    ', '[0.635 ]')
('correct:', '[1     ]')
error:  0.06653929
('out:    ', '[0.84  ]')
('correct:', '[1     ]')
error:  0.01287400
('out:    ', '[0.434 ]')
('correct:', '[0     ]')
error:  0.09414107
('out:    ', '[0.794 ]')
('correct:', '[1     ]')
error:  0.02113410
('out:    ', '[0.969 ]')
('correct:', '[0     ]')
error:  0.46912540
('out:    ', '[0.688 ]')
('correct:', '[1     ]')
error:  0.04877883
('out:    ', '[0.845 ]')
('correct:', '[1     ]')
error:  0.01197657
('out:    ', '[0.835 ]')
('correct:', '[1     ]')
error:  0.01363780
('out:    ', '[0.632 ]')
('correct:', '[1     ]')
error:  0.06763911
('out:    ', '[0.936 ]')
('correct:', '[1     ]')
error:  0.00202540
('out:    ', '[0.903 ]')
('correct:', '[1     ]')
error:  0.00471516
('out:    ', '[0.799 ]')
('correct:', '[1     ]')
error:  0.02015575
('out:    ', '[0.871 ]')
('correct:', '[0     ]')
error:  0.37920223
('out:    ', '[0.752 ]')
('correct:', '[1     ]')
error:  0.03071695
('out:    ', '[0.989 ]')
('correct:', '[1     ]')
error:  0.00005589
('out:    ', '[0.808 ]')
('correct:', '[1     ]')
error:  0.01846281
('out:    ', '[0.997 ]')
('correct:', '[1     ]')
error:  0.00000343
('out:    ', '[0.633 ]')
('correct:', '[0     ]')
error:  0.20027110
('out:    ', '[0.758 ]')
('correct:', '[1     ]')
error:  0.02931133
('out:    ', '[0.787 ]')
('correct:', '[1     ]')
error:  0.02258527
('out:    ', '[0.689 ]')
('correct:', '[1     ]')
error:  0.04847596
('out:    ', '[0.603 ]')
('correct:', '[1     ]')
error:  0.07890566
('out:    ', '[0.593 ]')
('correct:', '[0     ]')
error:  0.17604073
('out:    ', '[0.787 ]')
('correct:', '[1     ]')
error:  0.02279040
('out:    ', '[0.89  ]')
('correct:', '[1     ]')
error:  0.00604291
('out:    ', '[0.808 ]')
('correct:', '[0     ]')
error:  0.32622940
('out:    ', '[0.884 ]')
('correct:', '[1     ]')
error:  0.00671263
('out:    ', '[0.768 ]')
('correct:', '[1     ]')
error:  0.02685265
('out:    ', '[0.899 ]')
('correct:', '[1     ]')
error:  0.00509788
('out:    ', '[0.992 ]')
('correct:', '[1     ]')
error:  0.00003272
('out:    ', '[0.799 ]')
('correct:', '[1     ]')
error:  0.02014839
('out:    ', '[0.638 ]')
('correct:', '[0     ]')
error:  0.20372957
('out:    ', '[0.803 ]')
('correct:', '[0     ]')
error:  0.32201789
('out:    ', '[0.287 ]')
('correct:', '[0     ]')
error:  0.04108746
('out:    ', '[0.839 ]')
('correct:', '[0     ]')
error:  0.35212244
('out:    ', '[0.711 ]')
('correct:', '[1     ]')
error:  0.04168529
('out:    ', '[0.716 ]')
('correct:', '[1     ]')
error:  0.04035719
('out:    ', '[0.824 ]')
('correct:', '[1     ]')
error:  0.01540686
('out:    ', '[0.565 ]')
('correct:', '[0     ]')
error:  0.15950197
('out:    ', '[0.824 ]')
('correct:', '[1     ]')
error:  0.01546583
('out:    ', '[0.528 ]')
('correct:', '[1     ]')
error:  0.11124731
('out:    ', '[0.907 ]')
('correct:', '[1     ]')
error:  0.00428161
('out:    ', '[0.568 ]')
('correct:', '[0     ]')
error:  0.16119687
('out:    ', '[0.86  ]')
('correct:', '[1     ]')
error:  0.00980041
('out:    ', '[0.905 ]')
('correct:', '[1     ]')
error:  0.00453878
('out:    ', '[0.974 ]')
('correct:', '[1     ]')
error:  0.00032958
('out:    ', '[0.798 ]')
('correct:', '[1     ]')
error:  0.02033349
('out:    ', '[0.482 ]')
('correct:', '[0     ]')
error:  0.11615222
('out:    ', '[0.678 ]')
('correct:', '[0     ]')
error:  0.22963883
('out:    ', '[0.822 ]')
('correct:', '[1     ]')
error:  0.01584956
('out:    ', '[0.335 ]')
('correct:', '[1     ]')
error:  0.22081258
('out:    ', '[0.826 ]')
('correct:', '[0     ]')
error:  0.34132871
('out:    ', '[0.897 ]')
('correct:', '[1     ]')
error:  0.00531076
('out:    ', '[0.937 ]')
('correct:', '[1     ]')
error:  0.00197130
('out:    ', '[0.631 ]')
('correct:', '[1     ]')
error:  0.06797110
('out:    ', '[0.592 ]')
('correct:', '[0     ]')
error:  0.17533527
('out:    ', '[0.844 ]')
('correct:', '[0     ]')
error:  0.35598801
('out:    ', '[0.992 ]')
('correct:', '[1     ]')
error:  0.00002869
('out:    ', '[0.97  ]')
('correct:', '[1     ]')
error:  0.00044618
('out:    ', '[0.805 ]')
('correct:', '[1     ]')
error:  0.01894260
('out:    ', '[0.917 ]')
('correct:', '[1     ]')
error:  0.00346513
('out:    ', '[0.63  ]')
('correct:', '[1     ]')
error:  0.06837018
('out:    ', '[0.906 ]')
('correct:', '[0     ]')
error:  0.41061602
('out:    ', '[0.688 ]')
('correct:', '[1     ]')
error:  0.04869927
('out:    ', '[0.512 ]')
('correct:', '[0     ]')
error:  0.13123788
('out:    ', '[0.852 ]')
('correct:', '[1     ]')
error:  0.01090563
('out:    ', '[0.547 ]')
('correct:', '[1     ]')
error:  0.10244712
('out:    ', '[0.945 ]')
('correct:', '[1     ]')
error:  0.00150447
('out:    ', '[0.637 ]')
('correct:', '[0     ]')
error:  0.20277225
('out:    ', '[0.788 ]')
('correct:', '[0     ]')
error:  0.31070964
('out:    ', '[0.899 ]')
('correct:', '[0     ]')
error:  0.40381987
('out:    ', '[0.781 ]')
('correct:', '[1     ]')
error:  0.02398913
('out:    ', '[0.671 ]')
('correct:', '[0     ]')
error:  0.22490554
('out:    ', '[0.763 ]')
('correct:', '[1     ]')
error:  0.02800764
('out:    ', '[0.733 ]')
('correct:', '[1     ]')
error:  0.03558338
('out:    ', '[0.741 ]')
('correct:', '[0     ]')
error:  0.27480840
('out:    ', '[0.604 ]')
('correct:', '[0     ]')
error:  0.18254644
('out:    ', '[0.658 ]')
('correct:', '[0     ]')
error:  0.21652614
('out:    ', '[0.847 ]')
('correct:', '[1     ]')
error:  0.01172650
('out:    ', '[0.823 ]')
('correct:', '[1     ]')
error:  0.01560969
('out:    ', '[0.455 ]')
('correct:', '[1     ]')
error:  0.14857317
('out:    ', '[0.652 ]')
('correct:', '[0     ]')
error:  0.21273342
('out:    ', '[0.876 ]')
('correct:', '[1     ]')
error:  0.00768299
('out:    ', '[0.759 ]')
('correct:', '[1     ]')
error:  0.02911474
('out:    ', '[0.661 ]')
('correct:', '[0     ]')
error:  0.21845363
('out:    ', '[0.65  ]')
('correct:', '[1     ]')
error:  0.06134455
('out:    ', '[0.8   ]')
('correct:', '[1     ]')
error:  0.02008446
('out:    ', '[0.591 ]')
('correct:', '[0     ]')
error:  0.17457183
('out:    ', '[0.967 ]')
('correct:', '[1     ]')
error:  0.00055252
('out:    ', '[0.336 ]')
('correct:', '[1     ]')
error:  0.22068035
('out:    ', '[0.696 ]')
('correct:', '[1     ]')
error:  0.04632283
('out:    ', '[0.692 ]')
('correct:', '[0     ]')
error:  0.23923479
('out:    ', '[0.8   ]')
('correct:', '[0     ]')
error:  0.31977422
('out:    ', '[0.808 ]')
('correct:', '[1     ]')
error:  0.01842225
('out:    ', '[0.929 ]')
('correct:', '[1     ]')
error:  0.00252246
('out:    ', '[0.582 ]')
('correct:', '[1     ]')
error:  0.08756754
('out:    ', '[0.851 ]')
('correct:', '[0     ]')
error:  0.36245255
('out:    ', '[0.493 ]')
('correct:', '[0     ]')
error:  0.12144009
('out:    ', '[0.705 ]')
('correct:', '[1     ]')
error:  0.04351814
('out:    ', '[0.839 ]')
('correct:', '[1     ]')
error:  0.01288600
('out:    ', '[0.86  ]')
('correct:', '[0     ]')
error:  0.36954940
('out:    ', '[0.798 ]')
('correct:', '[1     ]')
error:  0.02033024
('out:    ', '[0.669 ]')
('correct:', '[1     ]')
error:  0.05467087
('out:    ', '[0.902 ]')
('correct:', '[1     ]')
error:  0.00485035
('out:    ', '[0.622 ]')
('correct:', '[0     ]')
error:  0.19328205
('out:    ', '[0.763 ]')
('correct:', '[1     ]')
error:  0.02796667
('out:    ', '[0.8   ]')
('correct:', '[1     ]')
error:  0.01992351
('out:    ', '[0.697 ]')
('correct:', '[1     ]')
error:  0.04589493
('out:    ', '[0.938 ]')
('correct:', '[1     ]')
error:  0.00192994
('out:    ', '[0.592 ]')
('correct:', '[0     ]')
error:  0.17548816
('out:    ', '[0.898 ]')
('correct:', '[0     ]')
error:  0.40335858
('out:    ', '[0.937 ]')
('correct:', '[0     ]')
error:  0.43866103
('out:    ', '[0.923 ]')
('correct:', '[1     ]')
error:  0.00293283
('out:    ', '[0.89  ]')
('correct:', '[1     ]')
error:  0.00608425
('out:    ', '[0.797 ]')
('correct:', '[0     ]')
error:  0.31756563
('out:    ', '[0.819 ]')
('correct:', '[1     ]')
error:  0.01645972
('out:    ', '[0.795 ]')
('correct:', '[0     ]')
error:  0.31582224
('out:    ', '[0.684 ]')
('correct:', '[0     ]')
error:  0.23406778
('out:    ', '[0.821 ]')
('correct:', '[1     ]')
error:  0.01604512
('out:    ', '[0.805 ]')
('correct:', '[0     ]')
error:  0.32379845
('out:    ', '[0.926 ]')
('correct:', '[0     ]')
error:  0.42836937
('out:    ', '[0.798 ]')
('correct:', '[1     ]')
error:  0.02032939
('out:    ', '[0.919 ]')
('correct:', '[1     ]')
error:  0.00328931
('out:    ', '[0.954 ]')
('correct:', '[1     ]')
error:  0.00105043
('out:    ', '[0.586 ]')
('correct:', '[0     ]')
error:  0.17143318
('out:    ', '[0.813 ]')
('correct:', '[1     ]')
error:  0.01743885
('out:    ', '[0.84  ]')
('correct:', '[1     ]')
error:  0.01278275
('out:    ', '[0.778 ]')
('correct:', '[0     ]')
error:  0.30251817
('out:    ', '[0.876 ]')
('correct:', '[1     ]')
error:  0.00768434
('out:    ', '[0.617 ]')
('correct:', '[1     ]')
error:  0.07325638
('out:    ', '[0.831 ]')
('correct:', '[1     ]')
error:  0.01435841
('out:    ', '[0.737 ]')
('correct:', '[0     ]')
error:  0.27145542
('out:    ', '[0.438 ]')
('correct:', '[0     ]')
error:  0.09602965
('out:    ', '[0.617 ]')
('correct:', '[0     ]')
error:  0.19035798
('out:    ', '[0.872 ]')
('correct:', '[1     ]')
error:  0.00820082
('out:    ', '[0.621 ]')
('correct:', '[0     ]')
error:  0.19287747
('out:    ', '[0.804 ]')
('correct:', '[1     ]')
error:  0.01913978
('out:    ', '[0.555 ]')
('correct:', '[0     ]')
error:  0.15416977
('out:    ', '[0.545 ]')
('correct:', '[0     ]')
error:  0.14854667
('out:    ', '[0.632 ]')
('correct:', '[0     ]')
error:  0.19972913
('out:    ', '[0.706 ]')
('correct:', '[1     ]')
error:  0.04313099
('out:    ', '[0.508 ]')
('correct:', '[0     ]')
error:  0.12905960
('out:    ', '[0.843 ]')
('correct:', '[1     ]')
error:  0.01231970
('out:    ', '[0.411 ]')
('correct:', '[0     ]')
error:  0.08458344
('out:    ', '[0.774 ]')
('correct:', '[1     ]')
error:  0.02549492
('out:    ', '[0.929 ]')
('correct:', '[1     ]')
error:  0.00252903
('out:    ', '[0.77  ]')
('correct:', '[1     ]')
error:  0.02645732
('out:    ', '[0.946 ]')
('correct:', '[1     ]')
error:  0.00144633
('out:    ', '[0.946 ]')
('correct:', '[1     ]')
error:  0.00147697
('out:    ', '[0.979 ]')
('correct:', '[0     ]')
error:  0.47927136
('out:    ', '[0.837 ]')
('correct:', '[0     ]')
error:  0.35029279
('out:    ', '[0.998 ]')
('correct:', '[1     ]')
error:  0.00000295
('out:    ', '[0.427 ]')
('correct:', '[0     ]')
error:  0.09100377
('out:    ', '[0.899 ]')
('correct:', '[1     ]')
error:  0.00509379
('out:    ', '[0.69  ]')
('correct:', '[0     ]')
error:  0.23824722
('out:    ', '[0.819 ]')
('correct:', '[1     ]')
error:  0.01638775
('out:    ', '[0.738 ]')
('correct:', '[0     ]')
error:  0.27257296
('out:    ', '[0.816 ]')
('correct:', '[1     ]')
error:  0.01695135
('out:    ', '[0.741 ]')
('correct:', '[1     ]')
error:  0.03353534
('out:    ', '[0.944 ]')
('correct:', '[1     ]')
error:  0.00155340
('out:    ', '[0.426 ]')
('correct:', '[0     ]')
error:  0.09087044
('out:    ', '[0.721 ]')
('correct:', '[1     ]')
error:  0.03897793
('out:    ', '[0.956 ]')
('correct:', '[0     ]')
error:  0.45735174
('out:    ', '[0.219 ]')
('correct:', '[1     ]')
error:  0.30500640
('out:    ', '[0.652 ]')
('correct:', '[0     ]')
error:  0.21234647
('out:    ', '[0.951 ]')
('correct:', '[1     ]')
error:  0.00121124
('out:    ', '[0.744 ]')
('correct:', '[1     ]')
error:  0.03284995
('out:    ', '[0.724 ]')
('correct:', '[0     ]')
error:  0.26192121
('out:    ', '[0.731 ]')
('correct:', '[0     ]')
error:  0.26718694
('out:    ', '[0.648 ]')
('correct:', '[0     ]')
error:  0.21022649
('out:    ', '[0.801 ]')
('correct:', '[0     ]')
error:  0.32041647
('out:    ', '[0.532 ]')
('correct:', '[0     ]')
error:  0.14165779
('out:    ', '[0.311 ]')
('correct:', '[1     ]')
error:  0.23734905
('out:    ', '[0.815 ]')
('correct:', '[1     ]')
error:  0.01706754
('out:    ', '[0.734 ]')
('correct:', '[1     ]')
error:  0.03536396
('out:    ', '[0.661 ]')
('correct:', '[1     ]')
error:  0.05759656
('out:    ', '[0.421 ]')
('correct:', '[1     ]')
error:  0.16747621
('out:    ', '[0.864 ]')
('correct:', '[1     ]')
error:  0.00919755
('out:    ', '[0.946 ]')
('correct:', '[1     ]')
error:  0.00145870
('out:    ', '[0.967 ]')
('correct:', '[1     ]')
error:  0.00053836
('out:    ', '[0.63  ]')
('correct:', '[1     ]')
error:  0.06827172
('out:    ', '[0.63  ]')
('correct:', '[0     ]')
error:  0.19828229
('out:    ', '[0.927 ]')
('correct:', '[1     ]')
error:  0.00268784
('out:    ', '[0.666 ]')
('correct:', '[1     ]')
error:  0.05577022
('out:    ', '[0.77  ]')
('correct:', '[1     ]')
error:  0.02640569
('out:    ', '[0.421 ]')
('correct:', '[0     ]')
error:  0.08872869
('out:    ', '[0.847 ]')
('correct:', '[1     ]')
error:  0.01171480
('out:    ', '[0.535 ]')
('correct:', '[0     ]')
error:  0.14323362
('out:    ', '[0.899 ]')
('correct:', '[1     ]')
error:  0.00510747
('out:    ', '[0.897 ]')
('correct:', '[0     ]')
error:  0.40211832
('out:    ', '[0.699 ]')
('correct:', '[0     ]')
error:  0.24438282
('out:    ', '[0.869 ]')
('correct:', '[1     ]')
error:  0.00857142
('out:    ', '[0.946 ]')
('correct:', '[1     ]')
error:  0.00144783
('out:    ', '[0.709 ]')
('correct:', '[0     ]')
error:  0.25141172
('out:    ', '[0.994 ]')
('correct:', '[1     ]')
error:  0.00001936
('out:    ', '[0.685 ]')
('correct:', '[1     ]')
error:  0.04968560
('out:    ', '[0.953 ]')
('correct:', '[1     ]')
error:  0.00108224
('out:    ', '[0.95  ]')
('correct:', '[1     ]')
error:  0.00125874
('out:    ', '[0.945 ]')
('correct:', '[1     ]')
error:  0.00148666
('out:    ', '[0.754 ]')
('correct:', '[0     ]')
error:  0.28410314
('out:    ', '[0.529 ]')
('correct:', '[1     ]')
error:  0.11085373
('out:    ', '[0.449 ]')
('correct:', '[1     ]')
error:  0.15187328
('out:    ', '[0.912 ]')
('correct:', '[1     ]')
error:  0.00390299
('out:    ', '[0.77  ]')
('correct:', '[0     ]')
error:  0.29608464
('out:    ', '[0.891 ]')
('correct:', '[1     ]')
error:  0.00591723
('out:    ', '[0.956 ]')
('correct:', '[1     ]')
error:  0.00098115
('out:    ', '[0.69  ]')
('correct:', '[1     ]')
error:  0.04813989
('out:    ', '[0.708 ]')
('correct:', '[1     ]')
error:  0.04249454
('out:    ', '[0.915 ]')
('correct:', '[1     ]')
error:  0.00361966
('out:    ', '[0.652 ]')
('correct:', '[1     ]')
error:  0.06042167
('out:    ', '[0.925 ]')
('correct:', '[0     ]')
error:  0.42788225
('out:    ', '[0.512 ]')
('correct:', '[1     ]')
error:  0.11897704
('out:    ', '[0.614 ]')
('correct:', '[0     ]')
error:  0.18852033
('out:    ', '[0.796 ]')
('correct:', '[0     ]')
error:  0.31670405
('out:    ', '[0.42  ]')
('correct:', '[0     ]')
error:  0.08824924
('out:    ', '[0.801 ]')
('correct:', '[1     ]')
error:  0.01984675
('out:    ', '[0.587 ]')
('correct:', '[0     ]')
error:  0.17208170
('out:    ', '[0.82  ]')
('correct:', '[0     ]')
error:  0.33591860
('out:    ', '[0.729 ]')
('correct:', '[0     ]')
error:  0.26564233
('out:    ', '[0.879 ]')
('correct:', '[1     ]')
error:  0.00734008
('out:    ', '[0.702 ]')
('correct:', '[0     ]')
error:  0.24659799
('out:    ', '[0.866 ]')
('correct:', '[1     ]')
error:  0.00898212
('out:    ', '[0.685 ]')
('correct:', '[0     ]')
error:  0.23482331
('out:    ', '[0.931 ]')
('correct:', '[0     ]')
error:  0.43302356
('out:    ', '[0.795 ]')
('correct:', '[1     ]')
error:  0.02109328
('out:    ', '[0.906 ]')
('correct:', '[1     ]')
error:  0.00437937
('out:    ', '[0.632 ]')
('correct:', '[1     ]')
error:  0.06762505
('out:    ', '[0.799 ]')
('correct:', '[0     ]')
error:  0.31895242
('out:    ', '[0.775 ]')
('correct:', '[0     ]')
error:  0.30040738
('out:    ', '[0.921 ]')
('correct:', '[1     ]')
error:  0.00315695
('out:    ', '[0.924 ]')
('correct:', '[1     ]')
error:  0.00289857
('out:    ', '[0.823 ]')
('correct:', '[0     ]')
error:  0.33849220
('out:    ', '[0.914 ]')
('correct:', '[1     ]')
error:  0.00368965
('out:    ', '[0.798 ]')
('correct:', '[1     ]')
error:  0.02048641
('out:    ', '[0.799 ]')
('correct:', '[1     ]')
error:  0.02010604
('out:    ', '[0.91  ]')
('correct:', '[1     ]')
error:  0.00405031
('out:    ', '[0.603 ]')
('correct:', '[0     ]')
error:  0.18182571
('out:    ', '[0.812 ]')
('correct:', '[0     ]')
error:  0.32988196
('out:    ', '[0.837 ]')
('correct:', '[1     ]')
error:  0.01333952
('out:    ', '[0.202 ]')
('correct:', '[0     ]')
error:  0.02036186
('out:    ', '[0.841 ]')
('correct:', '[1     ]')
error:  0.01262861
('out:    ', '[0.715 ]')
('correct:', '[0     ]')
error:  0.25572298
('out:    ', '[0.979 ]')
('correct:', '[1     ]')
error:  0.00021787
('out:    ', '[0.834 ]')
('correct:', '[1     ]')
error:  0.01379504
('out:    ', '[0.63  ]')
('correct:', '[1     ]')
error:  0.06833566
('out:    ', '[0.927 ]')
('correct:', '[1     ]')
error:  0.00265377
('out:    ', '[0.658 ]')
('correct:', '[0     ]')
error:  0.21660237
('out:    ', '[0.908 ]')
('correct:', '[1     ]')
error:  0.00418966
('out:    ', '[0.972 ]')
('correct:', '[0     ]')
error:  0.47245887
('out:    ', '[0.99  ]')
('correct:', '[1     ]')
error:  0.00004785
('out:    ', '[0.973 ]')
('correct:', '[1     ]')
error:  0.00036418
('out:    ', '[0.997 ]')
('correct:', '[1     ]')
error:  0.00000346
('out:    ', '[0.993 ]')
('correct:', '[1     ]')
error:  0.00002285
('out:    ', '[0.988 ]')
('correct:', '[1     ]')
error:  0.00006855
('out:    ', '[0.956 ]')
('correct:', '[1     ]')
error:  0.00098298
('out:    ', '[0.995 ]')
('correct:', '[1     ]')
error:  0.00001312
('out:    ', '[0.99  ]')
('correct:', '[1     ]')
error:  0.00004896
('out:    ', '[0.99  ]')
('correct:', '[1     ]')
error:  0.00005097
('out:    ', '[0.971 ]')
('correct:', '[1     ]')
error:  0.00042091
('out:    ', '[0.984 ]')
('correct:', '[1     ]')
error:  0.00013135
('out:    ', '[0.993 ]')
('correct:', '[1     ]')
error:  0.00002270
('out:    ', '[0.997 ]')
('correct:', '[1     ]')
error:  0.00000434
('out:    ', '[0.997 ]')
('correct:', '[1     ]')
error:  0.00000552
('out:    ', '[0.997 ]')
('correct:', '[1     ]')
error:  0.00000518
('out:    ', '[0.995 ]')
('correct:', '[1     ]')
error:  0.00001055
('out:    ', '[0.991 ]')
('correct:', '[1     ]')
error:  0.00004023
('out:    ', '[0.99  ]')
('correct:', '[1     ]')
error:  0.00005335
('out:    ', '[0.994 ]')
('correct:', '[1     ]')
error:  0.00001623
('out:    ', '[0.996 ]')
('correct:', '[1     ]')
error:  0.00000749
('out:    ', '[0.994 ]')
('correct:', '[1     ]')
error:  0.00001839
('out:    ', '[0.829 ]')
('correct:', '[1     ]')
error:  0.01457012
('out:    ', '[0.989 ]')
('correct:', '[1     ]')
error:  0.00005710
('out:    ', '[0.98  ]')
('correct:', '[1     ]')
error:  0.00019991
('out:    ', '[0.997 ]')
('correct:', '[1     ]')
error:  0.00000492
('out:    ', '[0.988 ]')
('correct:', '[1     ]')
error:  0.00006762
('out:    ', '[0.998 ]')
('correct:', '[1     ]')
error:  0.00000236
('out:    ', '[0.993 ]')
('correct:', '[1     ]')
error:  0.00002293
('out:    ', '[0.993 ]')
('correct:', '[1     ]')
error:  0.00002294
('out:    ', '[0.954 ]')
('correct:', '[1     ]')
error:  0.00103975
('out:    ', '[0.959 ]')
('correct:', '[1     ]')
error:  0.00085773
('out:    ', '[0.993 ]')
('correct:', '[1     ]')
error:  0.00002364
('out:    ', '[0.993 ]')
('correct:', '[1     ]')
error:  0.00002347
('out:    ', '[0.996 ]')
('correct:', '[1     ]')
error:  0.00000750
('out:    ', '[0.998 ]')
('correct:', '[1     ]')
error:  0.00000145
('out:    ', '[0.995 ]')
('correct:', '[1     ]')
error:  0.00001121
('out:    ', '[0.595 ]')
('correct:', '[1     ]')
error:  0.08218496
('out:    ', '[0.995 ]')
('correct:', '[1     ]')
error:  0.00001074
('out:    ', '[0.973 ]')
('correct:', '[1     ]')
error:  0.00037283
('out:    ', '[0.989 ]')
('correct:', '[1     ]')
error:  0.00006578
('out:    ', '[0.992 ]')
('correct:', '[1     ]')
error:  0.00003292
('out:    ', '[0.995 ]')
('correct:', '[1     ]')
error:  0.00001074
('out:    ', '[0.996 ]')
('correct:', '[1     ]')
error:  0.00000780
('out:    ', '[0.996 ]')
('correct:', '[1     ]')
error:  0.00000827
('out:    ', '[0.997 ]')
('correct:', '[1     ]')
error:  0.00000344
('out:    ', '[0.988 ]')
('correct:', '[1     ]')
error:  0.00007514
('out:    ', '[0.994 ]')
('correct:', '[1     ]')
error:  0.00001647
('out:    ', '[0.996 ]')
('correct:', '[1     ]')
error:  0.00000618
('out:    ', '[0.996 ]')
('correct:', '[1     ]')
error:  0.00000724
('out:    ', '[0.994 ]')
('correct:', '[1     ]')
error:  0.00001725
('out:    ', '[0.997 ]')
('correct:', '[1     ]')
error:  0.00000329
('out:    ', '[0.993 ]')
('correct:', '[1     ]')
error:  0.00002623
('out:    ', '[0.995 ]')
('correct:', '[1     ]')
error:  0.00001033
('out:    ', '[0.994 ]')
('correct:', '[1     ]')
error:  0.00001690
('out:    ', '[0.995 ]')
('correct:', '[1     ]')
error:  0.00001147
('out:    ', '[0.994 ]')
('correct:', '[1     ]')
error:  0.00001595
('out:    ', '[0.993 ]')
('correct:', '[1     ]')
error:  0.00002427
('out:    ', '[0.99  ]')
('correct:', '[1     ]')
error:  0.00004938
('out:    ', '[0.994 ]')
('correct:', '[1     ]')
error:  0.00001745
('out:    ', '[0.994 ]')
('correct:', '[1     ]')
error:  0.00001703
('out:    ', '[0.997 ]')
('correct:', '[1     ]')
error:  0.00000396
('out:    ', '[0.976 ]')
('correct:', '[1     ]')
error:  0.00027947
('out:    ', '[0.839 ]')
('correct:', '[1     ]')
error:  0.01302374
('out:    ', '[0.993 ]')
('correct:', '[1     ]')
error:  0.00002482
('out:    ', '[0.925 ]')
('correct:', '[1     ]')
error:  0.00282484
('out:    ', '[0.989 ]')
('correct:', '[1     ]')
error:  0.00006040
('out:    ', '[0.992 ]')
('correct:', '[1     ]')
error:  0.00003546
('out:    ', '[0.992 ]')
('correct:', '[1     ]')
error:  0.00003497
('out:    ', '[0.98  ]')
('correct:', '[1     ]')
error:  0.00020901
('out:    ', '[0.993 ]')
('correct:', '[1     ]')
error:  0.00002718
('out:    ', '[0.989 ]')
('correct:', '[1     ]')
error:  0.00006189
('out:    ', '[0.997 ]')
('correct:', '[1     ]')
error:  0.00000586
('out:    ', '[0.991 ]')
('correct:', '[1     ]')
error:  0.00003830
('out:    ', '[0.995 ]')
('correct:', '[1     ]')
error:  0.00001348
('out:    ', '[0.994 ]')
('correct:', '[1     ]')
error:  0.00001851
('out:    ', '[0.992 ]')
('correct:', '[1     ]')
error:  0.00003180
('out:    ', '[0.991 ]')
('correct:', '[1     ]')
error:  0.00003969
('out:    ', '[0.989 ]')
('correct:', '[1     ]')
error:  0.00005859
('out:    ', '[0.969 ]')
('correct:', '[1     ]')
error:  0.00049207
('out:    ', '[0.988 ]')
('correct:', '[1     ]')
error:  0.00006761
('out:    ', '[0.97  ]')
('correct:', '[1     ]')
error:  0.00045499
('out:    ', '[0.998 ]')
('correct:', '[1     ]')
error:  0.00000235
('out:    ', '[0.992 ]')
('correct:', '[1     ]')
error:  0.00002912
('out:    ', '[0.997 ]')
('correct:', '[1     ]')
error:  0.00000350
('out:    ', '[0.988 ]')
('correct:', '[1     ]')
error:  0.00007495
('out:    ', '[0.899 ]')
('correct:', '[1     ]')
error:  0.00511075
('out:    ', '[0.995 ]')
('correct:', '[1     ]')
error:  0.00001422
('out:    ', '[0.987 ]')
('correct:', '[1     ]')
error:  0.00008400
('out:    ', '[0.986 ]')
('correct:', '[1     ]')
error:  0.00010397
('out:    ', '[0.993 ]')
('correct:', '[1     ]')
error:  0.00002789
('out:    ', '[0.998 ]')
('correct:', '[1     ]')
error:  0.00000179
('out:    ', '[0.995 ]')
('correct:', '[1     ]')
error:  0.00001415
('out:    ', '[0.995 ]')
('correct:', '[1     ]')
error:  0.00001108
('out:    ', '[0.99  ]')
('correct:', '[1     ]')
error:  0.00005388
('out:    ', '[0.947 ]')
('correct:', '[1     ]')
error:  0.00141449
('out:    ', '[0.993 ]')
('correct:', '[1     ]')
error:  0.00002350
('out:    ', '[0.979 ]')
('correct:', '[1     ]')
error:  0.00021777
('out:    ', '[0.976 ]')
('correct:', '[1     ]')
error:  0.00029213
('out:    ', '[0.906 ]')
('correct:', '[1     ]')
error:  0.00442181
('out:    ', '[0.645 ]')
('correct:', '[1     ]')
error:  0.06291008
('out:    ', '[0.989 ]')
('correct:', '[1     ]')
error:  0.00005715
('out:    ', '[0.997 ]')
('correct:', '[1     ]')
error:  0.00000440
('out:    ', '[0.997 ]')
('correct:', '[1     ]')
error:  0.00000589
('out:    ', '[0.99  ]')
('correct:', '[1     ]')
error:  0.00004581
('out:    ', '[0.988 ]')
('correct:', '[1     ]')
error:  0.00007528
('out:    ', '[0.997 ]')
('correct:', '[1     ]')
error:  0.00000523
('out:    ', '[0.822 ]')
('correct:', '[1     ]')
error:  0.01581582
('out:    ', '[0.997 ]')
('correct:', '[1     ]')
error:  0.00000412
('out:    ', '[0.977 ]')
('correct:', '[1     ]')
error:  0.00025585
('out:    ', '[0.986 ]')
('correct:', '[1     ]')
error:  0.00009707
('out:    ', '[0.997 ]')
('correct:', '[1     ]')
error:  0.00000529
('out:    ', '[0.993 ]')
('correct:', '[1     ]')
error:  0.00002190
('out:    ', '[0.967 ]')
('correct:', '[1     ]')
error:  0.00052834
('out:    ', '[0.997 ]')
('correct:', '[1     ]')
error:  0.00000381
('out:    ', '[0.996 ]')
('correct:', '[1     ]')
error:  0.00000623
('out:    ', '[0.993 ]')
('correct:', '[1     ]')
error:  0.00002204
('out:    ', '[0.989 ]')
('correct:', '[1     ]')
error:  0.00005861
('out:    ', '[0.995 ]')
('correct:', '[1     ]')
error:  0.00001031
('out:    ', '[0.989 ]')
('correct:', '[1     ]')
error:  0.00005897
('out:    ', '[0.836 ]')
('correct:', '[1     ]')
error:  0.01344236
('out:    ', '[0.996 ]')
('correct:', '[1     ]')
error:  0.00000703
('out:    ', '[0.994 ]')
('correct:', '[1     ]')
error:  0.00002048
('out:    ', '[0.998 ]')
('correct:', '[1     ]')
error:  0.00000217
('out:    ', '[0.99  ]')
('correct:', '[1     ]')
error:  0.00005093
('out:    ', '[0.998 ]')
('correct:', '[1     ]')
error:  0.00000259
('out:    ', '[0.982 ]')
('correct:', '[1     ]')
error:  0.00016221
('out:    ', '[0.996 ]')
('correct:', '[1     ]')
error:  0.00000845
('out:    ', '[0.993 ]')
('correct:', '[1     ]')
error:  0.00002279
('out:    ', '[0.95  ]')
('correct:', '[1     ]')
error:  0.00125513
('out:    ', '[0.992 ]')
('correct:', '[1     ]')
error:  0.00003186
('out:    ', '[0.997 ]')
('correct:', '[1     ]')
error:  0.00000354
('out:    ', '[0.998 ]')
('correct:', '[1     ]')
error:  0.00000279
('out:    ', '[0.973 ]')
('correct:', '[1     ]')
error:  0.00035524
('out:    ', '[0.996 ]')
('correct:', '[1     ]')
error:  0.00000678
('out:    ', '[0.994 ]')
('correct:', '[1     ]')
error:  0.00001951
('out:    ', '[0.99  ]')
('correct:', '[1     ]')
error:  0.00004735
('out:    ', '[0.995 ]')
('correct:', '[1     ]')
error:  0.00001495
('out:    ', '[0.995 ]')
('correct:', '[1     ]')
error:  0.00001035
('out:    ', '[0.996 ]')
('correct:', '[1     ]')
error:  0.00000693
('out:    ', '[0.997 ]')
('correct:', '[1     ]')
error:  0.00000323
('out:    ', '[0.992 ]')
('correct:', '[1     ]')
error:  0.00003193
('out:    ', '[0.998 ]')
('correct:', '[1     ]')
error:  0.00000176
('out:    ', '[0.998 ]')
('correct:', '[1     ]')
error:  0.00000237
('out:    ', '[0.989 ]')
('correct:', '[1     ]')
error:  0.00006307
('out:    ', '[0.997 ]')
('correct:', '[1     ]')
error:  0.00000358
('out:    ', '[0.994 ]')
('correct:', '[1     ]')
error:  0.00002089
('out:    ', '[0.991 ]')
('correct:', '[1     ]')
error:  0.00003698
('out:    ', '[0.913 ]')
('correct:', '[1     ]')
error:  0.00379189
('out:    ', '[0.996 ]')
('correct:', '[1     ]')
error:  0.00000950
('out:    ', '[0.991 ]')
('correct:', '[1     ]')
error:  0.00004091
('out:    ', '[0.998 ]')
('correct:', '[1     ]')
error:  0.00000198
('out:    ', '[0.991 ]')
('correct:', '[1     ]')
error:  0.00003670
('out:    ', '[0.967 ]')
('correct:', '[1     ]')
error:  0.00055105
('out:    ', '[0.993 ]')
('correct:', '[1     ]')
error:  0.00002508
('out:    ', '[0.993 ]')
('correct:', '[1     ]')
error:  0.00002402
('out:    ', '[0.994 ]')
('correct:', '[1     ]')
error:  0.00001752
('out:    ', '[0.989 ]')
('correct:', '[1     ]')
error:  0.00005628
('out:    ', '[0.946 ]')
('correct:', '[1     ]')
error:  0.00143373
('out:    ', '[0.821 ]')
('correct:', '[1     ]')
error:  0.01599769
('out:    ', '[0.997 ]')
('correct:', '[1     ]')
error:  0.00000413
('out:    ', '[0.975 ]')
('correct:', '[1     ]')
error:  0.00030636
('out:    ', '[0.753 ]')
('correct:', '[1     ]')
error:  0.03056442
('out:    ', '[0.983 ]')
('correct:', '[1     ]')
error:  0.00015119
('out:    ', '[0.989 ]')
('correct:', '[1     ]')
error:  0.00005723
('out:    ', '[0.985 ]')
('correct:', '[1     ]')
error:  0.00011060
('out:    ', '[0.996 ]')
('correct:', '[1     ]')
error:  0.00000909
('out:    ', '[0.99  ]')
('correct:', '[1     ]')
error:  0.00005106
('out:    ', '[0.973 ]')
('correct:', '[1     ]')
error:  0.00036934
('out:    ', '[0.997 ]')
('correct:', '[1     ]')
error:  0.00000409
('out:    ', '[0.995 ]')
('correct:', '[1     ]')
error:  0.00001442
('out:    ', '[0.992 ]')
('correct:', '[1     ]')
error:  0.00003061
('out:    ', '[0.991 ]')
('correct:', '[1     ]')
error:  0.00003873
('out:    ', '[0.995 ]')
('correct:', '[1     ]')
error:  0.00001411
('out:    ', '[0.901 ]')
('correct:', '[1     ]')
error:  0.00492747
('out:    ', '[0.993 ]')
('correct:', '[1     ]')
error:  0.00002388
('out:    ', '[0.992 ]')
('correct:', '[1     ]')
error:  0.00003347
('out:    ', '[0.786 ]')
('correct:', '[1     ]')
error:  0.02291776
('out:    ', '[0.991 ]')
('correct:', '[1     ]')
error:  0.00004323
('out:    ', '[0.994 ]')
('correct:', '[1     ]')
error:  0.00001710
('out:    ', '[0.995 ]')
('correct:', '[1     ]')
error:  0.00001030
('out:    ', '[0.993 ]')
('correct:', '[1     ]')
error:  0.00002347
('out:    ', '[0.987 ]')
('correct:', '[1     ]')
error:  0.00007949
('out:    ', '[0.974 ]')
('correct:', '[1     ]')
error:  0.00034453
('out:    ', '[0.956 ]')
('correct:', '[1     ]')
error:  0.00098517
('out:    ', '[0.993 ]')
('correct:', '[1     ]')
error:  0.00002340
('out:    ', '[0.974 ]')
('correct:', '[1     ]')
error:  0.00034682
('out:    ', '[0.997 ]')
('correct:', '[1     ]')
error:  0.00000350
('out:    ', '[0.993 ]')
('correct:', '[1     ]')
error:  0.00002171
('out:    ', '[0.995 ]')
('correct:', '[1     ]')
error:  0.00001088
('out:    ', '[0.993 ]')
('correct:', '[1     ]')
error:  0.00002316
('out:    ', '[0.994 ]')
('correct:', '[1     ]')
error:  0.00001640
('out:    ', '[0.996 ]')
('correct:', '[1     ]')
error:  0.00000851
('out:    ', '[0.995 ]')
('correct:', '[1     ]')
error:  0.00001034
('out:    ', '[0.988 ]')
('correct:', '[1     ]')
error:  0.00007085
('out:    ', '[0.986 ]')
('correct:', '[1     ]')
error:  0.00009224
('out:    ', '[0.995 ]')
('correct:', '[1     ]')
error:  0.00001322
('out:    ', '[0.991 ]')
('correct:', '[1     ]')
error:  0.00003758
('out:    ', '[0.98  ]')
('correct:', '[1     ]')
error:  0.00019247
('out:    ', '[0.993 ]')
('correct:', '[1     ]')
error:  0.00002212
('out:    ', '[0.993 ]')
('correct:', '[1     ]')
error:  0.00002546
('out:    ', '[0.991 ]')
('correct:', '[1     ]')
error:  0.00004296
('out:    ', '[0.998 ]')
('correct:', '[1     ]')
error:  0.00000287
('out:    ', '[0.983 ]')
('correct:', '[1     ]')
error:  0.00014056
('out:    ', '[0.992 ]')
('correct:', '[1     ]')
error:  0.00003414
('out:    ', '[0.993 ]')
('correct:', '[1     ]')
error:  0.00002254
('out:    ', '[0.84  ]')
('correct:', '[1     ]')
error:  0.01273704
('out:    ', '[0.994 ]')
('correct:', '[1     ]')
error:  0.00001944
('out:    ', '[0.995 ]')
('correct:', '[1     ]')
error:  0.00001076
('out:    ', '[0.447 ]')
('correct:', '[1     ]')
error:  0.15273140
('out:    ', '[0.997 ]')
('correct:', '[1     ]')
error:  0.00000448
('out:    ', '[0.641 ]')
('correct:', '[0     ]')
error:  0.20542278
('out:    ', '[0.994 ]')
('correct:', '[1     ]')
error:  0.00001795
('out:    ', '[0.971 ]')
('correct:', '[1     ]')
error:  0.00041910
('out:    ', '[0.988 ]')
('correct:', '[1     ]')
error:  0.00007247
('out:    ', '[0.989 ]')
('correct:', '[1     ]')
error:  0.00006171
('out:    ', '[0.924 ]')
('correct:', '[1     ]')
error:  0.00289630
('out:    ', '[0.988 ]')
('correct:', '[1     ]')
error:  0.00006742
('out:    ', '[0.994 ]')
('correct:', '[1     ]')
error:  0.00001958
('out:    ', '[0.997 ]')
('correct:', '[1     ]')
error:  0.00000434
('out:    ', '[0.991 ]')
('correct:', '[1     ]')
error:  0.00004327
('out:    ', '[0.967 ]')
('correct:', '[1     ]')
error:  0.00053067
('out:    ', '[0.995 ]')
('correct:', '[1     ]')
error:  0.00001046
('out:    ', '[0.984 ]')
('correct:', '[1     ]')
error:  0.00012240
('out:    ', '[0.988 ]')
('correct:', '[1     ]')
error:  0.00006818
('out:    ', '[0.998 ]')
('correct:', '[1     ]')
error:  0.00000225
('out:    ', '[0.788 ]')
('correct:', '[1     ]')
error:  0.02250562
('out:    ', '[0.991 ]')
('correct:', '[1     ]')
error:  0.00003861
('out:    ', '[0.996 ]')
('correct:', '[1     ]')
error:  0.00000637
('out:    ', '[0.994 ]')
('correct:', '[1     ]')
error:  0.00001685
('out:    ', '[0.995 ]')
('correct:', '[1     ]')
error:  0.00001360
('out:    ', '[0.995 ]')
('correct:', '[1     ]')
error:  0.00001437
('out:    ', '[0.979 ]')
('correct:', '[1     ]')
error:  0.00021295
('out:    ', '[0.96  ]')
('correct:', '[1     ]')
error:  0.00078566
('out:    ', '[0.997 ]')
('correct:', '[1     ]')
error:  0.00000449
('out:    ', '[0.996 ]')
('correct:', '[1     ]')
error:  0.00000725
('out:    ', '[0.993 ]')
('correct:', '[1     ]')
error:  0.00002445
('out:    ', '[0.993 ]')
('correct:', '[1     ]')
error:  0.00002116
('out:    ', '[0.995 ]')
('correct:', '[1     ]')
error:  0.00001226
('out:    ', '[0.993 ]')
('correct:', '[1     ]')
error:  0.00002489
('out:    ', '[0.995 ]')
('correct:', '[1     ]')
error:  0.00001178
('out:    ', '[0.998 ]')
('correct:', '[1     ]')
error:  0.00000303
('out:    ', '[0.996 ]')
('correct:', '[1     ]')
error:  0.00000616
('out:    ', '[0.995 ]')
('correct:', '[1     ]')
error:  0.00001326
('out:    ', '[0.995 ]')
('correct:', '[1     ]')
error:  0.00001463
('out:    ', '[0.994 ]')
('correct:', '[1     ]')
error:  0.00001726
('out:    ', '[0.983 ]')
('correct:', '[1     ]')
error:  0.00013959
('out:    ', '[0.728 ]')
('correct:', '[0     ]')
error:  0.26507335
('out:    ', '[0.997 ]')
('correct:', '[1     ]')
error:  0.00000346
('out:    ', '[0.982 ]')
('correct:', '[1     ]')
error:  0.00016656
('out:    ', '[0.985 ]')
('correct:', '[1     ]')
error:  0.00011640
('out:    ', '[0.992 ]')
('correct:', '[1     ]')
error:  0.00003351
('out:    ', '[0.997 ]')
('correct:', '[1     ]')
error:  0.00000555
('out:    ', '[0.996 ]')
('correct:', '[1     ]')
error:  0.00001007
('out:    ', '[0.843 ]')
('correct:', '[1     ]')
error:  0.01225383
('out:    ', '[0.982 ]')
('correct:', '[1     ]')
error:  0.00015469
('out:    ', '[0.996 ]')
('correct:', '[1     ]')
error:  0.00000741
('out:    ', '[0.996 ]')
('correct:', '[1     ]')
error:  0.00000964
('out:    ', '[0.96  ]')
('correct:', '[1     ]')
error:  0.00080433
('out:    ', '[0.993 ]')
('correct:', '[1     ]')
error:  0.00002267
('out:    ', '[0.988 ]')
('correct:', '[1     ]')
error:  0.00006736
('out:    ', '[0.996 ]')
('correct:', '[1     ]')
error:  0.00000667
('out:    ', '[0.775 ]')
('correct:', '[1     ]')
error:  0.02525579
('out:    ', '[0.995 ]')
('correct:', '[1     ]')
error:  0.00001100
('out:    ', '[0.997 ]')
('correct:', '[1     ]')
error:  0.00000446
('out:    ', '[0.995 ]')
('correct:', '[1     ]')
error:  0.00001289
('out:    ', '[0.993 ]')
('correct:', '[1     ]')
error:  0.00002350
('out:    ', '[0.993 ]')
('correct:', '[1     ]')
error:  0.00002517
('out:    ', '[0.993 ]')
('correct:', '[1     ]')
error:  0.00002303
('out:    ', '[0.997 ]')
('correct:', '[1     ]')
error:  0.00000449
('out:    ', '[0.997 ]')
('correct:', '[1     ]')
error:  0.00000319
('out:    ', '[0.995 ]')
('correct:', '[1     ]')
error:  0.00001050
('out:    ', '[0.996 ]')
('correct:', '[1     ]')
error:  0.00000836
('out:    ', '[0.994 ]')
('correct:', '[1     ]')
error:  0.00001997
('out:    ', '[0.994 ]')
('correct:', '[1     ]')
error:  0.00001677
('out:    ', '[0.993 ]')
('correct:', '[1     ]')
error:  0.00002340
('out:    ', '[0.996 ]')
('correct:', '[1     ]')
error:  0.00000671
('out:    ', '[0.994 ]')
('correct:', '[1     ]')
error:  0.00001867
('out:    ', '[0.994 ]')
('correct:', '[1     ]')
error:  0.00002047
('out:    ', '[0.982 ]')
('correct:', '[1     ]')
error:  0.00016443
('out:    ', '[0.95  ]')
('correct:', '[1     ]')
error:  0.00127060
('out:    ', '[0.992 ]')
('correct:', '[1     ]')
error:  0.00003124
('out:    ', '[0.997 ]')
('correct:', '[1     ]')
error:  0.00000400
('out:    ', '[0.993 ]')
('correct:', '[1     ]')
error:  0.00002185
('out:    ', '[0.997 ]')
('correct:', '[1     ]')
error:  0.00000388
('out:    ', '[0.992 ]')
('correct:', '[1     ]')
error:  0.00003295
('out:    ', '[0.989 ]')
('correct:', '[1     ]')
error:  0.00006528
('out:    ', '[0.995 ]')
('correct:', '[1     ]')
error:  0.00001172
('out:    ', '[0.883 ]')
('correct:', '[1     ]')
error:  0.00688935
('out:    ', '[0.998 ]')
('correct:', '[1     ]')
error:  0.00000158
('out:    ', '[0.994 ]')
('correct:', '[1     ]')
error:  0.00002000
('out:    ', '[0.992 ]')
('correct:', '[1     ]')
error:  0.00003362
('out:    ', '[0.995 ]')
('correct:', '[1     ]')
error:  0.00001156
('out:    ', '[0.886 ]')
('correct:', '[1     ]')
error:  0.00652048
('out:    ', '[0.987 ]')
('correct:', '[1     ]')
error:  0.00008767
('out:    ', '[0.982 ]')
('correct:', '[1     ]')
error:  0.00015474
('out:    ', '[0.997 ]')
('correct:', '[1     ]')
error:  0.00000418
('out:    ', '[0.992 ]')
('correct:', '[1     ]')
error:  0.00003247
('out:    ', '[0.972 ]')
('correct:', '[1     ]')
error:  0.00040464
('out:    ', '[0.936 ]')
('correct:', '[1     ]')
error:  0.00204849
('out:    ', '[0.987 ]')
('correct:', '[1     ]')
error:  0.00008660
('out:    ', '[0.996 ]')
('correct:', '[1     ]')
error:  0.00000785
('out:    ', '[0.978 ]')
('correct:', '[1     ]')
error:  0.00024667
('out:    ', '[0.997 ]')
('correct:', '[1     ]')
error:  0.00000401
('out:    ', '[0.997 ]')
('correct:', '[1     ]')
error:  0.00000324
('out:    ', '[0.988 ]')
('correct:', '[1     ]')
error:  0.00006947
('out:    ', '[0.998 ]')
('correct:', '[1     ]')
error:  0.00000208
('out:    ', '[0.997 ]')
('correct:', '[1     ]')
error:  0.00000425
('out:    ', '[0.997 ]')
('correct:', '[1     ]')
error:  0.00000521
('out:    ', '[0.972 ]')
('correct:', '[1     ]')
error:  0.00038410
('out:    ', '[0.934 ]')
('correct:', '[1     ]')
error:  0.00214611
('out:    ', '[0.874 ]')
('correct:', '[1     ]')
error:  0.00791338
('out:    ', '[0.996 ]')
('correct:', '[1     ]')
error:  0.00001011
('out:    ', '[0.993 ]')
('correct:', '[1     ]')
error:  0.00002345
('out:    ', '[0.994 ]')
('correct:', '[1     ]')
error:  0.00001776
('out:    ', '[0.995 ]')
('correct:', '[1     ]')
error:  0.00001055
('out:    ', '[0.993 ]')
('correct:', '[1     ]')
error:  0.00002231
('out:    ', '[0.993 ]')
('correct:', '[1     ]')
error:  0.00002188
('out:    ', '[0.976 ]')
('correct:', '[1     ]')
error:  0.00028832
('out:    ', '[0.994 ]')
('correct:', '[1     ]')
error:  0.00001674
('out:    ', '[0.996 ]')
('correct:', '[1     ]')
error:  0.00000626
('out:    ', '[0.99  ]')
('correct:', '[1     ]')
error:  0.00005034
('out:    ', '[0.997 ]')
('correct:', '[1     ]')
error:  0.00000565
('out:    ', '[0.993 ]')
('correct:', '[1     ]')
error:  0.00002266
('out:    ', '[0.993 ]')
('correct:', '[1     ]')
error:  0.00002258
('out:    ', '[0.984 ]')
('correct:', '[1     ]')
error:  0.00013160
('out:    ', '[0.998 ]')
('correct:', '[1     ]')
error:  0.00000150
('out:    ', '[0.998 ]')
('correct:', '[1     ]')
error:  0.00000219
('out:    ', '[0.993 ]')
('correct:', '[1     ]')
error:  0.00002214
('out:    ', '[0.99  ]')
('correct:', '[1     ]')
error:  0.00004755
('out:    ', '[0.687 ]')
('correct:', '[1     ]')
error:  0.04905595
('out:    ', '[0.992 ]')
('correct:', '[1     ]')
error:  0.00002841
('out:    ', '[0.958 ]')
('correct:', '[1     ]')
error:  0.00087187
('out:    ', '[0.983 ]')
('correct:', '[1     ]')
error:  0.00014448
('out:    ', '[0.755 ]')
('correct:', '[1     ]')
error:  0.02998566
('out:    ', '[0.997 ]')
('correct:', '[1     ]')
error:  0.00000396
('out:    ', '[0.993 ]')
('correct:', '[1     ]')
error:  0.00002140
('out:    ', '[0.959 ]')
('correct:', '[1     ]')
error:  0.00084541
('out:    ', '[0.986 ]')
('correct:', '[1     ]')
error:  0.00009737
('out:    ', '[0.995 ]')
('correct:', '[1     ]')
error:  0.00001360
('out:    ', '[0.997 ]')
('correct:', '[1     ]')
error:  0.00000594
('out:    ', '[0.995 ]')
('correct:', '[1     ]')
error:  0.00001321
('out:    ', '[0.997 ]')
('correct:', '[1     ]')
error:  0.00000605
('out:    ', '[0.996 ]')
('correct:', '[1     ]')
error:  0.00000804
('out:    ', '[0.986 ]')
('correct:', '[1     ]')
error:  0.00009287
('out:    ', '[0.995 ]')
('correct:', '[1     ]')
error:  0.00001261
('out:    ', '[0.995 ]')
('correct:', '[1     ]')
error:  0.00001123
('out:    ', '[0.993 ]')
('correct:', '[1     ]')
error:  0.00002219
('out:    ', '[0.963 ]')
('correct:', '[1     ]')
error:  0.00068557
('out:    ', '[0.979 ]')
('correct:', '[1     ]')
error:  0.00022211
('out:    ', '[0.995 ]')
('correct:', '[1     ]')
error:  0.00001044
('out:    ', '[0.994 ]')
('correct:', '[1     ]')
error:  0.00001879
('out:    ', '[0.967 ]')
('correct:', '[1     ]')
error:  0.00056033
('out:    ', '[0.996 ]')
('correct:', '[1     ]')
error:  0.00000697
('out:    ', '[0.996 ]')
('correct:', '[1     ]')
error:  0.00000827
('out:    ', '[0.983 ]')
('correct:', '[1     ]')
error:  0.00013671
('out:    ', '[0.997 ]')
('correct:', '[1     ]')
error:  0.00000495
('out:    ', '[0.993 ]')
('correct:', '[1     ]')
error:  0.00002548
('out:    ', '[0.987 ]')
('correct:', '[1     ]')
error:  0.00007999
('out:    ', '[0.986 ]')
('correct:', '[1     ]')
error:  0.00010135
('out:    ', '[0.672 ]')
('correct:', '[1     ]')
error:  0.05388447
('out:    ', '[0.998 ]')
('correct:', '[1     ]')
error:  0.00000240
('out:    ', '[0.994 ]')
('correct:', '[1     ]')
error:  0.00001668
('out:    ', '[0.995 ]')
('correct:', '[1     ]')
error:  0.00001114
('out:    ', '[0.996 ]')
('correct:', '[1     ]')
error:  0.00000946
('out:    ', '[0.828 ]')
('correct:', '[1     ]')
error:  0.01481405
('out:    ', '[0.985 ]')
('correct:', '[1     ]')
error:  0.00010650
('out:    ', '[0.996 ]')
('correct:', '[1     ]')
error:  0.00000958
('out:    ', '[0.994 ]')
('correct:', '[1     ]')
error:  0.00001784
('out:    ', '[0.992 ]')
('correct:', '[1     ]')
error:  0.00003062
('out:    ', '[0.991 ]')
('correct:', '[1     ]')
error:  0.00003654
('out:    ', '[0.997 ]')
('correct:', '[1     ]')
error:  0.00000543
('out:    ', '[0.987 ]')
('correct:', '[1     ]')
error:  0.00008589
('out:    ', '[0.995 ]')
('correct:', '[1     ]')
error:  0.00001292
('out:    ', '[0.991 ]')
('correct:', '[1     ]')
error:  0.00003837
('out:    ', '[0.997 ]')
('correct:', '[1     ]')
error:  0.00000425
('out:    ', '[0.989 ]')
('correct:', '[1     ]')
error:  0.00005608
('out:    ', '[0.997 ]')
('correct:', '[1     ]')
error:  0.00000353
('out:    ', '[0.994 ]')
('correct:', '[1     ]')
error:  0.00001672
('out:    ', '[0.993 ]')
('correct:', '[1     ]')
error:  0.00002710
('out:    ', '[0.997 ]')
('correct:', '[1     ]')
error:  0.00000368
('out:    ', '[0.995 ]')
('correct:', '[1     ]')
error:  0.00001213
('out:    ', '[0.995 ]')
('correct:', '[1     ]')
error:  0.00001072
('out:    ', '[0.994 ]')
('correct:', '[1     ]')
error:  0.00001831
('out:    ', '[0.992 ]')
('correct:', '[1     ]')
error:  0.00002971
('out:    ', '[0.949 ]')
('correct:', '[1     ]')
error:  0.00130909
('out:    ', '[0.997 ]')
('correct:', '[1     ]')
error:  0.00000327
('out:    ', '[0.993 ]')
('correct:', '[1     ]')
error:  0.00002424
('out:    ', '[0.821 ]')
('correct:', '[1     ]')
error:  0.01609163
('out:    ', '[0.995 ]')
('correct:', '[1     ]')
error:  0.00001479
('out:    ', '[0.993 ]')
('correct:', '[1     ]')
error:  0.00002353
('out:    ', '[0.993 ]')
('correct:', '[1     ]')
error:  0.00002403
('out:    ', '[0.94  ]')
('correct:', '[1     ]')
error:  0.00181876
('out:    ', '[0.997 ]')
('correct:', '[1     ]')
error:  0.00000367
('out:    ', '[0.998 ]')
('correct:', '[1     ]')
error:  0.00000253
('out:    ', '[0.994 ]')
('correct:', '[1     ]')
error:  0.00001699
('out:    ', '[0.993 ]')
('correct:', '[1     ]')
error:  0.00002348
('out:    ', '[0.993 ]')
('correct:', '[1     ]')
error:  0.00002282
('out:    ', '[0.997 ]')
('correct:', '[1     ]')
error:  0.00000451
('out:    ', '[0.988 ]')
('correct:', '[1     ]')
error:  0.00007270
('out:    ', '[0.993 ]')
('correct:', '[1     ]')
error:  0.00002391
('out:    ', '[0.996 ]')
('correct:', '[1     ]')
error:  0.00000968
('out:    ', '[0.998 ]')
('correct:', '[1     ]')
error:  0.00000299
('out:    ', '[0.996 ]')
('correct:', '[1     ]')
error:  0.00000667
('out:    ', '[0.993 ]')
('correct:', '[1     ]')
error:  0.00002332
('out:    ', '[0.996 ]')
('correct:', '[1     ]')
error:  0.00000737
('out:    ', '[0.996 ]')
('correct:', '[1     ]')
error:  0.00000680
('out:    ', '[0.996 ]')
('correct:', '[1     ]')
error:  0.00000977
('out:    ', '[0.994 ]')
('correct:', '[1     ]')
error:  0.00002036
('out:    ', '[0.95  ]')
('correct:', '[1     ]')
error:  0.00125435
('out:    ', '[0.86  ]')
('correct:', '[1     ]')
error:  0.00986945
('out:    ', '[0.993 ]')
('correct:', '[1     ]')
error:  0.00002267
('out:    ', '[0.99  ]')
('correct:', '[1     ]')
error:  0.00005491
('out:    ', '[0.834 ]')
('correct:', '[1     ]')
error:  0.01376348
('out:    ', '[0.994 ]')
('correct:', '[1     ]')
error:  0.00001572
('out:    ', '[0.915 ]')
('correct:', '[1     ]')
error:  0.00358296
('out:    ', '[0.996 ]')
('correct:', '[1     ]')
error:  0.00000774
('out:    ', '[0.995 ]')
('correct:', '[1     ]')
error:  0.00001422
('out:    ', '[0.994 ]')
('correct:', '[1     ]')
error:  0.00002077
('out:    ', '[0.994 ]')
('correct:', '[1     ]')
error:  0.00002099
('out:    ', '[0.992 ]')
('correct:', '[1     ]')
error:  0.00002824
('out:    ', '[0.827 ]')
('correct:', '[1     ]')
error:  0.01488162
('out:    ', '[0.989 ]')
('correct:', '[1     ]')
error:  0.00005712
('out:    ', '[0.994 ]')
('correct:', '[1     ]')
error:  0.00002023
('out:    ', '[0.994 ]')
('correct:', '[1     ]')
error:  0.00001526
('out:    ', '[0.715 ]')
('correct:', '[1     ]')
error:  0.04069839
('out:    ', '[0.992 ]')
('correct:', '[1     ]')
error:  0.00003297
('out:    ', '[0.996 ]')
('correct:', '[1     ]')
error:  0.00000959
('out:    ', '[0.992 ]')
('correct:', '[1     ]')
error:  0.00003378
('out:    ', '[0.993 ]')
('correct:', '[1     ]')
error:  0.00002626
('out:    ', '[0.985 ]')
('correct:', '[1     ]')
error:  0.00010957
('out:    ', '[0.994 ]')
('correct:', '[1     ]')
error:  0.00001660
('out:    ', '[0.987 ]')
('correct:', '[1     ]')
error:  0.00008110
('out:    ', '[0.974 ]')
('correct:', '[1     ]')
error:  0.00034741
('out:    ', '[0.998 ]')
('correct:', '[1     ]')
error:  0.00000150
('out:    ', '[0.997 ]')
('correct:', '[1     ]')
error:  0.00000569
('out:    ', '[0.995 ]')
('correct:', '[1     ]')
error:  0.00001048
('out:    ', '[0.998 ]')
('correct:', '[1     ]')
error:  0.00000234
('out:    ', '[0.994 ]')
('correct:', '[1     ]')
error:  0.00001733
('out:    ', '[0.677 ]')
('correct:', '[1     ]')
error:  0.05220812
('out:    ', '[0.995 ]')
('correct:', '[1     ]')
error:  0.00001029
('out:    ', '[0.987 ]')
('correct:', '[1     ]')
error:  0.00008383
('out:    ', '[0.972 ]')
('correct:', '[1     ]')
error:  0.00038347
('out:    ', '[0.994 ]')
('correct:', '[1     ]')
error:  0.00002112
('out:    ', '[0.997 ]')
('correct:', '[1     ]')
error:  0.00000339
('out:    ', '[0.996 ]')
('correct:', '[1     ]')
error:  0.00000969
('out:    ', '[0.997 ]')
('correct:', '[1     ]')
error:  0.00000351
('out:    ', '[0.993 ]')
('correct:', '[1     ]')
error:  0.00002219
('out:    ', '[0.989 ]')
('correct:', '[1     ]')
error:  0.00005838
('out:    ', '[0.997 ]')
('correct:', '[1     ]')
error:  0.00000391
('out:    ', '[0.994 ]')
('correct:', '[1     ]')
error:  0.00002019
('out:    ', '[0.997 ]')
('correct:', '[1     ]')
error:  0.00000580
('out:    ', '[0.997 ]')
('correct:', '[1     ]')
error:  0.00000504
('out:    ', '[0.963 ]')
('correct:', '[1     ]')
error:  0.00069213
('out:    ', '[0.936 ]')
('correct:', '[1     ]')
error:  0.00204961
('out:    ', '[0.996 ]')
('correct:', '[1     ]')
error:  0.00000894
('out:    ', '[0.988 ]')
('correct:', '[1     ]')
error:  0.00007560
('out:    ', '[0.995 ]')
('correct:', '[1     ]')
error:  0.00001385
('out:    ', '[0.993 ]')
('correct:', '[1     ]')
error:  0.00002344
('out:    ', '[0.995 ]')
('correct:', '[1     ]')
error:  0.00001071
('out:    ', '[0.987 ]')
('correct:', '[1     ]')
error:  0.00009009
('out:    ', '[0.994 ]')
('correct:', '[1     ]')
error:  0.00001986
('out:    ', '[0.995 ]')
('correct:', '[1     ]')
error:  0.00001189
('out:    ', '[0.951 ]')
('correct:', '[1     ]')
error:  0.00120712
('out:    ', '[0.996 ]')
('correct:', '[1     ]')
error:  0.00000680
('out:    ', '[0.723 ]')
('correct:', '[1     ]')
error:  0.03823614
('out:    ', '[0.992 ]')
('correct:', '[1     ]')
error:  0.00003094
('out:    ', '[0.973 ]')
('correct:', '[1     ]')
error:  0.00035383
('out:    ', '[0.996 ]')
('correct:', '[1     ]')
error:  0.00000977
('out:    ', '[0.994 ]')
('correct:', '[1     ]')
error:  0.00002111
('out:    ', '[0.629 ]')
('correct:', '[1     ]')
error:  0.06869202
('out:    ', '[0.997 ]')
('correct:', '[1     ]')
error:  0.00000556
('out:    ', '[0.993 ]')
('correct:', '[1     ]')
error:  0.00002127
('out:    ', '[0.848 ]')
('correct:', '[1     ]')
error:  0.01156548
('out:    ', '[0.997 ]')
('correct:', '[1     ]')
error:  0.00000597
('out:    ', '[0.914 ]')
('correct:', '[1     ]')
error:  0.00371688
('out:    ', '[0.993 ]')
('correct:', '[1     ]')
error:  0.00002352
('out:    ', '[0.994 ]')
('correct:', '[1     ]')
error:  0.00001580
('out:    ', '[0.986 ]')
('correct:', '[1     ]')
error:  0.00009965
('out:    ', '[0.996 ]')
('correct:', '[1     ]')
error:  0.00000746
('out:    ', '[0.992 ]')
('correct:', '[1     ]')
error:  0.00003304
('out:    ', '[0.99  ]')
('correct:', '[1     ]')
error:  0.00005468
('out:    ', '[0.99  ]')
('correct:', '[1     ]')
error:  0.00005050
('out:    ', '[0.993 ]')
('correct:', '[1     ]')
error:  0.00002254
('out:    ', '[0.998 ]')
('correct:', '[1     ]')
error:  0.00000153
('out:    ', '[0.909 ]')
('correct:', '[1     ]')
error:  0.00412552
('out:    ', '[0.997 ]')
('correct:', '[1     ]')
error:  0.00000358
('out:    ', '[0.997 ]')
('correct:', '[1     ]')
error:  0.00000414
('out:    ', '[0.994 ]')
('correct:', '[1     ]')
error:  0.00001675
('out:    ', '[0.996 ]')
('correct:', '[1     ]')
error:  0.00000766
('out:    ', '[0.996 ]')
('correct:', '[1     ]')
error:  0.00000699
('out:    ', '[0.997 ]')
('correct:', '[1     ]')
error:  0.00000347
('out:    ', '[0.941 ]')
('correct:', '[1     ]')
error:  0.00171877
('out:    ', '[0.995 ]')
('correct:', '[1     ]')
error:  0.00001305
('out:    ', '[0.993 ]')
('correct:', '[1     ]')
error:  0.00002799
('out:    ', '[0.993 ]')
('correct:', '[1     ]')
error:  0.00002399
('out:    ', '[0.99  ]')
('correct:', '[1     ]')
error:  0.00004751
('out:    ', '[0.994 ]')
('correct:', '[1     ]')
error:  0.00001673
('out:    ', '[0.995 ]')
('correct:', '[1     ]')
error:  0.00001185
('out:    ', '[0.997 ]')
('correct:', '[1     ]')
error:  0.00000394
('out:    ', '[0.993 ]')
('correct:', '[1     ]')
error:  0.00002143
('out:    ', '[0.993 ]')
('correct:', '[1     ]')
error:  0.00002357
('out:    ', '[0.995 ]')
('correct:', '[1     ]')
error:  0.00001036
('out:    ', '[0.805 ]')
('correct:', '[1     ]')
error:  0.01903993
('out:    ', '[0.991 ]')
('correct:', '[1     ]')
error:  0.00003727
('out:    ', '[0.995 ]')
('correct:', '[1     ]')
error:  0.00001201
('out:    ', '[0.988 ]')
('correct:', '[1     ]')
error:  0.00007538
('out:    ', '[0.995 ]')
('correct:', '[1     ]')
error:  0.00001108
('out:    ', '[0.993 ]')
('correct:', '[1     ]')
error:  0.00002414
('out:    ', '[0.995 ]')
('correct:', '[1     ]')
error:  0.00001063
('out:    ', '[0.977 ]')
('correct:', '[1     ]')
error:  0.00026298
('out:    ', '[0.975 ]')
('correct:', '[1     ]')
error:  0.00031638
('out:    ', '[0.993 ]')
('correct:', '[1     ]')
error:  0.00002341
('out:    ', '[0.649 ]')
('correct:', '[1     ]')
error:  0.06161893
('out:    ', '[0.946 ]')
('correct:', '[1     ]')
error:  0.00147784
('out:    ', '[0.994 ]')
('correct:', '[1     ]')
error:  0.00001855
('out:    ', '[0.998 ]')
('correct:', '[1     ]')
error:  0.00000308
('out:    ', '[0.996 ]')
('correct:', '[1     ]')
error:  0.00000887
('out:    ', '[0.988 ]')
('correct:', '[1     ]')
error:  0.00007555
('out:    ', '[0.991 ]')
('correct:', '[1     ]')
error:  0.00003871
('out:    ', '[0.976 ]')
('correct:', '[1     ]')
error:  0.00028582
('out:    ', '[0.995 ]')
('correct:', '[1     ]')
error:  0.00001209
('out:    ', '[0.996 ]')
('correct:', '[1     ]')
error:  0.00000708
('out:    ', '[0.998 ]')
('correct:', '[1     ]')
error:  0.00000204
('out:    ', '[0.985 ]')
('correct:', '[1     ]')
error:  0.00010815
('out:    ', '[0.996 ]')
('correct:', '[1     ]')
error:  0.00001004
('out:    ', '[0.994 ]')
('correct:', '[1     ]')
error:  0.00001678
('out:    ', '[0.996 ]')
('correct:', '[1     ]')
error:  0.00000960
('out:    ', '[0.992 ]')
('correct:', '[1     ]')
error:  0.00003070
('out:    ', '[0.997 ]')
('correct:', '[1     ]')
error:  0.00000577
('out:    ', '[0.957 ]')
('correct:', '[1     ]')
error:  0.00092347
('out:    ', '[0.99  ]')
('correct:', '[1     ]')
error:  0.00005332
('out:    ', '[0.995 ]')
('correct:', '[1     ]')
error:  0.00001124
('out:    ', '[0.998 ]')
('correct:', '[1     ]')
error:  0.00000284
('out:    ', '[0.997 ]')
('correct:', '[1     ]')
error:  0.00000389
('out:    ', '[0.997 ]')
('correct:', '[1     ]')
error:  0.00000318
('out:    ', '[0.973 ]')
('correct:', '[1     ]')
error:  0.00036958
('out:    ', '[0.988 ]')
('correct:', '[1     ]')
error:  0.00007482
('out:    ', '[0.985 ]')
('correct:', '[1     ]')
error:  0.00011645
('out:    ', '[0.996 ]')
('correct:', '[1     ]')
error:  0.00000912
('out:    ', '[0.975 ]')
('correct:', '[1     ]')
error:  0.00031476
('out:    ', '[0.987 ]')
('correct:', '[1     ]')
error:  0.00008735
('out:    ', '[0.994 ]')
('correct:', '[1     ]')
error:  0.00001761
('out:    ', '[0.99  ]')
('correct:', '[1     ]')
error:  0.00005508
('out:    ', '[0.996 ]')
('correct:', '[1     ]')
error:  0.00000773
('out:    ', '[0.981 ]')
('correct:', '[1     ]')
error:  0.00017379
('out:    ', '[0.995 ]')
('correct:', '[1     ]')
error:  0.00001375
('out:    ', '[0.994 ]')
('correct:', '[1     ]')
error:  0.00001567
('out:    ', '[0.959 ]')
('correct:', '[1     ]')
error:  0.00084423
('out:    ', '[0.993 ]')
('correct:', '[1     ]')
error:  0.00002306
('out:    ', '[0.996 ]')
('correct:', '[1     ]')
error:  0.00000826
('out:    ', '[0.921 ]')
('correct:', '[1     ]')
error:  0.00315289
('out:    ', '[0.996 ]')
('correct:', '[1     ]')
error:  0.00000854
('out:    ', '[0.852 ]')
('correct:', '[0     ]')
error:  0.36320384
('out:    ', '[0.997 ]')
('correct:', '[1     ]')
error:  0.00000575
('out:    ', '[0.958 ]')
('correct:', '[1     ]')
error:  0.00088537
('out:    ', '[0.995 ]')
('correct:', '[1     ]')
error:  0.00001401
('out:    ', '[0.994 ]')
('correct:', '[1     ]')
error:  0.00002102
('out:    ', '[0.995 ]')
('correct:', '[1     ]')
error:  0.00001107
('out:    ', '[0.997 ]')
('correct:', '[1     ]')
error:  0.00000409
('out:    ', '[0.993 ]')
('correct:', '[1     ]')
error:  0.00002535
('out:    ', '[0.998 ]')
('correct:', '[1     ]')
error:  0.00000200
('out:    ', '[0.838 ]')
('correct:', '[1     ]')
error:  0.01304935
('out:    ', '[0.976 ]')
('correct:', '[1     ]')
error:  0.00028829
('out:    ', '[0.997 ]')
('correct:', '[1     ]')
error:  0.00000585
('out:    ', '[0.995 ]')
('correct:', '[1     ]')
error:  0.00001145
('out:    ', '[0.993 ]')
('correct:', '[1     ]')
error:  0.00002480
('out:    ', '[0.997 ]')
('correct:', '[1     ]')
error:  0.00000351
('out:    ', '[0.99  ]')
('correct:', '[1     ]')
error:  0.00004782
('out:    ', '[0.981 ]')
('correct:', '[1     ]')
error:  0.00017665
('out:    ', '[0.997 ]')
('correct:', '[1     ]')
error:  0.00000502
('out:    ', '[0.994 ]')
('correct:', '[1     ]')
error:  0.00001559
('out:    ', '[0.701 ]')
('correct:', '[1     ]')
error:  0.04471625
('out:    ', '[0.988 ]')
('correct:', '[1     ]')
error:  0.00006639
('out:    ', '[0.99  ]')
('correct:', '[1     ]')
error:  0.00005275
('out:    ', '[0.985 ]')
('correct:', '[1     ]')
error:  0.00011886
('out:    ', '[0.985 ]')
('correct:', '[1     ]')
error:  0.00010786
('out:    ', '[0.993 ]')
('correct:', '[1     ]')
error:  0.00002295
('out:    ', '[0.997 ]')
('correct:', '[1     ]')
error:  0.00000400
('out:    ', '[0.991 ]')
('correct:', '[1     ]')
error:  0.00004123
('out:    ', '[0.989 ]')
('correct:', '[1     ]')
error:  0.00006565
('out:    ', '[0.99  ]')
('correct:', '[1     ]')
error:  0.00004741
('out:    ', '[0.996 ]')
('correct:', '[1     ]')
error:  0.00000992
('out:    ', '[0.993 ]')
('correct:', '[1     ]')
error:  0.00002336
('out:    ', '[0.994 ]')
('correct:', '[1     ]')
error:  0.00002061
('out:    ', '[0.987 ]')
('correct:', '[1     ]')
error:  0.00008487
('out:    ', '[0.974 ]')
('correct:', '[1     ]')
error:  0.00034260
('out:    ', '[0.954 ]')
('correct:', '[1     ]')
error:  0.00106129
('out:    ', '[0.973 ]')
('correct:', '[1     ]')
error:  0.00035969
('out:    ', '[0.995 ]')
('correct:', '[1     ]')
error:  0.00001127
('out:    ', '[0.903 ]')
('correct:', '[0     ]')
error:  0.40775238
('out:    ', '[0.998 ]')
('correct:', '[1     ]')
error:  0.00000144
('out:    ', '[0.994 ]')
('correct:', '[1     ]')
error:  0.00001684
('out:    ', '[0.994 ]')
('correct:', '[1     ]')
error:  0.00002021
('out:    ', '[0.888 ]')
('correct:', '[1     ]')
error:  0.00632377
('out:    ', '[0.992 ]')
('correct:', '[1     ]')
error:  0.00003262
('out:    ', '[0.99  ]')
('correct:', '[1     ]')
error:  0.00005108
('out:    ', '[0.992 ]')
('correct:', '[1     ]')
error:  0.00002978
('out:    ', '[0.93  ]')
('correct:', '[1     ]')
error:  0.00244598
('out:    ', '[0.766 ]')
('correct:', '[1     ]')
error:  0.02729165
('out:    ', '[0.993 ]')
('correct:', '[1     ]')
error:  0.00002224
('out:    ', '[0.994 ]')
('correct:', '[1     ]')
error:  0.00001877
('out:    ', '[0.972 ]')
('correct:', '[1     ]')
error:  0.00039327
('out:    ', '[0.997 ]')
('correct:', '[1     ]')
error:  0.00000325
('out:    ', '[0.946 ]')
('correct:', '[1     ]')
error:  0.00144335
('out:    ', '[0.994 ]')
('correct:', '[1     ]')
error:  0.00001596
('out:    ', '[0.995 ]')
('correct:', '[1     ]')
error:  0.00001181
('out:    ', '[0.997 ]')
('correct:', '[1     ]')
error:  0.00000451
('out:    ', '[0.691 ]')
('correct:', '[1     ]')
error:  0.04774769
('out:    ', '[0.883 ]')
('correct:', '[1     ]')
error:  0.00687420
('out:    ', '[0.769 ]')
('correct:', '[1     ]')
error:  0.02677941
('out:    ', '[0.663 ]')
('correct:', '[1     ]')
error:  0.05686593
('out:    ', '[0.993 ]')
('correct:', '[1     ]')
error:  0.00002526
('out:    ', '[0.995 ]')
('correct:', '[1     ]')
error:  0.00001020
('out:    ', '[0.998 ]')
('correct:', '[1     ]')
error:  0.00000209
('out:    ', '[0.983 ]')
('correct:', '[1     ]')
error:  0.00014285
('out:    ', '[0.995 ]')
('correct:', '[1     ]')
error:  0.00001159
('out:    ', '[0.984 ]')
('correct:', '[1     ]')
error:  0.00012466
('out:    ', '[0.748 ]')
('correct:', '[1     ]')
error:  0.03164051
('out:    ', '[0.981 ]')
('correct:', '[1     ]')
error:  0.00018834
('out:    ', '[0.585 ]')
('correct:', '[1     ]')
error:  0.08602253
('out:    ', '[0.997 ]')
('correct:', '[1     ]')
error:  0.00000378
('out:    ', '[0.996 ]')
('correct:', '[1     ]')
error:  0.00000999
('out:    ', '[0.989 ]')
('correct:', '[1     ]')
error:  0.00005521
('out:    ', '[0.998 ]')
('correct:', '[1     ]')
error:  0.00000210
('out:    ', '[0.997 ]')
('correct:', '[1     ]')
error:  0.00000430
('out:    ', '[0.994 ]')
('correct:', '[1     ]')
error:  0.00001800
('out:    ', '[0.887 ]')
('correct:', '[1     ]')
error:  0.00640224
('out:    ', '[0.994 ]')
('correct:', '[1     ]')
error:  0.00001647
('out:    ', '[0.997 ]')
('correct:', '[1     ]')
error:  0.00000575
('out:    ', '[0.959 ]')
('correct:', '[1     ]')
error:  0.00085115
('out:    ', '[0.995 ]')
('correct:', '[1     ]')
error:  0.00001426
('out:    ', '[0.887 ]')
('correct:', '[1     ]')
error:  0.00642361
('out:    ', '[0.981 ]')
('correct:', '[1     ]')
error:  0.00017382
('out:    ', '[0.976 ]')
('correct:', '[1     ]')
error:  0.00029970
('out:    ', '[0.993 ]')
('correct:', '[1     ]')
error:  0.00002580
('out:    ', '[0.995 ]')
('correct:', '[1     ]')
error:  0.00001456
('out:    ', '[0.921 ]')
('correct:', '[1     ]')
error:  0.00315581
('out:    ', '[0.994 ]')
('correct:', '[1     ]')
error:  0.00001764
('out:    ', '[0.995 ]')
('correct:', '[1     ]')
error:  0.00001316
('out:    ', '[0.927 ]')
('correct:', '[1     ]')
error:  0.00263441
('out:    ', '[0.972 ]')
('correct:', '[1     ]')
error:  0.00039406
('out:    ', '[0.985 ]')
('correct:', '[1     ]')
error:  0.00011773
('out:    ', '[0.803 ]')
('correct:', '[1     ]')
error:  0.01939317
('out:    ', '[0.995 ]')
('correct:', '[1     ]')
error:  0.00001212
('out:    ', '[0.998 ]')
('correct:', '[1     ]')
error:  0.00000219
('out:    ', '[0.954 ]')
('correct:', '[1     ]')
error:  0.00107206
('out:    ', '[0.982 ]')
('correct:', '[1     ]')
error:  0.00015851
('out:    ', '[0.951 ]')
('correct:', '[1     ]')
error:  0.00122230
('out:    ', '[0.994 ]')
('correct:', '[1     ]')
error:  0.00002061
('out:    ', '[0.878 ]')
('correct:', '[1     ]')
error:  0.00747032
('out:    ', '[0.945 ]')
('correct:', '[1     ]')
error:  0.00150319
('out:    ', '[0.98  ]')
('correct:', '[1     ]')
error:  0.00020202
('out:    ', '[0.997 ]')
('correct:', '[1     ]')
error:  0.00000447
('out:    ', '[0.987 ]')
('correct:', '[1     ]')
error:  0.00008474
('out:    ', '[0.987 ]')
('correct:', '[1     ]')
error:  0.00007922
('out:    ', '[0.986 ]')
('correct:', '[1     ]')
error:  0.00009550
('out:    ', '[0.993 ]')
('correct:', '[1     ]')
error:  0.00002436
('out:    ', '[0.996 ]')
('correct:', '[1     ]')
error:  0.00000916
('out:    ', '[0.998 ]')
('correct:', '[1     ]')
error:  0.00000206
('out:    ', '[0.974 ]')
('correct:', '[1     ]')
error:  0.00033323
('out:    ', '[0.989 ]')
('correct:', '[1     ]')
error:  0.00005605
('out:    ', '[0.992 ]')
('correct:', '[1     ]')
error:  0.00003310
('out:    ', '[0.989 ]')
('correct:', '[1     ]')
error:  0.00005839
('out:    ', '[0.988 ]')
('correct:', '[1     ]')
error:  0.00007201
('out:    ', '[0.997 ]')
('correct:', '[1     ]')
error:  0.00000425
('out:    ', '[0.997 ]')
('correct:', '[1     ]')
error:  0.00000342
('out:    ', '[0.994 ]')
('correct:', '[1     ]')
error:  0.00001823
('out:    ', '[0.809 ]')
('correct:', '[1     ]')
error:  0.01831357
('out:    ', '[0.939 ]')
('correct:', '[1     ]')
error:  0.00184845
('out:    ', '[0.992 ]')
('correct:', '[1     ]')
error:  0.00003361
('out:    ', '[0.997 ]')
('correct:', '[1     ]')
error:  0.00000397
('out:    ', '[0.996 ]')
('correct:', '[1     ]')
error:  0.00000696
('out:    ', '[0.988 ]')
('correct:', '[1     ]')
error:  0.00007773
('out:    ', '[0.991 ]')
('correct:', '[1     ]')
error:  0.00003867
('out:    ', '[0.995 ]')
('correct:', '[1     ]')
error:  0.00001134
('out:    ', '[0.875 ]')
('correct:', '[1     ]')
error:  0.00785971
('out:    ', '[0.992 ]')
('correct:', '[1     ]')
error:  0.00002889
('out:    ', '[0.998 ]')
('correct:', '[1     ]')
error:  0.00000236
('out:    ', '[0.994 ]')
('correct:', '[1     ]')
error:  0.00001545
('out:    ', '[0.994 ]')
('correct:', '[1     ]')
error:  0.00001693
('out:    ', '[0.998 ]')
('correct:', '[1     ]')
error:  0.00000265
('out:    ', '[0.995 ]')
('correct:', '[1     ]')
error:  0.00001287
('out:    ', '[0.995 ]')
('correct:', '[1     ]')
error:  0.00001057
('out:    ', '[0.953 ]')
('correct:', '[1     ]')
error:  0.00109625
('out:    ', '[0.993 ]')
('correct:', '[1     ]')
error:  0.00002185
('out:    ', '[0.996 ]')
('correct:', '[1     ]')
error:  0.00000689
('out:    ', '[0.995 ]')
('correct:', '[1     ]')
error:  0.00001016
('out:    ', '[0.977 ]')
('correct:', '[1     ]')
error:  0.00026800
('out:    ', '[0.995 ]')
('correct:', '[1     ]')
error:  0.00001305
('out:    ', '[0.995 ]')
('correct:', '[1     ]')
error:  0.00001173
('out:    ', '[0.989 ]')
('correct:', '[1     ]')
error:  0.00005754
('out:    ', '[0.991 ]')
('correct:', '[1     ]')
error:  0.00004159
('out:    ', '[0.995 ]')
('correct:', '[1     ]')
error:  0.00001342
('out:    ', '[0.998 ]')
('correct:', '[1     ]')
error:  0.00000235
('out:    ', '[0.998 ]')
('correct:', '[1     ]')
error:  0.00000146
('out:    ', '[0.993 ]')
('correct:', '[1     ]')
error:  0.00002131
('out:    ', '[0.992 ]')
('correct:', '[1     ]')
error:  0.00003299
('out:    ', '[0.98  ]')
('correct:', '[1     ]')
error:  0.00020955
('out:    ', '[0.996 ]')
('correct:', '[1     ]')
error:  0.00000955
('out:    ', '[0.993 ]')
('correct:', '[1     ]')
error:  0.00002330
('out:    ', '[0.79  ]')
('correct:', '[1     ]')
error:  0.02197730
('out:    ', '[0.991 ]')
('correct:', '[1     ]')
error:  0.00004208
('out:    ', '[0.99  ]')
('correct:', '[1     ]')
error:  0.00005322
('out:    ', '[0.997 ]')
('correct:', '[1     ]')
error:  0.00000413
('out:    ', '[0.993 ]')
('correct:', '[1     ]')
error:  0.00002750
('out:    ', '[0.834 ]')
('correct:', '[1     ]')
error:  0.01381276
('out:    ', '[0.971 ]')
('correct:', '[1     ]')
error:  0.00043086
('out:    ', '[0.998 ]')
('correct:', '[1     ]')
error:  0.00000268
('out:    ', '[0.988 ]')
('correct:', '[1     ]')
error:  0.00007182
('out:    ', '[0.845 ]')
('correct:', '[1     ]')
error:  0.01202008
('out:    ', '[0.998 ]')
('correct:', '[1     ]')
error:  0.00000200
('out:    ', '[0.986 ]')
('correct:', '[1     ]')
error:  0.00009170
('out:    ', '[0.996 ]')
('correct:', '[1     ]')
error:  0.00000665
('out:    ', '[0.987 ]')
('correct:', '[1     ]')
error:  0.00008846
('out:    ', '[0.775 ]')
('correct:', '[1     ]')
error:  0.02528384
('out:    ', '[0.994 ]')
('correct:', '[1     ]')
error:  0.00001790
('out:    ', '[0.994 ]')
('correct:', '[1     ]')
error:  0.00001672
('out:    ', '[0.997 ]')
('correct:', '[1     ]')
error:  0.00000338
('out:    ', '[0.989 ]')
('correct:', '[1     ]')
error:  0.00005671
('out:    ', '[0.996 ]')
('correct:', '[1     ]')
error:  0.00001004
('out:    ', '[0.94  ]')
('correct:', '[1     ]')
error:  0.00179068
('out:    ', '[0.985 ]')
('correct:', '[1     ]')
error:  0.00011853
('out:    ', '[0.996 ]')
('correct:', '[1     ]')
error:  0.00000875
('out:    ', '[0.993 ]')
('correct:', '[1     ]')
error:  0.00002311
('out:    ', '[0.996 ]')
('correct:', '[1     ]')
error:  0.00000761
('out:    ', '[0.997 ]')
('correct:', '[1     ]')
error:  0.00000322
('out:    ', '[0.848 ]')
('correct:', '[1     ]')
error:  0.01159674
('out:    ', '[0.989 ]')
('correct:', '[1     ]')
error:  0.00006576
('out:    ', '[0.996 ]')
('correct:', '[1     ]')
error:  0.00000967
('out:    ', '[0.997 ]')
('correct:', '[1     ]')
error:  0.00000583
('out:    ', '[0.991 ]')
('correct:', '[1     ]')
error:  0.00003641
('out:    ', '[0.994 ]')
('correct:', '[1     ]')
error:  0.00001726
('out:    ', '[0.997 ]')
('correct:', '[1     ]')
error:  0.00000457
('out:    ', '[0.997 ]')
('correct:', '[1     ]')
error:  0.00000355
('out:    ', '[0.991 ]')
('correct:', '[1     ]')
error:  0.00004364
('out:    ', '[0.979 ]')
('correct:', '[1     ]')
error:  0.00021657
('out:    ', '[0.959 ]')
('correct:', '[1     ]')
error:  0.00083514
('out:    ', '[0.993 ]')
('correct:', '[1     ]')
error:  0.00002193
('out:    ', '[0.995 ]')
('correct:', '[1     ]')
error:  0.00001391
('out:    ', '[0.99  ]')
('correct:', '[1     ]')
error:  0.00005338
('out:    ', '[0.993 ]')
('correct:', '[1     ]')
error:  0.00002343
('out:    ', '[0.997 ]')
('correct:', '[1     ]')
error:  0.00000399
('out:    ', '[0.993 ]')
('correct:', '[1     ]')
error:  0.00002397
('out:    ', '[0.998 ]')
('correct:', '[1     ]')
error:  0.00000173
('out:    ', '[0.998 ]')
('correct:', '[1     ]')
error:  0.00000185
('out:    ', '[0.998 ]')
('correct:', '[1     ]')
error:  0.00000240
('out:    ', '[0.989 ]')
('correct:', '[1     ]')
error:  0.00005557
('out:    ', '[0.995 ]')
('correct:', '[1     ]')
error:  0.00001082
('out:    ', '[0.998 ]')
('correct:', '[1     ]')
error:  0.00000285
('out:    ', '[0.993 ]')
('correct:', '[1     ]')
error:  0.00002159
('out:    ', '[0.993 ]')
('correct:', '[1     ]')
error:  0.00002412
('out:    ', '[0.995 ]')
('correct:', '[1     ]')
error:  0.00001233
('out:    ', '[0.993 ]')
('correct:', '[1     ]')
error:  0.00002241
('out:    ', '[0.992 ]')
('correct:', '[1     ]')
error:  0.00003142
('out:    ', '[0.995 ]')
('correct:', '[1     ]')
error:  0.00001398
('out:    ', '[0.99  ]')
('correct:', '[1     ]')
error:  0.00005188
('out:    ', '[0.994 ]')
('correct:', '[1     ]')
error:  0.00001830
('out:    ', '[0.747 ]')
('correct:', '[1     ]')
error:  0.03198685
('out:    ', '[0.992 ]')
('correct:', '[1     ]')
error:  0.00003014
('out:    ', '[0.99  ]')
('correct:', '[1     ]')
error:  0.00004862
('out:    ', '[0.986 ]')
('correct:', '[1     ]')
error:  0.00010105
('out:    ', '[0.996 ]')
('correct:', '[1     ]')
error:  0.00000676
('out:    ', '[0.993 ]')
('correct:', '[1     ]')
error:  0.00002468
('out:    ', '[0.992 ]')
('correct:', '[1     ]')
error:  0.00002817
('out:    ', '[0.834 ]')
('correct:', '[1     ]')
error:  0.01385650
('out:    ', '[0.998 ]')
('correct:', '[1     ]')
error:  0.00000295
('out:    ', '[0.915 ]')
('correct:', '[1     ]')
error:  0.00358231
('out:    ', '[0.766 ]')
('correct:', '[1     ]')
error:  0.02745793
('out:    ', '[0.625 ]')
('correct:', '[1     ]')
error:  0.07026485
('out:    ', '[0.992 ]')
('correct:', '[1     ]')
error:  0.00002907
('out:    ', '[0.977 ]')
('correct:', '[1     ]')
error:  0.00025548
('out:    ', '[0.911 ]')
('correct:', '[1     ]')
error:  0.00395255
('out:    ', '[0.995 ]')
('correct:', '[1     ]')
error:  0.00001019
('out:    ', '[0.992 ]')
('correct:', '[1     ]')
error:  0.00003261
('out:    ', '[0.993 ]')
('correct:', '[1     ]')
error:  0.00002262
('out:    ', '[0.987 ]')
('correct:', '[1     ]')
error:  0.00009052
('out:    ', '[0.988 ]')
('correct:', '[1     ]')
error:  0.00006973
('out:    ', '[0.991 ]')
('correct:', '[1     ]')
error:  0.00004231
('out:    ', '[0.993 ]')
('correct:', '[1     ]')
error:  0.00002801
('out:    ', '[0.986 ]')
('correct:', '[1     ]')
error:  0.00009620
('out:    ', '[0.991 ]')
('correct:', '[1     ]')
error:  0.00004064
('out:    ', '[0.994 ]')
('correct:', '[1     ]')
error:  0.00001635
('out:    ', '[0.993 ]')
('correct:', '[1     ]')
error:  0.00002304
('out:    ', '[0.979 ]')
('correct:', '[1     ]')
error:  0.00021055
('out:    ', '[0.986 ]')
('correct:', '[1     ]')
error:  0.00009745
('out:    ', '[0.912 ]')
('correct:', '[1     ]')
error:  0.00386172
('out:    ', '[0.988 ]')
('correct:', '[1     ]')
error:  0.00007054
('out:    ', '[0.994 ]')
('correct:', '[1     ]')
error:  0.00001604
('out:    ', '[0.997 ]')
('correct:', '[1     ]')
error:  0.00000428
('out:    ', '[0.992 ]')
('correct:', '[1     ]')
error:  0.00003158
('out:    ', '[0.792 ]')
('correct:', '[1     ]')
error:  0.02166192
('out:    ', '[0.979 ]')
('correct:', '[1     ]')
error:  0.00021451
('out:    ', '[0.967 ]')
('correct:', '[1     ]')
error:  0.00054040
('out:    ', '[0.984 ]')
('correct:', '[1     ]')
error:  0.00012318
('out:    ', '[0.929 ]')
('correct:', '[1     ]')
error:  0.00252223
('out:    ', '[0.995 ]')
('correct:', '[1     ]')
error:  0.00001067
('out:    ', '[0.991 ]')
('correct:', '[1     ]')
error:  0.00003884
('out:    ', '[0.99  ]')
('correct:', '[1     ]')
error:  0.00005184
('out:    ', '[0.992 ]')
('correct:', '[1     ]')
error:  0.00003146
('out:    ', '[0.986 ]')
('correct:', '[1     ]')
error:  0.00010247
('out:    ', '[0.998 ]')
('correct:', '[1     ]')
error:  0.00000214
('out:    ', '[0.987 ]')
('correct:', '[1     ]')
error:  0.00007864
('out:    ', '[0.997 ]')
('correct:', '[1     ]')
error:  0.00000351
('out:    ', '[0.96  ]')
('correct:', '[1     ]')
error:  0.00078059
('out:    ', '[0.995 ]')
('correct:', '[1     ]')
error:  0.00001493
('out:    ', '[0.811 ]')
('correct:', '[1     ]')
error:  0.01793901
('out:    ', '[0.95  ]')
('correct:', '[1     ]')
error:  0.00124900
('out:    ', '[0.97  ]')
('correct:', '[1     ]')
error:  0.00044425
('out:    ', '[0.996 ]')
('correct:', '[1     ]')
error:  0.00000867
('out:    ', '[0.997 ]')
('correct:', '[1     ]')
error:  0.00000329
('out:    ', '[0.997 ]')
('correct:', '[1     ]')
error:  0.00000507
('out:    ', '[0.874 ]')
('correct:', '[1     ]')
error:  0.00792060
('out:    ', '[0.998 ]')
('correct:', '[1     ]')
error:  0.00000223
('out:    ', '[0.941 ]')
('correct:', '[1     ]')
error:  0.00176749
('out:    ', '[0.991 ]')
('correct:', '[1     ]')
error:  0.00003649
('out:    ', '[0.998 ]')
('correct:', '[1     ]')
error:  0.00000224
('out:    ', '[0.987 ]')
('correct:', '[1     ]')
error:  0.00008458
('out:    ', '[0.689 ]')
('correct:', '[1     ]')
error:  0.04840157
('out:    ', '[0.992 ]')
('correct:', '[1     ]')
error:  0.00002898
('out:    ', '[0.993 ]')
('correct:', '[1     ]')
error:  0.00002547
('out:    ', '[0.923 ]')
('correct:', '[1     ]')
error:  0.00298575
('out:    ', '[0.993 ]')
('correct:', '[1     ]')
error:  0.00002344
('out:    ', '[0.987 ]')
('correct:', '[1     ]')
error:  0.00008766
('out:    ', '[0.819 ]')
('correct:', '[1     ]')
error:  0.01641254
('out:    ', '[0.993 ]')
('correct:', '[1     ]')
error:  0.00002657
('out:    ', '[0.998 ]')
('correct:', '[1     ]')
error:  0.00000154
('out:    ', '[0.851 ]')
('correct:', '[1     ]')
error:  0.01109615
('out:    ', '[0.989 ]')
('correct:', '[1     ]')
error:  0.00006091
('out:    ', '[0.996 ]')
('correct:', '[1     ]')
error:  0.00000953
('out:    ', '[0.995 ]')
('correct:', '[1     ]')
error:  0.00001181
('out:    ', '[0.995 ]')
('correct:', '[1     ]')
error:  0.00001177
('out:    ', '[0.998 ]')
('correct:', '[1     ]')
error:  0.00000189
('out:    ', '[0.971 ]')
('correct:', '[1     ]')
error:  0.00042186
('out:    ', '[0.636 ]')
('correct:', '[1     ]')
error:  0.06631174
('out:    ', '[0.994 ]')
('correct:', '[1     ]')
error:  0.00001829
('out:    ', '[0.995 ]')
('correct:', '[1     ]')
error:  0.00001426
('out:    ', '[0.996 ]')
('correct:', '[1     ]')
error:  0.00000628
('out:    ', '[0.994 ]')
('correct:', '[1     ]')
error:  0.00001629
('out:    ', '[0.977 ]')
('correct:', '[1     ]')
error:  0.00025988
('out:    ', '[0.993 ]')
('correct:', '[1     ]')
error:  0.00002168
('out:    ', '[0.988 ]')
('correct:', '[1     ]')
error:  0.00006619
('out:    ', '[0.994 ]')
('correct:', '[1     ]')
error:  0.00001828
('out:    ', '[0.997 ]')
('correct:', '[1     ]')
error:  0.00000407
('out:    ', '[0.88  ]')
('correct:', '[1     ]')
error:  0.00715076
('out:    ', '[0.974 ]')
('correct:', '[1     ]')
error:  0.00034933
('out:    ', '[0.997 ]')
('correct:', '[1     ]')
error:  0.00000488
('out:    ', '[0.998 ]')
('correct:', '[1     ]')
error:  0.00000160
('out:    ', '[0.72  ]')
('correct:', '[1     ]')
error:  0.03927333
('out:    ', '[0.993 ]')
('correct:', '[1     ]')
error:  0.00002174
('out:    ', '[0.992 ]')
('correct:', '[1     ]')
error:  0.00002996
('out:    ', '[0.997 ]')
('correct:', '[1     ]')
error:  0.00000410
('out:    ', '[0.995 ]')
('correct:', '[1     ]')
error:  0.00001368
('out:    ', '[0.993 ]')
('correct:', '[1     ]')
error:  0.00002711
('out:    ', '[0.989 ]')
('correct:', '[1     ]')
error:  0.00005663
('out:    ', '[0.998 ]')
('correct:', '[1     ]')
error:  0.00000292
('out:    ', '[0.909 ]')
('correct:', '[1     ]')
error:  0.00414316
('out:    ', '[0.998 ]')
('correct:', '[1     ]')
error:  0.00000279
('out:    ', '[0.938 ]')
('correct:', '[1     ]')
error:  0.00195020
('out:    ', '[0.997 ]')
('correct:', '[1     ]')
error:  0.00000606
('out:    ', '[0.974 ]')
('correct:', '[1     ]')
error:  0.00034077
('out:    ', '[0.992 ]')
('correct:', '[1     ]')
error:  0.00003386
('out:    ', '[0.995 ]')
('correct:', '[1     ]')
error:  0.00001177
('out:    ', '[0.998 ]')
('correct:', '[1     ]')
error:  0.00000282
('out:    ', '[0.908 ]')
('correct:', '[1     ]')
error:  0.00421347
('out:    ', '[0.991 ]')
('correct:', '[1     ]')
error:  0.00004394
('out:    ', '[0.992 ]')
('correct:', '[1     ]')
error:  0.00003111
('out:    ', '[0.995 ]')
('correct:', '[1     ]')
error:  0.00001302
('out:    ', '[0.969 ]')
('correct:', '[1     ]')
error:  0.00046691
('out:    ', '[0.993 ]')
('correct:', '[1     ]')
error:  0.00002203
('out:    ', '[0.998 ]')
('correct:', '[1     ]')
error:  0.00000206
('out:    ', '[0.998 ]')
('correct:', '[1     ]')
error:  0.00000167
('out:    ', '[0.997 ]')
('correct:', '[1     ]')
error:  0.00000543
('out:    ', '[0.994 ]')
('correct:', '[1     ]')
error:  0.00002017
('out:    ', '[0.995 ]')
('correct:', '[1     ]')
error:  0.00001458
('out:    ', '[0.973 ]')
('correct:', '[1     ]')
error:  0.00036374
('out:    ', '[0.997 ]')
('correct:', '[1     ]')
error:  0.00000330
('out:    ', '[0.994 ]')
('correct:', '[1     ]')
error:  0.00001812
('out:    ', '[0.925 ]')
('correct:', '[1     ]')
error:  0.00281842
('out:    ', '[0.971 ]')
('correct:', '[1     ]')
error:  0.00042016
('out:    ', '[0.973 ]')
('correct:', '[1     ]')
error:  0.00037422
('out:    ', '[0.981 ]')
('correct:', '[1     ]')
error:  0.00017596
('out:    ', '[0.856 ]')
('correct:', '[1     ]')
error:  0.01034421
('out:    ', '[0.992 ]')
('correct:', '[1     ]')
error:  0.00002985
('out:    ', '[0.986 ]')
('correct:', '[1     ]')
error:  0.00009295
('out:    ', '[0.995 ]')
('correct:', '[1     ]')
error:  0.00001467
('out:    ', '[0.997 ]')
('correct:', '[1     ]')
error:  0.00000508
('out:    ', '[0.992 ]')
('correct:', '[1     ]')
error:  0.00002884
('out:    ', '[0.847 ]')
('correct:', '[1     ]')
error:  0.01171141
('out:    ', '[0.995 ]')
('correct:', '[1     ]')
error:  0.00001148
('out:    ', '[0.972 ]')
('correct:', '[1     ]')
error:  0.00040530
('out:    ', '[0.995 ]')
('correct:', '[1     ]')
error:  0.00001346
('out:    ', '[0.91  ]')
('correct:', '[1     ]')
error:  0.00405389
('out:    ', '[0.962 ]')
('correct:', '[1     ]')
error:  0.00073220
('out:    ', '[0.969 ]')
('correct:', '[1     ]')
error:  0.00047739
('out:    ', '[0.988 ]')
('correct:', '[1     ]')
error:  0.00007716
('out:    ', '[0.992 ]')
('correct:', '[1     ]')
error:  0.00002996
('out:    ', '[0.95  ]')
('correct:', '[1     ]')
error:  0.00126427
('out:    ', '[0.995 ]')
('correct:', '[1     ]')
error:  0.00001161
('out:    ', '[0.996 ]')
('correct:', '[1     ]')
error:  0.00000911
('out:    ', '[0.994 ]')
('correct:', '[1     ]')
error:  0.00001643
('out:    ', '[0.974 ]')
('correct:', '[1     ]')
error:  0.00033907
('out:    ', '[0.944 ]')
('correct:', '[1     ]')
error:  0.00157442
('out:    ', '[0.983 ]')
('correct:', '[1     ]')
error:  0.00014316
('out:    ', '[0.964 ]')
('correct:', '[1     ]')
error:  0.00065459
('out:    ', '[0.995 ]')
('correct:', '[1     ]')
error:  0.00001068
('out:    ', '[0.993 ]')
('correct:', '[1     ]')
error:  0.00002554
('out:    ', '[0.996 ]')
('correct:', '[1     ]')
error:  0.00000734
('out:    ', '[0.995 ]')
('correct:', '[1     ]')
error:  0.00001055
('out:    ', '[0.983 ]')
('correct:', '[1     ]')
error:  0.00014070
('out:    ', '[0.988 ]')
('correct:', '[1     ]')
error:  0.00006821
('out:    ', '[0.99  ]')
('correct:', '[1     ]')
error:  0.00005367
('out:    ', '[0.993 ]')
('correct:', '[1     ]')
error:  0.00002653
('out:    ', '[0.955 ]')
('correct:', '[1     ]')
error:  0.00102805
('out:    ', '[0.843 ]')
('correct:', '[1     ]')
error:  0.01224720
('out:    ', '[0.998 ]')
('correct:', '[1     ]')
error:  0.00000234
('out:    ', '[0.996 ]')
('correct:', '[1     ]')
error:  0.00000933
('out:    ', '[0.998 ]')
('correct:', '[1     ]')
error:  0.00000284
('out:    ', '[0.987 ]')
('correct:', '[1     ]')
error:  0.00008450
('out:    ', '[0.996 ]')
('correct:', '[1     ]')
error:  0.00000735
('out:    ', '[0.998 ]')
('correct:', '[1     ]')
error:  0.00000301
('out:    ', '[0.991 ]')
('correct:', '[1     ]')
error:  0.00004405
('out:    ', '[0.932 ]')
('correct:', '[1     ]')
error:  0.00233625
('out:    ', '[0.985 ]')
('correct:', '[1     ]')
error:  0.00010797
('out:    ', '[0.954 ]')
('correct:', '[1     ]')
error:  0.00107086
('out:    ', '[0.996 ]')
('correct:', '[1     ]')
error:  0.00000763
('out:    ', '[0.998 ]')
('correct:', '[1     ]')
error:  0.00000209
('out:    ', '[0.995 ]')
('correct:', '[1     ]')
error:  0.00001112
('out:    ', '[0.993 ]')
('correct:', '[1     ]')
error:  0.00002319
('out:    ', '[0.996 ]')
('correct:', '[1     ]')
error:  0.00000879
('out:    ', '[0.979 ]')
('correct:', '[1     ]')
error:  0.00022979
('out:    ', '[0.996 ]')
('correct:', '[1     ]')
error:  0.00000997
('out:    ', '[0.995 ]')
('correct:', '[1     ]')
error:  0.00001210
('out:    ', '[0.99  ]')
('correct:', '[1     ]')
error:  0.00004940
('out:    ', '[0.992 ]')
('correct:', '[1     ]')
error:  0.00002845
('out:    ', '[0.982 ]')
('correct:', '[1     ]')
error:  0.00015976
('out:    ', '[0.993 ]')
('correct:', '[1     ]')
error:  0.00002204
('out:    ', '[0.995 ]')
('correct:', '[1     ]')
error:  0.00001195
('out:    ', '[0.998 ]')
('correct:', '[1     ]')
error:  0.00000145
('out:    ', '[0.995 ]')
('correct:', '[1     ]')
error:  0.00001031
('out:    ', '[0.995 ]')
('correct:', '[1     ]')
error:  0.00001332
('out:    ', '[0.994 ]')
('correct:', '[1     ]')
error:  0.00001741
('out:    ', '[0.993 ]')
('correct:', '[1     ]')
error:  0.00002333
('out:    ', '[0.972 ]')
('correct:', '[1     ]')
error:  0.00038334
('out:    ', '[0.991 ]')
('correct:', '[1     ]')
error:  0.00004370
('out:    ', '[0.995 ]')
('correct:', '[1     ]')
error:  0.00001069
('out:    ', '[0.996 ]')
('correct:', '[1     ]')
error:  0.00000728
('out:    ', '[0.997 ]')
('correct:', '[1     ]')
error:  0.00000464
('out:    ', '[0.997 ]')
('correct:', '[1     ]')
error:  0.00000463
('out:    ', '[0.994 ]')
('correct:', '[1     ]')
error:  0.00001710
('out:    ', '[0.997 ]')
('correct:', '[1     ]')
error:  0.00000511
('out:    ', '[0.994 ]')
('correct:', '[1     ]')
error:  0.00001739
('out:    ', '[0.99  ]')
('correct:', '[1     ]')
error:  0.00005130
('out:    ', '[0.991 ]')
('correct:', '[1     ]')
error:  0.00004509
('out:    ', '[0.961 ]')
('correct:', '[1     ]')
error:  0.00077278
('out:    ', '[0.988 ]')
('correct:', '[1     ]')
error:  0.00007432
('out:    ', '[0.991 ]')
('correct:', '[1     ]')
error:  0.00003792
('out:    ', '[0.996 ]')
('correct:', '[1     ]')
error:  0.00000639
('out:    ', '[0.991 ]')
('correct:', '[1     ]')
error:  0.00004278
('out:    ', '[0.997 ]')
('correct:', '[1     ]')
error:  0.00000412
('out:    ', '[0.993 ]')
('correct:', '[1     ]')
error:  0.00002445
('out:    ', '[0.996 ]')
('correct:', '[1     ]')
error:  0.00000809
('out:    ', '[0.996 ]')
('correct:', '[1     ]')
error:  0.00000783
('out:    ', '[0.994 ]')
('correct:', '[1     ]')
error:  0.00002068
('out:    ', '[0.997 ]')
('correct:', '[1     ]')
error:  0.00000488
('out:    ', '[0.997 ]')
('correct:', '[1     ]')
error:  0.00000426
('out:    ', '[0.983 ]')
('correct:', '[1     ]')
error:  0.00015165
('out:    ', '[0.994 ]')
('correct:', '[1     ]')
error:  0.00001861
('out:    ', '[0.978 ]')
('correct:', '[1     ]')
error:  0.00023226
('out:    ', '[0.997 ]')
('correct:', '[1     ]')
error:  0.00000393
('out:    ', '[0.994 ]')
('correct:', '[1     ]')
error:  0.00002065
('out:    ', '[0.868 ]')
('correct:', '[1     ]')
error:  0.00875668
('out:    ', '[0.98  ]')
('correct:', '[1     ]')
error:  0.00020219
('out:    ', '[0.995 ]')
('correct:', '[1     ]')
error:  0.00001484
('out:    ', '[0.989 ]')
('correct:', '[1     ]')
error:  0.00005898
('out:    ', '[0.996 ]')
('correct:', '[1     ]')
error:  0.00000771
('out:    ', '[0.973 ]')
('correct:', '[1     ]')
error:  0.00036791
('out:    ', '[0.824 ]')
('correct:', '[1     ]')
error:  0.01546454
('out:    ', '[0.998 ]')
('correct:', '[1     ]')
error:  0.00000210
('out:    ', '[0.996 ]')
('correct:', '[1     ]')
error:  0.00000674
('out:    ', '[0.994 ]')
('correct:', '[1     ]')
error:  0.00002056
('out:    ', '[0.996 ]')
('correct:', '[1     ]')
error:  0.00000982
('out:    ', '[0.96  ]')
('correct:', '[1     ]')
error:  0.00081620
('out:    ', '[0.994 ]')
('correct:', '[1     ]')
error:  0.00001750
('out:    ', '[0.994 ]')
('correct:', '[1     ]')
error:  0.00001562
('out:    ', '[0.995 ]')
('correct:', '[1     ]')
error:  0.00001487
('out:    ', '[0.99  ]')
('correct:', '[1     ]')
error:  0.00004683
('out:    ', '[0.99  ]')
('correct:', '[1     ]')
error:  0.00005457
('out:    ', '[0.996 ]')
('correct:', '[1     ]')
error:  0.00000656
('out:    ', '[0.997 ]')
('correct:', '[1     ]')
error:  0.00000318
('out:    ', '[0.986 ]')
('correct:', '[1     ]')
error:  0.00009503
('out:    ', '[0.994 ]')
('correct:', '[1     ]')
error:  0.00001678
('out:    ', '[0.995 ]')
('correct:', '[1     ]')
error:  0.00001082
('out:    ', '[0.978 ]')
('correct:', '[1     ]')
error:  0.00025093
('out:    ', '[0.998 ]')
('correct:', '[1     ]')
error:  0.00000189
('out:    ', '[0.996 ]')
('correct:', '[1     ]')
error:  0.00000639
('out:    ', '[0.99  ]')
('correct:', '[1     ]')
error:  0.00005085
('out:    ', '[0.969 ]')
('correct:', '[1     ]')
error:  0.00048372
('out:    ', '[0.993 ]')
('correct:', '[1     ]')
error:  0.00002519
('out:    ', '[0.984 ]')
('correct:', '[1     ]')
error:  0.00012191
('out:    ', '[0.734 ]')
('correct:', '[1     ]')
error:  0.03539169
('out:    ', '[0.995 ]')
('correct:', '[1     ]')
error:  0.00001156
('out:    ', '[0.996 ]')
('correct:', '[1     ]')
error:  0.00000951
('out:    ', '[0.99  ]')
('correct:', '[1     ]')
error:  0.00005507
('out:    ', '[0.992 ]')
('correct:', '[1     ]')
error:  0.00003228
('out:    ', '[0.694 ]')
('correct:', '[1     ]')
error:  0.04679705
('out:    ', '[0.994 ]')
('correct:', '[1     ]')
error:  0.00001616
('out:    ', '[0.991 ]')
('correct:', '[1     ]')
error:  0.00004078
('out:    ', '[0.998 ]')
('correct:', '[1     ]')
error:  0.00000251
('out:    ', '[0.997 ]')
('correct:', '[1     ]')
error:  0.00000582
('out:    ', '[0.994 ]')
('correct:', '[1     ]')
error:  0.00001702
('out:    ', '[0.997 ]')
('correct:', '[1     ]')
error:  0.00000356
('out:    ', '[0.995 ]')
('correct:', '[1     ]')
error:  0.00001215
('out:    ', '[0.994 ]')
('correct:', '[1     ]')
error:  0.00001986
('out:    ', '[0.994 ]')
('correct:', '[1     ]')
error:  0.00001725
('out:    ', '[0.995 ]')
('correct:', '[1     ]')
error:  0.00001062
('out:    ', '[0.931 ]')
('correct:', '[1     ]')
error:  0.00239202
('out:    ', '[0.996 ]')
('correct:', '[1     ]')
error:  0.00000949
('out:    ', '[0.997 ]')
('correct:', '[1     ]')
error:  0.00000401
('out:    ', '[0.973 ]')
('correct:', '[1     ]')
error:  0.00035831
('out:    ', '[0.997 ]')
('correct:', '[1     ]')
error:  0.00000414
('out:    ', '[0.997 ]')
('correct:', '[1     ]')
error:  0.00000570
('out:    ', '[0.997 ]')
('correct:', '[1     ]')
error:  0.00000591
('out:    ', '[0.987 ]')
('correct:', '[1     ]')
error:  0.00007864
('out:    ', '[0.998 ]')
('correct:', '[1     ]')
error:  0.00000279
('out:    ', '[0.984 ]')
('correct:', '[1     ]')
error:  0.00012932
('out:    ', '[0.995 ]')
('correct:', '[1     ]')
error:  0.00001445
('out:    ', '[0.988 ]')
('correct:', '[1     ]')
error:  0.00007310
('out:    ', '[0.995 ]')
('correct:', '[1     ]')
error:  0.00001056
('out:    ', '[0.989 ]')
('correct:', '[1     ]')
error:  0.00005573
('out:    ', '[0.979 ]')
('correct:', '[1     ]')
error:  0.00021616
('out:    ', '[0.966 ]')
('correct:', '[1     ]')
error:  0.00058189
('out:    ', '[0.99  ]')
('correct:', '[1     ]')
error:  0.00005123
('out:    ', '[0.922 ]')
('correct:', '[1     ]')
error:  0.00302667
('out:    ', '[0.984 ]')
('correct:', '[1     ]')
error:  0.00012828
('out:    ', '[0.998 ]')
('correct:', '[1     ]')
error:  0.00000294
('out:    ', '[0.955 ]')
('correct:', '[1     ]')
error:  0.00100802
('out:    ', '[0.996 ]')
('correct:', '[1     ]')
error:  0.00000663
('out:    ', '[0.991 ]')
('correct:', '[1     ]')
error:  0.00004191
('out:    ', '[0.998 ]')
('correct:', '[1     ]')
error:  0.00000278
('out:    ', '[0.994 ]')
('correct:', '[1     ]')
error:  0.00001933
('out:    ', '[0.947 ]')
('correct:', '[1     ]')
error:  0.00141587
('out:    ', '[0.996 ]')
('correct:', '[1     ]')
error:  0.00000679
('out:    ', '[0.998 ]')
('correct:', '[1     ]')
error:  0.00000275
('out:    ', '[0.995 ]')
('correct:', '[1     ]')
error:  0.00001169
('out:    ', '[0.995 ]')
('correct:', '[1     ]')
error:  0.00001268
('out:    ', '[0.998 ]')
('correct:', '[1     ]')
error:  0.00000276
('out:    ', '[0.996 ]')
('correct:', '[1     ]')
error:  0.00000778
('out:    ', '[0.996 ]')
('correct:', '[1     ]')
error:  0.00000708
('out:    ', '[0.993 ]')
('correct:', '[1     ]')
error:  0.00002725
('out:    ', '[0.998 ]')
('correct:', '[1     ]')
error:  0.00000218
('out:    ', '[0.974 ]')
('correct:', '[1     ]')
error:  0.00034594
('out:    ', '[0.993 ]')
('correct:', '[1     ]')
error:  0.00002473
('out:    ', '[0.998 ]')
('correct:', '[1     ]')
error:  0.00000296
('out:    ', '[0.908 ]')
('correct:', '[1     ]')
error:  0.00425255
('out:    ', '[0.983 ]')
('correct:', '[1     ]')
error:  0.00015024
('out:    ', '[0.995 ]')
('correct:', '[1     ]')
error:  0.00001037
('out:    ', '[0.998 ]')
('correct:', '[1     ]')
error:  0.00000292
('out:    ', '[0.984 ]')
('correct:', '[1     ]')
error:  0.00012029
('out:    ', '[0.956 ]')
('correct:', '[1     ]')
error:  0.00098662
('out:    ', '[0.995 ]')
('correct:', '[1     ]')
error:  0.00001018
('out:    ', '[0.813 ]')
('correct:', '[1     ]')
error:  0.01745273
('out:    ', '[0.984 ]')
('correct:', '[1     ]')
error:  0.00012407
('out:    ', '[0.996 ]')
('correct:', '[1     ]')
error:  0.00000812
('out:    ', '[0.987 ]')
('correct:', '[1     ]')
error:  0.00008607
('out:    ', '[0.962 ]')
('correct:', '[1     ]')
error:  0.00073746
('out:    ', '[0.997 ]')
('correct:', '[1     ]')
error:  0.00000561
('out:    ', '[0.994 ]')
('correct:', '[1     ]')
error:  0.00001797
('out:    ', '[0.995 ]')
('correct:', '[1     ]')
error:  0.00001029
('out:    ', '[0.736 ]')
('correct:', '[1     ]')
error:  0.03486099
('out:    ', '[0.984 ]')
('correct:', '[1     ]')
error:  0.00012508
('out:    ', '[0.986 ]')
('correct:', '[1     ]')
error:  0.00010400
('out:    ', '[0.993 ]')
('correct:', '[1     ]')
error:  0.00002285
('out:    ', '[0.996 ]')
('correct:', '[1     ]')
error:  0.00000621
('out:    ', '[0.998 ]')
('correct:', '[1     ]')
error:  0.00000206
('out:    ', '[0.995 ]')
('correct:', '[1     ]')
error:  0.00001280
('out:    ', '[0.998 ]')
('correct:', '[1     ]')
error:  0.00000200
('out:    ', '[0.997 ]')
('correct:', '[1     ]')
error:  0.00000399
('out:    ', '[0.997 ]')
('correct:', '[1     ]')
error:  0.00000441
('out:    ', '[0.983 ]')
('correct:', '[1     ]')
error:  0.00014006
('out:    ', '[0.997 ]')
('correct:', '[1     ]')
error:  0.00000319
('out:    ', '[0.988 ]')
('correct:', '[1     ]')
error:  0.00007544
('out:    ', '[0.996 ]')
('correct:', '[1     ]')
error:  0.00000803
('out:    ', '[0.978 ]')
('correct:', '[1     ]')
error:  0.00025258
('out:    ', '[0.998 ]')
('correct:', '[1     ]')
error:  0.00000209
('out:    ', '[0.992 ]')
('correct:', '[1     ]')
error:  0.00003110
('out:    ', '[0.995 ]')
('correct:', '[1     ]')
error:  0.00001104
('out:    ', '[0.998 ]')
('correct:', '[1     ]')
error:  0.00000181
('out:    ', '[0.997 ]')
('correct:', '[1     ]')
error:  0.00000393
('out:    ', '[0.998 ]')
('correct:', '[1     ]')
error:  0.00000207
('out:    ', '[0.997 ]')
('correct:', '[1     ]')
error:  0.00000351
('out:    ', '[0.992 ]')
('correct:', '[1     ]')
error:  0.00002983
('out:    ', '[0.992 ]')
('correct:', '[1     ]')
error:  0.00002954
('out:    ', '[0.99  ]')
('correct:', '[1     ]')
error:  0.00004862
('out:    ', '[0.997 ]')
('correct:', '[1     ]')
error:  0.00000545
('out:    ', '[0.992 ]')
('correct:', '[1     ]')
error:  0.00003505
('out:    ', '[0.969 ]')
('correct:', '[1     ]')
error:  0.00046712
('out:    ', '[0.996 ]')
('correct:', '[1     ]')
error:  0.00001002
('out:    ', '[0.981 ]')
('correct:', '[1     ]')
error:  0.00018888
('out:    ', '[0.993 ]')
('correct:', '[1     ]')
error:  0.00002346
('out:    ', '[0.995 ]')
('correct:', '[1     ]')
error:  0.00001419
('out:    ', '[0.998 ]')
('correct:', '[1     ]')
error:  0.00000217
('out:    ', '[0.998 ]')
('correct:', '[1     ]')
error:  0.00000180
('out:    ', '[0.984 ]')
('correct:', '[1     ]')
error:  0.00012789
('out:    ', '[0.997 ]')
('correct:', '[1     ]')
error:  0.00000416
('out:    ', '[0.998 ]')
('correct:', '[1     ]')
error:  0.00000208
('out:    ', '[0.998 ]')
('correct:', '[1     ]')
error:  0.00000162
('out:    ', '[0.995 ]')
('correct:', '[1     ]')
error:  0.00001369
('out:    ', '[0.993 ]')
('correct:', '[1     ]')
error:  0.00002700
('out:    ', '[0.978 ]')
('correct:', '[1     ]')
error:  0.00024152
('out:    ', '[0.986 ]')
('correct:', '[1     ]')
error:  0.00009993
('out:    ', '[0.995 ]')
('correct:', '[1     ]')
error:  0.00001160
('out:    ', '[0.992 ]')
('correct:', '[1     ]')
error:  0.00002919
('out:    ', '[0.995 ]')
('correct:', '[1     ]')
error:  0.00001295
('out:    ', '[0.998 ]')
('correct:', '[1     ]')
error:  0.00000284
('out:    ', '[0.997 ]')
('correct:', '[1     ]')
error:  0.00000582
('out:    ', '[0.998 ]')
('correct:', '[1     ]')
error:  0.00000251
('out:    ', '[0.992 ]')
('correct:', '[1     ]')
error:  0.00002848
('out:    ', '[0.997 ]')
('correct:', '[1     ]')
error:  0.00000539
('out:    ', '[0.997 ]')
('correct:', '[1     ]')
error:  0.00000585
('out:    ', '[0.993 ]')
('correct:', '[1     ]')
error:  0.00002536
('out:    ', '[0.995 ]')
('correct:', '[1     ]')
error:  0.00001184
('out:    ', '[0.885 ]')
('correct:', '[1     ]')
error:  0.00656753
('out:    ', '[0.989 ]')
('correct:', '[1     ]')
error:  0.00006596
('out:    ', '[0.938 ]')
('correct:', '[1     ]')
error:  0.00189486
('out:    ', '[0.997 ]')
('correct:', '[1     ]')
error:  0.00000470
('out:    ', '[0.994 ]')
('correct:', '[1     ]')
error:  0.00002081
('out:    ', '[0.997 ]')
('correct:', '[1     ]')
error:  0.00000357
('out:    ', '[0.994 ]')
('correct:', '[1     ]')
error:  0.00001682
('out:    ', '[0.993 ]')
('correct:', '[1     ]')
error:  0.00002309
('out:    ', '[0.983 ]')
('correct:', '[1     ]')
error:  0.00013830
('out:    ', '[0.981 ]')
('correct:', '[1     ]')
error:  0.00017921
('out:    ', '[0.995 ]')
('correct:', '[0     ]')
error:  0.49523151
('out:    ', '[0.995 ]')
('correct:', '[1     ]')
error:  0.00001047
('out:    ', '[0.998 ]')
('correct:', '[1     ]')
error:  0.00000207
('out:    ', '[0.997 ]')
('correct:', '[1     ]')
error:  0.00000373
('out:    ', '[0.99  ]')
('correct:', '[1     ]')
error:  0.00004582
('out:    ', '[0.996 ]')
('correct:', '[1     ]')
error:  0.00000852
('out:    ', '[0.987 ]')
('correct:', '[1     ]')
error:  0.00008214
('out:    ', '[0.993 ]')
('correct:', '[1     ]')
error:  0.00002264
('out:    ', '[0.996 ]')
('correct:', '[1     ]')
error:  0.00000681
('out:    ', '[0.974 ]')
('correct:', '[1     ]')
error:  0.00034403
('out:    ', '[0.993 ]')
('correct:', '[1     ]')
error:  0.00002696
('out:    ', '[0.997 ]')
('correct:', '[1     ]')
error:  0.00000448
('out:    ', '[0.938 ]')
('correct:', '[1     ]')
error:  0.00194640
('out:    ', '[0.994 ]')
('correct:', '[1     ]')
error:  0.00001709
('out:    ', '[0.994 ]')
('correct:', '[1     ]')
error:  0.00001558
('out:    ', '[0.982 ]')
('correct:', '[1     ]')
error:  0.00015623
('out:    ', '[0.997 ]')
('correct:', '[1     ]')
error:  0.00000511
('out:    ', '[0.993 ]')
('correct:', '[1     ]')
error:  0.00002647
('out:    ', '[0.99  ]')
('correct:', '[1     ]')
error:  0.00004877
('out:    ', '[0.996 ]')
('correct:', '[1     ]')
error:  0.00000746
('out:    ', '[0.993 ]')
('correct:', '[1     ]')
error:  0.00002428
('out:    ', '[0.998 ]')
('correct:', '[1     ]')
error:  0.00000270
('out:    ', '[0.986 ]')
('correct:', '[1     ]')
error:  0.00009428
('out:    ', '[0.991 ]')
('correct:', '[1     ]')
error:  0.00003924
('out:    ', '[0.994 ]')
('correct:', '[1     ]')
error:  0.00002058
('out:    ', '[0.95  ]')
('correct:', '[1     ]')
error:  0.00127103
('out:    ', '[0.995 ]')
('correct:', '[1     ]')
error:  0.00001349
('out:    ', '[0.994 ]')
('correct:', '[1     ]')
error:  0.00001610
('out:    ', '[0.994 ]')
('correct:', '[1     ]')
error:  0.00001596
('out:    ', '[0.989 ]')
('correct:', '[1     ]')
error:  0.00006108
('out:    ', '[0.997 ]')
('correct:', '[1     ]')
error:  0.00000318
('out:    ', '[0.993 ]')
('correct:', '[1     ]')
error:  0.00002229
('out:    ', '[0.99  ]')
('correct:', '[1     ]')
error:  0.00005138
('out:    ', '[0.99  ]')
('correct:', '[1     ]')
error:  0.00005110
('out:    ', '[0.998 ]')
('correct:', '[1     ]')
error:  0.00000273
('out:    ', '[0.994 ]')
('correct:', '[1     ]')
error:  0.00001686
('out:    ', '[0.998 ]')
('correct:', '[1     ]')
error:  0.00000197
('out:    ', '[0.911 ]')
('correct:', '[1     ]')
error:  0.00396545
('out:    ', '[0.92  ]')
('correct:', '[1     ]')
error:  0.00320490
('out:    ', '[0.995 ]')
('correct:', '[1     ]')
error:  0.00001349
('out:    ', '[0.998 ]')
('correct:', '[1     ]')
error:  0.00000295
('out:    ', '[0.994 ]')
('correct:', '[1     ]')
error:  0.00001656
('out:    ', '[0.982 ]')
('correct:', '[1     ]')
error:  0.00017075
('out:    ', '[0.998 ]')
('correct:', '[1     ]')
error:  0.00000211
('out:    ', '[0.998 ]')
('correct:', '[1     ]')
error:  0.00000275
('out:    ', '[0.994 ]')
('correct:', '[1     ]')
error:  0.00001648
('out:    ', '[0.988 ]')
('correct:', '[1     ]')
error:  0.00007310
('out:    ', '[0.932 ]')
('correct:', '[1     ]')
error:  0.00228258
('out:    ', '[0.998 ]')
('correct:', '[1     ]')
error:  0.00000211
('out:    ', '[0.974 ]')
('correct:', '[1     ]')
error:  0.00034058
('out:    ', '[0.997 ]')
('correct:', '[1     ]')
error:  0.00000559
('out:    ', '[0.997 ]')
('correct:', '[1     ]')
error:  0.00000395
('out:    ', '[0.993 ]')
('correct:', '[1     ]')
error:  0.00002360
('out:    ', '[0.998 ]')
('correct:', '[1     ]')
error:  0.00000279
('out:    ', '[0.975 ]')
('correct:', '[1     ]')
error:  0.00030223
('out:    ', '[0.996 ]')
('correct:', '[1     ]')
error:  0.00000870
('out:    ', '[0.981 ]')
('correct:', '[1     ]')
error:  0.00018385
('out:    ', '[0.993 ]')
('correct:', '[1     ]')
error:  0.00002157
('out:    ', '[0.992 ]')
('correct:', '[1     ]')
error:  0.00003158
('out:    ', '[0.998 ]')
('correct:', '[1     ]')
error:  0.00000215
('out:    ', '[0.995 ]')
('correct:', '[1     ]')
error:  0.00001360
('out:    ', '[0.99  ]')
('correct:', '[1     ]')
error:  0.00004956
('out:    ', '[0.997 ]')
('correct:', '[1     ]')
error:  0.00000354
('out:    ', '[0.91  ]')
('correct:', '[1     ]')
error:  0.00400762
('out:    ', '[0.998 ]')
('correct:', '[1     ]')
error:  0.00000250
('out:    ', '[0.998 ]')
('correct:', '[1     ]')
error:  0.00000295
('out:    ', '[0.997 ]')
('correct:', '[1     ]')
error:  0.00000325
('out:    ', '[0.988 ]')
('correct:', '[1     ]')
error:  0.00007712
('out:    ', '[0.99  ]')
('correct:', '[1     ]')
error:  0.00004994
('out:    ', '[0.997 ]')
('correct:', '[1     ]')
error:  0.00000366
('out:    ', '[0.989 ]')
('correct:', '[1     ]')
error:  0.00005774
('out:    ', '[0.896 ]')
('correct:', '[1     ]')
error:  0.00545323
('out:    ', '[0.994 ]')
('correct:', '[1     ]')
error:  0.00001561
('out:    ', '[0.991 ]')
('correct:', '[1     ]')
error:  0.00003622
('out:    ', '[0.998 ]')
('correct:', '[1     ]')
error:  0.00000282
('out:    ', '[0.993 ]')
('correct:', '[1     ]')
error:  0.00002735
('out:    ', '[0.791 ]')
('correct:', '[1     ]')
error:  0.02184201
('out:    ', '[0.993 ]')
('correct:', '[1     ]')
error:  0.00002366
('out:    ', '[0.997 ]')
('correct:', '[1     ]')
error:  0.00000507
('out:    ', '[0.996 ]')
('correct:', '[1     ]')
error:  0.00000706
('out:    ', '[0.993 ]')
('correct:', '[1     ]')
error:  0.00002319
('out:    ', '[0.849 ]')
('correct:', '[1     ]')
error:  0.01134952
('out:    ', '[0.988 ]')
('correct:', '[1     ]')
error:  0.00006798
('out:    ', '[0.784 ]')
('correct:', '[1     ]')
error:  0.02324977
('out:    ', '[0.998 ]')
('correct:', '[1     ]')
error:  0.00000261
('out:    ', '[0.997 ]')
('correct:', '[1     ]')
error:  0.00000416
('out:    ', '[0.962 ]')
('correct:', '[1     ]')
error:  0.00071265
('out:    ', '[0.957 ]')
('correct:', '[1     ]')
error:  0.00093991
('out:    ', '[0.995 ]')
('correct:', '[1     ]')
error:  0.00001215
('out:    ', '[0.932 ]')
('correct:', '[1     ]')
error:  0.00231191
('out:    ', '[0.991 ]')
('correct:', '[1     ]')
error:  0.00004227
('out:    ', '[0.959 ]')
('correct:', '[1     ]')
error:  0.00085447
('out:    ', '[0.988 ]')
('correct:', '[1     ]')
error:  0.00006886
('out:    ', '[0.994 ]')
('correct:', '[1     ]')
error:  0.00001696
('out:    ', '[0.997 ]')
('correct:', '[1     ]')
error:  0.00000509
('out:    ', '[0.979 ]')
('correct:', '[1     ]')
error:  0.00023001
('out:    ', '[0.995 ]')
('correct:', '[1     ]')
error:  0.00001024
('out:    ', '[0.994 ]')
('correct:', '[1     ]')
error:  0.00001523
('out:    ', '[0.997 ]')
('correct:', '[1     ]')
error:  0.00000440
('out:    ', '[0.912 ]')
('correct:', '[1     ]')
error:  0.00387797
('out:    ', '[0.978 ]')
('correct:', '[1     ]')
error:  0.00023452
('out:    ', '[0.995 ]')
('correct:', '[1     ]')
error:  0.00001263
('out:    ', '[0.998 ]')
('correct:', '[1     ]')
error:  0.00000149
('out:    ', '[0.989 ]')
('correct:', '[1     ]')
error:  0.00006360
('out:    ', '[0.997 ]')
('correct:', '[1     ]')
error:  0.00000379
('out:    ', '[0.988 ]')
('correct:', '[1     ]')
error:  0.00007490
('out:    ', '[0.995 ]')
('correct:', '[1     ]')
error:  0.00001413
('out:    ', '[0.995 ]')
('correct:', '[1     ]')
error:  0.00001170
('out:    ', '[0.998 ]')
('correct:', '[1     ]')
error:  0.00000145
('out:    ', '[0.979 ]')
('correct:', '[1     ]')
error:  0.00021093
('out:    ', '[0.995 ]')
('correct:', '[1     ]')
error:  0.00001308
('out:    ', '[0.99  ]')
('correct:', '[1     ]')
error:  0.00005107
('out:    ', '[0.988 ]')
('correct:', '[1     ]')
error:  0.00007436
('out:    ', '[0.993 ]')
('correct:', '[1     ]')
error:  0.00002223
('out:    ', '[0.684 ]')
('correct:', '[0     ]')
error:  0.23380573
('out:    ', '[0.998 ]')
('correct:', '[1     ]')
error:  0.00000216
('out:    ', '[0.969 ]')
('correct:', '[1     ]')
error:  0.00047809
('out:    ', '[0.997 ]')
('correct:', '[1     ]')
error:  0.00000410
('out:    ', '[0.991 ]')
('correct:', '[1     ]')
error:  0.00003752
('out:    ', '[0.995 ]')
('correct:', '[1     ]')
error:  0.00001150
('out:    ', '[0.997 ]')
('correct:', '[1     ]')
error:  0.00000579
('out:    ', '[0.995 ]')
('correct:', '[1     ]')
error:  0.00001320
('out:    ', '[0.998 ]')
('correct:', '[1     ]')
error:  0.00000244
('out:    ', '[0.998 ]')
('correct:', '[1     ]')
error:  0.00000259
('out:    ', '[0.998 ]')
('correct:', '[1     ]')
error:  0.00000279
('out:    ', '[0.991 ]')
('correct:', '[1     ]')
error:  0.00004304
('out:    ', '[0.994 ]')
('correct:', '[1     ]')
error:  0.00001997
('out:    ', '[0.995 ]')
('correct:', '[1     ]')
error:  0.00001255
('out:    ', '[0.99  ]')
('correct:', '[1     ]')
error:  0.00004940
('out:    ', '[0.995 ]')
('correct:', '[1     ]')
error:  0.00001188
('out:    ', '[0.992 ]')
('correct:', '[1     ]')
error:  0.00003580
('out:    ', '[0.997 ]')
('correct:', '[1     ]')
error:  0.00000559
('out:    ', '[0.996 ]')
('correct:', '[1     ]')
error:  0.00000779
('out:    ', '[0.992 ]')
('correct:', '[1     ]')
error:  0.00003410
('out:    ', '[0.998 ]')
('correct:', '[1     ]')
error:  0.00000312
('out:    ', '[0.986 ]')
('correct:', '[1     ]')
error:  0.00009343
('out:    ', '[0.979 ]')
('correct:', '[1     ]')
error:  0.00022249
('out:    ', '[0.668 ]')
('correct:', '[1     ]')
error:  0.05521785
('out:    ', '[0.992 ]')
('correct:', '[1     ]')
error:  0.00002892
('out:    ', '[0.991 ]')
('correct:', '[1     ]')
error:  0.00004470
('out:    ', '[0.998 ]')
('correct:', '[1     ]')
error:  0.00000270
('out:    ', '[0.981 ]')
('correct:', '[1     ]')
error:  0.00018253
('out:    ', '[0.988 ]')
('correct:', '[1     ]')
error:  0.00006914
('out:    ', '[0.985 ]')
('correct:', '[1     ]')
error:  0.00011818
('out:    ', '[0.998 ]')
('correct:', '[1     ]')
error:  0.00000272
('out:    ', '[0.997 ]')
('correct:', '[1     ]')
error:  0.00000435
('out:    ', '[0.996 ]')
('correct:', '[1     ]')
error:  0.00000769
('out:    ', '[0.997 ]')
('correct:', '[1     ]')
error:  0.00000348
('out:    ', '[0.984 ]')
('correct:', '[1     ]')
error:  0.00012909
('out:    ', '[0.996 ]')
('correct:', '[1     ]')
error:  0.00000993
('out:    ', '[0.993 ]')
('correct:', '[1     ]')
error:  0.00002645
('out:    ', '[0.491 ]')
('correct:', '[1     ]')
error:  0.12929459
('out:    ', '[0.995 ]')
('correct:', '[1     ]')
error:  0.00001066
('out:    ', '[0.997 ]')
('correct:', '[1     ]')
error:  0.00000474
('out:    ', '[0.997 ]')
('correct:', '[1     ]')
error:  0.00000555
('out:    ', '[0.996 ]')
('correct:', '[1     ]')
error:  0.00001011
('out:    ', '[0.995 ]')
('correct:', '[1     ]')
error:  0.00001260
('out:    ', '[0.965 ]')
('correct:', '[1     ]')
error:  0.00061676
('out:    ', '[0.998 ]')
('correct:', '[1     ]')
error:  0.00000286
('out:    ', '[0.983 ]')
('correct:', '[1     ]')
error:  0.00015172
('out:    ', '[0.998 ]')
('correct:', '[1     ]')
error:  0.00000160
('out:    ', '[0.992 ]')
('correct:', '[1     ]')
error:  0.00003578
('out:    ', '[0.987 ]')
('correct:', '[1     ]')
error:  0.00008743
('out:    ', '[0.996 ]')
('correct:', '[1     ]')
error:  0.00000813
('out:    ', '[0.995 ]')
('correct:', '[1     ]')
error:  0.00001400
('out:    ', '[0.995 ]')
('correct:', '[1     ]')
error:  0.00001477
('out:    ', '[0.993 ]')
('correct:', '[1     ]')
error:  0.00002266
('out:    ', '[0.981 ]')
('correct:', '[1     ]')
error:  0.00017224
('out:    ', '[0.993 ]')
('correct:', '[1     ]')
error:  0.00002554
('out:    ', '[0.998 ]')
('correct:', '[1     ]')
error:  0.00000226
('out:    ', '[0.995 ]')
('correct:', '[1     ]')
error:  0.00001221
('out:    ', '[0.99  ]')
('correct:', '[1     ]')
error:  0.00004930
('out:    ', '[0.988 ]')
('correct:', '[1     ]')
error:  0.00006722
('out:    ', '[0.996 ]')
('correct:', '[1     ]')
error:  0.00000642
('out:    ', '[0.996 ]')
('correct:', '[1     ]')
error:  0.00000678
('out:    ', '[0.997 ]')
('correct:', '[1     ]')
error:  0.00000374
('out:    ', '[0.992 ]')
('correct:', '[1     ]')
error:  0.00002899
('out:    ', '[0.831 ]')
('correct:', '[1     ]')
error:  0.01433739
('out:    ', '[0.984 ]')
('correct:', '[1     ]')
error:  0.00012017
('out:    ', '[0.954 ]')
('correct:', '[1     ]')
error:  0.00105740
('out:    ', '[0.994 ]')
('correct:', '[1     ]')
error:  0.00001887
('out:    ', '[0.995 ]')
('correct:', '[1     ]')
error:  0.00001065
('out:    ', '[0.987 ]')
('correct:', '[1     ]')
error:  0.00008958
('out:    ', '[0.98  ]')
('correct:', '[1     ]')
error:  0.00019211
('out:    ', '[0.967 ]')
('correct:', '[1     ]')
error:  0.00055243
('out:    ', '[0.997 ]')
('correct:', '[1     ]')
error:  0.00000529
('out:    ', '[0.651 ]')
('correct:', '[1     ]')
error:  0.06095380
('out:    ', '[0.977 ]')
('correct:', '[1     ]')
error:  0.00025670
('out:    ', '[0.996 ]')
('correct:', '[1     ]')
error:  0.00000685
('out:    ', '[0.995 ]')
('correct:', '[1     ]')
error:  0.00001013
('out:    ', '[0.998 ]')
('correct:', '[1     ]')
error:  0.00000210
('out:    ', '[0.998 ]')
('correct:', '[1     ]')
error:  0.00000282
('out:    ', '[0.98  ]')
('correct:', '[1     ]')
error:  0.00019868
('out:    ', '[0.994 ]')
('correct:', '[1     ]')
error:  0.00001781
('out:    ', '[0.997 ]')
('correct:', '[1     ]')
error:  0.00000506
('out:    ', '[0.992 ]')
('correct:', '[1     ]')
error:  0.00003588
('out:    ', '[0.993 ]')
('correct:', '[1     ]')
error:  0.00002554
('out:    ', '[0.998 ]')
('correct:', '[1     ]')
error:  0.00000278
('out:    ', '[0.997 ]')
('correct:', '[1     ]')
error:  0.00000324
('out:    ', '[0.963 ]')
('correct:', '[1     ]')
error:  0.00066945
('out:    ', '[0.997 ]')
('correct:', '[1     ]')
error:  0.00000593
('out:    ', '[0.979 ]')
('correct:', '[1     ]')
error:  0.00021281
('out:    ', '[0.993 ]')
('correct:', '[1     ]')
error:  0.00002164
('out:    ', '[0.916 ]')
('correct:', '[1     ]')
error:  0.00352596
('out:    ', '[0.993 ]')
('correct:', '[1     ]')
error:  0.00002399
('out:    ', '[0.998 ]')
('correct:', '[1     ]')
error:  0.00000282
('out:    ', '[0.996 ]')
('correct:', '[1     ]')
error:  0.00000621
('out:    ', '[0.985 ]')
('correct:', '[1     ]')
error:  0.00011567
('out:    ', '[0.998 ]')
('correct:', '[1     ]')
error:  0.00000242
('out:    ', '[0.974 ]')
('correct:', '[1     ]')
error:  0.00034804
('out:    ', '[0.993 ]')
('correct:', '[1     ]')
error:  0.00002400
('out:    ', '[0.994 ]')
('correct:', '[1     ]')
error:  0.00001685
('out:    ', '[0.996 ]')
('correct:', '[1     ]')
error:  0.00000797
('out:    ', '[0.994 ]')
('correct:', '[1     ]')
error:  0.00001597
('out:    ', '[0.997 ]')
('correct:', '[1     ]')
error:  0.00000492
('out:    ', '[0.993 ]')
('correct:', '[1     ]')
error:  0.00002663
('out:    ', '[0.998 ]')
('correct:', '[1     ]')
error:  0.00000268
('out:    ', '[0.997 ]')
('correct:', '[1     ]')
error:  0.00000378
('out:    ', '[0.991 ]')
('correct:', '[1     ]')
error:  0.00004323
('out:    ', '[0.994 ]')
('correct:', '[1     ]')
error:  0.00001712
('out:    ', '[0.997 ]')
('correct:', '[1     ]')
error:  0.00000355
('out:    ', '[0.997 ]')
('correct:', '[1     ]')
error:  0.00000490
('out:    ', '[0.997 ]')
('correct:', '[1     ]')
error:  0.00000535
('out:    ', '[0.997 ]')
('correct:', '[1     ]')
error:  0.00000388
('out:    ', '[0.994 ]')
('correct:', '[1     ]')
error:  0.00001763
('out:    ', '[0.993 ]')
('correct:', '[1     ]')
error:  0.00002515
('out:    ', '[0.953 ]')
('correct:', '[1     ]')
error:  0.00112229
('out:    ', '[0.994 ]')
('correct:', '[1     ]')
error:  0.00001842
('out:    ', '[0.996 ]')
('correct:', '[1     ]')
error:  0.00000653
('out:    ', '[0.986 ]')
('correct:', '[1     ]')
error:  0.00009600
('out:    ', '[0.996 ]')
('correct:', '[1     ]')
error:  0.00000715
('out:    ', '[0.989 ]')
('correct:', '[1     ]')
error:  0.00006010
('out:    ', '[0.995 ]')
('correct:', '[1     ]')
error:  0.00001020
('out:    ', '[0.589 ]')
('correct:', '[1     ]')
error:  0.08443480
('out:    ', '[0.989 ]')
('correct:', '[1     ]')
error:  0.00006461
('out:    ', '[0.988 ]')
('correct:', '[1     ]')
error:  0.00007019
('out:    ', '[0.998 ]')
('correct:', '[1     ]')
error:  0.00000290
('out:    ', '[0.998 ]')
('correct:', '[1     ]')
error:  0.00000212
('out:    ', '[0.997 ]')
('correct:', '[1     ]')
error:  0.00000555
('out:    ', '[0.998 ]')
('correct:', '[1     ]')
error:  0.00000274
('out:    ', '[0.997 ]')
('correct:', '[1     ]')
error:  0.00000395
('out:    ', '[0.998 ]')
('correct:', '[1     ]')
error:  0.00000277
('out:    ', '[0.994 ]')
('correct:', '[1     ]')
error:  0.00002088
('out:    ', '[0.978 ]')
('correct:', '[1     ]')
error:  0.00023207
('out:    ', '[0.997 ]')
('correct:', '[1     ]')
error:  0.00000315
('out:    ', '[0.996 ]')
('correct:', '[1     ]')
error:  0.00000749
('out:    ', '[0.994 ]')
('correct:', '[1     ]')
error:  0.00001852
('out:    ', '[0.992 ]')
('correct:', '[1     ]')
error:  0.00002969
('out:    ', '[0.998 ]')
('correct:', '[1     ]')
error:  0.00000203
('out:    ', '[0.975 ]')
('correct:', '[1     ]')
error:  0.00032478
('out:    ', '[0.992 ]')
('correct:', '[1     ]')
error:  0.00002839
('out:    ', '[0.997 ]')
('correct:', '[1     ]')
error:  0.00000437
('out:    ', '[0.996 ]')
('correct:', '[1     ]')
error:  0.00000819
('out:    ', '[0.995 ]')
('correct:', '[1     ]')
error:  0.00001073
('out:    ', '[0.997 ]')
('correct:', '[1     ]')
error:  0.00000314
('out:    ', '[0.997 ]')
('correct:', '[1     ]')
error:  0.00000457
('out:    ', '[0.95  ]')
('correct:', '[1     ]')
error:  0.00127050
('out:    ', '[0.997 ]')
('correct:', '[1     ]')
error:  0.00000401
('out:    ', '[0.991 ]')
('correct:', '[1     ]')
error:  0.00004350
('out:    ', '[0.98  ]')
('correct:', '[1     ]')
error:  0.00020008
('out:    ', '[0.994 ]')
('correct:', '[1     ]')
error:  0.00001886
('out:    ', '[0.998 ]')
('correct:', '[1     ]')
error:  0.00000273
('out:    ', '[0.943 ]')
('correct:', '[1     ]')
error:  0.00162693
('out:    ', '[0.997 ]')
('correct:', '[1     ]')
error:  0.00000584
('out:    ', '[0.997 ]')
('correct:', '[1     ]')
error:  0.00000583
('out:    ', '[0.826 ]')
('correct:', '[1     ]')
error:  0.01514888
('out:    ', '[0.997 ]')
('correct:', '[1     ]')
error:  0.00000345
('out:    ', '[0.994 ]')
('correct:', '[1     ]')
error:  0.00001546
('out:    ', '[0.994 ]')
('correct:', '[1     ]')
error:  0.00001804
('out:    ', '[0.97  ]')
('correct:', '[1     ]')
error:  0.00044900
('out:    ', '[0.995 ]')
('correct:', '[1     ]')
error:  0.00001058
('out:    ', '[0.992 ]')
('correct:', '[1     ]')
error:  0.00003403
('out:    ', '[0.994 ]')
('correct:', '[1     ]')
error:  0.00001673
('out:    ', '[0.992 ]')
('correct:', '[1     ]')
error:  0.00003265
('out:    ', '[0.997 ]')
('correct:', '[1     ]')
error:  0.00000336
('out:    ', '[0.996 ]')
('correct:', '[1     ]')
error:  0.00000822
('out:    ', '[0.996 ]')
('correct:', '[1     ]')
error:  0.00000915
('out:    ', '[0.992 ]')
('correct:', '[1     ]')
error:  0.00002839
('out:    ', '[0.997 ]')
('correct:', '[1     ]')
error:  0.00000373
('out:    ', '[0.997 ]')
('correct:', '[1     ]')
error:  0.00000319
('out:    ', '[0.989 ]')
('correct:', '[1     ]')
error:  0.00005594
('out:    ', '[0.97  ]')
('correct:', '[0     ]')
error:  0.47022529
('out:    ', '[0.998 ]')
('correct:', '[1     ]')
error:  0.00000253
('out:    ', '[0.985 ]')
('correct:', '[1     ]')
error:  0.00011810
('out:    ', '[0.971 ]')
('correct:', '[1     ]')
error:  0.00041944
('out:    ', '[0.988 ]')
('correct:', '[1     ]')
error:  0.00007094
('out:    ', '[0.951 ]')
('correct:', '[1     ]')
error:  0.00119858
('out:    ', '[0.995 ]')
('correct:', '[1     ]')
error:  0.00001174
('out:    ', '[0.998 ]')
('correct:', '[1     ]')
error:  0.00000243
('out:    ', '[0.993 ]')
('correct:', '[1     ]')
error:  0.00002220
('out:    ', '[0.994 ]')
('correct:', '[1     ]')
error:  0.00001875
('out:    ', '[0.994 ]')
('correct:', '[1     ]')
error:  0.00002034
('out:    ', '[0.984 ]')
('correct:', '[1     ]')
error:  0.00013510
('out:    ', '[0.994 ]')
('correct:', '[1     ]')
error:  0.00001652
('out:    ', '[0.996 ]')
('correct:', '[1     ]')
error:  0.00000645
('out:    ', '[0.766 ]')
('correct:', '[1     ]')
error:  0.02733080
('out:    ', '[0.771 ]')
('correct:', '[1     ]')
error:  0.02616480
('out:    ', '[0.946 ]')
('correct:', '[1     ]')
error:  0.00144239
('out:    ', '[0.764 ]')
('correct:', '[1     ]')
error:  0.02795425
('out:    ', '[0.997 ]')
('correct:', '[1     ]')
error:  0.00000386
('out:    ', '[0.994 ]')
('correct:', '[1     ]')
error:  0.00002068
('out:    ', '[0.998 ]')
('correct:', '[1     ]')
error:  0.00000160
('out:    ', '[0.916 ]')
('correct:', '[1     ]')
error:  0.00356798
('out:    ', '[0.994 ]')
('correct:', '[1     ]')
error:  0.00001833
('out:    ', '[0.993 ]')
('correct:', '[1     ]')
error:  0.00002148
('out:    ', '[0.848 ]')
('correct:', '[1     ]')
error:  0.01147631
('out:    ', '[0.995 ]')
('correct:', '[1     ]')
error:  0.00001164
('out:    ', '[0.998 ]')
('correct:', '[1     ]')
error:  0.00000220
('out:    ', '[0.983 ]')
('correct:', '[1     ]')
error:  0.00014636
('out:    ', '[0.991 ]')
('correct:', '[1     ]')
error:  0.00003926
('out:    ', '[0.995 ]')
('correct:', '[1     ]')
error:  0.00001062
('out:    ', '[0.997 ]')
('correct:', '[1     ]')
error:  0.00000610
('out:    ', '[0.991 ]')
('correct:', '[1     ]')
error:  0.00004121
('out:    ', '[0.973 ]')
('correct:', '[1     ]')
error:  0.00037189
('out:    ', '[0.975 ]')
('correct:', '[1     ]')
error:  0.00032402
('out:    ', '[0.998 ]')
('correct:', '[1     ]')
error:  0.00000309
('out:    ', '[0.997 ]')
('correct:', '[1     ]')
error:  0.00000388
('out:    ', '[0.986 ]')
('correct:', '[1     ]')
error:  0.00009893
('out:    ', '[0.992 ]')
('correct:', '[1     ]')
error:  0.00003316
('out:    ', '[0.989 ]')
('correct:', '[1     ]')
error:  0.00005983
('out:    ', '[0.763 ]')
('correct:', '[1     ]')
error:  0.02811352
('out:    ', '[0.997 ]')
('correct:', '[1     ]')
error:  0.00000373
('out:    ', '[0.995 ]')
('correct:', '[1     ]')
error:  0.00001034
('out:    ', '[0.996 ]')
('correct:', '[1     ]')
error:  0.00000926
('out:    ', '[0.991 ]')
('correct:', '[1     ]')
error:  0.00004414
('out:    ', '[0.995 ]')
('correct:', '[1     ]')
error:  0.00001362
('out:    ', '[0.998 ]')
('correct:', '[1     ]')
error:  0.00000164
('out:    ', '[0.998 ]')
('correct:', '[1     ]')
error:  0.00000293
('out:    ', '[0.998 ]')
('correct:', '[1     ]')
error:  0.00000295
('out:    ', '[0.987 ]')
('correct:', '[1     ]')
error:  0.00007948
('out:    ', '[0.994 ]')
('correct:', '[1     ]')
error:  0.00001739
('out:    ', '[0.983 ]')
('correct:', '[1     ]')
error:  0.00014588
('out:    ', '[0.992 ]')
('correct:', '[1     ]')
error:  0.00003106
('out:    ', '[0.995 ]')
('correct:', '[1     ]')
error:  0.00001384
('out:    ', '[0.992 ]')
('correct:', '[1     ]')
error:  0.00003208
('out:    ', '[0.986 ]')
('correct:', '[1     ]')
error:  0.00009885
('out:    ', '[0.991 ]')
('correct:', '[1     ]')
error:  0.00003864
('out:    ', '[0.998 ]')
('correct:', '[1     ]')
error:  0.00000209
('out:    ', '[0.994 ]')
('correct:', '[1     ]')
error:  0.00001665
('out:    ', '[0.997 ]')
('correct:', '[1     ]')
error:  0.00000486
('out:    ', '[0.995 ]')
('correct:', '[1     ]')
error:  0.00001097
('out:    ', '[0.991 ]')
('correct:', '[1     ]')
error:  0.00004028
('out:    ', '[0.994 ]')
('correct:', '[1     ]')
error:  0.00002022
('out:    ', '[0.992 ]')
('correct:', '[1     ]')
error:  0.00003146
('out:    ', '[0.995 ]')
('correct:', '[1     ]')
error:  0.00001102
('out:    ', '[0.994 ]')
('correct:', '[1     ]')
error:  0.00001649
('out:    ', '[0.997 ]')
('correct:', '[1     ]')
error:  0.00000386
('out:    ', '[0.998 ]')
('correct:', '[1     ]')
error:  0.00000144
('out:    ', '[0.997 ]')
('correct:', '[1     ]')
error:  0.00000594
('out:    ', '[0.996 ]')
('correct:', '[1     ]')
error:  0.00000975
('out:    ', '[0.997 ]')
('correct:', '[1     ]')
error:  0.00000404
('out:    ', '[0.997 ]')
('correct:', '[1     ]')
error:  0.00000320
('out:    ', '[0.997 ]')
('correct:', '[1     ]')
error:  0.00000505
('out:    ', '[0.997 ]')
('correct:', '[1     ]')
error:  0.00000426
('out:    ', '[0.997 ]')
('correct:', '[1     ]')
error:  0.00000433
('out:    ', '[0.992 ]')
('correct:', '[1     ]')
error:  0.00003195
('out:    ', '[0.993 ]')
('correct:', '[1     ]')
error:  0.00002235
('out:    ', '[0.871 ]')
('correct:', '[1     ]')
error:  0.00828098
('out:    ', '[0.992 ]')
('correct:', '[1     ]')
error:  0.00003342
('out:    ', '[0.996 ]')
('correct:', '[1     ]')
error:  0.00000792
('out:    ', '[0.997 ]')
('correct:', '[1     ]')
error:  0.00000595
('out:    ', '[0.994 ]')
('correct:', '[1     ]')
error:  0.00001657
('out:    ', '[0.987 ]')
('correct:', '[1     ]')
error:  0.00008194
('out:    ', '[0.996 ]')
('correct:', '[1     ]')
error:  0.00000985
('out:    ', '[0.993 ]')
('correct:', '[1     ]')
error:  0.00002787
('out:    ', '[0.983 ]')
('correct:', '[1     ]')
error:  0.00013752
('out:    ', '[0.995 ]')
('correct:', '[1     ]')
error:  0.00001168
('out:    ', '[0.995 ]')
('correct:', '[1     ]')
error:  0.00001212
('out:    ', '[0.942 ]')
('correct:', '[1     ]')
error:  0.00170744
('out:    ', '[0.997 ]')
('correct:', '[1     ]')
error:  0.00000329
('out:    ', '[0.987 ]')
('correct:', '[1     ]')
error:  0.00008738
('out:    ', '[0.995 ]')
('correct:', '[1     ]')
error:  0.00001276
('out:    ', '[0.99  ]')
('correct:', '[1     ]')
error:  0.00004980
('out:    ', '[0.998 ]')
('correct:', '[1     ]')
error:  0.00000202
('out:    ', '[0.785 ]')
('correct:', '[1     ]')
error:  0.02303667
('out:    ', '[0.997 ]')
('correct:', '[1     ]')
error:  0.00000526
('out:    ', '[0.986 ]')
('correct:', '[1     ]')
error:  0.00009601
('out:    ', '[0.907 ]')
('correct:', '[1     ]')
error:  0.00434505
('out:    ', '[0.979 ]')
('correct:', '[1     ]')
error:  0.00022042
('out:    ', '[0.998 ]')
('correct:', '[1     ]')
error:  0.00000206
('out:    ', '[0.996 ]')
('correct:', '[1     ]')
error:  0.00000826
('out:    ', '[0.98  ]')
('correct:', '[1     ]')
error:  0.00019565
('out:    ', '[0.992 ]')
('correct:', '[1     ]')
error:  0.00003320
('out:    ', '[0.991 ]')
('correct:', '[1     ]')
error:  0.00004055
('out:    ', '[0.985 ]')
('correct:', '[1     ]')
error:  0.00010751
('out:    ', '[0.998 ]')
('correct:', '[1     ]')
error:  0.00000265
('out:    ', '[0.988 ]')
('correct:', '[1     ]')
error:  0.00006835
('out:    ', '[0.949 ]')
('correct:', '[1     ]')
error:  0.00128661
('out:    ', '[0.993 ]')
('correct:', '[1     ]')
error:  0.00002427
('out:    ', '[0.996 ]')
('correct:', '[1     ]')
error:  0.00000760
('out:    ', '[0.994 ]')
('correct:', '[1     ]')
error:  0.00001919
('out:    ', '[0.56  ]')
('correct:', '[1     ]')
error:  0.09670417
('out:    ', '[0.993 ]')
('correct:', '[1     ]')
error:  0.00002369
('out:    ', '[0.996 ]')
('correct:', '[1     ]')
error:  0.00000752
('out:    ', '[0.994 ]')
('correct:', '[1     ]')
error:  0.00001975
('out:    ', '[0.796 ]')
('correct:', '[1     ]')
error:  0.02087401
('out:    ', '[0.988 ]')
('correct:', '[1     ]')
error:  0.00006906
('out:    ', '[0.94  ]')
('correct:', '[1     ]')
error:  0.00181528
('out:    ', '[0.995 ]')
('correct:', '[1     ]')
error:  0.00001189
('out:    ', '[0.993 ]')
('correct:', '[1     ]')
error:  0.00002114
('out:    ', '[0.992 ]')
('correct:', '[1     ]')
error:  0.00003092
('out:    ', '[0.985 ]')
('correct:', '[1     ]')
error:  0.00012011
('out:    ', '[0.998 ]')
('correct:', '[1     ]')
error:  0.00000163
('out:    ', '[0.987 ]')
('correct:', '[1     ]')
error:  0.00008537
('out:    ', '[0.994 ]')
('correct:', '[1     ]')
error:  0.00001931
('out:    ', '[0.993 ]')
('correct:', '[1     ]')
error:  0.00002717
('out:    ', '[0.995 ]')
('correct:', '[1     ]')
error:  0.00001405
('out:    ', '[0.997 ]')
('correct:', '[1     ]')
error:  0.00000413
('out:    ', '[0.996 ]')
('correct:', '[1     ]')
error:  0.00000895
('out:    ', '[0.995 ]')
('correct:', '[1     ]')
error:  0.00001248
('out:    ', '[0.991 ]')
('correct:', '[1     ]')
error:  0.00004502
('out:    ', '[0.986 ]')
('correct:', '[1     ]')
error:  0.00010071
('out:    ', '[0.995 ]')
('correct:', '[1     ]')
error:  0.00001476
('out:    ', '[0.991 ]')
('correct:', '[1     ]')
error:  0.00003808
('out:    ', '[0.994 ]')
('correct:', '[1     ]')
error:  0.00001807
('out:    ', '[0.927 ]')
('correct:', '[1     ]')
error:  0.00264355
('out:    ', '[0.995 ]')
('correct:', '[1     ]')
error:  0.00001078
('out:    ', '[0.997 ]')
('correct:', '[1     ]')
error:  0.00000429
('out:    ', '[0.993 ]')
('correct:', '[1     ]')
error:  0.00002256
('out:    ', '[0.997 ]')
('correct:', '[1     ]')
error:  0.00000439
('out:    ', '[0.992 ]')
('correct:', '[1     ]')
error:  0.00003068
('out:    ', '[0.99  ]')
('correct:', '[1     ]')
error:  0.00004738
('out:    ', '[0.986 ]')
('correct:', '[1     ]')
error:  0.00009682
('out:    ', '[0.995 ]')
('correct:', '[1     ]')
error:  0.00001028
('out:    ', '[0.997 ]')
('correct:', '[1     ]')
error:  0.00000368
('out:    ', '[0.997 ]')
('correct:', '[1     ]')
error:  0.00000426
('out:    ', '[0.998 ]')
('correct:', '[1     ]')
error:  0.00000288
('out:    ', '[0.997 ]')
('correct:', '[1     ]')
error:  0.00000494
('out:    ', '[0.995 ]')
('correct:', '[1     ]')
error:  0.00001078
('out:    ', '[0.997 ]')
('correct:', '[1     ]')
error:  0.00000366
('out:    ', '[0.996 ]')
('correct:', '[1     ]')
error:  0.00000969
('out:    ', '[0.974 ]')
('correct:', '[1     ]')
error:  0.00034500
('out:    ', '[0.995 ]')
('correct:', '[1     ]')
error:  0.00001152
('out:    ', '[0.636 ]')
('correct:', '[1     ]')
error:  0.06613062
('out:    ', '[0.984 ]')
('correct:', '[1     ]')
error:  0.00012137
('out:    ', '[0.998 ]')
('correct:', '[1     ]')
error:  0.00000239
('out:    ', '[0.633 ]')
('correct:', '[1     ]')
error:  0.06725791
('out:    ', '[0.988 ]')
('correct:', '[1     ]')
error:  0.00006932
('out:    ', '[0.992 ]')
('correct:', '[1     ]')
error:  0.00003456
('out:    ', '[0.991 ]')
('correct:', '[1     ]')
error:  0.00004254
('out:    ', '[0.994 ]')
('correct:', '[1     ]')
error:  0.00001949
('out:    ', '[0.938 ]')
('correct:', '[1     ]')
error:  0.00194861
('out:    ', '[0.996 ]')
('correct:', '[1     ]')
error:  0.00000998
('out:    ', '[0.992 ]')
('correct:', '[1     ]')
error:  0.00003304
('out:    ', '[0.994 ]')
('correct:', '[1     ]')
error:  0.00001651
('out:    ', '[0.998 ]')
('correct:', '[1     ]')
error:  0.00000201
('out:    ', '[0.994 ]')
('correct:', '[1     ]')
error:  0.00001821
('out:    ', '[0.995 ]')
('correct:', '[1     ]')
error:  0.00001314
('out:    ', '[0.779 ]')
('correct:', '[1     ]')
error:  0.02448484
('out:    ', '[0.992 ]')
('correct:', '[1     ]')
error:  0.00003021
('out:    ', '[0.997 ]')
('correct:', '[1     ]')
error:  0.00000611
('out:    ', '[0.996 ]')
('correct:', '[1     ]')
error:  0.00000930
('out:    ', '[0.979 ]')
('correct:', '[1     ]')
error:  0.00022700
('out:    ', '[0.998 ]')
('correct:', '[1     ]')
error:  0.00000175
('out:    ', '[0.987 ]')
('correct:', '[1     ]')
error:  0.00007950
('out:    ', '[0.883 ]')
('correct:', '[1     ]')
error:  0.00682695
('out:    ', '[0.993 ]')
('correct:', '[1     ]')
error:  0.00002583
('out:    ', '[0.974 ]')
('correct:', '[1     ]')
error:  0.00034827
('out:    ', '[0.993 ]')
('correct:', '[1     ]')
error:  0.00002482
('out:    ', '[0.946 ]')
('correct:', '[1     ]')
error:  0.00146663
('out:    ', '[0.993 ]')
('correct:', '[1     ]')
error:  0.00002368
('out:    ', '[0.995 ]')
('correct:', '[1     ]')
error:  0.00001404
('out:    ', '[0.99  ]')
('correct:', '[1     ]')
error:  0.00004774
('out:    ', '[0.972 ]')
('correct:', '[1     ]')
error:  0.00039605
('out:    ', '[0.997 ]')
('correct:', '[1     ]')
error:  0.00000563
('out:    ', '[0.993 ]')
('correct:', '[1     ]')
error:  0.00002497
('out:    ', '[0.967 ]')
('correct:', '[1     ]')
error:  0.00053502
('out:    ', '[0.995 ]')
('correct:', '[1     ]')
error:  0.00001205
('out:    ', '[0.995 ]')
('correct:', '[1     ]')
error:  0.00001028
('out:    ', '[0.17  ]')
('correct:', '[1     ]')
error:  0.34403841
('out:    ', '[0.994 ]')
('correct:', '[1     ]')
error:  0.00001883
('out:    ', '[0.997 ]')
('correct:', '[1     ]')
error:  0.00000390
('out:    ', '[0.995 ]')
('correct:', '[1     ]')
error:  0.00001043
('out:    ', '[0.993 ]')
('correct:', '[1     ]')
error:  0.00002249
('out:    ', '[0.992 ]')
('correct:', '[1     ]')
error:  0.00002885
('out:    ', '[0.994 ]')
('correct:', '[1     ]')
error:  0.00001599
('out:    ', '[0.556 ]')
('correct:', '[1     ]')
error:  0.09838250
('out:    ', '[0.665 ]')
('correct:', '[1     ]')
error:  0.05610256
('out:    ', '[0.997 ]')
('correct:', '[1     ]')
error:  0.00000556
('out:    ', '[0.993 ]')
('correct:', '[1     ]')
error:  0.00002723
('out:    ', '[0.996 ]')
('correct:', '[1     ]')
error:  0.00000712
('out:    ', '[0.98  ]')
('correct:', '[1     ]')
error:  0.00020487
('out:    ', '[0.995 ]')
('correct:', '[1     ]')
error:  0.00001512
('out:    ', '[0.954 ]')
('correct:', '[1     ]')
error:  0.00105851
('out:    ', '[0.996 ]')
('correct:', '[1     ]')
error:  0.00000674
('out:    ', '[0.993 ]')
('correct:', '[1     ]')
error:  0.00002238
('out:    ', '[0.994 ]')
('correct:', '[1     ]')
error:  0.00001556
('out:    ', '[0.994 ]')
('correct:', '[1     ]')
error:  0.00001743
('out:    ', '[0.997 ]')
('correct:', '[1     ]')
error:  0.00000337
('out:    ', '[0.994 ]')
('correct:', '[1     ]')
error:  0.00001986
('out:    ', '[0.891 ]')
('correct:', '[1     ]')
error:  0.00593315
('out:    ', '[0.998 ]')
('correct:', '[1     ]')
error:  0.00000213
('out:    ', '[0.99  ]')
('correct:', '[1     ]')
error:  0.00004546
('out:    ', '[0.996 ]')
('correct:', '[1     ]')
error:  0.00000756
('out:    ', '[0.994 ]')
('correct:', '[1     ]')
error:  0.00002045
('out:    ', '[0.998 ]')
('correct:', '[1     ]')
error:  0.00000250
('out:    ', '[0.998 ]')
('correct:', '[1     ]')
error:  0.00000280
('out:    ', '[0.57  ]')
('correct:', '[1     ]')
error:  0.09233256
('out:    ', '[0.986 ]')
('correct:', '[1     ]')
error:  0.00009806
('out:    ', '[0.903 ]')
('correct:', '[1     ]')
error:  0.00473640
('out:    ', '[0.997 ]')
('correct:', '[1     ]')
error:  0.00000378
('out:    ', '[0.998 ]')
('correct:', '[1     ]')
error:  0.00000278
('out:    ', '[0.994 ]')
('correct:', '[1     ]')
error:  0.00001755
('out:    ', '[0.997 ]')
('correct:', '[1     ]')
error:  0.00000364
('out:    ', '[0.992 ]')
('correct:', '[1     ]')
error:  0.00002879
('out:    ', '[0.998 ]')
('correct:', '[1     ]')
error:  0.00000144
('out:    ', '[0.99  ]')
('correct:', '[1     ]')
error:  0.00004896
('out:    ', '[0.994 ]')
('correct:', '[1     ]')
error:  0.00001653
('out:    ', '[0.932 ]')
('correct:', '[1     ]')
error:  0.00228545
('out:    ', '[0.998 ]')
('correct:', '[1     ]')
error:  0.00000236
('out:    ', '[0.994 ]')
('correct:', '[1     ]')
error:  0.00001819
('out:    ', '[0.994 ]')
('correct:', '[1     ]')
error:  0.00001619
('out:    ', '[0.998 ]')
('correct:', '[1     ]')
error:  0.00000311
('out:    ', '[0.994 ]')
('correct:', '[1     ]')
error:  0.00001773
('out:    ', '[0.995 ]')
('correct:', '[1     ]')
error:  0.00001262
('out:    ', '[0.993 ]')
('correct:', '[1     ]')
error:  0.00002114
('out:    ', '[0.997 ]')
('correct:', '[1     ]')
error:  0.00000517
('out:    ', '[0.996 ]')
('correct:', '[1     ]')
error:  0.00000686
('out:    ', '[0.993 ]')
('correct:', '[1     ]')
error:  0.00002408
('out:    ', '[0.983 ]')
('correct:', '[1     ]')
error:  0.00014169
('out:    ', '[0.992 ]')
('correct:', '[1     ]')
error:  0.00003533
('out:    ', '[0.99  ]')
('correct:', '[1     ]')
error:  0.00004567
('out:    ', '[0.966 ]')
('correct:', '[1     ]')
error:  0.00056827
('out:    ', '[0.968 ]')
('correct:', '[1     ]')
error:  0.00050022
('out:    ', '[0.985 ]')
('correct:', '[1     ]')
error:  0.00010881
('out:    ', '[0.994 ]')
('correct:', '[1     ]')
error:  0.00002006
('out:    ', '[0.995 ]')
('correct:', '[1     ]')
error:  0.00001014
('out:    ', '[0.993 ]')
('correct:', '[1     ]')
error:  0.00002565
('out:    ', '[0.993 ]')
('correct:', '[1     ]')
error:  0.00002138
('out:    ', '[0.995 ]')
('correct:', '[1     ]')
error:  0.00001046
('out:    ', '[0.992 ]')
('correct:', '[1     ]')
error:  0.00003076
('out:    ', '[0.968 ]')
('correct:', '[1     ]')
error:  0.00050937
('out:    ', '[0.996 ]')
('correct:', '[1     ]')
error:  0.00000663
('out:    ', '[0.995 ]')
('correct:', '[1     ]')
error:  0.00001262
('out:    ', '[0.993 ]')
('correct:', '[1     ]')
error:  0.00002544
('out:    ', '[0.998 ]')
('correct:', '[1     ]')
error:  0.00000159
('out:    ', '[0.998 ]')
('correct:', '[1     ]')
error:  0.00000276
('out:    ', '[0.787 ]')
('correct:', '[1     ]')
error:  0.02260322
('out:    ', '[0.991 ]')
('correct:', '[1     ]')
error:  0.00003804
('out:    ', '[0.996 ]')
('correct:', '[1     ]')
error:  0.00000649
('out:    ', '[0.994 ]')
('correct:', '[1     ]')
error:  0.00002029
('out:    ', '[0.994 ]')
('correct:', '[1     ]')
error:  0.00001637
('out:    ', '[0.993 ]')
('correct:', '[1     ]')
error:  0.00002398
('out:    ', '[0.973 ]')
('correct:', '[1     ]')
error:  0.00036437
('out:    ', '[0.995 ]')
('correct:', '[1     ]')
error:  0.00001040
('out:    ', '[0.995 ]')
('correct:', '[1     ]')
error:  0.00001354
('out:    ', '[0.998 ]')
('correct:', '[1     ]')
error:  0.00000310
('out:    ', '[0.983 ]')
('correct:', '[1     ]')
error:  0.00013670
('out:    ', '[0.972 ]')
('correct:', '[1     ]')
error:  0.00039562
('out:    ', '[0.997 ]')
('correct:', '[1     ]')
error:  0.00000581
('out:    ', '[0.994 ]')
('correct:', '[1     ]')
error:  0.00001945
('out:    ', '[0.995 ]')
('correct:', '[1     ]')
error:  0.00001204
('out:    ', '[0.997 ]')
('correct:', '[1     ]')
error:  0.00000468
('out:    ', '[0.445 ]')
('correct:', '[1     ]')
error:  0.15379115
('out:    ', '[0.998 ]')
('correct:', '[1     ]')
error:  0.00000248
('out:    ', '[0.993 ]')
('correct:', '[1     ]')
error:  0.00002718
('out:    ', '[0.939 ]')
('correct:', '[1     ]')
error:  0.00187893
('out:    ', '[0.988 ]')
('correct:', '[1     ]')
error:  0.00007803
('out:    ', '[0.995 ]')
('correct:', '[1     ]')
error:  0.00001118
('out:    ', '[0.993 ]')
('correct:', '[1     ]')
error:  0.00002167
('out:    ', '[0.995 ]')
('correct:', '[1     ]')
error:  0.00001163
('out:    ', '[0.972 ]')
('correct:', '[1     ]')
error:  0.00038410
('out:    ', '[0.994 ]')
('correct:', '[1     ]')
error:  0.00001528
('out:    ', '[0.992 ]')
('correct:', '[1     ]')
error:  0.00003394
('out:    ', '[0.995 ]')
('correct:', '[1     ]')
error:  0.00001048
('out:    ', '[0.981 ]')
('correct:', '[1     ]')
error:  0.00017412
('out:    ', '[0.996 ]')
('correct:', '[1     ]')
error:  0.00000974
('out:    ', '[0.994 ]')
('correct:', '[1     ]')
error:  0.00001689
('out:    ', '[0.98  ]')
('correct:', '[1     ]')
error:  0.00020888
('out:    ', '[0.974 ]')
('correct:', '[1     ]')
error:  0.00032516
('out:    ', '[0.997 ]')
('correct:', '[1     ]')
error:  0.00000409
('out:    ', '[0.998 ]')
('correct:', '[1     ]')
error:  0.00000303
('out:    ', '[0.99  ]')
('correct:', '[1     ]')
error:  0.00005187
('out:    ', '[0.997 ]')
('correct:', '[1     ]')
error:  0.00000353
('out:    ', '[0.998 ]')
('correct:', '[1     ]')
error:  0.00000146
('out:    ', '[0.997 ]')
('correct:', '[1     ]')
error:  0.00000564
('out:    ', '[0.995 ]')
('correct:', '[1     ]')
error:  0.00001025
('out:    ', '[0.986 ]')
('correct:', '[1     ]')
error:  0.00009677
('out:    ', '[0.973 ]')
('correct:', '[1     ]')
error:  0.00035273
('out:    ', '[0.997 ]')
('correct:', '[1     ]')
error:  0.00000519
('out:    ', '[0.993 ]')
('correct:', '[1     ]')
error:  0.00002779
('out:    ', '[0.992 ]')
('correct:', '[1     ]')
error:  0.00003353
('out:    ', '[0.997 ]')
('correct:', '[1     ]')
error:  0.00000554
('out:    ', '[0.986 ]')
('correct:', '[1     ]')
error:  0.00010234
('out:    ', '[0.993 ]')
('correct:', '[1     ]')
error:  0.00002576
('out:    ', '[0.998 ]')
('correct:', '[1     ]')
error:  0.00000259
('out:    ', '[0.988 ]')
('correct:', '[1     ]')
error:  0.00007603
('out:    ', '[0.743 ]')
('correct:', '[1     ]')
error:  0.03292898
('out:    ', '[0.996 ]')
('correct:', '[1     ]')
error:  0.00000916
('out:    ', '[0.997 ]')
('correct:', '[1     ]')
error:  0.00000418
('out:    ', '[0.986 ]')
('correct:', '[1     ]')
error:  0.00009200
('out:    ', '[0.841 ]')
('correct:', '[1     ]')
error:  0.01266544
('out:    ', '[0.995 ]')
('correct:', '[1     ]')
error:  0.00001043
('out:    ', '[0.997 ]')
('correct:', '[1     ]')
error:  0.00000347
('out:    ', '[0.976 ]')
('correct:', '[1     ]')
error:  0.00029383
('out:    ', '[0.998 ]')
('correct:', '[1     ]')
error:  0.00000308
('out:    ', '[0.996 ]')
('correct:', '[1     ]')
error:  0.00000952
('out:    ', '[0.847 ]')
('correct:', '[1     ]')
error:  0.01176766
('out:    ', '[0.97  ]')
('correct:', '[1     ]')
error:  0.00046132
('out:    ', '[0.996 ]')
('correct:', '[1     ]')
error:  0.00000623
('out:    ', '[0.995 ]')
('correct:', '[1     ]')
error:  0.00001249
('out:    ', '[0.994 ]')
('correct:', '[1     ]')
error:  0.00002058
('out:    ', '[0.997 ]')
('correct:', '[1     ]')
error:  0.00000361
('out:    ', '[0.998 ]')
('correct:', '[1     ]')
error:  0.00000275
('out:    ', '[0.997 ]')
('correct:', '[1     ]')
error:  0.00000346
('out:    ', '[0.858 ]')
('correct:', '[1     ]')
error:  0.01007279
('out:    ', '[0.991 ]')
('correct:', '[1     ]')
error:  0.00004297
('out:    ', '[0.99  ]')
('correct:', '[1     ]')
error:  0.00004835
('out:    ', '[0.995 ]')
('correct:', '[1     ]')
error:  0.00001089
('out:    ', '[0.997 ]')
('correct:', '[1     ]')
error:  0.00000355
('out:    ', '[0.998 ]')
('correct:', '[1     ]')
error:  0.00000299
('out:    ', '[0.995 ]')
('correct:', '[1     ]')
error:  0.00001236
('out:    ', '[0.998 ]')
('correct:', '[1     ]')
error:  0.00000150
('out:    ', '[0.992 ]')
('correct:', '[1     ]')
error:  0.00003174
('out:    ', '[0.993 ]')
('correct:', '[1     ]')
error:  0.00002313
('out:    ', '[0.996 ]')
('correct:', '[1     ]')
error:  0.00000659
('out:    ', '[0.992 ]')
('correct:', '[1     ]')
error:  0.00003413
('out:    ', '[0.98  ]')
('correct:', '[1     ]')
error:  0.00020166
('out:    ', '[0.995 ]')
('correct:', '[1     ]')
error:  0.00001395
('out:    ', '[0.992 ]')
('correct:', '[1     ]')
error:  0.00003109
('out:    ', '[0.997 ]')
('correct:', '[1     ]')
error:  0.00000428
('out:    ', '[0.993 ]')
('correct:', '[1     ]')
error:  0.00002492
('out:    ', '[0.998 ]')
('correct:', '[1     ]')
error:  0.00000276
('out:    ', '[0.822 ]')
('correct:', '[1     ]')
error:  0.01586080
('out:    ', '[0.991 ]')
('correct:', '[1     ]')
error:  0.00004097
('out:    ', '[0.994 ]')
('correct:', '[1     ]')
error:  0.00001766
('out:    ', '[0.996 ]')
('correct:', '[1     ]')
error:  0.00000846
('out:    ', '[0.998 ]')
('correct:', '[1     ]')
error:  0.00000145
('out:    ', '[0.985 ]')
('correct:', '[1     ]')
error:  0.00011193
('out:    ', '[0.995 ]')
('correct:', '[1     ]')
error:  0.00001371
('out:    ', '[0.998 ]')
('correct:', '[1     ]')
error:  0.00000305
('out:    ', '[0.998 ]')
('correct:', '[1     ]')
error:  0.00000275
('out:    ', '[0.884 ]')
('correct:', '[1     ]')
error:  0.00670589
('out:    ', '[0.998 ]')
('correct:', '[1     ]')
error:  0.00000145
('out:    ', '[0.992 ]')
('correct:', '[1     ]')
error:  0.00002957
('out:    ', '[0.996 ]')
('correct:', '[1     ]')
error:  0.00000742
('out:    ', '[0.995 ]')
('correct:', '[1     ]')
error:  0.00001213
('out:    ', '[0.989 ]')
('correct:', '[1     ]')
error:  0.00005704
('out:    ', '[0.997 ]')
('correct:', '[1     ]')
error:  0.00000326
('out:    ', '[0.99  ]')
('correct:', '[1     ]')
error:  0.00005329
('out:    ', '[0.993 ]')
('correct:', '[1     ]')
error:  0.00002317
('out:    ', '[0.995 ]')
('correct:', '[1     ]')
error:  0.00001346
('out:    ', '[0.906 ]')
('correct:', '[1     ]')
error:  0.00445322
('out:    ', '[0.994 ]')
('correct:', '[1     ]')
error:  0.00001744
('out:    ', '[0.998 ]')
('correct:', '[1     ]')
error:  0.00000192
('out:    ', '[0.973 ]')
('correct:', '[1     ]')
error:  0.00035578
('out:    ', '[0.997 ]')
('correct:', '[1     ]')
error:  0.00000516
('out:    ', '[0.771 ]')
('correct:', '[1     ]')
error:  0.02632818
('out:    ', '[0.958 ]')
('correct:', '[1     ]')
error:  0.00088646
('out:    ', '[0.982 ]')
('correct:', '[1     ]')
error:  0.00016324
('out:    ', '[0.995 ]')
('correct:', '[1     ]')
error:  0.00001081
('out:    ', '[0.987 ]')
('correct:', '[1     ]')
error:  0.00007996
('out:    ', '[0.989 ]')
('correct:', '[1     ]')
error:  0.00006351
('out:    ', '[0.888 ]')
('correct:', '[1     ]')
error:  0.00625385
('out:    ', '[0.993 ]')
('correct:', '[1     ]')
error:  0.00002348
('out:    ', '[0.985 ]')
('correct:', '[1     ]')
error:  0.00010870
('out:    ', '[0.881 ]')
('correct:', '[1     ]')
error:  0.00712723
('out:    ', '[0.995 ]')
('correct:', '[1     ]')
error:  0.00001131
('out:    ', '[0.997 ]')
('correct:', '[1     ]')
error:  0.00000434
('out:    ', '[0.997 ]')
('correct:', '[1     ]')
error:  0.00000314
('out:    ', '[0.989 ]')
('correct:', '[1     ]')
error:  0.00006349
('out:    ', '[0.998 ]')
('correct:', '[1     ]')
error:  0.00000300
('out:    ', '[0.988 ]')
('correct:', '[1     ]')
error:  0.00007534
('out:    ', '[0.986 ]')
('correct:', '[1     ]')
error:  0.00009706
('out:    ', '[0.995 ]')
('correct:', '[1     ]')
error:  0.00001073
('out:    ', '[0.997 ]')
('correct:', '[1     ]')
error:  0.00000339
('out:    ', '[0.995 ]')
('correct:', '[1     ]')
error:  0.00001354
('out:    ', '[0.987 ]')
('correct:', '[1     ]')
error:  0.00008194
('out:    ', '[0.99  ]')
('correct:', '[1     ]')
error:  0.00005270
('out:    ', '[0.991 ]')
('correct:', '[1     ]')
error:  0.00003902
('out:    ', '[0.995 ]')
('correct:', '[1     ]')
error:  0.00001116
('out:    ', '[0.984 ]')
('correct:', '[1     ]')
error:  0.00012331
('out:    ', '[0.996 ]')
('correct:', '[1     ]')
error:  0.00000899
('out:    ', '[0.997 ]')
('correct:', '[1     ]')
error:  0.00000353
('out:    ', '[0.984 ]')
('correct:', '[1     ]')
error:  0.00012450
('out:    ', '[0.994 ]')
('correct:', '[1     ]')
error:  0.00001670
('out:    ', '[0.997 ]')
('correct:', '[1     ]')
error:  0.00000452
('out:    ', '[0.99  ]')
('correct:', '[1     ]')
error:  0.00004759
('out:    ', '[0.997 ]')
('correct:', '[1     ]')
error:  0.00000405
('out:    ', '[0.994 ]')
('correct:', '[1     ]')
error:  0.00001836
('out:    ', '[0.971 ]')
('correct:', '[1     ]')
error:  0.00043368
('out:    ', '[0.997 ]')
('correct:', '[1     ]')
error:  0.00000328
('out:    ', '[0.996 ]')
('correct:', '[1     ]')
error:  0.00000798
('out:    ', '[0.976 ]')
('correct:', '[1     ]')
error:  0.00029046
('out:    ', '[0.995 ]')
('correct:', '[1     ]')
error:  0.00001087
('out:    ', '[0.996 ]')
('correct:', '[1     ]')
error:  0.00000696
('out:    ', '[0.991 ]')
('correct:', '[1     ]')
error:  0.00003741
('out:    ', '[0.992 ]')
('correct:', '[1     ]')
error:  0.00003355
('out:    ', '[0.997 ]')
('correct:', '[1     ]')
error:  0.00000578
('out:    ', '[0.997 ]')
('correct:', '[1     ]')
error:  0.00000592
('out:    ', '[0.993 ]')
('correct:', '[1     ]')
error:  0.00002307
('out:    ', '[0.992 ]')
('correct:', '[1     ]')
error:  0.00003508
('out:    ', '[0.984 ]')
('correct:', '[1     ]')
error:  0.00013511
('out:    ', '[0.992 ]')
('correct:', '[1     ]')
error:  0.00003137
('out:    ', '[0.827 ]')
('correct:', '[1     ]')
error:  0.01497830
('out:    ', '[0.995 ]')
('correct:', '[1     ]')
error:  0.00001244
('out:    ', '[0.998 ]')
('correct:', '[1     ]')
error:  0.00000281
('out:    ', '[0.997 ]')
('correct:', '[1     ]')
error:  0.00000404
('out:    ', '[0.997 ]')
('correct:', '[1     ]')
error:  0.00000334
('out:    ', '[0.993 ]')
('correct:', '[1     ]')
error:  0.00002178
('out:    ', '[0.993 ]')
('correct:', '[1     ]')
error:  0.00002139
('out:    ', '[0.991 ]')
('correct:', '[1     ]')
error:  0.00003786
('out:    ', '[0.995 ]')
('correct:', '[1     ]')
error:  0.00001366
('out:    ', '[0.993 ]')
('correct:', '[1     ]')
error:  0.00002695
('out:    ', '[0.998 ]')
('correct:', '[1     ]')
error:  0.00000280
('out:    ', '[0.996 ]')
('correct:', '[1     ]')
error:  0.00000979
('out:    ', '[0.997 ]')
('correct:', '[1     ]')
error:  0.00000421
('out:    ', '[0.992 ]')
('correct:', '[1     ]')
error:  0.00002922
('out:    ', '[0.997 ]')
('correct:', '[1     ]')
error:  0.00000369
('out:    ', '[0.988 ]')
('correct:', '[1     ]')
error:  0.00007327
('out:    ', '[0.967 ]')
('correct:', '[1     ]')
error:  0.00056081
('out:    ', '[0.99  ]')
('correct:', '[1     ]')
error:  0.00005131
('out:    ', '[0.959 ]')
('correct:', '[1     ]')
error:  0.00086015
('out:    ', '[0.971 ]')
('correct:', '[1     ]')
error:  0.00040616
('out:    ', '[0.979 ]')
('correct:', '[1     ]')
error:  0.00022010
('out:    ', '[0.98  ]')
('correct:', '[1     ]')
error:  0.00020017
('out:    ', '[0.991 ]')
('correct:', '[1     ]')
error:  0.00003661
('out:    ', '[0.998 ]')
('correct:', '[1     ]')
error:  0.00000285
('out:    ', '[0.975 ]')
('correct:', '[1     ]')
error:  0.00030832
('out:    ', '[0.993 ]')
('correct:', '[1     ]')
error:  0.00002188
('out:    ', '[0.995 ]')
('correct:', '[1     ]')
error:  0.00001255
('out:    ', '[0.998 ]')
('correct:', '[1     ]')
error:  0.00000158
('out:    ', '[0.995 ]')
('correct:', '[1     ]')
error:  0.00001049
('out:    ', '[0.993 ]')
('correct:', '[1     ]')
error:  0.00002307
('out:    ', '[0.998 ]')
('correct:', '[1     ]')
error:  0.00000179
('out:    ', '[0.956 ]')
('correct:', '[1     ]')
error:  0.00095585
('out:    ', '[0.995 ]')
('correct:', '[1     ]')
error:  0.00001384
('out:    ', '[0.997 ]')
('correct:', '[1     ]')
error:  0.00000381
('out:    ', '[0.982 ]')
('correct:', '[1     ]')
error:  0.00016707
('out:    ', '[0.993 ]')
('correct:', '[1     ]')
error:  0.00002184
('out:    ', '[0.978 ]')
('correct:', '[1     ]')
error:  0.00023834
('out:    ', '[0.993 ]')
('correct:', '[1     ]')
error:  0.00002610
('out:    ', '[0.955 ]')
('correct:', '[1     ]')
error:  0.00102154
('out:    ', '[0.981 ]')
('correct:', '[1     ]')
error:  0.00018319
('out:    ', '[0.976 ]')
('correct:', '[1     ]')
error:  0.00027901
('out:    ', '[0.995 ]')
('correct:', '[1     ]')
error:  0.00001145
('out:    ', '[0.996 ]')
('correct:', '[1     ]')
error:  0.00000657
('out:    ', '[0.996 ]')
('correct:', '[1     ]')
error:  0.00000617
('out:    ', '[0.95  ]')
('correct:', '[1     ]')
error:  0.00126623
('out:    ', '[0.997 ]')
('correct:', '[1     ]')
error:  0.00000392
('out:    ', '[0.993 ]')
('correct:', '[1     ]')
error:  0.00002462
('out:    ', '[0.998 ]')
('correct:', '[1     ]')
error:  0.00000304
('out:    ', '[0.995 ]')
('correct:', '[1     ]')
error:  0.00001507
('out:    ', '[0.99  ]')
('correct:', '[1     ]')
error:  0.00004626
('out:    ', '[0.997 ]')
('correct:', '[1     ]')
error:  0.00000582
('out:    ', '[0.785 ]')
('correct:', '[1     ]')
error:  0.02315861
('out:    ', '[0.989 ]')
('correct:', '[1     ]')
error:  0.00006275
('out:    ', '[0.998 ]')
('correct:', '[1     ]')
error:  0.00000203
('out:    ', '[0.995 ]')
('correct:', '[1     ]')
error:  0.00001398
('out:    ', '[0.992 ]')
('correct:', '[1     ]')
error:  0.00003558
('out:    ', '[0.957 ]')
('correct:', '[1     ]')
error:  0.00094594
('out:    ', '[0.974 ]')
('correct:', '[1     ]')
error:  0.00033172
('out:    ', '[0.922 ]')
('correct:', '[1     ]')
error:  0.00306026
('out:    ', '[0.993 ]')
('correct:', '[1     ]')
error:  0.00002137
('out:    ', '[0.998 ]')
('correct:', '[1     ]')
error:  0.00000311
('out:    ', '[0.995 ]')
('correct:', '[1     ]')
error:  0.00001024
('out:    ', '[0.993 ]')
('correct:', '[1     ]')
error:  0.00002632
('out:    ', '[0.967 ]')
('correct:', '[1     ]')
error:  0.00055432
('out:    ', '[0.993 ]')
('correct:', '[1     ]')
error:  0.00002187
('out:    ', '[0.997 ]')
('correct:', '[1     ]')
error:  0.00000418
('out:    ', '[0.998 ]')
('correct:', '[1     ]')
error:  0.00000289
('out:    ', '[0.938 ]')
('correct:', '[1     ]')
error:  0.00194751
('out:    ', '[0.992 ]')
('correct:', '[1     ]')
error:  0.00003387
('out:    ', '[0.734 ]')
('correct:', '[1     ]')
error:  0.03539824
('out:    ', '[0.99  ]')
('correct:', '[1     ]')
error:  0.00004708
('out:    ', '[0.941 ]')
('correct:', '[1     ]')
error:  0.00171643
('out:    ', '[0.994 ]')
('correct:', '[1     ]')
error:  0.00001651
('out:    ', '[0.964 ]')
('correct:', '[1     ]')
error:  0.00064205
('out:    ', '[0.974 ]')
('correct:', '[1     ]')
error:  0.00032824
('out:    ', '[0.998 ]')
('correct:', '[1     ]')
error:  0.00000159
('out:    ', '[0.987 ]')
('correct:', '[1     ]')
error:  0.00008721
('out:    ', '[0.986 ]')
('correct:', '[1     ]')
error:  0.00009522
('out:    ', '[0.993 ]')
('correct:', '[1     ]')
error:  0.00002567
('out:    ', '[0.973 ]')
('correct:', '[1     ]')
error:  0.00035242
('out:    ', '[0.98  ]')
('correct:', '[1     ]')
error:  0.00019577
('out:    ', '[0.993 ]')
('correct:', '[1     ]')
error:  0.00002221
('out:    ', '[0.994 ]')
('correct:', '[1     ]')
error:  0.00001526
('out:    ', '[0.992 ]')
('correct:', '[1     ]')
error:  0.00003096
('out:    ', '[0.998 ]')
('correct:', '[1     ]')
error:  0.00000251
('out:    ', '[0.993 ]')
('correct:', '[1     ]')
error:  0.00002328
('out:    ', '[0.997 ]')
('correct:', '[1     ]')
error:  0.00000518
('out:    ', '[0.988 ]')
('correct:', '[1     ]')
error:  0.00007417
('out:    ', '[0.995 ]')
('correct:', '[1     ]')
error:  0.00001074
('out:    ', '[0.995 ]')
('correct:', '[1     ]')
error:  0.00001054
('out:    ', '[0.977 ]')
('correct:', '[1     ]')
error:  0.00025373
('out:    ', '[0.996 ]')
('correct:', '[1     ]')
error:  0.00000699
('out:    ', '[0.994 ]')
('correct:', '[1     ]')
error:  0.00001773
('out:    ', '[0.993 ]')
('correct:', '[1     ]')
error:  0.00002287
('out:    ', '[0.996 ]')
('correct:', '[1     ]')
error:  0.00000899
('out:    ', '[0.992 ]')
('correct:', '[1     ]')
error:  0.00003234
('out:    ', '[0.995 ]')
('correct:', '[1     ]')
error:  0.00001197
('out:    ', '[0.998 ]')
('correct:', '[1     ]')
error:  0.00000270
('out:    ', '[0.993 ]')
('correct:', '[1     ]')
error:  0.00002294
('out:    ', '[0.989 ]')
('correct:', '[1     ]')
error:  0.00005633
('out:    ', '[0.753 ]')
('correct:', '[1     ]')
error:  0.03046572
('out:    ', '[0.997 ]')
('correct:', '[1     ]')
error:  0.00000584
('out:    ', '[0.997 ]')
('correct:', '[1     ]')
error:  0.00000577
('out:    ', '[0.993 ]')
('correct:', '[1     ]')
error:  0.00002576
('out:    ', '[0.992 ]')
('correct:', '[1     ]')
error:  0.00003054
('out:    ', '[0.998 ]')
('correct:', '[1     ]')
error:  0.00000271
('out:    ', '[0.996 ]')
('correct:', '[1     ]')
error:  0.00000715
('out:    ', '[0.997 ]')
('correct:', '[1     ]')
error:  0.00000402
('out:    ', '[0.996 ]')
('correct:', '[1     ]')
error:  0.00000724
('out:    ', '[0.991 ]')
('correct:', '[1     ]')
error:  0.00004212
('out:    ', '[0.984 ]')
('correct:', '[1     ]')
error:  0.00012813
('out:    ', '[0.993 ]')
('correct:', '[1     ]')
error:  0.00002198
('out:    ', '[0.997 ]')
('correct:', '[1     ]')
error:  0.00000400
('out:    ', '[0.998 ]')
('correct:', '[1     ]')
error:  0.00000293
('out:    ', '[0.997 ]')
('correct:', '[1     ]')
error:  0.00000576
('out:    ', '[0.994 ]')
('correct:', '[1     ]')
error:  0.00001614
('out:    ', '[0.985 ]')
('correct:', '[1     ]')
error:  0.00011705
('out:    ', '[0.995 ]')
('correct:', '[1     ]')
error:  0.00001297
('out:    ', '[0.99  ]')
('correct:', '[1     ]')
error:  0.00005071
('out:    ', '[0.993 ]')
('correct:', '[1     ]')
error:  0.00002344
('out:    ', '[0.989 ]')
('correct:', '[1     ]')
error:  0.00006473
('out:    ', '[0.995 ]')
('correct:', '[1     ]')
error:  0.00001054
('out:    ', '[0.995 ]')
('correct:', '[1     ]')
error:  0.00001444
('out:    ', '[0.993 ]')
('correct:', '[1     ]')
error:  0.00002187
('out:    ', '[0.995 ]')
('correct:', '[1     ]')
error:  0.00001300
('out:    ', '[0.991 ]')
('correct:', '[1     ]')
error:  0.00003622
('out:    ', '[0.996 ]')
('correct:', '[1     ]')
error:  0.00000941
('out:    ', '[0.995 ]')
('correct:', '[1     ]')
error:  0.00001032
('out:    ', '[0.948 ]')
('correct:', '[1     ]')
error:  0.00136862
('out:    ', '[0.996 ]')
('correct:', '[1     ]')
error:  0.00000935
('out:    ', '[0.677 ]')
('correct:', '[1     ]')
error:  0.05225866
('out:    ', '[0.979 ]')
('correct:', '[1     ]')
error:  0.00021725
('out:    ', '[0.997 ]')
('correct:', '[1     ]')
error:  0.00000446
('out:    ', '[0.997 ]')
('correct:', '[1     ]')
error:  0.00000556
('out:    ', '[0.997 ]')
('correct:', '[1     ]')
error:  0.00000339
('out:    ', '[0.992 ]')
('correct:', '[1     ]')
error:  0.00003275
('out:    ', '[0.995 ]')
('correct:', '[1     ]')
error:  0.00001017
('out:    ', '[0.998 ]')
('correct:', '[1     ]')
error:  0.00000189
('out:    ', '[0.973 ]')
('correct:', '[1     ]')
error:  0.00037674
('out:    ', '[0.989 ]')
('correct:', '[1     ]')
error:  0.00005961
('out:    ', '[0.994 ]')
('correct:', '[1     ]')
error:  0.00001730
('out:    ', '[0.979 ]')
('correct:', '[1     ]')
error:  0.00022920
('out:    ', '[0.992 ]')
('correct:', '[1     ]')
error:  0.00003418
('out:    ', '[0.998 ]')
('correct:', '[1     ]')
error:  0.00000280
('out:    ', '[0.992 ]')
('correct:', '[1     ]')
error:  0.00003496
('out:    ', '[0.948 ]')
('correct:', '[1     ]')
error:  0.00134083
('out:    ', '[0.739 ]')
('correct:', '[1     ]')
error:  0.03408174
('out:    ', '[0.982 ]')
('correct:', '[1     ]')
error:  0.00015370
('out:    ', '[0.998 ]')
('correct:', '[1     ]')
error:  0.00000312
('out:    ', '[0.997 ]')
('correct:', '[1     ]')
error:  0.00000371
('out:    ', '[0.997 ]')
('correct:', '[1     ]')
error:  0.00000583
('out:    ', '[0.992 ]')
('correct:', '[1     ]')
error:  0.00003013
('out:    ', '[0.992 ]')
('correct:', '[1     ]')
error:  0.00002837
('out:    ', '[0.993 ]')
('correct:', '[1     ]')
error:  0.00002114
('out:    ', '[0.997 ]')
('correct:', '[1     ]')
error:  0.00000451
('out:    ', '[0.993 ]')
('correct:', '[1     ]')
error:  0.00002340
('out:    ', '[0.994 ]')
('correct:', '[1     ]')
error:  0.00001718
('out:    ', '[0.996 ]')
('correct:', '[1     ]')
error:  0.00000832
('out:    ', '[0.994 ]')
('correct:', '[1     ]')
error:  0.00001849
('out:    ', '[0.977 ]')
('correct:', '[1     ]')
error:  0.00025640
('out:    ', '[0.992 ]')
('correct:', '[1     ]')
error:  0.00003331
('out:    ', '[0.978 ]')
('correct:', '[1     ]')
error:  0.00023865
('out:    ', '[0.991 ]')
('correct:', '[1     ]')
error:  0.00004299
('out:    ', '[0.99  ]')
('correct:', '[1     ]')
error:  0.00005031
('out:    ', '[0.997 ]')
('correct:', '[1     ]')
error:  0.00000542
('out:    ', '[0.998 ]')
('correct:', '[1     ]')
error:  0.00000256
('out:    ', '[0.996 ]')
('correct:', '[1     ]')
error:  0.00000886
('out:    ', '[0.998 ]')
('correct:', '[1     ]')
error:  0.00000212
('out:    ', '[0.994 ]')
('correct:', '[1     ]')
error:  0.00001865
('out:    ', '[0.998 ]')
('correct:', '[1     ]')
error:  0.00000237
('out:    ', '[0.994 ]')
('correct:', '[1     ]')
error:  0.00002095
('out:    ', '[0.925 ]')
('correct:', '[1     ]')
error:  0.00282804
('out:    ', '[0.978 ]')
('correct:', '[1     ]')
error:  0.00023638
('out:    ', '[0.989 ]')
('correct:', '[1     ]')
error:  0.00005686
('out:    ', '[0.993 ]')
('correct:', '[1     ]')
error:  0.00002276
('out:    ', '[0.997 ]')
('correct:', '[1     ]')
error:  0.00000494
('out:    ', '[0.645 ]')
('correct:', '[1     ]')
error:  0.06303943
('out:    ', '[0.987 ]')
('correct:', '[1     ]')
error:  0.00009072
('out:    ', '[0.998 ]')
('correct:', '[1     ]')
error:  0.00000205
('out:    ', '[0.998 ]')
('correct:', '[1     ]')
error:  0.00000238
('out:    ', '[0.994 ]')
('correct:', '[1     ]')
error:  0.00001931
('out:    ', '[0.995 ]')
('correct:', '[1     ]')
error:  0.00001073
('out:    ', '[0.995 ]')
('correct:', '[1     ]')
error:  0.00001092
('out:    ', '[0.993 ]')
('correct:', '[1     ]')
error:  0.00002692
('out:    ', '[0.995 ]')
('correct:', '[1     ]')
error:  0.00001024
('out:    ', '[0.991 ]')
('correct:', '[1     ]')
error:  0.00003830
('out:    ', '[0.995 ]')
('correct:', '[1     ]')
error:  0.00001083
('out:    ', '[0.994 ]')
('correct:', '[1     ]')
error:  0.00002098
('out:    ', '[0.995 ]')
('correct:', '[1     ]')
error:  0.00001095
('out:    ', '[0.998 ]')
('correct:', '[1     ]')
error:  0.00000268
('out:    ', '[0.997 ]')
('correct:', '[1     ]')
error:  0.00000567
('out:    ', '[0.995 ]')
('correct:', '[1     ]')
error:  0.00001045
('out:    ', '[0.994 ]')
('correct:', '[1     ]')
error:  0.00001851
('out:    ', '[0.993 ]')
('correct:', '[1     ]')
error:  0.00002667
('out:    ', '[0.994 ]')
('correct:', '[1     ]')
error:  0.00001740
('out:    ', '[0.991 ]')
('correct:', '[1     ]')
error:  0.00004387
('out:    ', '[0.994 ]')
('correct:', '[1     ]')
error:  0.00001582
('out:    ', '[0.993 ]')
('correct:', '[1     ]')
error:  0.00002220
('out:    ', '[0.979 ]')
('correct:', '[1     ]')
error:  0.00021562
('out:    ', '[0.998 ]')
('correct:', '[1     ]')
error:  0.00000288
('out:    ', '[0.996 ]')
('correct:', '[1     ]')
error:  0.00000714
('out:    ', '[0.995 ]')
('correct:', '[1     ]')
error:  0.00001220
('out:    ', '[0.994 ]')
('correct:', '[1     ]')
error:  0.00002017
('out:    ', '[0.998 ]')
('correct:', '[1     ]')
error:  0.00000297
('out:    ', '[0.992 ]')
('correct:', '[1     ]')
error:  0.00003393
('out:    ', '[0.997 ]')
('correct:', '[1     ]')
error:  0.00000431
('out:    ', '[0.996 ]')
('correct:', '[1     ]')
error:  0.00000785
('out:    ', '[0.991 ]')
('correct:', '[1     ]')
error:  0.00004010
('out:    ', '[0.992 ]')
('correct:', '[1     ]')
error:  0.00002918
('out:    ', '[0.992 ]')
('correct:', '[1     ]')
error:  0.00003451
('out:    ', '[0.983 ]')
('correct:', '[1     ]')
error:  0.00013940
('out:    ', '[0.995 ]')
('correct:', '[1     ]')
error:  0.00001032
('out:    ', '[0.997 ]')
('correct:', '[1     ]')
error:  0.00000323
('out:    ', '[0.825 ]')
('correct:', '[1     ]')
error:  0.01530034
('out:    ', '[0.998 ]')
('correct:', '[1     ]')
error:  0.00000250
('out:    ', '[0.997 ]')
('correct:', '[1     ]')
error:  0.00000383
('out:    ', '[0.996 ]')
('correct:', '[1     ]')
error:  0.00000968
('out:    ', '[0.986 ]')
('correct:', '[1     ]')
error:  0.00010005
('out:    ', '[0.976 ]')
('correct:', '[1     ]')
error:  0.00029182
('out:    ', '[0.981 ]')
('correct:', '[1     ]')
error:  0.00017268
('out:    ', '[0.825 ]')
('correct:', '[1     ]')
error:  0.01523568
('out:    ', '[0.994 ]')
('correct:', '[1     ]')
error:  0.00002026
('out:    ', '[0.994 ]')
('correct:', '[1     ]')
error:  0.00001595
('out:    ', '[0.997 ]')
('correct:', '[1     ]')
error:  0.00000591
('out:    ', '[0.995 ]')
('correct:', '[1     ]')
error:  0.00001040
('out:    ', '[0.993 ]')
('correct:', '[1     ]')
error:  0.00002268
('out:    ', '[0.724 ]')
('correct:', '[1     ]')
error:  0.03806827
('out:    ', '[0.988 ]')
('correct:', '[1     ]')
error:  0.00007454
('out:    ', '[0.997 ]')
('correct:', '[1     ]')
error:  0.00000612
('out:    ', '[0.991 ]')
('correct:', '[1     ]')
error:  0.00003884
('out:    ', '[0.994 ]')
('correct:', '[1     ]')
error:  0.00001666
('out:    ', '[0.997 ]')
('correct:', '[1     ]')
error:  0.00000505
('out:    ', '[0.99  ]')
('correct:', '[1     ]')
error:  0.00005395
('out:    ', '[0.987 ]')
('correct:', '[1     ]')
error:  0.00008539
('out:    ', '[0.987 ]')
('correct:', '[1     ]')
error:  0.00009089
('out:    ', '[0.997 ]')
('correct:', '[1     ]')
error:  0.00000593
('out:    ', '[0.998 ]')
('correct:', '[1     ]')
error:  0.00000279
('out:    ', '[0.996 ]')
('correct:', '[1     ]')
error:  0.00000714
('out:    ', '[0.995 ]')
('correct:', '[1     ]')
error:  0.00001188
('out:    ', '[0.998 ]')
('correct:', '[1     ]')
error:  0.00000276
('out:    ', '[0.994 ]')
('correct:', '[1     ]')
error:  0.00001758
('out:    ', '[0.995 ]')
('correct:', '[1     ]')
error:  0.00001132
('out:    ', '[0.998 ]')
('correct:', '[1     ]')
error:  0.00000302
('out:    ', '[0.996 ]')
('correct:', '[1     ]')
error:  0.00000614
('out:    ', '[0.993 ]')
('correct:', '[1     ]')
error:  0.00002362
('out:    ', '[0.987 ]')
('correct:', '[1     ]')
error:  0.00008874
('out:    ', '[0.995 ]')
('correct:', '[1     ]')
error:  0.00001384
('out:    ', '[0.994 ]')
('correct:', '[1     ]')
error:  0.00001548
('out:    ', '[0.997 ]')
('correct:', '[1     ]')
error:  0.00000476
('out:    ', '[0.995 ]')
('correct:', '[1     ]')
error:  0.00001393
('out:    ', '[0.984 ]')
('correct:', '[1     ]')
error:  0.00012654
('out:    ', '[0.684 ]')
('correct:', '[1     ]')
error:  0.04990985
('out:    ', '[0.997 ]')
('correct:', '[1     ]')
error:  0.00000396
('out:    ', '[0.996 ]')
('correct:', '[1     ]')
error:  0.00000838
('out:    ', '[0.995 ]')
('correct:', '[1     ]')
error:  0.00001087
('out:    ', '[0.984 ]')
('correct:', '[1     ]')
error:  0.00013379
('out:    ', '[0.995 ]')
('correct:', '[1     ]')
error:  0.00001054
('out:    ', '[0.998 ]')
('correct:', '[1     ]')
error:  0.00000245
('out:    ', '[0.98  ]')
('correct:', '[1     ]')
error:  0.00020782
('out:    ', '[0.998 ]')
('correct:', '[1     ]')
error:  0.00000172
('out:    ', '[0.995 ]')
('correct:', '[1     ]')
error:  0.00001370
('out:    ', '[0.989 ]')
('correct:', '[1     ]')
error:  0.00005672
('out:    ', '[0.997 ]')
('correct:', '[1     ]')
error:  0.00000317
('out:    ', '[0.995 ]')
('correct:', '[1     ]')
error:  0.00001147
('out:    ', '[0.997 ]')
('correct:', '[1     ]')
error:  0.00000347
('out:    ', '[0.992 ]')
('correct:', '[1     ]')
error:  0.00003368
('out:    ', '[0.993 ]')
('correct:', '[1     ]')
error:  0.00002347
('out:    ', '[0.994 ]')
('correct:', '[1     ]')
error:  0.00001870
('out:    ', '[0.992 ]')
('correct:', '[1     ]')
error:  0.00003324
('out:    ', '[0.988 ]')
('correct:', '[1     ]')
error:  0.00007786
('out:    ', '[0.991 ]')
('correct:', '[1     ]')
error:  0.00004129
('out:    ', '[0.996 ]')
('correct:', '[1     ]')
error:  0.00000761
('out:    ', '[0.994 ]')
('correct:', '[1     ]')
error:  0.00001532
('out:    ', '[0.987 ]')
('correct:', '[1     ]')
error:  0.00007972
('out:    ', '[0.997 ]')
('correct:', '[1     ]')
error:  0.00000431
('out:    ', '[0.995 ]')
('correct:', '[1     ]')
error:  0.00001086
('out:    ', '[0.865 ]')
('correct:', '[1     ]')
error:  0.00911659
('out:    ', '[0.993 ]')
('correct:', '[1     ]')
error:  0.00002226
('out:    ', '[0.991 ]')
('correct:', '[1     ]')
error:  0.00003647
('out:    ', '[0.832 ]')
('correct:', '[1     ]')
error:  0.01415705
('out:    ', '[0.99  ]')
('correct:', '[1     ]')
error:  0.00005107
('out:    ', '[0.996 ]')
('correct:', '[1     ]')
error:  0.00001005
('out:    ', '[0.994 ]')
('correct:', '[1     ]')
error:  0.00001887
('out:    ', '[0.99  ]')
('correct:', '[1     ]')
error:  0.00005449
('out:    ', '[0.994 ]')
('correct:', '[1     ]')
error:  0.00001949
('out:    ', '[0.934 ]')
('correct:', '[1     ]')
error:  0.00220292
('out:    ', '[0.991 ]')
('correct:', '[1     ]')
error:  0.00003771
('out:    ', '[0.994 ]')
('correct:', '[1     ]')
error:  0.00002018
('out:    ', '[0.994 ]')
('correct:', '[1     ]')
error:  0.00001713
('out:    ', '[0.995 ]')
('correct:', '[1     ]')
error:  0.00001112
('out:    ', '[0.998 ]')
('correct:', '[1     ]')
error:  0.00000162
('out:    ', '[0.953 ]')
('correct:', '[1     ]')
error:  0.00109187
('out:    ', '[0.998 ]')
('correct:', '[1     ]')
error:  0.00000288
('out:    ', '[0.995 ]')
('correct:', '[1     ]')
error:  0.00001031
('out:    ', '[0.899 ]')
('correct:', '[1     ]')
error:  0.00509693
('out:    ', '[0.988 ]')
('correct:', '[1     ]')
error:  0.00006826
('out:    ', '[0.969 ]')
('correct:', '[1     ]')
error:  0.00049122
('out:    ', '[0.994 ]')
('correct:', '[1     ]')
error:  0.00001543
('out:    ', '[0.734 ]')
('correct:', '[1     ]')
error:  0.03541546
('out:    ', '[0.996 ]')
('correct:', '[1     ]')
error:  0.00000779
('out:    ', '[0.99  ]')
('correct:', '[1     ]')
error:  0.00004551
('out:    ', '[0.997 ]')
('correct:', '[1     ]')
error:  0.00000328
('out:    ', '[0.912 ]')
('correct:', '[1     ]')
error:  0.00386624
('out:    ', '[0.784 ]')
('correct:', '[1     ]')
error:  0.02332584
('out:    ', '[0.934 ]')
('correct:', '[1     ]')
error:  0.00217563
('out:    ', '[0.992 ]')
('correct:', '[1     ]')
error:  0.00003056
('out:    ', '[0.993 ]')
('correct:', '[1     ]')
error:  0.00002342
('out:    ', '[0.944 ]')
('correct:', '[1     ]')
error:  0.00156975
('out:    ', '[0.993 ]')
('correct:', '[1     ]')
error:  0.00002364
('out:    ', '[0.997 ]')
('correct:', '[1     ]')
error:  0.00000369
('out:    ', '[0.994 ]')
('correct:', '[1     ]')
error:  0.00001935
('out:    ', '[0.994 ]')
('correct:', '[1     ]')
error:  0.00001772
('out:    ', '[0.874 ]')
('correct:', '[1     ]')
error:  0.00799689
('out:    ', '[0.99  ]')
('correct:', '[1     ]')
error:  0.00004609
('out:    ', '[0.995 ]')
('correct:', '[1     ]')
error:  0.00001036
('out:    ', '[0.998 ]')
('correct:', '[1     ]')
error:  0.00000273
('out:    ', '[0.998 ]')
('correct:', '[1     ]')
error:  0.00000303
('out:    ', '[0.993 ]')
('correct:', '[1     ]')
error:  0.00002701
('out:    ', '[0.992 ]')
('correct:', '[1     ]')
error:  0.00003274
('out:    ', '[0.997 ]')
('correct:', '[1     ]')
error:  0.00000539
('out:    ', '[0.996 ]')
('correct:', '[1     ]')
error:  0.00000630
('out:    ', '[0.953 ]')
('correct:', '[1     ]')
error:  0.00111541
('out:    ', '[0.991 ]')
('correct:', '[1     ]')
error:  0.00004450
('out:    ', '[0.989 ]')
('correct:', '[1     ]')
error:  0.00005727
('out:    ', '[0.995 ]')
('correct:', '[1     ]')
error:  0.00001030
('out:    ', '[0.793 ]')
('correct:', '[1     ]')
error:  0.02137244
('out:    ', '[0.959 ]')
('correct:', '[1     ]')
error:  0.00085463
('out:    ', '[0.998 ]')
('correct:', '[1     ]')
error:  0.00000206
('out:    ', '[0.994 ]')
('correct:', '[1     ]')
error:  0.00001521
('out:    ', '[0.997 ]')
('correct:', '[1     ]')
error:  0.00000375
('out:    ', '[0.795 ]')
('correct:', '[1     ]')
error:  0.02107350
('out:    ', '[0.997 ]')
('correct:', '[1     ]')
error:  0.00000519
('out:    ', '[0.997 ]')
('correct:', '[1     ]')
error:  0.00000350
('out:    ', '[0.989 ]')
('correct:', '[1     ]')
error:  0.00006203
('out:    ', '[0.997 ]')
('correct:', '[1     ]')
error:  0.00000472
('out:    ', '[0.997 ]')
('correct:', '[1     ]')
error:  0.00000334
('out:    ', '[0.997 ]')
('correct:', '[1     ]')
error:  0.00000463
('out:    ', '[0.99  ]')
('correct:', '[1     ]')
error:  0.00004927
('out:    ', '[0.994 ]')
('correct:', '[1     ]')
error:  0.00002005
('out:    ', '[0.997 ]')
('correct:', '[1     ]')
error:  0.00000557
('out:    ', '[0.995 ]')
('correct:', '[1     ]')
error:  0.00001050
('out:    ', '[0.989 ]')
('correct:', '[1     ]')
error:  0.00006114
('out:    ', '[0.997 ]')
('correct:', '[1     ]')
error:  0.00000430
('out:    ', '[0.998 ]')
('correct:', '[1     ]')
error:  0.00000310
('out:    ', '[0.992 ]')
('correct:', '[1     ]')
error:  0.00003611
('out:    ', '[0.931 ]')
('correct:', '[1     ]')
error:  0.00237412
('out:    ', '[0.997 ]')
('correct:', '[1     ]')
error:  0.00000544
('out:    ', '[0.996 ]')
('correct:', '[1     ]')
error:  0.00000878
('out:    ', '[0.99  ]')
('correct:', '[1     ]')
error:  0.00004637
('out:    ', '[0.947 ]')
('correct:', '[1     ]')
error:  0.00140659
('out:    ', '[0.869 ]')
('correct:', '[1     ]')
error:  0.00853543
('out:    ', '[0.995 ]')
('correct:', '[1     ]')
error:  0.00001453
('out:    ', '[0.996 ]')
('correct:', '[1     ]')
error:  0.00000737
('out:    ', '[0.997 ]')
('correct:', '[1     ]')
error:  0.00000581
('out:    ', '[0.986 ]')
('correct:', '[1     ]')
error:  0.00010512
('out:    ', '[0.931 ]')
('correct:', '[1     ]')
error:  0.00235700
('out:    ', '[0.973 ]')
('correct:', '[1     ]')
error:  0.00035365
('out:    ', '[0.995 ]')
('correct:', '[1     ]')
error:  0.00001449
('out:    ', '[0.944 ]')
('correct:', '[1     ]')
error:  0.00158622
('out:    ', '[0.996 ]')
('correct:', '[1     ]')
error:  0.00000626
('out:    ', '[0.967 ]')
('correct:', '[1     ]')
error:  0.00054085
('out:    ', '[0.994 ]')
('correct:', '[1     ]')
error:  0.00001588
('out:    ', '[0.993 ]')
('correct:', '[1     ]')
error:  0.00002248
('out:    ', '[0.993 ]')
('correct:', '[1     ]')
error:  0.00002420
('out:    ', '[0.994 ]')
('correct:', '[1     ]')
error:  0.00002112
('out:    ', '[0.973 ]')
('correct:', '[1     ]')
error:  0.00036856
('out:    ', '[0.993 ]')
('correct:', '[1     ]')
error:  0.00002132
('out:    ', '[0.997 ]')
('correct:', '[1     ]')
error:  0.00000384
('out:    ', '[0.995 ]')
('correct:', '[1     ]')
error:  0.00001374
('out:    ', '[0.994 ]')
('correct:', '[1     ]')
error:  0.00002085
('out:    ', '[0.997 ]')
('correct:', '[1     ]')
error:  0.00000575
('out:    ', '[0.986 ]')
('correct:', '[1     ]')
error:  0.00009414
('out:    ', '[0.993 ]')
('correct:', '[1     ]')
error:  0.00002752
('out:    ', '[0.869 ]')
('correct:', '[0     ]')
error:  0.37754142
('out:    ', '[0.986 ]')
('correct:', '[1     ]')
error:  0.00009726
('out:    ', '[0.993 ]')
('correct:', '[1     ]')
error:  0.00002224
('out:    ', '[0.507 ]')
('correct:', '[1     ]')
error:  0.12143673
('out:    ', '[0.993 ]')
('correct:', '[1     ]')
error:  0.00002244
('out:    ', '[0.974 ]')
('correct:', '[1     ]')
error:  0.00032933
('out:    ', '[0.995 ]')
('correct:', '[1     ]')
error:  0.00001441
('out:    ', '[0.982 ]')
('correct:', '[1     ]')
error:  0.00015542
('out:    ', '[0.991 ]')
('correct:', '[1     ]')
error:  0.00004503
('out:    ', '[0.997 ]')
('correct:', '[1     ]')
error:  0.00000313
('out:    ', '[0.995 ]')
('correct:', '[1     ]')
error:  0.00001052
('out:    ', '[0.955 ]')
('correct:', '[1     ]')
error:  0.00099286
('out:    ', '[0.977 ]')
('correct:', '[1     ]')
error:  0.00026259
('out:    ', '[0.992 ]')
('correct:', '[1     ]')
error:  0.00003076
('out:    ', '[0.994 ]')
('correct:', '[1     ]')
error:  0.00001614
('out:    ', '[0.992 ]')
('correct:', '[1     ]')
error:  0.00003279
('out:    ', '[0.994 ]')
('correct:', '[1     ]')
error:  0.00002006
('out:    ', '[0.997 ]')
('correct:', '[1     ]')
error:  0.00000347
('out:    ', '[0.992 ]')
('correct:', '[1     ]')
error:  0.00002884
('out:    ', '[0.993 ]')
('correct:', '[1     ]')
error:  0.00002275
('out:    ', '[0.994 ]')
('correct:', '[1     ]')
error:  0.00001816
('out:    ', '[0.992 ]')
('correct:', '[1     ]')
error:  0.00002823
('out:    ', '[0.989 ]')
('correct:', '[1     ]')
error:  0.00006248
('out:    ', '[0.997 ]')
('correct:', '[1     ]')
error:  0.00000320
('out:    ', '[0.989 ]')
('correct:', '[1     ]')
error:  0.00005942
('out:    ', '[0.994 ]')
('correct:', '[1     ]')
error:  0.00001800
('out:    ', '[0.802 ]')
('correct:', '[1     ]')
error:  0.01962630
('out:    ', '[0.993 ]')
('correct:', '[1     ]')
error:  0.00002362
('out:    ', '[0.997 ]')
('correct:', '[1     ]')
error:  0.00000393
('out:    ', '[0.994 ]')
('correct:', '[1     ]')
error:  0.00001692
('out:    ', '[0.956 ]')
('correct:', '[1     ]')
error:  0.00096357
('out:    ', '[0.995 ]')
('correct:', '[1     ]')
error:  0.00001277
('out:    ', '[0.985 ]')
('correct:', '[1     ]')
error:  0.00011583
('out:    ', '[0.997 ]')
('correct:', '[1     ]')
error:  0.00000587
('out:    ', '[0.84  ]')
('correct:', '[1     ]')
error:  0.01287074
('out:    ', '[0.988 ]')
('correct:', '[1     ]')
error:  0.00006996
('out:    ', '[0.986 ]')
('correct:', '[1     ]')
error:  0.00009967
('out:    ', '[0.993 ]')
('correct:', '[1     ]')
error:  0.00002346
('out:    ', '[0.997 ]')
('correct:', '[1     ]')
error:  0.00000543
('out:    ', '[0.996 ]')
('correct:', '[1     ]')
error:  0.00000641
('out:    ', '[0.994 ]')
('correct:', '[1     ]')
error:  0.00001631
('out:    ', '[0.993 ]')
('correct:', '[1     ]')
error:  0.00002347
('out:    ', '[0.993 ]')
('correct:', '[1     ]')
error:  0.00002296
('out:    ', '[0.998 ]')
('correct:', '[1     ]')
error:  0.00000246
('out:    ', '[0.998 ]')
('correct:', '[1     ]')
error:  0.00000308
('out:    ', '[0.997 ]')
('correct:', '[1     ]')
error:  0.00000401
('out:    ', '[0.991 ]')
('correct:', '[1     ]')
error:  0.00003952
('out:    ', '[0.985 ]')
('correct:', '[1     ]')
error:  0.00010677
('out:    ', '[0.996 ]')
('correct:', '[1     ]')
error:  0.00000866
('out:    ', '[0.998 ]')
('correct:', '[1     ]')
error:  0.00000207
('out:    ', '[0.994 ]')
('correct:', '[1     ]')
error:  0.00001937
('out:    ', '[0.991 ]')
('correct:', '[1     ]')
error:  0.00003650
('out:    ', '[0.996 ]')
('correct:', '[1     ]')
error:  0.00000621
('out:    ', '[0.997 ]')
('correct:', '[1     ]')
error:  0.00000585
('out:    ', '[0.985 ]')
('correct:', '[1     ]')
error:  0.00010860
('out:    ', '[0.742 ]')
('correct:', '[1     ]')
error:  0.03328624
('out:    ', '[0.866 ]')
('correct:', '[1     ]')
error:  0.00902629
('out:    ', '[0.995 ]')
('correct:', '[1     ]')
error:  0.00001014
('out:    ', '[0.994 ]')
('correct:', '[1     ]')
error:  0.00001926
('out:    ', '[0.998 ]')
('correct:', '[1     ]')
error:  0.00000245
('out:    ', '[0.995 ]')
('correct:', '[1     ]')
error:  0.00001512
('out:    ', '[0.96  ]')
('correct:', '[1     ]')
error:  0.00078531
('out:    ', '[0.998 ]')
('correct:', '[1     ]')
error:  0.00000292
('out:    ', '[0.988 ]')
('correct:', '[1     ]')
error:  0.00007471
('out:    ', '[0.993 ]')
('correct:', '[1     ]')
error:  0.00002256
('out:    ', '[0.997 ]')
('correct:', '[1     ]')
error:  0.00000331
('out:    ', '[0.975 ]')
('correct:', '[1     ]')
error:  0.00030083
('out:    ', '[0.994 ]')
('correct:', '[1     ]')
error:  0.00001793
('out:    ', '[0.989 ]')
('correct:', '[1     ]')
error:  0.00006357
('out:    ', '[0.996 ]')
('correct:', '[1     ]')
error:  0.00000770
('out:    ', '[0.996 ]')
('correct:', '[1     ]')
error:  0.00000726
('out:    ', '[0.995 ]')
('correct:', '[1     ]')
error:  0.00001114
('out:    ', '[0.997 ]')
('correct:', '[1     ]')
error:  0.00000481
('out:    ', '[0.996 ]')
('correct:', '[1     ]')
error:  0.00000928
('out:    ', '[0.998 ]')
('correct:', '[1     ]')
error:  0.00000154
('out:    ', '[0.997 ]')
('correct:', '[1     ]')
error:  0.00000513
('out:    ', '[0.993 ]')
('correct:', '[1     ]')
error:  0.00002730
('out:    ', '[0.989 ]')
('correct:', '[1     ]')
error:  0.00006020
('out:    ', '[0.945 ]')
('correct:', '[1     ]')
error:  0.00150567
('out:    ', '[0.979 ]')
('correct:', '[1     ]')
error:  0.00022171
('out:    ', '[0.955 ]')
('correct:', '[1     ]')
error:  0.00101113
('out:    ', '[0.997 ]')
('correct:', '[1     ]')
error:  0.00000334
('out:    ', '[0.997 ]')
('correct:', '[1     ]')
error:  0.00000477
('out:    ', '[0.998 ]')
('correct:', '[1     ]')
error:  0.00000245
('out:    ', '[0.996 ]')
('correct:', '[1     ]')
error:  0.00000815
('out:    ', '[0.959 ]')
('correct:', '[1     ]')
error:  0.00085143
('out:    ', '[0.995 ]')
('correct:', '[1     ]')
error:  0.00001074
('out:    ', '[0.993 ]')
('correct:', '[1     ]')
error:  0.00002690
('out:    ', '[0.992 ]')
('correct:', '[1     ]')
error:  0.00003004
('out:    ', '[0.998 ]')
('correct:', '[1     ]')
error:  0.00000282
('out:    ', '[0.994 ]')
('correct:', '[1     ]')
error:  0.00001623
('out:    ', '[0.993 ]')
('correct:', '[1     ]')
error:  0.00002309
('out:    ', '[0.971 ]')
('correct:', '[1     ]')
error:  0.00042433
('out:    ', '[0.998 ]')
('correct:', '[1     ]')
error:  0.00000262
('out:    ', '[0.98  ]')
('correct:', '[1     ]')
error:  0.00019787
('out:    ', '[0.997 ]')
('correct:', '[1     ]')
error:  0.00000366
('out:    ', '[0.997 ]')
('correct:', '[1     ]')
error:  0.00000576
('out:    ', '[0.997 ]')
('correct:', '[1     ]')
error:  0.00000432
('out:    ', '[0.989 ]')
('correct:', '[1     ]')
error:  0.00005943
('out:    ', '[0.982 ]')
('correct:', '[1     ]')
error:  0.00015687
('out:    ', '[0.992 ]')
('correct:', '[1     ]')
error:  0.00003484
('out:    ', '[0.975 ]')
('correct:', '[1     ]')
error:  0.00032080
('out:    ', '[0.985 ]')
('correct:', '[1     ]')
error:  0.00011855
('out:    ', '[0.996 ]')
('correct:', '[1     ]')
error:  0.00000823
('out:    ', '[0.993 ]')
('correct:', '[1     ]')
error:  0.00002717
('out:    ', '[0.997 ]')
('correct:', '[1     ]')
error:  0.00000610
('out:    ', '[0.988 ]')
('correct:', '[1     ]')
error:  0.00006742
('out:    ', '[0.992 ]')
('correct:', '[1     ]')
error:  0.00003258
('out:    ', '[0.998 ]')
('correct:', '[1     ]')
error:  0.00000310
('out:    ', '[0.997 ]')
('correct:', '[1     ]')
error:  0.00000546
('out:    ', '[0.998 ]')
('correct:', '[1     ]')
error:  0.00000157
('out:    ', '[0.944 ]')
('correct:', '[1     ]')
error:  0.00158462
('out:    ', '[0.998 ]')
('correct:', '[1     ]')
error:  0.00000147
('out:    ', '[0.997 ]')
('correct:', '[1     ]')
error:  0.00000437
('out:    ', '[0.994 ]')
('correct:', '[1     ]')
error:  0.00001675
('out:    ', '[0.995 ]')
('correct:', '[1     ]')
error:  0.00001399
('out:    ', '[0.998 ]')
('correct:', '[1     ]')
error:  0.00000144
('out:    ', '[0.994 ]')
('correct:', '[1     ]')
error:  0.00001736
('out:    ', '[0.995 ]')
('correct:', '[1     ]')
error:  0.00001246
('out:    ', '[0.988 ]')
('correct:', '[1     ]')
error:  0.00007600
('out:    ', '[0.411 ]')
('correct:', '[1     ]')
error:  0.17353360
('out:    ', '[0.993 ]')
('correct:', '[1     ]')
error:  0.00002799
('out:    ', '[0.994 ]')
('correct:', '[1     ]')
error:  0.00001804
('out:    ', '[0.993 ]')
('correct:', '[1     ]')
error:  0.00002724
('out:    ', '[0.992 ]')
('correct:', '[1     ]')
error:  0.00002886
('out:    ', '[0.99  ]')
('correct:', '[1     ]')
error:  0.00005328
('out:    ', '[0.934 ]')
('correct:', '[1     ]')
error:  0.00219838
('out:    ', '[0.699 ]')
('correct:', '[1     ]')
error:  0.04521133
('out:    ', '[0.994 ]')
('correct:', '[1     ]')
error:  0.00001881
('out:    ', '[0.997 ]')
('correct:', '[1     ]')
error:  0.00000572
('out:    ', '[0.986 ]')
('correct:', '[1     ]')
error:  0.00010497
('out:    ', '[0.995 ]')
('correct:', '[1     ]')
error:  0.00001048
('out:    ', '[0.99  ]')
('correct:', '[1     ]')
error:  0.00004935
('out:    ', '[0.991 ]')
('correct:', '[1     ]')
error:  0.00004304
('out:    ', '[0.995 ]')
('correct:', '[1     ]')
error:  0.00001016
('out:    ', '[0.997 ]')
('correct:', '[1     ]')
error:  0.00000594
('out:    ', '[0.996 ]')
('correct:', '[1     ]')
error:  0.00000803
('out:    ', '[0.993 ]')
('correct:', '[1     ]')
error:  0.00002747
('out:    ', '[0.995 ]')
('correct:', '[1     ]')
error:  0.00001427
('out:    ', '[0.998 ]')
('correct:', '[1     ]')
error:  0.00000168
('out:    ', '[0.846 ]')
('correct:', '[1     ]')
error:  0.01191522
('out:    ', '[0.989 ]')
('correct:', '[1     ]')
error:  0.00006487
('out:    ', '[0.978 ]')
('correct:', '[1     ]')
error:  0.00024507
('out:    ', '[0.994 ]')
('correct:', '[1     ]')
error:  0.00001599
('out:    ', '[0.966 ]')
('correct:', '[1     ]')
error:  0.00059295
('out:    ', '[0.685 ]')
('correct:', '[1     ]')
error:  0.04970508
('out:    ', '[0.757 ]')
('correct:', '[1     ]')
error:  0.02951901
('out:    ', '[0.995 ]')
('correct:', '[1     ]')
error:  0.00001070
('out:    ', '[0.995 ]')
('correct:', '[1     ]')
error:  0.00001485
('out:    ', '[0.997 ]')
('correct:', '[1     ]')
error:  0.00000361
('out:    ', '[0.687 ]')
('correct:', '[1     ]')
error:  0.04898184
('out:    ', '[0.995 ]')
('correct:', '[1     ]')
error:  0.00001323
('out:    ', '[0.986 ]')
('correct:', '[1     ]')
error:  0.00009172
('out:    ', '[0.997 ]')
('correct:', '[1     ]')
error:  0.00000439
('out:    ', '[0.994 ]')
('correct:', '[1     ]')
error:  0.00001661
('out:    ', '[0.706 ]')
('correct:', '[1     ]')
error:  0.04336301
('out:    ', '[0.985 ]')
('correct:', '[1     ]')
error:  0.00010859
('out:    ', '[0.995 ]')
('correct:', '[1     ]')
error:  0.00001059
('out:    ', '[0.991 ]')
('correct:', '[1     ]')
error:  0.00004160
('out:    ', '[0.991 ]')
('correct:', '[1     ]')
error:  0.00004088
('out:    ', '[0.993 ]')
('correct:', '[1     ]')
error:  0.00002395
('out:    ', '[0.998 ]')
('correct:', '[1     ]')
error:  0.00000305
('out:    ', '[0.996 ]')
('correct:', '[1     ]')
error:  0.00000889
('out:    ', '[0.994 ]')
('correct:', '[1     ]')
error:  0.00001703
('out:    ', '[0.992 ]')
('correct:', '[1     ]')
error:  0.00003290
('out:    ', '[0.995 ]')
('correct:', '[1     ]')
error:  0.00001080
('out:    ', '[0.997 ]')
('correct:', '[1     ]')
error:  0.00000398
('out:    ', '[0.99  ]')
('correct:', '[1     ]')
error:  0.00004717
('out:    ', '[0.996 ]')
('correct:', '[1     ]')
error:  0.00000949
('out:    ', '[0.997 ]')
('correct:', '[1     ]')
error:  0.00000526
('out:    ', '[0.992 ]')
('correct:', '[1     ]')
error:  0.00003497
('out:    ', '[0.996 ]')
('correct:', '[1     ]')
error:  0.00000747
('out:    ', '[0.994 ]')
('correct:', '[1     ]')
error:  0.00001666
('out:    ', '[0.995 ]')
('correct:', '[1     ]')
error:  0.00001036
('out:    ', '[0.993 ]')
('correct:', '[1     ]')
error:  0.00002124
('out:    ', '[0.997 ]')
('correct:', '[1     ]')
error:  0.00000433
('out:    ', '[0.994 ]')
('correct:', '[1     ]')
error:  0.00001588
('out:    ', '[0.99  ]')
('correct:', '[1     ]')
error:  0.00004927
('out:    ', '[0.998 ]')
('correct:', '[1     ]')
error:  0.00000299
('out:    ', '[0.975 ]')
('correct:', '[1     ]')
error:  0.00032182
('out:    ', '[0.669 ]')
('correct:', '[1     ]')
error:  0.05464708
('out:    ', '[0.998 ]')
('correct:', '[1     ]')
error:  0.00000198
('out:    ', '[0.996 ]')
('correct:', '[1     ]')
error:  0.00000948
('out:    ', '[0.804 ]')
('correct:', '[1     ]')
error:  0.01930220
('out:    ', '[0.998 ]')
('correct:', '[1     ]')
error:  0.00000296
('out:    ', '[0.998 ]')
('correct:', '[1     ]')
error:  0.00000305
('out:    ', '[0.988 ]')
('correct:', '[1     ]')
error:  0.00007161
('out:    ', '[0.998 ]')
('correct:', '[1     ]')
error:  0.00000201
('out:    ', '[0.969 ]')
('correct:', '[1     ]')
error:  0.00049463
('out:    ', '[0.997 ]')
('correct:', '[1     ]')
error:  0.00000385
('out:    ', '[0.973 ]')
('correct:', '[1     ]')
error:  0.00035876
('out:    ', '[0.998 ]')
('correct:', '[1     ]')
error:  0.00000245
('out:    ', '[0.994 ]')
('correct:', '[1     ]')
error:  0.00002032
('out:    ', '[0.993 ]')
('correct:', '[1     ]')
error:  0.00002614
('out:    ', '[0.992 ]')
('correct:', '[1     ]')
error:  0.00003432
('out:    ', '[0.996 ]')
('correct:', '[1     ]')
error:  0.00000818
('out:    ', '[0.994 ]')
('correct:', '[1     ]')
error:  0.00001815
('out:    ', '[0.974 ]')
('correct:', '[1     ]')
error:  0.00034580
('out:    ', '[0.796 ]')
('correct:', '[1     ]')
error:  0.02072426
('out:    ', '[0.998 ]')
('correct:', '[1     ]')
error:  0.00000164
('out:    ', '[0.972 ]')
('correct:', '[1     ]')
error:  0.00039745
('out:    ', '[0.982 ]')
('correct:', '[1     ]')
error:  0.00016212
('out:    ', '[0.996 ]')
('correct:', '[1     ]')
error:  0.00000910
('out:    ', '[0.986 ]')
('correct:', '[1     ]')
error:  0.00009381
('out:    ', '[0.998 ]')
('correct:', '[1     ]')
error:  0.00000297
('out:    ', '[0.993 ]')
('correct:', '[1     ]')
error:  0.00002421
('out:    ', '[0.998 ]')
('correct:', '[1     ]')
error:  0.00000261
('out:    ', '[0.998 ]')
('correct:', '[1     ]')
error:  0.00000278
('out:    ', '[0.737 ]')
('correct:', '[1     ]')
error:  0.03453997
('out:    ', '[0.997 ]')
('correct:', '[1     ]')
error:  0.00000397
('out:    ', '[0.671 ]')
('correct:', '[1     ]')
error:  0.05402570
('out:    ', '[0.683 ]')
('correct:', '[1     ]')
error:  0.05031373
('out:    ', '[0.989 ]')
('correct:', '[1     ]')
error:  0.00006153
('out:    ', '[0.987 ]')
('correct:', '[1     ]')
error:  0.00007836
('out:    ', '[0.9   ]')
('correct:', '[1     ]')
error:  0.00500137
('out:    ', '[0.946 ]')
('correct:', '[1     ]')
error:  0.00147267
('out:    ', '[0.995 ]')
('correct:', '[1     ]')
error:  0.00001441
('out:    ', '[0.995 ]')
('correct:', '[1     ]')
error:  0.00001111
('out:    ', '[0.994 ]')
('correct:', '[1     ]')
error:  0.00001958
('out:    ', '[0.983 ]')
('correct:', '[1     ]')
error:  0.00014403
('out:    ', '[0.995 ]')
('correct:', '[1     ]')
error:  0.00001014
('out:    ', '[0.995 ]')
('correct:', '[1     ]')
error:  0.00001021
('out:    ', '[0.993 ]')
('correct:', '[1     ]')
error:  0.00002194
('out:    ', '[0.994 ]')
('correct:', '[1     ]')
error:  0.00001839
('out:    ', '[0.994 ]')
('correct:', '[1     ]')
error:  0.00001566
('out:    ', '[0.99  ]')
('correct:', '[1     ]')
error:  0.00004787
('out:    ', '[0.997 ]')
('correct:', '[1     ]')
error:  0.00000564
('out:    ', '[0.995 ]')
('correct:', '[1     ]')
error:  0.00001422
('out:    ', '[0.998 ]')
('correct:', '[1     ]')
error:  0.00000272
('out:    ', '[0.997 ]')
('correct:', '[1     ]')
error:  0.00000341
('out:    ', '[0.989 ]')
('correct:', '[1     ]')
error:  0.00005569
('out:    ', '[0.975 ]')
('correct:', '[1     ]')
error:  0.00031855
('out:    ', '[0.993 ]')
('correct:', '[1     ]')
error:  0.00002217
('out:    ', '[0.657 ]')
('correct:', '[1     ]')
error:  0.05883223
('out:    ', '[0.994 ]')
('correct:', '[1     ]')
error:  0.00001813
('out:    ', '[0.674 ]')
('correct:', '[1     ]')
error:  0.05313422
('out:    ', '[0.997 ]')
('correct:', '[1     ]')
error:  0.00000361
('out:    ', '[0.985 ]')
('correct:', '[1     ]')
error:  0.00011678
('out:    ', '[0.995 ]')
('correct:', '[1     ]')
error:  0.00001302
('out:    ', '[0.671 ]')
('correct:', '[1     ]')
error:  0.05414672
('out:    ', '[0.993 ]')
('correct:', '[1     ]')
error:  0.00002672
('out:    ', '[0.997 ]')
('correct:', '[1     ]')
error:  0.00000488
('out:    ', '[0.874 ]')
('correct:', '[1     ]')
error:  0.00799319
('out:    ', '[0.994 ]')
('correct:', '[1     ]')
error:  0.00002037
('out:    ', '[0.884 ]')
('correct:', '[1     ]')
error:  0.00675360
('out:    ', '[0.992 ]')
('correct:', '[1     ]')
error:  0.00002994
('out:    ', '[0.996 ]')
('correct:', '[1     ]')
error:  0.00000894
('out:    ', '[0.973 ]')
('correct:', '[1     ]')
error:  0.00035458
('out:    ', '[0.991 ]')
('correct:', '[1     ]')
error:  0.00003669
('out:    ', '[0.991 ]')
('correct:', '[1     ]')
error:  0.00003674
('out:    ', '[0.998 ]')
('correct:', '[1     ]')
error:  0.00000208
('out:    ', '[0.759 ]')
('correct:', '[1     ]')
error:  0.02911044
('out:    ', '[0.984 ]')
('correct:', '[1     ]')
error:  0.00012277
('out:    ', '[0.997 ]')
('correct:', '[1     ]')
error:  0.00000430
('out:    ', '[0.998 ]')
('correct:', '[1     ]')
error:  0.00000214
('out:    ', '[0.995 ]')
('correct:', '[1     ]')
error:  0.00001233
('out:    ', '[0.996 ]')
('correct:', '[1     ]')
error:  0.00000699
('out:    ', '[0.997 ]')
('correct:', '[1     ]')
error:  0.00000464
('out:    ', '[0.973 ]')
('correct:', '[1     ]')
error:  0.00036641
('out:    ', '[0.985 ]')
('correct:', '[1     ]')
error:  0.00010696
('out:    ', '[0.993 ]')
('correct:', '[1     ]')
error:  0.00002326
('out:    ', '[0.993 ]')
('correct:', '[1     ]')
error:  0.00002345
('out:    ', '[0.994 ]')
('correct:', '[1     ]')
error:  0.00001607
('out:    ', '[0.974 ]')
('correct:', '[1     ]')
error:  0.00032927
('out:    ', '[0.994 ]')
('correct:', '[1     ]')
error:  0.00001943
('out:    ', '[0.992 ]')
('correct:', '[1     ]')
error:  0.00003109
('out:    ', '[0.99  ]')
('correct:', '[1     ]')
error:  0.00004551
('out:    ', '[0.988 ]')
('correct:', '[1     ]')
error:  0.00007036
('out:    ', '[0.981 ]')
('correct:', '[1     ]')
error:  0.00017739
('out:    ', '[0.995 ]')
('correct:', '[1     ]')
error:  0.00001183
('out:    ', '[0.626 ]')
('correct:', '[1     ]')
error:  0.07006182
('out:    ', '[0.995 ]')
('correct:', '[1     ]')
error:  0.00001135
('out:    ', '[0.825 ]')
('correct:', '[1     ]')
error:  0.01522560
('out:    ', '[0.992 ]')
('correct:', '[1     ]')
error:  0.00003266
('out:    ', '[0.772 ]')
('correct:', '[1     ]')
error:  0.02607228
('out:    ', '[0.662 ]')
('correct:', '[1     ]')
error:  0.05696890
('out:    ', '[0.995 ]')
('correct:', '[1     ]')
error:  0.00001310
('out:    ', '[0.993 ]')
('correct:', '[1     ]')
error:  0.00002645
('out:    ', '[0.998 ]')
('correct:', '[1     ]')
error:  0.00000218
('out:    ', '[0.993 ]')
('correct:', '[1     ]')
error:  0.00002153
('out:    ', '[0.992 ]')
('correct:', '[1     ]')
error:  0.00002842
('out:    ', '[0.92  ]')
('correct:', '[1     ]')
error:  0.00317721
('out:    ', '[0.675 ]')
('correct:', '[0     ]')
error:  0.22810554
('out:    ', '[0.873 ]')
('correct:', '[1     ]')
error:  0.00809453
('out:    ', '[0.997 ]')
('correct:', '[1     ]')
error:  0.00000402
('out:    ', '[0.994 ]')
('correct:', '[1     ]')
error:  0.00001564
('out:    ', '[0.99  ]')
('correct:', '[1     ]')
error:  0.00004971
('out:    ', '[0.991 ]')
('correct:', '[1     ]')
error:  0.00003686
('out:    ', '[0.993 ]')
('correct:', '[1     ]')
error:  0.00002586
('out:    ', '[0.979 ]')
('correct:', '[1     ]')
error:  0.00021471
('out:    ', '[0.827 ]')
('correct:', '[1     ]')
error:  0.01500039
('out:    ', '[0.972 ]')
('correct:', '[1     ]')
error:  0.00038600
('out:    ', '[0.995 ]')
('correct:', '[1     ]')
error:  0.00001095
('out:    ', '[0.995 ]')
('correct:', '[1     ]')
error:  0.00001027
('out:    ', '[0.992 ]')
('correct:', '[1     ]')
error:  0.00003273
('out:    ', '[0.991 ]')
('correct:', '[1     ]')
error:  0.00004400
('out:    ', '[0.995 ]')
('correct:', '[1     ]')
error:  0.00001348
('out:    ', '[0.966 ]')
('correct:', '[1     ]')
error:  0.00057531
('out:    ', '[0.994 ]')
('correct:', '[1     ]')
error:  0.00002067
('out:    ', '[0.987 ]')
('correct:', '[1     ]')
error:  0.00008620
('out:    ', '[0.995 ]')
('correct:', '[1     ]')
error:  0.00001057
('out:    ', '[0.995 ]')
('correct:', '[1     ]')
error:  0.00001029
('out:    ', '[0.998 ]')
('correct:', '[1     ]')
error:  0.00000275
('out:    ', '[0.991 ]')
('correct:', '[1     ]')
error:  0.00004283
('out:    ', '[0.995 ]')
('correct:', '[1     ]')
error:  0.00001204
('out:    ', '[0.995 ]')
('correct:', '[1     ]')
error:  0.00001320
('out:    ', '[0.969 ]')
('correct:', '[1     ]')
error:  0.00049017
('out:    ', '[0.782 ]')
('correct:', '[1     ]')
error:  0.02377282
('out:    ', '[0.995 ]')
('correct:', '[1     ]')
error:  0.00001203
('out:    ', '[0.998 ]')
('correct:', '[1     ]')
error:  0.00000239
('out:    ', '[0.992 ]')
('correct:', '[1     ]')
error:  0.00003374
('out:    ', '[0.994 ]')
('correct:', '[1     ]')
error:  0.00001929
('out:    ', '[0.996 ]')
('correct:', '[1     ]')
error:  0.00000982
('out:    ', '[0.993 ]')
('correct:', '[1     ]')
error:  0.00002120
('out:    ', '[0.996 ]')
('correct:', '[1     ]')
error:  0.00000698
('out:    ', '[0.994 ]')
('correct:', '[1     ]')
error:  0.00001836
('out:    ', '[0.991 ]')
('correct:', '[1     ]')
error:  0.00004257
('out:    ', '[0.992 ]')
('correct:', '[1     ]')
error:  0.00003364
('out:    ', '[0.997 ]')
('correct:', '[1     ]')
error:  0.00000595
('out:    ', '[0.993 ]')
('correct:', '[1     ]')
error:  0.00002739
('out:    ', '[0.993 ]')
('correct:', '[1     ]')
error:  0.00002227
('out:    ', '[0.978 ]')
('correct:', '[1     ]')
error:  0.00024644
('out:    ', '[0.976 ]')
('correct:', '[1     ]')
error:  0.00028468
('out:    ', '[0.994 ]')
('correct:', '[1     ]')
error:  0.00001682
('out:    ', '[0.988 ]')
('correct:', '[1     ]')
error:  0.00007094
('out:    ', '[0.975 ]')
('correct:', '[1     ]')
error:  0.00030718
('out:    ', '[0.653 ]')
('correct:', '[1     ]')
error:  0.06010698
('out:    ', '[0.992 ]')
('correct:', '[1     ]')
error:  0.00003366
('out:    ', '[0.928 ]')
('correct:', '[1     ]')
error:  0.00261095
('out:    ', '[0.997 ]')
('correct:', '[1     ]')
error:  0.00000591
('out:    ', '[0.986 ]')
('correct:', '[1     ]')
error:  0.00009712
('out:    ', '[0.994 ]')
('correct:', '[1     ]')
error:  0.00001684
('out:    ', '[0.996 ]')
('correct:', '[1     ]')
error:  0.00000707
('out:    ', '[0.985 ]')
('correct:', '[1     ]')
error:  0.00010700
('out:    ', '[0.991 ]')
('correct:', '[1     ]')
error:  0.00003796
('out:    ', '[0.977 ]')
('correct:', '[1     ]')
error:  0.00025482
('out:    ', '[0.993 ]')
('correct:', '[1     ]')
error:  0.00002237
('out:    ', '[0.906 ]')
('correct:', '[1     ]')
error:  0.00441223
('out:    ', '[0.998 ]')
('correct:', '[1     ]')
error:  0.00000228
('out:    ', '[0.997 ]')
('correct:', '[1     ]')
error:  0.00000402
('out:    ', '[0.993 ]')
('correct:', '[1     ]')
error:  0.00002125
('out:    ', '[0.997 ]')
('correct:', '[1     ]')
error:  0.00000362
('out:    ', '[0.745 ]')
('correct:', '[1     ]')
error:  0.03258403
('out:    ', '[0.993 ]')
('correct:', '[1     ]')
error:  0.00002331
('out:    ', '[0.998 ]')
('correct:', '[1     ]')
error:  0.00000306
('out:    ', '[0.997 ]')
('correct:', '[1     ]')
error:  0.00000462
('out:    ', '[0.993 ]')
('correct:', '[1     ]')
error:  0.00002560
('out:    ', '[0.992 ]')
('correct:', '[1     ]')
error:  0.00003319
('out:    ', '[0.996 ]')
('correct:', '[1     ]')
error:  0.00000947
('out:    ', '[0.998 ]')
('correct:', '[1     ]')
error:  0.00000278
('out:    ', '[0.993 ]')
('correct:', '[1     ]')
error:  0.00002455
('out:    ', '[0.997 ]')
('correct:', '[1     ]')
error:  0.00000346
('out:    ', '[0.992 ]')
('correct:', '[1     ]')
error:  0.00003094
('out:    ', '[0.994 ]')
('correct:', '[1     ]')
error:  0.00001948
('out:    ', '[0.728 ]')
('correct:', '[1     ]')
error:  0.03706736
('out:    ', '[0.984 ]')
('correct:', '[1     ]')
error:  0.00013246
('out:    ', '[0.981 ]')
('correct:', '[1     ]')
error:  0.00017283
('out:    ', '[0.995 ]')
('correct:', '[1     ]')
error:  0.00001413
('out:    ', '[0.936 ]')
('correct:', '[1     ]')
error:  0.00202209
('out:    ', '[0.998 ]')
('correct:', '[1     ]')
error:  0.00000198
('out:    ', '[0.993 ]')
('correct:', '[1     ]')
error:  0.00002377
('out:    ', '[0.991 ]')
('correct:', '[1     ]')
error:  0.00003869
('out:    ', '[0.995 ]')
('correct:', '[1     ]')
error:  0.00001182
('out:    ', '[0.89  ]')
('correct:', '[1     ]')
error:  0.00605953
('out:    ', '[0.997 ]')
('correct:', '[1     ]')
error:  0.00000586
('out:    ', '[0.984 ]')
('correct:', '[1     ]')
error:  0.00012948
('out:    ', '[0.986 ]')
('correct:', '[1     ]')
error:  0.00009918
('out:    ', '[0.994 ]')
('correct:', '[1     ]')
error:  0.00001582
('out:    ', '[0.997 ]')
('correct:', '[1     ]')
error:  0.00000463
('out:    ', '[0.994 ]')
('correct:', '[1     ]')
error:  0.00001949
('out:    ', '[0.995 ]')
('correct:', '[1     ]')
error:  0.00001093
('out:    ', '[0.993 ]')
('correct:', '[1     ]')
error:  0.00002245
('out:    ', '[0.998 ]')
('correct:', '[1     ]')
error:  0.00000278
('out:    ', '[0.989 ]')
('correct:', '[1     ]')
error:  0.00005924
('out:    ', '[0.993 ]')
('correct:', '[1     ]')
error:  0.00002273
('out:    ', '[0.986 ]')
('correct:', '[1     ]')
error:  0.00009371
('out:    ', '[0.995 ]')
('correct:', '[1     ]')
error:  0.00001366
('out:    ', '[0.993 ]')
('correct:', '[1     ]')
error:  0.00002342
('out:    ', '[0.996 ]')
('correct:', '[1     ]')
error:  0.00000675
('out:    ', '[0.606 ]')
('correct:', '[1     ]')
error:  0.07769633
('out:    ', '[0.993 ]')
('correct:', '[1     ]')
error:  0.00002306
('out:    ', '[0.998 ]')
('correct:', '[1     ]')
error:  0.00000247
('out:    ', '[0.994 ]')
('correct:', '[1     ]')
error:  0.00002109
('out:    ', '[0.996 ]')
('correct:', '[1     ]')
error:  0.00000956
('out:    ', '[0.988 ]')
('correct:', '[1     ]')
error:  0.00007523
('out:    ', '[0.992 ]')
('correct:', '[1     ]')
error:  0.00003233
('out:    ', '[0.98  ]')
('correct:', '[1     ]')
error:  0.00019951
('out:    ', '[0.997 ]')
('correct:', '[1     ]')
error:  0.00000601
('out:    ', '[0.943 ]')
('correct:', '[1     ]')
error:  0.00161691
('out:    ', '[0.997 ]')
('correct:', '[1     ]')
error:  0.00000399
('out:    ', '[0.998 ]')
('correct:', '[1     ]')
error:  0.00000307
('out:    ', '[0.877 ]')
('correct:', '[1     ]')
error:  0.00751502
('out:    ', '[0.993 ]')
('correct:', '[1     ]')
error:  0.00002119
('out:    ', '[0.987 ]')
('correct:', '[1     ]')
error:  0.00007860
('out:    ', '[0.799 ]')
('correct:', '[1     ]')
error:  0.02025813
('out:    ', '[0.987 ]')
('correct:', '[1     ]')
error:  0.00008583
('out:    ', '[0.986 ]')
('correct:', '[1     ]')
error:  0.00009792
('out:    ', '[0.995 ]')
('correct:', '[1     ]')
error:  0.00001141
('out:    ', '[0.985 ]')
('correct:', '[1     ]')
error:  0.00010541
('out:    ', '[0.995 ]')
('correct:', '[1     ]')
error:  0.00001477
('out:    ', '[0.989 ]')
('correct:', '[1     ]')
error:  0.00005570
('out:    ', '[0.727 ]')
('correct:', '[1     ]')
error:  0.03727286
('out:    ', '[0.992 ]')
('correct:', '[1     ]')
error:  0.00003308
('out:    ', '[0.993 ]')
('correct:', '[1     ]')
error:  0.00002357
('out:    ', '[0.986 ]')
('correct:', '[1     ]')
error:  0.00010469
('out:    ', '[0.993 ]')
('correct:', '[1     ]')
error:  0.00002422
('out:    ', '[0.99  ]')
('correct:', '[1     ]')
error:  0.00004721
('out:    ', '[0.974 ]')
('correct:', '[1     ]')
error:  0.00034736
('out:    ', '[0.991 ]')
('correct:', '[1     ]')
error:  0.00004071
('out:    ', '[0.993 ]')
('correct:', '[1     ]')
error:  0.00002647
('out:    ', '[0.996 ]')
('correct:', '[1     ]')
error:  0.00000791
('out:    ', '[0.873 ]')
('correct:', '[1     ]')
error:  0.00807529
('out:    ', '[0.995 ]')
('correct:', '[1     ]')
error:  0.00001069
('out:    ', '[0.993 ]')
('correct:', '[1     ]')
error:  0.00002380
('out:    ', '[0.997 ]')
('correct:', '[1     ]')
error:  0.00000434
('out:    ', '[0.971 ]')
('correct:', '[1     ]')
error:  0.00041758
('out:    ', '[0.998 ]')
('correct:', '[1     ]')
error:  0.00000216
('out:    ', '[0.998 ]')
('correct:', '[1     ]')
error:  0.00000229
('out:    ', '[0.998 ]')
('correct:', '[1     ]')
error:  0.00000309
('out:    ', '[0.992 ]')
('correct:', '[1     ]')
error:  0.00003597
('out:    ', '[0.996 ]')
('correct:', '[1     ]')
error:  0.00000640
('out:    ', '[0.993 ]')
('correct:', '[1     ]')
error:  0.00002453
('out:    ', '[0.992 ]')
('correct:', '[1     ]')
error:  0.00002992
('out:    ', '[0.994 ]')
('correct:', '[1     ]')
error:  0.00001752
('out:    ', '[0.985 ]')
('correct:', '[1     ]')
error:  0.00011759
('out:    ', '[0.992 ]')
('correct:', '[1     ]')
error:  0.00003400
('out:    ', '[0.985 ]')
('correct:', '[1     ]')
error:  0.00010828
('out:    ', '[0.987 ]')
('correct:', '[1     ]')
error:  0.00008723
('out:    ', '[0.995 ]')
('correct:', '[1     ]')
error:  0.00001036
('out:    ', '[0.992 ]')
('correct:', '[1     ]')
error:  0.00003313
('out:    ', '[0.993 ]')
('correct:', '[1     ]')
error:  0.00002572
('out:    ', '[0.849 ]')
('correct:', '[1     ]')
error:  0.01144916
('out:    ', '[0.993 ]')
('correct:', '[1     ]')
error:  0.00002233
('out:    ', '[0.833 ]')
('correct:', '[1     ]')
error:  0.01396185
('out:    ', '[0.992 ]')
('correct:', '[1     ]')
error:  0.00003563
('out:    ', '[0.993 ]')
('correct:', '[1     ]')
error:  0.00002650
('out:    ', '[0.996 ]')
('correct:', '[1     ]')
error:  0.00000795
('out:    ', '[0.997 ]')
('correct:', '[1     ]')
error:  0.00000396
('out:    ', '[0.996 ]')
('correct:', '[1     ]')
error:  0.00000846
('out:    ', '[0.995 ]')
('correct:', '[1     ]')
error:  0.00001419
('out:    ', '[0.993 ]')
('correct:', '[1     ]')
error:  0.00002123
('out:    ', '[0.946 ]')
('correct:', '[1     ]')
error:  0.00143864
('out:    ', '[0.994 ]')
('correct:', '[1     ]')
error:  0.00001814
('out:    ', '[0.996 ]')
('correct:', '[1     ]')
error:  0.00000682
('out:    ', '[0.953 ]')
('correct:', '[1     ]')
error:  0.00111919
('out:    ', '[0.995 ]')
('correct:', '[1     ]')
error:  0.00001255
('out:    ', '[0.992 ]')
('correct:', '[1     ]')
error:  0.00003195
('out:    ', '[0.998 ]')
('correct:', '[1     ]')
error:  0.00000148
('out:    ', '[0.978 ]')
('correct:', '[1     ]')
error:  0.00025065
('out:    ', '[0.993 ]')
('correct:', '[1     ]')
error:  0.00002428
('out:    ', '[0.997 ]')
('correct:', '[1     ]')
error:  0.00000364
('out:    ', '[0.994 ]')
('correct:', '[1     ]')
error:  0.00001816
('out:    ', '[0.99  ]')
('correct:', '[1     ]')
error:  0.00005422
('out:    ', '[0.998 ]')
('correct:', '[1     ]')
error:  0.00000263
('out:    ', '[0.948 ]')
('correct:', '[1     ]')
error:  0.00135218
('out:    ', '[0.994 ]')
('correct:', '[1     ]')
error:  0.00001951
('out:    ', '[0.998 ]')
('correct:', '[1     ]')
error:  0.00000280
('out:    ', '[0.995 ]')
('correct:', '[1     ]')
error:  0.00001143
('out:    ', '[0.993 ]')
('correct:', '[1     ]')
error:  0.00002252
('out:    ', '[0.954 ]')
('correct:', '[1     ]')
error:  0.00104337
('out:    ', '[0.995 ]')
('correct:', '[1     ]')
error:  0.00001242
('out:    ', '[0.996 ]')
('correct:', '[1     ]')
error:  0.00000690
('out:    ', '[0.988 ]')
('correct:', '[1     ]')
error:  0.00007580
('out:    ', '[0.977 ]')
('correct:', '[1     ]')
error:  0.00027490
('out:    ', '[0.995 ]')
('correct:', '[1     ]')
error:  0.00001086
('out:    ', '[0.969 ]')
('correct:', '[1     ]')
error:  0.00046872
('out:    ', '[0.995 ]')
('correct:', '[1     ]')
error:  0.00001099
('out:    ', '[0.995 ]')
('correct:', '[1     ]')
error:  0.00001224
('out:    ', '[0.989 ]')
('correct:', '[1     ]')
error:  0.00006178
('out:    ', '[0.955 ]')
('correct:', '[1     ]')
error:  0.00103023
('out:    ', '[0.993 ]')
('correct:', '[1     ]')
error:  0.00002356
('out:    ', '[0.994 ]')
('correct:', '[1     ]')
error:  0.00002080
('out:    ', '[0.997 ]')
('correct:', '[1     ]')
error:  0.00000316
('out:    ', '[0.984 ]')
('correct:', '[1     ]')
error:  0.00013075
('out:    ', '[0.986 ]')
('correct:', '[1     ]')
error:  0.00009625
('out:    ', '[0.823 ]')
('correct:', '[1     ]')
error:  0.01561689
('out:    ', '[0.994 ]')
('correct:', '[1     ]')
error:  0.00001720
('out:    ', '[0.992 ]')
('correct:', '[1     ]')
error:  0.00002949
('out:    ', '[0.991 ]')
('correct:', '[1     ]')
error:  0.00003728
('out:    ', '[0.996 ]')
('correct:', '[1     ]')
error:  0.00000735
('out:    ', '[0.995 ]')
('correct:', '[1     ]')
error:  0.00001294
('out:    ', '[0.995 ]')
('correct:', '[1     ]')
error:  0.00001060
('out:    ', '[0.994 ]')
('correct:', '[1     ]')
error:  0.00002005
('out:    ', '[0.947 ]')
('correct:', '[1     ]')
error:  0.00140359
('out:    ', '[0.995 ]')
('correct:', '[1     ]')
error:  0.00001418
('out:    ', '[0.991 ]')
('correct:', '[1     ]')
error:  0.00004142
('out:    ', '[0.948 ]')
('correct:', '[1     ]')
error:  0.00136805
('out:    ', '[0.993 ]')
('correct:', '[1     ]')
error:  0.00002258
('out:    ', '[0.993 ]')
('correct:', '[1     ]')
error:  0.00002390
('out:    ', '[0.991 ]')
('correct:', '[1     ]')
error:  0.00004209
('out:    ', '[0.957 ]')
('correct:', '[1     ]')
error:  0.00094169
('out:    ', '[0.993 ]')
('correct:', '[1     ]')
error:  0.00002710
('out:    ', '[0.993 ]')
('correct:', '[1     ]')
error:  0.00002491
('out:    ', '[0.993 ]')
('correct:', '[1     ]')
error:  0.00002681
('out:    ', '[0.988 ]')
('correct:', '[1     ]')
error:  0.00007126
('out:    ', '[0.995 ]')
('correct:', '[1     ]')
error:  0.00001046
('out:    ', '[0.997 ]')
('correct:', '[1     ]')
error:  0.00000569
('out:    ', '[0.799 ]')
('correct:', '[1     ]')
error:  0.02019759
('out:    ', '[0.985 ]')
('correct:', '[1     ]')
error:  0.00010683
('out:    ', '[0.986 ]')
('correct:', '[1     ]')
error:  0.00009503
('out:    ', '[0.993 ]')
('correct:', '[1     ]')
error:  0.00002272
('out:    ', '[0.996 ]')
('correct:', '[1     ]')
error:  0.00000712
('out:    ', '[0.998 ]')
('correct:', '[1     ]')
error:  0.00000310
('out:    ', '[0.998 ]')
('correct:', '[1     ]')
error:  0.00000283
('out:    ', '[0.994 ]')
('correct:', '[1     ]')
error:  0.00001872
('out:    ', '[0.989 ]')
('correct:', '[1     ]')
error:  0.00005824
('out:    ', '[0.995 ]')
('correct:', '[1     ]')
error:  0.00001169
('out:    ', '[0.995 ]')
('correct:', '[1     ]')
error:  0.00001260
('out:    ', '[0.996 ]')
('correct:', '[1     ]')
error:  0.00000748
('out:    ', '[0.995 ]')
('correct:', '[1     ]')
error:  0.00001036
('out:    ', '[0.985 ]')
('correct:', '[1     ]')
error:  0.00011693
('out:    ', '[0.994 ]')
('correct:', '[1     ]')
error:  0.00001666
('out:    ', '[0.972 ]')
('correct:', '[1     ]')
error:  0.00037956
('out:    ', '[0.984 ]')
('correct:', '[1     ]')
error:  0.00012551
('out:    ', '[0.993 ]')
('correct:', '[1     ]')
error:  0.00002263
('out:    ', '[0.99  ]')
('correct:', '[1     ]')
error:  0.00005483
('out:    ', '[0.997 ]')
('correct:', '[1     ]')
error:  0.00000321
('out:    ', '[0.99  ]')
('correct:', '[1     ]')
error:  0.00005340
('out:    ', '[0.996 ]')
('correct:', '[1     ]')
error:  0.00000861
('out:    ', '[0.985 ]')
('correct:', '[1     ]')
error:  0.00011769
('out:    ', '[0.997 ]')
('correct:', '[1     ]')
error:  0.00000441
('out:    ', '[0.996 ]')
('correct:', '[1     ]')
error:  0.00000671
('out:    ', '[0.997 ]')
('correct:', '[1     ]')
error:  0.00000382
('out:    ', '[0.993 ]')
('correct:', '[1     ]')
error:  0.00002419
('out:    ', '[0.997 ]')
('correct:', '[1     ]')
error:  0.00000411
('out:    ', '[0.995 ]')
('correct:', '[1     ]')
error:  0.00001171
('out:    ', '[0.974 ]')
('correct:', '[1     ]')
error:  0.00035086
('out:    ', '[0.996 ]')
('correct:', '[1     ]')
error:  0.00000670
('out:    ', '[0.995 ]')
('correct:', '[1     ]')
error:  0.00001185
('out:    ', '[0.957 ]')
('correct:', '[1     ]')
error:  0.00094362
('out:    ', '[0.991 ]')
('correct:', '[1     ]')
error:  0.00004450
('out:    ', '[0.994 ]')
('correct:', '[1     ]')
error:  0.00002017
('out:    ', '[0.987 ]')
('correct:', '[1     ]')
error:  0.00008627
('out:    ', '[0.964 ]')
('correct:', '[1     ]')
error:  0.00065000
('out:    ', '[0.992 ]')
('correct:', '[1     ]')
error:  0.00002940
('out:    ', '[0.993 ]')
('correct:', '[1     ]')
error:  0.00002272
('out:    ', '[0.995 ]')
('correct:', '[1     ]')
error:  0.00001360
('out:    ', '[0.995 ]')
('correct:', '[1     ]')
error:  0.00001431
('out:    ', '[0.869 ]')
('correct:', '[1     ]')
error:  0.00859833
('out:    ', '[0.985 ]')
('correct:', '[1     ]')
error:  0.00011488
('out:    ', '[0.996 ]')
('correct:', '[1     ]')
error:  0.00000635
('out:    ', '[0.994 ]')
('correct:', '[1     ]')
error:  0.00002106
('out:    ', '[0.995 ]')
('correct:', '[1     ]')
error:  0.00001312
('out:    ', '[0.995 ]')
('correct:', '[1     ]')
error:  0.00001304
('out:    ', '[0.998 ]')
('correct:', '[1     ]')
error:  0.00000207
('out:    ', '[0.995 ]')
('correct:', '[1     ]')
error:  0.00001427
('out:    ', '[0.716 ]')
('correct:', '[0     ]')
error:  0.25664128
('out:    ', '[0.762 ]')
('correct:', '[1     ]')
error:  0.02842330
('out:    ', '[0.726 ]')
('correct:', '[0     ]')
error:  0.26386291
('out:    ', '[0.992 ]')
('correct:', '[1     ]')
error:  0.00003262
('out:    ', '[0.995 ]')
('correct:', '[1     ]')
error:  0.00001037
('out:    ', '[0.997 ]')
('correct:', '[1     ]')
error:  0.00000386
('out:    ', '[0.981 ]')
('correct:', '[1     ]')
error:  0.00017849
('out:    ', '[0.996 ]')
('correct:', '[1     ]')
error:  0.00000676
('out:    ', '[0.993 ]')
('correct:', '[1     ]')
error:  0.00002480
('out:    ', '[0.987 ]')
('correct:', '[1     ]')
error:  0.00008758
('out:    ', '[0.997 ]')
('correct:', '[1     ]')
error:  0.00000434
('out:    ', '[0.997 ]')
('correct:', '[1     ]')
error:  0.00000316
('out:    ', '[0.978 ]')
('correct:', '[1     ]')
error:  0.00024844
('out:    ', '[0.884 ]')
('correct:', '[1     ]')
error:  0.00673771
('out:    ', '[0.991 ]')
('correct:', '[1     ]')
error:  0.00004112
('out:    ', '[0.997 ]')
('correct:', '[1     ]')
error:  0.00000363
('out:    ', '[0.996 ]')
('correct:', '[1     ]')
error:  0.00000888
('out:    ', '[0.665 ]')
('correct:', '[1     ]')
error:  0.05625595
('out:    ', '[0.997 ]')
('correct:', '[1     ]')
error:  0.00000446
('out:    ', '[0.973 ]')
('correct:', '[1     ]')
error:  0.00035488
('out:    ', '[0.677 ]')
('correct:', '[1     ]')
error:  0.05207638
('out:    ', '[0.506 ]')
('correct:', '[0     ]')
error:  0.12805367
('out:    ', '[0.994 ]')
('correct:', '[1     ]')
error:  0.00002040
('out:    ', '[0.995 ]')
('correct:', '[1     ]')
error:  0.00001482
('out:    ', '[0.995 ]')
('correct:', '[1     ]')
error:  0.00001052
('out:    ', '[0.992 ]')
('correct:', '[1     ]')
error:  0.00003158
('out:    ', '[0.973 ]')
('correct:', '[1     ]')
error:  0.00035611
('out:    ', '[0.995 ]')
('correct:', '[1     ]')
error:  0.00001507
('out:    ', '[0.995 ]')
('correct:', '[1     ]')
error:  0.00001286
('out:    ', '[0.805 ]')
('correct:', '[1     ]')
error:  0.01893211
('out:    ', '[0.994 ]')
('correct:', '[1     ]')
error:  0.00001683
('out:    ', '[0.893 ]')
('correct:', '[0     ]')
error:  0.39865786
('out:    ', '[0.983 ]')
('correct:', '[1     ]')
error:  0.00015075
('out:    ', '[0.996 ]')
('correct:', '[1     ]')
error:  0.00000804
('out:    ', '[0.643 ]')
('correct:', '[1     ]')
error:  0.06374423
('out:    ', '[0.984 ]')
('correct:', '[1     ]')
error:  0.00012147
('out:    ', '[0.64  ]')
('correct:', '[0     ]')
error:  0.20486807
('out:    ', '[0.989 ]')
('correct:', '[1     ]')
error:  0.00006510
('out:    ', '[0.96  ]')
('correct:', '[1     ]')
error:  0.00080832
('out:    ', '[0.998 ]')
('correct:', '[1     ]')
error:  0.00000240
('out:    ', '[0.959 ]')
('correct:', '[1     ]')
error:  0.00084979
('out:    ', '[0.993 ]')
('correct:', '[1     ]')
error:  0.00002327
('out:    ', '[0.968 ]')
('correct:', '[1     ]')
error:  0.00049887
('out:    ', '[0.993 ]')
('correct:', '[1     ]')
error:  0.00002618
('out:    ', '[0.997 ]')
('correct:', '[1     ]')
error:  0.00000592
('out:    ', '[0.989 ]')
('correct:', '[1     ]')
error:  0.00005957
('out:    ', '[0.985 ]')
('correct:', '[1     ]')
error:  0.00011772
('out:    ', '[0.945 ]')
('correct:', '[1     ]')
error:  0.00151544
('out:    ', '[0.993 ]')
('correct:', '[1     ]')
error:  0.00002519
('out:    ', '[0.998 ]')
('correct:', '[1     ]')
error:  0.00000293
('out:    ', '[0.987 ]')
('correct:', '[1     ]')
error:  0.00008827
('out:    ', '[0.994 ]')
('correct:', '[1     ]')
error:  0.00001519
('out:    ', '[0.899 ]')
('correct:', '[1     ]')
error:  0.00508909
('out:    ', '[0.63  ]')
('correct:', '[1     ]')
error:  0.06827838
('out:    ', '[0.994 ]')
('correct:', '[1     ]')
error:  0.00001942
('out:    ', '[0.954 ]')
('correct:', '[1     ]')
error:  0.00104840
('out:    ', '[0.988 ]')
('correct:', '[1     ]')
error:  0.00007407
('out:    ', '[0.997 ]')
('correct:', '[1     ]')
error:  0.00000431
('out:    ', '[0.998 ]')
('correct:', '[1     ]')
error:  0.00000150
('out:    ', '[0.975 ]')
('correct:', '[1     ]')
error:  0.00030944
('out:    ', '[0.994 ]')
('correct:', '[1     ]')
error:  0.00001662
('out:    ', '[0.992 ]')
('correct:', '[1     ]')
error:  0.00003557
('out:    ', '[0.987 ]')
('correct:', '[1     ]')
error:  0.00008890
('out:    ', '[0.994 ]')
('correct:', '[1     ]')
error:  0.00001795
('out:    ', '[0.997 ]')
('correct:', '[1     ]')
error:  0.00000529
('out:    ', '[0.988 ]')
('correct:', '[1     ]')
error:  0.00007164
('out:    ', '[0.992 ]')
('correct:', '[1     ]')
error:  0.00003441
('out:    ', '[0.994 ]')
('correct:', '[1     ]')
error:  0.00001598
('out:    ', '[0.995 ]')
('correct:', '[1     ]')
error:  0.00001220
('out:    ', '[0.972 ]')
('correct:', '[1     ]')
error:  0.00040527
('out:    ', '[0.987 ]')
('correct:', '[1     ]')
error:  0.00008394
('out:    ', '[0.989 ]')
('correct:', '[1     ]')
error:  0.00006345
('out:    ', '[0.985 ]')
('correct:', '[1     ]')
error:  0.00011370
('out:    ', '[0.994 ]')
('correct:', '[1     ]')
error:  0.00001725
('out:    ', '[0.997 ]')
('correct:', '[1     ]')
error:  0.00000350
('out:    ', '[0.846 ]')
('correct:', '[1     ]')
error:  0.01185856
('out:    ', '[0.919 ]')
('correct:', '[1     ]')
error:  0.00329151
('out:    ', '[0.991 ]')
('correct:', '[1     ]')
error:  0.00003866
('out:    ', '[0.993 ]')
('correct:', '[1     ]')
error:  0.00002737
('out:    ', '[0.991 ]')
('correct:', '[1     ]')
error:  0.00004266
('out:    ', '[0.995 ]')
('correct:', '[1     ]')
error:  0.00001478
('out:    ', '[0.995 ]')
('correct:', '[1     ]')
error:  0.00001201
('out:    ', '[0.981 ]')
('correct:', '[1     ]')
error:  0.00018853
('out:    ', '[0.998 ]')
('correct:', '[1     ]')
error:  0.00000218
('out:    ', '[0.992 ]')
('correct:', '[1     ]')
error:  0.00003250
('out:    ', '[0.991 ]')
('correct:', '[1     ]')
error:  0.00003791
('out:    ', '[0.994 ]')
('correct:', '[1     ]')
error:  0.00001660
('out:    ', '[0.998 ]')
('correct:', '[1     ]')
error:  0.00000281
('out:    ', '[0.988 ]')
('correct:', '[1     ]')
error:  0.00007538
('out:    ', '[0.988 ]')
('correct:', '[1     ]')
error:  0.00006951
('out:    ', '[0.993 ]')
('correct:', '[1     ]')
error:  0.00002347
('out:    ', '[0.992 ]')
('correct:', '[1     ]')
error:  0.00003445
('out:    ', '[0.992 ]')
('correct:', '[1     ]')
error:  0.00003205
('out:    ', '[0.995 ]')
('correct:', '[1     ]')
error:  0.00001068
('out:    ', '[0.996 ]')
('correct:', '[1     ]')
error:  0.00000615
('out:    ', '[0.841 ]')
('correct:', '[0     ]')
error:  0.35374490
('out:    ', '[0.957 ]')
('correct:', '[1     ]')
error:  0.00092915
('out:    ', '[0.988 ]')
('correct:', '[1     ]')
error:  0.00007292
('out:    ', '[0.994 ]')
('correct:', '[1     ]')
error:  0.00001530
('out:    ', '[0.989 ]')
('correct:', '[1     ]')
error:  0.00005741
('out:    ', '[0.996 ]')
('correct:', '[1     ]')
error:  0.00000721
('out:    ', '[0.993 ]')
('correct:', '[1     ]')
error:  0.00002342
('out:    ', '[0.987 ]')
('correct:', '[1     ]')
error:  0.00008760
('out:    ', '[0.996 ]')
('correct:', '[1     ]')
error:  0.00000812
('out:    ', '[0.976 ]')
('correct:', '[1     ]')
error:  0.00029652
('out:    ', '[0.994 ]')
('correct:', '[1     ]')
error:  0.00001601
('out:    ', '[0.994 ]')
('correct:', '[1     ]')
error:  0.00001524
('out:    ', '[0.985 ]')
('correct:', '[1     ]')
error:  0.00010957
('out:    ', '[0.994 ]')
('correct:', '[1     ]')
error:  0.00002091
('out:    ', '[0.979 ]')
('correct:', '[1     ]')
error:  0.00022843
('out:    ', '[0.972 ]')
('correct:', '[1     ]')
error:  0.00038615
('out:    ', '[0.993 ]')
('correct:', '[1     ]')
error:  0.00002352
('out:    ', '[0.953 ]')
('correct:', '[1     ]')
error:  0.00108853
('out:    ', '[0.995 ]')
('correct:', '[1     ]')
error:  0.00001173
('out:    ', '[0.992 ]')
('correct:', '[1     ]')
error:  0.00002884
('out:    ', '[0.98  ]')
('correct:', '[1     ]')
error:  0.00019169
('out:    ', '[0.992 ]')
('correct:', '[1     ]')
error:  0.00003177
('out:    ', '[0.994 ]')
('correct:', '[1     ]')
error:  0.00001619
('out:    ', '[0.997 ]')
('correct:', '[1     ]')
error:  0.00000556
('out:    ', '[0.994 ]')
('correct:', '[1     ]')
error:  0.00001539
('out:    ', '[0.997 ]')
('correct:', '[1     ]')
error:  0.00000589
('out:    ', '[0.996 ]')
('correct:', '[1     ]')
error:  0.00000908
('out:    ', '[0.992 ]')
('correct:', '[1     ]')
error:  0.00003275
('out:    ', '[0.981 ]')
('correct:', '[1     ]')
error:  0.00017634
('out:    ', '[0.995 ]')
('correct:', '[1     ]')
error:  0.00001505
('out:    ', '[0.997 ]')
('correct:', '[1     ]')
error:  0.00000393
('out:    ', '[0.996 ]')
('correct:', '[1     ]')
error:  0.00000969
('out:    ', '[0.993 ]')
('correct:', '[1     ]')
error:  0.00002127
('out:    ', '[0.992 ]')
('correct:', '[1     ]')
error:  0.00003062
('out:    ', '[0.994 ]')
('correct:', '[1     ]')
error:  0.00001666
('out:    ', '[0.995 ]')
('correct:', '[1     ]')
error:  0.00001193
('out:    ', '[0.977 ]')
('correct:', '[1     ]')
error:  0.00025355
('out:    ', '[0.997 ]')
('correct:', '[1     ]')
error:  0.00000599
('out:    ', '[0.987 ]')
('correct:', '[1     ]')
error:  0.00008437
('out:    ', '[0.805 ]')
('correct:', '[1     ]')
error:  0.01896552
('out:    ', '[0.997 ]')
('correct:', '[1     ]')
error:  0.00000313
('out:    ', '[0.901 ]')
('correct:', '[1     ]')
error:  0.00485600
('out:    ', '[0.99  ]')
('correct:', '[1     ]')
error:  0.00005170
('out:    ', '[0.994 ]')
('correct:', '[1     ]')
error:  0.00001880
('out:    ', '[0.994 ]')
('correct:', '[1     ]')
error:  0.00002043
('out:    ', '[0.43  ]')
('correct:', '[1     ]')
error:  0.16224677
('out:    ', '[0.998 ]')
('correct:', '[1     ]')
error:  0.00000282
('out:    ', '[0.994 ]')
('correct:', '[1     ]')
error:  0.00001777
('out:    ', '[0.998 ]')
('correct:', '[1     ]')
error:  0.00000210
('out:    ', '[0.911 ]')
('correct:', '[1     ]')
error:  0.00394722
('out:    ', '[0.997 ]')
('correct:', '[1     ]')
error:  0.00000514
('out:    ', '[0.991 ]')
('correct:', '[1     ]')
error:  0.00004020
('out:    ', '[0.99  ]')
('correct:', '[1     ]')
error:  0.00005344
('out:    ', '[0.99  ]')
('correct:', '[1     ]')
error:  0.00004739
('out:    ', '[0.963 ]')
('correct:', '[1     ]')
error:  0.00069174
('out:    ', '[0.995 ]')
('correct:', '[1     ]')
error:  0.00001208
('out:    ', '[0.994 ]')
('correct:', '[1     ]')
error:  0.00001790
('out:    ', '[0.993 ]')
('correct:', '[1     ]')
error:  0.00002294
('out:    ', '[0.998 ]')
('correct:', '[1     ]')
error:  0.00000292
('out:    ', '[0.983 ]')
('correct:', '[1     ]')
error:  0.00014369
('out:    ', '[0.99  ]')
('correct:', '[1     ]')
error:  0.00005457
('out:    ', '[0.994 ]')
('correct:', '[1     ]')
error:  0.00001635
('out:    ', '[0.994 ]')
('correct:', '[1     ]')
error:  0.00002101
('out:    ', '[0.882 ]')
('correct:', '[1     ]')
error:  0.00697910
('out:    ', '[0.996 ]')
('correct:', '[1     ]')
error:  0.00000682
('out:    ', '[0.984 ]')
('correct:', '[1     ]')
error:  0.00012027
('out:    ', '[0.998 ]')
('correct:', '[1     ]')
error:  0.00000199
('out:    ', '[0.993 ]')
('correct:', '[1     ]')
error:  0.00002627
('out:    ', '[0.983 ]')
('correct:', '[1     ]')
error:  0.00013635
('out:    ', '[0.998 ]')
('correct:', '[1     ]')
error:  0.00000194
('out:    ', '[0.985 ]')
('correct:', '[1     ]')
error:  0.00011764
('out:    ', '[0.995 ]')
('correct:', '[1     ]')
error:  0.00001220
('out:    ', '[0.998 ]')
('correct:', '[1     ]')
error:  0.00000231
('out:    ', '[0.996 ]')
('correct:', '[1     ]')
error:  0.00000805
('out:    ', '[0.995 ]')
('correct:', '[1     ]')
error:  0.00001227
('out:    ', '[0.997 ]')
('correct:', '[1     ]')
error:  0.00000466
('out:    ', '[0.79  ]')
('correct:', '[1     ]')
error:  0.02196053
('out:    ', '[0.997 ]')
('correct:', '[1     ]')
error:  0.00000486
('out:    ', '[0.997 ]')
('correct:', '[1     ]')
error:  0.00000541
('out:    ', '[0.991 ]')
('correct:', '[1     ]')
error:  0.00004035
('out:    ', '[0.991 ]')
('correct:', '[1     ]')
error:  0.00004400
('out:    ', '[0.815 ]')
('correct:', '[1     ]')
error:  0.01710356
('out:    ', '[0.997 ]')
('correct:', '[1     ]')
error:  0.00000376
('out:    ', '[0.997 ]')
('correct:', '[1     ]')
error:  0.00000448
('out:    ', '[0.994 ]')
('correct:', '[1     ]')
error:  0.00001674
('out:    ', '[0.987 ]')
('correct:', '[1     ]')
error:  0.00009107
('out:    ', '[0.994 ]')
('correct:', '[1     ]')
error:  0.00001715
('out:    ', '[0.717 ]')
('correct:', '[1     ]')
error:  0.04017594
('out:    ', '[0.886 ]')
('correct:', '[1     ]')
error:  0.00644894
('out:    ', '[0.996 ]')
('correct:', '[1     ]')
error:  0.00001001
('out:    ', '[0.997 ]')
('correct:', '[1     ]')
error:  0.00000367
('out:    ', '[0.997 ]')
('correct:', '[1     ]')
error:  0.00000585
('out:    ', '[0.996 ]')
('correct:', '[1     ]')
error:  0.00000737
('out:    ', '[0.995 ]')
('correct:', '[1     ]')
error:  0.00001166
('out:    ', '[0.998 ]')
('correct:', '[1     ]')
error:  0.00000279
('out:    ', '[0.994 ]')
('correct:', '[1     ]')
error:  0.00001596
('out:    ', '[0.994 ]')
('correct:', '[1     ]')
error:  0.00001781
('out:    ', '[0.984 ]')
('correct:', '[1     ]')
error:  0.00013087
('out:    ', '[0.995 ]')
('correct:', '[1     ]')
error:  0.00001054
('out:    ', '[0.996 ]')
('correct:', '[1     ]')
error:  0.00000891
('out:    ', '[0.992 ]')
('correct:', '[1     ]')
error:  0.00003115
('out:    ', '[0.997 ]')
('correct:', '[1     ]')
error:  0.00000534
('out:    ', '[0.989 ]')
('correct:', '[1     ]')
error:  0.00005695
('out:    ', '[0.986 ]')
('correct:', '[1     ]')
error:  0.00009246
('out:    ', '[0.818 ]')
('correct:', '[1     ]')
error:  0.01653350
('out:    ', '[0.993 ]')
('correct:', '[1     ]')
error:  0.00002329
('out:    ', '[0.899 ]')
('correct:', '[1     ]')
error:  0.00510511
('out:    ', '[0.997 ]')
('correct:', '[1     ]')
error:  0.00000406
('out:    ', '[0.961 ]')
('correct:', '[1     ]')
error:  0.00075223
('out:    ', '[0.991 ]')
('correct:', '[1     ]')
error:  0.00003778
('out:    ', '[0.996 ]')
('correct:', '[1     ]')
error:  0.00000959
('out:    ', '[0.992 ]')
('correct:', '[1     ]')
error:  0.00003465
('out:    ', '[0.994 ]')
('correct:', '[1     ]')
error:  0.00001957
('out:    ', '[0.852 ]')
('correct:', '[1     ]')
error:  0.01095684
('out:    ', '[0.971 ]')
('correct:', '[1     ]')
error:  0.00042972
('out:    ', '[0.992 ]')
('correct:', '[1     ]')
error:  0.00003188
('out:    ', '[0.985 ]')
('correct:', '[1     ]')
error:  0.00011112
('out:    ', '[0.95  ]')
('correct:', '[1     ]')
error:  0.00123338
('out:    ', '[0.997 ]')
('correct:', '[1     ]')
error:  0.00000325
('out:    ', '[0.992 ]')
('correct:', '[1     ]')
error:  0.00003232
('out:    ', '[0.996 ]')
('correct:', '[1     ]')
error:  0.00000675
('out:    ', '[0.995 ]')
('correct:', '[1     ]')
error:  0.00001453
('out:    ', '[0.992 ]')
('correct:', '[1     ]')
error:  0.00003369
('out:    ', '[0.993 ]')
('correct:', '[1     ]')
error:  0.00002371
('out:    ', '[0.991 ]')
('correct:', '[1     ]')
error:  0.00004160
('out:    ', '[0.997 ]')
('correct:', '[1     ]')
error:  0.00000467
('out:    ', '[0.997 ]')
('correct:', '[1     ]')
error:  0.00000403
('out:    ', '[0.991 ]')
('correct:', '[1     ]')
error:  0.00004476
('out:    ', '[0.993 ]')
('correct:', '[1     ]')
error:  0.00002376
('out:    ', '[0.994 ]')
('correct:', '[1     ]')
error:  0.00001761
('out:    ', '[0.6   ]')
('correct:', '[0     ]')
error:  0.17999073
('out:    ', '[0.994 ]')
('correct:', '[1     ]')
error:  0.00001845
('out:    ', '[0.994 ]')
('correct:', '[1     ]')
error:  0.00001950
('out:    ', '[0.987 ]')
('correct:', '[1     ]')
error:  0.00007939
('out:    ', '[0.978 ]')
('correct:', '[1     ]')
error:  0.00023451
('out:    ', '[0.994 ]')
('correct:', '[1     ]')
error:  0.00001657
('out:    ', '[0.974 ]')
('correct:', '[1     ]')
error:  0.00033327
('out:    ', '[0.994 ]')
('correct:', '[1     ]')
error:  0.00001698
('out:    ', '[0.976 ]')
('correct:', '[1     ]')
error:  0.00028330
('out:    ', '[0.993 ]')
('correct:', '[1     ]')
error:  0.00002168
('out:    ', '[0.981 ]')
('correct:', '[1     ]')
error:  0.00018877
('out:    ', '[0.997 ]')
('correct:', '[1     ]')
error:  0.00000375
('out:    ', '[0.989 ]')
('correct:', '[1     ]')
error:  0.00006492
('out:    ', '[0.997 ]')
('correct:', '[1     ]')
error:  0.00000572
('out:    ', '[0.994 ]')
('correct:', '[1     ]')
error:  0.00001685
('out:    ', '[0.991 ]')
('correct:', '[1     ]')
error:  0.00004307
('out:    ', '[0.986 ]')
('correct:', '[1     ]')
error:  0.00009636
('out:    ', '[0.99  ]')
('correct:', '[1     ]')
error:  0.00004793
('out:    ', '[0.995 ]')
('correct:', '[1     ]')
error:  0.00001401
('out:    ', '[0.998 ]')
('correct:', '[1     ]')
error:  0.00000266
('out:    ', '[0.994 ]')
('correct:', '[1     ]')
error:  0.00002043
('out:    ', '[0.993 ]')
('correct:', '[1     ]')
error:  0.00002571
('out:    ', '[0.997 ]')
('correct:', '[1     ]')
error:  0.00000397
('out:    ', '[0.996 ]')
('correct:', '[1     ]')
error:  0.00000655
('out:    ', '[0.997 ]')
('correct:', '[1     ]')
error:  0.00000417
('out:    ', '[0.993 ]')
('correct:', '[1     ]')
error:  0.00002593
('out:    ', '[0.987 ]')
('correct:', '[1     ]')
error:  0.00008561
('out:    ', '[0.996 ]')
('correct:', '[1     ]')
error:  0.00000929
('out:    ', '[0.993 ]')
('correct:', '[1     ]')
error:  0.00002775
('out:    ', '[0.992 ]')
('correct:', '[1     ]')
error:  0.00003315
('out:    ', '[0.994 ]')
('correct:', '[1     ]')
error:  0.00001696
('out:    ', '[0.996 ]')
('correct:', '[1     ]')
error:  0.00000987
('out:    ', '[0.992 ]')
('correct:', '[1     ]')
error:  0.00003361
('out:    ', '[0.997 ]')
('correct:', '[1     ]')
error:  0.00000366
('out:    ', '[0.995 ]')
('correct:', '[1     ]')
error:  0.00001084
('out:    ', '[0.997 ]')
('correct:', '[1     ]')
error:  0.00000477
('out:    ', '[0.998 ]')
('correct:', '[1     ]')
error:  0.00000154
('out:    ', '[0.998 ]')
('correct:', '[1     ]')
error:  0.00000312
('out:    ', '[0.991 ]')
('correct:', '[1     ]')
error:  0.00003907
('out:    ', '[0.981 ]')
('correct:', '[1     ]')
error:  0.00018824
('out:    ', '[0.992 ]')
('correct:', '[1     ]')
error:  0.00003243
('out:    ', '[0.997 ]')
('correct:', '[1     ]')
error:  0.00000442
('out:    ', '[0.836 ]')
('correct:', '[1     ]')
error:  0.01338841
('out:    ', '[0.996 ]')
('correct:', '[1     ]')
error:  0.00000873
('out:    ', '[0.994 ]')
('correct:', '[1     ]')
error:  0.00001714
('out:    ', '[0.992 ]')
('correct:', '[1     ]')
error:  0.00003485
('out:    ', '[0.826 ]')
('correct:', '[1     ]')
error:  0.01521124
('out:    ', '[0.995 ]')
('correct:', '[1     ]')
error:  0.00001052
('out:    ', '[0.997 ]')
('correct:', '[1     ]')
error:  0.00000391
('out:    ', '[0.827 ]')
('correct:', '[1     ]')
error:  0.01503830
('out:    ', '[0.996 ]')
('correct:', '[1     ]')
error:  0.00000817
('out:    ', '[0.995 ]')
('correct:', '[1     ]')
error:  0.00001046
('out:    ', '[0.997 ]')
('correct:', '[1     ]')
error:  0.00000411
('out:    ', '[0.988 ]')
('correct:', '[1     ]')
error:  0.00007361
('out:    ', '[0.959 ]')
('correct:', '[1     ]')
error:  0.00082155
('out:    ', '[0.997 ]')
('correct:', '[1     ]')
error:  0.00000362
('out:    ', '[0.994 ]')
('correct:', '[1     ]')
error:  0.00001738
('out:    ', '[0.957 ]')
('correct:', '[1     ]')
error:  0.00091859
('out:    ', '[0.676 ]')
('correct:', '[1     ]')
error:  0.05263942
('out:    ', '[0.994 ]')
('correct:', '[1     ]')
error:  0.00001794
('out:    ', '[0.995 ]')
('correct:', '[1     ]')
error:  0.00001085
('out:    ', '[0.997 ]')
('correct:', '[1     ]')
error:  0.00000365
('out:    ', '[0.97  ]')
('correct:', '[1     ]')
error:  0.00046217
('out:    ', '[0.997 ]')
('correct:', '[1     ]')
error:  0.00000399
('out:    ', '[0.94  ]')
('correct:', '[1     ]')
error:  0.00180814
('out:    ', '[0.985 ]')
('correct:', '[1     ]')
error:  0.00011140
('out:    ', '[0.993 ]')
('correct:', '[1     ]')
error:  0.00002323
('out:    ', '[0.994 ]')
('correct:', '[1     ]')
error:  0.00001612
('out:    ', '[0.998 ]')
('correct:', '[1     ]')
error:  0.00000280
('out:    ', '[0.981 ]')
('correct:', '[1     ]')
error:  0.00017787
('out:    ', '[0.996 ]')
('correct:', '[1     ]')
error:  0.00000843
('out:    ', '[0.99  ]')
('correct:', '[1     ]')
error:  0.00004986
('out:    ', '[0.981 ]')
('correct:', '[1     ]')
error:  0.00017654
('out:    ', '[0.99  ]')
('correct:', '[1     ]')
error:  0.00004598
('out:    ', '[0.998 ]')
('correct:', '[1     ]')
error:  0.00000143
('out:    ', '[0.96  ]')
('correct:', '[1     ]')
error:  0.00079813
('out:    ', '[0.994 ]')
('correct:', '[1     ]')
error:  0.00001933
('out:    ', '[0.992 ]')
('correct:', '[1     ]')
error:  0.00003122
('out:    ', '[0.993 ]')
('correct:', '[1     ]')
error:  0.00002670
('out:    ', '[0.996 ]')
('correct:', '[1     ]')
error:  0.00000675
('out:    ', '[0.997 ]')
('correct:', '[1     ]')
error:  0.00000403
('out:    ', '[0.998 ]')
('correct:', '[1     ]')
error:  0.00000293
('out:    ', '[0.992 ]')
('correct:', '[1     ]')
error:  0.00002869
('out:    ', '[0.996 ]')
('correct:', '[1     ]')
error:  0.00000927
('out:    ', '[0.851 ]')
('correct:', '[0     ]')
error:  0.36250893
('out:    ', '[0.986 ]')
('correct:', '[1     ]')
error:  0.00010005
('out:    ', '[0.995 ]')
('correct:', '[1     ]')
error:  0.00001258
('out:    ', '[0.996 ]')
('correct:', '[1     ]')
error:  0.00000932
('out:    ', '[0.987 ]')
('correct:', '[1     ]')
error:  0.00008829
('out:    ', '[0.992 ]')
('correct:', '[1     ]')
error:  0.00003267
('out:    ', '[0.997 ]')
('correct:', '[1     ]')
error:  0.00000401
('out:    ', '[0.978 ]')
('correct:', '[1     ]')
error:  0.00024235
('out:    ', '[0.977 ]')
('correct:', '[1     ]')
error:  0.00027385
('out:    ', '[0.992 ]')
('correct:', '[1     ]')
error:  0.00003259
('out:    ', '[0.994 ]')
('correct:', '[1     ]')
error:  0.00001805
('out:    ', '[0.997 ]')
('correct:', '[1     ]')
error:  0.00000407
('out:    ', '[0.993 ]')
('correct:', '[1     ]')
error:  0.00002399
('out:    ', '[0.984 ]')
('correct:', '[1     ]')
error:  0.00013564
('out:    ', '[0.998 ]')
('correct:', '[1     ]')
error:  0.00000214
('out:    ', '[0.996 ]')
('correct:', '[1     ]')
error:  0.00000698
('out:    ', '[0.986 ]')
('correct:', '[1     ]')
error:  0.00009305
('out:    ', '[0.998 ]')
('correct:', '[1     ]')
error:  0.00000226
('out:    ', '[0.983 ]')
('correct:', '[1     ]')
error:  0.00014999
('out:    ', '[0.975 ]')
('correct:', '[1     ]')
error:  0.00031266
('out:    ', '[0.995 ]')
('correct:', '[1     ]')
error:  0.00001378
('out:    ', '[0.951 ]')
('correct:', '[1     ]')
error:  0.00121493
('out:    ', '[0.867 ]')
('correct:', '[1     ]')
error:  0.00882477
('out:    ', '[0.987 ]')
('correct:', '[1     ]')
error:  0.00008638
('out:    ', '[0.988 ]')
('correct:', '[1     ]')
error:  0.00006986
('out:    ', '[0.99  ]')
('correct:', '[1     ]')
error:  0.00005190
('out:    ', '[0.991 ]')
('correct:', '[1     ]')
error:  0.00003900
('out:    ', '[0.993 ]')
('correct:', '[1     ]')
error:  0.00002603
('out:    ', '[0.994 ]')
('correct:', '[1     ]')
error:  0.00001805
('out:    ', '[0.987 ]')
('correct:', '[1     ]')
error:  0.00008683
('out:    ', '[0.997 ]')
('correct:', '[1     ]')
error:  0.00000515
('out:    ', '[0.994 ]')
('correct:', '[1     ]')
error:  0.00001672
('out:    ', '[0.925 ]')
('correct:', '[1     ]')
error:  0.00281697
('out:    ', '[0.995 ]')
('correct:', '[1     ]')
error:  0.00001373
('out:    ', '[0.987 ]')
('correct:', '[1     ]')
error:  0.00007827
('out:    ', '[0.99  ]')
('correct:', '[1     ]')
error:  0.00005453
('out:    ', '[0.997 ]')
('correct:', '[1     ]')
error:  0.00000393
('out:    ', '[0.398 ]')
('correct:', '[0     ]')
error:  0.07918914
('out:    ', '[0.985 ]')
('correct:', '[1     ]')
error:  0.00010938
('out:    ', '[0.99  ]')
('correct:', '[1     ]')
error:  0.00005419
('out:    ', '[0.957 ]')
('correct:', '[1     ]')
error:  0.00091916
('out:    ', '[0.997 ]')
('correct:', '[1     ]')
error:  0.00000414
('out:    ', '[0.987 ]')
('correct:', '[1     ]')
error:  0.00008305
('out:    ', '[0.992 ]')
('correct:', '[1     ]')
error:  0.00002927
('out:    ', '[0.968 ]')
('correct:', '[1     ]')
error:  0.00050455
('out:    ', '[0.995 ]')
('correct:', '[1     ]')
error:  0.00001168
('out:    ', '[0.997 ]')
('correct:', '[1     ]')
error:  0.00000392
('out:    ', '[0.995 ]')
('correct:', '[1     ]')
error:  0.00001173
('out:    ', '[0.982 ]')
('correct:', '[1     ]')
error:  0.00016579
('out:    ', '[0.954 ]')
('correct:', '[1     ]')
error:  0.00106010
('out:    ', '[0.993 ]')
('correct:', '[1     ]')
error:  0.00002738
('out:    ', '[0.992 ]')
('correct:', '[1     ]')
error:  0.00003587
('out:    ', '[0.991 ]')
('correct:', '[1     ]')
error:  0.00004441
('out:    ', '[0.991 ]')
('correct:', '[1     ]')
error:  0.00004036
('out:    ', '[0.997 ]')
('correct:', '[1     ]')
error:  0.00000481
('out:    ', '[0.99  ]')
('correct:', '[1     ]')
error:  0.00004829
('out:    ', '[0.851 ]')
('correct:', '[1     ]')
error:  0.01102663
('out:    ', '[0.975 ]')
('correct:', '[1     ]')
error:  0.00031750
('out:    ', '[0.85  ]')
('correct:', '[1     ]')
error:  0.01131400
('out:    ', '[0.995 ]')
('correct:', '[1     ]')
error:  0.00001251
('out:    ', '[0.992 ]')
('correct:', '[1     ]')
error:  0.00002822
('out:    ', '[0.997 ]')
('correct:', '[1     ]')
error:  0.00000576
('out:    ', '[0.992 ]')
('correct:', '[1     ]')
error:  0.00003039
('out:    ', '[0.995 ]')
('correct:', '[1     ]')
error:  0.00001064
('out:    ', '[0.991 ]')
('correct:', '[1     ]')
error:  0.00003846
('out:    ', '[0.916 ]')
('correct:', '[1     ]')
error:  0.00352259
('out:    ', '[0.995 ]')
('correct:', '[1     ]')
error:  0.00001097
('out:    ', '[0.981 ]')
('correct:', '[1     ]')
error:  0.00018863
('out:    ', '[0.998 ]')
('correct:', '[1     ]')
error:  0.00000274
('out:    ', '[0.997 ]')
('correct:', '[1     ]')
error:  0.00000464
('out:    ', '[0.937 ]')
('correct:', '[1     ]')
error:  0.00196738
('out:    ', '[0.988 ]')
('correct:', '[1     ]')
error:  0.00007517
('out:    ', '[0.927 ]')
('correct:', '[1     ]')
error:  0.00265511
('out:    ', '[0.986 ]')
('correct:', '[1     ]')
error:  0.00009675
('out:    ', '[0.968 ]')
('correct:', '[1     ]')
error:  0.00049764
('out:    ', '[0.777 ]')
('correct:', '[1     ]')
error:  0.02475475
('out:    ', '[0.703 ]')
('correct:', '[0     ]')
error:  0.24715945
('out:    ', '[0.986 ]')
('correct:', '[1     ]')
error:  0.00010382
('out:    ', '[0.995 ]')
('correct:', '[1     ]')
error:  0.00001040
('out:    ', '[0.951 ]')
('correct:', '[1     ]')
error:  0.00121541
('out:    ', '[0.993 ]')
('correct:', '[1     ]')
error:  0.00002120
('out:    ', '[0.997 ]')
('correct:', '[1     ]')
error:  0.00000354
('out:    ', '[0.993 ]')
('correct:', '[1     ]')
error:  0.00002338
('out:    ', '[0.964 ]')
('correct:', '[1     ]')
error:  0.00066276
('out:    ', '[0.959 ]')
('correct:', '[1     ]')
error:  0.00084074
('out:    ', '[0.994 ]')
('correct:', '[1     ]')
error:  0.00001628
('out:    ', '[0.931 ]')
('correct:', '[1     ]')
error:  0.00235843
('out:    ', '[0.519 ]')
('correct:', '[1     ]')
error:  0.11546566
('out:    ', '[0.997 ]')
('correct:', '[1     ]')
error:  0.00000331
('out:    ', '[0.994 ]')
('correct:', '[1     ]')
error:  0.00001870
('out:    ', '[0.998 ]')
('correct:', '[1     ]')
error:  0.00000155
('out:    ', '[0.993 ]')
('correct:', '[1     ]')
error:  0.00002375
('out:    ', '[0.995 ]')
('correct:', '[1     ]')
error:  0.00001283
('out:    ', '[0.995 ]')
('correct:', '[1     ]')
error:  0.00001036
('out:    ', '[0.989 ]')
('correct:', '[1     ]')
error:  0.00006136
('out:    ', '[0.998 ]')
('correct:', '[1     ]')
error:  0.00000294
('out:    ', '[0.969 ]')
('correct:', '[1     ]')
error:  0.00048784
('out:    ', '[0.997 ]')
('correct:', '[1     ]')
error:  0.00000489
('out:    ', '[0.99  ]')
('correct:', '[1     ]')
error:  0.00004942
('out:    ', '[0.997 ]')
('correct:', '[1     ]')
error:  0.00000400
('out:    ', '[0.997 ]')
('correct:', '[1     ]')
error:  0.00000536
('out:    ', '[0.994 ]')
('correct:', '[1     ]')
error:  0.00001812
('out:    ', '[0.989 ]')
('correct:', '[1     ]')
error:  0.00005930
('out:    ', '[0.993 ]')
('correct:', '[1     ]')
error:  0.00002364
('out:    ', '[0.994 ]')
('correct:', '[1     ]')
error:  0.00001655
('out:    ', '[0.995 ]')
('correct:', '[1     ]')
error:  0.00001050
('out:    ', '[0.985 ]')
('correct:', '[1     ]')
error:  0.00010862
('out:    ', '[0.997 ]')
('correct:', '[1     ]')
error:  0.00000329
('out:    ', '[0.989 ]')
('correct:', '[1     ]')
error:  0.00006608
('out:    ', '[0.996 ]')
('correct:', '[1     ]')
error:  0.00000749
('out:    ', '[0.986 ]')
('correct:', '[1     ]')
error:  0.00009237
('out:    ', '[0.995 ]')
('correct:', '[1     ]')
error:  0.00001020
('out:    ', '[0.94  ]')
('correct:', '[1     ]')
error:  0.00177971
('out:    ', '[0.998 ]')
('correct:', '[1     ]')
error:  0.00000177
('out:    ', '[0.775 ]')
('correct:', '[1     ]')
error:  0.02525733
('out:    ', '[0.986 ]')
('correct:', '[1     ]')
error:  0.00010052
('out:    ', '[0.992 ]')
('correct:', '[1     ]')
error:  0.00002871
('out:    ', '[0.982 ]')
('correct:', '[1     ]')
error:  0.00015696
('out:    ', '[0.943 ]')
('correct:', '[1     ]')
error:  0.00162685
('out:    ', '[0.994 ]')
('correct:', '[1     ]')
error:  0.00001902
('out:    ', '[0.997 ]')
('correct:', '[1     ]')
error:  0.00000449
('out:    ', '[0.998 ]')
('correct:', '[1     ]')
error:  0.00000298
('out:    ', '[0.995 ]')
('correct:', '[1     ]')
error:  0.00001129
('out:    ', '[0.969 ]')
('correct:', '[1     ]')
error:  0.00049509
('out:    ', '[0.998 ]')
('correct:', '[1     ]')
error:  0.00000197
('out:    ', '[0.994 ]')
('correct:', '[1     ]')
error:  0.00001845
('out:    ', '[0.945 ]')
('correct:', '[1     ]')
error:  0.00149650
('out:    ', '[0.993 ]')
('correct:', '[1     ]')
error:  0.00002196
('out:    ', '[0.998 ]')
('correct:', '[1     ]')
error:  0.00000305
('out:    ', '[0.998 ]')
('correct:', '[1     ]')
error:  0.00000283
('out:    ', '[0.997 ]')
('correct:', '[1     ]')
error:  0.00000333
('out:    ', '[0.992 ]')
('correct:', '[1     ]')
error:  0.00003535
('out:    ', '[0.997 ]')
('correct:', '[1     ]')
error:  0.00000347
('out:    ', '[0.998 ]')
('correct:', '[1     ]')
error:  0.00000196
('out:    ', '[0.995 ]')
('correct:', '[1     ]')
error:  0.00001305
('out:    ', '[0.997 ]')
('correct:', '[1     ]')
error:  0.00000433
('out:    ', '[0.995 ]')
('correct:', '[1     ]')
error:  0.00001390
('out:    ', '[0.992 ]')
('correct:', '[1     ]')
error:  0.00003165
('out:    ', '[0.945 ]')
('correct:', '[1     ]')
error:  0.00152906
('out:    ', '[0.998 ]')
('correct:', '[1     ]')
error:  0.00000167
('out:    ', '[0.631 ]')
('correct:', '[1     ]')
error:  0.06817285
('out:    ', '[0.995 ]')
('correct:', '[1     ]')
error:  0.00001214
('out:    ', '[0.995 ]')
('correct:', '[1     ]')
error:  0.00001085
('out:    ', '[0.934 ]')
('correct:', '[1     ]')
error:  0.00214915
('out:    ', '[0.988 ]')
('correct:', '[1     ]')
error:  0.00006850
('out:    ', '[0.911 ]')
('correct:', '[1     ]')
error:  0.00398754
('out:    ', '[0.992 ]')
('correct:', '[1     ]')
error:  0.00003299
('out:    ', '[0.993 ]')
('correct:', '[1     ]')
error:  0.00002344
('out:    ', '[0.992 ]')
('correct:', '[1     ]')
error:  0.00003199
('out:    ', '[0.996 ]')
('correct:', '[1     ]')
error:  0.00000901
('out:    ', '[0.988 ]')
('correct:', '[1     ]')
error:  0.00006903
('out:    ', '[0.99  ]')
('correct:', '[1     ]')
error:  0.00005289
('out:    ', '[0.998 ]')
('correct:', '[1     ]')
error:  0.00000261
('out:    ', '[0.992 ]')
('correct:', '[1     ]')
error:  0.00003492
('out:    ', '[0.994 ]')
('correct:', '[1     ]')
error:  0.00001801
('out:    ', '[0.998 ]')
('correct:', '[1     ]')
error:  0.00000299
('out:    ', '[0.994 ]')
('correct:', '[1     ]')
error:  0.00001888
('out:    ', '[0.996 ]')
('correct:', '[1     ]')
error:  0.00000906
('out:    ', '[0.985 ]')
('correct:', '[1     ]')
error:  0.00011392
('out:    ', '[0.996 ]')
('correct:', '[1     ]')
error:  0.00000761
('out:    ', '[0.995 ]')
('correct:', '[1     ]')
error:  0.00001361
('out:    ', '[0.987 ]')
('correct:', '[1     ]')
error:  0.00008887
('out:    ', '[0.995 ]')
('correct:', '[1     ]')
error:  0.00001064
('out:    ', '[0.996 ]')
('correct:', '[1     ]')
error:  0.00000642
('out:    ', '[0.995 ]')
('correct:', '[1     ]')
error:  0.00001296
('out:    ', '[0.94  ]')
('correct:', '[1     ]')
error:  0.00178745
('out:    ', '[0.991 ]')
('correct:', '[1     ]')
error:  0.00003669
('out:    ', '[0.993 ]')
('correct:', '[1     ]')
error:  0.00002431
('out:    ', '[0.994 ]')
('correct:', '[1     ]')
error:  0.00001774
('out:    ', '[0.998 ]')
('correct:', '[1     ]')
error:  0.00000241
('out:    ', '[0.989 ]')
('correct:', '[1     ]')
error:  0.00006096
('out:    ', '[0.996 ]')
('correct:', '[1     ]')
error:  0.00000673
('out:    ', '[0.978 ]')
('correct:', '[1     ]')
error:  0.00024288
('out:    ', '[0.997 ]')
('correct:', '[1     ]')
error:  0.00000357
('out:    ', '[0.997 ]')
('correct:', '[1     ]')
error:  0.00000354
('out:    ', '[0.951 ]')
('correct:', '[1     ]')
error:  0.00118727
('out:    ', '[0.967 ]')
('correct:', '[1     ]')
error:  0.00053389
('out:    ', '[0.99  ]')
('correct:', '[1     ]')
error:  0.00005238
('out:    ', '[0.991 ]')
('correct:', '[1     ]')
error:  0.00004441
('out:    ', '[0.994 ]')
('correct:', '[1     ]')
error:  0.00001570
('out:    ', '[0.969 ]')
('correct:', '[1     ]')
error:  0.00048044
('out:    ', '[0.997 ]')
('correct:', '[1     ]')
error:  0.00000495
('out:    ', '[0.991 ]')
('correct:', '[1     ]')
error:  0.00004447
('out:    ', '[0.993 ]')
('correct:', '[1     ]')
error:  0.00002575
('out:    ', '[0.937 ]')
('correct:', '[1     ]')
error:  0.00200163
('out:    ', '[0.998 ]')
('correct:', '[1     ]')
error:  0.00000279
('out:    ', '[0.942 ]')
('correct:', '[1     ]')
error:  0.00168773
('out:    ', '[0.863 ]')
('correct:', '[1     ]')
error:  0.00936391
('out:    ', '[0.997 ]')
('correct:', '[1     ]')
error:  0.00000320
('out:    ', '[0.996 ]')
('correct:', '[1     ]')
error:  0.00000912
('out:    ', '[0.997 ]')
('correct:', '[1     ]')
error:  0.00000589
('out:    ', '[0.986 ]')
('correct:', '[1     ]')
error:  0.00010044
('out:    ', '[0.919 ]')
('correct:', '[1     ]')
error:  0.00327394
('out:    ', '[0.995 ]')
('correct:', '[1     ]')
error:  0.00001504
('out:    ', '[0.992 ]')
('correct:', '[1     ]')
error:  0.00002820
('out:    ', '[0.918 ]')
('correct:', '[1     ]')
error:  0.00337608
('out:    ', '[0.993 ]')
('correct:', '[1     ]')
error:  0.00002146
('out:    ', '[0.915 ]')
('correct:', '[1     ]')
error:  0.00359632
('out:    ', '[0.996 ]')
('correct:', '[1     ]')
error:  0.00000690
('out:    ', '[0.995 ]')
('correct:', '[1     ]')
error:  0.00001096
('out:    ', '[0.987 ]')
('correct:', '[1     ]')
error:  0.00008933
('out:    ', '[0.997 ]')
('correct:', '[1     ]')
error:  0.00000575
('out:    ', '[0.995 ]')
('correct:', '[1     ]')
error:  0.00001032
('out:    ', '[0.992 ]')
('correct:', '[1     ]')
error:  0.00003601
('out:    ', '[0.861 ]')
('correct:', '[1     ]')
error:  0.00971051
('out:    ', '[0.996 ]')
('correct:', '[1     ]')
error:  0.00000700
('out:    ', '[0.992 ]')
('correct:', '[1     ]')
error:  0.00003296
('out:    ', '[0.995 ]')
('correct:', '[1     ]')
error:  0.00001225
('out:    ', '[0.997 ]')
('correct:', '[1     ]')
error:  0.00000477
('out:    ', '[0.987 ]')
('correct:', '[1     ]')
error:  0.00008754
('out:    ', '[0.981 ]')
('correct:', '[1     ]')
error:  0.00017440
('out:    ', '[0.997 ]')
('correct:', '[1     ]')
error:  0.00000457
('out:    ', '[0.995 ]')
('correct:', '[1     ]')
error:  0.00001062
('out:    ', '[0.787 ]')
('correct:', '[1     ]')
error:  0.02266831
('out:    ', '[0.997 ]')
('correct:', '[1     ]')
error:  0.00000582
('out:    ', '[0.982 ]')
('correct:', '[1     ]')
error:  0.00017057
('out:    ', '[0.992 ]')
('correct:', '[1     ]')
error:  0.00003066
('out:    ', '[0.996 ]')
('correct:', '[1     ]')
error:  0.00000901
('out:    ', '[0.973 ]')
('correct:', '[1     ]')
error:  0.00035800
('out:    ', '[0.973 ]')
('correct:', '[1     ]')
error:  0.00035981
('out:    ', '[0.996 ]')
('correct:', '[1     ]')
error:  0.00000936
('out:    ', '[0.986 ]')
('correct:', '[1     ]')
error:  0.00009670
('out:    ', '[0.996 ]')
('correct:', '[1     ]')
error:  0.00000692
('out:    ', '[0.996 ]')
('correct:', '[1     ]')
error:  0.00000692
('out:    ', '[0.997 ]')
('correct:', '[1     ]')
error:  0.00000401
('out:    ', '[0.987 ]')
('correct:', '[1     ]')
error:  0.00008409
('out:    ', '[0.992 ]')
('correct:', '[1     ]')
error:  0.00002830
('out:    ', '[0.997 ]')
('correct:', '[1     ]')
error:  0.00000564
('out:    ', '[0.998 ]')
('correct:', '[1     ]')
error:  0.00000206
('out:    ', '[0.698 ]')
('correct:', '[1     ]')
error:  0.04550515
('out:    ', '[0.998 ]')
('correct:', '[1     ]')
error:  0.00000259
('out:    ', '[0.997 ]')
('correct:', '[1     ]')
error:  0.00000584
('out:    ', '[0.991 ]')
('correct:', '[1     ]')
error:  0.00004477
('out:    ', '[0.997 ]')
('correct:', '[1     ]')
error:  0.00000579
('out:    ', '[0.69  ]')
('correct:', '[1     ]')
error:  0.04806249
('out:    ', '[0.997 ]')
('correct:', '[1     ]')
error:  0.00000433
('out:    ', '[0.981 ]')
('correct:', '[1     ]')
error:  0.00018910
('out:    ', '[0.997 ]')
('correct:', '[1     ]')
error:  0.00000449
('out:    ', '[0.995 ]')
('correct:', '[1     ]')
error:  0.00001032
('out:    ', '[0.952 ]')
('correct:', '[1     ]')
error:  0.00114392
('out:    ', '[0.978 ]')
('correct:', '[1     ]')
error:  0.00024091
('out:    ', '[0.992 ]')
('correct:', '[1     ]')
error:  0.00002817
('out:    ', '[0.992 ]')
('correct:', '[1     ]')
error:  0.00003476
('out:    ', '[0.977 ]')
('correct:', '[1     ]')
error:  0.00027307
('out:    ', '[0.977 ]')
('correct:', '[1     ]')
error:  0.00026730
('out:    ', '[0.912 ]')
('correct:', '[1     ]')
error:  0.00384000
('out:    ', '[0.994 ]')
('correct:', '[1     ]')
error:  0.00001570
('out:    ', '[0.997 ]')
('correct:', '[1     ]')
error:  0.00000320
('out:    ', '[0.882 ]')
('correct:', '[1     ]')
error:  0.00700972
('out:    ', '[0.995 ]')
('correct:', '[1     ]')
error:  0.00001041
('out:    ', '[0.991 ]')
('correct:', '[1     ]')
error:  0.00003648
('out:    ', '[0.998 ]')
('correct:', '[1     ]')
error:  0.00000295
('out:    ', '[0.986 ]')
('correct:', '[1     ]')
error:  0.00010456
('out:    ', '[0.995 ]')
('correct:', '[1     ]')
error:  0.00001332
('out:    ', '[0.997 ]')
('correct:', '[1     ]')
error:  0.00000400
('out:    ', '[0.992 ]')
('correct:', '[1     ]')
error:  0.00003244
('out:    ', '[0.998 ]')
('correct:', '[1     ]')
error:  0.00000278
('out:    ', '[0.763 ]')
('correct:', '[1     ]')
error:  0.02816271
('out:    ', '[0.99  ]')
('correct:', '[1     ]')
error:  0.00005463
('out:    ', '[0.992 ]')
('correct:', '[1     ]')
error:  0.00003078
('out:    ', '[0.945 ]')
('correct:', '[1     ]')
error:  0.00150228
('out:    ', '[0.971 ]')
('correct:', '[1     ]')
error:  0.00042460
('out:    ', '[0.989 ]')
('correct:', '[1     ]')
error:  0.00005860
('out:    ', '[0.994 ]')
('correct:', '[1     ]')
error:  0.00001661
('out:    ', '[0.965 ]')
('correct:', '[1     ]')
error:  0.00061949
('out:    ', '[0.986 ]')
('correct:', '[1     ]')
error:  0.00009810
('out:    ', '[0.996 ]')
('correct:', '[1     ]')
error:  0.00000907
('out:    ', '[0.997 ]')
('correct:', '[1     ]')
error:  0.00000367
('out:    ', '[0.995 ]')
('correct:', '[1     ]')
error:  0.00001388
('out:    ', '[0.975 ]')
('correct:', '[1     ]')
error:  0.00031270
('out:    ', '[0.997 ]')
('correct:', '[1     ]')
error:  0.00000487
('out:    ', '[0.994 ]')
('correct:', '[1     ]')
error:  0.00001944
('out:    ', '[0.982 ]')
('correct:', '[1     ]')
error:  0.00016076
('out:    ', '[0.995 ]')
('correct:', '[1     ]')
error:  0.00001108
('out:    ', '[0.997 ]')
('correct:', '[1     ]')
error:  0.00000378
('out:    ', '[0.994 ]')
('correct:', '[1     ]')
error:  0.00001624
('out:    ', '[0.992 ]')
('correct:', '[1     ]')
error:  0.00002829
('out:    ', '[0.996 ]')
('correct:', '[1     ]')
error:  0.00000734
('out:    ', '[0.998 ]')
('correct:', '[1     ]')
error:  0.00000239
('out:    ', '[0.997 ]')
('correct:', '[1     ]')
error:  0.00000585
('out:    ', '[0.995 ]')
('correct:', '[1     ]')
error:  0.00001047
('out:    ', '[0.929 ]')
('correct:', '[0     ]')
error:  0.43170067
('out:    ', '[0.968 ]')
('correct:', '[1     ]')
error:  0.00049806
('out:    ', '[0.995 ]')
('correct:', '[1     ]')
error:  0.00001359
('out:    ', '[0.996 ]')
('correct:', '[1     ]')
error:  0.00000785
('out:    ', '[0.812 ]')
('correct:', '[1     ]')
error:  0.01774644
('out:    ', '[0.994 ]')
('correct:', '[1     ]')
error:  0.00001586
('out:    ', '[0.986 ]')
('correct:', '[1     ]')
error:  0.00009154
('out:    ', '[0.355 ]')
('correct:', '[1     ]')
error:  0.20800055
('out:    ', '[0.992 ]')
('correct:', '[1     ]')
error:  0.00003522
('out:    ', '[0.974 ]')
('correct:', '[1     ]')
error:  0.00035099
('out:    ', '[0.998 ]')
('correct:', '[1     ]')
error:  0.00000307
('out:    ', '[0.993 ]')
('correct:', '[1     ]')
error:  0.00002550
('out:    ', '[0.992 ]')
('correct:', '[1     ]')
error:  0.00002862
('out:    ', '[0.941 ]')
('correct:', '[1     ]')
error:  0.00174188
('out:    ', '[0.992 ]')
('correct:', '[1     ]')
error:  0.00003605
('out:    ', '[0.989 ]')
('correct:', '[1     ]')
error:  0.00005542
('out:    ', '[0.994 ]')
('correct:', '[1     ]')
error:  0.00001795
('out:    ', '[0.944 ]')
('correct:', '[1     ]')
error:  0.00156593
('out:    ', '[0.997 ]')
('correct:', '[1     ]')
error:  0.00000479
('out:    ', '[0.637 ]')
('correct:', '[1     ]')
error:  0.06588179
('out:    ', '[0.973 ]')
('correct:', '[1     ]')
error:  0.00036885
('out:    ', '[0.671 ]')
('correct:', '[1     ]')
error:  0.05411988
('out:    ', '[0.717 ]')
('correct:', '[1     ]')
error:  0.04011013
('out:    ', '[0.98  ]')
('correct:', '[1     ]')
error:  0.00020248
('out:    ', '[0.994 ]')
('correct:', '[1     ]')
error:  0.00001615
('out:    ', '[0.984 ]')
('correct:', '[1     ]')
error:  0.00012570
('out:    ', '[0.973 ]')
('correct:', '[1     ]')
error:  0.00035245
('out:    ', '[0.975 ]')
('correct:', '[1     ]')
error:  0.00032447
('out:    ', '[0.986 ]')
('correct:', '[1     ]')
error:  0.00009505
('out:    ', '[0.991 ]')
('correct:', '[1     ]')
error:  0.00004464
('out:    ', '[0.98  ]')
('correct:', '[1     ]')
error:  0.00020624
('out:    ', '[0.973 ]')
('correct:', '[1     ]')
error:  0.00037006
('out:    ', '[0.997 ]')
('correct:', '[1     ]')
error:  0.00000476
('out:    ', '[0.987 ]')
('correct:', '[1     ]')
error:  0.00008495
('out:    ', '[0.99  ]')
('correct:', '[1     ]')
error:  0.00005082
('out:    ', '[0.998 ]')
('correct:', '[1     ]')
error:  0.00000288
('out:    ', '[0.991 ]')
('correct:', '[1     ]')
error:  0.00004102
('out:    ', '[0.997 ]')
('correct:', '[1     ]')
error:  0.00000413
('out:    ', '[0.987 ]')
('correct:', '[1     ]')
error:  0.00007829
('out:    ', '[0.996 ]')
('correct:', '[1     ]')
error:  0.00000686
('out:    ', '[0.995 ]')
('correct:', '[1     ]')
error:  0.00001113
('out:    ', '[0.991 ]')
('correct:', '[1     ]')
error:  0.00003645
('out:    ', '[0.997 ]')
('correct:', '[1     ]')
error:  0.00000466
('out:    ', '[0.998 ]')
('correct:', '[1     ]')
error:  0.00000279
('out:    ', '[0.992 ]')
('correct:', '[1     ]')
error:  0.00003582
('out:    ', '[0.973 ]')
('correct:', '[1     ]')
error:  0.00036863
('out:    ', '[0.991 ]')
('correct:', '[1     ]')
error:  0.00004217
('out:    ', '[0.993 ]')
('correct:', '[1     ]')
error:  0.00002337
('out:    ', '[0.887 ]')
('correct:', '[1     ]')
error:  0.00637663
('out:    ', '[0.993 ]')
('correct:', '[1     ]')
error:  0.00002330
('out:    ', '[0.693 ]')
('correct:', '[1     ]')
error:  0.04708774
('out:    ', '[0.993 ]')
('correct:', '[1     ]')
error:  0.00002154
('out:    ', '[0.992 ]')
('correct:', '[1     ]')
error:  0.00003581
('out:    ', '[0.995 ]')
('correct:', '[1     ]')
error:  0.00001299
('out:    ', '[0.93  ]')
('correct:', '[1     ]')
error:  0.00247887
('out:    ', '[0.995 ]')
('correct:', '[1     ]')
error:  0.00001416
('out:    ', '[0.995 ]')
('correct:', '[1     ]')
error:  0.00001060
('out:    ', '[0.943 ]')
('correct:', '[1     ]')
error:  0.00164383
('out:    ', '[0.963 ]')
('correct:', '[1     ]')
error:  0.00069649
('out:    ', '[0.908 ]')
('correct:', '[1     ]')
error:  0.00424925
('out:    ', '[0.993 ]')
('correct:', '[1     ]')
error:  0.00002790
('out:    ', '[0.994 ]')
('correct:', '[1     ]')
error:  0.00001942
('out:    ', '[0.993 ]')
('correct:', '[1     ]')
error:  0.00002640
('out:    ', '[0.993 ]')
('correct:', '[1     ]')
error:  0.00002640
('out:    ', '[0.995 ]')
('correct:', '[1     ]')
error:  0.00001247
('out:    ', '[0.982 ]')
('correct:', '[1     ]')
error:  0.00015899
('out:    ', '[0.944 ]')
('correct:', '[1     ]')
error:  0.00156277
('out:    ', '[0.994 ]')
('correct:', '[1     ]')
error:  0.00001974
('out:    ', '[0.989 ]')
('correct:', '[1     ]')
error:  0.00005852
('out:    ', '[0.766 ]')
('correct:', '[1     ]')
error:  0.02732509
('out:    ', '[0.994 ]')
('correct:', '[1     ]')
error:  0.00001737
('out:    ', '[0.989 ]')
('correct:', '[1     ]')
error:  0.00005540
('out:    ', '[0.994 ]')
('correct:', '[1     ]')
error:  0.00001868
('out:    ', '[0.997 ]')
('correct:', '[1     ]')
error:  0.00000424
('out:    ', '[0.994 ]')
('correct:', '[1     ]')
error:  0.00001946
('out:    ', '[0.993 ]')
('correct:', '[1     ]')
error:  0.00002320
('out:    ', '[0.995 ]')
('correct:', '[1     ]')
error:  0.00001455
('out:    ', '[0.993 ]')
('correct:', '[1     ]')
error:  0.00002651
('out:    ', '[0.997 ]')
('correct:', '[1     ]')
error:  0.00000316
('out:    ', '[0.986 ]')
('correct:', '[1     ]')
error:  0.00010033
('out:    ', '[0.701 ]')
('correct:', '[1     ]')
error:  0.04482671
('out:    ', '[0.794 ]')
('correct:', '[1     ]')
error:  0.02129362
('out:    ', '[0.993 ]')
('correct:', '[1     ]')
error:  0.00002158
('out:    ', '[0.933 ]')
('correct:', '[1     ]')
error:  0.00222560
('out:    ', '[0.99  ]')
('correct:', '[1     ]')
error:  0.00005281
('out:    ', '[0.972 ]')
('correct:', '[1     ]')
error:  0.00037933
('out:    ', '[0.997 ]')
('correct:', '[1     ]')
error:  0.00000602
('out:    ', '[0.996 ]')
('correct:', '[1     ]')
error:  0.00000778
('out:    ', '[0.995 ]')
('correct:', '[1     ]')
error:  0.00001406
('out:    ', '[0.979 ]')
('correct:', '[1     ]')
error:  0.00021407
('out:    ', '[0.991 ]')
('correct:', '[1     ]')
error:  0.00003675
('out:    ', '[0.994 ]')
('correct:', '[1     ]')
error:  0.00002019
('out:    ', '[0.966 ]')
('correct:', '[1     ]')
error:  0.00057150
('out:    ', '[0.992 ]')
('correct:', '[1     ]')
error:  0.00003336
('out:    ', '[0.993 ]')
('correct:', '[1     ]')
error:  0.00002228
('out:    ', '[0.938 ]')
('correct:', '[1     ]')
error:  0.00195027
('out:    ', '[0.934 ]')
('correct:', '[1     ]')
error:  0.00218218
('out:    ', '[0.996 ]')
('correct:', '[1     ]')
error:  0.00000745
('out:    ', '[0.995 ]')
('correct:', '[1     ]')
error:  0.00001044
('out:    ', '[0.993 ]')
('correct:', '[1     ]')
error:  0.00002481
('out:    ', '[0.993 ]')
('correct:', '[1     ]')
error:  0.00002268
('out:    ', '[0.997 ]')
('correct:', '[1     ]')
error:  0.00000369
('out:    ', '[0.992 ]')
('correct:', '[1     ]')
error:  0.00003354
('out:    ', '[0.994 ]')
('correct:', '[1     ]')
error:  0.00001654
('out:    ', '[0.993 ]')
('correct:', '[1     ]')
error:  0.00002737
('out:    ', '[0.985 ]')
('correct:', '[1     ]')
error:  0.00011693
('out:    ', '[0.993 ]')
('correct:', '[1     ]')
error:  0.00002148
('out:    ', '[0.987 ]')
('correct:', '[1     ]')
error:  0.00008199
('out:    ', '[0.678 ]')
('correct:', '[1     ]')
error:  0.05170632
('out:    ', '[0.995 ]')
('correct:', '[1     ]')
error:  0.00001483
('out:    ', '[0.972 ]')
('correct:', '[1     ]')
error:  0.00040336
('out:    ', '[0.993 ]')
('correct:', '[1     ]')
error:  0.00002630
('out:    ', '[0.992 ]')
('correct:', '[1     ]')
error:  0.00003353
('out:    ', '[0.995 ]')
('correct:', '[1     ]')
error:  0.00001095
('out:    ', '[0.993 ]')
('correct:', '[1     ]')
error:  0.00002379
('out:    ', '[0.998 ]')
('correct:', '[1     ]')
error:  0.00000245
('out:    ', '[0.994 ]')
('correct:', '[1     ]')
error:  0.00002078
('out:    ', '[0.775 ]')
('correct:', '[1     ]')
error:  0.02524717
('out:    ', '[0.994 ]')
('correct:', '[1     ]')
error:  0.00001559
('out:    ', '[0.992 ]')
('correct:', '[1     ]')
error:  0.00003092
('out:    ', '[0.992 ]')
('correct:', '[1     ]')
error:  0.00003014
('out:    ', '[0.995 ]')
('correct:', '[1     ]')
error:  0.00001119
('out:    ', '[0.998 ]')
('correct:', '[1     ]')
error:  0.00000211
('out:    ', '[0.986 ]')
('correct:', '[1     ]')
error:  0.00009624
('out:    ', '[0.837 ]')
('correct:', '[1     ]')
error:  0.01324089
('out:    ', '[0.939 ]')
('correct:', '[1     ]')
error:  0.00183434
('out:    ', '[0.913 ]')
('correct:', '[1     ]')
error:  0.00381768
('out:    ', '[0.993 ]')
('correct:', '[1     ]')
error:  0.00002489
('out:    ', '[0.994 ]')
('correct:', '[1     ]')
error:  0.00001539
('out:    ', '[0.997 ]')
('correct:', '[1     ]')
error:  0.00000447
('out:    ', '[0.994 ]')
('correct:', '[1     ]')
error:  0.00001994
('out:    ', '[0.994 ]')
('correct:', '[1     ]')
error:  0.00002063
('out:    ', '[0.998 ]')
('correct:', '[1     ]')
error:  0.00000181
('out:    ', '[0.982 ]')
('correct:', '[1     ]')
error:  0.00017032
('out:    ', '[0.996 ]')
('correct:', '[1     ]')
error:  0.00000718
('out:    ', '[0.997 ]')
('correct:', '[1     ]')
error:  0.00000573
('out:    ', '[0.992 ]')
('correct:', '[1     ]')
error:  0.00003570
('out:    ', '[0.978 ]')
('correct:', '[1     ]')
error:  0.00024944
('out:    ', '[0.996 ]')
('correct:', '[1     ]')
error:  0.00000876
('out:    ', '[0.998 ]')
('correct:', '[1     ]')
error:  0.00000225
('out:    ', '[0.987 ]')
('correct:', '[1     ]')
error:  0.00007878
('out:    ', '[0.96  ]')
('correct:', '[1     ]')
error:  0.00078393
('out:    ', '[0.998 ]')
('correct:', '[1     ]')
error:  0.00000173
('out:    ', '[0.885 ]')
('correct:', '[1     ]')
error:  0.00662420
('out:    ', '[0.99  ]')
('correct:', '[1     ]')
error:  0.00004720
('out:    ', '[0.987 ]')
('correct:', '[1     ]')
error:  0.00008363
('out:    ', '[0.997 ]')
('correct:', '[1     ]')
error:  0.00000468
('out:    ', '[0.995 ]')
('correct:', '[1     ]')
error:  0.00001079
('out:    ', '[0.995 ]')
('correct:', '[1     ]')
error:  0.00001377
('out:    ', '[0.83  ]')
('correct:', '[1     ]')
error:  0.01444307
('out:    ', '[0.995 ]')
('correct:', '[1     ]')
error:  0.00001146
('out:    ', '[0.919 ]')
('correct:', '[1     ]')
error:  0.00329603
('out:    ', '[0.997 ]')
('correct:', '[1     ]')
error:  0.00000402
('out:    ', '[0.994 ]')
('correct:', '[1     ]')
error:  0.00002056
('out:    ', '[0.983 ]')
('correct:', '[1     ]')
error:  0.00014551
('out:    ', '[0.995 ]')
('correct:', '[1     ]')
error:  0.00001022
('out:    ', '[0.947 ]')
('correct:', '[0     ]')
error:  0.44809181
('out:    ', '[0.992 ]')
('correct:', '[1     ]')
error:  0.00002953
('out:    ', '[0.98  ]')
('correct:', '[1     ]')
error:  0.00020558
('out:    ', '[0.996 ]')
('correct:', '[1     ]')
error:  0.00000732
('out:    ', '[0.986 ]')
('correct:', '[1     ]')
error:  0.00009728
('out:    ', '[0.993 ]')
('correct:', '[1     ]')
error:  0.00002295
('out:    ', '[0.992 ]')
('correct:', '[1     ]')
error:  0.00003324
('out:    ', '[0.987 ]')
('correct:', '[1     ]')
error:  0.00008989
('out:    ', '[0.986 ]')
('correct:', '[1     ]')
error:  0.00010448
('out:    ', '[0.867 ]')
('correct:', '[1     ]')
error:  0.00887212
('out:    ', '[0.996 ]')
('correct:', '[1     ]')
error:  0.00000957
('out:    ', '[0.99  ]')
('correct:', '[1     ]')
error:  0.00004617
('out:    ', '[0.993 ]')
('correct:', '[1     ]')
error:  0.00002377
('out:    ', '[0.952 ]')
('correct:', '[1     ]')
error:  0.00113858
('out:    ', '[0.998 ]')
('correct:', '[1     ]')
error:  0.00000277
('out:    ', '[0.995 ]')
('correct:', '[1     ]')
error:  0.00001027
('out:    ', '[0.996 ]')
('correct:', '[1     ]')
error:  0.00000984
('out:    ', '[0.994 ]')
('correct:', '[1     ]')
error:  0.00001936
('out:    ', '[0.998 ]')
('correct:', '[1     ]')
error:  0.00000246
('out:    ', '[0.974 ]')
('correct:', '[1     ]')
error:  0.00033672
('out:    ', '[0.824 ]')
('correct:', '[1     ]')
error:  0.01557495
('out:    ', '[0.823 ]')
('correct:', '[1     ]')
error:  0.01561273
('out:    ', '[0.997 ]')
('correct:', '[1     ]')
error:  0.00000573
('out:    ', '[0.996 ]')
('correct:', '[1     ]')
error:  0.00000620
('out:    ', '[0.691 ]')
('correct:', '[1     ]')
error:  0.04766273
('out:    ', '[0.996 ]')
('correct:', '[1     ]')
error:  0.00000726
('out:    ', '[0.991 ]')
('correct:', '[1     ]')
error:  0.00004053
('out:    ', '[0.986 ]')
('correct:', '[1     ]')
error:  0.00009970
('out:    ', '[0.997 ]')
('correct:', '[1     ]')
error:  0.00000464
('out:    ', '[0.952 ]')
('correct:', '[1     ]')
error:  0.00114296
('out:    ', '[0.994 ]')
('correct:', '[1     ]')
error:  0.00001656
('out:    ', '[0.894 ]')
('correct:', '[1     ]')
error:  0.00560017
('out:    ', '[0.997 ]')
('correct:', '[1     ]')
error:  0.00000409
('out:    ', '[0.989 ]')
('correct:', '[1     ]')
error:  0.00005686
('out:    ', '[0.944 ]')
('correct:', '[0     ]')
error:  0.44598402
('out:    ', '[0.959 ]')
('correct:', '[1     ]')
error:  0.00083122
('out:    ', '[0.572 ]')
('correct:', '[1     ]')
error:  0.09162679
('out:    ', '[0.988 ]')
('correct:', '[1     ]')
error:  0.00007617
('out:    ', '[0.983 ]')
('correct:', '[1     ]')
error:  0.00014630
('out:    ', '[0.997 ]')
('correct:', '[1     ]')
error:  0.00000352
('out:    ', '[0.997 ]')
('correct:', '[1     ]')
error:  0.00000542
('out:    ', '[0.992 ]')
('correct:', '[1     ]')
error:  0.00002953
('out:    ', '[0.988 ]')
('correct:', '[1     ]')
error:  0.00007021
('out:    ', '[0.995 ]')
('correct:', '[1     ]')
error:  0.00001049
('out:    ', '[0.994 ]')
('correct:', '[1     ]')
error:  0.00001733
('out:    ', '[0.992 ]')
('correct:', '[1     ]')
error:  0.00003322
('out:    ', '[0.988 ]')
('correct:', '[1     ]')
error:  0.00007456
('out:    ', '[0.975 ]')
('correct:', '[1     ]')
error:  0.00031450
('out:    ', '[0.992 ]')
('correct:', '[1     ]')
error:  0.00003108
('out:    ', '[0.997 ]')
('correct:', '[1     ]')
error:  0.00000586
('out:    ', '[0.994 ]')
('correct:', '[1     ]')
error:  0.00001529
('out:    ', '[0.989 ]')
('correct:', '[1     ]')
error:  0.00006385
('out:    ', '[0.994 ]')
('correct:', '[1     ]')
error:  0.00001930
('out:    ', '[0.993 ]')
('correct:', '[1     ]')
error:  0.00002241
('out:    ', '[0.996 ]')
('correct:', '[1     ]')
error:  0.00000922
('out:    ', '[0.986 ]')
('correct:', '[1     ]')
error:  0.00009791
('out:    ', '[0.967 ]')
('correct:', '[1     ]')
error:  0.00054178
('out:    ', '[0.996 ]')
('correct:', '[1     ]')
error:  0.00000618
('out:    ', '[0.998 ]')
('correct:', '[1     ]')
error:  0.00000270
('out:    ', '[0.836 ]')
('correct:', '[1     ]')
error:  0.01348598
('out:    ', '[0.991 ]')
('correct:', '[1     ]')
error:  0.00003724
('out:    ', '[0.702 ]')
('correct:', '[0     ]')
error:  0.24664295
('out:    ', '[0.996 ]')
('correct:', '[1     ]')
error:  0.00000887
('out:    ', '[0.996 ]')
('correct:', '[1     ]')
error:  0.00000815
('out:    ', '[0.959 ]')
('correct:', '[1     ]')
error:  0.00083088
('out:    ', '[0.994 ]')
('correct:', '[1     ]')
error:  0.00002062
('out:    ', '[0.955 ]')
('correct:', '[1     ]')
error:  0.00099888
('out:    ', '[0.562 ]')
('correct:', '[1     ]')
error:  0.09578049
('out:    ', '[0.933 ]')
('correct:', '[1     ]')
error:  0.00222168
('out:    ', '[0.987 ]')
('correct:', '[1     ]')
error:  0.00009048
('out:    ', '[0.989 ]')
('correct:', '[1     ]')
error:  0.00006173
('out:    ', '[0.998 ]')
('correct:', '[1     ]')
error:  0.00000156
('out:    ', '[0.998 ]')
('correct:', '[1     ]')
error:  0.00000196
('out:    ', '[0.991 ]')
('correct:', '[1     ]')
error:  0.00003815
('out:    ', '[0.953 ]')
('correct:', '[1     ]')
error:  0.00112571
('out:    ', '[0.996 ]')
('correct:', '[1     ]')
error:  0.00000788
('out:    ', '[0.998 ]')
('correct:', '[1     ]')
error:  0.00000235
('out:    ', '[0.996 ]')
('correct:', '[1     ]')
error:  0.00000728
('out:    ', '[0.994 ]')
('correct:', '[1     ]')
error:  0.00001533
('out:    ', '[0.991 ]')
('correct:', '[1     ]')
error:  0.00003866
('out:    ', '[0.993 ]')
('correct:', '[1     ]')
error:  0.00002521
('out:    ', '[0.989 ]')
('correct:', '[1     ]')
error:  0.00006321
('out:    ', '[0.997 ]')
('correct:', '[1     ]')
error:  0.00000544
('out:    ', '[0.982 ]')
('correct:', '[1     ]')
error:  0.00016938
('out:    ', '[0.993 ]')
('correct:', '[1     ]')
error:  0.00002532
('out:    ', '[0.988 ]')
('correct:', '[1     ]')
error:  0.00007393
('out:    ', '[0.984 ]')
('correct:', '[1     ]')
error:  0.00012138
('out:    ', '[0.97  ]')
('correct:', '[1     ]')
error:  0.00044099
('out:    ', '[0.913 ]')
('correct:', '[1     ]')
error:  0.00377447
('out:    ', '[0.981 ]')
('correct:', '[1     ]')
error:  0.00018806
('out:    ', '[0.993 ]')
('correct:', '[1     ]')
error:  0.00002401
('out:    ', '[0.985 ]')
('correct:', '[1     ]')
error:  0.00010716
('out:    ', '[0.996 ]')
('correct:', '[1     ]')
error:  0.00000704
('out:    ', '[0.984 ]')
('correct:', '[1     ]')
error:  0.00012318
('out:    ', '[0.994 ]')
('correct:', '[1     ]')
error:  0.00001626
('out:    ', '[0.997 ]')
('correct:', '[1     ]')
error:  0.00000584
('out:    ', '[0.945 ]')
('correct:', '[1     ]')
error:  0.00149441
('out:    ', '[0.993 ]')
('correct:', '[1     ]')
error:  0.00002472
('out:    ', '[0.911 ]')
('correct:', '[1     ]')
error:  0.00397842
('out:    ', '[0.975 ]')
('correct:', '[1     ]')
error:  0.00032382
('out:    ', '[0.994 ]')
('correct:', '[1     ]')
error:  0.00001589
('out:    ', '[0.997 ]')
('correct:', '[1     ]')
error:  0.00000598
('out:    ', '[0.995 ]')
('correct:', '[1     ]')
error:  0.00001436
('out:    ', '[0.993 ]')
('correct:', '[1     ]')
error:  0.00002227
('out:    ', '[0.993 ]')
('correct:', '[1     ]')
error:  0.00002330
('out:    ', '[0.994 ]')
('correct:', '[1     ]')
error:  0.00001994
('out:    ', '[0.995 ]')
('correct:', '[1     ]')
error:  0.00001097
('out:    ', '[0.995 ]')
('correct:', '[1     ]')
error:  0.00001156
('out:    ', '[0.995 ]')
('correct:', '[1     ]')
error:  0.00001491
('out:    ', '[0.985 ]')
('correct:', '[1     ]')
error:  0.00010897
('out:    ', '[0.995 ]')
('correct:', '[1     ]')
error:  0.00001031
('out:    ', '[0.994 ]')
('correct:', '[1     ]')
error:  0.00001769
('out:    ', '[0.995 ]')
('correct:', '[1     ]')
error:  0.00001510
('out:    ', '[0.997 ]')
('correct:', '[1     ]')
error:  0.00000350
('out:    ', '[0.998 ]')
('correct:', '[1     ]')
error:  0.00000287
('out:    ', '[0.994 ]')
('correct:', '[1     ]')
error:  0.00001634
('out:    ', '[0.997 ]')
('correct:', '[1     ]')
error:  0.00000481
('out:    ', '[0.988 ]')
('correct:', '[1     ]')
error:  0.00006987
('out:    ', '[0.994 ]')
('correct:', '[1     ]')
error:  0.00001973
('out:    ', '[0.997 ]')
('correct:', '[1     ]')
error:  0.00000482
('out:    ', '[0.997 ]')
('correct:', '[1     ]')
error:  0.00000352
('out:    ', '[0.997 ]')
('correct:', '[1     ]')
error:  0.00000394
('out:    ', '[0.978 ]')
('correct:', '[1     ]')
error:  0.00024755
('out:    ', '[0.996 ]')
('correct:', '[1     ]')
error:  0.00000616
('out:    ', '[0.979 ]')
('correct:', '[1     ]')
error:  0.00022014
('out:    ', '[0.995 ]')
('correct:', '[1     ]')
error:  0.00001162
('out:    ', '[0.993 ]')
('correct:', '[1     ]')
error:  0.00002331
('out:    ', '[0.997 ]')
('correct:', '[1     ]')
error:  0.00000601
('out:    ', '[0.988 ]')
('correct:', '[1     ]')
error:  0.00006754
('out:    ', '[0.998 ]')
('correct:', '[1     ]')
error:  0.00000168
('out:    ', '[0.73  ]')
('correct:', '[1     ]')
error:  0.03632269
('out:    ', '[0.738 ]')
('correct:', '[1     ]')
error:  0.03421771
('out:    ', '[0.986 ]')
('correct:', '[1     ]')
error:  0.00009443
('out:    ', '[0.994 ]')
('correct:', '[1     ]')
error:  0.00001570
('out:    ', '[0.997 ]')
('correct:', '[1     ]')
error:  0.00000536
('out:    ', '[0.997 ]')
('correct:', '[1     ]')
error:  0.00000400
('out:    ', '[0.987 ]')
('correct:', '[1     ]')
error:  0.00007814
('out:    ', '[0.998 ]')
('correct:', '[1     ]')
error:  0.00000145
('out:    ', '[0.996 ]')
('correct:', '[1     ]')
error:  0.00000809
('out:    ', '[0.997 ]')
('correct:', '[1     ]')
error:  0.00000587
('out:    ', '[0.995 ]')
('correct:', '[1     ]')
error:  0.00001077
('out:    ', '[0.992 ]')
('correct:', '[1     ]')
error:  0.00003349
('out:    ', '[0.993 ]')
('correct:', '[1     ]')
error:  0.00002306
('out:    ', '[0.968 ]')
('correct:', '[1     ]')
error:  0.00050917
('out:    ', '[0.844 ]')
('correct:', '[1     ]')
error:  0.01215848
('out:    ', '[0.996 ]')
('correct:', '[1     ]')
error:  0.00000828
('out:    ', '[0.987 ]')
('correct:', '[1     ]')
error:  0.00008343
('out:    ', '[0.993 ]')
('correct:', '[1     ]')
error:  0.00002791
('out:    ', '[0.998 ]')
('correct:', '[1     ]')
error:  0.00000285
('out:    ', '[0.991 ]')
('correct:', '[1     ]')
error:  0.00004201
('out:    ', '[0.993 ]')
('correct:', '[1     ]')
error:  0.00002656
('out:    ', '[0.997 ]')
('correct:', '[1     ]')
error:  0.00000503
('out:    ', '[0.978 ]')
('correct:', '[1     ]')
error:  0.00023862
('out:    ', '[0.993 ]')
('correct:', '[1     ]')
error:  0.00002663
('out:    ', '[0.993 ]')
('correct:', '[1     ]')
error:  0.00002707
('out:    ', '[0.962 ]')
('correct:', '[1     ]')
error:  0.00073523
('out:    ', '[0.989 ]')
('correct:', '[1     ]')
error:  0.00005600
('out:    ', '[0.985 ]')
('correct:', '[1     ]')
error:  0.00011527
('out:    ', '[0.995 ]')
('correct:', '[1     ]')
error:  0.00001047
('out:    ', '[0.968 ]')
('correct:', '[1     ]')
error:  0.00050131
('out:    ', '[0.989 ]')
('correct:', '[1     ]')
error:  0.00006190
('out:    ', '[0.984 ]')
('correct:', '[1     ]')
error:  0.00012702
('out:    ', '[0.991 ]')
('correct:', '[1     ]')
error:  0.00003674
('out:    ', '[0.711 ]')
('correct:', '[1     ]')
error:  0.04164677
('out:    ', '[0.895 ]')
('correct:', '[0     ]')
error:  0.40013830
('out:    ', '[0.933 ]')
('correct:', '[1     ]')
error:  0.00223949
('out:    ', '[0.994 ]')
('correct:', '[1     ]')
error:  0.00001668
('out:    ', '[0.983 ]')
('correct:', '[1     ]')
error:  0.00014664
('out:    ', '[0.995 ]')
('correct:', '[1     ]')
error:  0.00001124
('out:    ', '[0.971 ]')
('correct:', '[1     ]')
error:  0.00042705
('out:    ', '[0.993 ]')
('correct:', '[1     ]')
error:  0.00002165
('out:    ', '[0.974 ]')
('correct:', '[1     ]')
error:  0.00034301
('out:    ', '[0.996 ]')
('correct:', '[1     ]')
error:  0.00000648
('out:    ', '[0.952 ]')
('correct:', '[1     ]')
error:  0.00116948
('out:    ', '[0.775 ]')
('correct:', '[1     ]')
error:  0.02530930
('out:    ', '[0.995 ]')
('correct:', '[1     ]')
error:  0.00001371
('out:    ', '[0.989 ]')
('correct:', '[1     ]')
error:  0.00005837
('out:    ', '[0.998 ]')
('correct:', '[1     ]')
error:  0.00000168
('out:    ', '[0.985 ]')
('correct:', '[1     ]')
error:  0.00011463
('out:    ', '[0.993 ]')
('correct:', '[1     ]')
error:  0.00002761
('out:    ', '[0.993 ]')
('correct:', '[1     ]')
error:  0.00002312
('out:    ', '[0.984 ]')
('correct:', '[1     ]')
error:  0.00012488
('out:    ', '[0.981 ]')
('correct:', '[1     ]')
error:  0.00017640
('out:    ', '[0.997 ]')
('correct:', '[1     ]')
error:  0.00000371
('out:    ', '[0.974 ]')
('correct:', '[1     ]')
error:  0.00034166
('out:    ', '[0.991 ]')
('correct:', '[1     ]')
error:  0.00004223
('out:    ', '[0.988 ]')
('correct:', '[1     ]')
error:  0.00007117
('out:    ', '[0.986 ]')
('correct:', '[1     ]')
error:  0.00009757
('out:    ', '[0.996 ]')
('correct:', '[1     ]')
error:  0.00000701
('out:    ', '[0.997 ]')
('correct:', '[1     ]')
error:  0.00000391
('out:    ', '[0.996 ]')
('correct:', '[1     ]')
error:  0.00000835
('out:    ', '[0.742 ]')
('correct:', '[1     ]')
error:  0.03326684
('out:    ', '[0.993 ]')
('correct:', '[1     ]')
error:  0.00002323
('out:    ', '[0.986 ]')
('correct:', '[1     ]')
error:  0.00009667
('out:    ', '[0.996 ]')
('correct:', '[1     ]')
error:  0.00001008
('out:    ', '[0.998 ]')
('correct:', '[1     ]')
error:  0.00000279
('out:    ', '[0.98  ]')
('correct:', '[1     ]')
error:  0.00019649
('out:    ', '[0.996 ]')
('correct:', '[1     ]')
error:  0.00000856
('out:    ', '[0.981 ]')
('correct:', '[1     ]')
error:  0.00018144
('out:    ', '[0.996 ]')
('correct:', '[1     ]')
error:  0.00000766
('out:    ', '[0.997 ]')
('correct:', '[1     ]')
error:  0.00000584
('out:    ', '[0.997 ]')
('correct:', '[1     ]')
error:  0.00000385
('out:    ', '[0.997 ]')
('correct:', '[1     ]')
error:  0.00000399
('out:    ', '[0.988 ]')
('correct:', '[1     ]')
error:  0.00006871
('out:    ', '[0.982 ]')
('correct:', '[1     ]')
error:  0.00016352
('out:    ', '[0.988 ]')
('correct:', '[1     ]')
error:  0.00007272
('out:    ', '[0.993 ]')
('correct:', '[1     ]')
error:  0.00002308
('out:    ', '[0.988 ]')
('correct:', '[1     ]')
error:  0.00007631
('out:    ', '[0.994 ]')
('correct:', '[1     ]')
error:  0.00001555
('out:    ', '[0.993 ]')
('correct:', '[1     ]')
error:  0.00002219
('out:    ', '[0.973 ]')
('correct:', '[1     ]')
error:  0.00035357
('out:    ', '[0.979 ]')
('correct:', '[1     ]')
error:  0.00022895
('out:    ', '[0.985 ]')
('correct:', '[1     ]')
error:  0.00011617
('out:    ', '[0.993 ]')
('correct:', '[1     ]')
error:  0.00002743
('out:    ', '[0.953 ]')
('correct:', '[1     ]')
error:  0.00110648
('out:    ', '[0.972 ]')
('correct:', '[1     ]')
error:  0.00039425
('out:    ', '[0.984 ]')
('correct:', '[1     ]')
error:  0.00013159
('out:    ', '[0.994 ]')
('correct:', '[1     ]')
error:  0.00001841
('out:    ', '[0.997 ]')
('correct:', '[1     ]')
error:  0.00000423
('out:    ', '[0.782 ]')
('correct:', '[1     ]')
error:  0.02373719
('out:    ', '[0.995 ]')
('correct:', '[1     ]')
error:  0.00001084
('out:    ', '[0.991 ]')
('correct:', '[1     ]')
error:  0.00004435
('out:    ', '[0.993 ]')
('correct:', '[1     ]')
error:  0.00002209
('out:    ', '[0.993 ]')
('correct:', '[1     ]')
error:  0.00002397
('out:    ', '[0.632 ]')
('correct:', '[1     ]')
error:  0.06784011
('out:    ', '[0.993 ]')
('correct:', '[1     ]')
error:  0.00002457
('out:    ', '[0.997 ]')
('correct:', '[1     ]')
error:  0.00000337
('out:    ', '[0.798 ]')
('correct:', '[1     ]')
error:  0.02041006
('out:    ', '[0.984 ]')
('correct:', '[1     ]')
error:  0.00012886
('out:    ', '[0.994 ]')
('correct:', '[1     ]')
error:  0.00001866
('out:    ', '[0.997 ]')
('correct:', '[1     ]')
error:  0.00000314
('out:    ', '[0.796 ]')
('correct:', '[1     ]')
error:  0.02081727
('out:    ', '[0.995 ]')
('correct:', '[1     ]')
error:  0.00001049
('out:    ', '[0.998 ]')
('correct:', '[1     ]')
error:  0.00000199
('out:    ', '[0.716 ]')
('correct:', '[1     ]')
error:  0.04024772
('out:    ', '[0.95  ]')
('correct:', '[1     ]')
error:  0.00125874
('out:    ', '[0.991 ]')
('correct:', '[1     ]')
error:  0.00003859
('out:    ', '[0.993 ]')
('correct:', '[1     ]')
error:  0.00002251
('out:    ', '[0.888 ]')
('correct:', '[1     ]')
error:  0.00628101
('out:    ', '[0.986 ]')
('correct:', '[1     ]')
error:  0.00010492
('out:    ', '[0.984 ]')
('correct:', '[1     ]')
error:  0.00012493
('out:    ', '[0.994 ]')
('correct:', '[1     ]')
error:  0.00002068
('out:    ', '[0.993 ]')
('correct:', '[1     ]')
error:  0.00002804
('out:    ', '[0.995 ]')
('correct:', '[1     ]')
error:  0.00001226
('out:    ', '[0.993 ]')
('correct:', '[1     ]')
error:  0.00002528
('out:    ', '[0.996 ]')
('correct:', '[1     ]')
error:  0.00000945
('out:    ', '[0.996 ]')
('correct:', '[1     ]')
error:  0.00000827
('out:    ', '[0.956 ]')
('correct:', '[1     ]')
error:  0.00095632
('out:    ', '[0.996 ]')
('correct:', '[1     ]')
error:  0.00000628
('out:    ', '[0.996 ]')
('correct:', '[1     ]')
error:  0.00000758
('out:    ', '[0.995 ]')
('correct:', '[1     ]')
error:  0.00001026
('out:    ', '[0.992 ]')
('correct:', '[1     ]')
error:  0.00002973
('out:    ', '[0.976 ]')
('correct:', '[1     ]')
error:  0.00029089
('out:    ', '[0.993 ]')
('correct:', '[1     ]')
error:  0.00002646
('out:    ', '[0.968 ]')
('correct:', '[1     ]')
error:  0.00049858
('out:    ', '[0.996 ]')
('correct:', '[1     ]')
error:  0.00001002
('out:    ', '[0.995 ]')
('correct:', '[1     ]')
error:  0.00001487
('out:    ', '[0.997 ]')
('correct:', '[1     ]')
error:  0.00000321
('out:    ', '[0.994 ]')
('correct:', '[1     ]')
error:  0.00001517
('out:    ', '[0.998 ]')
('correct:', '[1     ]')
error:  0.00000189
('out:    ', '[0.807 ]')
('correct:', '[1     ]')
error:  0.01871490
('out:    ', '[0.988 ]')
('correct:', '[1     ]')
error:  0.00006955
('out:    ', '[0.997 ]')
('correct:', '[1     ]')
error:  0.00000575
('out:    ', '[0.275 ]')
('correct:', '[1     ]')
error:  0.26255046
('out:    ', '[0.995 ]')
('correct:', '[1     ]')
error:  0.00001281
('out:    ', '[0.99  ]')
('correct:', '[1     ]')
error:  0.00005426
('out:    ', '[0.965 ]')
('correct:', '[1     ]')
error:  0.00060885
('out:    ', '[0.996 ]')
('correct:', '[1     ]')
error:  0.00000868
('out:    ', '[0.996 ]')
('correct:', '[1     ]')
error:  0.00000932
('out:    ', '[0.921 ]')
('correct:', '[1     ]')
error:  0.00314066
('out:    ', '[0.996 ]')
('correct:', '[1     ]')
error:  0.00000921
('out:    ', '[0.997 ]')
('correct:', '[1     ]')
error:  0.00000320
('out:    ', '[0.989 ]')
('correct:', '[1     ]')
error:  0.00005607
('out:    ', '[0.816 ]')
('correct:', '[1     ]')
error:  0.01695337
('out:    ', '[0.996 ]')
('correct:', '[1     ]')
error:  0.00001011
('out:    ', '[0.697 ]')
('correct:', '[1     ]')
error:  0.04600702
('out:    ', '[0.986 ]')
('correct:', '[1     ]')
error:  0.00009931
('out:    ', '[0.998 ]')
('correct:', '[1     ]')
error:  0.00000207
('out:    ', '[0.991 ]')
('correct:', '[1     ]')
error:  0.00003751
('out:    ', '[0.989 ]')
('correct:', '[1     ]')
error:  0.00005868
('out:    ', '[0.993 ]')
('correct:', '[1     ]')
error:  0.00002237
('out:    ', '[0.988 ]')
('correct:', '[1     ]')
error:  0.00007382
('out:    ', '[0.998 ]')
('correct:', '[1     ]')
error:  0.00000173
('out:    ', '[0.995 ]')
('correct:', '[1     ]')
error:  0.00001060
('out:    ', '[0.983 ]')
('correct:', '[1     ]')
error:  0.00013889
('out:    ', '[0.997 ]')
('correct:', '[1     ]')
error:  0.00000402
('out:    ', '[0.998 ]')
('correct:', '[1     ]')
error:  0.00000268
('out:    ', '[0.986 ]')
('correct:', '[1     ]')
error:  0.00010246
('out:    ', '[0.987 ]')
('correct:', '[1     ]')
error:  0.00008166
('out:    ', '[0.995 ]')
('correct:', '[1     ]')
error:  0.00001185
('out:    ', '[0.994 ]')
('correct:', '[1     ]')
error:  0.00001659
('out:    ', '[0.802 ]')
('correct:', '[1     ]')
error:  0.01961485
('out:    ', '[0.998 ]')
('correct:', '[1     ]')
error:  0.00000295
('out:    ', '[0.997 ]')
('correct:', '[1     ]')
error:  0.00000335
('out:    ', '[0.995 ]')
('correct:', '[1     ]')
error:  0.00001292
('out:    ', '[0.992 ]')
('correct:', '[1     ]')
error:  0.00003401
('out:    ', '[0.998 ]')
('correct:', '[1     ]')
error:  0.00000215
('out:    ', '[0.998 ]')
('correct:', '[1     ]')
error:  0.00000178
('out:    ', '[0.987 ]')
('correct:', '[1     ]')
error:  0.00007859
('out:    ', '[0.979 ]')
('correct:', '[1     ]')
error:  0.00022780
('out:    ', '[0.998 ]')
('correct:', '[1     ]')
error:  0.00000311
('out:    ', '[0.994 ]')
('correct:', '[1     ]')
error:  0.00002062
('out:    ', '[0.994 ]')
('correct:', '[1     ]')
error:  0.00001964
('out:    ', '[0.993 ]')
('correct:', '[1     ]')
error:  0.00002519
('out:    ', '[0.913 ]')
('correct:', '[1     ]')
error:  0.00378203
('out:    ', '[0.995 ]')
('correct:', '[1     ]')
error:  0.00001016
('out:    ', '[0.544 ]')
('correct:', '[1     ]')
error:  0.10402140
('out:    ', '[0.998 ]')
('correct:', '[1     ]')
error:  0.00000216
('out:    ', '[0.998 ]')
('correct:', '[1     ]')
error:  0.00000205
('out:    ', '[0.989 ]')
('correct:', '[1     ]')
error:  0.00006219
('out:    ', '[0.987 ]')
('correct:', '[1     ]')
error:  0.00007820
('out:    ', '[0.997 ]')
('correct:', '[1     ]')
error:  0.00000357
('out:    ', '[0.998 ]')
('correct:', '[1     ]')
error:  0.00000214
('out:    ', '[0.988 ]')
('correct:', '[1     ]')
error:  0.00007757
('out:    ', '[0.986 ]')
('correct:', '[1     ]')
error:  0.00009813
('out:    ', '[0.982 ]')
('correct:', '[1     ]')
error:  0.00016750
('out:    ', '[0.994 ]')
('correct:', '[1     ]')
error:  0.00002010
('out:    ', '[0.997 ]')
('correct:', '[1     ]')
error:  0.00000427
('out:    ', '[0.997 ]')
('correct:', '[1     ]')
error:  0.00000392
('out:    ', '[0.993 ]')
('correct:', '[1     ]')
error:  0.00002634
('out:    ', '[0.996 ]')
('correct:', '[1     ]')
error:  0.00000777
('out:    ', '[0.992 ]')
('correct:', '[1     ]')
error:  0.00002840
('out:    ', '[0.988 ]')
('correct:', '[1     ]')
error:  0.00006815
('out:    ', '[0.993 ]')
('correct:', '[1     ]')
error:  0.00002722
('out:    ', '[0.991 ]')
('correct:', '[1     ]')
error:  0.00004021
('out:    ', '[0.997 ]')
('correct:', '[1     ]')
error:  0.00000353
('out:    ', '[0.995 ]')
('correct:', '[1     ]')
error:  0.00001057
('out:    ', '[0.994 ]')
('correct:', '[1     ]')
error:  0.00001952
('out:    ', '[0.187 ]')
('correct:', '[1     ]')
error:  0.33056762
('out:    ', '[0.93  ]')
('correct:', '[1     ]')
error:  0.00242086
('out:    ', '[0.994 ]')
('correct:', '[1     ]')
error:  0.00002112
('out:    ', '[0.976 ]')
('correct:', '[1     ]')
error:  0.00029127
('out:    ', '[0.996 ]')
('correct:', '[1     ]')
error:  0.00000698
('out:    ', '[0.952 ]')
('correct:', '[1     ]')
error:  0.00114145
('out:    ', '[0.875 ]')
('correct:', '[1     ]')
error:  0.00785301
('out:    ', '[0.995 ]')
('correct:', '[1     ]')
error:  0.00001016
('out:    ', '[0.997 ]')
('correct:', '[1     ]')
error:  0.00000478
('out:    ', '[0.867 ]')
('correct:', '[1     ]')
error:  0.00881753
('out:    ', '[0.99  ]')
('correct:', '[1     ]')
error:  0.00005270
('out:    ', '[0.985 ]')
('correct:', '[1     ]')
error:  0.00011269
('out:    ', '[0.991 ]')
('correct:', '[1     ]')
error:  0.00003980
('out:    ', '[0.985 ]')
('correct:', '[1     ]')
error:  0.00010883
('out:    ', '[0.994 ]')
('correct:', '[1     ]')
error:  0.00001652
('out:    ', '[0.986 ]')
('correct:', '[1     ]')
error:  0.00009570
('out:    ', '[0.992 ]')
('correct:', '[1     ]')
error:  0.00003028
('out:    ', '[0.998 ]')
('correct:', '[1     ]')
error:  0.00000200
('out:    ', '[0.996 ]')
('correct:', '[1     ]')
error:  0.00000854
('out:    ', '[0.994 ]')
('correct:', '[1     ]')
error:  0.00001744
('out:    ', '[0.777 ]')
('correct:', '[1     ]')
error:  0.02480666
('out:    ', '[0.992 ]')
('correct:', '[1     ]')
error:  0.00003320
('out:    ', '[0.989 ]')
('correct:', '[1     ]')
error:  0.00006595
('out:    ', '[0.988 ]')
('correct:', '[1     ]')
error:  0.00007547
('out:    ', '[0.866 ]')
('correct:', '[1     ]')
error:  0.00898007
('out:    ', '[0.997 ]')
('correct:', '[1     ]')
error:  0.00000330
('out:    ', '[0.96  ]')
('correct:', '[1     ]')
error:  0.00080072
('out:    ', '[0.947 ]')
('correct:', '[1     ]')
error:  0.00140550
('out:    ', '[0.993 ]')
('correct:', '[1     ]')
error:  0.00002354
('out:    ', '[0.992 ]')
('correct:', '[1     ]')
error:  0.00003296
('out:    ', '[0.996 ]')
('correct:', '[1     ]')
error:  0.00000614
('out:    ', '[0.994 ]')
('correct:', '[1     ]')
error:  0.00001824
('out:    ', '[0.996 ]')
('correct:', '[1     ]')
error:  0.00000821
('out:    ', '[0.996 ]')
('correct:', '[1     ]')
error:  0.00000988
('out:    ', '[0.983 ]')
('correct:', '[1     ]')
error:  0.00013713
('out:    ', '[0.99  ]')
('correct:', '[1     ]')
error:  0.00004772
('out:    ', '[0.991 ]')
('correct:', '[1     ]')
error:  0.00003992
('out:    ', '[0.94  ]')
('correct:', '[1     ]')
error:  0.00181997
('out:    ', '[0.82  ]')
('correct:', '[1     ]')
error:  0.01613391
('out:    ', '[0.994 ]')
('correct:', '[1     ]')
error:  0.00001733
('out:    ', '[0.994 ]')
('correct:', '[1     ]')
error:  0.00002069
('out:    ', '[0.982 ]')
('correct:', '[1     ]')
error:  0.00017057
('out:    ', '[0.732 ]')
('correct:', '[1     ]')
error:  0.03582093
('out:    ', '[0.997 ]')
('correct:', '[1     ]')
error:  0.00000346
('out:    ', '[0.854 ]')
('correct:', '[1     ]')
error:  0.01058747
('out:    ', '[0.781 ]')
('correct:', '[1     ]')
error:  0.02397461
('out:    ', '[0.984 ]')
('correct:', '[1     ]')
error:  0.00012294
('out:    ', '[0.99  ]')
('correct:', '[1     ]')
error:  0.00005487
('out:    ', '[0.997 ]')
('correct:', '[1     ]')
error:  0.00000340
('out:    ', '[0.997 ]')
('correct:', '[1     ]')
error:  0.00000407
('out:    ', '[0.984 ]')
('correct:', '[1     ]')
error:  0.00012034
('out:    ', '[0.997 ]')
('correct:', '[1     ]')
error:  0.00000348
('out:    ', '[0.997 ]')
('correct:', '[1     ]')
error:  0.00000395
('out:    ', '[0.94  ]')
('correct:', '[1     ]')
error:  0.00179046
('out:    ', '[0.993 ]')
('correct:', '[1     ]')
error:  0.00002166
('out:    ', '[0.997 ]')
('correct:', '[1     ]')
error:  0.00000428
('out:    ', '[0.997 ]')
('correct:', '[1     ]')
error:  0.00000609
('out:    ', '[0.995 ]')
('correct:', '[1     ]')
error:  0.00001014
('out:    ', '[0.995 ]')
('correct:', '[1     ]')
error:  0.00001341
('out:    ', '[0.986 ]')
('correct:', '[1     ]')
error:  0.00009371
('out:    ', '[0.899 ]')
('correct:', '[1     ]')
error:  0.00505130
('out:    ', '[0.992 ]')
('correct:', '[1     ]')
error:  0.00002829
('out:    ', '[0.992 ]')
('correct:', '[1     ]')
error:  0.00003417
('out:    ', '[0.996 ]')
('correct:', '[1     ]')
error:  0.00000695
('out:    ', '[0.993 ]')
('correct:', '[1     ]')
error:  0.00002542
('out:    ', '[0.918 ]')
('correct:', '[1     ]')
error:  0.00337438
('out:    ', '[0.995 ]')
('correct:', '[1     ]')
error:  0.00001419
('out:    ', '[0.993 ]')
('correct:', '[1     ]')
error:  0.00002334
('out:    ', '[0.992 ]')
('correct:', '[1     ]')
error:  0.00003491
('out:    ', '[0.995 ]')
('correct:', '[1     ]')
error:  0.00001326
('out:    ', '[0.816 ]')
('correct:', '[1     ]')
error:  0.01688722
('out:    ', '[0.995 ]')
('correct:', '[1     ]')
error:  0.00001062
('out:    ', '[0.99  ]')
('correct:', '[1     ]')
error:  0.00005409
('out:    ', '[0.819 ]')
('correct:', '[1     ]')
error:  0.01629356
('out:    ', '[0.997 ]')
('correct:', '[1     ]')
error:  0.00000410
('out:    ', '[0.818 ]')
('correct:', '[1     ]')
error:  0.01649228
('out:    ', '[0.997 ]')
('correct:', '[1     ]')
error:  0.00000415
('out:    ', '[0.481 ]')
('correct:', '[1     ]')
error:  0.13465746
('out:    ', '[0.985 ]')
('correct:', '[1     ]')
error:  0.00011133
('out:    ', '[0.993 ]')
('correct:', '[1     ]')
error:  0.00002185
('out:    ', '[0.996 ]')
('correct:', '[1     ]')
error:  0.00000990
('out:    ', '[0.998 ]')
('correct:', '[1     ]')
error:  0.00000221
('out:    ', '[0.991 ]')
('correct:', '[1     ]')
error:  0.00004412
('out:    ', '[0.939 ]')
('correct:', '[1     ]')
error:  0.00186037
('out:    ', '[0.994 ]')
('correct:', '[1     ]')
error:  0.00001843
('out:    ', '[0.987 ]')
('correct:', '[1     ]')
error:  0.00008192
('out:    ', '[0.998 ]')
('correct:', '[1     ]')
error:  0.00000275
('out:    ', '[0.831 ]')
('correct:', '[1     ]')
error:  0.01427551
('out:    ', '[0.992 ]')
('correct:', '[1     ]')
error:  0.00003327
('out:    ', '[0.997 ]')
('correct:', '[1     ]')
error:  0.00000424
('out:    ', '[0.989 ]')
('correct:', '[1     ]')
error:  0.00006139
('out:    ', '[0.992 ]')
('correct:', '[1     ]')
error:  0.00003449
('out:    ', '[0.994 ]')
('correct:', '[1     ]')
error:  0.00001551
('out:    ', '[0.98  ]')
('correct:', '[1     ]')
error:  0.00019666
('out:    ', '[0.99  ]')
('correct:', '[1     ]')
error:  0.00004970
('out:    ', '[0.987 ]')
('correct:', '[1     ]')
error:  0.00007830
('out:    ', '[0.993 ]')
('correct:', '[1     ]')
error:  0.00002340
('out:    ', '[0.993 ]')
('correct:', '[1     ]')
error:  0.00002236
('out:    ', '[0.949 ]')
('correct:', '[1     ]')
error:  0.00127955
('out:    ', '[0.988 ]')
('correct:', '[1     ]')
error:  0.00007441
('out:    ', '[0.672 ]')
('correct:', '[1     ]')
error:  0.05392989
('out:    ', '[0.97  ]')
('correct:', '[1     ]')
error:  0.00045383
('out:    ', '[0.99  ]')
('correct:', '[1     ]')
error:  0.00005212
('out:    ', '[0.99  ]')
('correct:', '[1     ]')
error:  0.00004732
('out:    ', '[0.993 ]')
('correct:', '[1     ]')
error:  0.00002339
('out:    ', '[0.998 ]')
('correct:', '[1     ]')
error:  0.00000259
('out:    ', '[0.993 ]')
('correct:', '[1     ]')
error:  0.00002347
('out:    ', '[0.991 ]')
('correct:', '[1     ]')
error:  0.00003784
('out:    ', '[0.995 ]')
('correct:', '[1     ]')
error:  0.00001234
('out:    ', '[0.987 ]')
('correct:', '[1     ]')
error:  0.00008577
('out:    ', '[0.998 ]')
('correct:', '[1     ]')
error:  0.00000216
('out:    ', '[0.997 ]')
('correct:', '[1     ]')
error:  0.00000326
('out:    ', '[0.989 ]')
('correct:', '[1     ]')
error:  0.00005598
('out:    ', '[0.873 ]')
('correct:', '[1     ]')
error:  0.00808119
('out:    ', '[0.994 ]')
('correct:', '[1     ]')
error:  0.00001728
('out:    ', '[0.983 ]')
('correct:', '[1     ]')
error:  0.00014280
('out:    ', '[0.998 ]')
('correct:', '[1     ]')
error:  0.00000279
('out:    ', '[0.974 ]')
('correct:', '[1     ]')
error:  0.00034365
('out:    ', '[0.997 ]')
('correct:', '[1     ]')
error:  0.00000449
('out:    ', '[0.994 ]')
('correct:', '[1     ]')
error:  0.00001889
('out:    ', '[0.998 ]')
('correct:', '[1     ]')
error:  0.00000293
('out:    ', '[0.996 ]')
('correct:', '[1     ]')
error:  0.00000836
('out:    ', '[0.996 ]')
('correct:', '[1     ]')
error:  0.00000961
('out:    ', '[0.991 ]')
('correct:', '[1     ]')
error:  0.00003760
('out:    ', '[0.988 ]')
('correct:', '[1     ]')
error:  0.00007481
('out:    ', '[0.993 ]')
('correct:', '[1     ]')
error:  0.00002340
('out:    ', '[0.991 ]')
('correct:', '[1     ]')
error:  0.00004246
('out:    ', '[0.997 ]')
('correct:', '[1     ]')
error:  0.00000426
('out:    ', '[0.997 ]')
('correct:', '[1     ]')
error:  0.00000375
('out:    ', '[0.996 ]')
('correct:', '[1     ]')
error:  0.00000846
('out:    ', '[0.998 ]')
('correct:', '[1     ]')
error:  0.00000283
('out:    ', '[0.983 ]')
('correct:', '[1     ]')
error:  0.00013870
('out:    ', '[0.995 ]')
('correct:', '[1     ]')
error:  0.00001014
('out:    ', '[0.997 ]')
('correct:', '[1     ]')
error:  0.00000550
('out:    ', '[0.993 ]')
('correct:', '[1     ]')
error:  0.00002297
('out:    ', '[0.991 ]')
('correct:', '[1     ]')
error:  0.00003996
('out:    ', '[0.995 ]')
('correct:', '[1     ]')
error:  0.00001019
('out:    ', '[0.997 ]')
('correct:', '[1     ]')
error:  0.00000397
('out:    ', '[0.998 ]')
('correct:', '[1     ]')
error:  0.00000276
('out:    ', '[0.997 ]')
('correct:', '[1     ]')
error:  0.00000393
('out:    ', '[0.993 ]')
('correct:', '[1     ]')
error:  0.00002574
('out:    ', '[0.995 ]')
('correct:', '[1     ]')
error:  0.00001079
('out:    ', '[0.996 ]')
('correct:', '[1     ]')
error:  0.00000975
('out:    ', '[0.997 ]')
('correct:', '[1     ]')
error:  0.00000355
('out:    ', '[0.995 ]')
('correct:', '[1     ]')
error:  0.00001268
('out:    ', '[0.991 ]')
('correct:', '[1     ]')
error:  0.00004409
('out:    ', '[0.969 ]')
('correct:', '[1     ]')
error:  0.00046576
('out:    ', '[0.997 ]')
('correct:', '[1     ]')
error:  0.00000552
('out:    ', '[0.995 ]')
('correct:', '[1     ]')
error:  0.00001039
('out:    ', '[0.992 ]')
('correct:', '[1     ]')
error:  0.00002877
('out:    ', '[0.819 ]')
('correct:', '[1     ]')
error:  0.01639418
('out:    ', '[0.99  ]')
('correct:', '[1     ]')
error:  0.00004774
('out:    ', '[0.995 ]')
('correct:', '[1     ]')
error:  0.00001190
('out:    ', '[0.998 ]')
('correct:', '[1     ]')
error:  0.00000197
('out:    ', '[0.993 ]')
('correct:', '[1     ]')
error:  0.00002452
('out:    ', '[0.889 ]')
('correct:', '[1     ]')
error:  0.00620982
('out:    ', '[0.992 ]')
('correct:', '[1     ]')
error:  0.00003368
('out:    ', '[0.997 ]')
('correct:', '[1     ]')
error:  0.00000329
('out:    ', '[0.983 ]')
('correct:', '[1     ]')
error:  0.00015178
('out:    ', '[0.993 ]')
('correct:', '[1     ]')
error:  0.00002540
('out:    ', '[0.994 ]')
('correct:', '[1     ]')
error:  0.00001513
('out:    ', '[0.997 ]')
('correct:', '[1     ]')
error:  0.00000567
('out:    ', '[0.992 ]')
('correct:', '[1     ]')
error:  0.00003241
('out:    ', '[0.991 ]')
('correct:', '[1     ]')
error:  0.00004100
('out:    ', '[0.993 ]')
('correct:', '[1     ]')
error:  0.00002429
('out:    ', '[0.995 ]')
('correct:', '[1     ]')
error:  0.00001153
('out:    ', '[0.993 ]')
('correct:', '[1     ]')
error:  0.00002134
('out:    ', '[0.996 ]')
('correct:', '[1     ]')
error:  0.00000700
('out:    ', '[0.993 ]')
('correct:', '[1     ]')
error:  0.00002557
('out:    ', '[0.993 ]')
('correct:', '[1     ]')
error:  0.00002555
('out:    ', '[0.871 ]')
('correct:', '[1     ]')
error:  0.00837089
('out:    ', '[0.997 ]')
('correct:', '[1     ]')
error:  0.00000596
('out:    ', '[0.998 ]')
('correct:', '[1     ]')
error:  0.00000279
('out:    ', '[0.997 ]')
('correct:', '[1     ]')
error:  0.00000372
('out:    ', '[0.998 ]')
('correct:', '[1     ]')
error:  0.00000207
('out:    ', '[0.981 ]')
('correct:', '[1     ]')
error:  0.00017498
('out:    ', '[0.995 ]')
('correct:', '[1     ]')
error:  0.00001343
('out:    ', '[0.97  ]')
('correct:', '[1     ]')
error:  0.00045135
('out:    ', '[0.997 ]')
('correct:', '[1     ]')
error:  0.00000430
('out:    ', '[0.997 ]')
('correct:', '[1     ]')
error:  0.00000504
('out:    ', '[0.977 ]')
('correct:', '[1     ]')
error:  0.00025876
('out:    ', '[0.995 ]')
('correct:', '[1     ]')
error:  0.00001065
('out:    ', '[0.995 ]')
('correct:', '[1     ]')
error:  0.00001036
('out:    ', '[0.995 ]')
('correct:', '[1     ]')
error:  0.00001112
('out:    ', '[0.998 ]')
('correct:', '[1     ]')
error:  0.00000289
('out:    ', '[0.994 ]')
('correct:', '[1     ]')
error:  0.00001693
('out:    ', '[0.993 ]')
('correct:', '[1     ]')
error:  0.00002118
('out:    ', '[0.997 ]')
('correct:', '[1     ]')
error:  0.00000586
('out:    ', '[0.994 ]')
('correct:', '[1     ]')
error:  0.00002096
('out:    ', '[0.99  ]')
('correct:', '[1     ]')
error:  0.00004806
('out:    ', '[0.996 ]')
('correct:', '[1     ]')
error:  0.00000692
('out:    ', '[0.989 ]')
('correct:', '[1     ]')
error:  0.00006507
('out:    ', '[0.995 ]')
('correct:', '[1     ]')
error:  0.00001442
('out:    ', '[0.995 ]')
('correct:', '[1     ]')
error:  0.00001308
('out:    ', '[0.993 ]')
('correct:', '[1     ]')
error:  0.00002339
('out:    ', '[0.98  ]')
('correct:', '[1     ]')
error:  0.00019372
('out:    ', '[0.998 ]')
('correct:', '[1     ]')
error:  0.00000273
('out:    ', '[0.986 ]')
('correct:', '[1     ]')
error:  0.00009879
('out:    ', '[0.978 ]')
('correct:', '[1     ]')
error:  0.00024979
('out:    ', '[0.995 ]')
('correct:', '[1     ]')
error:  0.00001249
('out:    ', '[0.995 ]')
('correct:', '[1     ]')
error:  0.00001106
('out:    ', '[0.768 ]')
('correct:', '[1     ]')
error:  0.02691161
('out:    ', '[0.998 ]')
('correct:', '[1     ]')
error:  0.00000261
('out:    ', '[0.98  ]')
('correct:', '[1     ]')
error:  0.00020730
('out:    ', '[0.992 ]')
('correct:', '[1     ]')
error:  0.00003241
('out:    ', '[0.606 ]')
('correct:', '[1     ]')
error:  0.07767826
('out:    ', '[0.997 ]')
('correct:', '[1     ]')
error:  0.00000610
('out:    ', '[0.995 ]')
('correct:', '[1     ]')
error:  0.00001275
('out:    ', '[0.995 ]')
('correct:', '[1     ]')
error:  0.00001064
('out:    ', '[0.996 ]')
('correct:', '[1     ]')
error:  0.00000742
('out:    ', '[0.995 ]')
('correct:', '[1     ]')
error:  0.00001030
('out:    ', '[0.997 ]')
('correct:', '[1     ]')
error:  0.00000427
('out:    ', '[0.998 ]')
('correct:', '[1     ]')
error:  0.00000158
('out:    ', '[0.997 ]')
('correct:', '[1     ]')
error:  0.00000572
('out:    ', '[0.998 ]')
('correct:', '[1     ]')
error:  0.00000276
('out:    ', '[0.984 ]')
('correct:', '[1     ]')
error:  0.00013467
('out:    ', '[0.997 ]')
('correct:', '[1     ]')
error:  0.00000455
('out:    ', '[0.953 ]')
('correct:', '[1     ]')
error:  0.00111872
('out:    ', '[0.993 ]')
('correct:', '[1     ]')
error:  0.00002352
('out:    ', '[0.988 ]')
('correct:', '[1     ]')
error:  0.00007546
('out:    ', '[0.992 ]')
('correct:', '[1     ]')
error:  0.00002818
('out:    ', '[0.998 ]')
('correct:', '[1     ]')
error:  0.00000248
('out:    ', '[0.993 ]')
('correct:', '[1     ]')
error:  0.00002295
('out:    ', '[0.998 ]')
('correct:', '[1     ]')
error:  0.00000207
('out:    ', '[0.996 ]')
('correct:', '[1     ]')
error:  0.00000960
('out:    ', '[0.991 ]')
('correct:', '[1     ]')
error:  0.00003785
('out:    ', '[0.994 ]')
('correct:', '[1     ]')
error:  0.00001657
('out:    ', '[0.992 ]')
('correct:', '[1     ]')
error:  0.00003465
('out:    ', '[0.993 ]')
('correct:', '[1     ]')
error:  0.00002344
('out:    ', '[0.689 ]')
('correct:', '[1     ]')
error:  0.04822711
('out:    ', '[0.993 ]')
('correct:', '[1     ]')
error:  0.00002472
('out:    ', '[0.99  ]')
('correct:', '[1     ]')
error:  0.00004530
('out:    ', '[0.985 ]')
('correct:', '[1     ]')
error:  0.00010930
('out:    ', '[0.989 ]')
('correct:', '[1     ]')
error:  0.00006166
('out:    ', '[0.998 ]')
('correct:', '[1     ]')
error:  0.00000302
('out:    ', '[0.994 ]')
('correct:', '[1     ]')
error:  0.00001813
('out:    ', '[0.993 ]')
('correct:', '[1     ]')
error:  0.00002202
('out:    ', '[0.995 ]')
('correct:', '[1     ]')
error:  0.00001056
('out:    ', '[0.998 ]')
('correct:', '[1     ]')
error:  0.00000300
('out:    ', '[0.998 ]')
('correct:', '[1     ]')
error:  0.00000178
('out:    ', '[0.996 ]')
('correct:', '[1     ]')
error:  0.00000706
('out:    ', '[0.995 ]')
('correct:', '[1     ]')
error:  0.00001298
('out:    ', '[0.997 ]')
('correct:', '[1     ]')
error:  0.00000347
('out:    ', '[0.997 ]')
('correct:', '[1     ]')
error:  0.00000366
('out:    ', '[0.989 ]')
('correct:', '[1     ]')
error:  0.00006268
('out:    ', '[0.923 ]')
('correct:', '[1     ]')
error:  0.00296375
('out:    ', '[0.996 ]')
('correct:', '[1     ]')
error:  0.00000695
('out:    ', '[0.993 ]')
('correct:', '[1     ]')
error:  0.00002204
('out:    ', '[0.995 ]')
('correct:', '[1     ]')
error:  0.00001040
('out:    ', '[0.988 ]')
('correct:', '[1     ]')
error:  0.00006839
('out:    ', '[0.996 ]')
('correct:', '[1     ]')
error:  0.00000679
('out:    ', '[0.997 ]')
('correct:', '[1     ]')
error:  0.00000330
('out:    ', '[0.977 ]')
('correct:', '[1     ]')
error:  0.00025782
('out:    ', '[0.993 ]')
('correct:', '[1     ]')
error:  0.00002658
('out:    ', '[0.994 ]')
('correct:', '[1     ]')
error:  0.00002034
('out:    ', '[0.997 ]')
('correct:', '[1     ]')
error:  0.00000327
('out:    ', '[0.996 ]')
('correct:', '[1     ]')
error:  0.00000625
('out:    ', '[0.995 ]')
('correct:', '[1     ]')
error:  0.00001232
('out:    ', '[0.953 ]')
('correct:', '[1     ]')
error:  0.00111738
('out:    ', '[0.993 ]')
('correct:', '[1     ]')
error:  0.00002235
('out:    ', '[0.952 ]')
('correct:', '[1     ]')
error:  0.00114719
('out:    ', '[0.993 ]')
('correct:', '[1     ]')
error:  0.00002537
('out:    ', '[0.997 ]')
('correct:', '[1     ]')
error:  0.00000582
('out:    ', '[0.998 ]')
('correct:', '[1     ]')
error:  0.00000300
('out:    ', '[0.986 ]')
('correct:', '[1     ]')
error:  0.00010098
('out:    ', '[0.993 ]')
('correct:', '[1     ]')
error:  0.00002371
('out:    ', '[0.995 ]')
('correct:', '[1     ]')
error:  0.00001365
('out:    ', '[0.989 ]')
('correct:', '[1     ]')
error:  0.00006498
('out:    ', '[0.995 ]')
('correct:', '[1     ]')
error:  0.00001379
('out:    ', '[0.996 ]')
('correct:', '[1     ]')
error:  0.00001007
('out:    ', '[0.998 ]')
('correct:', '[1     ]')
error:  0.00000165
('out:    ', '[0.996 ]')
('correct:', '[1     ]')
error:  0.00000687
('out:    ', '[0.992 ]')
('correct:', '[1     ]')
error:  0.00003262
('out:    ', '[0.993 ]')
('correct:', '[1     ]')
error:  0.00002464
('out:    ', '[0.882 ]')
('correct:', '[1     ]')
error:  0.00692166
('out:    ', '[0.994 ]')
('correct:', '[1     ]')
error:  0.00001799
('out:    ', '[0.996 ]')
('correct:', '[1     ]')
error:  0.00000723
('out:    ', '[0.922 ]')
('correct:', '[1     ]')
error:  0.00306558
('out:    ', '[0.996 ]')
('correct:', '[1     ]')
error:  0.00000722
('out:    ', '[0.992 ]')
('correct:', '[1     ]')
error:  0.00002933
('out:    ', '[0.996 ]')
('correct:', '[1     ]')
error:  0.00000618
('out:    ', '[0.967 ]')
('correct:', '[1     ]')
error:  0.00053293
('out:    ', '[0.991 ]')
('correct:', '[1     ]')
error:  0.00003637
('out:    ', '[0.956 ]')
('correct:', '[1     ]')
error:  0.00097405
('out:    ', '[0.992 ]')
('correct:', '[1     ]')
error:  0.00003043
('out:    ', '[0.993 ]')
('correct:', '[1     ]')
error:  0.00002162
('out:    ', '[0.943 ]')
('correct:', '[1     ]')
error:  0.00164382
('out:    ', '[0.964 ]')
('correct:', '[1     ]')
error:  0.00066244
('out:    ', '[0.994 ]')
('correct:', '[1     ]')
error:  0.00001518
('out:    ', '[0.932 ]')
('correct:', '[1     ]')
error:  0.00234117
('out:    ', '[0.99  ]')
('correct:', '[1     ]')
error:  0.00004588
('out:    ', '[0.995 ]')
('correct:', '[1     ]')
error:  0.00001434
('out:    ', '[0.995 ]')
('correct:', '[1     ]')
error:  0.00001046
('out:    ', '[0.813 ]')
('correct:', '[1     ]')
error:  0.01756223
('out:    ', '[0.995 ]')
('correct:', '[1     ]')
error:  0.00001042
('out:    ', '[0.995 ]')
('correct:', '[1     ]')
error:  0.00001111
('out:    ', '[0.776 ]')
('correct:', '[1     ]')
error:  0.02507243
('out:    ', '[0.994 ]')
('correct:', '[1     ]')
error:  0.00002088
('out:    ', '[0.996 ]')
('correct:', '[1     ]')
error:  0.00000869
('out:    ', '[0.987 ]')
('correct:', '[1     ]')
error:  0.00008014
('out:    ', '[0.988 ]')
('correct:', '[1     ]')
error:  0.00007228
('out:    ', '[0.995 ]')
('correct:', '[1     ]')
error:  0.00001171
('out:    ', '[0.994 ]')
('correct:', '[1     ]')
error:  0.00001516
('out:    ', '[0.994 ]')
('correct:', '[1     ]')
error:  0.00001537
('out:    ', '[0.975 ]')
('correct:', '[1     ]')
error:  0.00031092
('out:    ', '[0.991 ]')
('correct:', '[1     ]')
error:  0.00003628
('out:    ', '[0.997 ]')
('correct:', '[1     ]')
error:  0.00000608
('out:    ', '[0.979 ]')
('correct:', '[1     ]')
error:  0.00022194
('out:    ', '[0.991 ]')
('correct:', '[1     ]')
error:  0.00003766
('out:    ', '[0.998 ]')
('correct:', '[1     ]')
error:  0.00000264
('out:    ', '[0.993 ]')
('correct:', '[1     ]')
error:  0.00002471
('out:    ', '[0.997 ]')
('correct:', '[1     ]')
error:  0.00000542
('out:    ', '[0.992 ]')
('correct:', '[1     ]')
error:  0.00003063
('out:    ', '[0.996 ]')
('correct:', '[1     ]')
error:  0.00000740
('out:    ', '[0.984 ]')
('correct:', '[1     ]')
error:  0.00012612
('out:    ', '[0.991 ]')
('correct:', '[1     ]')
error:  0.00004230
('out:    ', '[0.799 ]')
('correct:', '[1     ]')
error:  0.02010149
('out:    ', '[0.92  ]')
('correct:', '[0     ]')
error:  0.42287276
('out:    ', '[0.954 ]')
('correct:', '[1     ]')
error:  0.00103791
('out:    ', '[0.992 ]')
('correct:', '[1     ]')
error:  0.00003080
('out:    ', '[0.993 ]')
('correct:', '[1     ]')
error:  0.00002665
('out:    ', '[0.778 ]')
('correct:', '[1     ]')
error:  0.02459621
('out:    ', '[0.991 ]')
('correct:', '[1     ]')
error:  0.00004111
('out:    ', '[0.997 ]')
('correct:', '[1     ]')
error:  0.00000544
('out:    ', '[0.987 ]')
('correct:', '[1     ]')
error:  0.00008453
('out:    ', '[0.994 ]')
('correct:', '[1     ]')
error:  0.00001891
('out:    ', '[0.993 ]')
('correct:', '[1     ]')
error:  0.00002274
('out:    ', '[0.988 ]')
('correct:', '[1     ]')
error:  0.00007040
('out:    ', '[0.969 ]')
('correct:', '[1     ]')
error:  0.00046740
('out:    ', '[0.973 ]')
('correct:', '[1     ]')
error:  0.00035439
('out:    ', '[0.997 ]')
('correct:', '[1     ]')
error:  0.00000584
('out:    ', '[0.997 ]')
('correct:', '[1     ]')
error:  0.00000382
('out:    ', '[0.993 ]')
('correct:', '[1     ]')
error:  0.00002460
('out:    ', '[0.893 ]')
('correct:', '[1     ]')
error:  0.00569345
('out:    ', '[0.997 ]')
('correct:', '[1     ]')
error:  0.00000478
('out:    ', '[0.995 ]')
('correct:', '[1     ]')
error:  0.00001229
('out:    ', '[0.993 ]')
('correct:', '[1     ]')
error:  0.00002293
('out:    ', '[0.993 ]')
('correct:', '[1     ]')
error:  0.00002672
('out:    ', '[0.996 ]')
('correct:', '[1     ]')
error:  0.00000721
('out:    ', '[0.993 ]')
('correct:', '[1     ]')
error:  0.00002247
('out:    ', '[0.995 ]')
('correct:', '[1     ]')
error:  0.00001422
('out:    ', '[0.988 ]')
('correct:', '[1     ]')
error:  0.00007678
('out:    ', '[0.993 ]')
('correct:', '[1     ]')
error:  0.00002667
('out:    ', '[0.972 ]')
('correct:', '[1     ]')
error:  0.00040193
('out:    ', '[0.995 ]')
('correct:', '[1     ]')
error:  0.00001056
('out:    ', '[0.994 ]')
('correct:', '[1     ]')
error:  0.00001895
('out:    ', '[0.992 ]')
('correct:', '[1     ]')
error:  0.00003416
('out:    ', '[0.996 ]')
('correct:', '[1     ]')
error:  0.00000888
('out:    ', '[0.997 ]')
('correct:', '[1     ]')
error:  0.00000313
('out:    ', '[0.995 ]')
('correct:', '[1     ]')
error:  0.00001206
('out:    ', '[0.993 ]')
('correct:', '[1     ]')
error:  0.00002485
('out:    ', '[0.981 ]')
('correct:', '[1     ]')
error:  0.00017210
('out:    ', '[0.998 ]')
('correct:', '[1     ]')
error:  0.00000205
('out:    ', '[0.996 ]')
('correct:', '[1     ]')
error:  0.00000828
('out:    ', '[0.953 ]')
('correct:', '[1     ]')
error:  0.00112061
('out:    ', '[0.993 ]')
('correct:', '[1     ]')
error:  0.00002252
('out:    ', '[0.983 ]')
('correct:', '[1     ]')
error:  0.00014746
('out:    ', '[0.973 ]')
('correct:', '[1     ]')
error:  0.00036638
('out:    ', '[0.989 ]')
('correct:', '[1     ]')
error:  0.00005610
('out:    ', '[0.995 ]')
('correct:', '[1     ]')
error:  0.00001074
('out:    ', '[0.997 ]')
('correct:', '[1     ]')
error:  0.00000371
('out:    ', '[0.986 ]')
('correct:', '[1     ]')
error:  0.00009907
('out:    ', '[0.652 ]')
('correct:', '[1     ]')
error:  0.06047245
('out:    ', '[0.946 ]')
('correct:', '[1     ]')
error:  0.00145079
('out:    ', '[0.991 ]')
('correct:', '[1     ]')
error:  0.00003983
('out:    ', '[0.995 ]')
('correct:', '[1     ]')
error:  0.00001249
('out:    ', '[0.994 ]')
('correct:', '[1     ]')
error:  0.00001575
('out:    ', '[0.997 ]')
('correct:', '[1     ]')
error:  0.00000443
('out:    ', '[0.995 ]')
('correct:', '[1     ]')
error:  0.00001271
('out:    ', '[0.993 ]')
('correct:', '[1     ]')
error:  0.00002564
('out:    ', '[0.997 ]')
('correct:', '[1     ]')
error:  0.00000425
('out:    ', '[0.997 ]')
('correct:', '[1     ]')
error:  0.00000582
('out:    ', '[0.995 ]')
('correct:', '[1     ]')
error:  0.00001221
('out:    ', '[0.997 ]')
('correct:', '[1     ]')
error:  0.00000329
('out:    ', '[0.995 ]')
('correct:', '[1     ]')
error:  0.00001137
('out:    ', '[0.994 ]')
('correct:', '[1     ]')
error:  0.00001968
('out:    ', '[0.998 ]')
('correct:', '[1     ]')
error:  0.00000282
('out:    ', '[0.994 ]')
('correct:', '[1     ]')
error:  0.00001736
('out:    ', '[0.973 ]')
('correct:', '[1     ]')
error:  0.00036100
('out:    ', '[0.987 ]')
('correct:', '[1     ]')
error:  0.00008330
('out:    ', '[0.977 ]')
('correct:', '[1     ]')
error:  0.00027185
('out:    ', '[0.981 ]')
('correct:', '[1     ]')
error:  0.00017381
('out:    ', '[0.993 ]')
('correct:', '[1     ]')
error:  0.00002258
('out:    ', '[0.99  ]')
('correct:', '[1     ]')
error:  0.00005074
('out:    ', '[0.976 ]')
('correct:', '[1     ]')
error:  0.00028538
('out:    ', '[0.998 ]')
('correct:', '[1     ]')
error:  0.00000244
('out:    ', '[0.993 ]')
('correct:', '[1     ]')
error:  0.00002369
('out:    ', '[0.835 ]')
('correct:', '[1     ]')
error:  0.01355384
('out:    ', '[0.986 ]')
('correct:', '[1     ]')
error:  0.00010027
('out:    ', '[0.989 ]')
('correct:', '[1     ]')
error:  0.00006056
('out:    ', '[0.879 ]')
('correct:', '[1     ]')
error:  0.00732899
('out:    ', '[0.992 ]')
('correct:', '[1     ]')
error:  0.00003515
('out:    ', '[0.974 ]')
('correct:', '[1     ]')
error:  0.00033024
('out:    ', '[0.997 ]')
('correct:', '[1     ]')
error:  0.00000383
('out:    ', '[0.995 ]')
('correct:', '[1     ]')
error:  0.00001069
('out:    ', '[0.994 ]')
('correct:', '[1     ]')
error:  0.00001876
('out:    ', '[0.988 ]')
('correct:', '[1     ]')
error:  0.00007077
('out:    ', '[0.998 ]')
('correct:', '[1     ]')
error:  0.00000216
('out:    ', '[0.995 ]')
('correct:', '[1     ]')
error:  0.00001342
('out:    ', '[0.968 ]')
('correct:', '[1     ]')
error:  0.00050183
('out:    ', '[0.989 ]')
('correct:', '[1     ]')
error:  0.00005798
('out:    ', '[0.993 ]')
('correct:', '[1     ]')
error:  0.00002447
('out:    ', '[0.994 ]')
('correct:', '[1     ]')
error:  0.00001899
('out:    ', '[0.995 ]')
('correct:', '[1     ]')
error:  0.00001307
('out:    ', '[0.995 ]')
('correct:', '[1     ]')
error:  0.00001508
('out:    ', '[0.972 ]')
('correct:', '[1     ]')
error:  0.00039194
('out:    ', '[0.997 ]')
('correct:', '[1     ]')
error:  0.00000473
('out:    ', '[0.995 ]')
('correct:', '[1     ]')
error:  0.00001243
('out:    ', '[0.991 ]')
('correct:', '[1     ]')
error:  0.00004507
('out:    ', '[0.959 ]')
('correct:', '[1     ]')
error:  0.00085002
('out:    ', '[0.997 ]')
('correct:', '[1     ]')
error:  0.00000364
('out:    ', '[0.992 ]')
('correct:', '[1     ]')
error:  0.00003267
('out:    ', '[0.675 ]')
('correct:', '[1     ]')
error:  0.05275344
('out:    ', '[0.99  ]')
('correct:', '[1     ]')
error:  0.00005314
('out:    ', '[0.985 ]')
('correct:', '[1     ]')
error:  0.00011643
('out:    ', '[0.997 ]')
('correct:', '[1     ]')
error:  0.00000339
('out:    ', '[0.982 ]')
('correct:', '[1     ]')
error:  0.00016682
('out:    ', '[0.986 ]')
('correct:', '[1     ]')
error:  0.00009235
('out:    ', '[0.992 ]')
('correct:', '[1     ]')
error:  0.00003379
('out:    ', '[0.995 ]')
('correct:', '[1     ]')
error:  0.00001105
('out:    ', '[0.998 ]')
('correct:', '[1     ]')
error:  0.00000187
('out:    ', '[0.963 ]')
('correct:', '[1     ]')
error:  0.00069347
('out:    ', '[0.984 ]')
('correct:', '[1     ]')
error:  0.00013306
('out:    ', '[0.994 ]')
('correct:', '[1     ]')
error:  0.00001538
('out:    ', '[0.996 ]')
('correct:', '[1     ]')
error:  0.00000920
('out:    ', '[0.998 ]')
('correct:', '[1     ]')
error:  0.00000305
('out:    ', '[0.994 ]')
('correct:', '[1     ]')
error:  0.00001902
('out:    ', '[0.987 ]')
('correct:', '[1     ]')
error:  0.00008847
('out:    ', '[0.996 ]')
('correct:', '[1     ]')
error:  0.00000758
('out:    ', '[0.995 ]')
('correct:', '[1     ]')
error:  0.00001459
('out:    ', '[0.997 ]')
('correct:', '[1     ]')
error:  0.00000317
('out:    ', '[0.993 ]')
('correct:', '[1     ]')
error:  0.00002340
('out:    ', '[0.985 ]')
('correct:', '[1     ]')
error:  0.00010752
('out:    ', '[0.996 ]')
('correct:', '[1     ]')
error:  0.00001004
('out:    ', '[0.996 ]')
('correct:', '[1     ]')
error:  0.00000693
('out:    ', '[0.997 ]')
('correct:', '[1     ]')
error:  0.00000550
('out:    ', '[0.991 ]')
('correct:', '[1     ]')
error:  0.00003618
('out:    ', '[0.997 ]')
('correct:', '[1     ]')
error:  0.00000601
('out:    ', '[0.997 ]')
('correct:', '[1     ]')
error:  0.00000389
('out:    ', '[0.885 ]')
('correct:', '[1     ]')
error:  0.00663258
('out:    ', '[0.993 ]')
('correct:', '[1     ]')
error:  0.00002418
('out:    ', '[0.997 ]')
('correct:', '[1     ]')
error:  0.00000402
('out:    ', '[0.994 ]')
('correct:', '[1     ]')
error:  0.00001540
('out:    ', '[0.992 ]')
('correct:', '[1     ]')
error:  0.00003465
('out:    ', '[0.996 ]')
('correct:', '[1     ]')
error:  0.00000875
('out:    ', '[0.994 ]')
('correct:', '[1     ]')
error:  0.00001656
('out:    ', '[0.993 ]')
('correct:', '[1     ]')
error:  0.00002572
('out:    ', '[0.983 ]')
('correct:', '[1     ]')
error:  0.00014572
('out:    ', '[0.991 ]')
('correct:', '[1     ]')
error:  0.00004216
('out:    ', '[0.989 ]')
('correct:', '[1     ]')
error:  0.00006468
('out:    ', '[0.658 ]')
('correct:', '[1     ]')
error:  0.05851170
('out:    ', '[0.939 ]')
('correct:', '[1     ]')
error:  0.00187853
('out:    ', '[0.995 ]')
('correct:', '[1     ]')
error:  0.00001054
('out:    ', '[0.994 ]')
('correct:', '[1     ]')
error:  0.00001969
('out:    ', '[0.992 ]')
('correct:', '[1     ]')
error:  0.00003355
('out:    ', '[0.995 ]')
('correct:', '[1     ]')
error:  0.00001115
('out:    ', '[0.997 ]')
('correct:', '[1     ]')
error:  0.00000498
('out:    ', '[0.993 ]')
('correct:', '[1     ]')
error:  0.00002749
('out:    ', '[0.996 ]')
('correct:', '[1     ]')
error:  0.00000839
('out:    ', '[0.995 ]')
('correct:', '[1     ]')
error:  0.00001390
('out:    ', '[0.995 ]')
('correct:', '[1     ]')
error:  0.00001316
('out:    ', '[0.997 ]')
('correct:', '[1     ]')
error:  0.00000586
('out:    ', '[0.996 ]')
('correct:', '[1     ]')
error:  0.00001005
('out:    ', '[0.995 ]')
('correct:', '[1     ]')
error:  0.00001181
('out:    ', '[0.911 ]')
('correct:', '[1     ]')
error:  0.00392455
('out:    ', '[0.993 ]')
('correct:', '[1     ]')
error:  0.00002342
('out:    ', '[0.988 ]')
('correct:', '[1     ]')
error:  0.00007724
('out:    ', '[0.889 ]')
('correct:', '[1     ]')
error:  0.00618289
('out:    ', '[0.971 ]')
('correct:', '[1     ]')
error:  0.00042817
('out:    ', '[0.996 ]')
('correct:', '[1     ]')
error:  0.00000639
('out:    ', '[0.996 ]')
('correct:', '[1     ]')
error:  0.00000618
('out:    ', '[0.994 ]')
('correct:', '[1     ]')
error:  0.00001941
('out:    ', '[0.998 ]')
('correct:', '[1     ]')
error:  0.00000227
('out:    ', '[0.965 ]')
('correct:', '[1     ]')
error:  0.00060305
('out:    ', '[0.991 ]')
('correct:', '[1     ]')
error:  0.00004339
('out:    ', '[0.995 ]')
('correct:', '[1     ]')
error:  0.00001189
('out:    ', '[0.981 ]')
('correct:', '[1     ]')
error:  0.00018060
('out:    ', '[0.997 ]')
('correct:', '[1     ]')
error:  0.00000351
('out:    ', '[0.991 ]')
('correct:', '[1     ]')
error:  0.00004183
('out:    ', '[0.996 ]')
('correct:', '[1     ]')
error:  0.00000933
('out:    ', '[0.998 ]')
('correct:', '[1     ]')
error:  0.00000212
('out:    ', '[0.994 ]')
('correct:', '[1     ]')
error:  0.00001692
('out:    ', '[0.997 ]')
('correct:', '[1     ]')
error:  0.00000407
('out:    ', '[0.993 ]')
('correct:', '[1     ]')
error:  0.00002805
('out:    ', '[0.992 ]')
('correct:', '[1     ]')
error:  0.00003359
('out:    ', '[0.998 ]')
('correct:', '[1     ]')
error:  0.00000159
('out:    ', '[0.991 ]')
('correct:', '[1     ]')
error:  0.00003748
('out:    ', '[0.991 ]')
('correct:', '[1     ]')
error:  0.00003863
('out:    ', '[0.975 ]')
('correct:', '[1     ]')
error:  0.00030457
('out:    ', '[0.993 ]')
('correct:', '[1     ]')
error:  0.00002261
('out:    ', '[0.988 ]')
('correct:', '[1     ]')
error:  0.00006720
('out:    ', '[0.597 ]')
('correct:', '[1     ]')
error:  0.08125553
('out:    ', '[0.994 ]')
('correct:', '[1     ]')
error:  0.00001826
('out:    ', '[0.993 ]')
('correct:', '[1     ]')
error:  0.00002349
('out:    ', '[0.996 ]')
('correct:', '[1     ]')
error:  0.00000755
('out:    ', '[0.998 ]')
('correct:', '[1     ]')
error:  0.00000203
('out:    ', '[0.997 ]')
('correct:', '[1     ]')
error:  0.00000370
('out:    ', '[0.961 ]')
('correct:', '[1     ]')
error:  0.00075146
('out:    ', '[0.987 ]')
('correct:', '[1     ]')
error:  0.00008806
('out:    ', '[0.997 ]')
('correct:', '[1     ]')
error:  0.00000355
('out:    ', '[0.997 ]')
('correct:', '[1     ]')
error:  0.00000570
('out:    ', '[0.992 ]')
('correct:', '[1     ]')
error:  0.00003413
('out:    ', '[0.995 ]')
('correct:', '[1     ]')
error:  0.00001096
('out:    ', '[0.959 ]')
('correct:', '[1     ]')
error:  0.00085997
('out:    ', '[0.998 ]')
('correct:', '[1     ]')
error:  0.00000306
('out:    ', '[0.993 ]')
('correct:', '[1     ]')
error:  0.00002791
('out:    ', '[0.992 ]')
('correct:', '[1     ]')
error:  0.00003063
('out:    ', '[0.995 ]')
('correct:', '[1     ]')
error:  0.00001035
('out:    ', '[0.98  ]')
('correct:', '[1     ]')
error:  0.00020172
('out:    ', '[0.976 ]')
('correct:', '[1     ]')
error:  0.00029546
('out:    ', '[0.998 ]')
('correct:', '[1     ]')
error:  0.00000253
('out:    ', '[0.97  ]')
('correct:', '[1     ]')
error:  0.00044535
('out:    ', '[0.997 ]')
('correct:', '[1     ]')
error:  0.00000574
('out:    ', '[0.986 ]')
('correct:', '[1     ]')
error:  0.00009843
('out:    ', '[0.997 ]')
('correct:', '[1     ]')
error:  0.00000351
('out:    ', '[0.992 ]')
('correct:', '[1     ]')
error:  0.00002897
('out:    ', '[0.994 ]')
('correct:', '[1     ]')
error:  0.00002038
('out:    ', '[0.992 ]')
('correct:', '[1     ]')
error:  0.00002914
('out:    ', '[0.993 ]')
('correct:', '[1     ]')
error:  0.00002678
('out:    ', '[0.993 ]')
('correct:', '[1     ]')
error:  0.00002162
('out:    ', '[0.998 ]')
('correct:', '[1     ]')
error:  0.00000303
('out:    ', '[0.993 ]')
('correct:', '[1     ]')
error:  0.00002409
('out:    ', '[0.995 ]')
('correct:', '[1     ]')
error:  0.00001171
('out:    ', '[0.994 ]')
('correct:', '[1     ]')
error:  0.00001620
('out:    ', '[0.99  ]')
('correct:', '[1     ]')
error:  0.00005247
('out:    ', '[0.993 ]')
('correct:', '[1     ]')
error:  0.00002296
('out:    ', '[0.994 ]')
('correct:', '[1     ]')
error:  0.00001706
('out:    ', '[0.995 ]')
('correct:', '[1     ]')
error:  0.00001050
('out:    ', '[0.995 ]')
('correct:', '[1     ]')
error:  0.00001121
('out:    ', '[0.996 ]')
('correct:', '[1     ]')
error:  0.00000664
('out:    ', '[0.996 ]')
('correct:', '[1     ]')
error:  0.00000936
('out:    ', '[0.997 ]')
('correct:', '[1     ]')
error:  0.00000409
('out:    ', '[0.969 ]')
('correct:', '[1     ]')
error:  0.00046709
('out:    ', '[0.995 ]')
('correct:', '[1     ]')
error:  0.00001352
('out:    ', '[0.992 ]')
('correct:', '[1     ]')
error:  0.00003171
('out:    ', '[0.993 ]')
('correct:', '[1     ]')
error:  0.00002341
('out:    ', '[0.783 ]')
('correct:', '[1     ]')
error:  0.02349219
('out:    ', '[0.995 ]')
('correct:', '[1     ]')
error:  0.00001031
('out:    ', '[0.997 ]')
('correct:', '[1     ]')
error:  0.00000345
('out:    ', '[0.996 ]')
('correct:', '[1     ]')
error:  0.00000989
('out:    ', '[0.994 ]')
('correct:', '[1     ]')
error:  0.00001916
('out:    ', '[0.998 ]')
('correct:', '[1     ]')
error:  0.00000174
('out:    ', '[0.993 ]')
('correct:', '[1     ]')
error:  0.00002672
('out:    ', '[0.994 ]')
('correct:', '[1     ]')
error:  0.00001852
('out:    ', '[0.957 ]')
('correct:', '[1     ]')
error:  0.00090957
('out:    ', '[0.997 ]')
('correct:', '[1     ]')
error:  0.00000473
('out:    ', '[0.986 ]')
('correct:', '[1     ]')
error:  0.00010136
('out:    ', '[0.998 ]')
('correct:', '[1     ]')
error:  0.00000265
('out:    ', '[0.995 ]')
('correct:', '[1     ]')
error:  0.00001174
('out:    ', '[0.992 ]')
('correct:', '[1     ]')
error:  0.00003339
('out:    ', '[0.994 ]')
('correct:', '[1     ]')
error:  0.00001656
('out:    ', '[0.994 ]')
('correct:', '[1     ]')
error:  0.00001748
('out:    ', '[0.995 ]')
('correct:', '[1     ]')
error:  0.00001102
('out:    ', '[0.997 ]')
('correct:', '[1     ]')
error:  0.00000313
('out:    ', '[0.961 ]')
('correct:', '[1     ]')
error:  0.00077426
('out:    ', '[0.986 ]')
('correct:', '[1     ]')
error:  0.00010450
('out:    ', '[0.998 ]')
('correct:', '[1     ]')
error:  0.00000272
('out:    ', '[0.993 ]')
('correct:', '[1     ]')
error:  0.00002604
('out:    ', '[0.99  ]')
('correct:', '[1     ]')
error:  0.00005047
('out:    ', '[0.997 ]')
('correct:', '[1     ]')
error:  0.00000387
('out:    ', '[0.994 ]')
('correct:', '[1     ]')
error:  0.00001652
('out:    ', '[0.996 ]')
('correct:', '[1     ]')
error:  0.00000902
('out:    ', '[0.578 ]')
('correct:', '[1     ]')
error:  0.08896927
('out:    ', '[0.996 ]')
('correct:', '[1     ]')
error:  0.00000867
('out:    ', '[0.991 ]')
('correct:', '[1     ]')
error:  0.00004054
('out:    ', '[0.997 ]')
('correct:', '[1     ]')
error:  0.00000392
('out:    ', '[0.985 ]')
('correct:', '[1     ]')
error:  0.00011330
('out:    ', '[0.973 ]')
('correct:', '[1     ]')
error:  0.00036603
('out:    ', '[0.993 ]')
('correct:', '[1     ]')
error:  0.00002172
('out:    ', '[0.994 ]')
('correct:', '[1     ]')
error:  0.00002085
('out:    ', '[0.995 ]')
('correct:', '[1     ]')
error:  0.00001042
('out:    ', '[0.976 ]')
('correct:', '[1     ]')
error:  0.00029734
('out:    ', '[0.991 ]')
('correct:', '[1     ]')
error:  0.00004000
('out:    ', '[0.995 ]')
('correct:', '[1     ]')
error:  0.00001117
('out:    ', '[0.988 ]')
('correct:', '[1     ]')
error:  0.00007135
('out:    ', '[0.801 ]')
('correct:', '[1     ]')
error:  0.01989860
('out:    ', '[0.997 ]')
('correct:', '[1     ]')
error:  0.00000400
('out:    ', '[0.997 ]')
('correct:', '[1     ]')
error:  0.00000316
('out:    ', '[0.974 ]')
('correct:', '[1     ]')
error:  0.00034549
('out:    ', '[0.995 ]')
('correct:', '[1     ]')
error:  0.00001491
('out:    ', '[0.997 ]')
('correct:', '[1     ]')
error:  0.00000503
('out:    ', '[0.992 ]')
('correct:', '[1     ]')
error:  0.00002928
('out:    ', '[0.996 ]')
('correct:', '[1     ]')
error:  0.00000850
('out:    ', '[0.994 ]')
('correct:', '[1     ]')
error:  0.00001790
('out:    ', '[0.881 ]')
('correct:', '[1     ]')
error:  0.00711241
('out:    ', '[0.98  ]')
('correct:', '[1     ]')
error:  0.00020298
('out:    ', '[0.996 ]')
('correct:', '[1     ]')
error:  0.00000842
('out:    ', '[0.997 ]')
('correct:', '[1     ]')
error:  0.00000431
('out:    ', '[0.997 ]')
('correct:', '[1     ]')
error:  0.00000480
('out:    ', '[0.998 ]')
('correct:', '[1     ]')
error:  0.00000249
('out:    ', '[0.993 ]')
('correct:', '[1     ]')
error:  0.00002386
('out:    ', '[0.975 ]')
('correct:', '[1     ]')
error:  0.00031273
('out:    ', '[0.978 ]')
('correct:', '[1     ]')
error:  0.00023345
('out:    ', '[0.985 ]')
('correct:', '[1     ]')
error:  0.00011995
('out:    ', '[0.994 ]')
('correct:', '[1     ]')
error:  0.00001927
('out:    ', '[0.996 ]')
('correct:', '[1     ]')
error:  0.00000784
('out:    ', '[0.993 ]')
('correct:', '[1     ]')
error:  0.00002773
('out:    ', '[0.993 ]')
('correct:', '[1     ]')
error:  0.00002324
('out:    ', '[0.997 ]')
('correct:', '[1     ]')
error:  0.00000381
('out:    ', '[0.995 ]')
('correct:', '[1     ]')
error:  0.00001029
('out:    ', '[0.995 ]')
('correct:', '[1     ]')
error:  0.00001167
('out:    ', '[0.998 ]')
('correct:', '[1     ]')
error:  0.00000187
('out:    ', '[0.994 ]')
('correct:', '[1     ]')
error:  0.00001769
('out:    ', '[0.793 ]')
('correct:', '[1     ]')
error:  0.02145120
('out:    ', '[0.978 ]')
('correct:', '[1     ]')
error:  0.00023698
('out:    ', '[0.97  ]')
('correct:', '[1     ]')
error:  0.00043745
('out:    ', '[0.994 ]')
('correct:', '[1     ]')
error:  0.00001592
('out:    ', '[0.933 ]')
('correct:', '[1     ]')
error:  0.00222710
('out:    ', '[0.996 ]')
('correct:', '[1     ]')
error:  0.00000668
('out:    ', '[0.993 ]')
('correct:', '[1     ]')
error:  0.00002329
('out:    ', '[0.967 ]')
('correct:', '[1     ]')
error:  0.00054589
('out:    ', '[0.993 ]')
('correct:', '[1     ]')
error:  0.00002344
('out:    ', '[0.997 ]')
('correct:', '[1     ]')
error:  0.00000603
('out:    ', '[0.993 ]')
('correct:', '[1     ]')
error:  0.00002515
('out:    ', '[0.987 ]')
('correct:', '[1     ]')
error:  0.00008983
('out:    ', '[0.997 ]')
('correct:', '[1     ]')
error:  0.00000554
('out:    ', '[0.995 ]')
('correct:', '[1     ]')
error:  0.00001228
('out:    ', '[0.993 ]')
('correct:', '[1     ]')
error:  0.00002365
('out:    ', '[0.994 ]')
('correct:', '[1     ]')
error:  0.00001802
('out:    ', '[0.977 ]')
('correct:', '[1     ]')
error:  0.00026123
('out:    ', '[0.995 ]')
('correct:', '[1     ]')
error:  0.00001485
('out:    ', '[0.978 ]')
('correct:', '[1     ]')
error:  0.00025022
('out:    ', '[0.519 ]')
('correct:', '[0     ]')
error:  0.13479423
('out:    ', '[0.992 ]')
('correct:', '[1     ]')
error:  0.00003356
('out:    ', '[0.994 ]')
('correct:', '[1     ]')
error:  0.00001648
('out:    ', '[0.997 ]')
('correct:', '[1     ]')
error:  0.00000319
('out:    ', '[0.993 ]')
('correct:', '[1     ]')
error:  0.00002509
('out:    ', '[0.966 ]')
('correct:', '[1     ]')
error:  0.00057114
('out:    ', '[0.899 ]')
('correct:', '[1     ]')
error:  0.00514157
('out:    ', '[0.998 ]')
('correct:', '[1     ]')
error:  0.00000280
('out:    ', '[0.963 ]')
('correct:', '[1     ]')
error:  0.00066700
('out:    ', '[0.994 ]')
('correct:', '[1     ]')
error:  0.00001623
('out:    ', '[0.997 ]')
('correct:', '[1     ]')
error:  0.00000405
('out:    ', '[0.994 ]')
('correct:', '[1     ]')
error:  0.00001585
('out:    ', '[0.841 ]')
('correct:', '[1     ]')
error:  0.01268454
('out:    ', '[0.995 ]')
('correct:', '[1     ]')
error:  0.00001373
('out:    ', '[0.992 ]')
('correct:', '[1     ]')
error:  0.00003057
('out:    ', '[0.993 ]')
('correct:', '[1     ]')
error:  0.00002322
('out:    ', '[0.986 ]')
('correct:', '[1     ]')
error:  0.00009400
('out:    ', '[0.992 ]')
('correct:', '[1     ]')
error:  0.00002943
('out:    ', '[0.985 ]')
('correct:', '[1     ]')
error:  0.00011302
('out:    ', '[0.721 ]')
('correct:', '[1     ]')
error:  0.03892588
('out:    ', '[0.995 ]')
('correct:', '[1     ]')
error:  0.00001154
('out:    ', '[0.967 ]')
('correct:', '[1     ]')
error:  0.00055041
('out:    ', '[0.989 ]')
('correct:', '[1     ]')
error:  0.00005992
('out:    ', '[0.938 ]')
('correct:', '[1     ]')
error:  0.00191602
('out:    ', '[0.995 ]')
('correct:', '[1     ]')
error:  0.00001259
('out:    ', '[0.958 ]')
('correct:', '[1     ]')
error:  0.00088819
('out:    ', '[0.998 ]')
('correct:', '[1     ]')
error:  0.00000255
('out:    ', '[0.988 ]')
('correct:', '[1     ]')
error:  0.00006885
('out:    ', '[0.997 ]')
('correct:', '[1     ]')
error:  0.00000407
('out:    ', '[0.994 ]')
('correct:', '[1     ]')
error:  0.00001805
('out:    ', '[0.995 ]')
('correct:', '[1     ]')
error:  0.00001281
('out:    ', '[0.846 ]')
('correct:', '[1     ]')
error:  0.01178273
('out:    ', '[0.997 ]')
('correct:', '[1     ]')
error:  0.00000377
('out:    ', '[0.995 ]')
('correct:', '[1     ]')
error:  0.00001289
('out:    ', '[0.994 ]')
('correct:', '[1     ]')
error:  0.00001987
('out:    ', '[0.995 ]')
('correct:', '[1     ]')
error:  0.00001158
('out:    ', '[0.998 ]')
('correct:', '[1     ]')
error:  0.00000265
('out:    ', '[0.994 ]')
('correct:', '[1     ]')
error:  0.00001830
('out:    ', '[0.996 ]')
('correct:', '[1     ]')
error:  0.00000854
('out:    ', '[0.988 ]')
('correct:', '[1     ]')
error:  0.00007022
('out:    ', '[0.996 ]')
('correct:', '[1     ]')
error:  0.00000712
('out:    ', '[0.974 ]')
('correct:', '[1     ]')
error:  0.00033922
('out:    ', '[0.995 ]')
('correct:', '[1     ]')
error:  0.00001154
('out:    ', '[0.993 ]')
('correct:', '[1     ]')
error:  0.00002196
('out:    ', '[0.83  ]')
('correct:', '[1     ]')
error:  0.01449168
('out:    ', '[0.994 ]')
('correct:', '[1     ]')
error:  0.00001829
('out:    ', '[0.995 ]')
('correct:', '[1     ]')
error:  0.00001214
('out:    ', '[0.842 ]')
('correct:', '[1     ]')
error:  0.01250560
('out:    ', '[0.996 ]')
('correct:', '[1     ]')
error:  0.00001007
('out:    ', '[0.986 ]')
('correct:', '[1     ]')
error:  0.00010305
('out:    ', '[0.99  ]')
('correct:', '[1     ]')
error:  0.00005474
('out:    ', '[0.996 ]')
('correct:', '[1     ]')
error:  0.00000624
('out:    ', '[0.992 ]')
('correct:', '[1     ]')
error:  0.00002827
('out:    ', '[0.996 ]')
('correct:', '[1     ]')
error:  0.00000972
('out:    ', '[0.738 ]')
('correct:', '[1     ]')
error:  0.03422220
('out:    ', '[0.966 ]')
('correct:', '[1     ]')
error:  0.00058882
('out:    ', '[0.997 ]')
('correct:', '[1     ]')
error:  0.00000416
('out:    ', '[0.996 ]')
('correct:', '[1     ]')
error:  0.00000824
('out:    ', '[0.996 ]')
('correct:', '[1     ]')
error:  0.00000887
('out:    ', '[0.973 ]')
('correct:', '[1     ]')
error:  0.00035682
('out:    ', '[0.998 ]')
('correct:', '[1     ]')
error:  0.00000287
('out:    ', '[0.994 ]')
('correct:', '[1     ]')
error:  0.00001815
('out:    ', '[0.979 ]')
('correct:', '[1     ]')
error:  0.00021077
('out:    ', '[0.992 ]')
('correct:', '[1     ]')
error:  0.00002986
('out:    ', '[0.987 ]')
('correct:', '[1     ]')
error:  0.00008572
('out:    ', '[0.998 ]')
('correct:', '[1     ]')
error:  0.00000183
('out:    ', '[0.996 ]')
('correct:', '[1     ]')
error:  0.00000692
('out:    ', '[0.995 ]')
('correct:', '[1     ]')
error:  0.00001446
('out:    ', '[0.996 ]')
('correct:', '[1     ]')
error:  0.00000846
('out:    ', '[0.956 ]')
('correct:', '[1     ]')
error:  0.00095203
('out:    ', '[0.998 ]')
('correct:', '[1     ]')
error:  0.00000282
('out:    ', '[0.997 ]')
('correct:', '[1     ]')
error:  0.00000402
('out:    ', '[0.998 ]')
('correct:', '[1     ]')
error:  0.00000156
('out:    ', '[0.996 ]')
('correct:', '[1     ]')
error:  0.00000757
('out:    ', '[0.998 ]')
('correct:', '[1     ]')
error:  0.00000145
('out:    ', '[0.993 ]')
('correct:', '[1     ]')
error:  0.00002222
('out:    ', '[0.998 ]')
('correct:', '[1     ]')
error:  0.00000300
('out:    ', '[0.995 ]')
('correct:', '[1     ]')
error:  0.00001167
('out:    ', '[0.995 ]')
('correct:', '[1     ]')
error:  0.00001101
('out:    ', '[0.995 ]')
('correct:', '[1     ]')
error:  0.00001119
('out:    ', '[0.994 ]')
('correct:', '[1     ]')
error:  0.00001572
('out:    ', '[0.998 ]')
('correct:', '[1     ]')
error:  0.00000281
('out:    ', '[0.993 ]')
('correct:', '[1     ]')
error:  0.00002148
('out:    ', '[0.976 ]')
('correct:', '[1     ]')
error:  0.00029505
('out:    ', '[0.985 ]')
('correct:', '[1     ]')
error:  0.00011321
('out:    ', '[0.996 ]')
('correct:', '[1     ]')
error:  0.00000800
('out:    ', '[0.995 ]')
('correct:', '[1     ]')
error:  0.00001168
('out:    ', '[0.995 ]')
('correct:', '[1     ]')
error:  0.00001053
('out:    ', '[0.993 ]')
('correct:', '[1     ]')
error:  0.00002318
('out:    ', '[0.996 ]')
('correct:', '[1     ]')
error:  0.00000848
('out:    ', '[0.993 ]')
('correct:', '[1     ]')
error:  0.00002576
('out:    ', '[0.995 ]')
('correct:', '[1     ]')
error:  0.00001125
('out:    ', '[0.994 ]')
('correct:', '[1     ]')
error:  0.00001980
('out:    ', '[0.998 ]')
('correct:', '[1     ]')
error:  0.00000272
('out:    ', '[0.992 ]')
('correct:', '[1     ]')
error:  0.00003463
('out:    ', '[0.997 ]')
('correct:', '[1     ]')
error:  0.00000334
('out:    ', '[0.996 ]')
('correct:', '[1     ]')
error:  0.00000911
('out:    ', '[0.992 ]')
('correct:', '[1     ]')
error:  0.00003318
('out:    ', '[0.996 ]')
('correct:', '[1     ]')
error:  0.00000970
('out:    ', '[0.843 ]')
('correct:', '[1     ]')
error:  0.01227265
('out:    ', '[0.995 ]')
('correct:', '[1     ]')
error:  0.00001250
('out:    ', '[0.966 ]')
('correct:', '[1     ]')
error:  0.00057302
('out:    ', '[0.998 ]')
('correct:', '[1     ]')
error:  0.00000289
('out:    ', '[0.995 ]')
('correct:', '[1     ]')
error:  0.00001216
('out:    ', '[0.998 ]')
('correct:', '[1     ]')
error:  0.00000281
('out:    ', '[0.997 ]')
('correct:', '[1     ]')
error:  0.00000388
('out:    ', '[0.994 ]')
('correct:', '[1     ]')
error:  0.00001681
('out:    ', '[0.986 ]')
('correct:', '[1     ]')
error:  0.00009521
('out:    ', '[0.858 ]')
('correct:', '[1     ]')
error:  0.01002904
('out:    ', '[0.997 ]')
('correct:', '[1     ]')
error:  0.00000373
('out:    ', '[0.99  ]')
('correct:', '[1     ]')
error:  0.00004765
('out:    ', '[0.997 ]')
('correct:', '[1     ]')
error:  0.00000394
('out:    ', '[0.997 ]')
('correct:', '[1     ]')
error:  0.00000545
('out:    ', '[0.998 ]')
('correct:', '[1     ]')
error:  0.00000256
('out:    ', '[0.991 ]')
('correct:', '[1     ]')
error:  0.00003645
('out:    ', '[0.991 ]')
('correct:', '[1     ]')
error:  0.00003744
('out:    ', '[0.975 ]')
('correct:', '[1     ]')
error:  0.00031176
('out:    ', '[0.798 ]')
('correct:', '[1     ]')
error:  0.02043806
('out:    ', '[0.997 ]')
('correct:', '[1     ]')
error:  0.00000371
('out:    ', '[0.996 ]')
('correct:', '[1     ]')
error:  0.00000826
('out:    ', '[0.997 ]')
('correct:', '[1     ]')
error:  0.00000313
('out:    ', '[0.996 ]')
('correct:', '[1     ]')
error:  0.00000631
('out:    ', '[0.995 ]')
('correct:', '[1     ]')
error:  0.00001379
('out:    ', '[0.99  ]')
('correct:', '[1     ]')
error:  0.00004781
('out:    ', '[0.991 ]')
('correct:', '[1     ]')
error:  0.00003763
('out:    ', '[0.993 ]')
('correct:', '[1     ]')
error:  0.00002480
('out:    ', '[0.994 ]')
('correct:', '[1     ]')
error:  0.00001626
('out:    ', '[0.995 ]')
('correct:', '[1     ]')
error:  0.00001028
('out:    ', '[0.986 ]')
('correct:', '[1     ]')
error:  0.00009349
('out:    ', '[0.997 ]')
('correct:', '[1     ]')
error:  0.00000578
('out:    ', '[0.996 ]')
('correct:', '[1     ]')
error:  0.00000722
('out:    ', '[0.746 ]')
('correct:', '[1     ]')
error:  0.03213269
('out:    ', '[0.997 ]')
('correct:', '[1     ]')
error:  0.00000413
('out:    ', '[0.995 ]')
('correct:', '[1     ]')
error:  0.00001255
('out:    ', '[0.996 ]')
('correct:', '[1     ]')
error:  0.00001005
('out:    ', '[0.995 ]')
('correct:', '[1     ]')
error:  0.00001082
('out:    ', '[0.995 ]')
('correct:', '[1     ]')
error:  0.00001133
('out:    ', '[0.869 ]')
('correct:', '[1     ]')
error:  0.00854688
('out:    ', '[0.77  ]')
('correct:', '[1     ]')
error:  0.02637618
('out:    ', '[0.967 ]')
('correct:', '[1     ]')
error:  0.00052845
('out:    ', '[0.993 ]')
('correct:', '[1     ]')
error:  0.00002365
('out:    ', '[0.993 ]')
('correct:', '[1     ]')
error:  0.00002595
('out:    ', '[0.99  ]')
('correct:', '[1     ]')
error:  0.00005349
('out:    ', '[0.998 ]')
('correct:', '[1     ]')
error:  0.00000206
('out:    ', '[0.998 ]')
('correct:', '[1     ]')
error:  0.00000283
('out:    ', '[0.953 ]')
('correct:', '[1     ]')
error:  0.00111117
('out:    ', '[0.998 ]')
('correct:', '[1     ]')
error:  0.00000156
('out:    ', '[0.974 ]')
('correct:', '[1     ]')
error:  0.00032837
('out:    ', '[0.998 ]')
('correct:', '[1     ]')
error:  0.00000210
('out:    ', '[0.991 ]')
('correct:', '[1     ]')
error:  0.00004332
('out:    ', '[0.995 ]')
('correct:', '[1     ]')
error:  0.00001506
('out:    ', '[0.986 ]')
('correct:', '[1     ]')
error:  0.00009953
('out:    ', '[0.993 ]')
('correct:', '[1     ]')
error:  0.00002372
('out:    ', '[0.979 ]')
('correct:', '[1     ]')
error:  0.00022202
('out:    ', '[0.993 ]')
('correct:', '[1     ]')
error:  0.00002400
('out:    ', '[0.993 ]')
('correct:', '[1     ]')
error:  0.00002390
('out:    ', '[0.997 ]')
('correct:', '[1     ]')
error:  0.00000443
('out:    ', '[0.995 ]')
('correct:', '[1     ]')
error:  0.00001179
('out:    ', '[0.866 ]')
('correct:', '[1     ]')
error:  0.00900440
('out:    ', '[0.997 ]')
('correct:', '[1     ]')
error:  0.00000400
('out:    ', '[0.994 ]')
('correct:', '[1     ]')
error:  0.00001879
('out:    ', '[0.988 ]')
('correct:', '[1     ]')
error:  0.00006827
('out:    ', '[0.993 ]')
('correct:', '[1     ]')
error:  0.00002383
('out:    ', '[0.993 ]')
('correct:', '[0     ]')
error:  0.49288387
('out:    ', '[0.995 ]')
('correct:', '[1     ]')
error:  0.00001357
('out:    ', '[0.997 ]')
('correct:', '[1     ]')
error:  0.00000496
('out:    ', '[0.989 ]')
('correct:', '[1     ]')
error:  0.00005533
('out:    ', '[0.995 ]')
('correct:', '[1     ]')
error:  0.00001430
('out:    ', '[0.99  ]')
('correct:', '[1     ]')
error:  0.00005303
('out:    ', '[0.864 ]')
('correct:', '[1     ]')
error:  0.00918156
('out:    ', '[0.989 ]')
('correct:', '[1     ]')
error:  0.00006380
('out:    ', '[0.992 ]')
('correct:', '[1     ]')
error:  0.00003234
('out:    ', '[0.993 ]')
('correct:', '[1     ]')
error:  0.00002245
('out:    ', '[0.993 ]')
('correct:', '[1     ]')
error:  0.00002412
('out:    ', '[0.998 ]')
('correct:', '[1     ]')
error:  0.00000243
('out:    ', '[0.994 ]')
('correct:', '[1     ]')
error:  0.00001734
('out:    ', '[0.997 ]')
('correct:', '[1     ]')
error:  0.00000453
('out:    ', '[0.995 ]')
('correct:', '[1     ]')
error:  0.00001030
('out:    ', '[0.994 ]')
('correct:', '[1     ]')
error:  0.00001691
('out:    ', '[0.945 ]')
('correct:', '[1     ]')
error:  0.00152990
('out:    ', '[0.994 ]')
('correct:', '[1     ]')
error:  0.00001765
('out:    ', '[0.994 ]')
('correct:', '[1     ]')
error:  0.00001648
('out:    ', '[0.99  ]')
('correct:', '[1     ]')
error:  0.00004975
('out:    ', '[0.991 ]')
('correct:', '[1     ]')
error:  0.00004176
('out:    ', '[0.708 ]')
('correct:', '[1     ]')
error:  0.04255146
('out:    ', '[0.983 ]')
('correct:', '[1     ]')
error:  0.00014915
('out:    ', '[0.995 ]')
('correct:', '[1     ]')
error:  0.00001017
('out:    ', '[0.995 ]')
('correct:', '[1     ]')
error:  0.00001068
('out:    ', '[0.998 ]')
('correct:', '[1     ]')
error:  0.00000202
('out:    ', '[0.981 ]')
('correct:', '[1     ]')
error:  0.00018377
('out:    ', '[0.997 ]')
('correct:', '[1     ]')
error:  0.00000359
('out:    ', '[0.993 ]')
('correct:', '[1     ]')
error:  0.00002598
('out:    ', '[0.992 ]')
('correct:', '[1     ]')
error:  0.00003071
('out:    ', '[0.995 ]')
('correct:', '[1     ]')
error:  0.00001350
('out:    ', '[0.977 ]')
('correct:', '[1     ]')
error:  0.00027183
('out:    ', '[0.991 ]')
('correct:', '[1     ]')
error:  0.00003880
('out:    ', '[0.99  ]')
('correct:', '[1     ]')
error:  0.00005031
('out:    ', '[0.998 ]')
('correct:', '[1     ]')
error:  0.00000311
('out:    ', '[0.992 ]')
('correct:', '[1     ]')
error:  0.00003154
('out:    ', '[0.994 ]')
('correct:', '[1     ]')
error:  0.00001641
('out:    ', '[0.997 ]')
('correct:', '[1     ]')
error:  0.00000543
('out:    ', '[0.996 ]')
('correct:', '[1     ]')
error:  0.00000875
('out:    ', '[0.996 ]')
('correct:', '[1     ]')
error:  0.00001009
('out:    ', '[0.995 ]')
('correct:', '[1     ]')
error:  0.00001017
('out:    ', '[0.99  ]')
('correct:', '[1     ]')
error:  0.00004901
('out:    ', '[0.994 ]')
('correct:', '[1     ]')
error:  0.00002055
('out:    ', '[0.412 ]')
('correct:', '[1     ]')
error:  0.17289636
('out:    ', '[0.994 ]')
('correct:', '[1     ]')
error:  0.00001842
('out:    ', '[0.783 ]')
('correct:', '[1     ]')
error:  0.02350112
('out:    ', '[0.909 ]')
('correct:', '[1     ]')
error:  0.00411446
('out:    ', '[0.997 ]')
('correct:', '[1     ]')
error:  0.00000328
('out:    ', '[0.996 ]')
('correct:', '[1     ]')
error:  0.00000906
('out:    ', '[0.998 ]')
('correct:', '[1     ]')
error:  0.00000300
('out:    ', '[0.995 ]')
('correct:', '[1     ]')
error:  0.00001043
('out:    ', '[0.972 ]')
('correct:', '[1     ]')
error:  0.00038299
('out:    ', '[0.973 ]')
('correct:', '[1     ]')
error:  0.00035180
('out:    ', '[0.994 ]')
('correct:', '[1     ]')
error:  0.00001604
('out:    ', '[0.995 ]')
('correct:', '[1     ]')
error:  0.00001026
('out:    ', '[0.998 ]')
('correct:', '[1     ]')
error:  0.00000276
('out:    ', '[0.96  ]')
('correct:', '[0     ]')
error:  0.46041836
('out:    ', '[0.992 ]')
('correct:', '[1     ]')
error:  0.00003431
('out:    ', '[0.975 ]')
('correct:', '[1     ]')
error:  0.00032384
('out:    ', '[0.992 ]')
('correct:', '[1     ]')
error:  0.00003083
('out:    ', '[0.852 ]')
('correct:', '[1     ]')
error:  0.01093521
('out:    ', '[0.989 ]')
('correct:', '[1     ]')
error:  0.00006232
('out:    ', '[0.998 ]')
('correct:', '[1     ]')
error:  0.00000281
('out:    ', '[0.992 ]')
('correct:', '[1     ]')
error:  0.00002898
('out:    ', '[0.992 ]')
('correct:', '[1     ]')
error:  0.00003402
('out:    ', '[0.983 ]')
('correct:', '[1     ]')
error:  0.00014802
('out:    ', '[0.594 ]')
('correct:', '[0     ]')
error:  0.17639126
('out:    ', '[0.993 ]')
('correct:', '[1     ]')
error:  0.00002311
('out:    ', '[0.957 ]')
('correct:', '[1     ]')
error:  0.00094506
('out:    ', '[0.987 ]')
('correct:', '[1     ]')
error:  0.00008539
('out:    ', '[0.943 ]')
('correct:', '[1     ]')
error:  0.00160915
('out:    ', '[0.969 ]')
('correct:', '[1     ]')
error:  0.00047751
('out:    ', '[0.99  ]')
('correct:', '[1     ]')
error:  0.00004915
('out:    ', '[0.993 ]')
('correct:', '[1     ]')
error:  0.00002577
('out:    ', '[0.986 ]')
('correct:', '[1     ]')
error:  0.00010024
('out:    ', '[0.993 ]')
('correct:', '[1     ]')
error:  0.00002508
('out:    ', '[0.991 ]')
('correct:', '[1     ]')
error:  0.00003892
('out:    ', '[0.998 ]')
('correct:', '[1     ]')
error:  0.00000146
('out:    ', '[0.988 ]')
('correct:', '[1     ]')
error:  0.00006978
('out:    ', '[0.99  ]')
('correct:', '[1     ]')
error:  0.00004777
('out:    ', '[0.311 ]')
('correct:', '[1     ]')
error:  0.23753243
('out:    ', '[0.995 ]')
('correct:', '[1     ]')
error:  0.00001440
('out:    ', '[0.998 ]')
('correct:', '[1     ]')
error:  0.00000265
('out:    ', '[0.995 ]')
('correct:', '[1     ]')
error:  0.00001252
('out:    ', '[0.996 ]')
('correct:', '[1     ]')
error:  0.00000851
('out:    ', '[0.993 ]')
('correct:', '[1     ]')
error:  0.00002461
('out:    ', '[0.786 ]')
('correct:', '[1     ]')
error:  0.02280706
('out:    ', '[0.992 ]')
('correct:', '[1     ]')
error:  0.00002928
('out:    ', '[0.968 ]')
('correct:', '[1     ]')
error:  0.00051076
('out:    ', '[0.997 ]')
('correct:', '[1     ]')
error:  0.00000398
('out:    ', '[0.997 ]')
('correct:', '[1     ]')
error:  0.00000381
('out:    ', '[0.733 ]')
('correct:', '[1     ]')
error:  0.03561162
('out:    ', '[0.991 ]')
('correct:', '[1     ]')
error:  0.00003736
('out:    ', '[0.993 ]')
('correct:', '[1     ]')
error:  0.00002380
('out:    ', '[0.991 ]')
('correct:', '[1     ]')
error:  0.00003639
('out:    ', '[0.991 ]')
('correct:', '[1     ]')
error:  0.00003958
('out:    ', '[0.95  ]')
('correct:', '[1     ]')
error:  0.00122771
('out:    ', '[0.579 ]')
('correct:', '[1     ]')
error:  0.08876262
('out:    ', '[0.998 ]')
('correct:', '[1     ]')
error:  0.00000280
('out:    ', '[0.992 ]')
('correct:', '[1     ]')
error:  0.00002852
('out:    ', '[0.997 ]')
('correct:', '[1     ]')
error:  0.00000356
('out:    ', '[0.998 ]')
('correct:', '[1     ]')
error:  0.00000256
('out:    ', '[0.994 ]')
('correct:', '[1     ]')
error:  0.00001788
('out:    ', '[0.994 ]')
('correct:', '[1     ]')
error:  0.00001977
('out:    ', '[0.992 ]')
('correct:', '[1     ]')
error:  0.00003304
('out:    ', '[0.995 ]')
('correct:', '[1     ]')
error:  0.00001024
('out:    ', '[0.991 ]')
('correct:', '[1     ]')
error:  0.00004288
('out:    ', '[0.977 ]')
('correct:', '[1     ]')
error:  0.00026869
('out:    ', '[0.996 ]')
('correct:', '[1     ]')
error:  0.00000981
('out:    ', '[0.997 ]')
('correct:', '[1     ]')
error:  0.00000559
('out:    ', '[0.993 ]')
('correct:', '[1     ]')
error:  0.00002313
('out:    ', '[0.988 ]')
('correct:', '[1     ]')
error:  0.00007134
('out:    ', '[0.929 ]')
('correct:', '[1     ]')
error:  0.00255291
('out:    ', '[0.998 ]')
('correct:', '[1     ]')
error:  0.00000145
('out:    ', '[0.997 ]')
('correct:', '[1     ]')
error:  0.00000401
('out:    ', '[0.994 ]')
('correct:', '[1     ]')
error:  0.00001767
('out:    ', '[0.983 ]')
('correct:', '[1     ]')
error:  0.00013948
('out:    ', '[0.993 ]')
('correct:', '[1     ]')
error:  0.00002115
('out:    ', '[0.992 ]')
('correct:', '[1     ]')
error:  0.00002951
('out:    ', '[0.953 ]')
('correct:', '[1     ]')
error:  0.00108689
('out:    ', '[0.986 ]')
('correct:', '[1     ]')
error:  0.00009979
('out:    ', '[0.993 ]')
('correct:', '[1     ]')
error:  0.00002640
('out:    ', '[0.971 ]')
('correct:', '[1     ]')
error:  0.00042277
('out:    ', '[0.993 ]')
('correct:', '[1     ]')
error:  0.00002346
('out:    ', '[0.996 ]')
('correct:', '[1     ]')
error:  0.00000890
('out:    ', '[0.889 ]')
('correct:', '[1     ]')
error:  0.00621456
('out:    ', '[0.994 ]')
('correct:', '[1     ]')
error:  0.00001984
('out:    ', '[0.993 ]')
('correct:', '[1     ]')
error:  0.00002273
('out:    ', '[0.993 ]')
('correct:', '[1     ]')
error:  0.00002494
('out:    ', '[0.979 ]')
('correct:', '[1     ]')
error:  0.00022297
('out:    ', '[0.993 ]')
('correct:', '[1     ]')
error:  0.00002388
('out:    ', '[0.995 ]')
('correct:', '[1     ]')
error:  0.00001223
('out:    ', '[0.983 ]')
('correct:', '[1     ]')
error:  0.00013756
('out:    ', '[0.991 ]')
('correct:', '[1     ]')
error:  0.00003698
('out:    ', '[0.965 ]')
('correct:', '[1     ]')
error:  0.00061377
('out:    ', '[0.995 ]')
('correct:', '[1     ]')
error:  0.00001447
('out:    ', '[0.998 ]')
('correct:', '[1     ]')
error:  0.00000300
('out:    ', '[0.993 ]')
('correct:', '[1     ]')
error:  0.00002255
('out:    ', '[0.991 ]')
('correct:', '[1     ]')
error:  0.00004297
('out:    ', '[0.616 ]')
('correct:', '[1     ]')
error:  0.07383734
('out:    ', '[0.996 ]')
('correct:', '[1     ]')
error:  0.00001011
('out:    ', '[0.995 ]')
('correct:', '[1     ]')
error:  0.00001139
('out:    ', '[0.984 ]')
('correct:', '[1     ]')
error:  0.00012737
('out:    ', '[0.998 ]')
('correct:', '[1     ]')
error:  0.00000277
('out:    ', '[0.975 ]')
('correct:', '[1     ]')
error:  0.00031143
('out:    ', '[0.993 ]')
('correct:', '[1     ]')
error:  0.00002486
('out:    ', '[0.993 ]')
('correct:', '[1     ]')
error:  0.00002602
('out:    ', '[0.997 ]')
('correct:', '[1     ]')
error:  0.00000400
('out:    ', '[0.994 ]')
('correct:', '[1     ]')
error:  0.00001663
('out:    ', '[0.861 ]')
('correct:', '[1     ]')
error:  0.00970092
('out:    ', '[0.994 ]')
('correct:', '[1     ]')
error:  0.00001758
('out:    ', '[0.983 ]')
('correct:', '[1     ]')
error:  0.00014500
('out:    ', '[0.997 ]')
('correct:', '[1     ]')
error:  0.00000356
('out:    ', '[0.983 ]')
('correct:', '[1     ]')
error:  0.00014255
('out:    ', '[0.969 ]')
('correct:', '[1     ]')
error:  0.00048506
('out:    ', '[0.996 ]')
('correct:', '[1     ]')
error:  0.00000989
('out:    ', '[0.995 ]')
('correct:', '[1     ]')
error:  0.00001153
('out:    ', '[0.993 ]')
('correct:', '[1     ]')
error:  0.00002115
('out:    ', '[0.996 ]')
('correct:', '[1     ]')
error:  0.00000962
('out:    ', '[0.994 ]')
('correct:', '[1     ]')
error:  0.00001668
('out:    ', '[0.997 ]')
('correct:', '[1     ]')
error:  0.00000604
('out:    ', '[0.997 ]')
('correct:', '[1     ]')
error:  0.00000374
('out:    ', '[0.995 ]')
('correct:', '[1     ]')
error:  0.00001480
('out:    ', '[0.997 ]')
('correct:', '[1     ]')
error:  0.00000476
('out:    ', '[0.997 ]')
('correct:', '[1     ]')
error:  0.00000321
('out:    ', '[0.998 ]')
('correct:', '[1     ]')
error:  0.00000180
('out:    ', '[0.995 ]')
('correct:', '[1     ]')
error:  0.00001453
('out:    ', '[0.985 ]')
('correct:', '[1     ]')
error:  0.00011886
('out:    ', '[0.993 ]')
('correct:', '[1     ]')
error:  0.00002426
('out:    ', '[0.998 ]')
('correct:', '[1     ]')
error:  0.00000281
('out:    ', '[0.988 ]')
('correct:', '[1     ]')
error:  0.00007108
('out:    ', '[0.939 ]')
('correct:', '[1     ]')
error:  0.00187806
('out:    ', '[0.995 ]')
('correct:', '[1     ]')
error:  0.00001296
('out:    ', '[0.995 ]')
('correct:', '[1     ]')
error:  0.00001030
('out:    ', '[0.992 ]')
('correct:', '[1     ]')
error:  0.00003603
('out:    ', '[0.982 ]')
('correct:', '[1     ]')
error:  0.00015999
('out:    ', '[0.995 ]')
('correct:', '[1     ]')
error:  0.00001052
('out:    ', '[0.998 ]')
('correct:', '[1     ]')
error:  0.00000271
('out:    ', '[0.995 ]')
('correct:', '[1     ]')
error:  0.00001466
('out:    ', '[0.992 ]')
('correct:', '[1     ]')
error:  0.00003026
('out:    ', '[0.998 ]')
('correct:', '[1     ]')
error:  0.00000232
('out:    ', '[0.843 ]')
('correct:', '[1     ]')
error:  0.01235617
('out:    ', '[0.976 ]')
('correct:', '[1     ]')
error:  0.00029444
('out:    ', '[0.98  ]')
('correct:', '[1     ]')
error:  0.00019225
('out:    ', '[0.997 ]')
('correct:', '[1     ]')
error:  0.00000580
('out:    ', '[0.997 ]')
('correct:', '[1     ]')
error:  0.00000575
('out:    ', '[0.997 ]')
('correct:', '[1     ]')
error:  0.00000313
('out:    ', '[0.994 ]')
('correct:', '[1     ]')
error:  0.00001563
('out:    ', '[0.995 ]')
('correct:', '[1     ]')
error:  0.00001186
('out:    ', '[0.989 ]')
('correct:', '[1     ]')
error:  0.00006448
('out:    ', '[0.759 ]')
('correct:', '[1     ]')
error:  0.02914728
('out:    ', '[0.995 ]')
('correct:', '[1     ]')
error:  0.00001052
('out:    ', '[0.979 ]')
('correct:', '[1     ]')
error:  0.00021164
('out:    ', '[0.997 ]')
('correct:', '[1     ]')
error:  0.00000525
('out:    ', '[0.994 ]')
('correct:', '[1     ]')
error:  0.00001662
('out:    ', '[0.995 ]')
('correct:', '[1     ]')
error:  0.00001062
('out:    ', '[0.951 ]')
('correct:', '[1     ]')
error:  0.00117677
('out:    ', '[0.99  ]')
('correct:', '[1     ]')
error:  0.00004594
('out:    ', '[0.998 ]')
('correct:', '[1     ]')
error:  0.00000309
('out:    ', '[0.994 ]')
('correct:', '[1     ]')
error:  0.00001866
('out:    ', '[0.994 ]')
('correct:', '[1     ]')
error:  0.00001540
('out:    ', '[0.977 ]')
('correct:', '[1     ]')
error:  0.00026378
('out:    ', '[0.984 ]')
('correct:', '[1     ]')
error:  0.00012086
('out:    ', '[0.995 ]')
('correct:', '[1     ]')
error:  0.00001109
('out:    ', '[0.998 ]')
('correct:', '[1     ]')
error:  0.00000281
('out:    ', '[0.985 ]')
('correct:', '[1     ]')
error:  0.00011563
('out:    ', '[0.993 ]')
('correct:', '[1     ]')
error:  0.00002347
('out:    ', '[0.998 ]')
('correct:', '[1     ]')
error:  0.00000301
('out:    ', '[0.994 ]')
('correct:', '[1     ]')
error:  0.00001749
('out:    ', '[0.987 ]')
('correct:', '[1     ]')
error:  0.00008644
('out:    ', '[0.994 ]')
('correct:', '[1     ]')
error:  0.00001585
('out:    ', '[0.996 ]')
('correct:', '[1     ]')
error:  0.00000727
('out:    ', '[0.998 ]')
('correct:', '[1     ]')
error:  0.00000279
('out:    ', '[0.995 ]')
('correct:', '[1     ]')
error:  0.00001351
('out:    ', '[0.995 ]')
('correct:', '[1     ]')
error:  0.00001043
('out:    ', '[0.988 ]')
('correct:', '[1     ]')
error:  0.00007042
('out:    ', '[0.983 ]')
('correct:', '[1     ]')
error:  0.00013812
('out:    ', '[0.993 ]')
('correct:', '[1     ]')
error:  0.00002308
('out:    ', '[0.76  ]')
('correct:', '[1     ]')
error:  0.02888784
('out:    ', '[0.972 ]')
('correct:', '[1     ]')
error:  0.00039079
('out:    ', '[0.996 ]')
('correct:', '[1     ]')
error:  0.00000969
('out:    ', '[0.998 ]')
('correct:', '[1     ]')
error:  0.00000211
('out:    ', '[0.983 ]')
('correct:', '[1     ]')
error:  0.00014929
('out:    ', '[0.991 ]')
('correct:', '[1     ]')
error:  0.00004080
('out:    ', '[0.991 ]')
('correct:', '[1     ]')
error:  0.00003693
('out:    ', '[0.997 ]')
('correct:', '[1     ]')
error:  0.00000506
('out:    ', '[0.997 ]')
('correct:', '[1     ]')
error:  0.00000499
('out:    ', '[0.99  ]')
('correct:', '[1     ]')
error:  0.00005089
('out:    ', '[0.994 ]')
('correct:', '[1     ]')
error:  0.00001642
('out:    ', '[0.991 ]')
('correct:', '[1     ]')
error:  0.00003998
('out:    ', '[0.997 ]')
('correct:', '[1     ]')
error:  0.00000332
('out:    ', '[0.996 ]')
('correct:', '[1     ]')
error:  0.00000933
('out:    ', '[0.974 ]')
('correct:', '[1     ]')
error:  0.00034758
('out:    ', '[0.992 ]')
('correct:', '[1     ]')
error:  0.00003142
('out:    ', '[0.993 ]')
('correct:', '[1     ]')
error:  0.00002482
('out:    ', '[0.998 ]')
('correct:', '[1     ]')
error:  0.00000144
('out:    ', '[0.994 ]')
('correct:', '[1     ]')
error:  0.00001639
('out:    ', '[0.998 ]')
('correct:', '[1     ]')
error:  0.00000271
('out:    ', '[0.953 ]')
('correct:', '[1     ]')
error:  0.00109161
('out:    ', '[0.99  ]')
('correct:', '[1     ]')
error:  0.00004683
('out:    ', '[0.997 ]')
('correct:', '[1     ]')
error:  0.00000437
('out:    ', '[0.993 ]')
('correct:', '[1     ]')
error:  0.00002508
('out:    ', '[0.997 ]')
('correct:', '[1     ]')
error:  0.00000422
('out:    ', '[0.993 ]')
('correct:', '[1     ]')
error:  0.00002356
('out:    ', '[0.994 ]')
('correct:', '[1     ]')
error:  0.00001862
('out:    ', '[0.99  ]')
('correct:', '[1     ]')
error:  0.00004520
('out:    ', '[0.99  ]')
('correct:', '[1     ]')
error:  0.00004660
('out:    ', '[0.994 ]')
('correct:', '[1     ]')
error:  0.00001816
('out:    ', '[0.971 ]')
('correct:', '[1     ]')
error:  0.00043324
('out:    ', '[0.942 ]')
('correct:', '[1     ]')
error:  0.00168789
('out:    ', '[0.985 ]')
('correct:', '[1     ]')
error:  0.00011910
('out:    ', '[0.993 ]')
('correct:', '[1     ]')
error:  0.00002665
('out:    ', '[0.996 ]')
('correct:', '[1     ]')
error:  0.00000770
('out:    ', '[0.994 ]')
('correct:', '[1     ]')
error:  0.00001808
('out:    ', '[0.955 ]')
('correct:', '[1     ]')
error:  0.00101069
('out:    ', '[0.801 ]')
('correct:', '[1     ]')
error:  0.01975407
('out:    ', '[0.994 ]')
('correct:', '[1     ]')
error:  0.00001615
('out:    ', '[0.944 ]')
('correct:', '[1     ]')
error:  0.00158776
('out:    ', '[0.993 ]')
('correct:', '[1     ]')
error:  0.00002339
('out:    ', '[0.996 ]')
('correct:', '[1     ]')
error:  0.00000864
('out:    ', '[0.713 ]')
('correct:', '[1     ]')
error:  0.04117024
('out:    ', '[0.852 ]')
('correct:', '[1     ]')
error:  0.01088202
('out:    ', '[0.998 ]')
('correct:', '[1     ]')
error:  0.00000244
('out:    ', '[0.996 ]')
('correct:', '[1     ]')
error:  0.00000972
('out:    ', '[0.819 ]')
('correct:', '[1     ]')
error:  0.01632081
('out:    ', '[0.985 ]')
('correct:', '[1     ]')
error:  0.00010660
('out:    ', '[0.872 ]')
('correct:', '[0     ]')
error:  0.38061954
('out:    ', '[0.995 ]')
('correct:', '[1     ]')
error:  0.00001362
('out:    ', '[0.993 ]')
('correct:', '[1     ]')
error:  0.00002589
('out:    ', '[0.998 ]')
('correct:', '[1     ]')
error:  0.00000223
('out:    ', '[0.926 ]')
('correct:', '[1     ]')
error:  0.00275862
('out:    ', '[0.997 ]')
('correct:', '[1     ]')
error:  0.00000531
('out:    ', '[0.94  ]')
('correct:', '[1     ]')
error:  0.00181177
('out:    ', '[0.967 ]')
('correct:', '[1     ]')
error:  0.00055027
('out:    ', '[0.998 ]')
('correct:', '[1     ]')
error:  0.00000233
('out:    ', '[0.996 ]')
('correct:', '[1     ]')
error:  0.00000987
('out:    ', '[0.993 ]')
('correct:', '[1     ]')
error:  0.00002255
('out:    ', '[0.948 ]')
('correct:', '[1     ]')
error:  0.00132678
('out:    ', '[0.912 ]')
('correct:', '[1     ]')
error:  0.00385828
('out:    ', '[0.982 ]')
('correct:', '[1     ]')
error:  0.00016672
('out:    ', '[0.996 ]')
('correct:', '[1     ]')
error:  0.00000907
('out:    ', '[0.982 ]')
('correct:', '[1     ]')
error:  0.00016393
('out:    ', '[0.98  ]')
('correct:', '[1     ]')
error:  0.00019382
('out:    ', '[0.952 ]')
('correct:', '[1     ]')
error:  0.00114925
('out:    ', '[0.997 ]')
('correct:', '[1     ]')
error:  0.00000387
('out:    ', '[0.993 ]')
('correct:', '[1     ]')
error:  0.00002282
('out:    ', '[0.989 ]')
('correct:', '[1     ]')
error:  0.00005535
('out:    ', '[0.995 ]')
('correct:', '[1     ]')
error:  0.00001371
('out:    ', '[0.997 ]')
('correct:', '[1     ]')
error:  0.00000374
('out:    ', '[0.821 ]')
('correct:', '[1     ]')
error:  0.01602873
('out:    ', '[0.995 ]')
('correct:', '[1     ]')
error:  0.00001042
('out:    ', '[0.992 ]')
('correct:', '[1     ]')
error:  0.00003452
('out:    ', '[0.912 ]')
('correct:', '[1     ]')
error:  0.00390468
('out:    ', '[0.97  ]')
('correct:', '[1     ]')
error:  0.00046271
('out:    ', '[0.996 ]')
('correct:', '[1     ]')
error:  0.00000732
('out:    ', '[0.997 ]')
('correct:', '[1     ]')
error:  0.00000416
('out:    ', '[0.989 ]')
('correct:', '[1     ]')
error:  0.00006465
('out:    ', '[0.984 ]')
('correct:', '[1     ]')
error:  0.00013222
('out:    ', '[0.995 ]')
('correct:', '[1     ]')
error:  0.00001501
('out:    ', '[0.996 ]')
('correct:', '[1     ]')
error:  0.00000626
('out:    ', '[0.975 ]')
('correct:', '[1     ]')
error:  0.00032163
('out:    ', '[0.957 ]')
('correct:', '[1     ]')
error:  0.00092922
('out:    ', '[0.793 ]')
('correct:', '[1     ]')
error:  0.02147792
('out:    ', '[0.984 ]')
('correct:', '[1     ]')
error:  0.00012132
('out:    ', '[0.997 ]')
('correct:', '[1     ]')
error:  0.00000608
('out:    ', '[0.991 ]')
('correct:', '[1     ]')
error:  0.00003624
('out:    ', '[0.996 ]')
('correct:', '[1     ]')
error:  0.00000822
('out:    ', '[0.993 ]')
('correct:', '[1     ]')
error:  0.00002310
('out:    ', '[0.995 ]')
('correct:', '[1     ]')
error:  0.00001056
('out:    ', '[0.996 ]')
('correct:', '[1     ]')
error:  0.00000625
('out:    ', '[0.995 ]')
('correct:', '[1     ]')
error:  0.00001073
('out:    ', '[0.993 ]')
('correct:', '[1     ]')
error:  0.00002367
('out:    ', '[0.997 ]')
('correct:', '[1     ]')
error:  0.00000500
('out:    ', '[0.993 ]')
('correct:', '[1     ]')
error:  0.00002294
('out:    ', '[0.958 ]')
('correct:', '[1     ]')
error:  0.00090046
('out:    ', '[0.898 ]')
('correct:', '[1     ]')
error:  0.00516058
('out:    ', '[0.991 ]')
('correct:', '[1     ]')
error:  0.00003767
('out:    ', '[0.993 ]')
('correct:', '[1     ]')
error:  0.00002214
('out:    ', '[0.994 ]')
('correct:', '[1     ]')
error:  0.00001513
('out:    ', '[0.997 ]')
('correct:', '[1     ]')
error:  0.00000325
('out:    ', '[0.978 ]')
('correct:', '[1     ]')
error:  0.00025130
('out:    ', '[0.997 ]')
('correct:', '[1     ]')
error:  0.00000445
('out:    ', '[0.992 ]')
('correct:', '[1     ]')
error:  0.00003454
('out:    ', '[0.974 ]')
('correct:', '[1     ]')
error:  0.00033884
('out:    ', '[0.998 ]')
('correct:', '[1     ]')
error:  0.00000201
('out:    ', '[0.959 ]')
('correct:', '[1     ]')
error:  0.00084484
('out:    ', '[0.996 ]')
('correct:', '[1     ]')
error:  0.00000913
('out:    ', '[0.996 ]')
('correct:', '[1     ]')
error:  0.00000750
('out:    ', '[0.995 ]')
('correct:', '[1     ]')
error:  0.00001151
('out:    ', '[0.995 ]')
('correct:', '[1     ]')
error:  0.00001178
('out:    ', '[0.99  ]')
('correct:', '[1     ]')
error:  0.00005336
('out:    ', '[0.991 ]')
('correct:', '[1     ]')
error:  0.00003855
('out:    ', '[0.994 ]')
('correct:', '[1     ]')
error:  0.00001744
('out:    ', '[0.99  ]')
('correct:', '[1     ]')
error:  0.00005053
('out:    ', '[0.997 ]')
('correct:', '[1     ]')
error:  0.00000395
('out:    ', '[0.992 ]')
('correct:', '[1     ]')
error:  0.00003473
('out:    ', '[0.998 ]')
('correct:', '[1     ]')
error:  0.00000270
('out:    ', '[0.993 ]')
('correct:', '[1     ]')
error:  0.00002184
('out:    ', '[0.941 ]')
('correct:', '[1     ]')
error:  0.00172477
('out:    ', '[0.974 ]')
('correct:', '[1     ]')
error:  0.00034471
('out:    ', '[0.997 ]')
('correct:', '[1     ]')
error:  0.00000367
('out:    ', '[0.997 ]')
('correct:', '[1     ]')
error:  0.00000554
('out:    ', '[0.998 ]')
('correct:', '[1     ]')
error:  0.00000203
('out:    ', '[0.995 ]')
('correct:', '[1     ]')
error:  0.00001119
('out:    ', '[0.993 ]')
('correct:', '[1     ]')
error:  0.00002298
('out:    ', '[0.977 ]')
('correct:', '[1     ]')
error:  0.00026158
('out:    ', '[0.995 ]')
('correct:', '[1     ]')
error:  0.00001028
('out:    ', '[0.997 ]')
('correct:', '[1     ]')
error:  0.00000426
('out:    ', '[0.993 ]')
('correct:', '[1     ]')
error:  0.00002409
('out:    ', '[0.995 ]')
('correct:', '[1     ]')
error:  0.00001086
('out:    ', '[0.861 ]')
('correct:', '[1     ]')
error:  0.00971650
('out:    ', '[0.998 ]')
('correct:', '[1     ]')
error:  0.00000259
('out:    ', '[0.99  ]')
('correct:', '[1     ]')
error:  0.00004972
('out:    ', '[0.997 ]')
('correct:', '[1     ]')
error:  0.00000462
('out:    ', '[0.985 ]')
('correct:', '[1     ]')
error:  0.00011054
('out:    ', '[0.936 ]')
('correct:', '[1     ]')
error:  0.00207491
('out:    ', '[0.995 ]')
('correct:', '[1     ]')
error:  0.00001238
('out:    ', '[0.993 ]')
('correct:', '[1     ]')
error:  0.00002324
('out:    ', '[0.985 ]')
('correct:', '[1     ]')
error:  0.00011445
('out:    ', '[0.995 ]')
('correct:', '[1     ]')
error:  0.00001350
('out:    ', '[0.998 ]')
('correct:', '[1     ]')
error:  0.00000278
('out:    ', '[0.994 ]')
('correct:', '[1     ]')
error:  0.00001795
('out:    ', '[0.978 ]')
('correct:', '[1     ]')
error:  0.00023494
('out:    ', '[0.991 ]')
('correct:', '[1     ]')
error:  0.00004044
('out:    ', '[0.994 ]')
('correct:', '[1     ]')
error:  0.00001650
('out:    ', '[0.998 ]')
('correct:', '[1     ]')
error:  0.00000280
('out:    ', '[0.704 ]')
('correct:', '[0     ]')
error:  0.24755627
('out:    ', '[0.708 ]')
('correct:', '[1     ]')
error:  0.04254043
('out:    ', '[0.665 ]')
('correct:', '[1     ]')
error:  0.05602595
('out:    ', '[0.998 ]')
('correct:', '[1     ]')
error:  0.00000309
('out:    ', '[0.995 ]')
('correct:', '[1     ]')
error:  0.00001016
('out:    ', '[0.997 ]')
('correct:', '[1     ]')
error:  0.00000335
('out:    ', '[0.995 ]')
('correct:', '[1     ]')
error:  0.00001053
('out:    ', '[0.989 ]')
('correct:', '[1     ]')
error:  0.00005633
('out:    ', '[0.995 ]')
('correct:', '[1     ]')
error:  0.00001067
('out:    ', '[0.993 ]')
('correct:', '[1     ]')
error:  0.00002381
('out:    ', '[0.994 ]')
('correct:', '[1     ]')
error:  0.00001643
('out:    ', '[0.959 ]')
('correct:', '[1     ]')
error:  0.00085163
('out:    ', '[0.997 ]')
('correct:', '[1     ]')
error:  0.00000415
('out:    ', '[0.994 ]')
('correct:', '[1     ]')
error:  0.00001676
('out:    ', '[0.995 ]')
('correct:', '[1     ]')
error:  0.00001085
('out:    ', '[0.99  ]')
('correct:', '[1     ]')
error:  0.00004908
('out:    ', '[0.974 ]')
('correct:', '[1     ]')
error:  0.00034239
('out:    ', '[0.992 ]')
('correct:', '[1     ]')
error:  0.00003331
('out:    ', '[0.991 ]')
('correct:', '[1     ]')
error:  0.00003877
('out:    ', '[0.811 ]')
('correct:', '[1     ]')
error:  0.01781427
('out:    ', '[0.991 ]')
('correct:', '[1     ]')
error:  0.00004282
('out:    ', '[0.997 ]')
('correct:', '[1     ]')
error:  0.00000575
('out:    ', '[0.993 ]')
('correct:', '[1     ]')
error:  0.00002295
('out:    ', '[0.996 ]')
('correct:', '[1     ]')
error:  0.00000657
('out:    ', '[0.989 ]')
('correct:', '[1     ]')
error:  0.00005877
('out:    ', '[0.996 ]')
('correct:', '[1     ]')
error:  0.00000977
('out:    ', '[0.992 ]')
('correct:', '[1     ]')
error:  0.00003211
('out:    ', '[0.245 ]')
('correct:', '[1     ]')
error:  0.28529546
('out:    ', '[0.992 ]')
('correct:', '[1     ]')
error:  0.00003521
('out:    ', '[0.993 ]')
('correct:', '[1     ]')
error:  0.00002303
('out:    ', '[0.978 ]')
('correct:', '[1     ]')
error:  0.00024316
('out:    ', '[0.988 ]')
('correct:', '[1     ]')
error:  0.00006804
('out:    ', '[0.993 ]')
('correct:', '[1     ]')
error:  0.00002483
('out:    ', '[0.994 ]')
('correct:', '[1     ]')
error:  0.00002075
('out:    ', '[0.958 ]')
('correct:', '[1     ]')
error:  0.00089417
('out:    ', '[0.993 ]')
('correct:', '[1     ]')
error:  0.00002185
('out:    ', '[0.994 ]')
('correct:', '[1     ]')
error:  0.00002086
('out:    ', '[0.995 ]')
('correct:', '[1     ]')
error:  0.00001028
('out:    ', '[0.862 ]')
('correct:', '[1     ]')
error:  0.00951866
('out:    ', '[0.992 ]')
('correct:', '[1     ]')
error:  0.00003331
('out:    ', '[0.995 ]')
('correct:', '[1     ]')
error:  0.00001035
('out:    ', '[0.989 ]')
('correct:', '[1     ]')
error:  0.00006369
('out:    ', '[0.996 ]')
('correct:', '[1     ]')
error:  0.00000660
('out:    ', '[0.967 ]')
('correct:', '[1     ]')
error:  0.00054624
('out:    ', '[0.949 ]')
('correct:', '[1     ]')
error:  0.00131323
('out:    ', '[0.989 ]')
('correct:', '[1     ]')
error:  0.00005582
('out:    ', '[0.994 ]')
('correct:', '[1     ]')
error:  0.00001712
('out:    ', '[0.998 ]')
('correct:', '[1     ]')
error:  0.00000180
('out:    ', '[0.997 ]')
('correct:', '[1     ]')
error:  0.00000399
('out:    ', '[0.996 ]')
('correct:', '[1     ]')
error:  0.00000975
('out:    ', '[0.966 ]')
('correct:', '[1     ]')
error:  0.00056533
('out:    ', '[0.631 ]')
('correct:', '[0     ]')
error:  0.19899926
('out:    ', '[0.918 ]')
('correct:', '[1     ]')
error:  0.00334116
('out:    ', '[0.799 ]')
('correct:', '[1     ]')
error:  0.02011939
('out:    ', '[0.968 ]')
('correct:', '[1     ]')
error:  0.00051301
('out:    ', '[0.998 ]')
('correct:', '[1     ]')
error:  0.00000293
('out:    ', '[0.998 ]')
('correct:', '[1     ]')
error:  0.00000262
('out:    ', '[0.997 ]')
('correct:', '[1     ]')
error:  0.00000481
('out:    ', '[0.996 ]')
('correct:', '[1     ]')
error:  0.00000684
('out:    ', '[0.994 ]')
('correct:', '[1     ]')
error:  0.00001937
('out:    ', '[0.911 ]')
('correct:', '[1     ]')
error:  0.00393558
('out:    ', '[0.997 ]')
('correct:', '[1     ]')
error:  0.00000382
('out:    ', '[0.974 ]')
('correct:', '[1     ]')
error:  0.00034638
('out:    ', '[0.987 ]')
('correct:', '[1     ]')
error:  0.00008005
('out:    ', '[0.776 ]')
('correct:', '[1     ]')
error:  0.02506029
('out:    ', '[0.987 ]')
('correct:', '[1     ]')
error:  0.00008249
('out:    ', '[0.998 ]')
('correct:', '[1     ]')
error:  0.00000285
('out:    ', '[0.774 ]')
('correct:', '[1     ]')
error:  0.02564300
('out:    ', '[0.993 ]')
('correct:', '[1     ]')
error:  0.00002275
('out:    ', '[0.995 ]')
('correct:', '[1     ]')
error:  0.00001097
('out:    ', '[0.995 ]')
('correct:', '[1     ]')
error:  0.00001096
('out:    ', '[0.982 ]')
('correct:', '[1     ]')
error:  0.00015544
('out:    ', '[0.993 ]')
('correct:', '[1     ]')
error:  0.00002344
('out:    ', '[0.988 ]')
('correct:', '[1     ]')
error:  0.00007021
('out:    ', '[0.987 ]')
('correct:', '[1     ]')
error:  0.00008315
('out:    ', '[0.998 ]')
('correct:', '[1     ]')
error:  0.00000149
('out:    ', '[0.792 ]')
('correct:', '[1     ]')
error:  0.02155918
('out:    ', '[0.948 ]')
('correct:', '[1     ]')
error:  0.00133430
('out:    ', '[0.993 ]')
('correct:', '[1     ]')
error:  0.00002516
('out:    ', '[0.886 ]')
('correct:', '[1     ]')
error:  0.00650317
('out:    ', '[0.985 ]')
('correct:', '[1     ]')
error:  0.00011020
('out:    ', '[0.998 ]')
('correct:', '[1     ]')
error:  0.00000275
('out:    ', '[0.995 ]')
('correct:', '[1     ]')
error:  0.00001040
('out:    ', '[0.997 ]')
('correct:', '[1     ]')
error:  0.00000403
('out:    ', '[0.997 ]')
('correct:', '[1     ]')
error:  0.00000585
('out:    ', '[0.997 ]')
('correct:', '[1     ]')
error:  0.00000465
('out:    ', '[0.893 ]')
('correct:', '[1     ]')
error:  0.00568650
('out:    ', '[0.994 ]')
('correct:', '[1     ]')
error:  0.00001591
('out:    ', '[0.993 ]')
('correct:', '[1     ]')
error:  0.00002341
('out:    ', '[0.984 ]')
('correct:', '[1     ]')
error:  0.00013106
('out:    ', '[0.993 ]')
('correct:', '[1     ]')
error:  0.00002727
('out:    ', '[0.976 ]')
('correct:', '[1     ]')
error:  0.00028415
('out:    ', '[0.995 ]')
('correct:', '[1     ]')
error:  0.00001055
('out:    ', '[0.995 ]')
('correct:', '[1     ]')
error:  0.00001057
('out:    ', '[0.992 ]')
('correct:', '[1     ]')
error:  0.00003402
('out:    ', '[0.997 ]')
('correct:', '[1     ]')
error:  0.00000364
('out:    ', '[0.994 ]')
('correct:', '[1     ]')
error:  0.00001902
('out:    ', '[0.954 ]')
('correct:', '[1     ]')
error:  0.00106056
('out:    ', '[0.947 ]')
('correct:', '[1     ]')
error:  0.00139294
('out:    ', '[0.963 ]')
('correct:', '[1     ]')
error:  0.00067625
('out:    ', '[0.994 ]')
('correct:', '[1     ]')
error:  0.00001992
('out:    ', '[0.995 ]')
('correct:', '[1     ]')
error:  0.00001069
('out:    ', '[0.994 ]')
('correct:', '[1     ]')
error:  0.00001723
('out:    ', '[0.988 ]')
('correct:', '[1     ]')
error:  0.00007404
('out:    ', '[0.994 ]')
('correct:', '[1     ]')
error:  0.00001853
('out:    ', '[0.997 ]')
('correct:', '[1     ]')
error:  0.00000583
('out:    ', '[0.993 ]')
('correct:', '[1     ]')
error:  0.00002485
('out:    ', '[0.997 ]')
('correct:', '[1     ]')
error:  0.00000585
('out:    ', '[0.992 ]')
('correct:', '[1     ]')
error:  0.00003406
('out:    ', '[0.997 ]')
('correct:', '[1     ]')
error:  0.00000377
('out:    ', '[0.995 ]')
('correct:', '[1     ]')
error:  0.00001337
('out:    ', '[0.995 ]')
('correct:', '[1     ]')
error:  0.00001478
('out:    ', '[0.995 ]')
('correct:', '[1     ]')
error:  0.00001114
('out:    ', '[0.988 ]')
('correct:', '[1     ]')
error:  0.00006839
('out:    ', '[0.983 ]')
('correct:', '[1     ]')
error:  0.00014162
('out:    ', '[0.881 ]')
('correct:', '[1     ]')
error:  0.00711566
('out:    ', '[0.997 ]')
('correct:', '[1     ]')
error:  0.00000371
('out:    ', '[0.974 ]')
('correct:', '[1     ]')
error:  0.00035075
('out:    ', '[0.987 ]')
('correct:', '[1     ]')
error:  0.00008794
('out:    ', '[0.994 ]')
('correct:', '[1     ]')
error:  0.00001680
('out:    ', '[0.998 ]')
('correct:', '[1     ]')
error:  0.00000236
('out:    ', '[0.997 ]')
('correct:', '[1     ]')
error:  0.00000584
('out:    ', '[0.636 ]')
('correct:', '[1     ]')
error:  0.06614508
('out:    ', '[0.99  ]')
('correct:', '[1     ]')
error:  0.00005034
('out:    ', '[0.936 ]')
('correct:', '[1     ]')
error:  0.00203157
('out:    ', '[0.994 ]')
('correct:', '[1     ]')
error:  0.00002027
('out:    ', '[0.983 ]')
('correct:', '[1     ]')
error:  0.00014199
('out:    ', '[0.996 ]')
('correct:', '[1     ]')
error:  0.00000632
('out:    ', '[0.995 ]')
('correct:', '[1     ]')
error:  0.00001233
('out:    ', '[0.973 ]')
('correct:', '[1     ]')
error:  0.00036948
('out:    ', '[0.993 ]')
('correct:', '[1     ]')
error:  0.00002657
('out:    ', '[0.998 ]')
('correct:', '[1     ]')
error:  0.00000151
('out:    ', '[0.969 ]')
('correct:', '[1     ]')
error:  0.00047774
('out:    ', '[0.993 ]')
('correct:', '[1     ]')
error:  0.00002340
('out:    ', '[0.99  ]')
('correct:', '[1     ]')
error:  0.00005209
('out:    ', '[0.973 ]')
('correct:', '[1     ]')
error:  0.00037132
('out:    ', '[0.99  ]')
('correct:', '[1     ]')
error:  0.00004629
('out:    ', '[0.987 ]')
('correct:', '[1     ]')
error:  0.00008559
('out:    ', '[0.895 ]')
('correct:', '[1     ]')
error:  0.00550819
('out:    ', '[0.717 ]')
('correct:', '[1     ]')
error:  0.04005337
('out:    ', '[0.994 ]')
('correct:', '[1     ]')
error:  0.00001774
('out:    ', '[0.995 ]')
('correct:', '[1     ]')
error:  0.00001193
('out:    ', '[0.997 ]')
('correct:', '[1     ]')
error:  0.00000400
('out:    ', '[0.995 ]')
('correct:', '[1     ]')
error:  0.00001049
('out:    ', '[0.994 ]')
('correct:', '[1     ]')
error:  0.00002086
('out:    ', '[0.998 ]')
('correct:', '[1     ]')
error:  0.00000283
('out:    ', '[0.994 ]')
('correct:', '[1     ]')
error:  0.00001813
('out:    ', '[0.998 ]')
('correct:', '[1     ]')
error:  0.00000307
('out:    ', '[0.992 ]')
('correct:', '[1     ]')
error:  0.00003068
('out:    ', '[0.997 ]')
('correct:', '[1     ]')
error:  0.00000574
('out:    ', '[0.976 ]')
('correct:', '[1     ]')
error:  0.00029015
('out:    ', '[0.997 ]')
('correct:', '[1     ]')
error:  0.00000562
('out:    ', '[0.996 ]')
('correct:', '[1     ]')
error:  0.00000884
('out:    ', '[0.854 ]')
('correct:', '[1     ]')
error:  0.01067657
('out:    ', '[0.997 ]')
('correct:', '[1     ]')
error:  0.00000573
('out:    ', '[0.998 ]')
('correct:', '[1     ]')
error:  0.00000276
('out:    ', '[0.996 ]')
('correct:', '[1     ]')
error:  0.00000773
('out:    ', '[0.994 ]')
('correct:', '[1     ]')
error:  0.00001767
('out:    ', '[0.951 ]')
('correct:', '[1     ]')
error:  0.00121432
('out:    ', '[0.998 ]')
('correct:', '[1     ]')
error:  0.00000283
('out:    ', '[0.959 ]')
('correct:', '[1     ]')
error:  0.00083477
('out:    ', '[0.995 ]')
('correct:', '[1     ]')
error:  0.00001300
('out:    ', '[0.998 ]')
('correct:', '[1     ]')
error:  0.00000226
('out:    ', '[0.989 ]')
('correct:', '[1     ]')
error:  0.00005764
('out:    ', '[0.637 ]')
('correct:', '[1     ]')
error:  0.06586160
('out:    ', '[0.792 ]')
('correct:', '[1     ]')
error:  0.02172642
('out:    ', '[0.991 ]')
('correct:', '[1     ]')
error:  0.00004452
('out:    ', '[0.992 ]')
('correct:', '[1     ]')
error:  0.00002926
('out:    ', '[0.998 ]')
('correct:', '[1     ]')
error:  0.00000283
('out:    ', '[0.992 ]')
('correct:', '[1     ]')
error:  0.00002851
('out:    ', '[0.997 ]')
('correct:', '[1     ]')
error:  0.00000404
('out:    ', '[0.997 ]')
('correct:', '[1     ]')
error:  0.00000563
('out:    ', '[0.988 ]')
('correct:', '[1     ]')
error:  0.00006979
('out:    ', '[0.991 ]')
('correct:', '[1     ]')
error:  0.00003946
('out:    ', '[0.983 ]')
('correct:', '[1     ]')
error:  0.00014973
('out:    ', '[0.986 ]')
('correct:', '[1     ]')
error:  0.00010507
('out:    ', '[0.998 ]')
('correct:', '[1     ]')
error:  0.00000219
('out:    ', '[0.993 ]')
('correct:', '[1     ]')
error:  0.00002347
('out:    ', '[0.988 ]')
('correct:', '[1     ]')
error:  0.00007585
('out:    ', '[0.997 ]')
('correct:', '[1     ]')
error:  0.00000389
('out:    ', '[0.995 ]')
('correct:', '[1     ]')
error:  0.00001034
('out:    ', '[0.981 ]')
('correct:', '[1     ]')
error:  0.00018478
('out:    ', '[0.996 ]')
('correct:', '[1     ]')
error:  0.00000767
('out:    ', '[0.996 ]')
('correct:', '[1     ]')
error:  0.00000762
('out:    ', '[0.989 ]')
('correct:', '[1     ]')
error:  0.00006415
('out:    ', '[0.99  ]')
('correct:', '[1     ]')
error:  0.00004677
('out:    ', '[0.993 ]')
('correct:', '[1     ]')
error:  0.00002179
('out:    ', '[0.998 ]')
('correct:', '[1     ]')
error:  0.00000302
('out:    ', '[0.994 ]')
('correct:', '[1     ]')
error:  0.00001876
('out:    ', '[0.995 ]')
('correct:', '[1     ]')
error:  0.00001450
('out:    ', '[0.993 ]')
('correct:', '[1     ]')
error:  0.00002345
('out:    ', '[0.948 ]')
('correct:', '[1     ]')
error:  0.00137080
('out:    ', '[0.993 ]')
('correct:', '[1     ]')
error:  0.00002671
('out:    ', '[0.996 ]')
('correct:', '[1     ]')
error:  0.00001006
('out:    ', '[0.976 ]')
('correct:', '[1     ]')
error:  0.00029144
('out:    ', '[0.997 ]')
('correct:', '[1     ]')
error:  0.00000432
('out:    ', '[0.997 ]')
('correct:', '[1     ]')
error:  0.00000364
('out:    ', '[0.996 ]')
('correct:', '[1     ]')
error:  0.00000677
('out:    ', '[0.838 ]')
('correct:', '[1     ]')
error:  0.01309466
('out:    ', '[0.722 ]')
('correct:', '[1     ]')
error:  0.03876961
('out:    ', '[0.986 ]')
('correct:', '[1     ]')
error:  0.00009246
('out:    ', '[0.995 ]')
('correct:', '[1     ]')
error:  0.00001065
('out:    ', '[0.994 ]')
('correct:', '[1     ]')
error:  0.00001954
('out:    ', '[0.914 ]')
('correct:', '[1     ]')
error:  0.00370315
('out:    ', '[0.989 ]')
('correct:', '[1     ]')
error:  0.00006531
('out:    ', '[0.99  ]')
('correct:', '[1     ]')
error:  0.00005024
('out:    ', '[0.997 ]')
('correct:', '[1     ]')
error:  0.00000355
('out:    ', '[0.995 ]')
('correct:', '[1     ]')
error:  0.00001330
('out:    ', '[0.986 ]')
('correct:', '[1     ]')
error:  0.00009146
('out:    ', '[0.997 ]')
('correct:', '[1     ]')
error:  0.00000329
('out:    ', '[0.923 ]')
('correct:', '[1     ]')
error:  0.00298179
('out:    ', '[0.987 ]')
('correct:', '[1     ]')
error:  0.00008744
('out:    ', '[0.993 ]')
('correct:', '[1     ]')
error:  0.00002337
('out:    ', '[0.996 ]')
('correct:', '[1     ]')
error:  0.00000851
('out:    ', '[0.994 ]')
('correct:', '[1     ]')
error:  0.00002112
('out:    ', '[0.723 ]')
('correct:', '[1     ]')
error:  0.03832070
('out:    ', '[0.992 ]')
('correct:', '[1     ]')
error:  0.00003304
('out:    ', '[0.955 ]')
('correct:', '[1     ]')
error:  0.00100515
('out:    ', '[0.953 ]')
('correct:', '[1     ]')
error:  0.00112692
('out:    ', '[0.97  ]')
('correct:', '[1     ]')
error:  0.00045745
('out:    ', '[0.993 ]')
('correct:', '[1     ]')
error:  0.00002409
('out:    ', '[0.997 ]')
('correct:', '[1     ]')
error:  0.00000563
('out:    ', '[0.998 ]')
('correct:', '[1     ]')
error:  0.00000215
('out:    ', '[0.993 ]')
('correct:', '[1     ]')
error:  0.00002735
('out:    ', '[0.969 ]')
('correct:', '[1     ]')
error:  0.00048576
('out:    ', '[0.997 ]')
('correct:', '[1     ]')
error:  0.00000394
('out:    ', '[0.994 ]')
('correct:', '[1     ]')
error:  0.00001709
('out:    ', '[0.892 ]')
('correct:', '[1     ]')
error:  0.00583679
('out:    ', '[0.649 ]')
('correct:', '[1     ]')
error:  0.06151876
('out:    ', '[0.939 ]')
('correct:', '[1     ]')
error:  0.00183853
('out:    ', '[0.987 ]')
('correct:', '[1     ]')
error:  0.00009078
('out:    ', '[0.907 ]')
('correct:', '[1     ]')
error:  0.00429728
('out:    ', '[0.995 ]')
('correct:', '[1     ]')
error:  0.00001292
('out:    ', '[0.984 ]')
('correct:', '[1     ]')
error:  0.00013162
('out:    ', '[0.995 ]')
('correct:', '[1     ]')
error:  0.00001297
('out:    ', '[0.986 ]')
('correct:', '[1     ]')
error:  0.00009518
('out:    ', '[0.997 ]')
('correct:', '[1     ]')
error:  0.00000509
('out:    ', '[0.992 ]')
('correct:', '[1     ]')
error:  0.00002824
('out:    ', '[0.996 ]')
('correct:', '[1     ]')
error:  0.00000632
('out:    ', '[0.996 ]')
('correct:', '[1     ]')
error:  0.00000845
('out:    ', '[0.989 ]')
('correct:', '[1     ]')
error:  0.00006417
('out:    ', '[0.976 ]')
('correct:', '[1     ]')
error:  0.00029347
('out:    ', '[0.978 ]')
('correct:', '[1     ]')
error:  0.00024519
('out:    ', '[0.994 ]')
('correct:', '[1     ]')
error:  0.00001992
('out:    ', '[0.998 ]')
('correct:', '[1     ]')
error:  0.00000281
('out:    ', '[0.994 ]')
('correct:', '[1     ]')
error:  0.00001673
('out:    ', '[0.997 ]')
('correct:', '[1     ]')
error:  0.00000381
('out:    ', '[0.78  ]')
('correct:', '[1     ]')
error:  0.02419498
('out:    ', '[0.994 ]')
('correct:', '[1     ]')
error:  0.00001834
('out:    ', '[0.995 ]')
('correct:', '[1     ]')
error:  0.00001163
('out:    ', '[0.989 ]')
('correct:', '[1     ]')
error:  0.00005790
('out:    ', '[0.856 ]')
('correct:', '[1     ]')
error:  0.01038050
('out:    ', '[0.99  ]')
('correct:', '[1     ]')
error:  0.00005471
('out:    ', '[0.935 ]')
('correct:', '[1     ]')
error:  0.00210535
('out:    ', '[0.994 ]')
('correct:', '[1     ]')
error:  0.00001614
('out:    ', '[0.991 ]')
('correct:', '[1     ]')
error:  0.00004338
('out:    ', '[0.991 ]')
('correct:', '[1     ]')
error:  0.00004318
('out:    ', '[0.72  ]')
('correct:', '[1     ]')
error:  0.03913600
('out:    ', '[0.965 ]')
('correct:', '[1     ]')
error:  0.00061663
('out:    ', '[0.994 ]')
('correct:', '[1     ]')
error:  0.00001614
('out:    ', '[0.978 ]')
('correct:', '[1     ]')
error:  0.00023367
('out:    ', '[0.745 ]')
('correct:', '[1     ]')
error:  0.03246767
('out:    ', '[0.993 ]')
('correct:', '[1     ]')
error:  0.00002625
('out:    ', '[0.996 ]')
('correct:', '[1     ]')
error:  0.00000808
('out:    ', '[0.996 ]')
('correct:', '[1     ]')
error:  0.00000658
('out:    ', '[0.893 ]')
('correct:', '[1     ]')
error:  0.00574181
('out:    ', '[0.997 ]')
('correct:', '[1     ]')
error:  0.00000444
('out:    ', '[0.464 ]')
('correct:', '[1     ]')
error:  0.14378393
('out:    ', '[0.995 ]')
('correct:', '[1     ]')
error:  0.00001352
('out:    ', '[0.994 ]')
('correct:', '[1     ]')
error:  0.00001557
('out:    ', '[0.997 ]')
('correct:', '[1     ]')
error:  0.00000455
('out:    ', '[0.992 ]')
('correct:', '[1     ]')
error:  0.00003580
('out:    ', '[0.997 ]')
('correct:', '[1     ]')
error:  0.00000478
('out:    ', '[0.993 ]')
('correct:', '[1     ]')
error:  0.00002323
('out:    ', '[0.991 ]')
('correct:', '[1     ]')
error:  0.00004223
('out:    ', '[0.94  ]')
('correct:', '[1     ]')
error:  0.00179505
('out:    ', '[0.987 ]')
('correct:', '[1     ]')
error:  0.00008914
('out:    ', '[0.94  ]')
('correct:', '[1     ]')
error:  0.00182587
('out:    ', '[0.946 ]')
('correct:', '[1     ]')
error:  0.00144239
('out:    ', '[0.995 ]')
('correct:', '[1     ]')
error:  0.00001260
('out:    ', '[0.997 ]')
('correct:', '[1     ]')
error:  0.00000468
('out:    ', '[0.994 ]')
('correct:', '[1     ]')
error:  0.00001739
('out:    ', '[0.998 ]')
('correct:', '[1     ]')
error:  0.00000295
('out:    ', '[0.993 ]')
('correct:', '[1     ]')
error:  0.00002777
('out:    ', '[0.996 ]')
('correct:', '[1     ]')
error:  0.00000710
('out:    ', '[0.998 ]')
('correct:', '[1     ]')
error:  0.00000311
('out:    ', '[0.565 ]')
('correct:', '[0     ]')
error:  0.15989496
('out:    ', '[0.994 ]')
('correct:', '[1     ]')
error:  0.00001540
('out:    ', '[0.945 ]')
('correct:', '[1     ]')
error:  0.00150759
('out:    ', '[0.994 ]')
('correct:', '[1     ]')
error:  0.00002025
('out:    ', '[0.972 ]')
('correct:', '[1     ]')
error:  0.00038074
('out:    ', '[0.958 ]')
('correct:', '[1     ]')
error:  0.00089351
('out:    ', '[0.994 ]')
('correct:', '[1     ]')
error:  0.00001853
('out:    ', '[0.993 ]')
('correct:', '[1     ]')
error:  0.00002776
('out:    ', '[0.997 ]')
('correct:', '[1     ]')
error:  0.00000426
('out:    ', '[0.992 ]')
('correct:', '[1     ]')
error:  0.00003315
('out:    ', '[0.992 ]')
('correct:', '[1     ]')
error:  0.00003093
('out:    ', '[0.987 ]')
('correct:', '[1     ]')
error:  0.00009084
('out:    ', '[0.989 ]')
('correct:', '[1     ]')
error:  0.00006577
('out:    ', '[0.998 ]')
('correct:', '[1     ]')
error:  0.00000219
('out:    ', '[0.994 ]')
('correct:', '[1     ]')
error:  0.00001626
('out:    ', '[0.996 ]')
('correct:', '[1     ]')
error:  0.00000794
('out:    ', '[0.995 ]')
('correct:', '[1     ]')
error:  0.00001489
('out:    ', '[0.976 ]')
('correct:', '[1     ]')
error:  0.00029420
('out:    ', '[0.962 ]')
('correct:', '[1     ]')
error:  0.00071522
('out:    ', '[0.995 ]')
('correct:', '[1     ]')
error:  0.00001395
('out:    ', '[0.984 ]')
('correct:', '[1     ]')
error:  0.00012472
('out:    ', '[0.99  ]')
('correct:', '[1     ]')
error:  0.00004922
('out:    ', '[0.991 ]')
('correct:', '[1     ]')
error:  0.00003827
('out:    ', '[0.989 ]')
('correct:', '[1     ]')
error:  0.00005612
('out:    ', '[0.987 ]')
('correct:', '[1     ]')
error:  0.00008201
('out:    ', '[0.998 ]')
('correct:', '[1     ]')
error:  0.00000237
('out:    ', '[0.997 ]')
('correct:', '[1     ]')
error:  0.00000328
('out:    ', '[0.995 ]')
('correct:', '[1     ]')
error:  0.00001163
('out:    ', '[0.897 ]')
('correct:', '[1     ]')
error:  0.00535562
('out:    ', '[0.998 ]')
('correct:', '[1     ]')
error:  0.00000176
('out:    ', '[0.997 ]')
('correct:', '[1     ]')
error:  0.00000576
('out:    ', '[0.995 ]')
('correct:', '[1     ]')
error:  0.00001029
('out:    ', '[0.96  ]')
('correct:', '[1     ]')
error:  0.00079176
('out:    ', '[0.985 ]')
('correct:', '[1     ]')
error:  0.00011876
('out:    ', '[0.994 ]')
('correct:', '[1     ]')
error:  0.00001940
('out:    ', '[0.995 ]')
('correct:', '[1     ]')
error:  0.00001075
('out:    ', '[0.717 ]')
('correct:', '[1     ]')
error:  0.04010919
('out:    ', '[0.994 ]')
('correct:', '[1     ]')
error:  0.00002069
('out:    ', '[0.85  ]')
('correct:', '[1     ]')
error:  0.01124469
('out:    ', '[0.989 ]')
('correct:', '[1     ]')
error:  0.00006260
('out:    ', '[0.998 ]')
('correct:', '[1     ]')
error:  0.00000299
('out:    ', '[0.994 ]')
('correct:', '[1     ]')
error:  0.00001556
('out:    ', '[0.988 ]')
('correct:', '[1     ]')
error:  0.00007742
('out:    ', '[0.993 ]')
('correct:', '[1     ]')
error:  0.00002234
('out:    ', '[0.988 ]')
('correct:', '[1     ]')
error:  0.00006943
('out:    ', '[0.997 ]')
('correct:', '[1     ]')
error:  0.00000515
('out:    ', '[0.993 ]')
('correct:', '[1     ]')
error:  0.00002167
('out:    ', '[0.996 ]')
('correct:', '[1     ]')
error:  0.00000698
('out:    ', '[0.995 ]')
('correct:', '[1     ]')
error:  0.00001414
('out:    ', '[0.998 ]')
('correct:', '[1     ]')
error:  0.00000274
('out:    ', '[0.995 ]')
('correct:', '[1     ]')
error:  0.00001056
('out:    ', '[0.998 ]')
('correct:', '[1     ]')
error:  0.00000273
('out:    ', '[0.987 ]')
('correct:', '[1     ]')
error:  0.00008712
('out:    ', '[0.956 ]')
('correct:', '[1     ]')
error:  0.00096959
('out:    ', '[0.39  ]')
('correct:', '[1     ]')
error:  0.18598188
('out:    ', '[0.909 ]')
('correct:', '[1     ]')
error:  0.00415601
('out:    ', '[0.974 ]')
('correct:', '[1     ]')
error:  0.00032729
('out:    ', '[0.998 ]')
('correct:', '[1     ]')
error:  0.00000281
('out:    ', '[0.994 ]')
('correct:', '[1     ]')
error:  0.00001608
('out:    ', '[0.997 ]')
('correct:', '[1     ]')
error:  0.00000493
('out:    ', '[0.993 ]')
('correct:', '[1     ]')
error:  0.00002142
('out:    ', '[0.32  ]')
('correct:', '[1     ]')
error:  0.23129350
('out:    ', '[0.933 ]')
('correct:', '[1     ]')
error:  0.00222294
('out:    ', '[0.984 ]')
('correct:', '[1     ]')
error:  0.00012997
('out:    ', '[0.998 ]')
('correct:', '[1     ]')
error:  0.00000305
('out:    ', '[0.993 ]')
('correct:', '[1     ]')
error:  0.00002340
('out:    ', '[0.995 ]')
('correct:', '[1     ]')
error:  0.00001162
('out:    ', '[0.995 ]')
('correct:', '[1     ]')
error:  0.00001495
('out:    ', '[0.986 ]')
('correct:', '[1     ]')
error:  0.00009298
('out:    ', '[0.996 ]')
('correct:', '[1     ]')
error:  0.00000944
('out:    ', '[0.975 ]')
('correct:', '[1     ]')
error:  0.00032024
('out:    ', '[0.998 ]')
('correct:', '[1     ]')
error:  0.00000280
('out:    ', '[0.973 ]')
('correct:', '[1     ]')
error:  0.00036455
('out:    ', '[0.991 ]')
('correct:', '[1     ]')
error:  0.00004419
('out:    ', '[0.998 ]')
('correct:', '[1     ]')
error:  0.00000298
('out:    ', '[0.995 ]')
('correct:', '[1     ]')
error:  0.00001185
('out:    ', '[0.907 ]')
('correct:', '[1     ]')
error:  0.00429822
('out:    ', '[0.997 ]')
('correct:', '[1     ]')
error:  0.00000584
('out:    ', '[0.998 ]')
('correct:', '[1     ]')
error:  0.00000286
('out:    ', '[0.974 ]')
('correct:', '[1     ]')
error:  0.00034133
('out:    ', '[0.995 ]')
('correct:', '[1     ]')
error:  0.00001020
('out:    ', '[0.994 ]')
('correct:', '[1     ]')
error:  0.00001812
('out:    ', '[0.992 ]')
('correct:', '[1     ]')
error:  0.00002962
('out:    ', '[0.996 ]')
('correct:', '[1     ]')
error:  0.00000967
('out:    ', '[0.995 ]')
('correct:', '[1     ]')
error:  0.00001508
('out:    ', '[0.963 ]')
('correct:', '[1     ]')
error:  0.00070158
('out:    ', '[0.992 ]')
('correct:', '[1     ]')
error:  0.00002932
('out:    ', '[0.951 ]')
('correct:', '[1     ]')
error:  0.00119920
('out:    ', '[0.995 ]')
('correct:', '[1     ]')
error:  0.00001308
('out:    ', '[0.989 ]')
('correct:', '[1     ]')
error:  0.00006231
('out:    ', '[0.973 ]')
('correct:', '[1     ]')
error:  0.00035515
('out:    ', '[0.971 ]')
('correct:', '[1     ]')
error:  0.00043102
('out:    ', '[0.986 ]')
('correct:', '[1     ]')
error:  0.00009293
('out:    ', '[0.995 ]')
('correct:', '[1     ]')
error:  0.00001082
('out:    ', '[0.998 ]')
('correct:', '[1     ]')
error:  0.00000197
('out:    ', '[0.984 ]')
('correct:', '[1     ]')
error:  0.00012496
('out:    ', '[0.997 ]')
('correct:', '[1     ]')
error:  0.00000604
('out:    ', '[0.969 ]')
('correct:', '[1     ]')
error:  0.00047244
('out:    ', '[0.995 ]')
('correct:', '[1     ]')
error:  0.00001043
('out:    ', '[0.994 ]')
('correct:', '[1     ]')
error:  0.00001716
('out:    ', '[0.987 ]')
('correct:', '[1     ]')
error:  0.00009012
('out:    ', '[0.997 ]')
('correct:', '[1     ]')
error:  0.00000478
('out:    ', '[0.997 ]')
('correct:', '[1     ]')
error:  0.00000603
('out:    ', '[0.92  ]')
('correct:', '[1     ]')
error:  0.00319852
('out:    ', '[0.992 ]')
('correct:', '[1     ]')
error:  0.00003005
('out:    ', '[0.993 ]')
('correct:', '[1     ]')
error:  0.00002193
('out:    ', '[0.994 ]')
('correct:', '[1     ]')
error:  0.00001889
('out:    ', '[0.992 ]')
('correct:', '[1     ]')
error:  0.00002935
('out:    ', '[0.993 ]')
('correct:', '[1     ]')
error:  0.00002279
('out:    ', '[0.957 ]')
('correct:', '[1     ]')
error:  0.00092618
('out:    ', '[0.93  ]')
('correct:', '[1     ]')
error:  0.00243161
('out:    ', '[0.993 ]')
('correct:', '[1     ]')
error:  0.00002774
('out:    ', '[0.987 ]')
('correct:', '[1     ]')
error:  0.00008403
('out:    ', '[0.991 ]')
('correct:', '[1     ]')
error:  0.00004191
('out:    ', '[0.995 ]')
('correct:', '[1     ]')
error:  0.00001045
('out:    ', '[0.966 ]')
('correct:', '[1     ]')
error:  0.00058122
('out:    ', '[0.951 ]')
('correct:', '[1     ]')
error:  0.00120922
('out:    ', '[0.998 ]')
('correct:', '[1     ]')
error:  0.00000288
('out:    ', '[0.995 ]')
('correct:', '[1     ]')
error:  0.00001465
('out:    ', '[0.635 ]')
('correct:', '[1     ]')
error:  0.06646605
('out:    ', '[0.994 ]')
('correct:', '[1     ]')
error:  0.00001903
('out:    ', '[0.98  ]')
('correct:', '[1     ]')
error:  0.00019851
('out:    ', '[0.991 ]')
('correct:', '[1     ]')
error:  0.00004439
('out:    ', '[0.992 ]')
('correct:', '[1     ]')
error:  0.00003110
('out:    ', '[0.996 ]')
('correct:', '[1     ]')
error:  0.00000893
('out:    ', '[0.994 ]')
('correct:', '[1     ]')
error:  0.00001571
('out:    ', '[0.998 ]')
('correct:', '[1     ]')
error:  0.00000286
('out:    ', '[0.998 ]')
('correct:', '[1     ]')
error:  0.00000278
('out:    ', '[0.926 ]')
('correct:', '[1     ]')
error:  0.00277011
('out:    ', '[0.98  ]')
('correct:', '[1     ]')
error:  0.00019146
('out:    ', '[0.988 ]')
('correct:', '[1     ]')
error:  0.00007087
('out:    ', '[0.989 ]')
('correct:', '[1     ]')
error:  0.00006466
('out:    ', '[0.996 ]')
('correct:', '[1     ]')
error:  0.00000888
('out:    ', '[0.933 ]')
('correct:', '[1     ]')
error:  0.00221608
('out:    ', '[0.994 ]')
('correct:', '[1     ]')
error:  0.00001606
('out:    ', '[0.985 ]')
('correct:', '[1     ]')
error:  0.00011427
('out:    ', '[0.986 ]')
('correct:', '[1     ]')
error:  0.00009953
('out:    ', '[0.992 ]')
('correct:', '[1     ]')
error:  0.00002927
('out:    ', '[0.995 ]')
('correct:', '[1     ]')
error:  0.00001482
('out:    ', '[0.995 ]')
('correct:', '[1     ]')
error:  0.00001210
('out:    ', '[0.822 ]')
('correct:', '[1     ]')
error:  0.01582853
('out:    ', '[0.993 ]')
('correct:', '[1     ]')
error:  0.00002316
('out:    ', '[0.997 ]')
('correct:', '[1     ]')
error:  0.00000401
('out:    ', '[0.995 ]')
('correct:', '[1     ]')
error:  0.00001054
('out:    ', '[0.996 ]')
('correct:', '[1     ]')
error:  0.00000673
('out:    ', '[0.992 ]')
('correct:', '[1     ]')
error:  0.00003039
('out:    ', '[0.997 ]')
('correct:', '[1     ]')
error:  0.00000366
('out:    ', '[0.988 ]')
('correct:', '[1     ]')
error:  0.00007562
('out:    ', '[0.993 ]')
('correct:', '[1     ]')
error:  0.00002360
('out:    ', '[0.813 ]')
('correct:', '[1     ]')
error:  0.01753026
('out:    ', '[0.99  ]')
('correct:', '[1     ]')
error:  0.00005241
('out:    ', '[0.993 ]')
('correct:', '[1     ]')
error:  0.00002261
('out:    ', '[0.997 ]')
('correct:', '[1     ]')
error:  0.00000419
('out:    ', '[0.987 ]')
('correct:', '[1     ]')
error:  0.00009014
('out:    ', '[0.993 ]')
('correct:', '[1     ]')
error:  0.00002322
('out:    ', '[0.988 ]')
('correct:', '[1     ]')
error:  0.00006978
('out:    ', '[0.993 ]')
('correct:', '[1     ]')
error:  0.00002124
('out:    ', '[0.991 ]')
('correct:', '[1     ]')
error:  0.00004110
('out:    ', '[0.997 ]')
('correct:', '[1     ]')
error:  0.00000517
('out:    ', '[0.998 ]')
('correct:', '[1     ]')
error:  0.00000301
('out:    ', '[0.923 ]')
('correct:', '[1     ]')
error:  0.00293521
('out:    ', '[0.995 ]')
('correct:', '[1     ]')
error:  0.00001029
('out:    ', '[0.995 ]')
('correct:', '[1     ]')
error:  0.00001398
('out:    ', '[0.991 ]')
('correct:', '[1     ]')
error:  0.00003794
('out:    ', '[0.971 ]')
('correct:', '[1     ]')
error:  0.00042137
('out:    ', '[0.998 ]')
('correct:', '[1     ]')
error:  0.00000208
('out:    ', '[0.995 ]')
('correct:', '[1     ]')
error:  0.00001401
('out:    ', '[0.994 ]')
('correct:', '[1     ]')
error:  0.00001801
('out:    ', '[0.975 ]')
('correct:', '[1     ]')
error:  0.00030610
('out:    ', '[0.863 ]')
('correct:', '[1     ]')
error:  0.00937085
('out:    ', '[0.978 ]')
('correct:', '[1     ]')
error:  0.00023224
('out:    ', '[0.998 ]')
('correct:', '[1     ]')
error:  0.00000284
('out:    ', '[0.995 ]')
('correct:', '[1     ]')
error:  0.00001031
('out:    ', '[0.996 ]')
('correct:', '[1     ]')
error:  0.00000762
('out:    ', '[0.99  ]')
('correct:', '[1     ]')
error:  0.00004728
('out:    ', '[0.994 ]')
('correct:', '[1     ]')
error:  0.00001761
('out:    ', '[0.985 ]')
('correct:', '[1     ]')
error:  0.00010986
('out:    ', '[0.996 ]')
('correct:', '[1     ]')
error:  0.00000967
('out:    ', '[0.995 ]')
('correct:', '[1     ]')
error:  0.00001052
('out:    ', '[0.954 ]')
('correct:', '[1     ]')
error:  0.00104869
('out:    ', '[0.997 ]')
('correct:', '[1     ]')
error:  0.00000445
('out:    ', '[0.996 ]')
('correct:', '[1     ]')
error:  0.00000969
('out:    ', '[0.995 ]')
('correct:', '[1     ]')
error:  0.00001023
('out:    ', '[0.992 ]')
('correct:', '[1     ]')
error:  0.00002879
('out:    ', '[0.974 ]')
('correct:', '[1     ]')
error:  0.00033443
('out:    ', '[0.97  ]')
('correct:', '[1     ]')
error:  0.00046074
('out:    ', '[0.673 ]')
('correct:', '[0     ]')
error:  0.22670495
('out:    ', '[0.992 ]')
('correct:', '[1     ]')
error:  0.00003065
('out:    ', '[0.989 ]')
('correct:', '[1     ]')
error:  0.00006597
('out:    ', '[0.98  ]')
('correct:', '[1     ]')
error:  0.00019220
('out:    ', '[0.995 ]')
('correct:', '[1     ]')
error:  0.00001032
('out:    ', '[0.996 ]')
('correct:', '[1     ]')
error:  0.00000911
('out:    ', '[0.997 ]')
('correct:', '[1     ]')
error:  0.00000454
('out:    ', '[0.989 ]')
('correct:', '[1     ]')
error:  0.00006094
('out:    ', '[0.806 ]')
('correct:', '[1     ]')
error:  0.01881098
('out:    ', '[0.997 ]')
('correct:', '[1     ]')
error:  0.00000370
('out:    ', '[0.998 ]')
('correct:', '[1     ]')
error:  0.00000203
('out:    ', '[0.995 ]')
('correct:', '[1     ]')
error:  0.00001162
('out:    ', '[0.998 ]')
('correct:', '[1     ]')
error:  0.00000270
('out:    ', '[0.997 ]')
('correct:', '[1     ]')
error:  0.00000404
('out:    ', '[0.997 ]')
('correct:', '[1     ]')
error:  0.00000319
('out:    ', '[0.982 ]')
('correct:', '[1     ]')
error:  0.00016119
('out:    ', '[0.822 ]')
('correct:', '[1     ]')
error:  0.01588818
('out:    ', '[0.973 ]')
('correct:', '[1     ]')
error:  0.00035833
('out:    ', '[0.85  ]')
('correct:', '[1     ]')
error:  0.01123116
('out:    ', '[0.993 ]')
('correct:', '[1     ]')
error:  0.00002462
('out:    ', '[0.998 ]')
('correct:', '[1     ]')
error:  0.00000209
('out:    ', '[0.997 ]')
('correct:', '[1     ]')
error:  0.00000356
('out:    ', '[0.992 ]')
('correct:', '[1     ]')
error:  0.00003151
('out:    ', '[0.995 ]')
('correct:', '[1     ]')
error:  0.00001082
('out:    ', '[0.996 ]')
('correct:', '[1     ]')
error:  0.00000636
('out:    ', '[0.998 ]')
('correct:', '[1     ]')
error:  0.00000203
('out:    ', '[0.997 ]')
('correct:', '[1     ]')
error:  0.00000472
('out:    ', '[0.959 ]')
('correct:', '[1     ]')
error:  0.00083671
('out:    ', '[0.995 ]')
('correct:', '[1     ]')
error:  0.00001056
('out:    ', '[0.998 ]')
('correct:', '[1     ]')
error:  0.00000199
('out:    ', '[0.99  ]')
('correct:', '[1     ]')
error:  0.00004754
('out:    ', '[0.995 ]')
('correct:', '[1     ]')
error:  0.00001023
('out:    ', '[0.992 ]')
('correct:', '[1     ]')
error:  0.00003258
('out:    ', '[0.985 ]')
('correct:', '[1     ]')
error:  0.00011615
('out:    ', '[0.992 ]')
('correct:', '[1     ]')
error:  0.00003165
('out:    ', '[0.995 ]')
('correct:', '[1     ]')
error:  0.00001337
('out:    ', '[0.942 ]')
('correct:', '[1     ]')
error:  0.00169093
('out:    ', '[0.995 ]')
('correct:', '[1     ]')
error:  0.00001229
('out:    ', '[0.99  ]')
('correct:', '[1     ]')
error:  0.00004840
('out:    ', '[0.988 ]')
('correct:', '[1     ]')
error:  0.00007061
('out:    ', '[0.988 ]')
('correct:', '[1     ]')
error:  0.00007268
('out:    ', '[0.992 ]')
('correct:', '[1     ]')
error:  0.00002870
('out:    ', '[0.995 ]')
('correct:', '[1     ]')
error:  0.00001310
('out:    ', '[0.963 ]')
('correct:', '[1     ]')
error:  0.00069076
('out:    ', '[0.998 ]')
('correct:', '[1     ]')
error:  0.00000301
('out:    ', '[0.997 ]')
('correct:', '[1     ]')
error:  0.00000327
('out:    ', '[0.993 ]')
('correct:', '[1     ]')
error:  0.00002162
('out:    ', '[0.674 ]')
('correct:', '[1     ]')
error:  0.05314195
('out:    ', '[0.972 ]')
('correct:', '[1     ]')
error:  0.00038423
('out:    ', '[0.627 ]')
('correct:', '[1     ]')
error:  0.06967108
('out:    ', '[0.953 ]')
('correct:', '[1     ]')
error:  0.00109289
('out:    ', '[0.997 ]')
('correct:', '[1     ]')
error:  0.00000506
('out:    ', '[0.996 ]')
('correct:', '[1     ]')
error:  0.00000789
('out:    ', '[0.997 ]')
('correct:', '[1     ]')
error:  0.00000382
('out:    ', '[0.991 ]')
('correct:', '[1     ]')
error:  0.00004429
('out:    ', '[0.987 ]')
('correct:', '[1     ]')
error:  0.00008423
('out:    ', '[0.994 ]')
('correct:', '[1     ]')
error:  0.00001671
('out:    ', '[0.993 ]')
('correct:', '[1     ]')
error:  0.00002704
('out:    ', '[0.995 ]')
('correct:', '[1     ]')
error:  0.00001442
('out:    ', '[0.995 ]')
('correct:', '[1     ]')
error:  0.00001048
('out:    ', '[0.984 ]')
('correct:', '[1     ]')
error:  0.00013074
('out:    ', '[0.736 ]')
('correct:', '[1     ]')
error:  0.03491891
('out:    ', '[0.997 ]')
('correct:', '[1     ]')
error:  0.00000457
('out:    ', '[0.947 ]')
('correct:', '[1     ]')
error:  0.00139902
('out:    ', '[0.986 ]')
('correct:', '[1     ]')
error:  0.00009233
('out:    ', '[0.995 ]')
('correct:', '[1     ]')
error:  0.00001363
('out:    ', '[0.981 ]')
('correct:', '[1     ]')
error:  0.00017517
('out:    ', '[0.994 ]')
('correct:', '[1     ]')
error:  0.00001738
('out:    ', '[0.993 ]')
('correct:', '[1     ]')
error:  0.00002364
('out:    ', '[0.957 ]')
('correct:', '[1     ]')
error:  0.00091310
('out:    ', '[0.994 ]')
('correct:', '[1     ]')
error:  0.00002007
('out:    ', '[0.998 ]')
('correct:', '[1     ]')
error:  0.00000235
('out:    ', '[0.993 ]')
('correct:', '[1     ]')
error:  0.00002238
('out:    ', '[0.976 ]')
('correct:', '[1     ]')
error:  0.00028470
('out:    ', '[0.982 ]')
('correct:', '[1     ]')
error:  0.00016271
('out:    ', '[0.996 ]')
('correct:', '[1     ]')
error:  0.00000920
('out:    ', '[0.985 ]')
('correct:', '[1     ]')
error:  0.00011607
('out:    ', '[0.99  ]')
('correct:', '[1     ]')
error:  0.00004724
('out:    ', '[0.994 ]')
('correct:', '[1     ]')
error:  0.00001538
('out:    ', '[0.997 ]')
('correct:', '[1     ]')
error:  0.00000460
('out:    ', '[0.995 ]')
('correct:', '[1     ]')
error:  0.00001284
('out:    ', '[0.998 ]')
('correct:', '[1     ]')
error:  0.00000281
('out:    ', '[0.996 ]')
('correct:', '[1     ]')
error:  0.00000619
('out:    ', '[0.994 ]')
('correct:', '[1     ]')
error:  0.00001600
('out:    ', '[0.995 ]')
('correct:', '[1     ]')
error:  0.00001085
('out:    ', '[0.664 ]')
('correct:', '[0     ]')
error:  0.22076409
('out:    ', '[0.986 ]')
('correct:', '[1     ]')
error:  0.00010018
('out:    ', '[0.997 ]')
('correct:', '[1     ]')
error:  0.00000338
('out:    ', '[0.981 ]')
('correct:', '[1     ]')
error:  0.00017231
('out:    ', '[0.796 ]')
('correct:', '[1     ]')
error:  0.02083362
('out:    ', '[0.669 ]')
('correct:', '[1     ]')
error:  0.05470882
('out:    ', '[0.854 ]')
('correct:', '[1     ]')
error:  0.01059061
('out:    ', '[0.997 ]')
('correct:', '[1     ]')
error:  0.00000357
('out:    ', '[0.995 ]')
('correct:', '[1     ]')
error:  0.00001058
('out:    ', '[0.968 ]')
('correct:', '[1     ]')
error:  0.00051643
('out:    ', '[0.998 ]')
('correct:', '[1     ]')
error:  0.00000224
('out:    ', '[0.987 ]')
('correct:', '[1     ]')
error:  0.00008926
('out:    ', '[0.927 ]')
('correct:', '[1     ]')
error:  0.00269175
('out:    ', '[0.997 ]')
('correct:', '[1     ]')
error:  0.00000545
('out:    ', '[0.984 ]')
('correct:', '[1     ]')
error:  0.00012587
('out:    ', '[0.684 ]')
('correct:', '[1     ]')
error:  0.04981015
('out:    ', '[0.992 ]')
('correct:', '[1     ]')
error:  0.00003547
('out:    ', '[0.997 ]')
('correct:', '[1     ]')
error:  0.00000499
('out:    ', '[0.945 ]')
('correct:', '[1     ]')
error:  0.00153381
('out:    ', '[0.974 ]')
('correct:', '[1     ]')
error:  0.00034596
('out:    ', '[0.997 ]')
('correct:', '[1     ]')
error:  0.00000505
('out:    ', '[0.945 ]')
('correct:', '[1     ]')
error:  0.00152329
('out:    ', '[0.994 ]')
('correct:', '[1     ]')
error:  0.00001721
('out:    ', '[0.995 ]')
('correct:', '[1     ]')
error:  0.00001481
('out:    ', '[0.997 ]')
('correct:', '[1     ]')
error:  0.00000371
('out:    ', '[0.974 ]')
('correct:', '[1     ]')
error:  0.00032803
('out:    ', '[0.997 ]')
('correct:', '[1     ]')
error:  0.00000398
('out:    ', '[0.997 ]')
('correct:', '[1     ]')
error:  0.00000461
('out:    ', '[0.995 ]')
('correct:', '[1     ]')
error:  0.00001026
('out:    ', '[0.993 ]')
('correct:', '[1     ]')
error:  0.00002408
('out:    ', '[0.998 ]')
('correct:', '[1     ]')
error:  0.00000158
('out:    ', '[0.991 ]')
('correct:', '[1     ]')
error:  0.00004471
('out:    ', '[0.982 ]')
('correct:', '[1     ]')
error:  0.00015707
('out:    ', '[0.994 ]')
('correct:', '[1     ]')
error:  0.00001913
('out:    ', '[0.987 ]')
('correct:', '[1     ]')
error:  0.00007837
('out:    ', '[0.965 ]')
('correct:', '[1     ]')
error:  0.00060639
('out:    ', '[0.951 ]')
('correct:', '[1     ]')
error:  0.00122376
('out:    ', '[0.803 ]')
('correct:', '[1     ]')
error:  0.01941881
('out:    ', '[0.911 ]')
('correct:', '[1     ]')
error:  0.00396543
('out:    ', '[0.964 ]')
('correct:', '[1     ]')
error:  0.00063681
('out:    ', '[0.996 ]')
('correct:', '[1     ]')
error:  0.00000951
('out:    ', '[0.997 ]')
('correct:', '[1     ]')
error:  0.00000497
('out:    ', '[0.996 ]')
('correct:', '[1     ]')
error:  0.00000613
('out:    ', '[0.94  ]')
('correct:', '[1     ]')
error:  0.00178998
('out:    ', '[0.991 ]')
('correct:', '[1     ]')
error:  0.00003700
('out:    ', '[0.996 ]')
('correct:', '[1     ]')
error:  0.00000617
('out:    ', '[0.993 ]')
('correct:', '[1     ]')
error:  0.00002207
('out:    ', '[0.998 ]')
('correct:', '[1     ]')
error:  0.00000207
('out:    ', '[0.994 ]')
('correct:', '[1     ]')
error:  0.00002040
('out:    ', '[0.995 ]')
('correct:', '[1     ]')
error:  0.00001374
('out:    ', '[0.995 ]')
('correct:', '[1     ]')
error:  0.00001458
('out:    ', '[0.973 ]')
('correct:', '[1     ]')
error:  0.00036829
('out:    ', '[0.997 ]')
('correct:', '[1     ]')
error:  0.00000489
('out:    ', '[0.625 ]')
('correct:', '[1     ]')
error:  0.07044469
('out:    ', '[0.997 ]')
('correct:', '[1     ]')
error:  0.00000391
('out:    ', '[0.996 ]')
('correct:', '[1     ]')
error:  0.00000963
('out:    ', '[0.937 ]')
('correct:', '[1     ]')
error:  0.00200856
('out:    ', '[0.98  ]')
('correct:', '[1     ]')
error:  0.00019019
('out:    ', '[0.988 ]')
('correct:', '[1     ]')
error:  0.00007175
('out:    ', '[0.984 ]')
('correct:', '[1     ]')
error:  0.00012756
('out:    ', '[0.778 ]')
('correct:', '[0     ]')
error:  0.30256714
('out:    ', '[0.997 ]')
('correct:', '[1     ]')
error:  0.00000522
('out:    ', '[0.831 ]')
('correct:', '[1     ]')
error:  0.01426094
('out:    ', '[0.994 ]')
('correct:', '[1     ]')
error:  0.00001712
('out:    ', '[0.992 ]')
('correct:', '[1     ]')
error:  0.00003263
('out:    ', '[0.807 ]')
('correct:', '[0     ]')
error:  0.32566120
('out:    ', '[0.906 ]')
('correct:', '[1     ]')
error:  0.00440444
('out:    ', '[0.982 ]')
('correct:', '[1     ]')
error:  0.00016199
('out:    ', '[0.997 ]')
('correct:', '[1     ]')
error:  0.00000406
('out:    ', '[0.997 ]')
('correct:', '[1     ]')
error:  0.00000370
('out:    ', '[0.997 ]')
('correct:', '[1     ]')
error:  0.00000480
('out:    ', '[0.998 ]')
('correct:', '[1     ]')
error:  0.00000212
('out:    ', '[0.992 ]')
('correct:', '[1     ]')
error:  0.00003346
('out:    ', '[0.994 ]')
('correct:', '[1     ]')
error:  0.00001635
('out:    ', '[0.813 ]')
('correct:', '[1     ]')
error:  0.01745200
('out:    ', '[0.994 ]')
('correct:', '[1     ]')
error:  0.00001721
('out:    ', '[0.995 ]')
('correct:', '[1     ]')
error:  0.00001062
('out:    ', '[0.992 ]')
('correct:', '[1     ]')
error:  0.00003432
('out:    ', '[0.98  ]')
('correct:', '[1     ]')
error:  0.00020937
('out:    ', '[0.985 ]')
('correct:', '[1     ]')
error:  0.00011519
('out:    ', '[0.974 ]')
('correct:', '[1     ]')
error:  0.00033360
('out:    ', '[0.941 ]')
('correct:', '[1     ]')
error:  0.00175429
('out:    ', '[0.973 ]')
('correct:', '[1     ]')
error:  0.00035901
('out:    ', '[0.984 ]')
('correct:', '[1     ]')
error:  0.00012693
('out:    ', '[0.998 ]')
('correct:', '[1     ]')
error:  0.00000278
('out:    ', '[0.998 ]')
('correct:', '[1     ]')
error:  0.00000276
('out:    ', '[0.994 ]')
('correct:', '[1     ]')
error:  0.00001669
('out:    ', '[0.937 ]')
('correct:', '[1     ]')
error:  0.00197751
('out:    ', '[0.663 ]')
('correct:', '[1     ]')
error:  0.05668575
('out:    ', '[0.995 ]')
('correct:', '[1     ]')
error:  0.00001455
('out:    ', '[0.998 ]')
('correct:', '[1     ]')
error:  0.00000162
('out:    ', '[0.99  ]')
('correct:', '[1     ]')
error:  0.00004782
('out:    ', '[0.991 ]')
('correct:', '[1     ]')
error:  0.00003812
('out:    ', '[0.995 ]')
('correct:', '[1     ]')
error:  0.00001257
('out:    ', '[0.998 ]')
('correct:', '[1     ]')
error:  0.00000270
('out:    ', '[0.997 ]')
('correct:', '[1     ]')
error:  0.00000411
('out:    ', '[0.997 ]')
('correct:', '[1     ]')
error:  0.00000547
('out:    ', '[0.995 ]')
('correct:', '[1     ]')
error:  0.00001014
('out:    ', '[0.955 ]')
('correct:', '[1     ]')
error:  0.00101163
('out:    ', '[0.973 ]')
('correct:', '[1     ]')
error:  0.00036685
('out:    ', '[0.995 ]')
('correct:', '[1     ]')
error:  0.00001442
('out:    ', '[0.992 ]')
('correct:', '[1     ]')
error:  0.00003469
('out:    ', '[0.915 ]')
('correct:', '[1     ]')
error:  0.00364012
('out:    ', '[0.994 ]')
('correct:', '[1     ]')
error:  0.00001654
('out:    ', '[0.982 ]')
('correct:', '[1     ]')
error:  0.00016111
('out:    ', '[0.997 ]')
('correct:', '[1     ]')
error:  0.00000408
('out:    ', '[0.925 ]')
('correct:', '[1     ]')
error:  0.00280238
('out:    ', '[0.997 ]')
('correct:', '[1     ]')
error:  0.00000316
('out:    ', '[0.995 ]')
('correct:', '[1     ]')
error:  0.00001070
('out:    ', '[0.997 ]')
('correct:', '[1     ]')
error:  0.00000564
('out:    ', '[0.997 ]')
('correct:', '[1     ]')
error:  0.00000399
('out:    ', '[0.994 ]')
('correct:', '[1     ]')
error:  0.00001996
('out:    ', '[0.974 ]')
('correct:', '[1     ]')
error:  0.00032892
('out:    ', '[0.988 ]')
('correct:', '[1     ]')
error:  0.00006930
('out:    ', '[0.996 ]')
('correct:', '[1     ]')
error:  0.00000836
('out:    ', '[0.998 ]')
('correct:', '[1     ]')
error:  0.00000230
('out:    ', '[0.996 ]')
('correct:', '[1     ]')
error:  0.00000885
('out:    ', '[0.997 ]')
('correct:', '[1     ]')
error:  0.00000434
('out:    ', '[0.997 ]')
('correct:', '[1     ]')
error:  0.00000355
('out:    ', '[0.947 ]')
('correct:', '[1     ]')
error:  0.00139886
('out:    ', '[0.985 ]')
('correct:', '[1     ]')
error:  0.00011919
('out:    ', '[0.998 ]')
('correct:', '[1     ]')
error:  0.00000153
('out:    ', '[0.985 ]')
('correct:', '[1     ]')
error:  0.00010766
('out:    ', '[0.989 ]')
('correct:', '[1     ]')
error:  0.00006015
('out:    ', '[0.995 ]')
('correct:', '[1     ]')
error:  0.00001329
('out:    ', '[0.904 ]')
('correct:', '[1     ]')
error:  0.00458303
('out:    ', '[0.97  ]')
('correct:', '[1     ]')
error:  0.00044754
('out:    ', '[0.903 ]')
('correct:', '[0     ]')
error:  0.40801568
('out:    ', '[0.994 ]')
('correct:', '[1     ]')
error:  0.00001615
('out:    ', '[0.993 ]')
('correct:', '[1     ]')
error:  0.00002252
('out:    ', '[0.998 ]')
('correct:', '[1     ]')
error:  0.00000224
('out:    ', '[0.992 ]')
('correct:', '[1     ]')
error:  0.00003261
('out:    ', '[0.998 ]')
('correct:', '[1     ]')
error:  0.00000287
('out:    ', '[0.709 ]')
('correct:', '[0     ]')
error:  0.25110208
('out:    ', '[0.957 ]')
('correct:', '[1     ]')
error:  0.00094295
('out:    ', '[0.995 ]')
('correct:', '[1     ]')
error:  0.00001264
('out:    ', '[0.997 ]')
('correct:', '[1     ]')
error:  0.00000483
('out:    ', '[0.834 ]')
('correct:', '[1     ]')
error:  0.01383352
('out:    ', '[0.995 ]')
('correct:', '[1     ]')
error:  0.00001481
('out:    ', '[0.992 ]')
('correct:', '[1     ]')
error:  0.00003426
('out:    ', '[0.993 ]')
('correct:', '[1     ]')
error:  0.00002336
('out:    ', '[0.995 ]')
('correct:', '[1     ]')
error:  0.00001050
('out:    ', '[0.997 ]')
('correct:', '[1     ]')
error:  0.00000476
('out:    ', '[0.996 ]')
('correct:', '[1     ]')
error:  0.00000626
('out:    ', '[0.993 ]')
('correct:', '[1     ]')
error:  0.00002338
('out:    ', '[0.991 ]')
('correct:', '[1     ]')
error:  0.00003934
('out:    ', '[0.994 ]')
('correct:', '[1     ]')
error:  0.00001616
('out:    ', '[0.994 ]')
('correct:', '[1     ]')
error:  0.00002068
('out:    ', '[0.994 ]')
('correct:', '[1     ]')
error:  0.00001690
('out:    ', '[0.955 ]')
('correct:', '[1     ]')
error:  0.00099725
('out:    ', '[0.995 ]')
('correct:', '[1     ]')
error:  0.00001044
('out:    ', '[0.667 ]')
('correct:', '[1     ]')
error:  0.05552009
('out:    ', '[0.981 ]')
('correct:', '[1     ]')
error:  0.00018696
('out:    ', '[0.676 ]')
('correct:', '[1     ]')
error:  0.05241596
('out:    ', '[0.995 ]')
('correct:', '[1     ]')
error:  0.00001129
('out:    ', '[0.96  ]')
('correct:', '[1     ]')
error:  0.00079010
('out:    ', '[0.998 ]')
('correct:', '[1     ]')
error:  0.00000179
('out:    ', '[0.996 ]')
('correct:', '[1     ]')
error:  0.00000633
('out:    ', '[0.971 ]')
('correct:', '[1     ]')
error:  0.00041435
('out:    ', '[0.993 ]')
('correct:', '[1     ]')
error:  0.00002147
('out:    ', '[0.994 ]')
('correct:', '[1     ]')
error:  0.00001663
('out:    ', '[0.998 ]')
('correct:', '[1     ]')
error:  0.00000251
('out:    ', '[0.979 ]')
('correct:', '[1     ]')
error:  0.00022046
('out:    ', '[0.771 ]')
('correct:', '[1     ]')
error:  0.02626683
('out:    ', '[0.993 ]')
('correct:', '[1     ]')
error:  0.00002216
('out:    ', '[0.996 ]')
('correct:', '[1     ]')
error:  0.00000830
('out:    ', '[0.994 ]')
('correct:', '[1     ]')
error:  0.00001948
('out:    ', '[0.988 ]')
('correct:', '[1     ]')
error:  0.00007388
('out:    ', '[0.899 ]')
('correct:', '[1     ]')
error:  0.00506718
('out:    ', '[0.998 ]')
('correct:', '[1     ]')
error:  0.00000252
('out:    ', '[0.914 ]')
('correct:', '[1     ]')
error:  0.00368745
('out:    ', '[0.992 ]')
('correct:', '[1     ]')
error:  0.00003525
('out:    ', '[0.993 ]')
('correct:', '[1     ]')
error:  0.00002298
('out:    ', '[0.75  ]')
('correct:', '[1     ]')
error:  0.03127176
('out:    ', '[0.875 ]')
('correct:', '[1     ]')
error:  0.00780459
('out:    ', '[0.997 ]')
('correct:', '[1     ]')
error:  0.00000389
('out:    ', '[0.992 ]')
('correct:', '[1     ]')
error:  0.00003413
('out:    ', '[0.998 ]')
('correct:', '[1     ]')
error:  0.00000235
('out:    ', '[0.987 ]')
('correct:', '[1     ]')
error:  0.00008624
('out:    ', '[0.998 ]')
('correct:', '[1     ]')
error:  0.00000299
('out:    ', '[0.998 ]')
('correct:', '[1     ]')
error:  0.00000250
('out:    ', '[0.99  ]')
('correct:', '[1     ]')
error:  0.00005007
('out:    ', '[0.974 ]')
('correct:', '[1     ]')
error:  0.00034967
('out:    ', '[0.607 ]')
('correct:', '[0     ]')
error:  0.18403143
('out:    ', '[0.998 ]')
('correct:', '[1     ]')
error:  0.00000242
('out:    ', '[0.995 ]')
('correct:', '[1     ]')
error:  0.00001030
('out:    ', '[0.994 ]')
('correct:', '[1     ]')
error:  0.00001805
('out:    ', '[0.977 ]')
('correct:', '[0     ]')
error:  0.47754297
('out:    ', '[0.985 ]')
('correct:', '[1     ]')
error:  0.00010643
('out:    ', '[0.991 ]')
('correct:', '[1     ]')
error:  0.00004215
('out:    ', '[0.983 ]')
('correct:', '[1     ]')
error:  0.00015219
('out:    ', '[0.694 ]')
('correct:', '[1     ]')
error:  0.04680115
('out:    ', '[0.995 ]')
('correct:', '[1     ]')
error:  0.00001045
('out:    ', '[0.997 ]')
('correct:', '[1     ]')
error:  0.00000522
('out:    ', '[0.996 ]')
('correct:', '[1     ]')
error:  0.00000922
('out:    ', '[0.996 ]')
('correct:', '[1     ]')
error:  0.00000622
('out:    ', '[0.759 ]')
('correct:', '[1     ]')
error:  0.02915161
('out:    ', '[0.971 ]')
('correct:', '[1     ]')
error:  0.00043366
('out:    ', '[0.992 ]')
('correct:', '[1     ]')
error:  0.00003392
('out:    ', '[0.989 ]')
('correct:', '[1     ]')
error:  0.00005618
('out:    ', '[0.929 ]')
('correct:', '[1     ]')
error:  0.00248544
('out:    ', '[0.996 ]')
('correct:', '[1     ]')
error:  0.00000652
('out:    ', '[0.99  ]')
('correct:', '[1     ]')
error:  0.00004723
('out:    ', '[0.996 ]')
('correct:', '[1     ]')
error:  0.00000891
('out:    ', '[0.998 ]')
('correct:', '[1     ]')
error:  0.00000280
('out:    ', '[0.997 ]')
('correct:', '[1     ]')
error:  0.00000326
('out:    ', '[0.988 ]')
('correct:', '[1     ]')
error:  0.00007606
('out:    ', '[0.987 ]')
('correct:', '[1     ]')
error:  0.00008733
('out:    ', '[0.996 ]')
('correct:', '[1     ]')
error:  0.00000688
('out:    ', '[0.994 ]')
('correct:', '[1     ]')
error:  0.00001918
('out:    ', '[0.996 ]')
('correct:', '[1     ]')
error:  0.00000956
('out:    ', '[0.992 ]')
('correct:', '[1     ]')
error:  0.00003328
('out:    ', '[0.96  ]')
('correct:', '[1     ]')
error:  0.00081391
('out:    ', '[0.993 ]')
('correct:', '[1     ]')
error:  0.00002442
('out:    ', '[0.997 ]')
('correct:', '[1     ]')
error:  0.00000367
('out:    ', '[0.997 ]')
('correct:', '[1     ]')
error:  0.00000368
('out:    ', '[0.987 ]')
('correct:', '[1     ]')
error:  0.00008032
('out:    ', '[0.729 ]')
('correct:', '[1     ]')
error:  0.03670586
('out:    ', '[0.994 ]')
('correct:', '[1     ]')
error:  0.00001813
('out:    ', '[0.993 ]')
('correct:', '[1     ]')
error:  0.00002521
('out:    ', '[0.996 ]')
('correct:', '[1     ]')
error:  0.00000696
('out:    ', '[0.997 ]')
('correct:', '[1     ]')
error:  0.00000604
('out:    ', '[0.993 ]')
('correct:', '[1     ]')
error:  0.00002234
('out:    ', '[0.996 ]')
('correct:', '[1     ]')
error:  0.00000951
('out:    ', '[0.782 ]')
('correct:', '[1     ]')
error:  0.02382897
('out:    ', '[0.992 ]')
('correct:', '[1     ]')
error:  0.00003459
('out:    ', '[0.96  ]')
('correct:', '[1     ]')
error:  0.00081743
('out:    ', '[0.992 ]')
('correct:', '[1     ]')
error:  0.00003191
('out:    ', '[0.993 ]')
('correct:', '[1     ]')
error:  0.00002263
('out:    ', '[0.981 ]')
('correct:', '[1     ]')
error:  0.00018653
('out:    ', '[0.996 ]')
('correct:', '[1     ]')
error:  0.00000643
('out:    ', '[0.991 ]')
('correct:', '[1     ]')
error:  0.00004199
('out:    ', '[0.982 ]')
('correct:', '[1     ]')
error:  0.00016066
('out:    ', '[0.985 ]')
('correct:', '[1     ]')
error:  0.00011996
('out:    ', '[0.991 ]')
('correct:', '[1     ]')
error:  0.00004333
('out:    ', '[0.998 ]')
('correct:', '[1     ]')
error:  0.00000285
('out:    ', '[0.963 ]')
('correct:', '[1     ]')
error:  0.00066817
('out:    ', '[0.94  ]')
('correct:', '[1     ]')
error:  0.00181432
('out:    ', '[0.998 ]')
('correct:', '[1     ]')
error:  0.00000279
('out:    ', '[0.998 ]')
('correct:', '[1     ]')
error:  0.00000202
('out:    ', '[0.99  ]')
('correct:', '[1     ]')
error:  0.00005060
('out:    ', '[0.99  ]')
('correct:', '[1     ]')
error:  0.00004721
('out:    ', '[0.984 ]')
('correct:', '[1     ]')
error:  0.00013195
('out:    ', '[0.994 ]')
('correct:', '[1     ]')
error:  0.00001610
('out:    ', '[0.991 ]')
('correct:', '[1     ]')
error:  0.00003842
('out:    ', '[0.861 ]')
('correct:', '[1     ]')
error:  0.00959645
('out:    ', '[0.993 ]')
('correct:', '[1     ]')
error:  0.00002313
('out:    ', '[0.986 ]')
('correct:', '[1     ]')
error:  0.00009186
('out:    ', '[0.992 ]')
('correct:', '[1     ]')
error:  0.00003549
('out:    ', '[0.892 ]')
('correct:', '[1     ]')
error:  0.00587550
('out:    ', '[0.946 ]')
('correct:', '[1     ]')
error:  0.00147721
('out:    ', '[0.956 ]')
('correct:', '[1     ]')
error:  0.00097554
('out:    ', '[0.997 ]')
('correct:', '[1     ]')
error:  0.00000430
('out:    ', '[0.937 ]')
('correct:', '[1     ]')
error:  0.00198467
('out:    ', '[0.815 ]')
('correct:', '[1     ]')
error:  0.01719562
('out:    ', '[0.996 ]')
('correct:', '[1     ]')
error:  0.00000969
('out:    ', '[0.986 ]')
('correct:', '[1     ]')
error:  0.00009134
('out:    ', '[0.998 ]')
('correct:', '[1     ]')
error:  0.00000282
('out:    ', '[0.963 ]')
('correct:', '[1     ]')
error:  0.00066695
('out:    ', '[0.994 ]')
('correct:', '[1     ]')
error:  0.00001978
('out:    ', '[0.996 ]')
('correct:', '[1     ]')
error:  0.00000861
('out:    ', '[0.997 ]')
('correct:', '[1     ]')
error:  0.00000325
('out:    ', '[0.998 ]')
('correct:', '[1     ]')
error:  0.00000308
('out:    ', '[0.995 ]')
('correct:', '[1     ]')
error:  0.00001465
('out:    ', '[0.995 ]')
('correct:', '[1     ]')
error:  0.00001202
('out:    ', '[0.997 ]')
('correct:', '[1     ]')
error:  0.00000356
('out:    ', '[0.995 ]')
('correct:', '[1     ]')
error:  0.00001078
('out:    ', '[0.997 ]')
('correct:', '[1     ]')
error:  0.00000482
('out:    ', '[0.993 ]')
('correct:', '[1     ]')
error:  0.00002473
('out:    ', '[0.905 ]')
('correct:', '[1     ]')
error:  0.00449856
('out:    ', '[0.993 ]')
('correct:', '[1     ]')
error:  0.00002225
('out:    ', '[0.993 ]')
('correct:', '[1     ]')
error:  0.00002301
('out:    ', '[0.949 ]')
('correct:', '[1     ]')
error:  0.00131463
('out:    ', '[0.997 ]')
('correct:', '[1     ]')
error:  0.00000383
('out:    ', '[0.993 ]')
('correct:', '[0     ]')
error:  0.49256185
('out:    ', '[0.991 ]')
('correct:', '[1     ]')
error:  0.00004168
('out:    ', '[0.995 ]')
('correct:', '[1     ]')
error:  0.00001087
('out:    ', '[0.855 ]')
('correct:', '[1     ]')
error:  0.01046929
('out:    ', '[0.979 ]')
('correct:', '[1     ]')
error:  0.00021065
('out:    ', '[0.995 ]')
('correct:', '[1     ]')
error:  0.00001076
('out:    ', '[0.994 ]')
('correct:', '[1     ]')
error:  0.00002037
('out:    ', '[0.997 ]')
('correct:', '[1     ]')
error:  0.00000418
('out:    ', '[0.998 ]')
('correct:', '[1     ]')
error:  0.00000211
('out:    ', '[0.7   ]')
('correct:', '[0     ]')
error:  0.24518801
('out:    ', '[0.993 ]')
('correct:', '[1     ]')
error:  0.00002338
('out:    ', '[0.568 ]')
('correct:', '[1     ]')
error:  0.09351190
('out:    ', '[0.992 ]')
('correct:', '[1     ]')
error:  0.00003528
('out:    ', '[0.997 ]')
('correct:', '[1     ]')
error:  0.00000348
('out:    ', '[0.864 ]')
('correct:', '[1     ]')
error:  0.00918980
('out:    ', '[0.983 ]')
('correct:', '[1     ]')
error:  0.00015116
('out:    ', '[0.998 ]')
('correct:', '[1     ]')
error:  0.00000296
('out:    ', '[0.737 ]')
('correct:', '[1     ]')
error:  0.03451836
('out:    ', '[0.998 ]')
('correct:', '[1     ]')
error:  0.00000269
('out:    ', '[0.995 ]')
('correct:', '[1     ]')
error:  0.00001500
('out:    ', '[0.998 ]')
('correct:', '[1     ]')
error:  0.00000246
('out:    ', '[0.983 ]')
('correct:', '[1     ]')
error:  0.00014019
('out:    ', '[0.993 ]')
('correct:', '[1     ]')
error:  0.00002257
('out:    ', '[0.997 ]')
('correct:', '[1     ]')
error:  0.00000548
('out:    ', '[0.976 ]')
('correct:', '[1     ]')
error:  0.00029890
('out:    ', '[0.957 ]')
('correct:', '[1     ]')
error:  0.00093296
('out:    ', '[0.992 ]')
('correct:', '[1     ]')
error:  0.00003240
('out:    ', '[0.993 ]')
('correct:', '[1     ]')
error:  0.00002362
('out:    ', '[0.988 ]')
('correct:', '[1     ]')
error:  0.00006846
('out:    ', '[0.934 ]')
('correct:', '[1     ]')
error:  0.00216079
('out:    ', '[0.995 ]')
('correct:', '[1     ]')
error:  0.00001049
('out:    ', '[0.995 ]')
('correct:', '[1     ]')
error:  0.00001197
('out:    ', '[0.991 ]')
('correct:', '[1     ]')
error:  0.00003840
('out:    ', '[0.996 ]')
('correct:', '[1     ]')
error:  0.00000625
('out:    ', '[0.966 ]')
('correct:', '[1     ]')
error:  0.00058362
('out:    ', '[0.983 ]')
('correct:', '[1     ]')
error:  0.00014352
('out:    ', '[0.997 ]')
('correct:', '[1     ]')
error:  0.00000419
('out:    ', '[0.664 ]')
('correct:', '[1     ]')
error:  0.05643444
('out:    ', '[0.996 ]')
('correct:', '[1     ]')
error:  0.00000697
('out:    ', '[0.995 ]')
('correct:', '[1     ]')
error:  0.00001144
('out:    ', '[0.997 ]')
('correct:', '[1     ]')
error:  0.00000423
('out:    ', '[0.981 ]')
('correct:', '[1     ]')
error:  0.00017259
('out:    ', '[0.968 ]')
('correct:', '[1     ]')
error:  0.00050799
('out:    ', '[0.994 ]')
('correct:', '[1     ]')
error:  0.00001890
('out:    ', '[0.986 ]')
('correct:', '[1     ]')
error:  0.00010070
('out:    ', '[0.993 ]')
('correct:', '[1     ]')
error:  0.00002233
('out:    ', '[0.985 ]')
('correct:', '[1     ]')
error:  0.00010620
('out:    ', '[0.818 ]')
('correct:', '[0     ]')
error:  0.33419933
('out:    ', '[0.998 ]')
('correct:', '[1     ]')
error:  0.00000279
('out:    ', '[0.994 ]')
('correct:', '[1     ]')
error:  0.00002028
('out:    ', '[0.99  ]')
('correct:', '[1     ]')
error:  0.00004675
('out:    ', '[0.996 ]')
('correct:', '[1     ]')
error:  0.00000827
('out:    ', '[0.987 ]')
('correct:', '[1     ]')
error:  0.00007983
('out:    ', '[0.934 ]')
('correct:', '[1     ]')
error:  0.00218181
('out:    ', '[0.998 ]')
('correct:', '[1     ]')
error:  0.00000286
('out:    ', '[0.878 ]')
('correct:', '[1     ]')
error:  0.00739027
('out:    ', '[0.998 ]')
('correct:', '[1     ]')
error:  0.00000244
('out:    ', '[0.995 ]')
('correct:', '[1     ]')
error:  0.00001083
('out:    ', '[0.993 ]')
('correct:', '[1     ]')
error:  0.00002242
('out:    ', '[0.985 ]')
('correct:', '[1     ]')
error:  0.00011223
('out:    ', '[0.993 ]')
('correct:', '[1     ]')
error:  0.00002123
('out:    ', '[0.997 ]')
('correct:', '[1     ]')
error:  0.00000464
('out:    ', '[0.997 ]')
('correct:', '[1     ]')
error:  0.00000428
('out:    ', '[0.993 ]')
('correct:', '[1     ]')
error:  0.00002366
('out:    ', '[0.981 ]')
('correct:', '[1     ]')
error:  0.00018701
('out:    ', '[0.992 ]')
('correct:', '[1     ]')
error:  0.00003526
('out:    ', '[0.993 ]')
('correct:', '[1     ]')
error:  0.00002770
('out:    ', '[0.994 ]')
('correct:', '[1     ]')
error:  0.00001836
('out:    ', '[0.68  ]')
('correct:', '[1     ]')
error:  0.05135006
('out:    ', '[0.993 ]')
('correct:', '[1     ]')
error:  0.00002796
('out:    ', '[0.996 ]')
('correct:', '[1     ]')
error:  0.00000967
('out:    ', '[0.99  ]')
('correct:', '[1     ]')
error:  0.00004566
('out:    ', '[0.998 ]')
('correct:', '[1     ]')
error:  0.00000147
('out:    ', '[0.992 ]')
('correct:', '[1     ]')
error:  0.00003015
('out:    ', '[0.992 ]')
('correct:', '[1     ]')
error:  0.00003434
('out:    ', '[0.997 ]')
('correct:', '[1     ]')
error:  0.00000454
('out:    ', '[0.985 ]')
('correct:', '[1     ]')
error:  0.00010763
('out:    ', '[0.997 ]')
('correct:', '[1     ]')
error:  0.00000457
('out:    ', '[0.821 ]')
('correct:', '[1     ]')
error:  0.01595815
('out:    ', '[0.994 ]')
('correct:', '[1     ]')
error:  0.00001734
('out:    ', '[0.992 ]')
('correct:', '[1     ]')
error:  0.00003524
('out:    ', '[0.883 ]')
('correct:', '[1     ]')
error:  0.00684798
('out:    ', '[0.988 ]')
('correct:', '[1     ]')
error:  0.00007334
('out:    ', '[0.953 ]')
('correct:', '[1     ]')
error:  0.00111066
('out:    ', '[0.998 ]')
('correct:', '[1     ]')
error:  0.00000276
('out:    ', '[0.985 ]')
('correct:', '[1     ]')
error:  0.00011347
('out:    ', '[0.995 ]')
('correct:', '[1     ]')
error:  0.00001093
('out:    ', '[0.997 ]')
('correct:', '[1     ]')
error:  0.00000460
('out:    ', '[0.95  ]')
('correct:', '[1     ]')
error:  0.00124187
('out:    ', '[0.998 ]')
('correct:', '[1     ]')
error:  0.00000144
('out:    ', '[0.993 ]')
('correct:', '[1     ]')
error:  0.00002496
('out:    ', '[0.991 ]')
('correct:', '[1     ]')
error:  0.00003962
('out:    ', '[0.996 ]')
('correct:', '[1     ]')
error:  0.00000867
('out:    ', '[0.989 ]')
('correct:', '[1     ]')
error:  0.00005833
('out:    ', '[0.997 ]')
('correct:', '[1     ]')
error:  0.00000326
('out:    ', '[0.975 ]')
('correct:', '[1     ]')
error:  0.00031111
('out:    ', '[0.798 ]')
('correct:', '[1     ]')
error:  0.02039924
('out:    ', '[0.996 ]')
('correct:', '[1     ]')
error:  0.00000983
('out:    ', '[0.898 ]')
('correct:', '[1     ]')
error:  0.00520600
('out:    ', '[0.995 ]')
('correct:', '[1     ]')
error:  0.00001369
('out:    ', '[0.976 ]')
('correct:', '[1     ]')
error:  0.00027787
('out:    ', '[0.997 ]')
('correct:', '[1     ]')
error:  0.00000441
('out:    ', '[0.993 ]')
('correct:', '[1     ]')
error:  0.00002426
('out:    ', '[0.996 ]')
('correct:', '[1     ]')
error:  0.00000920
('out:    ', '[0.987 ]')
('correct:', '[1     ]')
error:  0.00009095
('out:    ', '[0.998 ]')
('correct:', '[1     ]')
error:  0.00000256
('out:    ', '[0.996 ]')
('correct:', '[1     ]')
error:  0.00000920
('out:    ', '[0.992 ]')
('correct:', '[1     ]')
error:  0.00003025
('out:    ', '[0.701 ]')
('correct:', '[1     ]')
error:  0.04474324
('out:    ', '[0.993 ]')
('correct:', '[1     ]')
error:  0.00002569
('out:    ', '[0.995 ]')
('correct:', '[1     ]')
error:  0.00001271
('out:    ', '[0.964 ]')
('correct:', '[1     ]')
error:  0.00064785
('out:    ', '[0.764 ]')
('correct:', '[0     ]')
error:  0.29188840
('out:    ', '[0.998 ]')
('correct:', '[1     ]')
error:  0.00000158
('out:    ', '[0.958 ]')
('correct:', '[1     ]')
error:  0.00089355
('out:    ', '[0.993 ]')
('correct:', '[1     ]')
error:  0.00002806
('out:    ', '[0.978 ]')
('correct:', '[1     ]')
error:  0.00025105
('out:    ', '[0.993 ]')
('correct:', '[1     ]')
error:  0.00002480
('out:    ', '[0.997 ]')
('correct:', '[1     ]')
error:  0.00000519
('out:    ', '[0.992 ]')
('correct:', '[1     ]')
error:  0.00002843
('out:    ', '[0.997 ]')
('correct:', '[1     ]')
error:  0.00000358
('out:    ', '[0.972 ]')
('correct:', '[1     ]')
error:  0.00038265
('out:    ', '[0.995 ]')
('correct:', '[1     ]')
error:  0.00001133
('out:    ', '[0.966 ]')
('correct:', '[1     ]')
error:  0.00057898
('out:    ', '[0.984 ]')
('correct:', '[1     ]')
error:  0.00012089
('out:    ', '[0.993 ]')
('correct:', '[1     ]')
error:  0.00002454
('out:    ', '[0.998 ]')
('correct:', '[1     ]')
error:  0.00000278
('out:    ', '[0.991 ]')
('correct:', '[1     ]')
error:  0.00004167
('out:    ', '[0.992 ]')
('correct:', '[1     ]')
error:  0.00003221
('out:    ', '[0.997 ]')
('correct:', '[1     ]')
error:  0.00000360
('out:    ', '[0.992 ]')
('correct:', '[1     ]')
error:  0.00003139
('out:    ', '[0.986 ]')
('correct:', '[1     ]')
error:  0.00010411
('out:    ', '[0.691 ]')
('correct:', '[1     ]')
error:  0.04760347
('out:    ', '[0.997 ]')
('correct:', '[1     ]')
error:  0.00000468
('out:    ', '[0.992 ]')
('correct:', '[1     ]')
error:  0.00003138
('out:    ', '[0.976 ]')
('correct:', '[1     ]')
error:  0.00028565
('out:    ', '[0.936 ]')
('correct:', '[0     ]')
error:  0.43788290
('out:    ', '[0.992 ]')
('correct:', '[1     ]')
error:  0.00003607
('out:    ', '[0.993 ]')
('correct:', '[1     ]')
error:  0.00002277
('out:    ', '[0.978 ]')
('correct:', '[1     ]')
error:  0.00025060
('out:    ', '[0.996 ]')
('correct:', '[1     ]')
error:  0.00000662
('out:    ', '[0.993 ]')
('correct:', '[1     ]')
error:  0.00002690
('out:    ', '[0.997 ]')
('correct:', '[1     ]')
error:  0.00000389
('out:    ', '[0.854 ]')
('correct:', '[1     ]')
error:  0.01062145
('out:    ', '[0.995 ]')
('correct:', '[1     ]')
error:  0.00001411
('out:    ', '[0.572 ]')
('correct:', '[1     ]')
error:  0.09140570
('out:    ', '[0.993 ]')
('correct:', '[1     ]')
error:  0.00002409
('out:    ', '[0.998 ]')
('correct:', '[1     ]')
error:  0.00000311
('out:    ', '[0.853 ]')
('correct:', '[1     ]')
error:  0.01078222
('out:    ', '[0.62  ]')
('correct:', '[1     ]')
error:  0.07237812
('out:    ', '[0.992 ]')
('correct:', '[1     ]')
error:  0.00002935
('out:    ', '[0.995 ]')
('correct:', '[1     ]')
error:  0.00001240
('out:    ', '[0.995 ]')
('correct:', '[1     ]')
error:  0.00001178
('out:    ', '[0.996 ]')
('correct:', '[1     ]')
error:  0.00000959
('out:    ', '[0.995 ]')
('correct:', '[1     ]')
error:  0.00001471
('out:    ', '[0.985 ]')
('correct:', '[1     ]')
error:  0.00011029
('out:    ', '[0.994 ]')
('correct:', '[1     ]')
error:  0.00002020
('out:    ', '[0.967 ]')
('correct:', '[1     ]')
error:  0.00054163
('out:    ', '[0.986 ]')
('correct:', '[1     ]')
error:  0.00009579
('out:    ', '[0.982 ]')
('correct:', '[1     ]')
error:  0.00017106
('out:    ', '[0.896 ]')
('correct:', '[1     ]')
error:  0.00535954
('out:    ', '[0.987 ]')
('correct:', '[1     ]')
error:  0.00008855
('out:    ', '[0.994 ]')
('correct:', '[1     ]')
error:  0.00001928
('out:    ', '[0.998 ]')
('correct:', '[1     ]')
error:  0.00000212
('out:    ', '[0.997 ]')
('correct:', '[1     ]')
error:  0.00000442
('out:    ', '[0.745 ]')
('correct:', '[1     ]')
error:  0.03259446
('out:    ', '[0.861 ]')
('correct:', '[1     ]')
error:  0.00965452
('out:    ', '[0.995 ]')
('correct:', '[1     ]')
error:  0.00001348
('out:    ', '[0.844 ]')
('correct:', '[1     ]')
error:  0.01214079
('out:    ', '[0.994 ]')
('correct:', '[1     ]')
error:  0.00001786
('out:    ', '[0.99  ]')
('correct:', '[1     ]')
error:  0.00004821
('out:    ', '[0.994 ]')
('correct:', '[1     ]')
error:  0.00001615
('out:    ', '[0.986 ]')
('correct:', '[1     ]')
error:  0.00010281
('out:    ', '[0.802 ]')
('correct:', '[1     ]')
error:  0.01961520
('out:    ', '[0.993 ]')
('correct:', '[1     ]')
error:  0.00002412
('out:    ', '[0.994 ]')
('correct:', '[1     ]')
error:  0.00001837
('out:    ', '[0.966 ]')
('correct:', '[1     ]')
error:  0.00057304
('out:    ', '[0.994 ]')
('correct:', '[1     ]')
error:  0.00001842
('out:    ', '[0.993 ]')
('correct:', '[1     ]')
error:  0.00002228
('out:    ', '[0.967 ]')
('correct:', '[1     ]')
error:  0.00053509
('out:    ', '[0.997 ]')
('correct:', '[1     ]')
error:  0.00000405
('out:    ', '[0.986 ]')
('correct:', '[1     ]')
error:  0.00009672
('out:    ', '[0.996 ]')
('correct:', '[1     ]')
error:  0.00000622
('out:    ', '[0.995 ]')
('correct:', '[1     ]')
error:  0.00001478
('out:    ', '[0.992 ]')
('correct:', '[1     ]')
error:  0.00003181
('out:    ', '[0.998 ]')
('correct:', '[1     ]')
error:  0.00000229
('out:    ', '[0.993 ]')
('correct:', '[1     ]')
error:  0.00002672
('out:    ', '[0.99  ]')
('correct:', '[1     ]')
error:  0.00004728
('out:    ', '[0.996 ]')
('correct:', '[1     ]')
error:  0.00000662
('out:    ', '[0.997 ]')
('correct:', '[1     ]')
error:  0.00000463
('out:    ', '[0.985 ]')
('correct:', '[1     ]')
error:  0.00010546
('out:    ', '[0.991 ]')
('correct:', '[1     ]')
error:  0.00003810
('out:    ', '[0.996 ]')
('correct:', '[1     ]')
error:  0.00000713
('out:    ', '[0.995 ]')
('correct:', '[1     ]')
error:  0.00001135
('out:    ', '[0.987 ]')
('correct:', '[1     ]')
error:  0.00008137
('out:    ', '[0.991 ]')
('correct:', '[1     ]')
error:  0.00003659
('out:    ', '[0.995 ]')
('correct:', '[1     ]')
error:  0.00001237
('out:    ', '[0.993 ]')
('correct:', '[1     ]')
error:  0.00002298
('out:    ', '[0.99  ]')
('correct:', '[1     ]')
error:  0.00004571
('out:    ', '[0.992 ]')
('correct:', '[1     ]')
error:  0.00003609
('out:    ', '[0.991 ]')
('correct:', '[1     ]')
error:  0.00004205
('out:    ', '[0.996 ]')
('correct:', '[1     ]')
error:  0.00000860
('out:    ', '[0.994 ]')
('correct:', '[1     ]')
error:  0.00001528
('out:    ', '[0.993 ]')
('correct:', '[1     ]')
error:  0.00002346
('out:    ', '[0.981 ]')
('correct:', '[1     ]')
error:  0.00017197
('out:    ', '[0.998 ]')
('correct:', '[1     ]')
error:  0.00000231
('out:    ', '[0.997 ]')
('correct:', '[1     ]')
error:  0.00000512
('out:    ', '[0.997 ]')
('correct:', '[1     ]')
error:  0.00000575
('out:    ', '[0.995 ]')
('correct:', '[1     ]')
error:  0.00001174
('out:    ', '[0.998 ]')
('correct:', '[1     ]')
error:  0.00000252
('out:    ', '[0.822 ]')
('correct:', '[1     ]')
error:  0.01582927
('out:    ', '[0.997 ]')
('correct:', '[1     ]')
error:  0.00000575
('out:    ', '[0.992 ]')
('correct:', '[1     ]')
error:  0.00003503
('out:    ', '[0.993 ]')
('correct:', '[1     ]')
error:  0.00002649
('out:    ', '[0.997 ]')
('correct:', '[1     ]')
error:  0.00000358
('out:    ', '[0.991 ]')
('correct:', '[1     ]')
error:  0.00004414
('out:    ', '[0.994 ]')
('correct:', '[1     ]')
error:  0.00001680
('out:    ', '[0.996 ]')
('correct:', '[1     ]')
error:  0.00000671
('out:    ', '[0.978 ]')
('correct:', '[1     ]')
error:  0.00024284
('out:    ', '[0.921 ]')
('correct:', '[1     ]')
error:  0.00314495
('out:    ', '[0.991 ]')
('correct:', '[1     ]')
error:  0.00004502
('out:    ', '[0.98  ]')
('correct:', '[1     ]')
error:  0.00020176
('out:    ', '[0.988 ]')
('correct:', '[1     ]')
error:  0.00007496
('out:    ', '[0.997 ]')
('correct:', '[1     ]')
error:  0.00000366
('out:    ', '[0.987 ]')
('correct:', '[1     ]')
error:  0.00008776
('out:    ', '[0.992 ]')
('correct:', '[1     ]')
error:  0.00002979
('out:    ', '[0.993 ]')
('correct:', '[1     ]')
error:  0.00002723
('out:    ', '[0.986 ]')
('correct:', '[1     ]')
error:  0.00010075
('out:    ', '[0.997 ]')
('correct:', '[1     ]')
error:  0.00000454
('out:    ', '[0.992 ]')
('correct:', '[1     ]')
error:  0.00003484
('out:    ', '[0.995 ]')
('correct:', '[1     ]')
error:  0.00001105
('out:    ', '[0.995 ]')
('correct:', '[1     ]')
error:  0.00001060
('out:    ', '[0.998 ]')
('correct:', '[1     ]')
error:  0.00000292
('out:    ', '[0.855 ]')
('correct:', '[1     ]')
error:  0.01050785
('out:    ', '[0.994 ]')
('correct:', '[1     ]')
error:  0.00001649
('out:    ', '[0.997 ]')
('correct:', '[1     ]')
error:  0.00000402
('out:    ', '[0.947 ]')
('correct:', '[1     ]')
error:  0.00140387
('out:    ', '[0.992 ]')
('correct:', '[1     ]')
error:  0.00003371
('out:    ', '[0.998 ]')
('correct:', '[1     ]')
error:  0.00000302
('out:    ', '[0.976 ]')
('correct:', '[1     ]')
error:  0.00028698
('out:    ', '[0.993 ]')
('correct:', '[1     ]')
error:  0.00002195
('out:    ', '[0.998 ]')
('correct:', '[1     ]')
error:  0.00000250
('out:    ', '[0.996 ]')
('correct:', '[1     ]')
error:  0.00000843
('out:    ', '[0.986 ]')
('correct:', '[1     ]')
error:  0.00010190
('out:    ', '[0.998 ]')
('correct:', '[1     ]')
error:  0.00000227
('out:    ', '[0.993 ]')
('correct:', '[1     ]')
error:  0.00002755
('out:    ', '[0.992 ]')
('correct:', '[1     ]')
error:  0.00002824
('out:    ', '[0.995 ]')
('correct:', '[1     ]')
error:  0.00001476
('out:    ', '[0.778 ]')
('correct:', '[1     ]')
error:  0.02464271
('out:    ', '[0.99  ]')
('correct:', '[1     ]')
error:  0.00005112
('out:    ', '[0.901 ]')
('correct:', '[1     ]')
error:  0.00487438
('out:    ', '[0.758 ]')
('correct:', '[1     ]')
error:  0.02920703
('out:    ', '[0.98  ]')
('correct:', '[1     ]')
error:  0.00020336
('out:    ', '[0.992 ]')
('correct:', '[1     ]')
error:  0.00002904
('out:    ', '[0.997 ]')
('correct:', '[1     ]')
error:  0.00000529
('out:    ', '[0.998 ]')
('correct:', '[1     ]')
error:  0.00000207
('out:    ', '[0.997 ]')
('correct:', '[1     ]')
error:  0.00000543
('out:    ', '[0.995 ]')
('correct:', '[1     ]')
error:  0.00001019
('out:    ', '[0.993 ]')
('correct:', '[1     ]')
error:  0.00002303
('out:    ', '[0.982 ]')
('correct:', '[1     ]')
error:  0.00016367
('out:    ', '[0.898 ]')
('correct:', '[1     ]')
error:  0.00520348
('out:    ', '[0.993 ]')
('correct:', '[1     ]')
error:  0.00002340
('out:    ', '[0.995 ]')
('correct:', '[1     ]')
error:  0.00001362
('out:    ', '[0.998 ]')
('correct:', '[1     ]')
error:  0.00000160
('out:    ', '[0.966 ]')
('correct:', '[1     ]')
error:  0.00057838
('out:    ', '[0.966 ]')
('correct:', '[1     ]')
error:  0.00058923
('out:    ', '[0.996 ]')
('correct:', '[1     ]')
error:  0.00000996
('out:    ', '[0.973 ]')
('correct:', '[1     ]')
error:  0.00035541
('out:    ', '[0.944 ]')
('correct:', '[1     ]')
error:  0.00156017
('out:    ', '[0.859 ]')
('correct:', '[1     ]')
error:  0.00994973
('out:    ', '[0.994 ]')
('correct:', '[1     ]')
error:  0.00001955
('out:    ', '[0.989 ]')
('correct:', '[1     ]')
error:  0.00006454
('out:    ', '[0.994 ]')
('correct:', '[1     ]')
error:  0.00001695
('out:    ', '[0.993 ]')
('correct:', '[1     ]')
error:  0.00002261
('out:    ', '[0.994 ]')
('correct:', '[1     ]')
error:  0.00002046
('out:    ', '[0.995 ]')
('correct:', '[1     ]')
error:  0.00001119
('out:    ', '[0.994 ]')
('correct:', '[1     ]')
error:  0.00001718
('out:    ', '[0.851 ]')
('correct:', '[1     ]')
error:  0.01105404
('out:    ', '[0.993 ]')
('correct:', '[1     ]')
error:  0.00002552
('out:    ', '[0.994 ]')
('correct:', '[1     ]')
error:  0.00001778
('out:    ', '[0.954 ]')
('correct:', '[1     ]')
error:  0.00105662
('out:    ', '[0.989 ]')
('correct:', '[1     ]')
error:  0.00006102
('out:    ', '[0.997 ]')
('correct:', '[1     ]')
error:  0.00000397
('out:    ', '[0.97  ]')
('correct:', '[1     ]')
error:  0.00044382
('out:    ', '[0.859 ]')
('correct:', '[1     ]')
error:  0.00989348
('out:    ', '[0.994 ]')
('correct:', '[1     ]')
error:  0.00001520
('out:    ', '[0.765 ]')
('correct:', '[1     ]')
error:  0.02762703
('out:    ', '[0.99  ]')
('correct:', '[1     ]')
error:  0.00004651
('out:    ', '[0.996 ]')
('correct:', '[1     ]')
error:  0.00000710
('out:    ', '[0.994 ]')
('correct:', '[1     ]')
error:  0.00001658
('out:    ', '[0.993 ]')
('correct:', '[1     ]')
error:  0.00002146
('out:    ', '[0.99  ]')
('correct:', '[1     ]')
error:  0.00004951
('out:    ', '[0.994 ]')
('correct:', '[1     ]')
error:  0.00001625
('out:    ', '[0.997 ]')
('correct:', '[1     ]')
error:  0.00000559
('out:    ', '[0.997 ]')
('correct:', '[1     ]')
error:  0.00000396
('out:    ', '[0.997 ]')
('correct:', '[1     ]')
error:  0.00000583
('out:    ', '[0.995 ]')
('correct:', '[1     ]')
error:  0.00001088
('out:    ', '[0.993 ]')
('correct:', '[1     ]')
error:  0.00002317
('out:    ', '[0.993 ]')
('correct:', '[1     ]')
error:  0.00002617
('out:    ', '[0.995 ]')
('correct:', '[1     ]')
error:  0.00001426
('out:    ', '[0.957 ]')
('correct:', '[1     ]')
error:  0.00092247
('out:    ', '[0.913 ]')
('correct:', '[1     ]')
error:  0.00378368
('out:    ', '[0.998 ]')
('correct:', '[1     ]')
error:  0.00000301
('out:    ', '[0.993 ]')
('correct:', '[1     ]')
error:  0.00002121
('out:    ', '[0.995 ]')
('correct:', '[1     ]')
error:  0.00001140
('out:    ', '[0.832 ]')
('correct:', '[1     ]')
error:  0.01408237
('out:    ', '[0.995 ]')
('correct:', '[1     ]')
error:  0.00001382
('out:    ', '[0.988 ]')
('correct:', '[1     ]')
error:  0.00006948
('out:    ', '[0.99  ]')
('correct:', '[1     ]')
error:  0.00004561
('out:    ', '[0.993 ]')
('correct:', '[1     ]')
error:  0.00002324
('out:    ', '[0.993 ]')
('correct:', '[1     ]')
error:  0.00002218
('out:    ', '[0.944 ]')
('correct:', '[1     ]')
error:  0.00157304
('out:    ', '[0.996 ]')
('correct:', '[1     ]')
error:  0.00000873
('out:    ', '[0.996 ]')
('correct:', '[1     ]')
error:  0.00000984
('out:    ', '[0.994 ]')
('correct:', '[1     ]')
error:  0.00002003
('out:    ', '[0.994 ]')
('correct:', '[1     ]')
error:  0.00001964
('out:    ', '[0.941 ]')
('correct:', '[1     ]')
error:  0.00176761
('out:    ', '[0.993 ]')
('correct:', '[1     ]')
error:  0.00002470
('out:    ', '[0.992 ]')
('correct:', '[1     ]')
error:  0.00002970
('out:    ', '[0.992 ]')
('correct:', '[1     ]')
error:  0.00002881
('out:    ', '[0.996 ]')
('correct:', '[1     ]')
error:  0.00000645
('out:    ', '[0.993 ]')
('correct:', '[1     ]')
error:  0.00002172
('out:    ', '[0.99  ]')
('correct:', '[1     ]')
error:  0.00005481
('out:    ', '[0.995 ]')
('correct:', '[1     ]')
error:  0.00001473
('out:    ', '[0.98  ]')
('correct:', '[1     ]')
error:  0.00019722
('out:    ', '[0.994 ]')
('correct:', '[1     ]')
error:  0.00001518
('out:    ', '[0.726 ]')
('correct:', '[1     ]')
error:  0.03762979
('out:    ', '[0.995 ]')
('correct:', '[1     ]')
error:  0.00001298
('out:    ', '[0.991 ]')
('correct:', '[1     ]')
error:  0.00003802
('out:    ', '[0.993 ]')
('correct:', '[1     ]')
error:  0.00002426
('out:    ', '[0.98  ]')
('correct:', '[1     ]')
error:  0.00020564
('out:    ', '[0.994 ]')
('correct:', '[1     ]')
error:  0.00001840
('out:    ', '[0.992 ]')
('correct:', '[1     ]')
error:  0.00003302
('out:    ', '[0.997 ]')
('correct:', '[1     ]')
error:  0.00000400
('out:    ', '[0.984 ]')
('correct:', '[1     ]')
error:  0.00013454
('out:    ', '[0.719 ]')
('correct:', '[1     ]')
error:  0.03944003
('out:    ', '[0.993 ]')
('correct:', '[1     ]')
error:  0.00002664
('out:    ', '[0.874 ]')
('correct:', '[1     ]')
error:  0.00797558
('out:    ', '[0.983 ]')
('correct:', '[1     ]')
error:  0.00015082
('out:    ', '[0.997 ]')
('correct:', '[1     ]')
error:  0.00000450
('out:    ', '[0.994 ]')
('correct:', '[1     ]')
error:  0.00001820
('out:    ', '[0.998 ]')
('correct:', '[1     ]')
error:  0.00000268
('out:    ', '[0.992 ]')
('correct:', '[1     ]')
error:  0.00002938
('out:    ', '[0.797 ]')
('correct:', '[1     ]')
error:  0.02052674
('out:    ', '[0.993 ]')
('correct:', '[1     ]')
error:  0.00002343
('out:    ', '[0.996 ]')
('correct:', '[1     ]')
error:  0.00000885
('out:    ', '[0.998 ]')
('correct:', '[1     ]')
error:  0.00000156
('out:    ', '[0.997 ]')
('correct:', '[1     ]')
error:  0.00000435
('out:    ', '[0.995 ]')
('correct:', '[1     ]')
error:  0.00001134
('out:    ', '[0.973 ]')
('correct:', '[1     ]')
error:  0.00036271
('out:    ', '[0.984 ]')
('correct:', '[1     ]')
error:  0.00012342
('out:    ', '[0.995 ]')
('correct:', '[1     ]')
error:  0.00001175
('out:    ', '[0.312 ]')
('correct:', '[0     ]')
error:  0.04874455
('out:    ', '[0.804 ]')
('correct:', '[1     ]')
error:  0.01920227
('out:    ', '[0.994 ]')
('correct:', '[1     ]')
error:  0.00001876
('out:    ', '[0.998 ]')
('correct:', '[1     ]')
error:  0.00000285
('out:    ', '[0.987 ]')
('correct:', '[1     ]')
error:  0.00008419
('out:    ', '[0.997 ]')
('correct:', '[1     ]')
error:  0.00000369
('out:    ', '[0.751 ]')
('correct:', '[1     ]')
error:  0.03088619
('out:    ', '[0.998 ]')
('correct:', '[1     ]')
error:  0.00000252
('out:    ', '[0.997 ]')
('correct:', '[1     ]')
error:  0.00000573
('out:    ', '[0.995 ]')
('correct:', '[1     ]')
error:  0.00001051
('out:    ', '[0.994 ]')
('correct:', '[1     ]')
error:  0.00001596
('out:    ', '[0.993 ]')
('correct:', '[1     ]')
error:  0.00002347
('out:    ', '[0.995 ]')
('correct:', '[1     ]')
error:  0.00001467
('out:    ', '[0.982 ]')
('correct:', '[1     ]')
error:  0.00015586
('out:    ', '[0.986 ]')
('correct:', '[1     ]')
error:  0.00009187
('out:    ', '[0.998 ]')
('correct:', '[1     ]')
error:  0.00000268
('out:    ', '[0.994 ]')
('correct:', '[1     ]')
error:  0.00002048
('out:    ', '[0.95  ]')
('correct:', '[1     ]')
error:  0.00124868
('out:    ', '[0.995 ]')
('correct:', '[1     ]')
error:  0.00001078
('out:    ', '[0.962 ]')
('correct:', '[1     ]')
error:  0.00071839
('out:    ', '[0.995 ]')
('correct:', '[1     ]')
error:  0.00001076
('out:    ', '[0.942 ]')
('correct:', '[1     ]')
error:  0.00168103
('out:    ', '[0.968 ]')
('correct:', '[1     ]')
error:  0.00050939
('out:    ', '[0.993 ]')
('correct:', '[1     ]')
error:  0.00002399
('out:    ', '[0.998 ]')
('correct:', '[1     ]')
error:  0.00000206
('out:    ', '[0.998 ]')
('correct:', '[1     ]')
error:  0.00000272
('out:    ', '[0.998 ]')
('correct:', '[1     ]')
error:  0.00000216
('out:    ', '[0.997 ]')
('correct:', '[1     ]')
error:  0.00000590
('out:    ', '[0.893 ]')
('correct:', '[1     ]')
error:  0.00567935
('out:    ', '[0.989 ]')
('correct:', '[1     ]')
error:  0.00005929
('out:    ', '[0.998 ]')
('correct:', '[1     ]')
error:  0.00000179
('out:    ', '[0.992 ]')
('correct:', '[1     ]')
error:  0.00003432
('out:    ', '[0.886 ]')
('correct:', '[1     ]')
error:  0.00649947
('out:    ', '[0.994 ]')
('correct:', '[1     ]')
error:  0.00001678
('out:    ', '[0.995 ]')
('correct:', '[1     ]')
error:  0.00001014
('out:    ', '[0.998 ]')
('correct:', '[1     ]')
error:  0.00000270
('out:    ', '[0.992 ]')
('correct:', '[1     ]')
error:  0.00003409
('out:    ', '[0.724 ]')
('correct:', '[1     ]')
error:  0.03820284
('out:    ', '[0.996 ]')
('correct:', '[1     ]')
error:  0.00000663
('out:    ', '[0.997 ]')
('correct:', '[1     ]')
error:  0.00000328
('out:    ', '[0.99  ]')
('correct:', '[1     ]')
error:  0.00005070
('out:    ', '[0.998 ]')
('correct:', '[1     ]')
error:  0.00000157
('out:    ', '[0.998 ]')
('correct:', '[1     ]')
error:  0.00000286
('out:    ', '[0.968 ]')
('correct:', '[1     ]')
error:  0.00049929
('out:    ', '[0.996 ]')
('correct:', '[1     ]')
error:  0.00000635
('out:    ', '[0.992 ]')
('correct:', '[1     ]')
error:  0.00002888
('out:    ', '[0.986 ]')
('correct:', '[1     ]')
error:  0.00010019
('out:    ', '[0.995 ]')
('correct:', '[1     ]')
error:  0.00001025
('out:    ', '[0.992 ]')
('correct:', '[1     ]')
error:  0.00003229
('out:    ', '[0.981 ]')
('correct:', '[1     ]')
error:  0.00017939
('out:    ', '[0.997 ]')
('correct:', '[1     ]')
error:  0.00000413
('out:    ', '[0.993 ]')
('correct:', '[1     ]')
error:  0.00002716
('out:    ', '[0.989 ]')
('correct:', '[1     ]')
error:  0.00006287
('out:    ', '[0.973 ]')
('correct:', '[1     ]')
error:  0.00036028
('out:    ', '[0.677 ]')
('correct:', '[1     ]')
error:  0.05231452
('out:    ', '[0.922 ]')
('correct:', '[1     ]')
error:  0.00301376
('out:    ', '[0.62  ]')
('correct:', '[0     ]')
error:  0.19238157
('out:    ', '[0.991 ]')
('correct:', '[1     ]')
error:  0.00004313
('out:    ', '[0.829 ]')
('correct:', '[1     ]')
error:  0.01462823
('out:    ', '[0.937 ]')
('correct:', '[1     ]')
error:  0.00195857
('out:    ', '[0.995 ]')
('correct:', '[1     ]')
error:  0.00001117
('out:    ', '[0.994 ]')
('correct:', '[1     ]')
error:  0.00002112
('out:    ', '[0.996 ]')
('correct:', '[1     ]')
error:  0.00000874
('out:    ', '[0.955 ]')
('correct:', '[1     ]')
error:  0.00101861
('out:    ', '[0.995 ]')
('correct:', '[1     ]')
error:  0.00001093
('out:    ', '[0.922 ]')
('correct:', '[1     ]')
error:  0.00306052
('out:    ', '[0.998 ]')
('correct:', '[1     ]')
error:  0.00000306
('out:    ', '[0.981 ]')
('correct:', '[1     ]')
error:  0.00018330
('out:    ', '[0.996 ]')
('correct:', '[1     ]')
error:  0.00000874
('out:    ', '[0.937 ]')
('correct:', '[1     ]')
error:  0.00198461
('out:    ', '[0.998 ]')
('correct:', '[1     ]')
error:  0.00000269
('out:    ', '[0.973 ]')
('correct:', '[1     ]')
error:  0.00035418
('out:    ', '[0.994 ]')
('correct:', '[1     ]')
error:  0.00001764
('out:    ', '[0.691 ]')
('correct:', '[1     ]')
error:  0.04781548
('out:    ', '[0.994 ]')
('correct:', '[1     ]')
error:  0.00002077
('out:    ', '[0.995 ]')
('correct:', '[1     ]')
error:  0.00001096
('out:    ', '[0.995 ]')
('correct:', '[1     ]')
error:  0.00001491
('out:    ', '[0.973 ]')
('correct:', '[1     ]')
error:  0.00036704
('out:    ', '[0.995 ]')
('correct:', '[1     ]')
error:  0.00001027
('out:    ', '[0.995 ]')
('correct:', '[1     ]')
error:  0.00001026
('out:    ', '[0.993 ]')
('correct:', '[1     ]')
error:  0.00002618
('out:    ', '[0.99  ]')
('correct:', '[1     ]')
error:  0.00005421
('out:    ', '[0.794 ]')
('correct:', '[1     ]')
error:  0.02124360
('out:    ', '[0.995 ]')
('correct:', '[1     ]')
error:  0.00001035
('out:    ', '[0.956 ]')
('correct:', '[1     ]')
error:  0.00095419
('out:    ', '[0.997 ]')
('correct:', '[1     ]')
error:  0.00000354
('out:    ', '[0.994 ]')
('correct:', '[1     ]')
error:  0.00002084
('out:    ', '[0.995 ]')
('correct:', '[1     ]')
error:  0.00001420
('out:    ', '[0.994 ]')
('correct:', '[1     ]')
error:  0.00001750
('out:    ', '[0.997 ]')
('correct:', '[1     ]')
error:  0.00000568
('out:    ', '[0.996 ]')
('correct:', '[1     ]')
error:  0.00000631
('out:    ', '[0.988 ]')
('correct:', '[1     ]')
error:  0.00006804
('out:    ', '[0.994 ]')
('correct:', '[1     ]')
error:  0.00001570
('out:    ', '[0.537 ]')
('correct:', '[1     ]')
error:  0.10725284
('out:    ', '[0.946 ]')
('correct:', '[1     ]')
error:  0.00146312
('out:    ', '[0.924 ]')
('correct:', '[1     ]')
error:  0.00292426
('out:    ', '[0.994 ]')
('correct:', '[1     ]')
error:  0.00001741
('out:    ', '[0.995 ]')
('correct:', '[1     ]')
error:  0.00001130
('out:    ', '[0.993 ]')
('correct:', '[1     ]')
error:  0.00002232
('out:    ', '[0.988 ]')
('correct:', '[1     ]')
error:  0.00007235
('out:    ', '[0.996 ]')
('correct:', '[1     ]')
error:  0.00000890
('out:    ', '[0.623 ]')
('correct:', '[0     ]')
error:  0.19392758
('out:    ', '[0.988 ]')
('correct:', '[1     ]')
error:  0.00006823
('out:    ', '[0.996 ]')
('correct:', '[1     ]')
error:  0.00000988
('out:    ', '[0.992 ]')
('correct:', '[1     ]')
error:  0.00003277
('out:    ', '[0.993 ]')
('correct:', '[1     ]')
error:  0.00002669
('out:    ', '[0.997 ]')
('correct:', '[1     ]')
error:  0.00000315
('out:    ', '[0.954 ]')
('correct:', '[1     ]')
error:  0.00105252
('out:    ', '[0.998 ]')
('correct:', '[1     ]')
error:  0.00000146
('out:    ', '[0.987 ]')
('correct:', '[1     ]')
error:  0.00008454
('out:    ', '[0.998 ]')
('correct:', '[1     ]')
error:  0.00000271
('out:    ', '[0.995 ]')
('correct:', '[1     ]')
error:  0.00001093
('out:    ', '[0.674 ]')
('correct:', '[1     ]')
error:  0.05297740
('out:    ', '[0.989 ]')
('correct:', '[1     ]')
error:  0.00006463
('out:    ', '[0.996 ]')
('correct:', '[1     ]')
error:  0.00000750
('out:    ', '[0.95  ]')
('correct:', '[1     ]')
error:  0.00124476
('out:    ', '[0.981 ]')
('correct:', '[1     ]')
error:  0.00018657
('out:    ', '[0.998 ]')
('correct:', '[1     ]')
error:  0.00000213
('out:    ', '[0.994 ]')
('correct:', '[1     ]')
error:  0.00001979
('out:    ', '[0.989 ]')
('correct:', '[1     ]')
error:  0.00006364
('out:    ', '[0.989 ]')
('correct:', '[1     ]')
error:  0.00005739
('out:    ', '[0.933 ]')
('correct:', '[1     ]')
error:  0.00224059
('out:    ', '[0.995 ]')
('correct:', '[1     ]')
error:  0.00001207
('out:    ', '[0.979 ]')
('correct:', '[1     ]')
error:  0.00021079
('out:    ', '[0.993 ]')
('correct:', '[1     ]')
error:  0.00002342
('out:    ', '[0.81  ]')
('correct:', '[1     ]')
error:  0.01806397
('out:    ', '[0.996 ]')
('correct:', '[1     ]')
error:  0.00001012
('out:    ', '[0.992 ]')
('correct:', '[1     ]')
error:  0.00002831
('out:    ', '[0.991 ]')
('correct:', '[1     ]')
error:  0.00003675
('out:    ', '[0.995 ]')
('correct:', '[1     ]')
error:  0.00001502
('out:    ', '[0.983 ]')
('correct:', '[1     ]')
error:  0.00014064
('out:    ', '[0.992 ]')
('correct:', '[1     ]')
error:  0.00003367
('out:    ', '[0.946 ]')
('correct:', '[1     ]')
error:  0.00145618
('out:    ', '[0.959 ]')
('correct:', '[1     ]')
error:  0.00085784
('out:    ', '[0.994 ]')
('correct:', '[1     ]')
error:  0.00002069
('out:    ', '[0.987 ]')
('correct:', '[1     ]')
error:  0.00007936
('out:    ', '[0.982 ]')
('correct:', '[1     ]')
error:  0.00015628
('out:    ', '[0.998 ]')
('correct:', '[1     ]')
error:  0.00000206
('out:    ', '[0.996 ]')
('correct:', '[1     ]')
error:  0.00000680
('out:    ', '[0.973 ]')
('correct:', '[1     ]')
error:  0.00037199
('out:    ', '[0.991 ]')
('correct:', '[1     ]')
error:  0.00003728
('out:    ', '[0.861 ]')
('correct:', '[1     ]')
error:  0.00961922
('out:    ', '[0.987 ]')
('correct:', '[1     ]')
error:  0.00007969
('out:    ', '[0.993 ]')
('correct:', '[1     ]')
error:  0.00002225
('out:    ', '[0.964 ]')
('correct:', '[1     ]')
error:  0.00063423
('out:    ', '[0.625 ]')
('correct:', '[1     ]')
error:  0.07029673
('out:    ', '[0.997 ]')
('correct:', '[1     ]')
error:  0.00000548
('out:    ', '[0.993 ]')
('correct:', '[1     ]')
error:  0.00002318
('out:    ', '[0.557 ]')
('correct:', '[1     ]')
error:  0.09790343
('out:    ', '[0.994 ]')
('correct:', '[1     ]')
error:  0.00002037
('out:    ', '[0.995 ]')
('correct:', '[1     ]')
error:  0.00001281
('out:    ', '[0.997 ]')
('correct:', '[1     ]')
error:  0.00000607
('out:    ', '[0.693 ]')
('correct:', '[1     ]')
error:  0.04712360
('out:    ', '[0.978 ]')
('correct:', '[1     ]')
error:  0.00024885
('out:    ', '[0.975 ]')
('correct:', '[1     ]')
error:  0.00030660
('out:    ', '[0.996 ]')
('correct:', '[1     ]')
error:  0.00000772
('out:    ', '[0.987 ]')
('correct:', '[1     ]')
error:  0.00008617
('out:    ', '[0.834 ]')
('correct:', '[1     ]')
error:  0.01369797
('out:    ', '[0.847 ]')
('correct:', '[1     ]')
error:  0.01164025
('out:    ', '[0.996 ]')
('correct:', '[1     ]')
error:  0.00000618
('out:    ', '[0.992 ]')
('correct:', '[1     ]')
error:  0.00003145
('out:    ', '[0.997 ]')
('correct:', '[1     ]')
error:  0.00000608
('out:    ', '[0.998 ]')
('correct:', '[1     ]')
error:  0.00000142
('out:    ', '[0.69  ]')
('correct:', '[1     ]')
error:  0.04812742
('out:    ', '[0.995 ]')
('correct:', '[1     ]')
error:  0.00001048
('out:    ', '[0.989 ]')
('correct:', '[1     ]')
error:  0.00005889
('out:    ', '[0.994 ]')
('correct:', '[1     ]')
error:  0.00001670
('out:    ', '[0.993 ]')
('correct:', '[1     ]')
error:  0.00002427
('out:    ', '[0.998 ]')
('correct:', '[1     ]')
error:  0.00000171
('out:    ', '[0.995 ]')
('correct:', '[1     ]')
error:  0.00001045
('out:    ', '[0.99  ]')
('correct:', '[1     ]')
error:  0.00004944
('out:    ', '[0.637 ]')
('correct:', '[1     ]')
error:  0.06571196
('out:    ', '[0.995 ]')
('correct:', '[1     ]')
error:  0.00001028
('out:    ', '[0.84  ]')
('correct:', '[1     ]')
error:  0.01282058
('out:    ', '[0.813 ]')
('correct:', '[1     ]')
error:  0.01755257
('out:    ', '[0.995 ]')
('correct:', '[1     ]')
error:  0.00001044
('out:    ', '[0.996 ]')
('correct:', '[1     ]')
error:  0.00000952
('out:    ', '[0.988 ]')
('correct:', '[1     ]')
error:  0.00006831
('out:    ', '[0.969 ]')
('correct:', '[1     ]')
error:  0.00047684
('out:    ', '[0.973 ]')
('correct:', '[1     ]')
error:  0.00035909
('out:    ', '[0.993 ]')
('correct:', '[1     ]')
error:  0.00002171
('out:    ', '[0.662 ]')
('correct:', '[1     ]')
error:  0.05698291
('out:    ', '[0.995 ]')
('correct:', '[1     ]')
error:  0.00001121
('out:    ', '[0.989 ]')
('correct:', '[1     ]')
error:  0.00005547
('out:    ', '[0.537 ]')
('correct:', '[1     ]')
error:  0.10699783
('out:    ', '[0.99  ]')
('correct:', '[1     ]')
error:  0.00004598
('out:    ', '[0.994 ]')
('correct:', '[1     ]')
error:  0.00002009
('out:    ', '[0.992 ]')
('correct:', '[1     ]')
error:  0.00002838
('out:    ', '[0.995 ]')
('correct:', '[1     ]')
error:  0.00001153
('out:    ', '[0.961 ]')
('correct:', '[0     ]')
error:  0.46215719
('out:    ', '[0.992 ]')
('correct:', '[1     ]')
error:  0.00002903
('out:    ', '[0.672 ]')
('correct:', '[1     ]')
error:  0.05380335
('out:    ', '[0.993 ]')
('correct:', '[1     ]')
error:  0.00002316
('out:    ', '[0.995 ]')
('correct:', '[1     ]')
error:  0.00001484
('out:    ', '[0.994 ]')
('correct:', '[1     ]')
error:  0.00001770
('out:    ', '[0.971 ]')
('correct:', '[1     ]')
error:  0.00041434
('out:    ', '[0.893 ]')
('correct:', '[1     ]')
error:  0.00576950
('out:    ', '[0.994 ]')
('correct:', '[1     ]')
error:  0.00001551
('out:    ', '[0.987 ]')
('correct:', '[1     ]')
error:  0.00008565
('out:    ', '[0.623 ]')
('correct:', '[1     ]')
error:  0.07095221
('out:    ', '[0.72  ]')
('correct:', '[1     ]')
error:  0.03925728
('out:    ', '[0.992 ]')
('correct:', '[1     ]')
error:  0.00002871
('out:    ', '[0.98  ]')
('correct:', '[1     ]')
error:  0.00020362
('out:    ', '[0.995 ]')
('correct:', '[1     ]')
error:  0.00001055
('out:    ', '[0.996 ]')
('correct:', '[1     ]')
error:  0.00000976
('out:    ', '[0.998 ]')
('correct:', '[1     ]')
error:  0.00000209
('out:    ', '[0.993 ]')
('correct:', '[1     ]')
error:  0.00002181
('out:    ', '[0.998 ]')
('correct:', '[1     ]')
error:  0.00000290
('out:    ', '[0.988 ]')
('correct:', '[1     ]')
error:  0.00006840
('out:    ', '[0.995 ]')
('correct:', '[1     ]')
error:  0.00001357
('out:    ', '[0.983 ]')
('correct:', '[1     ]')
error:  0.00013852
('out:    ', '[0.977 ]')
('correct:', '[1     ]')
error:  0.00026179
('out:    ', '[0.989 ]')
('correct:', '[1     ]')
error:  0.00006270
('out:    ', '[0.993 ]')
('correct:', '[1     ]')
error:  0.00002322
('out:    ', '[0.996 ]')
('correct:', '[1     ]')
error:  0.00000731
('out:    ', '[0.993 ]')
('correct:', '[1     ]')
error:  0.00002166
('out:    ', '[0.994 ]')
('correct:', '[1     ]')
error:  0.00002010
('out:    ', '[0.372 ]')
('correct:', '[0     ]')
error:  0.06921579
('out:    ', '[0.98  ]')
('correct:', '[1     ]')
error:  0.00020156
('out:    ', '[0.998 ]')
('correct:', '[1     ]')
error:  0.00000282
('out:    ', '[0.788 ]')
('correct:', '[1     ]')
error:  0.02243336
('out:    ', '[0.998 ]')
('correct:', '[1     ]')
error:  0.00000310
('out:    ', '[0.959 ]')
('correct:', '[1     ]')
error:  0.00084208
('out:    ', '[0.998 ]')
('correct:', '[1     ]')
error:  0.00000253
('out:    ', '[0.997 ]')
('correct:', '[1     ]')
error:  0.00000395
('out:    ', '[0.987 ]')
('correct:', '[1     ]')
error:  0.00008831
('out:    ', '[0.993 ]')
('correct:', '[1     ]')
error:  0.00002168
('out:    ', '[0.992 ]')
('correct:', '[1     ]')
error:  0.00002852
('out:    ', '[0.991 ]')
('correct:', '[1     ]')
error:  0.00003796
('out:    ', '[0.995 ]')
('correct:', '[1     ]')
error:  0.00001047
('out:    ', '[0.995 ]')
('correct:', '[1     ]')
error:  0.00001086
('out:    ', '[0.974 ]')
('correct:', '[1     ]')
error:  0.00033148
('out:    ', '[0.99  ]')
('correct:', '[1     ]')
error:  0.00004818
('out:    ', '[0.82  ]')
('correct:', '[0     ]')
error:  0.33636849
('out:    ', '[0.956 ]')
('correct:', '[1     ]')
error:  0.00095203
('out:    ', '[0.995 ]')
('correct:', '[1     ]')
error:  0.00001305
('out:    ', '[0.986 ]')
('correct:', '[1     ]')
error:  0.00009548
('out:    ', '[0.997 ]')
('correct:', '[1     ]')
error:  0.00000578
('out:    ', '[0.975 ]')
('correct:', '[1     ]')
error:  0.00031738
('out:    ', '[0.995 ]')
('correct:', '[1     ]')
error:  0.00001291
('out:    ', '[0.978 ]')
('correct:', '[1     ]')
error:  0.00023342
('out:    ', '[0.969 ]')
('correct:', '[1     ]')
error:  0.00047979
('out:    ', '[0.995 ]')
('correct:', '[1     ]')
error:  0.00001043
('out:    ', '[0.952 ]')
('correct:', '[1     ]')
error:  0.00117122
('out:    ', '[0.998 ]')
('correct:', '[1     ]')
error:  0.00000250
('out:    ', '[0.995 ]')
('correct:', '[1     ]')
error:  0.00001244
('out:    ', '[0.992 ]')
('correct:', '[1     ]')
error:  0.00003005
('out:    ', '[0.944 ]')
('correct:', '[1     ]')
error:  0.00155193
('out:    ', '[0.989 ]')
('correct:', '[1     ]')
error:  0.00006511
('out:    ', '[0.995 ]')
('correct:', '[1     ]')
error:  0.00001083
('out:    ', '[0.997 ]')
('correct:', '[1     ]')
error:  0.00000540
('out:    ', '[0.863 ]')
('correct:', '[1     ]')
error:  0.00937648
('out:    ', '[0.998 ]')
('correct:', '[1     ]')
error:  0.00000206
('out:    ', '[0.992 ]')
('correct:', '[1     ]')
error:  0.00003562
('out:    ', '[0.985 ]')
('correct:', '[1     ]')
error:  0.00011268
('out:    ', '[0.98  ]')
('correct:', '[1     ]')
error:  0.00019947
('out:    ', '[0.997 ]')
('correct:', '[1     ]')
error:  0.00000368
('out:    ', '[0.988 ]')
('correct:', '[1     ]')
error:  0.00007047
('out:    ', '[0.996 ]')
('correct:', '[1     ]')
error:  0.00000639
('out:    ', '[0.948 ]')
('correct:', '[1     ]')
error:  0.00135868
('out:    ', '[0.816 ]')
('correct:', '[1     ]')
error:  0.01692328
('out:    ', '[0.788 ]')
('correct:', '[1     ]')
error:  0.02239291
('out:    ', '[0.997 ]')
('correct:', '[1     ]')
error:  0.00000488
('out:    ', '[0.974 ]')
('correct:', '[1     ]')
error:  0.00033518
('out:    ', '[0.998 ]')
('correct:', '[1     ]')
error:  0.00000153
('out:    ', '[0.992 ]')
('correct:', '[1     ]')
error:  0.00003145
('out:    ', '[0.976 ]')
('correct:', '[1     ]')
error:  0.00029997
('out:    ', '[0.997 ]')
('correct:', '[1     ]')
error:  0.00000419
('out:    ', '[0.995 ]')
('correct:', '[1     ]')
error:  0.00001091
('out:    ', '[0.982 ]')
('correct:', '[1     ]')
error:  0.00015631
('out:    ', '[0.9   ]')
('correct:', '[1     ]')
error:  0.00503689
('out:    ', '[0.963 ]')
('correct:', '[1     ]')
error:  0.00067238
('out:    ', '[0.994 ]')
('correct:', '[1     ]')
error:  0.00001792
('out:    ', '[0.994 ]')
('correct:', '[1     ]')
error:  0.00001816
('out:    ', '[0.998 ]')
('correct:', '[1     ]')
error:  0.00000287
('out:    ', '[0.995 ]')
('correct:', '[1     ]')
error:  0.00001271
('out:    ', '[0.995 ]')
('correct:', '[1     ]')
error:  0.00001386
('out:    ', '[0.989 ]')
('correct:', '[1     ]')
error:  0.00005712
('out:    ', '[0.993 ]')
('correct:', '[1     ]')
error:  0.00002463
('out:    ', '[0.993 ]')
('correct:', '[1     ]')
error:  0.00002629
('out:    ', '[0.99  ]')
('correct:', '[1     ]')
error:  0.00005190
('out:    ', '[0.994 ]')
('correct:', '[1     ]')
error:  0.00001602
('out:    ', '[0.996 ]')
('correct:', '[1     ]')
error:  0.00000935
('out:    ', '[0.997 ]')
('correct:', '[1     ]')
error:  0.00000588
('out:    ', '[0.959 ]')
('correct:', '[1     ]')
error:  0.00084439
('out:    ', '[0.985 ]')
('correct:', '[1     ]')
error:  0.00011127
('out:    ', '[0.992 ]')
('correct:', '[1     ]')
error:  0.00003448
('out:    ', '[0.602 ]')
('correct:', '[1     ]')
error:  0.07922883
('out:    ', '[0.996 ]')
('correct:', '[1     ]')
error:  0.00000640
('out:    ', '[0.984 ]')
('correct:', '[1     ]')
error:  0.00013057
('out:    ', '[0.991 ]')
('correct:', '[1     ]')
error:  0.00003651
('out:    ', '[0.995 ]')
('correct:', '[1     ]')
error:  0.00001041
('out:    ', '[0.901 ]')
('correct:', '[1     ]')
error:  0.00493558
('out:    ', '[0.997 ]')
('correct:', '[1     ]')
error:  0.00000488
('out:    ', '[0.974 ]')
('correct:', '[1     ]')
error:  0.00032566
('out:    ', '[0.986 ]')
('correct:', '[1     ]')
error:  0.00010486
('out:    ', '[0.995 ]')
('correct:', '[1     ]')
error:  0.00001429
('out:    ', '[0.99  ]')
('correct:', '[1     ]')
error:  0.00005040
('out:    ', '[0.926 ]')
('correct:', '[1     ]')
error:  0.00272669
('out:    ', '[0.986 ]')
('correct:', '[1     ]')
error:  0.00010225
('out:    ', '[0.993 ]')
('correct:', '[1     ]')
error:  0.00002417
('out:    ', '[0.998 ]')
('correct:', '[1     ]')
error:  0.00000266
('out:    ', '[0.997 ]')
('correct:', '[1     ]')
error:  0.00000433
('out:    ', '[0.996 ]')
('correct:', '[1     ]')
error:  0.00000733
('out:    ', '[0.986 ]')
('correct:', '[1     ]')
error:  0.00010411
('out:    ', '[0.993 ]')
('correct:', '[1     ]')
error:  0.00002373
('out:    ', '[0.992 ]')
('correct:', '[1     ]')
error:  0.00003512
('out:    ', '[0.994 ]')
('correct:', '[1     ]')
error:  0.00001698
('out:    ', '[0.952 ]')
('correct:', '[1     ]')
error:  0.00116820
('out:    ', '[0.993 ]')
('correct:', '[1     ]')
error:  0.00002344
('out:    ', '[0.991 ]')
('correct:', '[1     ]')
error:  0.00003712
('out:    ', '[0.986 ]')
('correct:', '[1     ]')
error:  0.00009225
('out:    ', '[0.899 ]')
('correct:', '[1     ]')
error:  0.00507425
('out:    ', '[0.987 ]')
('correct:', '[1     ]')
error:  0.00008527
('out:    ', '[0.976 ]')
('correct:', '[1     ]')
error:  0.00027940
('out:    ', '[0.831 ]')
('correct:', '[1     ]')
error:  0.01429454
('out:    ', '[0.99  ]')
('correct:', '[1     ]')
error:  0.00004811
('out:    ', '[0.998 ]')
('correct:', '[1     ]')
error:  0.00000310
('out:    ', '[0.988 ]')
('correct:', '[1     ]')
error:  0.00007444
('out:    ', '[0.995 ]')
('correct:', '[1     ]')
error:  0.00001058
('out:    ', '[0.993 ]')
('correct:', '[1     ]')
error:  0.00002728
('out:    ', '[0.989 ]')
('correct:', '[1     ]')
error:  0.00005804
('out:    ', '[0.982 ]')
('correct:', '[1     ]')
error:  0.00017010
('out:    ', '[0.981 ]')
('correct:', '[1     ]')
error:  0.00018044
('out:    ', '[0.994 ]')
('correct:', '[1     ]')
error:  0.00001558
('out:    ', '[0.98  ]')
('correct:', '[1     ]')
error:  0.00020840
('out:    ', '[0.993 ]')
('correct:', '[1     ]')
error:  0.00002721
('out:    ', '[0.992 ]')
('correct:', '[1     ]')
error:  0.00003044
('out:    ', '[0.995 ]')
('correct:', '[1     ]')
error:  0.00001353
('out:    ', '[0.995 ]')
('correct:', '[1     ]')
error:  0.00001280
('out:    ', '[0.995 ]')
('correct:', '[1     ]')
error:  0.00001103
('out:    ', '[0.989 ]')
('correct:', '[1     ]')
error:  0.00006217
('out:    ', '[0.921 ]')
('correct:', '[1     ]')
error:  0.00312007
('out:    ', '[0.981 ]')
('correct:', '[1     ]')
error:  0.00017960
('out:    ', '[0.995 ]')
('correct:', '[1     ]')
error:  0.00001014
('out:    ', '[0.993 ]')
('correct:', '[1     ]')
error:  0.00002759
('out:    ', '[0.957 ]')
('correct:', '[1     ]')
error:  0.00093188
('out:    ', '[0.799 ]')
('correct:', '[1     ]')
error:  0.02025903
('out:    ', '[0.993 ]')
('correct:', '[1     ]')
error:  0.00002255
('out:    ', '[0.986 ]')
('correct:', '[1     ]')
error:  0.00010215
('out:    ', '[0.996 ]')
('correct:', '[1     ]')
error:  0.00000665
('out:    ', '[0.996 ]')
('correct:', '[1     ]')
error:  0.00000888
('out:    ', '[0.986 ]')
('correct:', '[1     ]')
error:  0.00009823
('out:    ', '[0.974 ]')
('correct:', '[1     ]')
error:  0.00033448
('out:    ', '[0.993 ]')
('correct:', '[1     ]')
error:  0.00002779
('out:    ', '[0.994 ]')
('correct:', '[1     ]')
error:  0.00001525
('out:    ', '[0.946 ]')
('correct:', '[1     ]')
error:  0.00148180
('out:    ', '[0.995 ]')
('correct:', '[1     ]')
error:  0.00001255
('out:    ', '[0.994 ]')
('correct:', '[1     ]')
error:  0.00001608
('out:    ', '[0.993 ]')
('correct:', '[1     ]')
error:  0.00002144
('out:    ', '[0.592 ]')
('correct:', '[1     ]')
error:  0.08332149
('out:    ', '[0.705 ]')
('correct:', '[1     ]')
error:  0.04361997
('out:    ', '[0.669 ]')
('correct:', '[1     ]')
error:  0.05469757
('out:    ', '[0.997 ]')
('correct:', '[1     ]')
error:  0.00000338
('out:    ', '[0.996 ]')
('correct:', '[1     ]')
error:  0.00000655
('out:    ', '[0.994 ]')
('correct:', '[1     ]')
error:  0.00002089
('out:    ', '[0.99  ]')
('correct:', '[1     ]')
error:  0.00004623
('out:    ', '[0.994 ]')
('correct:', '[1     ]')
error:  0.00001927
('out:    ', '[0.852 ]')
('correct:', '[1     ]')
error:  0.01088338
('out:    ', '[0.995 ]')
('correct:', '[1     ]')
error:  0.00001139
('out:    ', '[0.992 ]')
('correct:', '[1     ]')
error:  0.00003090
('out:    ', '[0.958 ]')
('correct:', '[1     ]')
error:  0.00088086
('out:    ', '[0.666 ]')
('correct:', '[1     ]')
error:  0.05592905
('out:    ', '[0.995 ]')
('correct:', '[1     ]')
error:  0.00001203
('out:    ', '[0.983 ]')
('correct:', '[1     ]')
error:  0.00014264
('out:    ', '[0.994 ]')
('correct:', '[1     ]')
error:  0.00002048
('out:    ', '[0.953 ]')
('correct:', '[1     ]')
error:  0.00109072
('out:    ', '[0.993 ]')
('correct:', '[1     ]')
error:  0.00002303
('out:    ', '[0.998 ]')
('correct:', '[1     ]')
error:  0.00000157
('out:    ', '[0.978 ]')
('correct:', '[1     ]')
error:  0.00024121
('out:    ', '[0.968 ]')
('correct:', '[1     ]')
error:  0.00051342
('out:    ', '[0.997 ]')
('correct:', '[1     ]')
error:  0.00000502
('out:    ', '[0.894 ]')
('correct:', '[1     ]')
error:  0.00559624
('out:    ', '[0.993 ]')
('correct:', '[1     ]')
error:  0.00002471
('out:    ', '[0.997 ]')
('correct:', '[1     ]')
error:  0.00000403
('out:    ', '[0.997 ]')
('correct:', '[1     ]')
error:  0.00000353
('out:    ', '[0.991 ]')
('correct:', '[1     ]')
error:  0.00004450
('out:    ', '[0.974 ]')
('correct:', '[1     ]')
error:  0.00032809
('out:    ', '[0.998 ]')
('correct:', '[1     ]')
error:  0.00000297
('out:    ', '[0.992 ]')
('correct:', '[1     ]')
error:  0.00003352
('out:    ', '[0.997 ]')
('correct:', '[1     ]')
error:  0.00000412
('out:    ', '[0.997 ]')
('correct:', '[1     ]')
error:  0.00000326
('out:    ', '[0.963 ]')
('correct:', '[1     ]')
error:  0.00067104
('out:    ', '[0.978 ]')
('correct:', '[1     ]')
error:  0.00023238
('out:    ', '[0.998 ]')
('correct:', '[1     ]')
error:  0.00000286
('out:    ', '[0.97  ]')
('correct:', '[1     ]')
error:  0.00044885
('out:    ', '[0.743 ]')
('correct:', '[1     ]')
error:  0.03291790
('out:    ', '[0.957 ]')
('correct:', '[1     ]')
error:  0.00092382
('out:    ', '[0.998 ]')
('correct:', '[1     ]')
error:  0.00000290
('out:    ', '[0.266 ]')
('correct:', '[1     ]')
error:  0.26929143
('out:    ', '[0.994 ]')
('correct:', '[1     ]')
error:  0.00001745
('out:    ', '[0.964 ]')
('correct:', '[1     ]')
error:  0.00066322
('out:    ', '[0.988 ]')
('correct:', '[1     ]')
error:  0.00006745
('out:    ', '[0.987 ]')
('correct:', '[1     ]')
error:  0.00008230
('out:    ', '[0.994 ]')
('correct:', '[1     ]')
error:  0.00001682
('out:    ', '[0.994 ]')
('correct:', '[1     ]')
error:  0.00001542
('out:    ', '[0.893 ]')
('correct:', '[1     ]')
error:  0.00571558
('out:    ', '[0.992 ]')
('correct:', '[1     ]')
error:  0.00003020
('out:    ', '[0.993 ]')
('correct:', '[1     ]')
error:  0.00002323
('out:    ', '[0.992 ]')
('correct:', '[1     ]')
error:  0.00002984
('out:    ', '[0.992 ]')
('correct:', '[1     ]')
error:  0.00002919
('out:    ', '[0.987 ]')
('correct:', '[1     ]')
error:  0.00008561
('out:    ', '[0.998 ]')
('correct:', '[1     ]')
error:  0.00000275
('out:    ', '[0.956 ]')
('correct:', '[1     ]')
error:  0.00098794
('out:    ', '[0.855 ]')
('correct:', '[1     ]')
error:  0.01048969
('out:    ', '[0.993 ]')
('correct:', '[1     ]')
error:  0.00002113
('out:    ', '[0.93  ]')
('correct:', '[1     ]')
error:  0.00243976
('out:    ', '[0.995 ]')
('correct:', '[1     ]')
error:  0.00001066
('out:    ', '[0.997 ]')
('correct:', '[1     ]')
error:  0.00000518
('out:    ', '[0.941 ]')
('correct:', '[1     ]')
error:  0.00172597
('out:    ', '[0.992 ]')
('correct:', '[1     ]')
error:  0.00003446
('out:    ', '[0.997 ]')
('correct:', '[1     ]')
error:  0.00000365
('out:    ', '[0.987 ]')
('correct:', '[1     ]')
error:  0.00008820
('out:    ', '[0.995 ]')
('correct:', '[1     ]')
error:  0.00001268
('out:    ', '[0.994 ]')
('correct:', '[1     ]')
error:  0.00001659
('out:    ', '[0.99  ]')
('correct:', '[1     ]')
error:  0.00004560
('out:    ', '[0.994 ]')
('correct:', '[1     ]')
error:  0.00002052
('out:    ', '[0.985 ]')
('correct:', '[1     ]')
error:  0.00011935
('out:    ', '[0.593 ]')
('correct:', '[1     ]')
error:  0.08300974
('out:    ', '[0.872 ]')
('correct:', '[1     ]')
error:  0.00813886
('out:    ', '[0.995 ]')
('correct:', '[1     ]')
error:  0.00001057
('out:    ', '[0.519 ]')
('correct:', '[1     ]')
error:  0.11549347
('out:    ', '[0.989 ]')
('correct:', '[1     ]')
error:  0.00006496
('out:    ', '[0.989 ]')
('correct:', '[1     ]')
error:  0.00006230
('out:    ', '[0.995 ]')
('correct:', '[1     ]')
error:  0.00001225
('out:    ', '[0.909 ]')
('correct:', '[1     ]')
error:  0.00417006
('out:    ', '[0.988 ]')
('correct:', '[1     ]')
error:  0.00007285
('out:    ', '[0.992 ]')
('correct:', '[1     ]')
error:  0.00003524
('out:    ', '[0.859 ]')
('correct:', '[1     ]')
error:  0.00987121
('out:    ', '[0.92  ]')
('correct:', '[1     ]')
error:  0.00319099
('out:    ', '[0.998 ]')
('correct:', '[1     ]')
error:  0.00000306
('out:    ', '[0.825 ]')
('correct:', '[0     ]')
error:  0.34054544
('out:    ', '[0.988 ]')
('correct:', '[1     ]')
error:  0.00007598
('out:    ', '[0.997 ]')
('correct:', '[1     ]')
error:  0.00000362
('out:    ', '[0.995 ]')
('correct:', '[1     ]')
error:  0.00001054
('out:    ', '[0.998 ]')
('correct:', '[1     ]')
error:  0.00000181
('out:    ', '[0.997 ]')
('correct:', '[1     ]')
error:  0.00000578
('out:    ', '[0.996 ]')
('correct:', '[1     ]')
error:  0.00000849
('out:    ', '[0.955 ]')
('correct:', '[1     ]')
error:  0.00100368
('out:    ', '[0.996 ]')
('correct:', '[1     ]')
error:  0.00000956
('out:    ', '[0.992 ]')
('correct:', '[1     ]')
error:  0.00002871
('out:    ', '[0.885 ]')
('correct:', '[1     ]')
error:  0.00660776
('out:    ', '[0.998 ]')
('correct:', '[1     ]')
error:  0.00000227
('out:    ', '[0.991 ]')
('correct:', '[1     ]')
error:  0.00003959
('out:    ', '[0.994 ]')
('correct:', '[1     ]')
error:  0.00001538
('out:    ', '[0.994 ]')
('correct:', '[1     ]')
error:  0.00001783
('out:    ', '[0.993 ]')
('correct:', '[1     ]')
error:  0.00002799
('out:    ', '[0.992 ]')
('correct:', '[1     ]')
error:  0.00003331
('out:    ', '[0.994 ]')
('correct:', '[1     ]')
error:  0.00001765
('out:    ', '[0.998 ]')
('correct:', '[1     ]')
error:  0.00000277
('out:    ', '[0.997 ]')
('correct:', '[1     ]')
error:  0.00000612
('out:    ', '[0.93  ]')
('correct:', '[1     ]')
error:  0.00244936
('out:    ', '[0.977 ]')
('correct:', '[1     ]')
error:  0.00025721
('out:    ', '[0.998 ]')
('correct:', '[1     ]')
error:  0.00000276
('out:    ', '[0.952 ]')
('correct:', '[1     ]')
error:  0.00116785
('out:    ', '[0.991 ]')
('correct:', '[1     ]')
error:  0.00004386
('out:    ', '[0.699 ]')
('correct:', '[1     ]')
error:  0.04520043
('out:    ', '[0.996 ]')
('correct:', '[1     ]')
error:  0.00000837
('out:    ', '[0.629 ]')
('correct:', '[0     ]')
error:  0.19788361
('out:    ', '[0.988 ]')
('correct:', '[1     ]')
error:  0.00006945
('out:    ', '[0.997 ]')
('correct:', '[1     ]')
error:  0.00000399
('out:    ', '[0.953 ]')
('correct:', '[1     ]')
error:  0.00108767
('out:    ', '[0.649 ]')
('correct:', '[1     ]')
error:  0.06152858
('out:    ', '[0.976 ]')
('correct:', '[1     ]')
error:  0.00027899
('out:    ', '[0.98  ]')
('correct:', '[1     ]')
error:  0.00019863
('out:    ', '[0.985 ]')
('correct:', '[1     ]')
error:  0.00011009
('out:    ', '[0.998 ]')
('correct:', '[1     ]')
error:  0.00000221
('out:    ', '[0.993 ]')
('correct:', '[1     ]')
error:  0.00002189
('out:    ', '[0.965 ]')
('correct:', '[1     ]')
error:  0.00060092
('out:    ', '[0.994 ]')
('correct:', '[1     ]')
error:  0.00002034
('out:    ', '[0.994 ]')
('correct:', '[1     ]')
error:  0.00001634
('out:    ', '[0.948 ]')
('correct:', '[1     ]')
error:  0.00133341
('out:    ', '[0.993 ]')
('correct:', '[1     ]')
error:  0.00002270
('out:    ', '[0.998 ]')
('correct:', '[1     ]')
error:  0.00000164
('out:    ', '[0.995 ]')
('correct:', '[1     ]')
error:  0.00001258
('out:    ', '[0.992 ]')
('correct:', '[1     ]')
error:  0.00003213
('out:    ', '[0.995 ]')
('correct:', '[1     ]')
error:  0.00001440
('out:    ', '[0.997 ]')
('correct:', '[1     ]')
error:  0.00000401
('out:    ', '[0.993 ]')
('correct:', '[1     ]')
error:  0.00002266
('out:    ', '[0.996 ]')
('correct:', '[1     ]')
error:  0.00000860
('out:    ', '[0.957 ]')
('correct:', '[1     ]')
error:  0.00093575
('out:    ', '[0.989 ]')
('correct:', '[1     ]')
error:  0.00005973
('out:    ', '[0.994 ]')
('correct:', '[1     ]')
error:  0.00001536
('out:    ', '[0.995 ]')
('correct:', '[1     ]')
error:  0.00001019
('out:    ', '[0.992 ]')
('correct:', '[1     ]')
error:  0.00003443
('out:    ', '[0.922 ]')
('correct:', '[1     ]')
error:  0.00304068
('out:    ', '[0.779 ]')
('correct:', '[1     ]')
error:  0.02444602
('out:    ', '[0.513 ]')
('correct:', '[0     ]')
error:  0.13180703
('out:    ', '[0.932 ]')
('correct:', '[1     ]')
error:  0.00233842
('out:    ', '[0.997 ]')
('correct:', '[1     ]')
error:  0.00000313
('out:    ', '[0.998 ]')
('correct:', '[1     ]')
error:  0.00000310
('out:    ', '[0.994 ]')
('correct:', '[1     ]')
error:  0.00001688
('out:    ', '[0.962 ]')
('correct:', '[1     ]')
error:  0.00073256
('out:    ', '[0.995 ]')
('correct:', '[1     ]')
error:  0.00001206
('out:    ', '[0.902 ]')
('correct:', '[1     ]')
error:  0.00477277
('out:    ', '[0.993 ]')
('correct:', '[1     ]')
error:  0.00002159
('out:    ', '[0.992 ]')
('correct:', '[1     ]')
error:  0.00002867
('out:    ', '[0.971 ]')
('correct:', '[1     ]')
error:  0.00040633
('out:    ', '[0.948 ]')
('correct:', '[1     ]')
error:  0.00137206
('out:    ', '[0.998 ]')
('correct:', '[1     ]')
error:  0.00000150
('out:    ', '[0.998 ]')
('correct:', '[1     ]')
error:  0.00000146
('out:    ', '[0.94  ]')
('correct:', '[1     ]')
error:  0.00181552
('out:    ', '[0.997 ]')
('correct:', '[1     ]')
error:  0.00000504
('out:    ', '[0.996 ]')
('correct:', '[1     ]')
error:  0.00000764
('out:    ', '[0.777 ]')
('correct:', '[1     ]')
error:  0.02476265
('out:    ', '[0.998 ]')
('correct:', '[1     ]')
error:  0.00000218
('out:    ', '[0.996 ]')
('correct:', '[1     ]')
error:  0.00000638
('out:    ', '[0.911 ]')
('correct:', '[1     ]')
error:  0.00398534
('out:    ', '[0.992 ]')
('correct:', '[1     ]')
error:  0.00003105
('out:    ', '[0.972 ]')
('correct:', '[1     ]')
error:  0.00039589
('out:    ', '[0.993 ]')
('correct:', '[1     ]')
error:  0.00002435
('out:    ', '[0.993 ]')
('correct:', '[1     ]')
error:  0.00002271
('out:    ', '[0.997 ]')
('correct:', '[1     ]')
error:  0.00000314
('out:    ', '[0.994 ]')
('correct:', '[1     ]')
error:  0.00001964
('out:    ', '[0.882 ]')
('correct:', '[1     ]')
error:  0.00695132
('out:    ', '[0.992 ]')
('correct:', '[1     ]')
error:  0.00003317
('out:    ', '[0.969 ]')
('correct:', '[1     ]')
error:  0.00048808
('out:    ', '[0.993 ]')
('correct:', '[1     ]')
error:  0.00002459
('out:    ', '[0.997 ]')
('correct:', '[1     ]')
error:  0.00000356
('out:    ', '[0.963 ]')
('correct:', '[1     ]')
error:  0.00069698
('out:    ', '[0.996 ]')
('correct:', '[1     ]')
error:  0.00000843
('out:    ', '[0.993 ]')
('correct:', '[1     ]')
error:  0.00002784
('out:    ', '[0.995 ]')
('correct:', '[1     ]')
error:  0.00001150
('out:    ', '[0.992 ]')
('correct:', '[1     ]')
error:  0.00002854
('out:    ', '[0.996 ]')
('correct:', '[1     ]')
error:  0.00000695
('out:    ', '[0.991 ]')
('correct:', '[1     ]')
error:  0.00003850
('out:    ', '[0.992 ]')
('correct:', '[1     ]')
error:  0.00002865
('out:    ', '[0.994 ]')
('correct:', '[1     ]')
error:  0.00001883
('out:    ', '[0.954 ]')
('correct:', '[1     ]')
error:  0.00107853
('out:    ', '[0.775 ]')
('correct:', '[1     ]')
error:  0.02527432
('out:    ', '[0.994 ]')
('correct:', '[1     ]')
error:  0.00002004
('out:    ', '[0.997 ]')
('correct:', '[1     ]')
error:  0.00000534
('out:    ', '[0.99  ]')
('correct:', '[1     ]')
error:  0.00004985
('out:    ', '[0.987 ]')
('correct:', '[1     ]')
error:  0.00009012
('out:    ', '[0.991 ]')
('correct:', '[1     ]')
error:  0.00003849
('out:    ', '[0.995 ]')
('correct:', '[1     ]')
error:  0.00001334
('out:    ', '[0.985 ]')
('correct:', '[1     ]')
error:  0.00011728
('out:    ', '[0.994 ]')
('correct:', '[1     ]')
error:  0.00001777
('out:    ', '[0.996 ]')
('correct:', '[1     ]')
error:  0.00000634
('out:    ', '[0.856 ]')
('correct:', '[1     ]')
error:  0.01030526
('out:    ', '[0.737 ]')
('correct:', '[1     ]')
error:  0.03449107
('out:    ', '[0.998 ]')
('correct:', '[1     ]')
error:  0.00000172
('out:    ', '[0.995 ]')
('correct:', '[1     ]')
error:  0.00001255
('out:    ', '[0.923 ]')
('correct:', '[1     ]')
error:  0.00295427
('out:    ', '[0.986 ]')
('correct:', '[1     ]')
error:  0.00009490
('out:    ', '[0.995 ]')
('correct:', '[1     ]')
error:  0.00001362
('out:    ', '[0.748 ]')
('correct:', '[1     ]')
error:  0.03185987
('out:    ', '[0.996 ]')
('correct:', '[1     ]')
error:  0.00000666
('out:    ', '[0.847 ]')
('correct:', '[1     ]')
error:  0.01165274
('out:    ', '[0.832 ]')
('correct:', '[1     ]')
error:  0.01411463
('out:    ', '[0.995 ]')
('correct:', '[1     ]')
error:  0.00001044
('out:    ', '[0.885 ]')
('correct:', '[1     ]')
error:  0.00662760
('out:    ', '[0.995 ]')
('correct:', '[1     ]')
error:  0.00001032
('out:    ', '[0.995 ]')
('correct:', '[1     ]')
error:  0.00001204
('out:    ', '[0.989 ]')
('correct:', '[1     ]')
error:  0.00006017
('out:    ', '[0.992 ]')
('correct:', '[1     ]')
error:  0.00003132
('out:    ', '[0.977 ]')
('correct:', '[1     ]')
error:  0.00026321
('out:    ', '[0.995 ]')
('correct:', '[1     ]')
error:  0.00001471
('out:    ', '[0.993 ]')
('correct:', '[1     ]')
error:  0.00002500
('out:    ', '[0.996 ]')
('correct:', '[1     ]')
error:  0.00000807
('out:    ', '[0.837 ]')
('correct:', '[1     ]')
error:  0.01330942
('out:    ', '[0.987 ]')
('correct:', '[1     ]')
error:  0.00008971
('out:    ', '[0.996 ]')
('correct:', '[1     ]')
error:  0.00000662
('out:    ', '[0.996 ]')
('correct:', '[1     ]')
error:  0.00000750
('out:    ', '[0.998 ]')
('correct:', '[1     ]')
error:  0.00000211
('out:    ', '[0.894 ]')
('correct:', '[1     ]')
error:  0.00558967
('out:    ', '[0.998 ]')
('correct:', '[1     ]')
error:  0.00000273
('out:    ', '[0.986 ]')
('correct:', '[1     ]')
error:  0.00009662
('out:    ', '[0.838 ]')
('correct:', '[1     ]')
error:  0.01319382
('out:    ', '[0.996 ]')
('correct:', '[1     ]')
error:  0.00000679
('out:    ', '[0.994 ]')
('correct:', '[1     ]')
error:  0.00001679
('out:    ', '[0.989 ]')
('correct:', '[1     ]')
error:  0.00005983
('out:    ', '[0.957 ]')
('correct:', '[1     ]')
error:  0.00091369
('out:    ', '[0.995 ]')
('correct:', '[1     ]')
error:  0.00001335
('out:    ', '[0.992 ]')
('correct:', '[1     ]')
error:  0.00003096
('out:    ', '[0.986 ]')
('correct:', '[1     ]')
error:  0.00009301
('out:    ', '[0.996 ]')
('correct:', '[1     ]')
error:  0.00000989
('out:    ', '[0.993 ]')
('correct:', '[1     ]')
error:  0.00002401
('out:    ', '[0.995 ]')
('correct:', '[1     ]')
error:  0.00001099
('out:    ', '[0.986 ]')
('correct:', '[1     ]')
error:  0.00010336
('out:    ', '[0.988 ]')
('correct:', '[1     ]')
error:  0.00006956
('out:    ', '[0.977 ]')
('correct:', '[1     ]')
error:  0.00027243
('out:    ', '[0.993 ]')
('correct:', '[1     ]')
error:  0.00002282
('out:    ', '[0.844 ]')
('correct:', '[1     ]')
error:  0.01219214
('out:    ', '[0.993 ]')
('correct:', '[1     ]')
error:  0.00002545
('out:    ', '[0.911 ]')
('correct:', '[1     ]')
error:  0.00400443
('out:    ', '[0.978 ]')
('correct:', '[1     ]')
error:  0.00023827
('out:    ', '[0.993 ]')
('correct:', '[1     ]')
error:  0.00002747
('out:    ', '[0.992 ]')
('correct:', '[1     ]')
error:  0.00003123
('out:    ', '[0.99  ]')
('correct:', '[1     ]')
error:  0.00004790
('out:    ', '[0.893 ]')
('correct:', '[1     ]')
error:  0.00576610
('out:    ', '[0.994 ]')
('correct:', '[1     ]')
error:  0.00001888
('out:    ', '[0.988 ]')
('correct:', '[1     ]')
error:  0.00007114
('out:    ', '[0.957 ]')
('correct:', '[1     ]')
error:  0.00092757
('out:    ', '[0.945 ]')
('correct:', '[1     ]')
error:  0.00149440
('out:    ', '[0.948 ]')
('correct:', '[1     ]')
error:  0.00135042
('out:    ', '[0.992 ]')
('correct:', '[1     ]')
error:  0.00003198
('out:    ', '[0.638 ]')
('correct:', '[1     ]')
error:  0.06554892
('out:    ', '[0.63  ]')
('correct:', '[1     ]')
error:  0.06861996
('out:    ', '[0.83  ]')
('correct:', '[1     ]')
error:  0.01438007
('out:    ', '[0.994 ]')
('correct:', '[1     ]')
error:  0.00001946
('out:    ', '[0.991 ]')
('correct:', '[1     ]')
error:  0.00003739
('out:    ', '[0.994 ]')
('correct:', '[1     ]')
error:  0.00001641
('out:    ', '[0.99  ]')
('correct:', '[1     ]')
error:  0.00004896
('out:    ', '[0.973 ]')
('correct:', '[1     ]')
error:  0.00035164
('out:    ', '[0.937 ]')
('correct:', '[1     ]')
error:  0.00199192
('out:    ', '[0.993 ]')
('correct:', '[1     ]')
error:  0.00002316
('out:    ', '[0.994 ]')
('correct:', '[1     ]')
error:  0.00002111
('out:    ', '[0.994 ]')
('correct:', '[1     ]')
error:  0.00001726
('out:    ', '[0.997 ]')
('correct:', '[1     ]')
error:  0.00000363
('out:    ', '[0.655 ]')
('correct:', '[1     ]')
error:  0.05948296
('out:    ', '[0.994 ]')
('correct:', '[1     ]')
error:  0.00001673
('out:    ', '[0.997 ]')
('correct:', '[1     ]')
error:  0.00000379
('out:    ', '[0.982 ]')
('correct:', '[1     ]')
error:  0.00015685
('out:    ', '[0.776 ]')
('correct:', '[1     ]')
error:  0.02513124
('out:    ', '[0.986 ]')
('correct:', '[1     ]')
error:  0.00009694
('out:    ', '[0.908 ]')
('correct:', '[1     ]')
error:  0.00426181
('out:    ', '[0.992 ]')
('correct:', '[1     ]')
error:  0.00002855
('out:    ', '[0.993 ]')
('correct:', '[1     ]')
error:  0.00002337
('out:    ', '[0.993 ]')
('correct:', '[1     ]')
error:  0.00002412
('out:    ', '[0.997 ]')
('correct:', '[1     ]')
error:  0.00000484
('out:    ', '[0.997 ]')
('correct:', '[1     ]')
error:  0.00000317
('out:    ', '[0.992 ]')
('correct:', '[1     ]')
error:  0.00003053
('out:    ', '[0.994 ]')
('correct:', '[1     ]')
error:  0.00001716
('out:    ', '[0.996 ]')
('correct:', '[1     ]')
error:  0.00000685
('out:    ', '[0.982 ]')
('correct:', '[1     ]')
error:  0.00015717
('out:    ', '[0.995 ]')
('correct:', '[1     ]')
error:  0.00001068
('out:    ', '[0.994 ]')
('correct:', '[1     ]')
error:  0.00001753
('out:    ', '[0.972 ]')
('correct:', '[1     ]')
error:  0.00039447
('out:    ', '[0.991 ]')
('correct:', '[1     ]')
error:  0.00004285
('out:    ', '[0.817 ]')
('correct:', '[1     ]')
error:  0.01676002
('out:    ', '[0.997 ]')
('correct:', '[1     ]')
error:  0.00000608
('out:    ', '[0.837 ]')
('correct:', '[1     ]')
error:  0.01336046
('out:    ', '[0.995 ]')
('correct:', '[1     ]')
error:  0.00001096
('out:    ', '[0.995 ]')
('correct:', '[1     ]')
error:  0.00001171
('out:    ', '[0.953 ]')
('correct:', '[1     ]')
error:  0.00108600
('out:    ', '[0.997 ]')
('correct:', '[1     ]')
error:  0.00000579
('out:    ', '[0.992 ]')
('correct:', '[1     ]')
error:  0.00003264
('out:    ', '[0.994 ]')
('correct:', '[1     ]')
error:  0.00001706
('out:    ', '[0.737 ]')
('correct:', '[1     ]')
error:  0.03452217
('out:    ', '[0.997 ]')
('correct:', '[1     ]')
error:  0.00000394
('out:    ', '[0.996 ]')
('correct:', '[1     ]')
error:  0.00000682
('out:    ', '[0.996 ]')
('correct:', '[1     ]')
error:  0.00000683
('out:    ', '[0.995 ]')
('correct:', '[1     ]')
error:  0.00001288
('out:    ', '[0.994 ]')
('correct:', '[1     ]')
error:  0.00001621
('out:    ', '[0.994 ]')
('correct:', '[1     ]')
error:  0.00001986
('out:    ', '[0.993 ]')
('correct:', '[1     ]')
error:  0.00002455
('out:    ', '[0.995 ]')
('correct:', '[1     ]')
error:  0.00001055
('out:    ', '[0.997 ]')
('correct:', '[1     ]')
error:  0.00000422
('out:    ', '[0.995 ]')
('correct:', '[1     ]')
error:  0.00001017
('out:    ', '[0.993 ]')
('correct:', '[1     ]')
error:  0.00002802
('out:    ', '[0.633 ]')
('correct:', '[1     ]')
error:  0.06732277
('out:    ', '[0.926 ]')
('correct:', '[1     ]')
error:  0.00271814
('out:    ', '[0.997 ]')
('correct:', '[1     ]')
error:  0.00000427
('out:    ', '[0.994 ]')
('correct:', '[1     ]')
error:  0.00001726
('out:    ', '[0.993 ]')
('correct:', '[1     ]')
error:  0.00002673
('out:    ', '[0.99  ]')
('correct:', '[1     ]')
error:  0.00005417
('out:    ', '[0.992 ]')
('correct:', '[1     ]')
error:  0.00002956
('out:    ', '[0.997 ]')
('correct:', '[1     ]')
error:  0.00000514
('out:    ', '[0.861 ]')
('correct:', '[1     ]')
error:  0.00966105
('out:    ', '[0.967 ]')
('correct:', '[1     ]')
error:  0.00055775
('out:    ', '[0.977 ]')
('correct:', '[1     ]')
error:  0.00025626
('out:    ', '[0.991 ]')
('correct:', '[1     ]')
error:  0.00003927
('out:    ', '[0.956 ]')
('correct:', '[1     ]')
error:  0.00098904
('out:    ', '[0.984 ]')
('correct:', '[1     ]')
error:  0.00012721
('out:    ', '[0.995 ]')
('correct:', '[1     ]')
error:  0.00001203
('out:    ', '[0.661 ]')
('correct:', '[1     ]')
error:  0.05735098
('out:    ', '[0.996 ]')
('correct:', '[1     ]')
error:  0.00000966
('out:    ', '[0.994 ]')
('correct:', '[1     ]')
error:  0.00001692
('out:    ', '[0.997 ]')
('correct:', '[1     ]')
error:  0.00000508
('out:    ', '[0.993 ]')
('correct:', '[1     ]')
error:  0.00002555
('out:    ', '[0.996 ]')
('correct:', '[1     ]')
error:  0.00000991
('out:    ', '[0.998 ]')
('correct:', '[1     ]')
error:  0.00000202
('out:    ', '[0.996 ]')
('correct:', '[1     ]')
error:  0.00000712
('out:    ', '[0.963 ]')
('correct:', '[1     ]')
error:  0.00070246
('out:    ', '[0.998 ]')
('correct:', '[1     ]')
error:  0.00000276
('out:    ', '[0.969 ]')
('correct:', '[1     ]')
error:  0.00049517
('out:    ', '[0.998 ]')
('correct:', '[1     ]')
error:  0.00000218
('out:    ', '[0.92  ]')
('correct:', '[1     ]')
error:  0.00317885
('out:    ', '[0.997 ]')
('correct:', '[1     ]')
error:  0.00000349
('out:    ', '[0.99  ]')
('correct:', '[1     ]')
error:  0.00004634
('out:    ', '[0.879 ]')
('correct:', '[1     ]')
error:  0.00736939
('out:    ', '[0.994 ]')
('correct:', '[1     ]')
error:  0.00002033
('out:    ', '[0.995 ]')
('correct:', '[1     ]')
error:  0.00001141
('out:    ', '[0.997 ]')
('correct:', '[1     ]')
error:  0.00000559
('out:    ', '[0.996 ]')
('correct:', '[1     ]')
error:  0.00000718
('out:    ', '[0.997 ]')
('correct:', '[1     ]')
error:  0.00000376
('out:    ', '[0.996 ]')
('correct:', '[1     ]')
error:  0.00000617
('out:    ', '[0.982 ]')
('correct:', '[1     ]')
error:  0.00015688
('out:    ', '[0.922 ]')
('correct:', '[1     ]')
error:  0.00301977
('out:    ', '[0.995 ]')
('correct:', '[1     ]')
error:  0.00001321
('out:    ', '[0.995 ]')
('correct:', '[1     ]')
error:  0.00001059
('out:    ', '[0.992 ]')
('correct:', '[1     ]')
error:  0.00003260
('out:    ', '[0.984 ]')
('correct:', '[1     ]')
error:  0.00012028
('out:    ', '[0.991 ]')
('correct:', '[1     ]')
error:  0.00004274
('out:    ', '[0.997 ]')
('correct:', '[1     ]')
error:  0.00000343
('out:    ', '[0.982 ]')
('correct:', '[1     ]')
error:  0.00015495
('out:    ', '[0.997 ]')
('correct:', '[1     ]')
error:  0.00000369
('out:    ', '[0.635 ]')
('correct:', '[1     ]')
error:  0.06650766
('out:    ', '[0.998 ]')
('correct:', '[1     ]')
error:  0.00000293
('out:    ', '[0.99  ]')
('correct:', '[1     ]')
error:  0.00005271
('out:    ', '[0.996 ]')
('correct:', '[1     ]')
error:  0.00000847
('out:    ', '[0.997 ]')
('correct:', '[1     ]')
error:  0.00000528
('out:    ', '[0.992 ]')
('correct:', '[1     ]')
error:  0.00002850
('out:    ', '[0.996 ]')
('correct:', '[1     ]')
error:  0.00000734
('out:    ', '[0.998 ]')
('correct:', '[1     ]')
error:  0.00000268
('out:    ', '[0.998 ]')
('correct:', '[1     ]')
error:  0.00000301
('out:    ', '[0.994 ]')
('correct:', '[1     ]')
error:  0.00001631
('out:    ', '[0.997 ]')
('correct:', '[1     ]')
error:  0.00000610
('out:    ', '[0.991 ]')
('correct:', '[1     ]')
error:  0.00003985
('out:    ', '[0.995 ]')
('correct:', '[1     ]')
error:  0.00001047
('out:    ', '[0.715 ]')
('correct:', '[1     ]')
error:  0.04050256
('out:    ', '[0.995 ]')
('correct:', '[1     ]')
error:  0.00001046
('out:    ', '[0.978 ]')
('correct:', '[1     ]')
error:  0.00024397
('out:    ', '[0.996 ]')
('correct:', '[1     ]')
error:  0.00000839
('out:    ', '[0.728 ]')
('correct:', '[1     ]')
error:  0.03688414
('out:    ', '[0.975 ]')
('correct:', '[1     ]')
error:  0.00031288
('out:    ', '[0.986 ]')
('correct:', '[1     ]')
error:  0.00010047
('out:    ', '[0.994 ]')
('correct:', '[1     ]')
error:  0.00002076
('out:    ', '[0.949 ]')
('correct:', '[1     ]')
error:  0.00132004
('out:    ', '[0.964 ]')
('correct:', '[1     ]')
error:  0.00065212
('out:    ', '[0.989 ]')
('correct:', '[1     ]')
error:  0.00005747
('out:    ', '[0.993 ]')
('correct:', '[1     ]')
error:  0.00002306
('out:    ', '[0.929 ]')
('correct:', '[1     ]')
error:  0.00251124
('out:    ', '[0.987 ]')
('correct:', '[1     ]')
error:  0.00007956
('out:    ', '[0.975 ]')
('correct:', '[1     ]')
error:  0.00031846
('out:    ', '[0.986 ]')
('correct:', '[1     ]')
error:  0.00009710
('out:    ', '[0.673 ]')
('correct:', '[1     ]')
error:  0.05333530
('out:    ', '[0.898 ]')
('correct:', '[1     ]')
error:  0.00524058
('out:    ', '[0.993 ]')
('correct:', '[1     ]')
error:  0.00002632
('out:    ', '[0.993 ]')
('correct:', '[1     ]')
error:  0.00002259
('out:    ', '[0.989 ]')
('correct:', '[1     ]')
error:  0.00006514
('out:    ', '[0.998 ]')
('correct:', '[1     ]')
error:  0.00000290
('out:    ', '[0.938 ]')
('correct:', '[1     ]')
error:  0.00194245
('out:    ', '[0.884 ]')
('correct:', '[1     ]')
error:  0.00668790
('out:    ', '[0.985 ]')
('correct:', '[1     ]')
error:  0.00011083
('out:    ', '[0.997 ]')
('correct:', '[1     ]')
error:  0.00000390
('out:    ', '[0.982 ]')
('correct:', '[1     ]')
error:  0.00015658
('out:    ', '[0.97  ]')
('correct:', '[1     ]')
error:  0.00046359
('out:    ', '[0.984 ]')
('correct:', '[1     ]')
error:  0.00012611
('out:    ', '[0.218 ]')
('correct:', '[1     ]')
error:  0.30601946
('out:    ', '[0.988 ]')
('correct:', '[0     ]')
error:  0.48806105
('out:    ', '[0.988 ]')
('correct:', '[1     ]')
error:  0.00007243
('out:    ', '[0.995 ]')
('correct:', '[1     ]')
error:  0.00001040
('out:    ', '[0.997 ]')
('correct:', '[1     ]')
error:  0.00000609
('out:    ', '[0.996 ]')
('correct:', '[1     ]')
error:  0.00000984
('out:    ', '[0.994 ]')
('correct:', '[1     ]')
error:  0.00002080
('out:    ', '[0.998 ]')
('correct:', '[1     ]')
error:  0.00000275
('out:    ', '[0.992 ]')
('correct:', '[1     ]')
error:  0.00003448
('out:    ', '[0.997 ]')
('correct:', '[1     ]')
error:  0.00000392
('out:    ', '[0.998 ]')
('correct:', '[1     ]')
error:  0.00000255
('out:    ', '[0.993 ]')
('correct:', '[1     ]')
error:  0.00002190
('out:    ', '[0.964 ]')
('correct:', '[1     ]')
error:  0.00063157
('out:    ', '[0.932 ]')
('correct:', '[1     ]')
error:  0.00229331
('out:    ', '[0.995 ]')
('correct:', '[1     ]')
error:  0.00001152
('out:    ', '[0.944 ]')
('correct:', '[1     ]')
error:  0.00154390
('out:    ', '[0.947 ]')
('correct:', '[1     ]')
error:  0.00139750
('out:    ', '[0.991 ]')
('correct:', '[1     ]')
error:  0.00004031
('out:    ', '[0.995 ]')
('correct:', '[1     ]')
error:  0.00001043
('out:    ', '[0.998 ]')
('correct:', '[1     ]')
error:  0.00000258
('out:    ', '[0.995 ]')
('correct:', '[1     ]')
error:  0.00001125
('out:    ', '[0.994 ]')
('correct:', '[1     ]')
error:  0.00001620
('out:    ', '[0.993 ]')
('correct:', '[1     ]')
error:  0.00002266
('out:    ', '[0.995 ]')
('correct:', '[1     ]')
error:  0.00001327
('out:    ', '[0.994 ]')
('correct:', '[1     ]')
error:  0.00001696
('out:    ', '[0.997 ]')
('correct:', '[1     ]')
error:  0.00000345
('out:    ', '[0.988 ]')
('correct:', '[1     ]')
error:  0.00006794
('out:    ', '[0.996 ]')
('correct:', '[1     ]')
error:  0.00000773
('out:    ', '[0.994 ]')
('correct:', '[1     ]')
error:  0.00001873
('out:    ', '[0.978 ]')
('correct:', '[1     ]')
error:  0.00024875
('out:    ', '[0.991 ]')
('correct:', '[1     ]')
error:  0.00004118
('out:    ', '[0.997 ]')
('correct:', '[1     ]')
error:  0.00000490
('out:    ', '[0.936 ]')
('correct:', '[1     ]')
error:  0.00205625
('out:    ', '[0.988 ]')
('correct:', '[1     ]')
error:  0.00007514
('out:    ', '[0.991 ]')
('correct:', '[1     ]')
error:  0.00003715
('out:    ', '[0.995 ]')
('correct:', '[1     ]')
error:  0.00001423
('out:    ', '[0.96  ]')
('correct:', '[1     ]')
error:  0.00081431
('out:    ', '[0.997 ]')
('correct:', '[1     ]')
error:  0.00000554
('out:    ', '[0.987 ]')
('correct:', '[1     ]')
error:  0.00008191
('out:    ', '[0.997 ]')
('correct:', '[1     ]')
error:  0.00000313
('out:    ', '[0.995 ]')
('correct:', '[1     ]')
error:  0.00001100
('out:    ', '[0.996 ]')
('correct:', '[1     ]')
error:  0.00000957
('out:    ', '[0.989 ]')
('correct:', '[1     ]')
error:  0.00006412
('out:    ', '[0.988 ]')
('correct:', '[1     ]')
error:  0.00007139
('out:    ', '[0.993 ]')
('correct:', '[1     ]')
error:  0.00002340
('out:    ', '[0.995 ]')
('correct:', '[1     ]')
error:  0.00001379
('out:    ', '[0.735 ]')
('correct:', '[1     ]')
error:  0.03514337
('out:    ', '[0.993 ]')
('correct:', '[1     ]')
error:  0.00002706
('out:    ', '[0.992 ]')
('correct:', '[1     ]')
error:  0.00002935
('out:    ', '[0.881 ]')
('correct:', '[1     ]')
error:  0.00712033
('out:    ', '[0.997 ]')
('correct:', '[1     ]')
error:  0.00000399
('out:    ', '[0.84  ]')
('correct:', '[1     ]')
error:  0.01279501
('out:    ', '[0.997 ]')
('correct:', '[1     ]')
error:  0.00000315
('out:    ', '[0.859 ]')
('correct:', '[1     ]')
error:  0.00987596
('out:    ', '[0.995 ]')
('correct:', '[1     ]')
error:  0.00001322
('out:    ', '[0.945 ]')
('correct:', '[1     ]')
error:  0.00150059
('out:    ', '[0.973 ]')
('correct:', '[1     ]')
error:  0.00036197
('out:    ', '[0.997 ]')
('correct:', '[1     ]')
error:  0.00000503
('out:    ', '[0.995 ]')
('correct:', '[1     ]')
error:  0.00001403
('out:    ', '[0.947 ]')
('correct:', '[1     ]')
error:  0.00140090
('out:    ', '[0.959 ]')
('correct:', '[1     ]')
error:  0.00083631
('out:    ', '[0.994 ]')
('correct:', '[1     ]')
error:  0.00001688
('out:    ', '[0.997 ]')
('correct:', '[1     ]')
error:  0.00000316
('out:    ', '[0.998 ]')
('correct:', '[1     ]')
error:  0.00000303
('out:    ', '[0.996 ]')
('correct:', '[1     ]')
error:  0.00000694
('out:    ', '[0.958 ]')
('correct:', '[1     ]')
error:  0.00086390
('out:    ', '[0.939 ]')
('correct:', '[1     ]')
error:  0.00184932
('out:    ', '[0.972 ]')
('correct:', '[1     ]')
error:  0.00039155
('out:    ', '[0.998 ]')
('correct:', '[1     ]')
error:  0.00000300
('out:    ', '[0.997 ]')
('correct:', '[1     ]')
error:  0.00000430
('out:    ', '[0.996 ]')
('correct:', '[1     ]')
error:  0.00000693
('out:    ', '[0.993 ]')
('correct:', '[1     ]')
error:  0.00002549
('out:    ', '[0.993 ]')
('correct:', '[1     ]')
error:  0.00002218
('out:    ', '[0.992 ]')
('correct:', '[1     ]')
error:  0.00003517
('out:    ', '[0.965 ]')
('correct:', '[1     ]')
error:  0.00061505
('out:    ', '[0.997 ]')
('correct:', '[1     ]')
error:  0.00000316
('out:    ', '[0.997 ]')
('correct:', '[1     ]')
error:  0.00000601
('out:    ', '[0.996 ]')
('correct:', '[1     ]')
error:  0.00001012
('out:    ', '[0.995 ]')
('correct:', '[1     ]')
error:  0.00001220
('out:    ', '[0.993 ]')
('correct:', '[1     ]')
error:  0.00002757
('out:    ', '[0.992 ]')
('correct:', '[1     ]')
error:  0.00003376
('out:    ', '[0.993 ]')
('correct:', '[1     ]')
error:  0.00002142
('out:    ', '[0.996 ]')
('correct:', '[1     ]')
error:  0.00000774
('out:    ', '[0.989 ]')
('correct:', '[1     ]')
error:  0.00005856
('out:    ', '[0.959 ]')
('correct:', '[1     ]')
error:  0.00082263
('out:    ', '[0.647 ]')
('correct:', '[1     ]')
error:  0.06218381
('out:    ', '[0.993 ]')
('correct:', '[1     ]')
error:  0.00002794
('out:    ', '[0.992 ]')
('correct:', '[1     ]')
error:  0.00003490
('out:    ', '[0.957 ]')
('correct:', '[1     ]')
error:  0.00091734
('out:    ', '[0.427 ]')
('correct:', '[0     ]')
error:  0.09121416
('out:    ', '[0.994 ]')
('correct:', '[1     ]')
error:  0.00001881
('out:    ', '[0.995 ]')
('correct:', '[1     ]')
error:  0.00001080
('out:    ', '[0.986 ]')
('correct:', '[1     ]')
error:  0.00009299
('out:    ', '[0.772 ]')
('correct:', '[1     ]')
error:  0.02593568
('out:    ', '[0.995 ]')
('correct:', '[1     ]')
error:  0.00001390
('out:    ', '[0.995 ]')
('correct:', '[1     ]')
error:  0.00001383
('out:    ', '[0.953 ]')
('correct:', '[1     ]')
error:  0.00109906
('out:    ', '[0.977 ]')
('correct:', '[1     ]')
error:  0.00026621
('out:    ', '[0.992 ]')
('correct:', '[1     ]')
error:  0.00003436
('out:    ', '[0.963 ]')
('correct:', '[1     ]')
error:  0.00067199
('out:    ', '[0.611 ]')
('correct:', '[0     ]')
error:  0.18680763
('out:    ', '[0.994 ]')
('correct:', '[1     ]')
error:  0.00001716
('out:    ', '[0.964 ]')
('correct:', '[1     ]')
error:  0.00063428
('out:    ', '[0.997 ]')
('correct:', '[1     ]')
error:  0.00000316
('out:    ', '[0.996 ]')
('correct:', '[1     ]')
error:  0.00000785
('out:    ', '[0.988 ]')
('correct:', '[1     ]')
error:  0.00006826
('out:    ', '[0.953 ]')
('correct:', '[1     ]')
error:  0.00110347
('out:    ', '[0.99  ]')
('correct:', '[1     ]')
error:  0.00005398
('out:    ', '[0.889 ]')
('correct:', '[1     ]')
error:  0.00618771
('out:    ', '[0.991 ]')
('correct:', '[1     ]')
error:  0.00003939
('out:    ', '[0.777 ]')
('correct:', '[1     ]')
error:  0.02485601
('out:    ', '[0.995 ]')
('correct:', '[1     ]')
error:  0.00001029
('out:    ', '[0.602 ]')
('correct:', '[0     ]')
error:  0.18123345
('out:    ', '[0.864 ]')
('correct:', '[1     ]')
error:  0.00925384
('out:    ', '[0.81  ]')
('correct:', '[1     ]')
error:  0.01810412
('out:    ', '[0.996 ]')
('correct:', '[1     ]')
error:  0.00000664
('out:    ', '[0.935 ]')
('correct:', '[1     ]')
error:  0.00213541
('out:    ', '[0.916 ]')
('correct:', '[1     ]')
error:  0.00349659
('out:    ', '[0.995 ]')
('correct:', '[1     ]')
error:  0.00001370
('out:    ', '[0.981 ]')
('correct:', '[1     ]')
error:  0.00017114
('out:    ', '[0.666 ]')
('correct:', '[1     ]')
error:  0.05568632
('out:    ', '[0.995 ]')
('correct:', '[1     ]')
error:  0.00001199
('out:    ', '[0.997 ]')
('correct:', '[1     ]')
error:  0.00000377
('out:    ', '[0.991 ]')
('correct:', '[1     ]')
error:  0.00003863
('out:    ', '[0.996 ]')
('correct:', '[1     ]')
error:  0.00000801
('out:    ', '[0.993 ]')
('correct:', '[1     ]')
error:  0.00002504
('out:    ', '[0.998 ]')
('correct:', '[1     ]')
error:  0.00000289
('out:    ', '[0.997 ]')
('correct:', '[1     ]')
error:  0.00000345
('out:    ', '[0.946 ]')
('correct:', '[1     ]')
error:  0.00147713
('out:    ', '[0.994 ]')
('correct:', '[1     ]')
error:  0.00001858
('out:    ', '[0.984 ]')
('correct:', '[1     ]')
error:  0.00013341
('out:    ', '[0.985 ]')
('correct:', '[0     ]')
error:  0.48495096
('out:    ', '[0.992 ]')
('correct:', '[1     ]')
error:  0.00003388
('out:    ', '[0.942 ]')
('correct:', '[1     ]')
error:  0.00168290
('out:    ', '[0.993 ]')
('correct:', '[1     ]')
error:  0.00002783
('out:    ', '[0.958 ]')
('correct:', '[1     ]')
error:  0.00088289
('out:    ', '[0.945 ]')
('correct:', '[1     ]')
error:  0.00151749
('out:    ', '[0.996 ]')
('correct:', '[1     ]')
error:  0.00000737
('out:    ', '[0.985 ]')
('correct:', '[1     ]')
error:  0.00010662
('out:    ', '[0.996 ]')
('correct:', '[1     ]')
error:  0.00000631
('out:    ', '[0.994 ]')
('correct:', '[1     ]')
error:  0.00001688
('out:    ', '[0.969 ]')
('correct:', '[1     ]')
error:  0.00047427
('out:    ', '[0.991 ]')
('correct:', '[1     ]')
error:  0.00004286
('out:    ', '[0.985 ]')
('correct:', '[1     ]')
error:  0.00011667
('out:    ', '[0.998 ]')
('correct:', '[1     ]')
error:  0.00000213
('out:    ', '[0.676 ]')
('correct:', '[0     ]')
error:  0.22874436
('out:    ', '[0.994 ]')
('correct:', '[1     ]')
error:  0.00001829
('out:    ', '[0.995 ]')
('correct:', '[1     ]')
error:  0.00001407
('out:    ', '[0.952 ]')
('correct:', '[1     ]')
error:  0.00117599
('out:    ', '[0.995 ]')
('correct:', '[1     ]')
error:  0.00001382
('out:    ', '[0.898 ]')
('correct:', '[1     ]')
error:  0.00521275
('out:    ', '[0.985 ]')
('correct:', '[1     ]')
error:  0.00011835
('out:    ', '[0.777 ]')
('correct:', '[1     ]')
error:  0.02493835
('out:    ', '[0.989 ]')
('correct:', '[1     ]')
error:  0.00005917
('out:    ', '[0.99  ]')
('correct:', '[1     ]')
error:  0.00004618
('out:    ', '[0.998 ]')
('correct:', '[1     ]')
error:  0.00000200
('out:    ', '[0.878 ]')
('correct:', '[1     ]')
error:  0.00746569
('out:    ', '[0.995 ]')
('correct:', '[1     ]')
error:  0.00001057
('out:    ', '[0.998 ]')
('correct:', '[1     ]')
error:  0.00000264
('out:    ', '[0.997 ]')
('correct:', '[1     ]')
error:  0.00000526
('out:    ', '[0.881 ]')
('correct:', '[1     ]')
error:  0.00711133
('out:    ', '[0.995 ]')
('correct:', '[1     ]')
error:  0.00001067
('out:    ', '[0.619 ]')
('correct:', '[1     ]')
error:  0.07249522
('out:    ', '[0.992 ]')
('correct:', '[1     ]')
error:  0.00002860
('out:    ', '[0.997 ]')
('correct:', '[1     ]')
error:  0.00000585
('out:    ', '[0.994 ]')
('correct:', '[1     ]')
error:  0.00001711
('out:    ', '[0.991 ]')
('correct:', '[1     ]')
error:  0.00004455
('out:    ', '[0.885 ]')
('correct:', '[1     ]')
error:  0.00662810
('out:    ', '[0.987 ]')
('correct:', '[1     ]')
error:  0.00008617
('out:    ', '[0.995 ]')
('correct:', '[1     ]')
error:  0.00001129
('out:    ', '[0.995 ]')
('correct:', '[1     ]')
error:  0.00001170
('out:    ', '[0.956 ]')
('correct:', '[1     ]')
error:  0.00096388
('out:    ', '[0.996 ]')
('correct:', '[1     ]')
error:  0.00000697
('out:    ', '[0.998 ]')
('correct:', '[1     ]')
error:  0.00000258
('out:    ', '[0.992 ]')
('correct:', '[1     ]')
error:  0.00002964
('out:    ', '[0.993 ]')
('correct:', '[1     ]')
error:  0.00002437
('out:    ', '[0.983 ]')
('correct:', '[1     ]')
error:  0.00014798
('out:    ', '[0.995 ]')
('correct:', '[1     ]')
error:  0.00001038
('out:    ', '[0.997 ]')
('correct:', '[1     ]')
error:  0.00000319
('out:    ', '[0.993 ]')
('correct:', '[1     ]')
error:  0.00002264
('out:    ', '[0.994 ]')
('correct:', '[1     ]')
error:  0.00001954
('out:    ', '[0.995 ]')
('correct:', '[1     ]')
error:  0.00001297
('out:    ', '[0.997 ]')
('correct:', '[1     ]')
error:  0.00000380
('out:    ', '[0.998 ]')
('correct:', '[1     ]')
error:  0.00000237
('out:    ', '[0.998 ]')
('correct:', '[1     ]')
error:  0.00000255
('out:    ', '[0.694 ]')
('correct:', '[1     ]')
error:  0.04691631
('out:    ', '[0.998 ]')
('correct:', '[1     ]')
error:  0.00000196
('out:    ', '[0.991 ]')
('correct:', '[1     ]')
error:  0.00004022
('out:    ', '[0.998 ]')
('correct:', '[1     ]')
error:  0.00000257
('out:    ', '[0.993 ]')
('correct:', '[1     ]')
error:  0.00002232
('out:    ', '[0.97  ]')
('correct:', '[1     ]')
error:  0.00044071
('out:    ', '[0.997 ]')
('correct:', '[1     ]')
error:  0.00000482
('out:    ', '[0.992 ]')
('correct:', '[1     ]')
error:  0.00003443
('out:    ', '[0.98  ]')
('correct:', '[1     ]')
error:  0.00019150
('out:    ', '[0.996 ]')
('correct:', '[1     ]')
error:  0.00000786
('out:    ', '[0.946 ]')
('correct:', '[1     ]')
error:  0.00144281
('out:    ', '[0.901 ]')
('correct:', '[1     ]')
error:  0.00490239
('out:    ', '[0.995 ]')
('correct:', '[1     ]')
error:  0.00001278
('out:    ', '[0.953 ]')
('correct:', '[1     ]')
error:  0.00108284
('out:    ', '[0.608 ]')
('correct:', '[1     ]')
error:  0.07675617
('out:    ', '[0.43  ]')
('correct:', '[0     ]')
error:  0.09224739
('out:    ', '[0.998 ]')
('correct:', '[1     ]')
error:  0.00000240
('out:    ', '[0.995 ]')
('correct:', '[1     ]')
error:  0.00001107
('out:    ', '[0.997 ]')
('correct:', '[1     ]')
error:  0.00000403
('out:    ', '[0.997 ]')
('correct:', '[1     ]')
error:  0.00000581
('out:    ', '[0.982 ]')
('correct:', '[1     ]')
error:  0.00016860
('out:    ', '[0.79  ]')
('correct:', '[1     ]')
error:  0.02211820
('out:    ', '[0.993 ]')
('correct:', '[1     ]')
error:  0.00002127
('out:    ', '[0.998 ]')
('correct:', '[1     ]')
error:  0.00000231
('out:    ', '[0.982 ]')
('correct:', '[1     ]')
error:  0.00015464
('out:    ', '[0.998 ]')
('correct:', '[1     ]')
error:  0.00000184
('out:    ', '[0.99  ]')
('correct:', '[1     ]')
error:  0.00004737
('out:    ', '[0.995 ]')
('correct:', '[1     ]')
error:  0.00001056
('out:    ', '[0.989 ]')
('correct:', '[1     ]')
error:  0.00006503
('out:    ', '[0.962 ]')
('correct:', '[1     ]')
error:  0.00070775
('out:    ', '[0.938 ]')
('correct:', '[1     ]')
error:  0.00191154
('out:    ', '[0.972 ]')
('correct:', '[1     ]')
error:  0.00039477
('out:    ', '[0.998 ]')
('correct:', '[1     ]')
error:  0.00000150
('out:    ', '[0.99  ]')
('correct:', '[1     ]')
error:  0.00004608
('out:    ', '[0.991 ]')
('correct:', '[1     ]')
error:  0.00003619
('out:    ', '[0.962 ]')
('correct:', '[1     ]')
error:  0.00072262
('out:    ', '[0.993 ]')
('correct:', '[1     ]')
error:  0.00002140
('out:    ', '[0.994 ]')
('correct:', '[1     ]')
error:  0.00002059
('out:    ', '[0.992 ]')
('correct:', '[1     ]')
error:  0.00003487
('out:    ', '[0.632 ]')
('correct:', '[0     ]')
error:  0.19971381
('out:    ', '[0.997 ]')
('correct:', '[1     ]')
error:  0.00000321
('out:    ', '[0.729 ]')
('correct:', '[1     ]')
error:  0.03676149
('out:    ', '[0.997 ]')
('correct:', '[1     ]')
error:  0.00000595
('out:    ', '[0.93  ]')
('correct:', '[1     ]')
error:  0.00246836
('out:    ', '[0.987 ]')
('correct:', '[1     ]')
error:  0.00008048
('out:    ', '[0.963 ]')
('correct:', '[1     ]')
error:  0.00067092
('out:    ', '[0.97  ]')
('correct:', '[1     ]')
error:  0.00044117
('out:    ', '[0.992 ]')
('correct:', '[1     ]')
error:  0.00003529
('out:    ', '[0.995 ]')
('correct:', '[1     ]')
error:  0.00001212
('out:    ', '[0.992 ]')
('correct:', '[1     ]')
error:  0.00002888
('out:    ', '[0.996 ]')
('correct:', '[1     ]')
error:  0.00001010
('out:    ', '[0.982 ]')
('correct:', '[1     ]')
error:  0.00015801
('out:    ', '[0.994 ]')
('correct:', '[1     ]')
error:  0.00001757
('out:    ', '[0.986 ]')
('correct:', '[0     ]')
error:  0.48651050
('out:    ', '[0.996 ]')
('correct:', '[1     ]')
error:  0.00000904
('out:    ', '[0.66  ]')
('correct:', '[1     ]')
error:  0.05778049
('out:    ', '[0.983 ]')
('correct:', '[1     ]')
error:  0.00014895
('out:    ', '[0.992 ]')
('correct:', '[1     ]')
error:  0.00003276
('out:    ', '[0.993 ]')
('correct:', '[1     ]')
error:  0.00002208
('out:    ', '[0.995 ]')
('correct:', '[1     ]')
error:  0.00001257
('out:    ', '[0.997 ]')
('correct:', '[1     ]')
error:  0.00000592
('out:    ', '[0.982 ]')
('correct:', '[1     ]')
error:  0.00016651
('out:    ', '[0.995 ]')
('correct:', '[1     ]')
error:  0.00001032
('out:    ', '[0.995 ]')
('correct:', '[1     ]')
error:  0.00001325
('out:    ', '[0.994 ]')
('correct:', '[1     ]')
error:  0.00001830
('out:    ', '[0.908 ]')
('correct:', '[1     ]')
error:  0.00423011
('out:    ', '[0.721 ]')
('correct:', '[1     ]')
error:  0.03883578
('out:    ', '[0.953 ]')
('correct:', '[1     ]')
error:  0.00111726
('out:    ', '[0.991 ]')
('correct:', '[1     ]')
error:  0.00004198
('out:    ', '[0.789 ]')
('correct:', '[0     ]')
error:  0.31112885
('out:    ', '[0.797 ]')
('correct:', '[1     ]')
error:  0.02069446
('out:    ', '[0.997 ]')
('correct:', '[1     ]')
error:  0.00000405
('out:    ', '[0.99  ]')
('correct:', '[1     ]')
error:  0.00004589
('out:    ', '[0.998 ]')
('correct:', '[1     ]')
error:  0.00000290
('out:    ', '[0.997 ]')
('correct:', '[1     ]')
error:  0.00000339
('out:    ', '[0.579 ]')
('correct:', '[0     ]')
error:  0.16738294
('out:    ', '[0.976 ]')
('correct:', '[1     ]')
error:  0.00029650
('out:    ', '[0.817 ]')
('correct:', '[1     ]')
error:  0.01672719
('out:    ', '[0.981 ]')
('correct:', '[1     ]')
error:  0.00018498
('out:    ', '[0.906 ]')
('correct:', '[1     ]')
error:  0.00437951
('out:    ', '[0.514 ]')
('correct:', '[0     ]')
error:  0.13232388
('out:    ', '[0.997 ]')
('correct:', '[1     ]')
error:  0.00000356
('out:    ', '[0.996 ]')
('correct:', '[1     ]')
error:  0.00000699
('out:    ', '[0.96  ]')
('correct:', '[1     ]')
error:  0.00081094
('out:    ', '[0.994 ]')
('correct:', '[1     ]')
error:  0.00001552
('out:    ', '[0.996 ]')
('correct:', '[1     ]')
error:  0.00000830
('out:    ', '[0.996 ]')
('correct:', '[1     ]')
error:  0.00000733
('out:    ', '[0.987 ]')
('correct:', '[1     ]')
error:  0.00008983
('out:    ', '[0.998 ]')
('correct:', '[1     ]')
error:  0.00000273
('out:    ', '[0.997 ]')
('correct:', '[1     ]')
error:  0.00000435
('out:    ', '[0.995 ]')
('correct:', '[1     ]')
error:  0.00001467
('out:    ', '[0.961 ]')
('correct:', '[1     ]')
error:  0.00077068
('out:    ', '[0.995 ]')
('correct:', '[1     ]')
error:  0.00001375
('out:    ', '[0.994 ]')
('correct:', '[1     ]')
error:  0.00001712
('out:    ', '[0.976 ]')
('correct:', '[1     ]')
error:  0.00029415
('out:    ', '[0.991 ]')
('correct:', '[1     ]')
error:  0.00004397
('out:    ', '[0.998 ]')
('correct:', '[1     ]')
error:  0.00000280
('out:    ', '[0.996 ]')
('correct:', '[1     ]')
error:  0.00000815
('out:    ', '[0.99  ]')
('correct:', '[1     ]')
error:  0.00005369
('out:    ', '[0.696 ]')
('correct:', '[1     ]')
error:  0.04633216
('out:    ', '[0.997 ]')
('correct:', '[1     ]')
error:  0.00000554
('out:    ', '[0.996 ]')
('correct:', '[1     ]')
error:  0.00000924
('out:    ', '[0.996 ]')
('correct:', '[1     ]')
error:  0.00000776
('out:    ', '[0.998 ]')
('correct:', '[1     ]')
error:  0.00000244
('out:    ', '[0.994 ]')
('correct:', '[1     ]')
error:  0.00001939
('out:    ', '[0.947 ]')
('correct:', '[1     ]')
error:  0.00141047
('out:    ', '[0.995 ]')
('correct:', '[1     ]')
error:  0.00001223
('out:    ', '[0.997 ]')
('correct:', '[1     ]')
error:  0.00000318
('out:    ', '[0.99  ]')
('correct:', '[1     ]')
error:  0.00005212
('out:    ', '[0.522 ]')
('correct:', '[1     ]')
error:  0.11443969
('out:    ', '[0.995 ]')
('correct:', '[1     ]')
error:  0.00001021
('out:    ', '[0.995 ]')
('correct:', '[1     ]')
error:  0.00001061
('out:    ', '[0.99  ]')
('correct:', '[1     ]')
error:  0.00004993
('out:    ', '[0.84  ]')
('correct:', '[1     ]')
error:  0.01287867
('out:    ', '[0.963 ]')
('correct:', '[1     ]')
error:  0.00069637
('out:    ', '[0.998 ]')
('correct:', '[1     ]')
error:  0.00000208
('out:    ', '[0.989 ]')
('correct:', '[1     ]')
error:  0.00005542
('out:    ', '[0.994 ]')
('correct:', '[1     ]')
error:  0.00001757
('out:    ', '[0.996 ]')
('correct:', '[1     ]')
error:  0.00000892
('out:    ', '[0.708 ]')
('correct:', '[1     ]')
error:  0.04276907
('out:    ', '[0.993 ]')
('correct:', '[1     ]')
error:  0.00002512
('out:    ', '[0.998 ]')
('correct:', '[1     ]')
error:  0.00000169
('out:    ', '[0.981 ]')
('correct:', '[1     ]')
error:  0.00017919
('out:    ', '[0.995 ]')
('correct:', '[1     ]')
error:  0.00001185
('out:    ', '[0.992 ]')
('correct:', '[1     ]')
error:  0.00003542
('out:    ', '[0.998 ]')
('correct:', '[1     ]')
error:  0.00000209
('out:    ', '[0.996 ]')
('correct:', '[1     ]')
error:  0.00000869
('out:    ', '[0.995 ]')
('correct:', '[1     ]')
error:  0.00001173
('out:    ', '[0.735 ]')
('correct:', '[1     ]')
error:  0.03517501
('out:    ', '[0.993 ]')
('correct:', '[1     ]')
error:  0.00002556
('out:    ', '[0.993 ]')
('correct:', '[1     ]')
error:  0.00002313
('out:    ', '[0.986 ]')
('correct:', '[1     ]')
error:  0.00010294
('out:    ', '[0.996 ]')
('correct:', '[1     ]')
error:  0.00000693
('out:    ', '[0.998 ]')
('correct:', '[1     ]')
error:  0.00000286
('out:    ', '[0.932 ]')
('correct:', '[1     ]')
error:  0.00231393
('out:    ', '[0.874 ]')
('correct:', '[1     ]')
error:  0.00797896
('out:    ', '[0.957 ]')
('correct:', '[1     ]')
error:  0.00092890
('out:    ', '[0.985 ]')
('correct:', '[1     ]')
error:  0.00010566
('out:    ', '[0.995 ]')
('correct:', '[1     ]')
error:  0.00001088
('out:    ', '[0.995 ]')
('correct:', '[1     ]')
error:  0.00001070
('out:    ', '[0.997 ]')
('correct:', '[1     ]')
error:  0.00000329
('out:    ', '[0.985 ]')
('correct:', '[1     ]')
error:  0.00011361
('out:    ', '[0.777 ]')
('correct:', '[1     ]')
error:  0.02475917
('out:    ', '[0.998 ]')
('correct:', '[1     ]')
error:  0.00000223
('out:    ', '[0.996 ]')
('correct:', '[1     ]')
error:  0.00000685
('out:    ', '[0.995 ]')
('correct:', '[1     ]')
error:  0.00001092
('out:    ', '[0.986 ]')
('correct:', '[1     ]')
error:  0.00009922
('out:    ', '[0.995 ]')
('correct:', '[1     ]')
error:  0.00001232
('out:    ', '[0.996 ]')
('correct:', '[1     ]')
error:  0.00000865
('out:    ', '[0.486 ]')
('correct:', '[1     ]')
error:  0.13234183
('out:    ', '[0.996 ]')
('correct:', '[1     ]')
error:  0.00000883
('out:    ', '[0.98  ]')
('correct:', '[1     ]')
error:  0.00020742
('out:    ', '[0.997 ]')
('correct:', '[1     ]')
error:  0.00000555
('out:    ', '[0.99  ]')
('correct:', '[1     ]')
error:  0.00005375
('out:    ', '[0.993 ]')
('correct:', '[1     ]')
error:  0.00002350
('out:    ', '[0.977 ]')
('correct:', '[1     ]')
error:  0.00027612
('out:    ', '[0.902 ]')
('correct:', '[1     ]')
error:  0.00483283
('out:    ', '[0.994 ]')
('correct:', '[1     ]')
error:  0.00001783
('out:    ', '[0.972 ]')
('correct:', '[1     ]')
error:  0.00039068
('out:    ', '[0.993 ]')
('correct:', '[1     ]')
error:  0.00002728
('out:    ', '[0.981 ]')
('correct:', '[1     ]')
error:  0.00018351
('out:    ', '[0.984 ]')
('correct:', '[1     ]')
error:  0.00012014
('out:    ', '[0.998 ]')
('correct:', '[1     ]')
error:  0.00000301
('out:    ', '[0.994 ]')
('correct:', '[1     ]')
error:  0.00001904
('out:    ', '[0.993 ]')
('correct:', '[1     ]')
error:  0.00002701
('out:    ', '[0.996 ]')
('correct:', '[1     ]')
error:  0.00000905
('out:    ', '[0.994 ]')
('correct:', '[1     ]')
error:  0.00001987
('out:    ', '[0.998 ]')
('correct:', '[1     ]')
error:  0.00000271
('out:    ', '[0.995 ]')
('correct:', '[1     ]')
error:  0.00001018
('out:    ', '[0.583 ]')
('correct:', '[1     ]')
error:  0.08712273
('out:    ', '[0.994 ]')
('correct:', '[1     ]')
error:  0.00001772
('out:    ', '[0.996 ]')
('correct:', '[1     ]')
error:  0.00000931
('out:    ', '[0.996 ]')
('correct:', '[1     ]')
error:  0.00000744
('out:    ', '[0.705 ]')
('correct:', '[1     ]')
error:  0.04357091
('out:    ', '[0.996 ]')
('correct:', '[1     ]')
error:  0.00000938
('out:    ', '[0.992 ]')
('correct:', '[1     ]')
error:  0.00002868
('out:    ', '[0.687 ]')
('correct:', '[1     ]')
error:  0.04900124
('out:    ', '[0.996 ]')
('correct:', '[1     ]')
error:  0.00000637
('out:    ', '[0.992 ]')
('correct:', '[1     ]')
error:  0.00003390
('out:    ', '[0.994 ]')
('correct:', '[1     ]')
error:  0.00001992
('out:    ', '[0.997 ]')
('correct:', '[1     ]')
error:  0.00000423
('out:    ', '[0.993 ]')
('correct:', '[1     ]')
error:  0.00002497
('out:    ', '[0.974 ]')
('correct:', '[1     ]')
error:  0.00034503
('out:    ', '[0.993 ]')
('correct:', '[1     ]')
error:  0.00002545
('out:    ', '[0.952 ]')
('correct:', '[1     ]')
error:  0.00113691
('out:    ', '[0.994 ]')
('correct:', '[1     ]')
error:  0.00001790
('out:    ', '[0.909 ]')
('correct:', '[1     ]')
error:  0.00418568
('out:    ', '[0.995 ]')
('correct:', '[1     ]')
error:  0.00001512
('out:    ', '[0.998 ]')
('correct:', '[1     ]')
error:  0.00000240
('out:    ', '[0.996 ]')
('correct:', '[1     ]')
error:  0.00000688
('out:    ', '[0.967 ]')
('correct:', '[1     ]')
error:  0.00053960
('out:    ', '[0.985 ]')
('correct:', '[1     ]')
error:  0.00010891
('out:    ', '[0.985 ]')
('correct:', '[1     ]')
error:  0.00011169
('out:    ', '[0.998 ]')
('correct:', '[1     ]')
error:  0.00000151
('out:    ', '[0.979 ]')
('correct:', '[1     ]')
error:  0.00022757
('out:    ', '[0.997 ]')
('correct:', '[1     ]')
error:  0.00000324
('out:    ', '[0.994 ]')
('correct:', '[1     ]')
error:  0.00002086
('out:    ', '[0.997 ]')
('correct:', '[1     ]')
error:  0.00000372
('out:    ', '[0.996 ]')
('correct:', '[1     ]')
error:  0.00000764
('out:    ', '[0.975 ]')
('correct:', '[1     ]')
error:  0.00031927
('out:    ', '[0.766 ]')
('correct:', '[1     ]')
error:  0.02730249
('out:    ', '[0.995 ]')
('correct:', '[1     ]')
error:  0.00001046
('out:    ', '[0.981 ]')
('correct:', '[1     ]')
error:  0.00017136
('out:    ', '[0.998 ]')
('correct:', '[1     ]')
error:  0.00000277
('out:    ', '[0.994 ]')
('correct:', '[1     ]')
error:  0.00001966
('out:    ', '[0.996 ]')
('correct:', '[1     ]')
error:  0.00000740
('out:    ', '[0.972 ]')
('correct:', '[1     ]')
error:  0.00038272
('out:    ', '[0.99  ]')
('correct:', '[1     ]')
error:  0.00004970
('out:    ', '[0.998 ]')
('correct:', '[1     ]')
error:  0.00000295
('out:    ', '[0.99  ]')
('correct:', '[1     ]')
error:  0.00005008
('out:    ', '[0.985 ]')
('correct:', '[1     ]')
error:  0.00010917
('out:    ', '[0.994 ]')
('correct:', '[1     ]')
error:  0.00001654
('out:    ', '[0.813 ]')
('correct:', '[1     ]')
error:  0.01740099
('out:    ', '[0.992 ]')
('correct:', '[1     ]')
error:  0.00003442
('out:    ', '[0.97  ]')
('correct:', '[1     ]')
error:  0.00045553
('out:    ', '[0.967 ]')
('correct:', '[1     ]')
error:  0.00054470
('out:    ', '[0.978 ]')
('correct:', '[1     ]')
error:  0.00025162
('out:    ', '[0.992 ]')
('correct:', '[1     ]')
error:  0.00002927
('out:    ', '[0.996 ]')
('correct:', '[1     ]')
error:  0.00001003
('out:    ', '[0.988 ]')
('correct:', '[1     ]')
error:  0.00007004
('out:    ', '[0.996 ]')
('correct:', '[1     ]')
error:  0.00000824
('out:    ', '[0.993 ]')
('correct:', '[1     ]')
error:  0.00002711
('out:    ', '[0.889 ]')
('correct:', '[0     ]')
error:  0.39552031
('out:    ', '[0.94  ]')
('correct:', '[1     ]')
error:  0.00180481
('out:    ', '[0.951 ]')
('correct:', '[1     ]')
error:  0.00118509
('out:    ', '[0.992 ]')
('correct:', '[1     ]')
error:  0.00003452
('out:    ', '[0.699 ]')
('correct:', '[1     ]')
error:  0.04519228
('out:    ', '[0.995 ]')
('correct:', '[1     ]')
error:  0.00001017
('out:    ', '[0.993 ]')
('correct:', '[1     ]')
error:  0.00002335
('out:    ', '[0.896 ]')
('correct:', '[1     ]')
error:  0.00536703
('out:    ', '[0.991 ]')
('correct:', '[1     ]')
error:  0.00003735
('out:    ', '[0.689 ]')
('correct:', '[1     ]')
error:  0.04834070
('out:    ', '[0.979 ]')
('correct:', '[1     ]')
error:  0.00022590
('out:    ', '[0.993 ]')
('correct:', '[1     ]')
error:  0.00002396
('out:    ', '[0.98  ]')
('correct:', '[1     ]')
error:  0.00020534
('out:    ', '[0.998 ]')
('correct:', '[1     ]')
error:  0.00000211
('out:    ', '[0.998 ]')
('correct:', '[1     ]')
error:  0.00000300
('out:    ', '[0.993 ]')
('correct:', '[1     ]')
error:  0.00002708
('out:    ', '[0.996 ]')
('correct:', '[1     ]')
error:  0.00000655
('out:    ', '[0.99  ]')
('correct:', '[1     ]')
error:  0.00004707
('out:    ', '[0.988 ]')
('correct:', '[1     ]')
error:  0.00007309
('out:    ', '[0.998 ]')
('correct:', '[1     ]')
error:  0.00000258
('out:    ', '[0.997 ]')
('correct:', '[1     ]')
error:  0.00000350
('out:    ', '[0.95  ]')
('correct:', '[0     ]')
error:  0.45104507
('out:    ', '[0.808 ]')
('correct:', '[1     ]')
error:  0.01841112
('out:    ', '[0.995 ]')
('correct:', '[1     ]')
error:  0.00001199
('out:    ', '[0.896 ]')
('correct:', '[1     ]')
error:  0.00538490
('out:    ', '[0.996 ]')
('correct:', '[1     ]')
error:  0.00000676
('out:    ', '[0.971 ]')
('correct:', '[1     ]')
error:  0.00042966
('out:    ', '[0.988 ]')
('correct:', '[1     ]')
error:  0.00006881
('out:    ', '[0.965 ]')
('correct:', '[1     ]')
error:  0.00062577
('out:    ', '[0.974 ]')
('correct:', '[1     ]')
error:  0.00033054
('out:    ', '[0.977 ]')
('correct:', '[1     ]')
error:  0.00027512
('out:    ', '[0.988 ]')
('correct:', '[1     ]')
error:  0.00007215
('out:    ', '[0.982 ]')
('correct:', '[1     ]')
error:  0.00016004
('out:    ', '[0.971 ]')
('correct:', '[1     ]')
error:  0.00040875
('out:    ', '[0.99  ]')
('correct:', '[1     ]')
error:  0.00005343
('out:    ', '[0.895 ]')
('correct:', '[1     ]')
error:  0.00551241
('out:    ', '[0.998 ]')
('correct:', '[1     ]')
error:  0.00000164
('out:    ', '[0.997 ]')
('correct:', '[1     ]')
error:  0.00000609
('out:    ', '[0.99  ]')
('correct:', '[1     ]')
error:  0.00004827
('out:    ', '[0.991 ]')
('correct:', '[1     ]')
error:  0.00004413
('out:    ', '[0.997 ]')
('correct:', '[1     ]')
error:  0.00000482
('out:    ', '[0.991 ]')
('correct:', '[1     ]')
error:  0.00003866
('out:    ', '[0.996 ]')
('correct:', '[1     ]')
error:  0.00000866
('out:    ', '[0.779 ]')
('correct:', '[1     ]')
error:  0.02433253
('out:    ', '[0.991 ]')
('correct:', '[1     ]')
error:  0.00004206
('out:    ', '[0.822 ]')
('correct:', '[1     ]')
error:  0.01579343
('out:    ', '[0.995 ]')
('correct:', '[1     ]')
error:  0.00001117
('out:    ', '[0.993 ]')
('correct:', '[1     ]')
error:  0.00002545
('out:    ', '[0.982 ]')
('correct:', '[1     ]')
error:  0.00015731
('out:    ', '[0.993 ]')
('correct:', '[1     ]')
error:  0.00002704
('out:    ', '[0.963 ]')
('correct:', '[1     ]')
error:  0.00067141
('out:    ', '[0.995 ]')
('correct:', '[1     ]')
error:  0.00001377
('out:    ', '[0.96  ]')
('correct:', '[1     ]')
error:  0.00081030
('out:    ', '[0.997 ]')
('correct:', '[1     ]')
error:  0.00000347
('out:    ', '[0.994 ]')
('correct:', '[1     ]')
error:  0.00001721
('out:    ', '[0.688 ]')
('correct:', '[1     ]')
error:  0.04874350
('out:    ', '[0.96  ]')
('correct:', '[1     ]')
error:  0.00079800
('out:    ', '[0.925 ]')
('correct:', '[1     ]')
error:  0.00281517
('out:    ', '[0.989 ]')
('correct:', '[1     ]')
error:  0.00005955
('out:    ', '[0.996 ]')
('correct:', '[1     ]')
error:  0.00000937
('out:    ', '[0.839 ]')
('correct:', '[1     ]')
error:  0.01303828
('out:    ', '[0.978 ]')
('correct:', '[1     ]')
error:  0.00024179
('out:    ', '[0.982 ]')
('correct:', '[1     ]')
error:  0.00016813
('out:    ', '[0.762 ]')
('correct:', '[1     ]')
error:  0.02838024
('out:    ', '[0.995 ]')
('correct:', '[1     ]')
error:  0.00001045
('out:    ', '[0.994 ]')
('correct:', '[1     ]')
error:  0.00001928
('out:    ', '[0.973 ]')
('correct:', '[1     ]')
error:  0.00036792
('out:    ', '[0.943 ]')
('correct:', '[1     ]')
error:  0.00164118
('out:    ', '[0.997 ]')
('correct:', '[1     ]')
error:  0.00000592
('out:    ', '[0.973 ]')
('correct:', '[1     ]')
error:  0.00036737
('out:    ', '[0.993 ]')
('correct:', '[1     ]')
error:  0.00002216
('out:    ', '[0.993 ]')
('correct:', '[1     ]')
error:  0.00002533
('out:    ', '[0.995 ]')
('correct:', '[1     ]')
error:  0.00001235
('out:    ', '[0.894 ]')
('correct:', '[1     ]')
error:  0.00563624
('out:    ', '[0.994 ]')
('correct:', '[1     ]')
error:  0.00001676
('out:    ', '[0.998 ]')
('correct:', '[1     ]')
error:  0.00000297
('out:    ', '[0.997 ]')
('correct:', '[1     ]')
error:  0.00000412
('out:    ', '[0.993 ]')
('correct:', '[1     ]')
error:  0.00002566
('out:    ', '[0.993 ]')
('correct:', '[1     ]')
error:  0.00002325
('out:    ', '[0.993 ]')
('correct:', '[1     ]')
error:  0.00002677
('out:    ', '[0.965 ]')
('correct:', '[1     ]')
error:  0.00061678
('out:    ', '[0.997 ]')
('correct:', '[1     ]')
error:  0.00000314
('out:    ', '[0.998 ]')
('correct:', '[1     ]')
error:  0.00000232
('out:    ', '[0.995 ]')
('correct:', '[1     ]')
error:  0.00001091
('out:    ', '[0.994 ]')
('correct:', '[1     ]')
error:  0.00001739
('out:    ', '[0.997 ]')
('correct:', '[1     ]')
error:  0.00000586
('out:    ', '[0.996 ]')
('correct:', '[1     ]')
error:  0.00001010
('out:    ', '[0.981 ]')
('correct:', '[1     ]')
error:  0.00017362
('out:    ', '[0.664 ]')
('correct:', '[1     ]')
error:  0.05640009
('out:    ', '[0.989 ]')
('correct:', '[1     ]')
error:  0.00005555
('out:    ', '[0.985 ]')
('correct:', '[1     ]')
error:  0.00011145
('out:    ', '[0.99  ]')
('correct:', '[1     ]')
error:  0.00005353
('out:    ', '[0.992 ]')
('correct:', '[1     ]')
error:  0.00002888
('out:    ', '[0.848 ]')
('correct:', '[1     ]')
error:  0.01151669
('out:    ', '[0.997 ]')
('correct:', '[1     ]')
error:  0.00000324
('out:    ', '[0.996 ]')
('correct:', '[1     ]')
error:  0.00000860
('out:    ', '[0.986 ]')
('correct:', '[1     ]')
error:  0.00009223
('out:    ', '[0.992 ]')
('correct:', '[1     ]')
error:  0.00003499
('out:    ', '[0.997 ]')
('correct:', '[1     ]')
error:  0.00000585
('out:    ', '[0.985 ]')
('correct:', '[1     ]')
error:  0.00010554
('out:    ', '[0.989 ]')
('correct:', '[1     ]')
error:  0.00005881
('out:    ', '[0.885 ]')
('correct:', '[1     ]')
error:  0.00656885
('out:    ', '[0.994 ]')
('correct:', '[1     ]')
error:  0.00001676
('out:    ', '[0.664 ]')
('correct:', '[1     ]')
error:  0.05645188
('out:    ', '[0.997 ]')
('correct:', '[1     ]')
error:  0.00000414
('out:    ', '[0.946 ]')
('correct:', '[1     ]')
error:  0.00148125
('out:    ', '[0.997 ]')
('correct:', '[1     ]')
error:  0.00000370
('out:    ', '[0.996 ]')
('correct:', '[1     ]')
error:  0.00000821
('out:    ', '[0.995 ]')
('correct:', '[1     ]')
error:  0.00001176
('out:    ', '[0.998 ]')
('correct:', '[1     ]')
error:  0.00000263
('out:    ', '[0.981 ]')
('correct:', '[1     ]')
error:  0.00018202
('out:    ', '[0.994 ]')
('correct:', '[1     ]')
error:  0.00001792
('out:    ', '[0.993 ]')
('correct:', '[1     ]')
error:  0.00002720
('out:    ', '[0.968 ]')
('correct:', '[1     ]')
error:  0.00051589
('out:    ', '[0.996 ]')
('correct:', '[1     ]')
error:  0.00000666
('out:    ', '[0.997 ]')
('correct:', '[1     ]')
error:  0.00000602
('out:    ', '[0.993 ]')
('correct:', '[1     ]')
error:  0.00002344
('out:    ', '[0.998 ]')
('correct:', '[1     ]')
error:  0.00000278
('out:    ', '[0.995 ]')
('correct:', '[1     ]')
error:  0.00001180
('out:    ', '[0.935 ]')
('correct:', '[1     ]')
error:  0.00210592
('out:    ', '[0.992 ]')
('correct:', '[1     ]')
error:  0.00003416
('out:    ', '[0.968 ]')
('correct:', '[1     ]')
error:  0.00052660
('out:    ', '[0.997 ]')
('correct:', '[1     ]')
error:  0.00000506
('out:    ', '[0.991 ]')
('correct:', '[1     ]')
error:  0.00004011
('out:    ', '[0.996 ]')
('correct:', '[1     ]')
error:  0.00000619
('out:    ', '[0.992 ]')
('correct:', '[1     ]')
error:  0.00003260
('out:    ', '[0.996 ]')
('correct:', '[1     ]')
error:  0.00000894
('out:    ', '[0.99  ]')
('correct:', '[1     ]')
error:  0.00005003
('out:    ', '[0.994 ]')
('correct:', '[1     ]')
error:  0.00001866
('out:    ', '[0.994 ]')
('correct:', '[1     ]')
error:  0.00002092
('out:    ', '[0.99  ]')
('correct:', '[1     ]')
error:  0.00005184
('out:    ', '[0.995 ]')
('correct:', '[1     ]')
error:  0.00001149
('out:    ', '[0.992 ]')
('correct:', '[1     ]')
error:  0.00002867
('out:    ', '[0.973 ]')
('correct:', '[1     ]')
error:  0.00037028
('out:    ', '[0.991 ]')
('correct:', '[1     ]')
error:  0.00003837
('out:    ', '[0.997 ]')
('correct:', '[1     ]')
error:  0.00000597
('out:    ', '[0.974 ]')
('correct:', '[1     ]')
error:  0.00034608
('out:    ', '[0.997 ]')
('correct:', '[1     ]')
error:  0.00000491
('out:    ', '[0.898 ]')
('correct:', '[0     ]')
error:  0.40344575
('out:    ', '[0.989 ]')
('correct:', '[1     ]')
error:  0.00006495
('out:    ', '[0.981 ]')
('correct:', '[1     ]')
error:  0.00017725
('out:    ', '[0.996 ]')
('correct:', '[1     ]')
error:  0.00001010
('out:    ', '[0.993 ]')
('correct:', '[1     ]')
error:  0.00002655
('out:    ', '[0.994 ]')
('correct:', '[1     ]')
error:  0.00001668
('out:    ', '[0.98  ]')
('correct:', '[1     ]')
error:  0.00019946
('out:    ', '[0.92  ]')
('correct:', '[1     ]')
error:  0.00321116
('out:    ', '[0.998 ]')
('correct:', '[1     ]')
error:  0.00000149
('out:    ', '[0.993 ]')
('correct:', '[1     ]')
error:  0.00002490
('out:    ', '[0.995 ]')
('correct:', '[1     ]')
error:  0.00001334
('out:    ', '[0.993 ]')
('correct:', '[1     ]')
error:  0.00002411
('out:    ', '[0.974 ]')
('correct:', '[1     ]')
error:  0.00034891
('out:    ', '[0.992 ]')
('correct:', '[1     ]')
error:  0.00003040
('out:    ', '[0.998 ]')
('correct:', '[1     ]')
error:  0.00000230
('out:    ', '[0.974 ]')
('correct:', '[1     ]')
error:  0.00034727
('out:    ', '[0.997 ]')
('correct:', '[1     ]')
error:  0.00000379
('out:    ', '[0.994 ]')
('correct:', '[1     ]')
error:  0.00001816
('out:    ', '[0.995 ]')
('correct:', '[1     ]')
error:  0.00001212
('out:    ', '[0.995 ]')
('correct:', '[1     ]')
error:  0.00001268
('out:    ', '[0.989 ]')
('correct:', '[1     ]')
error:  0.00005523
('out:    ', '[0.878 ]')
('correct:', '[1     ]')
error:  0.00742994
('out:    ', '[0.984 ]')
('correct:', '[1     ]')
error:  0.00013111
('out:    ', '[0.821 ]')
('correct:', '[1     ]')
error:  0.01594181
('out:    ', '[0.996 ]')
('correct:', '[1     ]')
error:  0.00000913
('out:    ', '[0.998 ]')
('correct:', '[1     ]')
error:  0.00000278
('out:    ', '[0.954 ]')
('correct:', '[1     ]')
error:  0.00104936
('out:    ', '[0.979 ]')
('correct:', '[1     ]')
error:  0.00021499
('out:    ', '[0.994 ]')
('correct:', '[1     ]')
error:  0.00001609
('out:    ', '[0.998 ]')
('correct:', '[1     ]')
error:  0.00000302
('out:    ', '[0.987 ]')
('correct:', '[1     ]')
error:  0.00008330
('out:    ', '[0.989 ]')
('correct:', '[1     ]')
error:  0.00005954
('out:    ', '[0.988 ]')
('correct:', '[1     ]')
error:  0.00006838
('out:    ', '[0.993 ]')
('correct:', '[1     ]')
error:  0.00002519
('out:    ', '[0.996 ]')
('correct:', '[1     ]')
error:  0.00000645
('out:    ', '[0.998 ]')
('correct:', '[1     ]')
error:  0.00000279
('out:    ', '[0.978 ]')
('correct:', '[1     ]')
error:  0.00023298
('out:    ', '[0.987 ]')
('correct:', '[1     ]')
error:  0.00008672
('out:    ', '[0.991 ]')
('correct:', '[1     ]')
error:  0.00003635
('out:    ', '[0.991 ]')
('correct:', '[1     ]')
error:  0.00003971
('out:    ', '[0.98  ]')
('correct:', '[1     ]')
error:  0.00019993
('out:    ', '[0.995 ]')
('correct:', '[1     ]')
error:  0.00001033
('out:    ', '[0.998 ]')
('correct:', '[1     ]')
error:  0.00000284
('out:    ', '[0.997 ]')
('correct:', '[1     ]')
error:  0.00000400
('out:    ', '[0.998 ]')
('correct:', '[1     ]')
error:  0.00000180
('out:    ', '[0.908 ]')
('correct:', '[1     ]')
error:  0.00419368
('out:    ', '[0.987 ]')
('correct:', '[1     ]')
error:  0.00008717
('out:    ', '[0.984 ]')
('correct:', '[1     ]')
error:  0.00013201
('out:    ', '[0.983 ]')
('correct:', '[1     ]')
error:  0.00013744
('out:    ', '[0.994 ]')
('correct:', '[1     ]')
error:  0.00001619
('out:    ', '[0.953 ]')
('correct:', '[1     ]')
error:  0.00109155
('out:    ', '[0.996 ]')
('correct:', '[1     ]')
error:  0.00000677
('out:    ', '[0.989 ]')
('correct:', '[1     ]')
error:  0.00005926
('out:    ', '[0.997 ]')
('correct:', '[1     ]')
error:  0.00000421
('out:    ', '[0.997 ]')
('correct:', '[1     ]')
error:  0.00000354
('out:    ', '[0.996 ]')
('correct:', '[1     ]')
error:  0.00000849
('out:    ', '[0.945 ]')
('correct:', '[1     ]')
error:  0.00149820
('out:    ', '[0.979 ]')
('correct:', '[1     ]')
error:  0.00021766
('out:    ', '[0.995 ]')
('correct:', '[1     ]')
error:  0.00001355
('out:    ', '[0.985 ]')
('correct:', '[1     ]')
error:  0.00010894
('out:    ', '[0.994 ]')
('correct:', '[1     ]')
error:  0.00001711
('out:    ', '[0.988 ]')
('correct:', '[1     ]')
error:  0.00007630
('out:    ', '[0.972 ]')
('correct:', '[1     ]')
error:  0.00038761
('out:    ', '[0.993 ]')
('correct:', '[1     ]')
error:  0.00002764
('out:    ', '[0.594 ]')
('correct:', '[0     ]')
error:  0.17630388
('out:    ', '[0.996 ]')
('correct:', '[1     ]')
error:  0.00000706
('out:    ', '[0.889 ]')
('correct:', '[1     ]')
error:  0.00620031
('out:    ', '[0.967 ]')
('correct:', '[1     ]')
error:  0.00055473
('out:    ', '[0.996 ]')
('correct:', '[1     ]')
error:  0.00001000
('out:    ', '[0.994 ]')
('correct:', '[1     ]')
error:  0.00001823
('out:    ', '[0.996 ]')
('correct:', '[1     ]')
error:  0.00000750
('out:    ', '[0.993 ]')
('correct:', '[1     ]')
error:  0.00002795
('out:    ', '[0.985 ]')
('correct:', '[1     ]')
error:  0.00011101
('out:    ', '[0.986 ]')
('correct:', '[1     ]')
error:  0.00009133
('out:    ', '[0.986 ]')
('correct:', '[1     ]')
error:  0.00009994
('out:    ', '[0.985 ]')
('correct:', '[1     ]')
error:  0.00011348
('out:    ', '[0.996 ]')
('correct:', '[1     ]')
error:  0.00000751
('out:    ', '[0.997 ]')
('correct:', '[1     ]')
error:  0.00000547
('out:    ', '[0.993 ]')
('correct:', '[1     ]')
error:  0.00002330
('out:    ', '[0.995 ]')
('correct:', '[1     ]')
error:  0.00001236
('out:    ', '[0.912 ]')
('correct:', '[1     ]')
error:  0.00384161
('out:    ', '[0.774 ]')
('correct:', '[1     ]')
error:  0.02554103
('out:    ', '[0.996 ]')
('correct:', '[1     ]')
error:  0.00000778
('out:    ', '[0.985 ]')
('correct:', '[1     ]')
error:  0.00011897
('out:    ', '[0.975 ]')
('correct:', '[1     ]')
error:  0.00030368
('out:    ', '[0.987 ]')
('correct:', '[1     ]')
error:  0.00008698
('out:    ', '[0.995 ]')
('correct:', '[1     ]')
error:  0.00001231
('out:    ', '[0.932 ]')
('correct:', '[1     ]')
error:  0.00233340
('out:    ', '[0.993 ]')
('correct:', '[1     ]')
error:  0.00002315
('out:    ', '[0.988 ]')
('correct:', '[1     ]')
error:  0.00006974
('out:    ', '[0.993 ]')
('correct:', '[1     ]')
error:  0.00002320
('out:    ', '[0.994 ]')
('correct:', '[1     ]')
error:  0.00001845
('out:    ', '[0.993 ]')
('correct:', '[1     ]')
error:  0.00002333
('out:    ', '[0.742 ]')
('correct:', '[1     ]')
error:  0.03336814
('out:    ', '[0.997 ]')
('correct:', '[1     ]')
error:  0.00000411
('out:    ', '[0.995 ]')
('correct:', '[1     ]')
error:  0.00001133
('out:    ', '[0.993 ]')
('correct:', '[1     ]')
error:  0.00002355
('out:    ', '[0.988 ]')
('correct:', '[1     ]')
error:  0.00007474
('out:    ', '[0.994 ]')
('correct:', '[1     ]')
error:  0.00001713
('out:    ', '[0.99  ]')
('correct:', '[1     ]')
error:  0.00005258
('out:    ', '[0.998 ]')
('correct:', '[1     ]')
error:  0.00000287
('out:    ', '[0.994 ]')
('correct:', '[1     ]')
error:  0.00001713
('out:    ', '[0.996 ]')
('correct:', '[1     ]')
error:  0.00000926
('out:    ', '[0.997 ]')
('correct:', '[1     ]')
error:  0.00000506
('out:    ', '[0.986 ]')
('correct:', '[1     ]')
error:  0.00009570
('out:    ', '[0.989 ]')
('correct:', '[1     ]')
error:  0.00005850
('out:    ', '[0.998 ]')
('correct:', '[1     ]')
error:  0.00000201
('out:    ', '[0.992 ]')
('correct:', '[1     ]')
error:  0.00003313
('out:    ', '[0.982 ]')
('correct:', '[1     ]')
error:  0.00016757
('out:    ', '[0.995 ]')
('correct:', '[1     ]')
error:  0.00001480
('out:    ', '[0.971 ]')
('correct:', '[1     ]')
error:  0.00042188
('out:    ', '[0.983 ]')
('correct:', '[1     ]')
error:  0.00013822
('out:    ', '[0.995 ]')
('correct:', '[1     ]')
error:  0.00001115
('out:    ', '[0.988 ]')
('correct:', '[1     ]')
error:  0.00007451
('out:    ', '[0.991 ]')
('correct:', '[1     ]')
error:  0.00004206
('out:    ', '[0.995 ]')
('correct:', '[1     ]')
error:  0.00001280
('out:    ', '[0.969 ]')
('correct:', '[1     ]')
error:  0.00049073
('out:    ', '[0.995 ]')
('correct:', '[1     ]')
error:  0.00001051
('out:    ', '[0.985 ]')
('correct:', '[1     ]')
error:  0.00011121
('out:    ', '[0.997 ]')
('correct:', '[1     ]')
error:  0.00000343
('out:    ', '[0.985 ]')
('correct:', '[1     ]')
error:  0.00010893
('out:    ', '[0.998 ]')
('correct:', '[1     ]')
error:  0.00000274
('out:    ', '[0.993 ]')
('correct:', '[1     ]')
error:  0.00002682
('out:    ', '[0.958 ]')
('correct:', '[1     ]')
error:  0.00090195
('out:    ', '[0.996 ]')
('correct:', '[1     ]')
error:  0.00000710
('out:    ', '[0.992 ]')
('correct:', '[1     ]')
error:  0.00003366
('out:    ', '[0.996 ]')
('correct:', '[1     ]')
error:  0.00000997
('out:    ', '[0.997 ]')
('correct:', '[1     ]')
error:  0.00000355
('out:    ', '[0.994 ]')
('correct:', '[1     ]')
error:  0.00001958
('out:    ', '[0.976 ]')
('correct:', '[1     ]')
error:  0.00029157
('out:    ', '[0.993 ]')
('correct:', '[1     ]')
error:  0.00002294
('out:    ', '[0.984 ]')
('correct:', '[1     ]')
error:  0.00012258
('out:    ', '[0.997 ]')
('correct:', '[1     ]')
error:  0.00000356
('out:    ', '[0.997 ]')
('correct:', '[1     ]')
error:  0.00000591
('out:    ', '[0.994 ]')
('correct:', '[1     ]')
error:  0.00001708
('out:    ', '[0.996 ]')
('correct:', '[1     ]')
error:  0.00000904
('out:    ', '[0.995 ]')
('correct:', '[1     ]')
error:  0.00001155
('out:    ', '[0.998 ]')
('correct:', '[1     ]')
error:  0.00000137
('out:    ', '[0.679 ]')
('correct:', '[0     ]')
error:  0.23020609
('out:    ', '[0.987 ]')
('correct:', '[1     ]')
error:  0.00008090
('out:    ', '[0.989 ]')
('correct:', '[1     ]')
error:  0.00006075
('out:    ', '[0.944 ]')
('correct:', '[1     ]')
error:  0.00154394
('out:    ', '[0.997 ]')
('correct:', '[1     ]')
error:  0.00000549
('out:    ', '[0.998 ]')
('correct:', '[1     ]')
error:  0.00000246
('out:    ', '[0.991 ]')
('correct:', '[1     ]')
error:  0.00004199
('out:    ', '[0.973 ]')
('correct:', '[1     ]')
error:  0.00036855
('out:    ', '[0.992 ]')
('correct:', '[1     ]')
error:  0.00003319
('out:    ', '[0.984 ]')
('correct:', '[1     ]')
error:  0.00012351
('out:    ', '[0.358 ]')
('correct:', '[1     ]')
error:  0.20622673
('out:    ', '[0.992 ]')
('correct:', '[1     ]')
error:  0.00003526
('out:    ', '[0.766 ]')
('correct:', '[1     ]')
error:  0.02746048
('out:    ', '[0.998 ]')
('correct:', '[1     ]')
error:  0.00000268
('out:    ', '[0.993 ]')
('correct:', '[1     ]')
error:  0.00002279
('out:    ', '[0.996 ]')
('correct:', '[1     ]')
error:  0.00000864
('out:    ', '[0.994 ]')
('correct:', '[1     ]')
error:  0.00002099
('out:    ', '[0.994 ]')
('correct:', '[1     ]')
error:  0.00001614
('out:    ', '[0.99  ]')
('correct:', '[1     ]')
error:  0.00004713
('out:    ', '[0.909 ]')
('correct:', '[1     ]')
error:  0.00412323
('out:    ', '[0.992 ]')
('correct:', '[1     ]')
error:  0.00003461
('out:    ', '[0.997 ]')
('correct:', '[1     ]')
error:  0.00000583
('out:    ', '[0.994 ]')
('correct:', '[1     ]')
error:  0.00001969
('out:    ', '[0.994 ]')
('correct:', '[1     ]')
error:  0.00001694
('out:    ', '[0.993 ]')
('correct:', '[1     ]')
error:  0.00002690
('out:    ', '[0.997 ]')
('correct:', '[1     ]')
error:  0.00000460
('out:    ', '[0.979 ]')
('correct:', '[1     ]')
error:  0.00022064
('out:    ', '[0.988 ]')
('correct:', '[1     ]')
error:  0.00006898
('out:    ', '[0.726 ]')
('correct:', '[1     ]')
error:  0.03763206
('out:    ', '[0.992 ]')
('correct:', '[1     ]')
error:  0.00003137
('out:    ', '[0.987 ]')
('correct:', '[1     ]')
error:  0.00009107
('out:    ', '[0.991 ]')
('correct:', '[1     ]')
error:  0.00003888
('out:    ', '[0.998 ]')
('correct:', '[1     ]')
error:  0.00000279
('out:    ', '[0.993 ]')
('correct:', '[1     ]')
error:  0.00002276
('out:    ', '[0.998 ]')
('correct:', '[1     ]')
error:  0.00000274
('out:    ', '[0.995 ]')
('correct:', '[1     ]')
error:  0.00001233
('out:    ', '[0.997 ]')
('correct:', '[1     ]')
error:  0.00000464
('out:    ', '[0.996 ]')
('correct:', '[1     ]')
error:  0.00000682
('out:    ', '[0.969 ]')
('correct:', '[1     ]')
error:  0.00047226
('out:    ', '[0.986 ]')
('correct:', '[1     ]')
error:  0.00010404
('out:    ', '[0.998 ]')
('correct:', '[1     ]')
error:  0.00000299
('out:    ', '[0.994 ]')
('correct:', '[1     ]')
error:  0.00001562
('out:    ', '[0.993 ]')
('correct:', '[1     ]')
error:  0.00002205
('out:    ', '[0.998 ]')
('correct:', '[1     ]')
error:  0.00000210
('out:    ', '[0.979 ]')
('correct:', '[1     ]')
error:  0.00021514
('out:    ', '[0.994 ]')
('correct:', '[1     ]')
error:  0.00001642
('out:    ', '[0.985 ]')
('correct:', '[1     ]')
error:  0.00011186
('out:    ', '[0.997 ]')
('correct:', '[1     ]')
error:  0.00000597
('out:    ', '[0.993 ]')
('correct:', '[1     ]')
error:  0.00002236
('out:    ', '[0.987 ]')
('correct:', '[1     ]')
error:  0.00008571
('out:    ', '[0.866 ]')
('correct:', '[1     ]')
error:  0.00900848
('out:    ', '[0.99  ]')
('correct:', '[1     ]')
error:  0.00005289
('out:    ', '[0.998 ]')
('correct:', '[1     ]')
error:  0.00000271
('out:    ', '[0.727 ]')
('correct:', '[1     ]')
error:  0.03729618
('out:    ', '[0.994 ]')
('correct:', '[1     ]')
error:  0.00001637
('out:    ', '[0.995 ]')
('correct:', '[1     ]')
error:  0.00001176
('out:    ', '[0.997 ]')
('correct:', '[1     ]')
error:  0.00000584
('out:    ', '[0.205 ]')
('correct:', '[0     ]')
error:  0.02101183
('out:    ', '[0.99  ]')
('correct:', '[1     ]')
error:  0.00005254
('out:    ', '[0.994 ]')
('correct:', '[1     ]')
error:  0.00001727
('out:    ', '[0.994 ]')
('correct:', '[1     ]')
error:  0.00001653
('out:    ', '[0.997 ]')
('correct:', '[1     ]')
error:  0.00000354
('out:    ', '[0.986 ]')
('correct:', '[1     ]')
error:  0.00009274
('out:    ', '[0.995 ]')
('correct:', '[1     ]')
error:  0.00001041
('out:    ', '[0.993 ]')
('correct:', '[1     ]')
error:  0.00002434
('out:    ', '[0.991 ]')
('correct:', '[1     ]')
error:  0.00003802
('out:    ', '[0.965 ]')
('correct:', '[1     ]')
error:  0.00059586
('out:    ', '[0.992 ]')
('correct:', '[1     ]')
error:  0.00003611
('out:    ', '[0.997 ]')
('correct:', '[1     ]')
error:  0.00000520
('out:    ', '[0.996 ]')
('correct:', '[1     ]')
error:  0.00000967
('out:    ', '[0.976 ]')
('correct:', '[1     ]')
error:  0.00028138
('out:    ', '[0.996 ]')
('correct:', '[1     ]')
error:  0.00000994
('out:    ', '[0.987 ]')
('correct:', '[1     ]')
error:  0.00008128
('out:    ', '[0.994 ]')
('correct:', '[1     ]')
error:  0.00001648
('out:    ', '[0.992 ]')
('correct:', '[1     ]')
error:  0.00002864
('out:    ', '[0.996 ]')
('correct:', '[1     ]')
error:  0.00000780
('out:    ', '[0.993 ]')
('correct:', '[1     ]')
error:  0.00002140
('out:    ', '[0.989 ]')
('correct:', '[1     ]')
error:  0.00005885
('out:    ', '[0.995 ]')
('correct:', '[1     ]')
error:  0.00001168
('out:    ', '[0.985 ]')
('correct:', '[1     ]')
error:  0.00010808
('out:    ', '[0.998 ]')
('correct:', '[1     ]')
error:  0.00000201
('out:    ', '[0.933 ]')
('correct:', '[1     ]')
error:  0.00223088
('out:    ', '[0.994 ]')
('correct:', '[1     ]')
error:  0.00001602
('out:    ', '[0.969 ]')
('correct:', '[1     ]')
error:  0.00048254
('out:    ', '[0.996 ]')
('correct:', '[1     ]')
error:  0.00000745
('out:    ', '[0.855 ]')
('correct:', '[1     ]')
error:  0.01052143
('out:    ', '[0.99  ]')
('correct:', '[1     ]')
error:  0.00004589
('out:    ', '[0.994 ]')
('correct:', '[1     ]')
error:  0.00001644
('out:    ', '[0.898 ]')
('correct:', '[1     ]')
error:  0.00518533
('out:    ', '[0.996 ]')
('correct:', '[1     ]')
error:  0.00000863
('out:    ', '[0.977 ]')
('correct:', '[1     ]')
error:  0.00025949
('out:    ', '[0.959 ]')
('correct:', '[1     ]')
error:  0.00084223
('out:    ', '[0.994 ]')
('correct:', '[1     ]')
error:  0.00001551
('out:    ', '[0.994 ]')
('correct:', '[1     ]')
error:  0.00001783
('out:    ', '[0.998 ]')
('correct:', '[1     ]')
error:  0.00000205
('out:    ', '[0.997 ]')
('correct:', '[1     ]')
error:  0.00000604
('out:    ', '[0.993 ]')
('correct:', '[1     ]')
error:  0.00002625
('out:    ', '[0.992 ]')
('correct:', '[1     ]')
error:  0.00003392
('out:    ', '[0.979 ]')
('correct:', '[1     ]')
error:  0.00023025
('out:    ', '[0.973 ]')
('correct:', '[1     ]')
error:  0.00035613
('out:    ', '[0.998 ]')
('correct:', '[1     ]')
error:  0.00000172
('out:    ', '[0.995 ]')
('correct:', '[1     ]')
error:  0.00001254
('out:    ', '[0.998 ]')
('correct:', '[1     ]')
error:  0.00000312
('out:    ', '[0.994 ]')
('correct:', '[1     ]')
error:  0.00001723
('out:    ', '[0.998 ]')
('correct:', '[1     ]')
error:  0.00000235
('out:    ', '[0.993 ]')
('correct:', '[1     ]')
error:  0.00002265
('out:    ', '[0.994 ]')
('correct:', '[1     ]')
error:  0.00001756
('out:    ', '[0.995 ]')
('correct:', '[1     ]')
error:  0.00001067
('out:    ', '[0.985 ]')
('correct:', '[1     ]')
error:  0.00011363
('out:    ', '[0.986 ]')
('correct:', '[1     ]')
error:  0.00010035
('out:    ', '[0.996 ]')
('correct:', '[1     ]')
error:  0.00000629
('out:    ', '[0.895 ]')
('correct:', '[1     ]')
error:  0.00547533
('out:    ', '[0.995 ]')
('correct:', '[1     ]')
error:  0.00001067
('out:    ', '[0.994 ]')
('correct:', '[1     ]')
error:  0.00001793
('out:    ', '[0.995 ]')
('correct:', '[1     ]')
error:  0.00001161
('out:    ', '[0.996 ]')
('correct:', '[1     ]')
error:  0.00000880
('out:    ', '[0.996 ]')
('correct:', '[1     ]')
error:  0.00000746
('out:    ', '[0.899 ]')
('correct:', '[1     ]')
error:  0.00513412
('out:    ', '[0.981 ]')
('correct:', '[1     ]')
error:  0.00017225
('out:    ', '[0.998 ]')
('correct:', '[1     ]')
error:  0.00000267
('out:    ', '[0.992 ]')
('correct:', '[1     ]')
error:  0.00003296
('out:    ', '[0.986 ]')
('correct:', '[1     ]')
error:  0.00009477
('out:    ', '[0.997 ]')
('correct:', '[1     ]')
error:  0.00000368
('out:    ', '[0.993 ]')
('correct:', '[1     ]')
error:  0.00002327
('out:    ', '[0.988 ]')
('correct:', '[1     ]')
error:  0.00007170
('out:    ', '[0.995 ]')
('correct:', '[1     ]')
error:  0.00001081
('out:    ', '[0.991 ]')
('correct:', '[1     ]')
error:  0.00004399
('out:    ', '[0.995 ]')
('correct:', '[1     ]')
error:  0.00001215
('out:    ', '[0.995 ]')
('correct:', '[1     ]')
error:  0.00001108
('out:    ', '[0.947 ]')
('correct:', '[0     ]')
error:  0.44826221
('out:    ', '[0.899 ]')
('correct:', '[1     ]')
error:  0.00507513
('out:    ', '[0.944 ]')
('correct:', '[1     ]')
error:  0.00158606
('out:    ', '[0.802 ]')
('correct:', '[1     ]')
error:  0.01951194
('out:    ', '[0.998 ]')
('correct:', '[1     ]')
error:  0.00000278
('out:    ', '[0.893 ]')
('correct:', '[1     ]')
error:  0.00569087
('out:    ', '[0.995 ]')
('correct:', '[1     ]')
error:  0.00001371
('out:    ', '[0.998 ]')
('correct:', '[1     ]')
error:  0.00000187
('out:    ', '[0.62  ]')
('correct:', '[1     ]')
error:  0.07210486
('out:    ', '[0.941 ]')
('correct:', '[1     ]')
error:  0.00175673
('out:    ', '[0.965 ]')
('correct:', '[1     ]')
error:  0.00060765
('out:    ', '[0.995 ]')
('correct:', '[1     ]')
error:  0.00001264
('out:    ', '[0.996 ]')
('correct:', '[1     ]')
error:  0.00000833
('out:    ', '[0.997 ]')
('correct:', '[1     ]')
error:  0.00000426
('out:    ', '[0.991 ]')
('correct:', '[1     ]')
error:  0.00004416
('out:    ', '[0.991 ]')
('correct:', '[1     ]')
error:  0.00003815
('out:    ', '[0.958 ]')
('correct:', '[1     ]')
error:  0.00089407
('out:    ', '[0.984 ]')
('correct:', '[1     ]')
error:  0.00013342
('out:    ', '[0.974 ]')
('correct:', '[1     ]')
error:  0.00034367
('out:    ', '[0.957 ]')
('correct:', '[1     ]')
error:  0.00090852
('out:    ', '[0.671 ]')
('correct:', '[0     ]')
error:  0.22478688
('out:    ', '[0.995 ]')
('correct:', '[1     ]')
error:  0.00001063
('out:    ', '[0.974 ]')
('correct:', '[1     ]')
error:  0.00035025
('out:    ', '[0.998 ]')
('correct:', '[1     ]')
error:  0.00000233
('out:    ', '[0.976 ]')
('correct:', '[1     ]')
error:  0.00028513
('out:    ', '[0.996 ]')
('correct:', '[1     ]')
error:  0.00000706
('out:    ', '[0.826 ]')
('correct:', '[1     ]')
error:  0.01516843
('out:    ', '[0.989 ]')
('correct:', '[1     ]')
error:  0.00006561
('out:    ', '[0.993 ]')
('correct:', '[1     ]')
error:  0.00002539
('out:    ', '[0.993 ]')
('correct:', '[1     ]')
error:  0.00002767
('out:    ', '[0.997 ]')
('correct:', '[1     ]')
error:  0.00000584
('out:    ', '[0.945 ]')
('correct:', '[1     ]')
error:  0.00148931
('out:    ', '[0.994 ]')
('correct:', '[1     ]')
error:  0.00001628
('out:    ', '[0.983 ]')
('correct:', '[1     ]')
error:  0.00013969
('out:    ', '[0.998 ]')
('correct:', '[1     ]')
error:  0.00000275
('out:    ', '[0.995 ]')
('correct:', '[1     ]')
error:  0.00001257
('out:    ', '[0.978 ]')
('correct:', '[1     ]')
error:  0.00023666
('out:    ', '[0.982 ]')
('correct:', '[1     ]')
error:  0.00015523
('out:    ', '[0.973 ]')
('correct:', '[1     ]')
error:  0.00037114
('out:    ', '[0.992 ]')
('correct:', '[1     ]')
error:  0.00003560
('out:    ', '[0.957 ]')
('correct:', '[1     ]')
error:  0.00094205
('out:    ', '[0.921 ]')
('correct:', '[1     ]')
error:  0.00314217
('out:    ', '[0.997 ]')
('correct:', '[1     ]')
error:  0.00000493
('out:    ', '[0.991 ]')
('correct:', '[1     ]')
error:  0.00004046
('out:    ', '[0.989 ]')
('correct:', '[1     ]')
error:  0.00006387
('out:    ', '[0.997 ]')
('correct:', '[1     ]')
error:  0.00000585
('out:    ', '[0.994 ]')
('correct:', '[1     ]')
error:  0.00002095
('out:    ', '[0.845 ]')
('correct:', '[1     ]')
error:  0.01195790
('out:    ', '[0.998 ]')
('correct:', '[1     ]')
error:  0.00000277
('out:    ', '[0.98  ]')
('correct:', '[1     ]')
error:  0.00020842
('out:    ', '[0.993 ]')
('correct:', '[1     ]')
error:  0.00002341
('out:    ', '[0.997 ]')
('correct:', '[1     ]')
error:  0.00000344
('out:    ', '[0.636 ]')
('correct:', '[1     ]')
error:  0.06638294
('out:    ', '[0.944 ]')
('correct:', '[1     ]')
error:  0.00158475
('out:    ', '[0.993 ]')
('correct:', '[1     ]')
error:  0.00002339
('out:    ', '[0.99  ]')
('correct:', '[1     ]')
error:  0.00004889
('out:    ', '[0.986 ]')
('correct:', '[1     ]')
error:  0.00009692
('out:    ', '[0.993 ]')
('correct:', '[1     ]')
error:  0.00002529
('out:    ', '[0.991 ]')
('correct:', '[1     ]')
error:  0.00004460
('out:    ', '[0.977 ]')
('correct:', '[1     ]')
error:  0.00025417
('out:    ', '[0.997 ]')
('correct:', '[1     ]')
error:  0.00000549
('out:    ', '[0.993 ]')
('correct:', '[1     ]')
error:  0.00002277
('out:    ', '[0.998 ]')
('correct:', '[1     ]')
error:  0.00000285
('out:    ', '[0.997 ]')
('correct:', '[1     ]')
error:  0.00000396
('out:    ', '[0.998 ]')
('correct:', '[1     ]')
error:  0.00000312
('out:    ', '[0.78  ]')
('correct:', '[1     ]')
error:  0.02427408
('out:    ', '[0.987 ]')
('correct:', '[1     ]')
error:  0.00008430
('out:    ', '[0.662 ]')
('correct:', '[1     ]')
error:  0.05714855
('out:    ', '[0.995 ]')
('correct:', '[1     ]')
error:  0.00001035
('out:    ', '[0.877 ]')
('correct:', '[1     ]')
error:  0.00750520
('out:    ', '[0.994 ]')
('correct:', '[1     ]')
error:  0.00001782
('out:    ', '[0.994 ]')
('correct:', '[1     ]')
error:  0.00001638
('out:    ', '[0.984 ]')
('correct:', '[1     ]')
error:  0.00012138
('out:    ', '[0.767 ]')
('correct:', '[1     ]')
error:  0.02719458
('out:    ', '[0.993 ]')
('correct:', '[1     ]')
error:  0.00002756
('out:    ', '[0.993 ]')
('correct:', '[1     ]')
error:  0.00002720
('out:    ', '[0.997 ]')
('correct:', '[1     ]')
error:  0.00000526
('out:    ', '[0.997 ]')
('correct:', '[1     ]')
error:  0.00000575
('out:    ', '[0.992 ]')
('correct:', '[1     ]')
error:  0.00002889
('out:    ', '[0.995 ]')
('correct:', '[1     ]')
error:  0.00001411
('out:    ', '[0.936 ]')
('correct:', '[1     ]')
error:  0.00202073
('out:    ', '[0.993 ]')
('correct:', '[1     ]')
error:  0.00002505
('out:    ', '[0.995 ]')
('correct:', '[1     ]')
error:  0.00001038
('out:    ', '[0.986 ]')
('correct:', '[1     ]')
error:  0.00009802
('out:    ', '[0.86  ]')
('correct:', '[1     ]')
error:  0.00975690
('out:    ', '[0.994 ]')
('correct:', '[1     ]')
error:  0.00001765
('out:    ', '[0.997 ]')
('correct:', '[1     ]')
error:  0.00000366
('out:    ', '[0.989 ]')
('correct:', '[1     ]')
error:  0.00006099
('out:    ', '[0.986 ]')
('correct:', '[1     ]')
error:  0.00009738
('out:    ', '[0.983 ]')
('correct:', '[1     ]')
error:  0.00015119
('out:    ', '[0.995 ]')
('correct:', '[1     ]')
error:  0.00001174
('out:    ', '[0.907 ]')
('correct:', '[1     ]')
error:  0.00431093
('out:    ', '[0.995 ]')
('correct:', '[1     ]')
error:  0.00001366
('out:    ', '[0.996 ]')
('correct:', '[1     ]')
error:  0.00000896
('out:    ', '[0.996 ]')
('correct:', '[1     ]')
error:  0.00000911
('out:    ', '[0.984 ]')
('correct:', '[1     ]')
error:  0.00012933
('out:    ', '[0.997 ]')
('correct:', '[1     ]')
error:  0.00000453
('out:    ', '[0.994 ]')
('correct:', '[1     ]')
error:  0.00002086
('out:    ', '[0.982 ]')
('correct:', '[1     ]')
error:  0.00015354
('out:    ', '[0.986 ]')
('correct:', '[1     ]')
error:  0.00009717
('out:    ', '[0.981 ]')
('correct:', '[1     ]')
error:  0.00018400
('out:    ', '[0.986 ]')
('correct:', '[1     ]')
error:  0.00009742
('out:    ', '[0.998 ]')
('correct:', '[1     ]')
error:  0.00000261
('out:    ', '[0.996 ]')
('correct:', '[1     ]')
error:  0.00000815
('out:    ', '[0.997 ]')
('correct:', '[1     ]')
error:  0.00000402
('out:    ', '[0.995 ]')
('correct:', '[1     ]')
error:  0.00001178
('out:    ', '[0.995 ]')
('correct:', '[1     ]')
error:  0.00001117
('out:    ', '[0.994 ]')
('correct:', '[1     ]')
error:  0.00001590
('out:    ', '[0.998 ]')
('correct:', '[1     ]')
error:  0.00000292
('out:    ', '[0.995 ]')
('correct:', '[1     ]')
error:  0.00001500
('out:    ', '[0.995 ]')
('correct:', '[1     ]')
error:  0.00001041
('out:    ', '[0.993 ]')
('correct:', '[1     ]')
error:  0.00002374
('out:    ', '[0.957 ]')
('correct:', '[1     ]')
error:  0.00090803
('out:    ', '[0.954 ]')
('correct:', '[1     ]')
error:  0.00105928
('out:    ', '[0.998 ]')
('correct:', '[1     ]')
error:  0.00000221
('out:    ', '[0.986 ]')
('correct:', '[1     ]')
error:  0.00009781
('out:    ', '[0.994 ]')
('correct:', '[1     ]')
error:  0.00001888
('out:    ', '[0.982 ]')
('correct:', '[1     ]')
error:  0.00015482
('out:    ', '[0.997 ]')
('correct:', '[1     ]')
error:  0.00000580
('out:    ', '[0.959 ]')
('correct:', '[1     ]')
error:  0.00085180
('out:    ', '[0.963 ]')
('correct:', '[1     ]')
error:  0.00067043
('out:    ', '[0.997 ]')
('correct:', '[1     ]')
error:  0.00000319
('out:    ', '[0.987 ]')
('correct:', '[1     ]')
error:  0.00008814
('out:    ', '[0.974 ]')
('correct:', '[1     ]')
error:  0.00034124
('out:    ', '[0.994 ]')
('correct:', '[1     ]')
error:  0.00001917
('out:    ', '[0.995 ]')
('correct:', '[1     ]')
error:  0.00001106
('out:    ', '[0.997 ]')
('correct:', '[1     ]')
error:  0.00000432
('out:    ', '[0.986 ]')
('correct:', '[1     ]')
error:  0.00009191
('out:    ', '[0.991 ]')
('correct:', '[1     ]')
error:  0.00004358
('out:    ', '[0.998 ]')
('correct:', '[1     ]')
error:  0.00000246
('out:    ', '[0.99  ]')
('correct:', '[1     ]')
error:  0.00005097
('out:    ', '[0.92  ]')
('correct:', '[1     ]')
error:  0.00318864
('out:    ', '[0.995 ]')
('correct:', '[1     ]')
error:  0.00001113
('out:    ', '[0.991 ]')
('correct:', '[1     ]')
error:  0.00004332
('out:    ', '[0.983 ]')
('correct:', '[1     ]')
error:  0.00015084
('out:    ', '[0.988 ]')
('correct:', '[1     ]')
error:  0.00007015
('out:    ', '[0.778 ]')
('correct:', '[1     ]')
error:  0.02469195
('out:    ', '[0.977 ]')
('correct:', '[1     ]')
error:  0.00025510
('out:    ', '[0.882 ]')
('correct:', '[1     ]')
error:  0.00698049
('out:    ', '[0.995 ]')
('correct:', '[1     ]')
error:  0.00001038
('out:    ', '[0.976 ]')
('correct:', '[1     ]')
error:  0.00028845
('out:    ', '[0.992 ]')
('correct:', '[1     ]')
error:  0.00002990
('out:    ', '[0.996 ]')
('correct:', '[1     ]')
error:  0.00000676
('out:    ', '[0.937 ]')
('correct:', '[1     ]')
error:  0.00196831
('out:    ', '[0.996 ]')
('correct:', '[1     ]')
error:  0.00000889
('out:    ', '[0.995 ]')
('correct:', '[1     ]')
error:  0.00001289
('out:    ', '[0.988 ]')
('correct:', '[1     ]')
error:  0.00006724
('out:    ', '[0.994 ]')
('correct:', '[1     ]')
error:  0.00002073
('out:    ', '[0.859 ]')
('correct:', '[1     ]')
error:  0.00995814
('out:    ', '[0.988 ]')
('correct:', '[1     ]')
error:  0.00007545
('out:    ', '[0.995 ]')
('correct:', '[1     ]')
error:  0.00001065
('out:    ', '[0.997 ]')
('correct:', '[1     ]')
error:  0.00000531
('out:    ', '[0.991 ]')
('correct:', '[1     ]')
error:  0.00003988
('out:    ', '[0.93  ]')
('correct:', '[1     ]')
error:  0.00242216
('out:    ', '[0.93  ]')
('correct:', '[1     ]')
error:  0.00241828
('out:    ', '[0.993 ]')
('correct:', '[1     ]')
error:  0.00002584
('out:    ', '[0.998 ]')
('correct:', '[1     ]')
error:  0.00000239
('out:    ', '[0.975 ]')
('correct:', '[1     ]')
error:  0.00031543
('out:    ', '[0.998 ]')
('correct:', '[1     ]')
error:  0.00000199
('out:    ', '[0.979 ]')
('correct:', '[1     ]')
error:  0.00021178
('out:    ', '[0.994 ]')
('correct:', '[1     ]')
error:  0.00001902
('out:    ', '[0.991 ]')
('correct:', '[1     ]')
error:  0.00004383
('out:    ', '[0.994 ]')
('correct:', '[1     ]')
error:  0.00001653
('out:    ', '[0.998 ]')
('correct:', '[1     ]')
error:  0.00000285
('out:    ', '[0.898 ]')
('correct:', '[1     ]')
error:  0.00517109
('out:    ', '[0.988 ]')
('correct:', '[1     ]')
error:  0.00007744
('out:    ', '[0.997 ]')
('correct:', '[1     ]')
error:  0.00000496
('out:    ', '[0.991 ]')
('correct:', '[1     ]')
error:  0.00003807
('out:    ', '[0.995 ]')
('correct:', '[1     ]')
error:  0.00001021
('out:    ', '[0.998 ]')
('correct:', '[1     ]')
error:  0.00000219
('out:    ', '[0.998 ]')
('correct:', '[1     ]')
error:  0.00000182
('out:    ', '[0.998 ]')
('correct:', '[1     ]')
error:  0.00000201
('out:    ', '[0.994 ]')
('correct:', '[1     ]')
error:  0.00002077
('out:    ', '[0.997 ]')
('correct:', '[1     ]')
error:  0.00000323
('out:    ', '[0.997 ]')
('correct:', '[1     ]')
error:  0.00000382
('out:    ', '[0.989 ]')
('correct:', '[1     ]')
error:  0.00006389
('out:    ', '[0.988 ]')
('correct:', '[1     ]')
error:  0.00007571
('out:    ', '[0.988 ]')
('correct:', '[1     ]')
error:  0.00006746
('out:    ', '[0.985 ]')
('correct:', '[1     ]')
error:  0.00011591
('out:    ', '[0.997 ]')
('correct:', '[1     ]')
error:  0.00000316
('out:    ', '[0.986 ]')
('correct:', '[1     ]')
error:  0.00009512
('out:    ', '[0.994 ]')
('correct:', '[1     ]')
error:  0.00001902
('out:    ', '[0.987 ]')
('correct:', '[1     ]')
error:  0.00008957
('out:    ', '[0.981 ]')
('correct:', '[1     ]')
error:  0.00017479
('out:    ', '[0.996 ]')
('correct:', '[1     ]')
error:  0.00000999
('out:    ', '[0.993 ]')
('correct:', '[1     ]')
error:  0.00002399
('out:    ', '[0.992 ]')
('correct:', '[1     ]')
error:  0.00003360
('out:    ', '[0.988 ]')
('correct:', '[1     ]')
error:  0.00007336
('out:    ', '[0.9   ]')
('correct:', '[1     ]')
error:  0.00497793
('out:    ', '[0.995 ]')
('correct:', '[1     ]')
error:  0.00001092
('out:    ', '[0.992 ]')
('correct:', '[1     ]')
error:  0.00003243
('out:    ', '[0.992 ]')
('correct:', '[0     ]')
error:  0.49234667
('out:    ', '[0.987 ]')
('correct:', '[1     ]')
error:  0.00008072
('out:    ', '[0.997 ]')
('correct:', '[1     ]')
error:  0.00000400
('out:    ', '[0.992 ]')
('correct:', '[1     ]')
error:  0.00003064
('out:    ', '[0.994 ]')
('correct:', '[1     ]')
error:  0.00001651
('out:    ', '[0.995 ]')
('correct:', '[1     ]')
error:  0.00001093
('out:    ', '[0.997 ]')
('correct:', '[1     ]')
error:  0.00000358
('out:    ', '[0.992 ]')
('correct:', '[1     ]')
error:  0.00002864
('out:    ', '[0.993 ]')
('correct:', '[1     ]')
error:  0.00002553
('out:    ', '[0.993 ]')
('correct:', '[1     ]')
error:  0.00002423
('out:    ', '[0.993 ]')
('correct:', '[1     ]')
error:  0.00002660
('out:    ', '[0.995 ]')
('correct:', '[1     ]')
error:  0.00001029
('out:    ', '[0.998 ]')
('correct:', '[1     ]')
error:  0.00000262
('out:    ', '[0.995 ]')
('correct:', '[1     ]')
error:  0.00001044
('out:    ', '[0.985 ]')
('correct:', '[1     ]')
error:  0.00011310
('out:    ', '[0.994 ]')
('correct:', '[1     ]')
error:  0.00001633
('out:    ', '[0.998 ]')
('correct:', '[1     ]')
error:  0.00000293
('out:    ', '[0.928 ]')
('correct:', '[1     ]')
error:  0.00259216
('out:    ', '[0.994 ]')
('correct:', '[1     ]')
error:  0.00001742
('out:    ', '[0.994 ]')
('correct:', '[1     ]')
error:  0.00001649
('out:    ', '[0.996 ]')
('correct:', '[1     ]')
error:  0.00000885
('out:    ', '[0.993 ]')
('correct:', '[1     ]')
error:  0.00002366
('out:    ', '[0.997 ]')
('correct:', '[1     ]')
error:  0.00000319
('out:    ', '[0.998 ]')
('correct:', '[1     ]')
error:  0.00000264
('out:    ', '[0.993 ]')
('correct:', '[1     ]')
error:  0.00002538
('out:    ', '[0.995 ]')
('correct:', '[1     ]')
error:  0.00001098
('out:    ', '[0.994 ]')
('correct:', '[1     ]')
error:  0.00001706
('out:    ', '[0.993 ]')
('correct:', '[1     ]')
error:  0.00002337
('out:    ', '[0.994 ]')
('correct:', '[1     ]')
error:  0.00001683
('out:    ', '[0.996 ]')
('correct:', '[1     ]')
error:  0.00000882
('out:    ', '[0.979 ]')
('correct:', '[1     ]')
error:  0.00022969
('out:    ', '[0.992 ]')
('correct:', '[1     ]')
error:  0.00003420
('out:    ', '[0.993 ]')
('correct:', '[1     ]')
error:  0.00002447
('out:    ', '[0.989 ]')
('correct:', '[1     ]')
error:  0.00005550
('out:    ', '[0.998 ]')
('correct:', '[1     ]')
error:  0.00000289
('out:    ', '[0.991 ]')
('correct:', '[1     ]')
error:  0.00003861
('out:    ', '[0.974 ]')
('correct:', '[1     ]')
error:  0.00032633
('out:    ', '[0.998 ]')
('correct:', '[1     ]')
error:  0.00000282
('out:    ', '[0.957 ]')
('correct:', '[1     ]')
error:  0.00092477
('out:    ', '[0.715 ]')
('correct:', '[1     ]')
error:  0.04056363
('out:    ', '[0.782 ]')
('correct:', '[0     ]')
error:  0.30607121
('out:    ', '[0.985 ]')
('correct:', '[1     ]')
error:  0.00011872
('out:    ', '[0.996 ]')
('correct:', '[1     ]')
error:  0.00000818
('out:    ', '[0.994 ]')
('correct:', '[1     ]')
error:  0.00001731
('out:    ', '[0.995 ]')
('correct:', '[1     ]')
error:  0.00001179
('out:    ', '[0.992 ]')
('correct:', '[1     ]')
error:  0.00002834
('out:    ', '[0.997 ]')
('correct:', '[1     ]')
error:  0.00000398
('out:    ', '[0.997 ]')
('correct:', '[1     ]')
error:  0.00000572
('out:    ', '[0.985 ]')
('correct:', '[1     ]')
error:  0.00010662
('out:    ', '[0.998 ]')
('correct:', '[1     ]')
error:  0.00000243
('out:    ', '[0.994 ]')
('correct:', '[1     ]')
error:  0.00002068
('out:    ', '[0.985 ]')
('correct:', '[1     ]')
error:  0.00011034
('out:    ', '[0.991 ]')
('correct:', '[1     ]')
error:  0.00003621
('out:    ', '[0.996 ]')
('correct:', '[1     ]')
error:  0.00000724
('out:    ', '[0.992 ]')
('correct:', '[1     ]')
error:  0.00003040
('out:    ', '[0.691 ]')
('correct:', '[1     ]')
error:  0.04785903
('out:    ', '[0.997 ]')
('correct:', '[1     ]')
error:  0.00000525
('out:    ', '[0.973 ]')
('correct:', '[1     ]')
error:  0.00036739
('out:    ', '[0.993 ]')
('correct:', '[1     ]')
error:  0.00002179
('out:    ', '[0.982 ]')
('correct:', '[1     ]')
error:  0.00015924
('out:    ', '[0.989 ]')
('correct:', '[1     ]')
error:  0.00005842
('out:    ', '[0.993 ]')
('correct:', '[1     ]')
error:  0.00002172
('out:    ', '[0.998 ]')
('correct:', '[1     ]')
error:  0.00000229
('out:    ', '[0.991 ]')
('correct:', '[1     ]')
error:  0.00004443
('out:    ', '[0.974 ]')
('correct:', '[1     ]')
error:  0.00034836
('out:    ', '[0.986 ]')
('correct:', '[1     ]')
error:  0.00009586
('out:    ', '[0.998 ]')
('correct:', '[1     ]')
error:  0.00000279
('out:    ', '[0.661 ]')
('correct:', '[1     ]')
error:  0.05742326
('out:    ', '[0.994 ]')
('correct:', '[1     ]')
error:  0.00001895
('out:    ', '[0.992 ]')
('correct:', '[1     ]')
error:  0.00003374
('out:    ', '[0.953 ]')
('correct:', '[1     ]')
error:  0.00111114
('out:    ', '[0.99  ]')
('correct:', '[1     ]')
error:  0.00005147
('out:    ', '[0.993 ]')
('correct:', '[1     ]')
error:  0.00002297
('out:    ', '[0.654 ]')
('correct:', '[1     ]')
error:  0.05983980
('out:    ', '[0.995 ]')
('correct:', '[1     ]')
error:  0.00001034
('out:    ', '[0.995 ]')
('correct:', '[1     ]')
error:  0.00001062
('out:    ', '[0.992 ]')
('correct:', '[1     ]')
error:  0.00003188
('out:    ', '[0.974 ]')
('correct:', '[1     ]')
error:  0.00034328
('out:    ', '[0.996 ]')
('correct:', '[1     ]')
error:  0.00000867
('out:    ', '[0.857 ]')
('correct:', '[1     ]')
error:  0.01017788
('out:    ', '[0.798 ]')
('correct:', '[1     ]')
error:  0.02041973
('out:    ', '[0.995 ]')
('correct:', '[1     ]')
error:  0.00001144
('out:    ', '[0.997 ]')
('correct:', '[1     ]')
error:  0.00000375
('out:    ', '[0.979 ]')
('correct:', '[1     ]')
error:  0.00022604
('out:    ', '[0.992 ]')
('correct:', '[1     ]')
error:  0.00002912
('out:    ', '[0.811 ]')
('correct:', '[1     ]')
error:  0.01794570
('out:    ', '[0.976 ]')
('correct:', '[1     ]')
error:  0.00028605
('out:    ', '[0.723 ]')
('correct:', '[1     ]')
error:  0.03825916
('out:    ', '[0.995 ]')
('correct:', '[1     ]')
error:  0.00001052
('out:    ', '[0.997 ]')
('correct:', '[1     ]')
error:  0.00000378
('out:    ', '[0.984 ]')
('correct:', '[1     ]')
error:  0.00012622
('out:    ', '[0.987 ]')
('correct:', '[1     ]')
error:  0.00008196
('out:    ', '[0.996 ]')
('correct:', '[1     ]')
error:  0.00000965
('out:    ', '[0.997 ]')
('correct:', '[1     ]')
error:  0.00000478
('out:    ', '[0.858 ]')
('correct:', '[1     ]')
error:  0.01002640
('out:    ', '[0.998 ]')
('correct:', '[1     ]')
error:  0.00000279
('out:    ', '[0.993 ]')
('correct:', '[1     ]')
error:  0.00002537
('out:    ', '[0.991 ]')
('correct:', '[1     ]')
error:  0.00004240
('out:    ', '[0.996 ]')
('correct:', '[1     ]')
error:  0.00000829
('out:    ', '[0.997 ]')
('correct:', '[1     ]')
error:  0.00000347
('out:    ', '[0.998 ]')
('correct:', '[1     ]')
error:  0.00000194
('out:    ', '[0.998 ]')
('correct:', '[1     ]')
error:  0.00000170
('out:    ', '[0.997 ]')
('correct:', '[1     ]')
error:  0.00000580
('out:    ', '[0.817 ]')
('correct:', '[1     ]')
error:  0.01679816
('out:    ', '[0.987 ]')
('correct:', '[1     ]')
error:  0.00008920
('out:    ', '[0.993 ]')
('correct:', '[1     ]')
error:  0.00002394
('out:    ', '[0.994 ]')
('correct:', '[1     ]')
error:  0.00001675
('out:    ', '[0.995 ]')
('correct:', '[1     ]')
error:  0.00001396
('out:    ', '[0.994 ]')
('correct:', '[1     ]')
error:  0.00001710
('out:    ', '[0.961 ]')
('correct:', '[1     ]')
error:  0.00076754
('out:    ', '[0.998 ]')
('correct:', '[1     ]')
error:  0.00000166
('out:    ', '[0.948 ]')
('correct:', '[1     ]')
error:  0.00136517
('out:    ', '[0.995 ]')
('correct:', '[1     ]')
error:  0.00001501
('out:    ', '[0.996 ]')
('correct:', '[1     ]')
error:  0.00000866
('out:    ', '[0.995 ]')
('correct:', '[1     ]')
error:  0.00001367
('out:    ', '[0.994 ]')
('correct:', '[1     ]')
error:  0.00001638
('out:    ', '[0.992 ]')
('correct:', '[1     ]')
error:  0.00003079
('out:    ', '[0.986 ]')
('correct:', '[1     ]')
error:  0.00010116
('out:    ', '[0.962 ]')
('correct:', '[1     ]')
error:  0.00073496
('out:    ', '[0.989 ]')
('correct:', '[1     ]')
error:  0.00005640
('out:    ', '[0.989 ]')
('correct:', '[1     ]')
error:  0.00006362
('out:    ', '[0.984 ]')
('correct:', '[1     ]')
error:  0.00012177
('out:    ', '[0.994 ]')
('correct:', '[1     ]')
error:  0.00001779
('out:    ', '[0.998 ]')
('correct:', '[1     ]')
error:  0.00000287
('out:    ', '[0.998 ]')
('correct:', '[1     ]')
error:  0.00000276
('out:    ', '[0.973 ]')
('correct:', '[1     ]')
error:  0.00037063
('out:    ', '[0.996 ]')
('correct:', '[1     ]')
error:  0.00000637
('out:    ', '[0.993 ]')
('correct:', '[1     ]')
error:  0.00002682
('out:    ', '[0.994 ]')
('correct:', '[1     ]')
error:  0.00001605
('out:    ', '[0.994 ]')
('correct:', '[1     ]')
error:  0.00001655
('out:    ', '[0.925 ]')
('correct:', '[1     ]')
error:  0.00284577
('out:    ', '[0.993 ]')
('correct:', '[1     ]')
error:  0.00002311
('out:    ', '[0.991 ]')
('correct:', '[1     ]')
error:  0.00003942
('out:    ', '[0.987 ]')
('correct:', '[1     ]')
error:  0.00008456
('out:    ', '[0.985 ]')
('correct:', '[1     ]')
error:  0.00010519
('out:    ', '[0.996 ]')
('correct:', '[1     ]')
error:  0.00000719
('out:    ', '[0.995 ]')
('correct:', '[1     ]')
error:  0.00001136
('out:    ', '[0.994 ]')
('correct:', '[1     ]')
error:  0.00002028
('out:    ', '[0.986 ]')
('correct:', '[1     ]')
error:  0.00009932
('out:    ', '[0.992 ]')
('correct:', '[1     ]')
error:  0.00003108
('out:    ', '[0.995 ]')
('correct:', '[1     ]')
error:  0.00001345
('out:    ', '[0.833 ]')
('correct:', '[1     ]')
error:  0.01400081
('out:    ', '[0.992 ]')
('correct:', '[1     ]')
error:  0.00003387
('out:    ', '[0.993 ]')
('correct:', '[1     ]')
error:  0.00002255
('out:    ', '[0.996 ]')
('correct:', '[1     ]')
error:  0.00000758
('out:    ', '[0.988 ]')
('correct:', '[1     ]')
error:  0.00006684
('out:    ', '[0.994 ]')
('correct:', '[1     ]')
error:  0.00001917
('out:    ', '[0.998 ]')
('correct:', '[1     ]')
error:  0.00000211
('out:    ', '[0.947 ]')
('correct:', '[1     ]')
error:  0.00138090
('out:    ', '[0.987 ]')
('correct:', '[1     ]')
error:  0.00009035
('out:    ', '[0.978 ]')
('correct:', '[1     ]')
error:  0.00023480
('out:    ', '[0.998 ]')
('correct:', '[1     ]')
error:  0.00000238
('out:    ', '[0.808 ]')
('correct:', '[1     ]')
error:  0.01835638
('out:    ', '[0.992 ]')
('correct:', '[1     ]')
error:  0.00003345
('out:    ', '[0.991 ]')
('correct:', '[1     ]')
error:  0.00004252
('out:    ', '[0.995 ]')
('correct:', '[1     ]')
error:  0.00001188
('out:    ', '[0.969 ]')
('correct:', '[1     ]')
error:  0.00048575
('out:    ', '[0.99  ]')
('correct:', '[1     ]')
error:  0.00005111
('out:    ', '[0.997 ]')
('correct:', '[1     ]')
error:  0.00000475
('out:    ', '[0.557 ]')
('correct:', '[1     ]')
error:  0.09805217
('out:    ', '[0.988 ]')
('correct:', '[1     ]')
error:  0.00007035
('out:    ', '[0.633 ]')
('correct:', '[1     ]')
error:  0.06734301
('out:    ', '[0.937 ]')
('correct:', '[1     ]')
error:  0.00198069
('out:    ', '[0.998 ]')
('correct:', '[1     ]')
error:  0.00000209
('out:    ', '[0.993 ]')
('correct:', '[1     ]')
error:  0.00002161
('out:    ', '[0.997 ]')
('correct:', '[1     ]')
error:  0.00000370
('out:    ', '[0.989 ]')
('correct:', '[1     ]')
error:  0.00006476
('out:    ', '[0.985 ]')
('correct:', '[1     ]')
error:  0.00011570
('out:    ', '[0.995 ]')
('correct:', '[1     ]')
error:  0.00001206
('out:    ', '[0.995 ]')
('correct:', '[1     ]')
error:  0.00001357
('out:    ', '[0.975 ]')
('correct:', '[1     ]')
error:  0.00031900
('out:    ', '[0.983 ]')
('correct:', '[1     ]')
error:  0.00013938
('out:    ', '[0.986 ]')
('correct:', '[1     ]')
error:  0.00009560
('out:    ', '[0.958 ]')
('correct:', '[1     ]')
error:  0.00088793
('out:    ', '[0.995 ]')
('correct:', '[1     ]')
error:  0.00001253
('out:    ', '[0.997 ]')
('correct:', '[1     ]')
error:  0.00000364
('out:    ', '[0.998 ]')
('correct:', '[1     ]')
error:  0.00000292
('out:    ', '[0.992 ]')
('correct:', '[1     ]')
error:  0.00003441
('out:    ', '[0.995 ]')
('correct:', '[1     ]')
error:  0.00001035
('out:    ', '[0.648 ]')
('correct:', '[1     ]')
error:  0.06200933
('out:    ', '[0.998 ]')
('correct:', '[1     ]')
error:  0.00000202
('out:    ', '[0.99  ]')
('correct:', '[1     ]')
error:  0.00004841
('out:    ', '[0.937 ]')
('correct:', '[1     ]')
error:  0.00195898
('out:    ', '[0.811 ]')
('correct:', '[1     ]')
error:  0.01785484
('out:    ', '[0.984 ]')
('correct:', '[1     ]')
error:  0.00013223
('out:    ', '[0.909 ]')
('correct:', '[1     ]')
error:  0.00416018
('out:    ', '[0.997 ]')
('correct:', '[1     ]')
error:  0.00000459
('out:    ', '[0.814 ]')
('correct:', '[1     ]')
error:  0.01723914
('out:    ', '[0.984 ]')
('correct:', '[1     ]')
error:  0.00013395
('out:    ', '[0.996 ]')
('correct:', '[1     ]')
error:  0.00000943
('out:    ', '[0.754 ]')
('correct:', '[1     ]')
error:  0.03026177
('out:    ', '[0.998 ]')
('correct:', '[1     ]')
error:  0.00000231
('out:    ', '[0.998 ]')
('correct:', '[1     ]')
error:  0.00000292
('out:    ', '[0.987 ]')
('correct:', '[1     ]')
error:  0.00008630
('out:    ', '[0.936 ]')
('correct:', '[0     ]')
error:  0.43817672
('out:    ', '[0.992 ]')
('correct:', '[1     ]')
error:  0.00003171
('out:    ', '[0.997 ]')
('correct:', '[1     ]')
error:  0.00000576
('out:    ', '[0.998 ]')
('correct:', '[1     ]')
error:  0.00000151
('out:    ', '[0.988 ]')
('correct:', '[1     ]')
error:  0.00006968
('out:    ', '[0.997 ]')
('correct:', '[1     ]')
error:  0.00000367
('out:    ', '[0.996 ]')
('correct:', '[1     ]')
error:  0.00000639
('out:    ', '[0.993 ]')
('correct:', '[1     ]')
error:  0.00002247
('out:    ', '[0.995 ]')
('correct:', '[1     ]')
error:  0.00001266
('out:    ', '[0.993 ]')
('correct:', '[1     ]')
error:  0.00002587
('out:    ', '[0.997 ]')
('correct:', '[1     ]')
error:  0.00000373
('out:    ', '[0.994 ]')
('correct:', '[1     ]')
error:  0.00001631
('out:    ', '[0.994 ]')
('correct:', '[1     ]')
error:  0.00001748
('out:    ', '[0.994 ]')
('correct:', '[1     ]')
error:  0.00001960
('out:    ', '[0.991 ]')
('correct:', '[1     ]')
error:  0.00004410
('out:    ', '[0.922 ]')
('correct:', '[1     ]')
error:  0.00301844
('out:    ', '[0.986 ]')
('correct:', '[1     ]')
error:  0.00009656
('out:    ', '[0.992 ]')
('correct:', '[1     ]')
error:  0.00003432
('out:    ', '[0.863 ]')
('correct:', '[1     ]')
error:  0.00943394
('out:    ', '[0.98  ]')
('correct:', '[1     ]')
error:  0.00020112
('out:    ', '[0.997 ]')
('correct:', '[1     ]')
error:  0.00000533
('out:    ', '[0.995 ]')
('correct:', '[1     ]')
error:  0.00001243
('out:    ', '[0.933 ]')
('correct:', '[1     ]')
error:  0.00225337
('out:    ', '[0.994 ]')
('correct:', '[1     ]')
error:  0.00002014
('out:    ', '[0.995 ]')
('correct:', '[1     ]')
error:  0.00001095
('out:    ', '[0.845 ]')
('correct:', '[1     ]')
error:  0.01207009
('out:    ', '[0.994 ]')
('correct:', '[1     ]')
error:  0.00001712
('out:    ', '[0.994 ]')
('correct:', '[1     ]')
error:  0.00001813
('out:    ', '[0.948 ]')
('correct:', '[1     ]')
error:  0.00137715
('out:    ', '[0.994 ]')
('correct:', '[1     ]')
error:  0.00001574
('out:    ', '[0.992 ]')
('correct:', '[1     ]')
error:  0.00002824
('out:    ', '[0.995 ]')
('correct:', '[1     ]')
error:  0.00001153
('out:    ', '[0.993 ]')
('correct:', '[1     ]')
error:  0.00002268
('out:    ', '[0.987 ]')
('correct:', '[1     ]')
error:  0.00008998
('out:    ', '[0.997 ]')
('correct:', '[1     ]')
error:  0.00000454
('out:    ', '[0.996 ]')
('correct:', '[1     ]')
error:  0.00000706
('out:    ', '[0.993 ]')
('correct:', '[1     ]')
error:  0.00002358
('out:    ', '[0.998 ]')
('correct:', '[1     ]')
error:  0.00000301
('out:    ', '[0.992 ]')
('correct:', '[1     ]')
error:  0.00003346
('out:    ', '[0.998 ]')
('correct:', '[1     ]')
error:  0.00000205
('out:    ', '[0.996 ]')
('correct:', '[1     ]')
error:  0.00000672
('out:    ', '[0.996 ]')
('correct:', '[1     ]')
error:  0.00000778
('out:    ', '[0.57  ]')
('correct:', '[1     ]')
error:  0.09261551
('out:    ', '[0.996 ]')
('correct:', '[1     ]')
error:  0.00000702
('out:    ', '[0.988 ]')
('correct:', '[1     ]')
error:  0.00007558
('out:    ', '[0.997 ]')
('correct:', '[1     ]')
error:  0.00000565
('out:    ', '[0.998 ]')
('correct:', '[1     ]')
error:  0.00000297
('out:    ', '[0.991 ]')
('correct:', '[1     ]')
error:  0.00003638
('out:    ', '[0.982 ]')
('correct:', '[1     ]')
error:  0.00015540
('out:    ', '[0.997 ]')
('correct:', '[1     ]')
error:  0.00000346
('out:    ', '[0.998 ]')
('correct:', '[1     ]')
error:  0.00000237
('out:    ', '[0.993 ]')
('correct:', '[1     ]')
error:  0.00002791
('out:    ', '[0.992 ]')
('correct:', '[1     ]')
error:  0.00002953
('out:    ', '[0.992 ]')
('correct:', '[1     ]')
error:  0.00003511
('out:    ', '[0.994 ]')
('correct:', '[1     ]')
error:  0.00001564
('out:    ', '[0.996 ]')
('correct:', '[1     ]')
error:  0.00000837
('out:    ', '[0.989 ]')
('correct:', '[1     ]')
error:  0.00005606
('out:    ', '[0.991 ]')
('correct:', '[1     ]')
error:  0.00003836
('out:    ', '[0.993 ]')
('correct:', '[1     ]')
error:  0.00002396
('out:    ', '[0.957 ]')
('correct:', '[1     ]')
error:  0.00092432
('out:    ', '[0.837 ]')
('correct:', '[1     ]')
error:  0.01324363
('out:    ', '[0.986 ]')
('correct:', '[1     ]')
error:  0.00009877
('out:    ', '[0.992 ]')
('correct:', '[1     ]')
error:  0.00003479
('out:    ', '[0.998 ]')
('correct:', '[1     ]')
error:  0.00000259
('out:    ', '[0.985 ]')
('correct:', '[1     ]')
error:  0.00010984
('out:    ', '[0.996 ]')
('correct:', '[1     ]')
error:  0.00000668
('out:    ', '[0.996 ]')
('correct:', '[1     ]')
error:  0.00000847
('out:    ', '[0.989 ]')
('correct:', '[1     ]')
error:  0.00005564
('out:    ', '[0.998 ]')
('correct:', '[1     ]')
error:  0.00000269
('out:    ', '[0.995 ]')
('correct:', '[1     ]')
error:  0.00001104
('out:    ', '[0.993 ]')
('correct:', '[1     ]')
error:  0.00002133
('out:    ', '[0.997 ]')
('correct:', '[1     ]')
error:  0.00000575
('out:    ', '[0.994 ]')
('correct:', '[1     ]')
error:  0.00001567
('out:    ', '[0.998 ]')
('correct:', '[1     ]')
error:  0.00000282
('out:    ', '[0.985 ]')
('correct:', '[1     ]')
error:  0.00011435
('out:    ', '[0.994 ]')
('correct:', '[1     ]')
error:  0.00001638
('out:    ', '[0.941 ]')
('correct:', '[1     ]')
error:  0.00175251
('out:    ', '[0.998 ]')
('correct:', '[1     ]')
error:  0.00000198
('out:    ', '[0.995 ]')
('correct:', '[1     ]')
error:  0.00001419
('out:    ', '[0.994 ]')
('correct:', '[1     ]')
error:  0.00001871
('out:    ', '[0.774 ]')
('correct:', '[1     ]')
error:  0.02557881
('out:    ', '[0.993 ]')
('correct:', '[1     ]')
error:  0.00002243
('out:    ', '[0.984 ]')
('correct:', '[1     ]')
error:  0.00012263
('out:    ', '[0.998 ]')
('correct:', '[1     ]')
error:  0.00000197
('out:    ', '[0.926 ]')
('correct:', '[1     ]')
error:  0.00275520
('out:    ', '[0.995 ]')
('correct:', '[1     ]')
error:  0.00001080
('out:    ', '[0.995 ]')
('correct:', '[1     ]')
error:  0.00001226
('out:    ', '[0.997 ]')
('correct:', '[1     ]')
error:  0.00000486
('out:    ', '[0.994 ]')
('correct:', '[1     ]')
error:  0.00001544
('out:    ', '[0.997 ]')
('correct:', '[1     ]')
error:  0.00000584
('out:    ', '[0.964 ]')
('correct:', '[1     ]')
error:  0.00065285
('out:    ', '[0.99  ]')
('correct:', '[1     ]')
error:  0.00005143
('out:    ', '[0.932 ]')
('correct:', '[1     ]')
error:  0.00231047
('out:    ', '[0.996 ]')
('correct:', '[1     ]')
error:  0.00000978
('out:    ', '[0.997 ]')
('correct:', '[1     ]')
error:  0.00000323
('out:    ', '[0.997 ]')
('correct:', '[1     ]')
error:  0.00000461
('out:    ', '[0.995 ]')
('correct:', '[1     ]')
error:  0.00001050
('out:    ', '[0.993 ]')
('correct:', '[1     ]')
error:  0.00002547
('out:    ', '[0.953 ]')
('correct:', '[1     ]')
error:  0.00109060
('out:    ', '[0.998 ]')
('correct:', '[1     ]')
error:  0.00000206
('out:    ', '[0.998 ]')
('correct:', '[1     ]')
error:  0.00000153
('out:    ', '[0.981 ]')
('correct:', '[1     ]')
error:  0.00018338
('out:    ', '[0.993 ]')
('correct:', '[1     ]')
error:  0.00002759
('out:    ', '[0.99  ]')
('correct:', '[1     ]')
error:  0.00004674
('out:    ', '[0.989 ]')
('correct:', '[1     ]')
error:  0.00006418
('out:    ', '[0.99  ]')
('correct:', '[1     ]')
error:  0.00005465
('out:    ', '[0.931 ]')
('correct:', '[1     ]')
error:  0.00239912
('out:    ', '[0.997 ]')
('correct:', '[1     ]')
error:  0.00000323
('out:    ', '[0.934 ]')
('correct:', '[1     ]')
error:  0.00214573
('out:    ', '[0.947 ]')
('correct:', '[1     ]')
error:  0.00142660
('out:    ', '[0.996 ]')
('correct:', '[1     ]')
error:  0.00000986
('out:    ', '[0.992 ]')
('correct:', '[1     ]')
error:  0.00003322
('out:    ', '[0.917 ]')
('correct:', '[1     ]')
error:  0.00347136
('out:    ', '[0.629 ]')
('correct:', '[1     ]')
error:  0.06870674
('out:    ', '[0.993 ]')
('correct:', '[1     ]')
error:  0.00002648
('out:    ', '[0.996 ]')
('correct:', '[1     ]')
error:  0.00000636
('out:    ', '[0.996 ]')
('correct:', '[1     ]')
error:  0.00000651
('out:    ', '[0.991 ]')
('correct:', '[1     ]')
error:  0.00003794
('out:    ', '[0.992 ]')
('correct:', '[1     ]')
error:  0.00002936
('out:    ', '[0.94  ]')
('correct:', '[1     ]')
error:  0.00177252
('out:    ', '[0.996 ]')
('correct:', '[1     ]')
error:  0.00000613
('out:    ', '[0.995 ]')
('correct:', '[1     ]')
error:  0.00001023
('out:    ', '[0.995 ]')
('correct:', '[1     ]')
error:  0.00001133
('out:    ', '[0.997 ]')
('correct:', '[1     ]')
error:  0.00000391
('out:    ', '[0.995 ]')
('correct:', '[1     ]')
error:  0.00001266
('out:    ', '[0.765 ]')
('correct:', '[1     ]')
error:  0.02756714
('out:    ', '[0.993 ]')
('correct:', '[1     ]')
error:  0.00002206
('out:    ', '[0.989 ]')
('correct:', '[1     ]')
error:  0.00006451
('out:    ', '[0.993 ]')
('correct:', '[1     ]')
error:  0.00002196
('out:    ', '[0.751 ]')
('correct:', '[1     ]')
error:  0.03094752
('out:    ', '[0.998 ]')
('correct:', '[1     ]')
error:  0.00000277
('out:    ', '[0.997 ]')
('correct:', '[1     ]')
error:  0.00000529
('out:    ', '[0.988 ]')
('correct:', '[1     ]')
error:  0.00007137
('out:    ', '[0.995 ]')
('correct:', '[1     ]')
error:  0.00001257
('out:    ', '[0.998 ]')
('correct:', '[1     ]')
error:  0.00000207
('out:    ', '[0.996 ]')
('correct:', '[1     ]')
error:  0.00000959
('out:    ', '[0.985 ]')
('correct:', '[1     ]')
error:  0.00011726
('out:    ', '[0.996 ]')
('correct:', '[1     ]')
error:  0.00000929
('out:    ', '[0.992 ]')
('correct:', '[1     ]')
error:  0.00003146
('out:    ', '[0.994 ]')
('correct:', '[1     ]')
error:  0.00001895
('out:    ', '[0.987 ]')
('correct:', '[1     ]')
error:  0.00008985
('out:    ', '[0.988 ]')
('correct:', '[1     ]')
error:  0.00007086
('out:    ', '[0.997 ]')
('correct:', '[1     ]')
error:  0.00000543
('out:    ', '[0.705 ]')
('correct:', '[1     ]')
error:  0.04349474
('out:    ', '[0.994 ]')
('correct:', '[1     ]')
error:  0.00001674
('out:    ', '[0.994 ]')
('correct:', '[1     ]')
error:  0.00001919
('out:    ', '[0.997 ]')
('correct:', '[1     ]')
error:  0.00000383
('out:    ', '[0.986 ]')
('correct:', '[1     ]')
error:  0.00009421
('out:    ', '[0.996 ]')
('correct:', '[1     ]')
error:  0.00000754
('out:    ', '[0.88  ]')
('correct:', '[1     ]')
error:  0.00722651
('out:    ', '[0.997 ]')
('correct:', '[1     ]')
error:  0.00000465
('out:    ', '[0.99  ]')
('correct:', '[1     ]')
error:  0.00004766
('out:    ', '[0.996 ]')
('correct:', '[1     ]')
error:  0.00000647
('out:    ', '[0.995 ]')
('correct:', '[1     ]')
error:  0.00001425
('out:    ', '[0.994 ]')
('correct:', '[1     ]')
error:  0.00001554
('out:    ', '[0.982 ]')
('correct:', '[1     ]')
error:  0.00015508
('out:    ', '[0.992 ]')
('correct:', '[1     ]')
error:  0.00002901
('out:    ', '[0.853 ]')
('correct:', '[1     ]')
error:  0.01076801
('out:    ', '[0.994 ]')
('correct:', '[1     ]')
error:  0.00002102
('out:    ', '[0.993 ]')
('correct:', '[1     ]')
error:  0.00002173
('out:    ', '[0.975 ]')
('correct:', '[1     ]')
error:  0.00030949
('out:    ', '[0.997 ]')
('correct:', '[1     ]')
error:  0.00000387
('out:    ', '[0.963 ]')
('correct:', '[1     ]')
error:  0.00067192
('out:    ', '[0.687 ]')
('correct:', '[1     ]')
error:  0.04907770
('out:    ', '[0.998 ]')
('correct:', '[1     ]')
error:  0.00000237
('out:    ', '[0.992 ]')
('correct:', '[1     ]')
error:  0.00003318
('out:    ', '[0.993 ]')
('correct:', '[1     ]')
error:  0.00002302
('out:    ', '[0.992 ]')
('correct:', '[1     ]')
error:  0.00003559
('out:    ', '[0.966 ]')
('correct:', '[1     ]')
error:  0.00056950
('out:    ', '[0.95  ]')
('correct:', '[1     ]')
error:  0.00123735
('out:    ', '[0.997 ]')
('correct:', '[1     ]')
error:  0.00000592
('out:    ', '[0.993 ]')
('correct:', '[1     ]')
error:  0.00002374
('out:    ', '[0.997 ]')
('correct:', '[1     ]')
error:  0.00000368
('out:    ', '[0.978 ]')
('correct:', '[1     ]')
error:  0.00025241
('out:    ', '[0.996 ]')
('correct:', '[1     ]')
error:  0.00000706
('out:    ', '[0.996 ]')
('correct:', '[1     ]')
error:  0.00000671
('out:    ', '[0.994 ]')
('correct:', '[1     ]')
error:  0.00001835
('out:    ', '[0.997 ]')
('correct:', '[1     ]')
error:  0.00000430
('out:    ', '[0.994 ]')
('correct:', '[1     ]')
error:  0.00001754
('out:    ', '[0.994 ]')
('correct:', '[1     ]')
error:  0.00001688
('out:    ', '[0.996 ]')
('correct:', '[1     ]')
error:  0.00000623
('out:    ', '[0.992 ]')
('correct:', '[1     ]')
error:  0.00003077
('out:    ', '[0.988 ]')
('correct:', '[1     ]')
error:  0.00007810
('out:    ', '[0.946 ]')
('correct:', '[1     ]')
error:  0.00146450
('out:    ', '[0.931 ]')
('correct:', '[1     ]')
error:  0.00236502
('out:    ', '[0.994 ]')
('correct:', '[1     ]')
error:  0.00001673
('out:    ', '[0.983 ]')
('correct:', '[1     ]')
error:  0.00014653
('out:    ', '[0.998 ]')
('correct:', '[1     ]')
error:  0.00000158
('out:    ', '[0.996 ]')
('correct:', '[1     ]')
error:  0.00000721
('out:    ', '[0.995 ]')
('correct:', '[1     ]')
error:  0.00001066
('out:    ', '[0.907 ]')
('correct:', '[1     ]')
error:  0.00432685
('out:    ', '[0.993 ]')
('correct:', '[1     ]')
error:  0.00002299
('out:    ', '[0.996 ]')
('correct:', '[1     ]')
error:  0.00000996
('out:    ', '[0.997 ]')
('correct:', '[1     ]')
error:  0.00000585
('out:    ', '[0.997 ]')
('correct:', '[1     ]')
error:  0.00000443
('out:    ', '[0.994 ]')
('correct:', '[1     ]')
error:  0.00001871
('out:    ', '[0.994 ]')
('correct:', '[1     ]')
error:  0.00001820
('out:    ', '[0.997 ]')
('correct:', '[1     ]')
error:  0.00000411
('out:    ', '[0.631 ]')
('correct:', '[0     ]')
error:  0.19925437
('out:    ', '[0.994 ]')
('correct:', '[1     ]')
error:  0.00002036
('out:    ', '[0.986 ]')
('correct:', '[1     ]')
error:  0.00009393
('out:    ', '[0.76  ]')
('correct:', '[1     ]')
error:  0.02878274
('out:    ', '[0.994 ]')
('correct:', '[1     ]')
error:  0.00001972
('out:    ', '[0.997 ]')
('correct:', '[1     ]')
error:  0.00000576
('out:    ', '[0.998 ]')
('correct:', '[1     ]')
error:  0.00000239
('out:    ', '[0.989 ]')
('correct:', '[1     ]')
error:  0.00005940
('out:    ', '[0.996 ]')
('correct:', '[1     ]')
error:  0.00000949
('out:    ', '[0.994 ]')
('correct:', '[1     ]')
error:  0.00002062
('out:    ', '[0.994 ]')
('correct:', '[1     ]')
error:  0.00002017
('out:    ', '[0.849 ]')
('correct:', '[1     ]')
error:  0.01136053
('out:    ', '[0.991 ]')
('correct:', '[1     ]')
error:  0.00004494
('out:    ', '[0.998 ]')
('correct:', '[1     ]')
error:  0.00000164
('out:    ', '[0.96  ]')
('correct:', '[1     ]')
error:  0.00078398
('out:    ', '[0.955 ]')
('correct:', '[1     ]')
error:  0.00099046
('out:    ', '[0.997 ]')
('correct:', '[1     ]')
error:  0.00000555
('out:    ', '[0.997 ]')
('correct:', '[1     ]')
error:  0.00000390
('out:    ', '[0.992 ]')
('correct:', '[1     ]')
error:  0.00003448
('out:    ', '[0.974 ]')
('correct:', '[1     ]')
error:  0.00034007
('out:    ', '[0.978 ]')
('correct:', '[1     ]')
error:  0.00023931
('out:    ', '[0.929 ]')
('correct:', '[1     ]')
error:  0.00251828
('out:    ', '[0.997 ]')
('correct:', '[1     ]')
error:  0.00000474
('out:    ', '[0.993 ]')
('correct:', '[1     ]')
error:  0.00002231
('out:    ', '[0.995 ]')
('correct:', '[1     ]')
error:  0.00001053
('out:    ', '[0.934 ]')
('correct:', '[1     ]')
error:  0.00217373
('out:    ', '[0.988 ]')
('correct:', '[1     ]')
error:  0.00007766
('out:    ', '[0.997 ]')
('correct:', '[1     ]')
error:  0.00000536
('out:    ', '[0.957 ]')
('correct:', '[1     ]')
error:  0.00092438
('out:    ', '[0.996 ]')
('correct:', '[1     ]')
error:  0.00000692
('out:    ', '[0.584 ]')
('correct:', '[1     ]')
error:  0.08638617
('out:    ', '[0.996 ]')
('correct:', '[1     ]')
error:  0.00000741
('out:    ', '[0.995 ]')
('correct:', '[1     ]')
error:  0.00001077
('out:    ', '[0.994 ]')
('correct:', '[1     ]')
error:  0.00001956
('out:    ', '[0.997 ]')
('correct:', '[1     ]')
error:  0.00000346
('out:    ', '[0.986 ]')
('correct:', '[1     ]')
error:  0.00009823
('out:    ', '[0.998 ]')
('correct:', '[1     ]')
error:  0.00000286
('out:    ', '[0.997 ]')
('correct:', '[1     ]')
error:  0.00000606
('out:    ', '[0.814 ]')
('correct:', '[1     ]')
error:  0.01732559
('out:    ', '[0.998 ]')
('correct:', '[1     ]')
error:  0.00000181
('out:    ', '[0.998 ]')
('correct:', '[1     ]')
error:  0.00000300
('out:    ', '[0.995 ]')
('correct:', '[1     ]')
error:  0.00001033
('out:    ', '[0.984 ]')
('correct:', '[1     ]')
error:  0.00012573
('out:    ', '[0.925 ]')
('correct:', '[1     ]')
error:  0.00282717
('out:    ', '[0.997 ]')
('correct:', '[1     ]')
error:  0.00000607
('out:    ', '[0.99  ]')
('correct:', '[1     ]')
error:  0.00005128
('out:    ', '[0.996 ]')
('correct:', '[1     ]')
error:  0.00000974
('out:    ', '[0.996 ]')
('correct:', '[1     ]')
error:  0.00000826
('out:    ', '[0.609 ]')
('correct:', '[1     ]')
error:  0.07638486
('out:    ', '[0.998 ]')
('correct:', '[1     ]')
error:  0.00000206
('out:    ', '[0.992 ]')
('correct:', '[1     ]')
error:  0.00002814
('out:    ', '[0.995 ]')
('correct:', '[1     ]')
error:  0.00001223
('out:    ', '[0.997 ]')
('correct:', '[1     ]')
error:  0.00000591
('out:    ', '[0.989 ]')
('correct:', '[1     ]')
error:  0.00006294
('out:    ', '[0.995 ]')
('correct:', '[1     ]')
error:  0.00001430
('out:    ', '[0.993 ]')
('correct:', '[1     ]')
error:  0.00002416
('out:    ', '[0.987 ]')
('correct:', '[1     ]')
error:  0.00008438
('out:    ', '[0.993 ]')
('correct:', '[1     ]')
error:  0.00002647
('out:    ', '[0.994 ]')
('correct:', '[1     ]')
error:  0.00001713
('out:    ', '[0.997 ]')
('correct:', '[1     ]')
error:  0.00000520
('out:    ', '[0.995 ]')
('correct:', '[1     ]')
error:  0.00001144
('out:    ', '[0.992 ]')
('correct:', '[1     ]')
error:  0.00002968
('out:    ', '[0.989 ]')
('correct:', '[1     ]')
error:  0.00006056
('out:    ', '[0.99  ]')
('correct:', '[1     ]')
error:  0.00004832
('out:    ', '[0.995 ]')
('correct:', '[1     ]')
error:  0.00001190
('out:    ', '[0.996 ]')
('correct:', '[1     ]')
error:  0.00000948
('out:    ', '[0.993 ]')
('correct:', '[1     ]')
error:  0.00002304
('out:    ', '[0.982 ]')
('correct:', '[1     ]')
error:  0.00015314
('out:    ', '[0.996 ]')
('correct:', '[1     ]')
error:  0.00000635
('out:    ', '[0.998 ]')
('correct:', '[1     ]')
error:  0.00000296
('out:    ', '[0.977 ]')
('correct:', '[1     ]')
error:  0.00026364
('out:    ', '[0.99  ]')
('correct:', '[1     ]')
error:  0.00004670
('out:    ', '[0.996 ]')
('correct:', '[1     ]')
error:  0.00000915
('out:    ', '[0.998 ]')
('correct:', '[1     ]')
error:  0.00000286
('out:    ', '[0.989 ]')
('correct:', '[1     ]')
error:  0.00005832
('out:    ', '[0.982 ]')
('correct:', '[1     ]')
error:  0.00015745
('out:    ', '[0.981 ]')
('correct:', '[1     ]')
error:  0.00017893
('out:    ', '[0.995 ]')
('correct:', '[1     ]')
error:  0.00001347
('out:    ', '[0.983 ]')
('correct:', '[1     ]')
error:  0.00013786
('out:    ', '[0.992 ]')
('correct:', '[1     ]')
error:  0.00003606
('out:    ', '[0.995 ]')
('correct:', '[1     ]')
error:  0.00001252
('out:    ', '[0.996 ]')
('correct:', '[1     ]')
error:  0.00001002
('out:    ', '[0.99  ]')
('correct:', '[1     ]')
error:  0.00004746
('out:    ', '[0.993 ]')
('correct:', '[1     ]')
error:  0.00002366
('out:    ', '[0.991 ]')
('correct:', '[1     ]')
error:  0.00003687
('out:    ', '[0.997 ]')
('correct:', '[1     ]')
error:  0.00000559
('out:    ', '[0.992 ]')
('correct:', '[1     ]')
error:  0.00003056
('out:    ', '[0.598 ]')
('correct:', '[1     ]')
error:  0.08064272
('out:    ', '[0.983 ]')
('correct:', '[1     ]')
error:  0.00013971
('out:    ', '[0.711 ]')
('correct:', '[1     ]')
error:  0.04169898
('out:    ', '[0.952 ]')
('correct:', '[1     ]')
error:  0.00117378
('out:    ', '[0.997 ]')
('correct:', '[1     ]')
error:  0.00000432
('out:    ', '[0.971 ]')
('correct:', '[1     ]')
error:  0.00042302
('out:    ', '[0.997 ]')
('correct:', '[1     ]')
error:  0.00000611
('out:    ', '[0.997 ]')
('correct:', '[1     ]')
error:  0.00000513
('out:    ', '[0.997 ]')
('correct:', '[1     ]')
error:  0.00000401
('out:    ', '[0.995 ]')
('correct:', '[1     ]')
error:  0.00001055
('out:    ', '[0.913 ]')
('correct:', '[1     ]')
error:  0.00374410
('out:    ', '[0.989 ]')
('correct:', '[1     ]')
error:  0.00005639
('out:    ', '[0.998 ]')
('correct:', '[1     ]')
error:  0.00000285
('out:    ', '[0.996 ]')
('correct:', '[1     ]')
error:  0.00000698
('out:    ', '[0.992 ]')
('correct:', '[1     ]')
error:  0.00002931
('out:    ', '[0.949 ]')
('correct:', '[1     ]')
error:  0.00128766
('out:    ', '[0.992 ]')
('correct:', '[1     ]')
error:  0.00003236
('out:    ', '[0.99  ]')
('correct:', '[1     ]')
error:  0.00005420
('out:    ', '[0.976 ]')
('correct:', '[1     ]')
error:  0.00027633
('out:    ', '[0.964 ]')
('correct:', '[1     ]')
error:  0.00063643
('out:    ', '[0.995 ]')
('correct:', '[1     ]')
error:  0.00001049
('out:    ', '[0.92  ]')
('correct:', '[1     ]')
error:  0.00317063
('out:    ', '[0.994 ]')
('correct:', '[1     ]')
error:  0.00001651
('out:    ', '[0.861 ]')
('correct:', '[1     ]')
error:  0.00960643
('out:    ', '[0.996 ]')
('correct:', '[1     ]')
error:  0.00000955
('out:    ', '[0.994 ]')
('correct:', '[1     ]')
error:  0.00001928
('out:    ', '[0.997 ]')
('correct:', '[1     ]')
error:  0.00000374
('out:    ', '[0.978 ]')
('correct:', '[1     ]')
error:  0.00023708
('out:    ', '[0.997 ]')
('correct:', '[1     ]')
error:  0.00000542
('out:    ', '[0.993 ]')
('correct:', '[1     ]')
error:  0.00002517
('out:    ', '[0.984 ]')
('correct:', '[1     ]')
error:  0.00012472
('out:    ', '[0.984 ]')
('correct:', '[1     ]')
error:  0.00012052
('out:    ', '[0.992 ]')
('correct:', '[1     ]')
error:  0.00003277
('out:    ', '[0.997 ]')
('correct:', '[1     ]')
error:  0.00000452
('out:    ', '[0.538 ]')
('correct:', '[1     ]')
error:  0.10678491
('out:    ', '[0.972 ]')
('correct:', '[1     ]')
error:  0.00037929
('out:    ', '[0.994 ]')
('correct:', '[1     ]')
error:  0.00001675
('out:    ', '[0.995 ]')
('correct:', '[1     ]')
error:  0.00001448
('out:    ', '[0.776 ]')
('correct:', '[1     ]')
error:  0.02514007
('out:    ', '[0.995 ]')
('correct:', '[1     ]')
error:  0.00001329
('out:    ', '[0.773 ]')
('correct:', '[1     ]')
error:  0.02569798
('out:    ', '[0.815 ]')
('correct:', '[1     ]')
error:  0.01712173
('out:    ', '[0.994 ]')
('correct:', '[1     ]')
error:  0.00001666
('out:    ', '[0.994 ]')
('correct:', '[1     ]')
error:  0.00001842
('out:    ', '[0.992 ]')
('correct:', '[1     ]')
error:  0.00002939
('out:    ', '[0.995 ]')
('correct:', '[1     ]')
error:  0.00001430
('out:    ', '[0.998 ]')
('correct:', '[1     ]')
error:  0.00000258
('out:    ', '[0.987 ]')
('correct:', '[1     ]')
error:  0.00008424
('out:    ', '[0.996 ]')
('correct:', '[1     ]')
error:  0.00000941
('out:    ', '[0.791 ]')
('correct:', '[0     ]')
error:  0.31297631
('out:    ', '[0.997 ]')
('correct:', '[1     ]')
error:  0.00000331
('out:    ', '[0.993 ]')
('correct:', '[1     ]')
error:  0.00002639
('out:    ', '[0.943 ]')
('correct:', '[1     ]')
error:  0.00160972
('out:    ', '[0.929 ]')
('correct:', '[1     ]')
error:  0.00249117
('out:    ', '[0.99  ]')
('correct:', '[1     ]')
error:  0.00005500
('out:    ', '[0.895 ]')
('correct:', '[1     ]')
error:  0.00550533
('out:    ', '[0.995 ]')
('correct:', '[1     ]')
error:  0.00001088
('out:    ', '[0.998 ]')
('correct:', '[1     ]')
error:  0.00000290
('out:    ', '[0.996 ]')
('correct:', '[1     ]')
error:  0.00000728
('out:    ', '[0.991 ]')
('correct:', '[1     ]')
error:  0.00003997
('out:    ', '[0.997 ]')
('correct:', '[1     ]')
error:  0.00000597
('out:    ', '[0.996 ]')
('correct:', '[1     ]')
error:  0.00000908
('out:    ', '[0.997 ]')
('correct:', '[1     ]')
error:  0.00000515
('out:    ', '[0.985 ]')
('correct:', '[1     ]')
error:  0.00011423
('out:    ', '[0.993 ]')
('correct:', '[1     ]')
error:  0.00002363
('out:    ', '[0.994 ]')
('correct:', '[1     ]')
error:  0.00001775
('out:    ', '[0.984 ]')
('correct:', '[1     ]')
error:  0.00012664
('out:    ', '[0.992 ]')
('correct:', '[1     ]')
error:  0.00003377
('out:    ', '[0.992 ]')
('correct:', '[1     ]')
error:  0.00003318
('out:    ', '[0.829 ]')
('correct:', '[1     ]')
error:  0.01464358
('out:    ', '[0.993 ]')
('correct:', '[1     ]')
error:  0.00002120
('out:    ', '[0.994 ]')
('correct:', '[1     ]')
error:  0.00001578
('out:    ', '[0.945 ]')
('correct:', '[1     ]')
error:  0.00153029
('out:    ', '[0.993 ]')
('correct:', '[1     ]')
error:  0.00002254
('out:    ', '[0.985 ]')
('correct:', '[1     ]')
error:  0.00011442
('out:    ', '[0.998 ]')
('correct:', '[1     ]')
error:  0.00000267
('out:    ', '[0.996 ]')
('correct:', '[1     ]')
error:  0.00000741
('out:    ', '[0.646 ]')
('correct:', '[1     ]')
error:  0.06248537
('out:    ', '[0.993 ]')
('correct:', '[1     ]')
error:  0.00002427
('out:    ', '[0.997 ]')
('correct:', '[1     ]')
error:  0.00000387
('out:    ', '[0.997 ]')
('correct:', '[1     ]')
error:  0.00000601
('out:    ', '[0.991 ]')
('correct:', '[1     ]')
error:  0.00004342
('out:    ', '[0.982 ]')
('correct:', '[1     ]')
error:  0.00015361
('out:    ', '[0.959 ]')
('correct:', '[1     ]')
error:  0.00085184
('out:    ', '[0.993 ]')
('correct:', '[1     ]')
error:  0.00002564
('out:    ', '[0.899 ]')
('correct:', '[1     ]')
error:  0.00509551
('out:    ', '[0.986 ]')
('correct:', '[1     ]')
error:  0.00010057
('out:    ', '[0.926 ]')
('correct:', '[1     ]')
error:  0.00274588
('out:    ', '[0.986 ]')
('correct:', '[1     ]')
error:  0.00009136
('out:    ', '[0.998 ]')
('correct:', '[1     ]')
error:  0.00000220
('out:    ', '[0.989 ]')
('correct:', '[1     ]')
error:  0.00006522
('out:    ', '[0.955 ]')
('correct:', '[1     ]')
error:  0.00102286
('out:    ', '[0.587 ]')
('correct:', '[0     ]')
error:  0.17226282
('out:    ', '[0.994 ]')
('correct:', '[1     ]')
error:  0.00001964
('out:    ', '[0.977 ]')
('correct:', '[1     ]')
error:  0.00025819
('out:    ', '[0.993 ]')
('correct:', '[1     ]')
error:  0.00002351
('out:    ', '[0.988 ]')
('correct:', '[1     ]')
error:  0.00007318
('out:    ', '[0.991 ]')
('correct:', '[1     ]')
error:  0.00004494
('out:    ', '[0.908 ]')
('correct:', '[1     ]')
error:  0.00419735
('out:    ', '[0.997 ]')
('correct:', '[1     ]')
error:  0.00000365
('out:    ', '[0.998 ]')
('correct:', '[1     ]')
error:  0.00000268
('out:    ', '[0.997 ]')
('correct:', '[1     ]')
error:  0.00000475
('out:    ', '[0.997 ]')
('correct:', '[1     ]')
error:  0.00000401
('out:    ', '[0.993 ]')
('correct:', '[1     ]')
error:  0.00002777
('out:    ', '[0.973 ]')
('correct:', '[1     ]')
error:  0.00035898
('out:    ', '[0.998 ]')
('correct:', '[1     ]')
error:  0.00000184
('out:    ', '[0.998 ]')
('correct:', '[1     ]')
error:  0.00000272
('out:    ', '[0.994 ]')
('correct:', '[1     ]')
error:  0.00001538
('out:    ', '[0.968 ]')
('correct:', '[1     ]')
error:  0.00049798
('out:    ', '[0.997 ]')
('correct:', '[1     ]')
error:  0.00000445
('out:    ', '[0.991 ]')
('correct:', '[1     ]')
error:  0.00004501
('out:    ', '[0.997 ]')
('correct:', '[1     ]')
error:  0.00000414
('out:    ', '[0.976 ]')
('correct:', '[1     ]')
error:  0.00028591
('out:    ', '[0.994 ]')
('correct:', '[1     ]')
error:  0.00001861
('out:    ', '[0.997 ]')
('correct:', '[1     ]')
error:  0.00000609
('out:    ', '[0.983 ]')
('correct:', '[1     ]')
error:  0.00013706
('out:    ', '[0.657 ]')
('correct:', '[0     ]')
error:  0.21604987
('out:    ', '[0.991 ]')
('correct:', '[1     ]')
error:  0.00003693
('out:    ', '[0.995 ]')
('correct:', '[1     ]')
error:  0.00001192
('out:    ', '[0.997 ]')
('correct:', '[1     ]')
error:  0.00000404
('out:    ', '[0.996 ]')
('correct:', '[1     ]')
error:  0.00000621
('out:    ', '[0.995 ]')
('correct:', '[1     ]')
error:  0.00001422
('out:    ', '[0.996 ]')
('correct:', '[1     ]')
error:  0.00000954
('out:    ', '[0.997 ]')
('correct:', '[1     ]')
error:  0.00000416
('out:    ', '[0.997 ]')
('correct:', '[1     ]')
error:  0.00000406
('out:    ', '[0.995 ]')
('correct:', '[1     ]')
error:  0.00001131
('out:    ', '[0.99  ]')
('correct:', '[1     ]')
error:  0.00004730
('out:    ', '[0.987 ]')
('correct:', '[1     ]')
error:  0.00008871
('out:    ', '[0.991 ]')
('correct:', '[1     ]')
error:  0.00003635
('out:    ', '[0.987 ]')
('correct:', '[1     ]')
error:  0.00009042
('out:    ', '[0.996 ]')
('correct:', '[1     ]')
error:  0.00000640
('out:    ', '[0.997 ]')
('correct:', '[1     ]')
error:  0.00000386
('out:    ', '[0.979 ]')
('correct:', '[1     ]')
error:  0.00021652
('out:    ', '[0.997 ]')
('correct:', '[1     ]')
error:  0.00000435
('out:    ', '[0.911 ]')
('correct:', '[1     ]')
error:  0.00398359
('out:    ', '[0.997 ]')
('correct:', '[1     ]')
error:  0.00000555
('out:    ', '[0.994 ]')
('correct:', '[1     ]')
error:  0.00001712
('out:    ', '[0.939 ]')
('correct:', '[1     ]')
error:  0.00188891
('out:    ', '[0.92  ]')
('correct:', '[1     ]')
error:  0.00317383
('out:    ', '[0.791 ]')
('correct:', '[1     ]')
error:  0.02179020
('out:    ', '[0.906 ]')
('correct:', '[1     ]')
error:  0.00443657
('out:    ', '[0.991 ]')
('correct:', '[1     ]')
error:  0.00004185
('out:    ', '[0.992 ]')
('correct:', '[1     ]')
error:  0.00002945
('out:    ', '[0.982 ]')
('correct:', '[1     ]')
error:  0.00015968
('out:    ', '[0.989 ]')
('correct:', '[1     ]')
error:  0.00005703
('out:    ', '[0.973 ]')
('correct:', '[1     ]')
error:  0.00036251
('out:    ', '[0.97  ]')
('correct:', '[1     ]')
error:  0.00044198
('out:    ', '[0.998 ]')
('correct:', '[1     ]')
error:  0.00000217
('out:    ', '[0.993 ]')
('correct:', '[1     ]')
error:  0.00002307
('out:    ', '[0.993 ]')
('correct:', '[1     ]')
error:  0.00002576
('out:    ', '[0.968 ]')
('correct:', '[1     ]')
error:  0.00051700
('out:    ', '[0.995 ]')
('correct:', '[1     ]')
error:  0.00001272
('out:    ', '[0.997 ]')
('correct:', '[1     ]')
error:  0.00000339
('out:    ', '[0.913 ]')
('correct:', '[1     ]')
error:  0.00377079
('out:    ', '[0.996 ]')
('correct:', '[1     ]')
error:  0.00000880
('out:    ', '[0.928 ]')
('correct:', '[1     ]')
error:  0.00261886
('out:    ', '[0.995 ]')
('correct:', '[1     ]')
error:  0.00001219
('out:    ', '[0.994 ]')
('correct:', '[1     ]')
error:  0.00001788
('out:    ', '[0.984 ]')
('correct:', '[1     ]')
error:  0.00013045
('out:    ', '[0.998 ]')
('correct:', '[1     ]')
error:  0.00000200
('out:    ', '[0.995 ]')
('correct:', '[1     ]')
error:  0.00001117
('out:    ', '[0.998 ]')
('correct:', '[1     ]')
error:  0.00000162
('out:    ', '[0.996 ]')
('correct:', '[1     ]')
error:  0.00000647
('out:    ', '[0.997 ]')
('correct:', '[1     ]')
error:  0.00000367
('out:    ', '[0.892 ]')
('correct:', '[1     ]')
error:  0.00577871
('out:    ', '[0.994 ]')
('correct:', '[1     ]')
error:  0.00001851
('out:    ', '[0.927 ]')
('correct:', '[1     ]')
error:  0.00264174
('out:    ', '[0.953 ]')
('correct:', '[1     ]')
error:  0.00110555
('out:    ', '[0.992 ]')
('correct:', '[1     ]')
error:  0.00003117
('out:    ', '[0.994 ]')
('correct:', '[1     ]')
error:  0.00001632
('out:    ', '[0.994 ]')
('correct:', '[1     ]')
error:  0.00001853
('out:    ', '[0.983 ]')
('correct:', '[1     ]')
error:  0.00015162
('out:    ', '[0.959 ]')
('correct:', '[1     ]')
error:  0.00082877
('out:    ', '[0.993 ]')
('correct:', '[1     ]')
error:  0.00002685
('out:    ', '[0.996 ]')
('correct:', '[1     ]')
error:  0.00000686
('out:    ', '[0.889 ]')
('correct:', '[1     ]')
error:  0.00615076
('out:    ', '[0.985 ]')
('correct:', '[1     ]')
error:  0.00010977
('out:    ', '[0.997 ]')
('correct:', '[1     ]')
error:  0.00000322
('out:    ', '[0.915 ]')
('correct:', '[1     ]')
error:  0.00364129
('out:    ', '[0.959 ]')
('correct:', '[1     ]')
error:  0.00082128
('out:    ', '[0.998 ]')
('correct:', '[1     ]')
error:  0.00000288
('out:    ', '[0.988 ]')
('correct:', '[1     ]')
error:  0.00007389
('out:    ', '[0.995 ]')
('correct:', '[1     ]')
error:  0.00001065
('out:    ', '[0.995 ]')
('correct:', '[1     ]')
error:  0.00001049
('out:    ', '[0.995 ]')
('correct:', '[1     ]')
error:  0.00001510
('out:    ', '[0.997 ]')
('correct:', '[1     ]')
error:  0.00000451
('out:    ', '[0.827 ]')
('correct:', '[1     ]')
error:  0.01503234
('out:    ', '[0.997 ]')
('correct:', '[1     ]')
error:  0.00000503
('out:    ', '[0.944 ]')
('correct:', '[1     ]')
error:  0.00156323
('out:    ', '[0.996 ]')
('correct:', '[1     ]')
error:  0.00000984
('out:    ', '[0.998 ]')
('correct:', '[1     ]')
error:  0.00000223
('out:    ', '[0.997 ]')
('correct:', '[1     ]')
error:  0.00000350
('out:    ', '[0.997 ]')
('correct:', '[1     ]')
error:  0.00000419
('out:    ', '[0.972 ]')
('correct:', '[1     ]')
error:  0.00039609
('out:    ', '[0.957 ]')
('correct:', '[1     ]')
error:  0.00091156
('out:    ', '[0.994 ]')
('correct:', '[1     ]')
error:  0.00001690
('out:    ', '[0.993 ]')
('correct:', '[1     ]')
error:  0.00002162
('out:    ', '[0.657 ]')
('correct:', '[1     ]')
error:  0.05888841
('out:    ', '[0.938 ]')
('correct:', '[1     ]')
error:  0.00192252
('out:    ', '[0.595 ]')
('correct:', '[1     ]')
error:  0.08191547
('out:    ', '[0.975 ]')
('correct:', '[1     ]')
error:  0.00031271
('out:    ', '[0.991 ]')
('correct:', '[1     ]')
error:  0.00003960
('out:    ', '[0.996 ]')
('correct:', '[1     ]')
error:  0.00000957
('out:    ', '[0.963 ]')
('correct:', '[1     ]')
error:  0.00068109
('out:    ', '[0.996 ]')
('correct:', '[1     ]')
error:  0.00000857
('out:    ', '[0.998 ]')
('correct:', '[1     ]')
error:  0.00000169
('out:    ', '[0.99  ]')
('correct:', '[1     ]')
error:  0.00005250
('out:    ', '[0.997 ]')
('correct:', '[1     ]')
error:  0.00000349
('out:    ', '[0.934 ]')
('correct:', '[1     ]')
error:  0.00214764
('out:    ', '[0.991 ]')
('correct:', '[1     ]')
error:  0.00004025
('out:    ', '[0.983 ]')
('correct:', '[1     ]')
error:  0.00014155
('out:    ', '[0.99  ]')
('correct:', '[1     ]')
error:  0.00004634
('out:    ', '[0.993 ]')
('correct:', '[1     ]')
error:  0.00002622
('out:    ', '[0.996 ]')
('correct:', '[1     ]')
error:  0.00000793
('out:    ', '[0.994 ]')
('correct:', '[1     ]')
error:  0.00001687
('out:    ', '[0.996 ]')
('correct:', '[1     ]')
error:  0.00000796
('out:    ', '[0.967 ]')
('correct:', '[1     ]')
error:  0.00054249
('out:    ', '[0.986 ]')
('correct:', '[1     ]')
error:  0.00010402
('out:    ', '[0.994 ]')
('correct:', '[1     ]')
error:  0.00001901
('out:    ', '[0.991 ]')
('correct:', '[1     ]')
error:  0.00004169
('out:    ', '[0.995 ]')
('correct:', '[1     ]')
error:  0.00001243
('out:    ', '[0.989 ]')
('correct:', '[1     ]')
error:  0.00006259
('out:    ', '[0.996 ]')
('correct:', '[1     ]')
error:  0.00000888
('out:    ', '[0.991 ]')
('correct:', '[1     ]')
error:  0.00004431
('out:    ', '[0.996 ]')
('correct:', '[1     ]')
error:  0.00000862
('out:    ', '[0.842 ]')
('correct:', '[1     ]')
error:  0.01242564
('out:    ', '[0.995 ]')
('correct:', '[1     ]')
error:  0.00001288
('out:    ', '[0.988 ]')
('correct:', '[1     ]')
error:  0.00007725
('out:    ', '[0.991 ]')
('correct:', '[1     ]')
error:  0.00004230
('out:    ', '[0.991 ]')
('correct:', '[1     ]')
error:  0.00004056
('out:    ', '[0.993 ]')
('correct:', '[1     ]')
error:  0.00002265
('out:    ', '[0.985 ]')
('correct:', '[1     ]')
error:  0.00011512
('out:    ', '[0.993 ]')
('correct:', '[1     ]')
error:  0.00002467
('out:    ', '[0.996 ]')
('correct:', '[1     ]')
error:  0.00000783
('out:    ', '[0.994 ]')
('correct:', '[1     ]')
error:  0.00001748
('out:    ', '[0.987 ]')
('correct:', '[1     ]')
error:  0.00008833
('out:    ', '[0.998 ]')
('correct:', '[1     ]')
error:  0.00000250
('out:    ', '[0.995 ]')
('correct:', '[1     ]')
error:  0.00001374
('out:    ', '[0.983 ]')
('correct:', '[1     ]')
error:  0.00014010
('out:    ', '[0.788 ]')
('correct:', '[1     ]')
error:  0.02247264
('out:    ', '[0.995 ]')
('correct:', '[1     ]')
error:  0.00001019
('out:    ', '[0.992 ]')
('correct:', '[1     ]')
error:  0.00003411
('out:    ', '[0.992 ]')
('correct:', '[1     ]')
error:  0.00003145
('out:    ', '[0.956 ]')
('correct:', '[1     ]')
error:  0.00097702
('out:    ', '[0.996 ]')
('correct:', '[1     ]')
error:  0.00000837
('out:    ', '[0.997 ]')
('correct:', '[1     ]')
error:  0.00000413
('out:    ', '[0.995 ]')
('correct:', '[1     ]')
error:  0.00001085
('out:    ', '[0.996 ]')
('correct:', '[1     ]')
error:  0.00000826
('out:    ', '[0.994 ]')
('correct:', '[1     ]')
error:  0.00001935
('out:    ', '[0.993 ]')
('correct:', '[1     ]')
error:  0.00002314
('out:    ', '[0.682 ]')
('correct:', '[1     ]')
error:  0.05065023
('out:    ', '[0.998 ]')
('correct:', '[1     ]')
error:  0.00000206
('out:    ', '[0.997 ]')
('correct:', '[1     ]')
error:  0.00000533
('out:    ', '[0.996 ]')
('correct:', '[1     ]')
error:  0.00001012
('out:    ', '[0.997 ]')
('correct:', '[1     ]')
error:  0.00000399
('out:    ', '[0.983 ]')
('correct:', '[1     ]')
error:  0.00014780
('out:    ', '[0.979 ]')
('correct:', '[1     ]')
error:  0.00021619
('out:    ', '[0.947 ]')
('correct:', '[1     ]')
error:  0.00142062
('out:    ', '[0.986 ]')
('correct:', '[1     ]')
error:  0.00010474
('out:    ', '[0.991 ]')
('correct:', '[1     ]')
error:  0.00003647
('out:    ', '[0.997 ]')
('correct:', '[1     ]')
error:  0.00000517
('out:    ', '[0.991 ]')
('correct:', '[1     ]')
error:  0.00004084
('out:    ', '[0.995 ]')
('correct:', '[1     ]')
error:  0.00001107
('out:    ', '[0.995 ]')
('correct:', '[1     ]')
error:  0.00001146
('out:    ', '[0.994 ]')
('correct:', '[1     ]')
error:  0.00001717
('out:    ', '[0.997 ]')
('correct:', '[1     ]')
error:  0.00000441
('out:    ', '[0.997 ]')
('correct:', '[1     ]')
error:  0.00000426
('out:    ', '[0.997 ]')
('correct:', '[1     ]')
error:  0.00000571
('out:    ', '[0.994 ]')
('correct:', '[1     ]')
error:  0.00001736
('out:    ', '[0.993 ]')
('correct:', '[1     ]')
error:  0.00002414
('out:    ', '[0.973 ]')
('correct:', '[1     ]')
error:  0.00035330
('out:    ', '[0.996 ]')
('correct:', '[1     ]')
error:  0.00000671
('out:    ', '[0.996 ]')
('correct:', '[1     ]')
error:  0.00000755
('out:    ', '[0.995 ]')
('correct:', '[1     ]')
error:  0.00001314
('out:    ', '[0.995 ]')
('correct:', '[1     ]')
error:  0.00001292
('out:    ', '[0.998 ]')
('correct:', '[1     ]')
error:  0.00000290
('out:    ', '[0.946 ]')
('correct:', '[1     ]')
error:  0.00147989
('out:    ', '[0.946 ]')
('correct:', '[1     ]')
error:  0.00148124
('out:    ', '[0.997 ]')
('correct:', '[1     ]')
error:  0.00000464
('out:    ', '[0.993 ]')
('correct:', '[1     ]')
error:  0.00002396
('out:    ', '[0.997 ]')
('correct:', '[1     ]')
error:  0.00000355
('out:    ', '[0.997 ]')
('correct:', '[1     ]')
error:  0.00000368
('out:    ', '[0.982 ]')
('correct:', '[1     ]')
error:  0.00016524
('out:    ', '[0.952 ]')
('correct:', '[1     ]')
error:  0.00115844
('out:    ', '[0.996 ]')
('correct:', '[1     ]')
error:  0.00000679
('out:    ', '[0.994 ]')
('correct:', '[1     ]')
error:  0.00001637
('out:    ', '[0.917 ]')
('correct:', '[1     ]')
error:  0.00345341
('out:    ', '[0.996 ]')
('correct:', '[1     ]')
error:  0.00000810
('out:    ', '[0.983 ]')
('correct:', '[1     ]')
error:  0.00013782
('out:    ', '[0.974 ]')
('correct:', '[1     ]')
error:  0.00032761
('out:    ', '[0.994 ]')
('correct:', '[1     ]')
error:  0.00001584
('out:    ', '[0.868 ]')
('correct:', '[0     ]')
error:  0.37708400
('out:    ', '[0.992 ]')
('correct:', '[1     ]')
error:  0.00003013
('out:    ', '[0.984 ]')
('correct:', '[1     ]')
error:  0.00012946
('out:    ', '[0.995 ]')
('correct:', '[1     ]')
error:  0.00001102
('out:    ', '[0.996 ]')
('correct:', '[1     ]')
error:  0.00000704
('out:    ', '[0.974 ]')
('correct:', '[1     ]')
error:  0.00034184
('out:    ', '[0.992 ]')
('correct:', '[1     ]')
error:  0.00003025
('out:    ', '[0.997 ]')
('correct:', '[1     ]')
error:  0.00000570
('out:    ', '[0.99  ]')
('correct:', '[1     ]')
error:  0.00004518
('out:    ', '[0.992 ]')
('correct:', '[1     ]')
error:  0.00003307
('out:    ', '[0.993 ]')
('correct:', '[1     ]')
error:  0.00002377
('out:    ', '[0.984 ]')
('correct:', '[1     ]')
error:  0.00013229
('out:    ', '[0.996 ]')
('correct:', '[1     ]')
error:  0.00000995
('out:    ', '[0.987 ]')
('correct:', '[1     ]')
error:  0.00008167
('out:    ', '[0.996 ]')
('correct:', '[1     ]')
error:  0.00000649
('out:    ', '[0.995 ]')
('correct:', '[1     ]')
error:  0.00001399
('out:    ', '[0.99  ]')
('correct:', '[1     ]')
error:  0.00005296
('out:    ', '[0.997 ]')
('correct:', '[1     ]')
error:  0.00000546
('out:    ', '[0.996 ]')
('correct:', '[1     ]')
error:  0.00000712
('out:    ', '[0.963 ]')
('correct:', '[1     ]')
error:  0.00068872
('out:    ', '[0.996 ]')
('correct:', '[1     ]')
error:  0.00000878
('out:    ', '[0.998 ]')
('correct:', '[1     ]')
error:  0.00000278
('out:    ', '[0.995 ]')
('correct:', '[1     ]')
error:  0.00001116
('out:    ', '[0.992 ]')
('correct:', '[1     ]')
error:  0.00003052
('out:    ', '[0.994 ]')
('correct:', '[1     ]')
error:  0.00001969
('out:    ', '[0.996 ]')
('correct:', '[1     ]')
error:  0.00000970
('out:    ', '[0.987 ]')
('correct:', '[1     ]')
error:  0.00008316
('out:    ', '[0.994 ]')
('correct:', '[1     ]')
error:  0.00001683
('out:    ', '[0.991 ]')
('correct:', '[1     ]')
error:  0.00004270
('out:    ', '[0.996 ]')
('correct:', '[1     ]')
error:  0.00000857
('out:    ', '[0.995 ]')
('correct:', '[1     ]')
error:  0.00001052
('out:    ', '[0.997 ]')
('correct:', '[1     ]')
error:  0.00000369
('out:    ', '[0.998 ]')
('correct:', '[1     ]')
error:  0.00000170
('out:    ', '[0.877 ]')
('correct:', '[1     ]')
error:  0.00759592
('out:    ', '[0.997 ]')
('correct:', '[1     ]')
error:  0.00000526
('out:    ', '[0.993 ]')
('correct:', '[1     ]')
error:  0.00002391
('out:    ', '[0.997 ]')
('correct:', '[1     ]')
error:  0.00000572
('out:    ', '[0.989 ]')
('correct:', '[1     ]')
error:  0.00005664
('out:    ', '[0.526 ]')
('correct:', '[1     ]')
error:  0.11210265
('out:    ', '[0.997 ]')
('correct:', '[1     ]')
error:  0.00000366
('out:    ', '[0.996 ]')
('correct:', '[1     ]')
error:  0.00000852
('out:    ', '[0.995 ]')
('correct:', '[1     ]')
error:  0.00001095
('out:    ', '[0.995 ]')
('correct:', '[1     ]')
error:  0.00001070
('out:    ', '[0.993 ]')
('correct:', '[1     ]')
error:  0.00002191
('out:    ', '[0.998 ]')
('correct:', '[1     ]')
error:  0.00000297
('out:    ', '[0.997 ]')
('correct:', '[1     ]')
error:  0.00000483
('out:    ', '[0.991 ]')
('correct:', '[1     ]')
error:  0.00003792
('out:    ', '[0.998 ]')
('correct:', '[1     ]')
error:  0.00000299
('out:    ', '[0.996 ]')
('correct:', '[1     ]')
error:  0.00000990
('out:    ', '[0.996 ]')
('correct:', '[1     ]')
error:  0.00000955
('out:    ', '[0.979 ]')
('correct:', '[1     ]')
error:  0.00022313
('out:    ', '[0.994 ]')
('correct:', '[1     ]')
error:  0.00001624
('out:    ', '[0.993 ]')
('correct:', '[1     ]')
error:  0.00002405
('out:    ', '[0.995 ]')
('correct:', '[1     ]')
error:  0.00001445
('out:    ', '[0.685 ]')
('correct:', '[1     ]')
error:  0.04961872
('out:    ', '[0.705 ]')
('correct:', '[1     ]')
error:  0.04354522
('out:    ', '[0.682 ]')
('correct:', '[1     ]')
error:  0.05057225
('out:    ', '[0.989 ]')
('correct:', '[1     ]')
error:  0.00006595
('out:    ', '[0.995 ]')
('correct:', '[1     ]')
error:  0.00001067
('out:    ', '[0.998 ]')
('correct:', '[1     ]')
error:  0.00000219
('out:    ', '[0.998 ]')
('correct:', '[1     ]')
error:  0.00000286
('out:    ', '[0.995 ]')
('correct:', '[1     ]')
error:  0.00001284
('out:    ', '[0.957 ]')
('correct:', '[1     ]')
error:  0.00092237
('out:    ', '[0.995 ]')
('correct:', '[1     ]')
error:  0.00001031
('out:    ', '[0.985 ]')
('correct:', '[1     ]')
error:  0.00011412
('out:    ', '[0.998 ]')
('correct:', '[1     ]')
error:  0.00000281
('out:    ', '[0.997 ]')
('correct:', '[1     ]')
error:  0.00000352
('out:    ', '[0.969 ]')
('correct:', '[1     ]')
error:  0.00048574
('out:    ', '[0.585 ]')
('correct:', '[0     ]')
error:  0.17128417
('out:    ', '[0.988 ]')
('correct:', '[1     ]')
error:  0.00006921
('out:    ', '[0.994 ]')
('correct:', '[1     ]')
error:  0.00001793
('out:    ', '[0.996 ]')
('correct:', '[1     ]')
error:  0.00000813
('out:    ', '[0.98  ]')
('correct:', '[1     ]')
error:  0.00019321
('out:    ', '[0.298 ]')
('correct:', '[1     ]')
error:  0.24663570
('out:    ', '[0.837 ]')
('correct:', '[1     ]')
error:  0.01320593
('out:    ', '[0.813 ]')
('correct:', '[1     ]')
error:  0.01747443
('out:    ', '[0.993 ]')
('correct:', '[1     ]')
error:  0.00002456
('out:    ', '[0.986 ]')
('correct:', '[1     ]')
error:  0.00010123
('out:    ', '[0.988 ]')
('correct:', '[1     ]')
error:  0.00006837
('out:    ', '[0.993 ]')
('correct:', '[1     ]')
error:  0.00002654
('out:    ', '[0.996 ]')
('correct:', '[1     ]')
error:  0.00000727
('out:    ', '[0.959 ]')
('correct:', '[1     ]')
error:  0.00083754
('out:    ', '[0.973 ]')
('correct:', '[1     ]')
error:  0.00036404
('out:    ', '[0.989 ]')
('correct:', '[1     ]')
error:  0.00006218
('out:    ', '[0.992 ]')
('correct:', '[1     ]')
error:  0.00003550
('out:    ', '[0.993 ]')
('correct:', '[1     ]')
error:  0.00002611
('out:    ', '[0.998 ]')
('correct:', '[1     ]')
error:  0.00000198
('out:    ', '[0.996 ]')
('correct:', '[1     ]')
error:  0.00000884
('out:    ', '[0.866 ]')
('correct:', '[1     ]')
error:  0.00892914
('out:    ', '[0.992 ]')
('correct:', '[1     ]')
error:  0.00003052
('out:    ', '[0.997 ]')
('correct:', '[1     ]')
error:  0.00000605
('out:    ', '[0.912 ]')
('correct:', '[0     ]')
error:  0.41613398
('out:    ', '[0.996 ]')
('correct:', '[1     ]')
error:  0.00000748
('out:    ', '[0.793 ]')
('correct:', '[1     ]')
error:  0.02142366
('out:    ', '[0.996 ]')
('correct:', '[1     ]')
error:  0.00000661
('out:    ', '[0.998 ]')
('correct:', '[1     ]')
error:  0.00000294
('out:    ', '[0.993 ]')
('correct:', '[1     ]')
error:  0.00002699
('out:    ', '[0.982 ]')
('correct:', '[1     ]')
error:  0.00016102
('out:    ', '[0.983 ]')
('correct:', '[1     ]')
error:  0.00014367
('out:    ', '[0.849 ]')
('correct:', '[1     ]')
error:  0.01138672
('out:    ', '[0.994 ]')
('correct:', '[1     ]')
error:  0.00001766
('out:    ', '[0.994 ]')
('correct:', '[1     ]')
error:  0.00001748
('out:    ', '[0.797 ]')
('correct:', '[1     ]')
error:  0.02065224
('out:    ', '[0.994 ]')
('correct:', '[1     ]')
error:  0.00001673
('out:    ', '[0.611 ]')
('correct:', '[1     ]')
error:  0.07577920
('out:    ', '[0.996 ]')
('correct:', '[1     ]')
error:  0.00000944
('out:    ', '[0.927 ]')
('correct:', '[1     ]')
error:  0.00263534
('out:    ', '[0.997 ]')
('correct:', '[1     ]')
error:  0.00000429
('out:    ', '[0.785 ]')
('correct:', '[1     ]')
error:  0.02301815
('out:    ', '[0.873 ]')
('correct:', '[1     ]')
error:  0.00811452
('out:    ', '[0.955 ]')
('correct:', '[1     ]')
error:  0.00099819
('out:    ', '[0.966 ]')
('correct:', '[1     ]')
error:  0.00057663
('out:    ', '[0.994 ]')
('correct:', '[1     ]')
error:  0.00001746
('out:    ', '[0.768 ]')
('correct:', '[1     ]')
error:  0.02696825
('out:    ', '[0.514 ]')
('correct:', '[0     ]')
error:  0.13220300
('out:    ', '[0.997 ]')
('correct:', '[1     ]')
error:  0.00000314
('out:    ', '[0.994 ]')
('correct:', '[1     ]')
error:  0.00001808
('out:    ', '[0.964 ]')
('correct:', '[1     ]')
error:  0.00066563
('out:    ', '[0.936 ]')
('correct:', '[1     ]')
error:  0.00204657
('out:    ', '[0.998 ]')
('correct:', '[1     ]')
error:  0.00000310
('out:    ', '[0.843 ]')
('correct:', '[1     ]')
error:  0.01230667
('out:    ', '[0.993 ]')
('correct:', '[1     ]')
error:  0.00002495
('out:    ', '[0.988 ]')
('correct:', '[1     ]')
error:  0.00007212
('out:    ', '[0.995 ]')
('correct:', '[1     ]')
error:  0.00001263
('out:    ', '[0.976 ]')
('correct:', '[1     ]')
error:  0.00028736
('out:    ', '[0.994 ]')
('correct:', '[1     ]')
error:  0.00001866
('out:    ', '[0.96  ]')
('correct:', '[1     ]')
error:  0.00079975
('out:    ', '[0.995 ]')
('correct:', '[1     ]')
error:  0.00001040
('out:    ', '[0.998 ]')
('correct:', '[1     ]')
error:  0.00000291
('out:    ', '[0.946 ]')
('correct:', '[1     ]')
error:  0.00145605
('out:    ', '[0.987 ]')
('correct:', '[1     ]')
error:  0.00009100
('out:    ', '[0.992 ]')
('correct:', '[1     ]')
error:  0.00003364
('out:    ', '[0.995 ]')
('correct:', '[1     ]')
error:  0.00001054
('out:    ', '[0.975 ]')
('correct:', '[1     ]')
error:  0.00030155
('out:    ', '[0.974 ]')
('correct:', '[1     ]')
error:  0.00033491
('out:    ', '[0.99  ]')
('correct:', '[1     ]')
error:  0.00005069
('out:    ', '[0.997 ]')
('correct:', '[1     ]')
error:  0.00000323
('out:    ', '[0.988 ]')
('correct:', '[1     ]')
error:  0.00007028
('out:    ', '[0.953 ]')
('correct:', '[1     ]')
error:  0.00112539
('out:    ', '[0.716 ]')
('correct:', '[1     ]')
error:  0.04023976
('out:    ', '[0.975 ]')
('correct:', '[1     ]')
error:  0.00031081
('out:    ', '[0.997 ]')
('correct:', '[1     ]')
error:  0.00000562
('out:    ', '[0.994 ]')
('correct:', '[1     ]')
error:  0.00001584
('out:    ', '[0.973 ]')
('correct:', '[1     ]')
error:  0.00037113
('out:    ', '[0.994 ]')
('correct:', '[1     ]')
error:  0.00001867
('out:    ', '[0.988 ]')
('correct:', '[1     ]')
error:  0.00007733
('out:    ', '[0.986 ]')
('correct:', '[1     ]')
error:  0.00009771
('out:    ', '[0.992 ]')
('correct:', '[1     ]')
error:  0.00003408
('out:    ', '[0.968 ]')
('correct:', '[1     ]')
error:  0.00051114
('out:    ', '[0.963 ]')
('correct:', '[1     ]')
error:  0.00068354
('out:    ', '[0.994 ]')
('correct:', '[1     ]')
error:  0.00001726
('out:    ', '[0.994 ]')
('correct:', '[1     ]')
error:  0.00001772
('out:    ', '[0.935 ]')
('correct:', '[1     ]')
error:  0.00209848
('out:    ', '[0.993 ]')
('correct:', '[1     ]')
error:  0.00002398
('out:    ', '[0.99  ]')
('correct:', '[1     ]')
error:  0.00005370
('out:    ', '[0.995 ]')
('correct:', '[1     ]')
error:  0.00001213
('out:    ', '[0.996 ]')
('correct:', '[1     ]')
error:  0.00000657
('out:    ', '[0.96  ]')
('correct:', '[1     ]')
error:  0.00080247
('out:    ', '[0.979 ]')
('correct:', '[1     ]')
error:  0.00021625
('out:    ', '[0.989 ]')
('correct:', '[1     ]')
error:  0.00005985
('out:    ', '[0.99  ]')
('correct:', '[0     ]')
error:  0.49025884
('out:    ', '[0.99  ]')
('correct:', '[1     ]')
error:  0.00004651
('out:    ', '[0.987 ]')
('correct:', '[1     ]')
error:  0.00008027
('out:    ', '[0.74  ]')
('correct:', '[1     ]')
error:  0.03373890
('out:    ', '[0.613 ]')
('correct:', '[1     ]')
error:  0.07476040
('out:    ', '[0.988 ]')
('correct:', '[1     ]')
error:  0.00006739
('out:    ', '[0.972 ]')
('correct:', '[1     ]')
error:  0.00039734
('out:    ', '[0.989 ]')
('correct:', '[1     ]')
error:  0.00006107
('out:    ', '[0.902 ]')
('correct:', '[1     ]')
error:  0.00475816
('out:    ', '[0.997 ]')
('correct:', '[1     ]')
error:  0.00000464
('out:    ', '[0.992 ]')
('correct:', '[1     ]')
error:  0.00003419
('out:    ', '[0.978 ]')
('correct:', '[1     ]')
error:  0.00023885
('out:    ', '[0.997 ]')
('correct:', '[1     ]')
error:  0.00000572
('out:    ', '[0.991 ]')
('correct:', '[1     ]')
error:  0.00004060
('out:    ', '[0.992 ]')
('correct:', '[1     ]')
error:  0.00003171
('out:    ', '[0.984 ]')
('correct:', '[1     ]')
error:  0.00013256
('out:    ', '[0.991 ]')
('correct:', '[1     ]')
error:  0.00003701
('out:    ', '[0.992 ]')
('correct:', '[1     ]')
error:  0.00003229
('out:    ', '[0.95  ]')
('correct:', '[1     ]')
error:  0.00123256
('out:    ', '[0.996 ]')
('correct:', '[1     ]')
error:  0.00000953
('out:    ', '[0.969 ]')
('correct:', '[1     ]')
error:  0.00048780
('out:    ', '[0.995 ]')
('correct:', '[1     ]')
error:  0.00001300
('out:    ', '[0.995 ]')
('correct:', '[1     ]')
error:  0.00001037
('out:    ', '[0.994 ]')
('correct:', '[1     ]')
error:  0.00001675
('out:    ', '[0.99  ]')
('correct:', '[1     ]')
error:  0.00004769
('out:    ', '[0.992 ]')
('correct:', '[1     ]')
error:  0.00003506
('out:    ', '[0.726 ]')
('correct:', '[1     ]')
error:  0.03741877
('out:    ', '[0.994 ]')
('correct:', '[1     ]')
error:  0.00001953
('out:    ', '[0.982 ]')
('correct:', '[1     ]')
error:  0.00015916
('out:    ', '[0.967 ]')
('correct:', '[1     ]')
error:  0.00054401
('out:    ', '[0.84  ]')
('correct:', '[1     ]')
error:  0.01286242
('out:    ', '[0.992 ]')
('correct:', '[1     ]')
error:  0.00003420
('out:    ', '[0.973 ]')
('correct:', '[1     ]')
error:  0.00037210
('out:    ', '[0.997 ]')
('correct:', '[1     ]')
error:  0.00000322
('out:    ', '[0.998 ]')
('correct:', '[1     ]')
error:  0.00000204
('out:    ', '[0.998 ]')
('correct:', '[1     ]')
error:  0.00000260
('out:    ', '[0.997 ]')
('correct:', '[1     ]')
error:  0.00000318
('out:    ', '[0.992 ]')
('correct:', '[1     ]')
error:  0.00003565
('out:    ', '[0.997 ]')
('correct:', '[1     ]')
error:  0.00000534
('out:    ', '[0.994 ]')
('correct:', '[1     ]')
error:  0.00001772
('out:    ', '[0.993 ]')
('correct:', '[1     ]')
error:  0.00002120
('out:    ', '[0.978 ]')
('correct:', '[1     ]')
error:  0.00023385
('out:    ', '[0.847 ]')
('correct:', '[1     ]')
error:  0.01166122
('out:    ', '[0.997 ]')
('correct:', '[1     ]')
error:  0.00000375
('out:    ', '[0.996 ]')
('correct:', '[1     ]')
error:  0.00000998
('out:    ', '[0.931 ]')
('correct:', '[1     ]')
error:  0.00236472
('out:    ', '[0.803 ]')
('correct:', '[1     ]')
error:  0.01949253
('out:    ', '[0.995 ]')
('correct:', '[1     ]')
error:  0.00001086
('out:    ', '[0.993 ]')
('correct:', '[1     ]')
error:  0.00002758
('out:    ', '[0.99  ]')
('correct:', '[1     ]')
error:  0.00005224
('out:    ', '[0.988 ]')
('correct:', '[1     ]')
error:  0.00007615
('out:    ', '[0.995 ]')
('correct:', '[1     ]')
error:  0.00001184
('out:    ', '[0.993 ]')
('correct:', '[1     ]')
error:  0.00002322
('out:    ', '[0.985 ]')
('correct:', '[1     ]')
error:  0.00010526
('out:    ', '[0.843 ]')
('correct:', '[1     ]')
error:  0.01238520
('out:    ', '[0.965 ]')
('correct:', '[1     ]')
error:  0.00059523
('out:    ', '[0.995 ]')
('correct:', '[1     ]')
error:  0.00001182
('out:    ', '[0.99  ]')
('correct:', '[1     ]')
error:  0.00004816
('out:    ', '[0.998 ]')
('correct:', '[1     ]')
error:  0.00000270
('out:    ', '[0.942 ]')
('correct:', '[1     ]')
error:  0.00166715
('out:    ', '[0.998 ]')
('correct:', '[1     ]')
error:  0.00000209
('out:    ', '[0.995 ]')
('correct:', '[1     ]')
error:  0.00001109
('out:    ', '[0.992 ]')
('correct:', '[1     ]')
error:  0.00003110
('out:    ', '[0.946 ]')
('correct:', '[1     ]')
error:  0.00148278
('out:    ', '[0.722 ]')
('correct:', '[0     ]')
error:  0.26070680
('out:    ', '[0.707 ]')
('correct:', '[0     ]')
error:  0.25005267
('out:    ', '[0.969 ]')
('correct:', '[1     ]')
error:  0.00048854
('out:    ', '[0.99  ]')
('correct:', '[1     ]')
error:  0.00004600
('out:    ', '[0.998 ]')
('correct:', '[1     ]')
error:  0.00000207
('out:    ', '[0.998 ]')
('correct:', '[1     ]')
error:  0.00000282
('out:    ', '[0.998 ]')
('correct:', '[1     ]')
error:  0.00000276
('out:    ', '[0.998 ]')
('correct:', '[1     ]')
error:  0.00000216
('out:    ', '[0.996 ]')
('correct:', '[1     ]')
error:  0.00000829
('out:    ', '[0.877 ]')
('correct:', '[1     ]')
error:  0.00751195
('out:    ', '[0.997 ]')
('correct:', '[1     ]')
error:  0.00000587
('out:    ', '[0.997 ]')
('correct:', '[1     ]')
error:  0.00000335
('out:    ', '[0.673 ]')
('correct:', '[0     ]')
error:  0.22645961
('out:    ', '[0.997 ]')
('correct:', '[1     ]')
error:  0.00000416
('out:    ', '[0.996 ]')
('correct:', '[1     ]')
error:  0.00001001
('out:    ', '[0.995 ]')
('correct:', '[1     ]')
error:  0.00001066
('out:    ', '[0.988 ]')
('correct:', '[1     ]')
error:  0.00006681
('out:    ', '[0.907 ]')
('correct:', '[1     ]')
error:  0.00436408
('out:    ', '[0.992 ]')
('correct:', '[1     ]')
error:  0.00002873
('out:    ', '[0.994 ]')
('correct:', '[1     ]')
error:  0.00001792
('out:    ', '[0.997 ]')
('correct:', '[1     ]')
error:  0.00000334
('out:    ', '[0.996 ]')
('correct:', '[1     ]')
error:  0.00000973
('out:    ', '[0.977 ]')
('correct:', '[1     ]')
error:  0.00027165
('out:    ', '[0.992 ]')
('correct:', '[1     ]')
error:  0.00003421
('out:    ', '[0.993 ]')
('correct:', '[1     ]')
error:  0.00002804
('out:    ', '[0.993 ]')
('correct:', '[1     ]')
error:  0.00002591
('out:    ', '[0.997 ]')
('correct:', '[1     ]')
error:  0.00000559
('out:    ', '[0.825 ]')
('correct:', '[1     ]')
error:  0.01539247
('out:    ', '[0.987 ]')
('correct:', '[1     ]')
error:  0.00008766
('out:    ', '[0.992 ]')
('correct:', '[1     ]')
error:  0.00003305
('out:    ', '[0.993 ]')
('correct:', '[1     ]')
error:  0.00002332
('out:    ', '[0.812 ]')
('correct:', '[1     ]')
error:  0.01758344
('out:    ', '[0.972 ]')
('correct:', '[1     ]')
error:  0.00040582
('out:    ', '[0.991 ]')
('correct:', '[1     ]')
error:  0.00003899
('out:    ', '[0.983 ]')
('correct:', '[1     ]')
error:  0.00014058
('out:    ', '[0.704 ]')
('correct:', '[0     ]')
error:  0.24756401
('out:    ', '[0.992 ]')
('correct:', '[1     ]')
error:  0.00003470
('out:    ', '[0.737 ]')
('correct:', '[1     ]')
error:  0.03454858
('out:    ', '[0.98  ]')
('correct:', '[1     ]')
error:  0.00020549
('out:    ', '[0.798 ]')
('correct:', '[1     ]')
error:  0.02035153
('out:    ', '[0.993 ]')
('correct:', '[1     ]')
error:  0.00002317
('out:    ', '[0.998 ]')
('correct:', '[1     ]')
error:  0.00000205
('out:    ', '[0.635 ]')
('correct:', '[1     ]')
error:  0.06647769
('out:    ', '[0.997 ]')
('correct:', '[1     ]')
error:  0.00000356
('out:    ', '[0.944 ]')
('correct:', '[1     ]')
error:  0.00158003
('out:    ', '[0.996 ]')
('correct:', '[1     ]')
error:  0.00000670
('out:    ', '[0.994 ]')
('correct:', '[1     ]')
error:  0.00001539
('out:    ', '[0.667 ]')
('correct:', '[1     ]')
error:  0.05556054
('out:    ', '[0.995 ]')
('correct:', '[1     ]')
error:  0.00001225
('out:    ', '[0.992 ]')
('correct:', '[1     ]')
error:  0.00003277
('out:    ', '[0.996 ]')
('correct:', '[1     ]')
error:  0.00000975
('out:    ', '[0.982 ]')
('correct:', '[1     ]')
error:  0.00016847
('out:    ', '[0.986 ]')
('correct:', '[1     ]')
error:  0.00009726
('out:    ', '[0.995 ]')
('correct:', '[1     ]')
error:  0.00001074
('out:    ', '[0.995 ]')
('correct:', '[1     ]')
error:  0.00001111
('out:    ', '[0.996 ]')
('correct:', '[1     ]')
error:  0.00000948
('out:    ', '[0.995 ]')
('correct:', '[1     ]')
error:  0.00001311
('out:    ', '[0.998 ]')
('correct:', '[1     ]')
error:  0.00000300
('out:    ', '[0.988 ]')
('correct:', '[1     ]')
error:  0.00006940
('out:    ', '[0.997 ]')
('correct:', '[1     ]')
error:  0.00000315
('out:    ', '[0.992 ]')
('correct:', '[1     ]')
error:  0.00003452
('out:    ', '[0.998 ]')
('correct:', '[1     ]')
error:  0.00000273
('out:    ', '[0.994 ]')
('correct:', '[1     ]')
error:  0.00001988
('out:    ', '[0.99  ]')
('correct:', '[1     ]')
error:  0.00004882
('out:    ', '[0.986 ]')
('correct:', '[1     ]')
error:  0.00009623
('out:    ', '[0.997 ]')
('correct:', '[1     ]')
error:  0.00000485
('out:    ', '[0.993 ]')
('correct:', '[1     ]')
error:  0.00002161
('out:    ', '[0.992 ]')
('correct:', '[1     ]')
error:  0.00003083
('out:    ', '[0.925 ]')
('correct:', '[1     ]')
error:  0.00278107
('out:    ', '[0.998 ]')
('correct:', '[1     ]')
error:  0.00000305
('out:    ', '[0.982 ]')
('correct:', '[1     ]')
error:  0.00015627
('out:    ', '[0.996 ]')
('correct:', '[1     ]')
error:  0.00000694
('out:    ', '[0.997 ]')
('correct:', '[1     ]')
error:  0.00000345
('out:    ', '[0.982 ]')
('correct:', '[1     ]')
error:  0.00015794
('out:    ', '[0.988 ]')
('correct:', '[1     ]')
error:  0.00007377
('out:    ', '[0.992 ]')
('correct:', '[1     ]')
error:  0.00003419
('out:    ', '[0.992 ]')
('correct:', '[1     ]')
error:  0.00002859
('out:    ', '[0.995 ]')
('correct:', '[1     ]')
error:  0.00001055
('out:    ', '[0.796 ]')
('correct:', '[1     ]')
error:  0.02083939
('out:    ', '[0.97  ]')
('correct:', '[1     ]')
error:  0.00044515
('out:    ', '[0.985 ]')
('correct:', '[1     ]')
error:  0.00011871
('out:    ', '[0.912 ]')
('correct:', '[1     ]')
error:  0.00387945
('out:    ', '[0.97  ]')
('correct:', '[1     ]')
error:  0.00045465
('out:    ', '[0.939 ]')
('correct:', '[1     ]')
error:  0.00184222
('out:    ', '[0.641 ]')
('correct:', '[1     ]')
error:  0.06455609
('out:    ', '[0.996 ]')
('correct:', '[1     ]')
error:  0.00000873
('out:    ', '[0.995 ]')
('correct:', '[1     ]')
error:  0.00001091
('out:    ', '[0.975 ]')
('correct:', '[1     ]')
error:  0.00030739
('out:    ', '[0.83  ]')
('correct:', '[1     ]')
error:  0.01437033
('out:    ', '[0.994 ]')
('correct:', '[1     ]')
error:  0.00001629
('out:    ', '[0.993 ]')
('correct:', '[1     ]')
error:  0.00002586
('out:    ', '[0.997 ]')
('correct:', '[1     ]')
error:  0.00000611
('out:    ', '[0.887 ]')
('correct:', '[1     ]')
error:  0.00643465
('out:    ', '[0.993 ]')
('correct:', '[1     ]')
error:  0.00002369
('out:    ', '[0.987 ]')
('correct:', '[1     ]')
error:  0.00007876
('out:    ', '[0.995 ]')
('correct:', '[1     ]')
error:  0.00001368
('out:    ', '[0.944 ]')
('correct:', '[1     ]')
error:  0.00156760
('out:    ', '[0.991 ]')
('correct:', '[1     ]')
error:  0.00004324
('out:    ', '[0.992 ]')
('correct:', '[1     ]')
error:  0.00002938
('out:    ', '[0.992 ]')
('correct:', '[1     ]')
error:  0.00003095
('out:    ', '[0.986 ]')
('correct:', '[1     ]')
error:  0.00010113
('out:    ', '[0.997 ]')
('correct:', '[1     ]')
error:  0.00000443
('out:    ', '[0.998 ]')
('correct:', '[1     ]')
error:  0.00000242
('out:    ', '[0.94  ]')
('correct:', '[1     ]')
error:  0.00180420
('out:    ', '[0.997 ]')
('correct:', '[1     ]')
error:  0.00000448
('out:    ', '[0.997 ]')
('correct:', '[1     ]')
error:  0.00000505
('out:    ', '[0.98  ]')
('correct:', '[1     ]')
error:  0.00019615
('out:    ', '[0.993 ]')
('correct:', '[1     ]')
error:  0.00002358
('out:    ', '[0.982 ]')
('correct:', '[1     ]')
error:  0.00016447
('out:    ', '[0.972 ]')
('correct:', '[1     ]')
error:  0.00040385
('out:    ', '[0.993 ]')
('correct:', '[1     ]')
error:  0.00002799
('out:    ', '[0.997 ]')
('correct:', '[1     ]')
error:  0.00000407
('out:    ', '[0.995 ]')
('correct:', '[1     ]')
error:  0.00001406
('out:    ', '[0.99  ]')
('correct:', '[1     ]')
error:  0.00004572
('out:    ', '[0.996 ]')
('correct:', '[1     ]')
error:  0.00000952
('out:    ', '[0.996 ]')
('correct:', '[1     ]')
error:  0.00000787
('out:    ', '[0.997 ]')
('correct:', '[1     ]')
error:  0.00000459
('out:    ', '[0.996 ]')
('correct:', '[1     ]')
error:  0.00000855
('out:    ', '[0.995 ]')
('correct:', '[1     ]')
error:  0.00001237
('out:    ', '[0.995 ]')
('correct:', '[1     ]')
error:  0.00001091
('out:    ', '[0.949 ]')
('correct:', '[1     ]')
error:  0.00128185
('out:    ', '[0.988 ]')
('correct:', '[1     ]')
error:  0.00007119
('out:    ', '[0.991 ]')
('correct:', '[1     ]')
error:  0.00004123
('out:    ', '[0.992 ]')
('correct:', '[1     ]')
error:  0.00003313
('out:    ', '[0.987 ]')
('correct:', '[1     ]')
error:  0.00008404
('out:    ', '[0.997 ]')
('correct:', '[1     ]')
error:  0.00000371
('out:    ', '[0.914 ]')
('correct:', '[1     ]')
error:  0.00371355
('out:    ', '[0.992 ]')
('correct:', '[1     ]')
error:  0.00002846
('out:    ', '[0.993 ]')
('correct:', '[1     ]')
error:  0.00002206
('out:    ', '[0.994 ]')
('correct:', '[1     ]')
error:  0.00001857
('out:    ', '[0.998 ]')
('correct:', '[1     ]')
error:  0.00000223
('out:    ', '[0.733 ]')
('correct:', '[1     ]')
error:  0.03573440
('out:    ', '[0.996 ]')
('correct:', '[1     ]')
error:  0.00000898
('out:    ', '[0.998 ]')
('correct:', '[1     ]')
error:  0.00000143
('out:    ', '[0.997 ]')
('correct:', '[1     ]')
error:  0.00000318
('out:    ', '[0.998 ]')
('correct:', '[1     ]')
error:  0.00000286
('out:    ', '[0.994 ]')
('correct:', '[1     ]')
error:  0.00001679
('out:    ', '[0.994 ]')
('correct:', '[1     ]')
error:  0.00001578
('out:    ', '[0.987 ]')
('correct:', '[1     ]')
error:  0.00008753
('out:    ', '[0.998 ]')
('correct:', '[1     ]')
error:  0.00000255
('out:    ', '[0.992 ]')
('correct:', '[1     ]')
error:  0.00003417
('out:    ', '[0.951 ]')
('correct:', '[0     ]')
error:  0.45174751
('out:    ', '[0.989 ]')
('correct:', '[1     ]')
error:  0.00006121
('out:    ', '[0.928 ]')
('correct:', '[1     ]')
error:  0.00256188
('out:    ', '[0.839 ]')
('correct:', '[1     ]')
error:  0.01301084
('out:    ', '[0.993 ]')
('correct:', '[1     ]')
error:  0.00002662
('out:    ', '[0.996 ]')
('correct:', '[1     ]')
error:  0.00000863
('out:    ', '[0.786 ]')
('correct:', '[1     ]')
error:  0.02297538
('out:    ', '[0.988 ]')
('correct:', '[1     ]')
error:  0.00007570
('out:    ', '[0.993 ]')
('correct:', '[1     ]')
error:  0.00002123
('out:    ', '[0.985 ]')
('correct:', '[1     ]')
error:  0.00011952
('out:    ', '[0.973 ]')
('correct:', '[1     ]')
error:  0.00036683
('out:    ', '[0.996 ]')
('correct:', '[1     ]')
error:  0.00000656
('out:    ', '[0.989 ]')
('correct:', '[1     ]')
error:  0.00005735
('out:    ', '[0.99  ]')
('correct:', '[1     ]')
error:  0.00005148
('out:    ', '[0.997 ]')
('correct:', '[1     ]')
error:  0.00000322
('out:    ', '[0.823 ]')
('correct:', '[0     ]')
error:  0.33886757
('out:    ', '[0.992 ]')
('correct:', '[1     ]')
error:  0.00003389
('out:    ', '[0.654 ]')
('correct:', '[1     ]')
error:  0.05990921
('out:    ', '[0.679 ]')
('correct:', '[1     ]')
error:  0.05142829
('out:    ', '[0.736 ]')
('correct:', '[1     ]')
error:  0.03484180
('out:    ', '[0.678 ]')
('correct:', '[1     ]')
error:  0.05180938
('out:    ', '[0.674 ]')
('correct:', '[1     ]')
error:  0.05315046
('out:    ', '[0.946 ]')
('correct:', '[1     ]')
error:  0.00146711
('out:    ', '[0.995 ]')
('correct:', '[1     ]')
error:  0.00001233
('out:    ', '[0.997 ]')
('correct:', '[1     ]')
error:  0.00000458
('out:    ', '[0.976 ]')
('correct:', '[1     ]')
error:  0.00028059
('out:    ', '[0.706 ]')
('correct:', '[1     ]')
error:  0.04336006
('out:    ', '[0.997 ]')
('correct:', '[1     ]')
error:  0.00000611
('out:    ', '[0.978 ]')
('correct:', '[1     ]')
error:  0.00024525
('out:    ', '[0.998 ]')
('correct:', '[1     ]')
error:  0.00000207
('out:    ', '[0.997 ]')
('correct:', '[1     ]')
error:  0.00000382
('out:    ', '[0.992 ]')
('correct:', '[1     ]')
error:  0.00002966
('out:    ', '[0.998 ]')
('correct:', '[1     ]')
error:  0.00000147
('out:    ', '[0.998 ]')
('correct:', '[1     ]')
error:  0.00000277
('out:    ', '[0.998 ]')
('correct:', '[1     ]')
error:  0.00000287
('out:    ', '[0.994 ]')
('correct:', '[1     ]')
error:  0.00001694
('out:    ', '[0.978 ]')
('correct:', '[1     ]')
error:  0.00023877
('out:    ', '[0.995 ]')
('correct:', '[1     ]')
error:  0.00001058
('out:    ', '[0.825 ]')
('correct:', '[0     ]')
error:  0.33992209
('out:    ', '[0.993 ]')
('correct:', '[1     ]')
error:  0.00002469
('out:    ', '[0.836 ]')
('correct:', '[1     ]')
error:  0.01352499
('out:    ', '[0.993 ]')
('correct:', '[1     ]')
error:  0.00002349
('out:    ', '[0.99  ]')
('correct:', '[1     ]')
error:  0.00005114
('out:    ', '[0.643 ]')
('correct:', '[0     ]')
error:  0.20658915
('out:    ', '[0.81  ]')
('correct:', '[1     ]')
error:  0.01804653
('out:    ', '[0.998 ]')
('correct:', '[1     ]')
error:  0.00000207
('out:    ', '[0.996 ]')
('correct:', '[1     ]')
error:  0.00000904
('out:    ', '[0.986 ]')
('correct:', '[1     ]')
error:  0.00009425
('out:    ', '[0.772 ]')
('correct:', '[1     ]')
error:  0.02603673
('out:    ', '[0.997 ]')
('correct:', '[1     ]')
error:  0.00000346
('out:    ', '[0.991 ]')
('correct:', '[1     ]')
error:  0.00003734
('out:    ', '[0.998 ]')
('correct:', '[1     ]')
error:  0.00000277
('out:    ', '[0.908 ]')
('correct:', '[1     ]')
error:  0.00424967
('out:    ', '[0.92  ]')
('correct:', '[1     ]')
error:  0.00316686
('out:    ', '[0.997 ]')
('correct:', '[1     ]')
error:  0.00000379
('out:    ', '[0.993 ]')
('correct:', '[1     ]')
error:  0.00002667
('out:    ', '[0.997 ]')
('correct:', '[1     ]')
error:  0.00000314
('out:    ', '[0.995 ]')
('correct:', '[1     ]')
error:  0.00001458
('out:    ', '[0.811 ]')
('correct:', '[1     ]')
error:  0.01779433
('out:    ', '[0.997 ]')
('correct:', '[1     ]')
error:  0.00000331
('out:    ', '[0.958 ]')
('correct:', '[1     ]')
error:  0.00089459
('out:    ', '[0.99  ]')
('correct:', '[1     ]')
error:  0.00005455
('out:    ', '[0.992 ]')
('correct:', '[1     ]')
error:  0.00003419
('out:    ', '[0.553 ]')
('correct:', '[1     ]')
error:  0.10007756
('out:    ', '[0.994 ]')
('correct:', '[1     ]')
error:  0.00001515
('out:    ', '[0.949 ]')
('correct:', '[1     ]')
error:  0.00130525
('out:    ', '[0.992 ]')
('correct:', '[1     ]')
error:  0.00003147
('out:    ', '[0.974 ]')
('correct:', '[1     ]')
error:  0.00034014
('out:    ', '[0.982 ]')
('correct:', '[1     ]')
error:  0.00015823
('out:    ', '[0.905 ]')
('correct:', '[1     ]')
error:  0.00448424
('out:    ', '[0.998 ]')
('correct:', '[1     ]')
error:  0.00000259
('out:    ', '[0.995 ]')
('correct:', '[1     ]')
error:  0.00001025
('out:    ', '[0.998 ]')
('correct:', '[1     ]')
error:  0.00000269
('out:    ', '[0.998 ]')
('correct:', '[1     ]')
error:  0.00000220
('out:    ', '[0.994 ]')
('correct:', '[1     ]')
error:  0.00001836
('out:    ', '[0.997 ]')
('correct:', '[1     ]')
error:  0.00000595
('out:    ', '[0.993 ]')
('correct:', '[1     ]')
error:  0.00002339
('out:    ', '[0.995 ]')
('correct:', '[1     ]')
error:  0.00001036
('out:    ', '[0.984 ]')
('correct:', '[1     ]')
error:  0.00012348
('out:    ', '[0.995 ]')
('correct:', '[1     ]')
error:  0.00001044
('out:    ', '[0.994 ]')
('correct:', '[1     ]')
error:  0.00001728
('out:    ', '[0.989 ]')
('correct:', '[1     ]')
error:  0.00006152
('out:    ', '[0.995 ]')
('correct:', '[1     ]')
error:  0.00001464
('out:    ', '[0.998 ]')
('correct:', '[1     ]')
error:  0.00000309
('out:    ', '[0.993 ]')
('correct:', '[1     ]')
error:  0.00002174
('out:    ', '[0.997 ]')
('correct:', '[1     ]')
error:  0.00000516
('out:    ', '[0.996 ]')
('correct:', '[1     ]')
error:  0.00000716
('out:    ', '[0.993 ]')
('correct:', '[1     ]')
error:  0.00002348
('out:    ', '[0.973 ]')
('correct:', '[1     ]')
error:  0.00035294
('out:    ', '[0.993 ]')
('correct:', '[1     ]')
error:  0.00002372
('out:    ', '[0.997 ]')
('correct:', '[1     ]')
error:  0.00000539
('out:    ', '[0.979 ]')
('correct:', '[1     ]')
error:  0.00022398
('out:    ', '[0.8   ]')
('correct:', '[1     ]')
error:  0.01992494
('out:    ', '[0.997 ]')
('correct:', '[1     ]')
error:  0.00000319
('out:    ', '[0.959 ]')
('correct:', '[1     ]')
error:  0.00083112
('out:    ', '[0.993 ]')
('correct:', '[1     ]')
error:  0.00002458
('out:    ', '[0.977 ]')
('correct:', '[1     ]')
error:  0.00025798
('out:    ', '[0.676 ]')
('correct:', '[1     ]')
error:  0.05240848
('out:    ', '[0.992 ]')
('correct:', '[1     ]')
error:  0.00003224
('out:    ', '[0.997 ]')
('correct:', '[1     ]')
error:  0.00000400
('out:    ', '[0.957 ]')
('correct:', '[1     ]')
error:  0.00094238
('out:    ', '[0.995 ]')
('correct:', '[1     ]')
error:  0.00001145
('out:    ', '[0.994 ]')
('correct:', '[1     ]')
error:  0.00001685
('out:    ', '[0.685 ]')
('correct:', '[1     ]')
error:  0.04972040
('out:    ', '[0.931 ]')
('correct:', '[1     ]')
error:  0.00240183
('out:    ', '[0.981 ]')
('correct:', '[1     ]')
error:  0.00018467
('out:    ', '[0.99  ]')
('correct:', '[1     ]')
error:  0.00005249
('out:    ', '[0.986 ]')
('correct:', '[1     ]')
error:  0.00009275
('out:    ', '[0.974 ]')
('correct:', '[1     ]')
error:  0.00034889
('out:    ', '[0.671 ]')
('correct:', '[1     ]')
error:  0.05420400
('out:    ', '[0.995 ]')
('correct:', '[1     ]')
error:  0.00001171
('out:    ', '[0.992 ]')
('correct:', '[1     ]')
error:  0.00003386
('out:    ', '[0.941 ]')
('correct:', '[1     ]')
error:  0.00173469
('out:    ', '[0.992 ]')
('correct:', '[1     ]')
error:  0.00002896
('out:    ', '[0.998 ]')
('correct:', '[1     ]')
error:  0.00000288
('out:    ', '[0.953 ]')
('correct:', '[1     ]')
error:  0.00111450
('out:    ', '[0.786 ]')
('correct:', '[1     ]')
error:  0.02289944
('out:    ', '[0.996 ]')
('correct:', '[1     ]')
error:  0.00000939
('out:    ', '[0.992 ]')
('correct:', '[1     ]')
error:  0.00003009
('out:    ', '[0.995 ]')
('correct:', '[1     ]')
error:  0.00001016
('out:    ', '[0.997 ]')
('correct:', '[1     ]')
error:  0.00000605
('out:    ', '[0.935 ]')
('correct:', '[1     ]')
error:  0.00208108
('out:    ', '[0.998 ]')
('correct:', '[1     ]')
error:  0.00000296
('out:    ', '[0.695 ]')
('correct:', '[1     ]')
error:  0.04660844
('out:    ', '[0.988 ]')
('correct:', '[1     ]')
error:  0.00007680
('out:    ', '[0.988 ]')
('correct:', '[1     ]')
error:  0.00007738
('out:    ', '[0.995 ]')
('correct:', '[1     ]')
error:  0.00001021
('out:    ', '[0.989 ]')
('correct:', '[1     ]')
error:  0.00006115
('out:    ', '[0.997 ]')
('correct:', '[1     ]')
error:  0.00000348
('out:    ', '[0.835 ]')
('correct:', '[1     ]')
error:  0.01367463
('out:    ', '[0.992 ]')
('correct:', '[1     ]')
error:  0.00003505
('out:    ', '[0.997 ]')
('correct:', '[1     ]')
error:  0.00000576
('out:    ', '[0.944 ]')
('correct:', '[1     ]')
error:  0.00159015
('out:    ', '[0.989 ]')
('correct:', '[1     ]')
error:  0.00005739
('out:    ', '[0.965 ]')
('correct:', '[1     ]')
error:  0.00060897
('out:    ', '[0.998 ]')
('correct:', '[1     ]')
error:  0.00000144
('out:    ', '[0.98  ]')
('correct:', '[1     ]')
error:  0.00020846
('out:    ', '[0.998 ]')
('correct:', '[1     ]')
error:  0.00000290
('out:    ', '[0.993 ]')
('correct:', '[1     ]')
error:  0.00002464
('out:    ', '[0.997 ]')
('correct:', '[1     ]')
error:  0.00000390
('out:    ', '[0.971 ]')
('correct:', '[1     ]')
error:  0.00042668
('out:    ', '[0.834 ]')
('correct:', '[0     ]')
error:  0.34807801
('out:    ', '[0.842 ]')
('correct:', '[1     ]')
error:  0.01250879
('out:    ', '[0.995 ]')
('correct:', '[1     ]')
error:  0.00001030
('out:    ', '[0.974 ]')
('correct:', '[0     ]')
error:  0.47440528
('out:    ', '[0.991 ]')
('correct:', '[1     ]')
error:  0.00003733
('out:    ', '[0.98  ]')
('correct:', '[1     ]')
error:  0.00019481
('out:    ', '[0.765 ]')
('correct:', '[1     ]')
error:  0.02754518
('out:    ', '[0.997 ]')
('correct:', '[1     ]')
error:  0.00000501
('out:    ', '[0.993 ]')
('correct:', '[1     ]')
error:  0.00002129
('out:    ', '[0.997 ]')
('correct:', '[1     ]')
error:  0.00000375
('out:    ', '[0.996 ]')
('correct:', '[1     ]')
error:  0.00000926
('out:    ', '[0.998 ]')
('correct:', '[1     ]')
error:  0.00000295
('out:    ', '[0.99  ]')
('correct:', '[1     ]')
error:  0.00004889
('out:    ', '[0.991 ]')
('correct:', '[1     ]')
error:  0.00003760
('out:    ', '[0.965 ]')
('correct:', '[1     ]')
error:  0.00062785
('out:    ', '[0.988 ]')
('correct:', '[1     ]')
error:  0.00007761
('out:    ', '[0.722 ]')
('correct:', '[1     ]')
error:  0.03856051
('out:    ', '[0.975 ]')
('correct:', '[1     ]')
error:  0.00030063
('out:    ', '[0.997 ]')
('correct:', '[1     ]')
error:  0.00000535
('out:    ', '[0.996 ]')
('correct:', '[1     ]')
error:  0.00000976
('out:    ', '[0.946 ]')
('correct:', '[1     ]')
error:  0.00147959
('out:    ', '[0.995 ]')
('correct:', '[1     ]')
error:  0.00001238
('out:    ', '[0.997 ]')
('correct:', '[1     ]')
error:  0.00000394
('out:    ', '[0.975 ]')
('correct:', '[1     ]')
error:  0.00030098
('out:    ', '[0.981 ]')
('correct:', '[1     ]')
error:  0.00017522
('out:    ', '[0.998 ]')
('correct:', '[1     ]')
error:  0.00000176
('out:    ', '[0.96  ]')
('correct:', '[1     ]')
error:  0.00078345
('out:    ', '[0.804 ]')
('correct:', '[1     ]')
error:  0.01917027
('out:    ', '[0.997 ]')
('correct:', '[1     ]')
error:  0.00000481
('out:    ', '[0.998 ]')
('correct:', '[1     ]')
error:  0.00000297
('out:    ', '[0.996 ]')
('correct:', '[1     ]')
error:  0.00000651
('out:    ', '[0.829 ]')
('correct:', '[1     ]')
error:  0.01458550
('out:    ', '[0.983 ]')
('correct:', '[1     ]')
error:  0.00013662
('out:    ', '[0.995 ]')
('correct:', '[1     ]')
error:  0.00001391
('out:    ', '[0.908 ]')
('correct:', '[1     ]')
error:  0.00421480
('out:    ', '[0.998 ]')
('correct:', '[1     ]')
error:  0.00000273
('out:    ', '[0.993 ]')
('correct:', '[1     ]')
error:  0.00002364
('out:    ', '[0.958 ]')
('correct:', '[1     ]')
error:  0.00086317
('out:    ', '[0.995 ]')
('correct:', '[1     ]')
error:  0.00001169
('out:    ', '[0.98  ]')
('correct:', '[1     ]')
error:  0.00021000
('out:    ', '[0.996 ]')
('correct:', '[1     ]')
error:  0.00000803
('out:    ', '[0.986 ]')
('correct:', '[1     ]')
error:  0.00009523
('out:    ', '[0.994 ]')
('correct:', '[1     ]')
error:  0.00002046
('out:    ', '[0.99  ]')
('correct:', '[1     ]')
error:  0.00005476
('out:    ', '[0.997 ]')
('correct:', '[1     ]')
error:  0.00000355
('out:    ', '[0.992 ]')
('correct:', '[1     ]')
error:  0.00003319
('out:    ', '[0.987 ]')
('correct:', '[1     ]')
error:  0.00008651
('out:    ', '[0.996 ]')
('correct:', '[1     ]')
error:  0.00000884
('out:    ', '[0.99  ]')
('correct:', '[1     ]')
error:  0.00004811
('out:    ', '[0.991 ]')
('correct:', '[1     ]')
error:  0.00004184
('out:    ', '[0.994 ]')
('correct:', '[1     ]')
error:  0.00002079
('out:    ', '[0.995 ]')
('correct:', '[1     ]')
error:  0.00001399
('out:    ', '[0.997 ]')
('correct:', '[1     ]')
error:  0.00000374
('out:    ', '[0.993 ]')
('correct:', '[1     ]')
error:  0.00002205
('out:    ', '[0.965 ]')
('correct:', '[1     ]')
error:  0.00061280
('out:    ', '[0.995 ]')
('correct:', '[1     ]')
error:  0.00001132
('out:    ', '[0.996 ]')
('correct:', '[1     ]')
error:  0.00000831
('out:    ', '[0.993 ]')
('correct:', '[1     ]')
error:  0.00002396
('out:    ', '[0.998 ]')
('correct:', '[1     ]')
error:  0.00000285
('out:    ', '[0.997 ]')
('correct:', '[1     ]')
error:  0.00000455
('out:    ', '[0.994 ]')
('correct:', '[1     ]')
error:  0.00001569
('out:    ', '[0.997 ]')
('correct:', '[1     ]')
error:  0.00000590
('out:    ', '[0.687 ]')
('correct:', '[1     ]')
error:  0.04901108
('out:    ', '[0.985 ]')
('correct:', '[1     ]')
error:  0.00010715
('out:    ', '[0.989 ]')
('correct:', '[1     ]')
error:  0.00005977
('out:    ', '[0.995 ]')
('correct:', '[1     ]')
error:  0.00001160
('out:    ', '[0.996 ]')
('correct:', '[1     ]')
error:  0.00000752
('out:    ', '[0.955 ]')
('correct:', '[1     ]')
error:  0.00099021
('out:    ', '[0.961 ]')
('correct:', '[1     ]')
error:  0.00075652
('out:    ', '[0.995 ]')
('correct:', '[1     ]')
error:  0.00001391
('out:    ', '[0.997 ]')
('correct:', '[1     ]')
error:  0.00000550
('out:    ', '[0.919 ]')
('correct:', '[1     ]')
error:  0.00331652
('out:    ', '[0.993 ]')
('correct:', '[1     ]')
error:  0.00002164
('out:    ', '[0.679 ]')
('correct:', '[1     ]')
error:  0.05157735
('out:    ', '[0.949 ]')
('correct:', '[1     ]')
error:  0.00129381
('out:    ', '[0.997 ]')
('correct:', '[1     ]')
error:  0.00000591
('out:    ', '[0.931 ]')
('correct:', '[1     ]')
error:  0.00235303
('out:    ', '[0.266 ]')
('correct:', '[1     ]')
error:  0.26903501
('out:    ', '[0.995 ]')
('correct:', '[1     ]')
error:  0.00001463
('out:    ', '[0.993 ]')
('correct:', '[1     ]')
error:  0.00002460
('out:    ', '[0.994 ]')
('correct:', '[1     ]')
error:  0.00001781
('out:    ', '[0.992 ]')
('correct:', '[1     ]')
error:  0.00003343
('out:    ', '[0.997 ]')
('correct:', '[1     ]')
error:  0.00000581
('out:    ', '[0.971 ]')
('correct:', '[1     ]')
error:  0.00042598
('out:    ', '[0.808 ]')
('correct:', '[1     ]')
error:  0.01846855
('out:    ', '[0.997 ]')
('correct:', '[1     ]')
error:  0.00000565
('out:    ', '[0.998 ]')
('correct:', '[1     ]')
error:  0.00000231
('out:    ', '[0.983 ]')
('correct:', '[1     ]')
error:  0.00014409
('out:    ', '[0.997 ]')
('correct:', '[1     ]')
error:  0.00000374
('out:    ', '[0.997 ]')
('correct:', '[1     ]')
error:  0.00000393
('out:    ', '[0.993 ]')
('correct:', '[1     ]')
error:  0.00002241
('out:    ', '[0.994 ]')
('correct:', '[1     ]')
error:  0.00001983
('out:    ', '[0.981 ]')
('correct:', '[1     ]')
error:  0.00018848
('out:    ', '[0.991 ]')
('correct:', '[1     ]')
error:  0.00004152
('out:    ', '[0.995 ]')
('correct:', '[1     ]')
error:  0.00001405
('out:    ', '[0.989 ]')
('correct:', '[1     ]')
error:  0.00006060
('out:    ', '[0.981 ]')
('correct:', '[1     ]')
error:  0.00017632
('out:    ', '[0.937 ]')
('correct:', '[1     ]')
error:  0.00195694
('out:    ', '[0.826 ]')
('correct:', '[1     ]')
error:  0.01508567
('out:    ', '[0.992 ]')
('correct:', '[1     ]')
error:  0.00003261
('out:    ', '[0.732 ]')
('correct:', '[1     ]')
error:  0.03579196
('out:    ', '[0.994 ]')
('correct:', '[1     ]')
error:  0.00001693
('out:    ', '[0.994 ]')
('correct:', '[1     ]')
error:  0.00002043
('out:    ', '[0.995 ]')
('correct:', '[1     ]')
error:  0.00001088
('out:    ', '[0.983 ]')
('correct:', '[1     ]')
error:  0.00013897
('out:    ', '[0.984 ]')
('correct:', '[1     ]')
error:  0.00012860
('out:    ', '[0.991 ]')
('correct:', '[1     ]')
error:  0.00004007
('out:    ', '[0.961 ]')
('correct:', '[1     ]')
error:  0.00076039
('out:    ', '[0.8   ]')
('correct:', '[1     ]')
error:  0.02000170
('out:    ', '[0.934 ]')
('correct:', '[1     ]')
error:  0.00215340
('out:    ', '[0.986 ]')
('correct:', '[1     ]')
error:  0.00009386
('out:    ', '[0.998 ]')
('correct:', '[1     ]')
error:  0.00000211
('out:    ', '[0.759 ]')
('correct:', '[1     ]')
error:  0.02902818
('out:    ', '[0.992 ]')
('correct:', '[1     ]')
error:  0.00003170
('out:    ', '[0.996 ]')
('correct:', '[1     ]')
error:  0.00000860
('out:    ', '[0.987 ]')
('correct:', '[1     ]')
error:  0.00007817
('out:    ', '[0.705 ]')
('correct:', '[1     ]')
error:  0.04365923
('out:    ', '[0.955 ]')
('correct:', '[1     ]')
error:  0.00099211
('out:    ', '[0.998 ]')
('correct:', '[1     ]')
error:  0.00000271
('out:    ', '[0.971 ]')
('correct:', '[1     ]')
error:  0.00043234
('out:    ', '[0.989 ]')
('correct:', '[1     ]')
error:  0.00005525
('out:    ', '[0.979 ]')
('correct:', '[1     ]')
error:  0.00021178
('out:    ', '[0.989 ]')
('correct:', '[1     ]')
error:  0.00005829
('out:    ', '[0.974 ]')
('correct:', '[1     ]')
error:  0.00033632
('out:    ', '[0.993 ]')
('correct:', '[1     ]')
error:  0.00002340
('out:    ', '[0.995 ]')
('correct:', '[1     ]')
error:  0.00001443
('out:    ', '[0.983 ]')
('correct:', '[1     ]')
error:  0.00014191
('out:    ', '[0.979 ]')
('correct:', '[1     ]')
error:  0.00022703
('out:    ', '[0.99  ]')
('correct:', '[0     ]')
error:  0.48956413
('out:    ', '[0.998 ]')
('correct:', '[1     ]')
error:  0.00000270
('out:    ', '[0.996 ]')
('correct:', '[1     ]')
error:  0.00000944
('out:    ', '[0.992 ]')
('correct:', '[1     ]')
error:  0.00003394
('out:    ', '[0.948 ]')
('correct:', '[1     ]')
error:  0.00136528
('out:    ', '[0.994 ]')
('correct:', '[1     ]')
error:  0.00001537
('out:    ', '[0.99  ]')
('correct:', '[1     ]')
error:  0.00004810
('out:    ', '[0.987 ]')
('correct:', '[1     ]')
error:  0.00009001
('out:    ', '[0.994 ]')
('correct:', '[1     ]')
error:  0.00001995
('out:    ', '[0.998 ]')
('correct:', '[1     ]')
error:  0.00000279
('out:    ', '[0.765 ]')
('correct:', '[1     ]')
error:  0.02763673
('out:    ', '[0.995 ]')
('correct:', '[1     ]')
error:  0.00001043
('out:    ', '[0.839 ]')
('correct:', '[1     ]')
error:  0.01295963
('out:    ', '[0.796 ]')
('correct:', '[1     ]')
error:  0.02078027
('out:    ', '[0.823 ]')
('correct:', '[1     ]')
error:  0.01574213
('out:    ', '[0.92  ]')
('correct:', '[1     ]')
error:  0.00316286
('out:    ', '[0.838 ]')
('correct:', '[0     ]')
error:  0.35144842
('out:    ', '[0.954 ]')
('correct:', '[1     ]')
error:  0.00104444
('out:    ', '[0.997 ]')
('correct:', '[1     ]')
error:  0.00000416
('out:    ', '[0.977 ]')
('correct:', '[1     ]')
error:  0.00026723
('out:    ', '[0.804 ]')
('correct:', '[1     ]')
error:  0.01921874
('out:    ', '[0.978 ]')
('correct:', '[1     ]')
error:  0.00025284
('out:    ', '[0.949 ]')
('correct:', '[1     ]')
error:  0.00128410
('out:    ', '[0.997 ]')
('correct:', '[1     ]')
error:  0.00000325
('out:    ', '[0.992 ]')
('correct:', '[1     ]')
error:  0.00003000
('out:    ', '[0.993 ]')
('correct:', '[1     ]')
error:  0.00002290
('out:    ', '[0.871 ]')
('correct:', '[1     ]')
error:  0.00826090
('out:    ', '[0.994 ]')
('correct:', '[1     ]')
error:  0.00002069
('out:    ', '[0.725 ]')
('correct:', '[1     ]')
error:  0.03787615
('out:    ', '[0.989 ]')
('correct:', '[1     ]')
error:  0.00005797
('out:    ', '[0.992 ]')
('correct:', '[1     ]')
error:  0.00003210
('out:    ', '[0.938 ]')
('correct:', '[1     ]')
error:  0.00192037
('out:    ', '[0.991 ]')
('correct:', '[1     ]')
error:  0.00004009
('out:    ', '[0.995 ]')
('correct:', '[1     ]')
error:  0.00001286
('out:    ', '[0.992 ]')
('correct:', '[1     ]')
error:  0.00003175
('out:    ', '[0.992 ]')
('correct:', '[1     ]')
error:  0.00003046
('out:    ', '[0.965 ]')
('correct:', '[1     ]')
error:  0.00059560
('out:    ', '[0.997 ]')
('correct:', '[1     ]')
error:  0.00000370
('out:    ', '[0.996 ]')
('correct:', '[1     ]')
error:  0.00000972
('out:    ', '[0.98  ]')
('correct:', '[1     ]')
error:  0.00020944
('out:    ', '[0.993 ]')
('correct:', '[1     ]')
error:  0.00002268
('out:    ', '[0.998 ]')
('correct:', '[1     ]')
error:  0.00000279
('out:    ', '[0.994 ]')
('correct:', '[1     ]')
error:  0.00001591
('out:    ', '[0.982 ]')
('correct:', '[1     ]')
error:  0.00016050
('out:    ', '[0.996 ]')
('correct:', '[1     ]')
error:  0.00000910
('out:    ', '[0.996 ]')
('correct:', '[1     ]')
error:  0.00001007
('out:    ', '[0.985 ]')
('correct:', '[1     ]')
error:  0.00011045
('out:    ', '[0.997 ]')
('correct:', '[1     ]')
error:  0.00000609
('out:    ', '[0.992 ]')
('correct:', '[1     ]')
error:  0.00003152
('out:    ', '[0.995 ]')
('correct:', '[1     ]')
error:  0.00001335
('out:    ', '[0.992 ]')
('correct:', '[1     ]')
error:  0.00002835
('out:    ', '[0.995 ]')
('correct:', '[1     ]')
error:  0.00001135
('out:    ', '[0.99  ]')
('correct:', '[1     ]')
error:  0.00005308
('out:    ', '[0.924 ]')
('correct:', '[1     ]')
error:  0.00286563
('out:    ', '[0.995 ]')
('correct:', '[1     ]')
error:  0.00001054
('out:    ', '[0.995 ]')
('correct:', '[1     ]')
error:  0.00001048
('out:    ', '[0.994 ]')
('correct:', '[1     ]')
error:  0.00001883
('out:    ', '[0.842 ]')
('correct:', '[1     ]')
error:  0.01254196
('out:    ', '[0.993 ]')
('correct:', '[1     ]')
error:  0.00002299
('out:    ', '[0.987 ]')
('correct:', '[1     ]')
error:  0.00009036
('out:    ', '[0.747 ]')
('correct:', '[1     ]')
error:  0.03201096
('out:    ', '[0.919 ]')
('correct:', '[1     ]')
error:  0.00325498
('out:    ', '[0.993 ]')
('correct:', '[1     ]')
error:  0.00002521
('out:    ', '[0.995 ]')
('correct:', '[1     ]')
error:  0.00001146
('out:    ', '[0.992 ]')
('correct:', '[1     ]')
error:  0.00003474
('out:    ', '[0.997 ]')
('correct:', '[1     ]')
error:  0.00000331
('out:    ', '[0.922 ]')
('correct:', '[1     ]')
error:  0.00304674
('out:    ', '[0.992 ]')
('correct:', '[1     ]')
error:  0.00002897
('out:    ', '[0.995 ]')
('correct:', '[1     ]')
error:  0.00001064
('out:    ', '[0.779 ]')
('correct:', '[1     ]')
error:  0.02437625
('out:    ', '[0.998 ]')
('correct:', '[1     ]')
error:  0.00000242
('out:    ', '[0.994 ]')
('correct:', '[1     ]')
error:  0.00002075
('out:    ', '[0.941 ]')
('correct:', '[1     ]')
error:  0.00171584
('out:    ', '[0.997 ]')
('correct:', '[1     ]')
error:  0.00000529
('out:    ', '[0.969 ]')
('correct:', '[1     ]')
error:  0.00049156
('out:    ', '[0.991 ]')
('correct:', '[1     ]')
error:  0.00004456
('out:    ', '[0.887 ]')
('correct:', '[1     ]')
error:  0.00637457
('out:    ', '[0.938 ]')
('correct:', '[1     ]')
error:  0.00191053
('out:    ', '[0.997 ]')
('correct:', '[1     ]')
error:  0.00000420
('out:    ', '[0.994 ]')
('correct:', '[1     ]')
error:  0.00001618
('out:    ', '[0.988 ]')
('correct:', '[1     ]')
error:  0.00006865
('out:    ', '[0.995 ]')
('correct:', '[1     ]')
error:  0.00001449
('out:    ', '[0.995 ]')
('correct:', '[1     ]')
error:  0.00001138
('out:    ', '[0.994 ]')
('correct:', '[1     ]')
error:  0.00001855
('out:    ', '[0.947 ]')
('correct:', '[1     ]')
error:  0.00140118
('out:    ', '[0.993 ]')
('correct:', '[1     ]')
error:  0.00002271
('out:    ', '[0.991 ]')
('correct:', '[1     ]')
error:  0.00004301
('out:    ', '[0.992 ]')
('correct:', '[1     ]')
error:  0.00003083
('out:    ', '[0.987 ]')
('correct:', '[1     ]')
error:  0.00008525
('out:    ', '[0.833 ]')
('correct:', '[1     ]')
error:  0.01397141
('out:    ', '[0.997 ]')
('correct:', '[1     ]')
error:  0.00000362
('out:    ', '[0.988 ]')
('correct:', '[1     ]')
error:  0.00007269
('out:    ', '[0.95  ]')
('correct:', '[0     ]')
error:  0.45087254
('out:    ', '[0.843 ]')
('correct:', '[1     ]')
error:  0.01228050
('out:    ', '[0.948 ]')
('correct:', '[1     ]')
error:  0.00133534
('out:    ', '[0.986 ]')
('correct:', '[1     ]')
error:  0.00010331
('out:    ', '[0.921 ]')
('correct:', '[1     ]')
error:  0.00312898
('out:    ', '[0.928 ]')
('correct:', '[1     ]')
error:  0.00261455
('out:    ', '[0.997 ]')
('correct:', '[1     ]')
error:  0.00000580
('out:    ', '[0.997 ]')
('correct:', '[1     ]')
error:  0.00000602
('out:    ', '[0.991 ]')
('correct:', '[1     ]')
error:  0.00003641
('out:    ', '[0.998 ]')
('correct:', '[1     ]')
error:  0.00000297
('out:    ', '[0.997 ]')
('correct:', '[1     ]')
error:  0.00000398
('out:    ', '[0.993 ]')
('correct:', '[1     ]')
error:  0.00002809
('out:    ', '[0.99  ]')
('correct:', '[1     ]')
error:  0.00005121
('out:    ', '[0.835 ]')
('correct:', '[1     ]')
error:  0.01357830
('out:    ', '[0.779 ]')
('correct:', '[1     ]')
error:  0.02449118
('out:    ', '[0.716 ]')
('correct:', '[1     ]')
error:  0.04037788
('out:    ', '[0.995 ]')
('correct:', '[1     ]')
error:  0.00001042
('out:    ', '[0.995 ]')
('correct:', '[1     ]')
error:  0.00001283
('out:    ', '[0.889 ]')
('correct:', '[1     ]')
error:  0.00619450
('out:    ', '[0.976 ]')
('correct:', '[1     ]')
error:  0.00029179
('out:    ', '[0.911 ]')
('correct:', '[1     ]')
error:  0.00399161
('out:    ', '[0.974 ]')
('correct:', '[1     ]')
error:  0.00032910
('out:    ', '[0.779 ]')
('correct:', '[1     ]')
error:  0.02438718
('out:    ', '[0.983 ]')
('correct:', '[1     ]')
error:  0.00014238
('out:    ', '[0.987 ]')
('correct:', '[1     ]')
error:  0.00008136
('out:    ', '[0.983 ]')
('correct:', '[1     ]')
error:  0.00015221
('out:    ', '[0.993 ]')
('correct:', '[1     ]')
error:  0.00002130
('out:    ', '[0.744 ]')
('correct:', '[1     ]')
error:  0.03282913
('out:    ', '[0.919 ]')
('correct:', '[1     ]')
error:  0.00325311
('out:    ', '[0.988 ]')
('correct:', '[1     ]')
error:  0.00006788
('out:    ', '[0.704 ]')
('correct:', '[1     ]')
error:  0.04386392
('out:    ', '[0.992 ]')
('correct:', '[1     ]')
error:  0.00002937
('out:    ', '[0.996 ]')
('correct:', '[1     ]')
error:  0.00000815
('out:    ', '[0.914 ]')
('correct:', '[1     ]')
error:  0.00370265
('out:    ', '[0.98  ]')
('correct:', '[1     ]')
error:  0.00019272
('out:    ', '[0.995 ]')
('correct:', '[1     ]')
error:  0.00001476
('out:    ', '[0.998 ]')
('correct:', '[1     ]')
error:  0.00000274
('out:    ', '[0.992 ]')
('correct:', '[1     ]')
error:  0.00003095
('out:    ', '[0.969 ]')
('correct:', '[1     ]')
error:  0.00048482
('out:    ', '[0.943 ]')
('correct:', '[1     ]')
error:  0.00159837
('out:    ', '[0.995 ]')
('correct:', '[1     ]')
error:  0.00001512
('out:    ', '[0.972 ]')
('correct:', '[1     ]')
error:  0.00037824
('out:    ', '[0.903 ]')
('correct:', '[1     ]')
error:  0.00465930
('out:    ', '[0.995 ]')
('correct:', '[1     ]')
error:  0.00001470
('out:    ', '[0.99  ]')
('correct:', '[1     ]')
error:  0.00005135
('out:    ', '[0.919 ]')
('correct:', '[1     ]')
error:  0.00329886
('out:    ', '[0.808 ]')
('correct:', '[1     ]')
error:  0.01849999
('out:    ', '[0.996 ]')
('correct:', '[1     ]')
error:  0.00000829
('out:    ', '[0.96  ]')
('correct:', '[1     ]')
error:  0.00080289
('out:    ', '[0.896 ]')
('correct:', '[1     ]')
error:  0.00536604
('out:    ', '[0.996 ]')
('correct:', '[1     ]')
error:  0.00000894
('out:    ', '[0.947 ]')
('correct:', '[1     ]')
error:  0.00141977
('out:    ', '[0.786 ]')
('correct:', '[1     ]')
error:  0.02299805
('out:    ', '[0.998 ]')
('correct:', '[1     ]')
error:  0.00000201
('out:    ', '[0.975 ]')
('correct:', '[1     ]')
error:  0.00031132
('out:    ', '[0.988 ]')
('correct:', '[1     ]')
error:  0.00007738
('out:    ', '[0.997 ]')
('correct:', '[1     ]')
error:  0.00000392
('out:    ', '[0.146 ]')
('correct:', '[0     ]')
error:  0.01067628
('out:    ', '[0.998 ]')
('correct:', '[1     ]')
error:  0.00000279
('out:    ', '[0.971 ]')
('correct:', '[1     ]')
error:  0.00041024
('out:    ', '[0.995 ]')
('correct:', '[1     ]')
error:  0.00001028
('out:    ', '[0.995 ]')
('correct:', '[1     ]')
error:  0.00001068
('out:    ', '[0.997 ]')
('correct:', '[1     ]')
error:  0.00000490
('out:    ', '[0.995 ]')
('correct:', '[1     ]')
error:  0.00001396
('out:    ', '[0.994 ]')
('correct:', '[1     ]')
error:  0.00001861
('out:    ', '[0.995 ]')
('correct:', '[1     ]')
error:  0.00001121
('out:    ', '[0.917 ]')
('correct:', '[1     ]')
error:  0.00343920
('out:    ', '[0.994 ]')
('correct:', '[1     ]')
error:  0.00001731
('out:    ', '[0.998 ]')
('correct:', '[1     ]')
error:  0.00000241
('out:    ', '[0.997 ]')
('correct:', '[1     ]')
error:  0.00000419
('out:    ', '[0.998 ]')
('correct:', '[1     ]')
error:  0.00000293
('out:    ', '[0.992 ]')
('correct:', '[1     ]')
error:  0.00003596
('out:    ', '[0.993 ]')
('correct:', '[1     ]')
error:  0.00002308
('out:    ', '[0.997 ]')
('correct:', '[1     ]')
error:  0.00000426
('out:    ', '[0.991 ]')
('correct:', '[1     ]')
error:  0.00004459
('out:    ', '[0.986 ]')
('correct:', '[1     ]')
error:  0.00010388
('out:    ', '[0.997 ]')
('correct:', '[1     ]')
error:  0.00000435
('out:    ', '[0.994 ]')
('correct:', '[1     ]')
error:  0.00001981
('out:    ', '[0.952 ]')
('correct:', '[1     ]')
error:  0.00117532
('out:    ', '[0.994 ]')
('correct:', '[1     ]')
error:  0.00001958
('out:    ', '[0.995 ]')
('correct:', '[1     ]')
error:  0.00001433
('out:    ', '[0.997 ]')
('correct:', '[1     ]')
error:  0.00000417
('out:    ', '[0.997 ]')
('correct:', '[1     ]')
error:  0.00000377
('out:    ', '[0.998 ]')
('correct:', '[1     ]')
error:  0.00000265
('out:    ', '[0.993 ]')
('correct:', '[1     ]')
error:  0.00002533
('out:    ', '[0.994 ]')
('correct:', '[1     ]')
error:  0.00002062
('out:    ', '[0.849 ]')
('correct:', '[1     ]')
error:  0.01138496
('out:    ', '[0.998 ]')
('correct:', '[1     ]')
error:  0.00000200
('out:    ', '[0.994 ]')
('correct:', '[1     ]')
error:  0.00001618
('out:    ', '[0.994 ]')
('correct:', '[1     ]')
error:  0.00001752
('out:    ', '[0.974 ]')
('correct:', '[1     ]')
error:  0.00033588
('out:    ', '[0.781 ]')
('correct:', '[1     ]')
error:  0.02403766
('out:    ', '[0.996 ]')
('correct:', '[1     ]')
error:  0.00000729
('out:    ', '[0.995 ]')
('correct:', '[1     ]')
error:  0.00001249
('out:    ', '[0.994 ]')
('correct:', '[1     ]')
error:  0.00001895
('out:    ', '[0.995 ]')
('correct:', '[1     ]')
error:  0.00001351
('out:    ', '[0.996 ]')
('correct:', '[1     ]')
error:  0.00000835
('out:    ', '[0.995 ]')
('correct:', '[1     ]')
error:  0.00001046
('out:    ', '[0.985 ]')
('correct:', '[1     ]')
error:  0.00010536
('out:    ', '[0.99  ]')
('correct:', '[1     ]')
error:  0.00005359
('out:    ', '[0.989 ]')
('correct:', '[1     ]')
error:  0.00006087
('out:    ', '[0.984 ]')
('correct:', '[1     ]')
error:  0.00012606
('out:    ', '[0.976 ]')
('correct:', '[1     ]')
error:  0.00027788
('out:    ', '[0.993 ]')
('correct:', '[1     ]')
error:  0.00002633
('out:    ', '[0.998 ]')
('correct:', '[1     ]')
error:  0.00000306
('out:    ', '[0.996 ]')
('correct:', '[1     ]')
error:  0.00000800
('out:    ', '[0.986 ]')
('correct:', '[1     ]')
error:  0.00010073
('out:    ', '[0.571 ]')
('correct:', '[1     ]')
error:  0.09183489
('out:    ', '[0.994 ]')
('correct:', '[1     ]')
error:  0.00001781
('out:    ', '[0.722 ]')
('correct:', '[1     ]')
error:  0.03863460
('out:    ', '[0.798 ]')
('correct:', '[1     ]')
error:  0.02049403
('out:    ', '[0.995 ]')
('correct:', '[1     ]')
error:  0.00001376
('out:    ', '[0.996 ]')
('correct:', '[1     ]')
error:  0.00000697
('out:    ', '[0.973 ]')
('correct:', '[1     ]')
error:  0.00036140
('out:    ', '[0.991 ]')
('correct:', '[1     ]')
error:  0.00003665
('out:    ', '[0.996 ]')
('correct:', '[1     ]')
error:  0.00000940
('out:    ', '[0.992 ]')
('correct:', '[1     ]')
error:  0.00003422
('out:    ', '[0.99  ]')
('correct:', '[1     ]')
error:  0.00004537
('out:    ', '[0.997 ]')
('correct:', '[1     ]')
error:  0.00000579
('out:    ', '[0.993 ]')
('correct:', '[1     ]')
error:  0.00002115
('out:    ', '[0.993 ]')
('correct:', '[1     ]')
error:  0.00002546
('out:    ', '[0.887 ]')
('correct:', '[1     ]')
error:  0.00633584
('out:    ', '[0.995 ]')
('correct:', '[1     ]')
error:  0.00001212
('out:    ', '[0.989 ]')
('correct:', '[1     ]')
error:  0.00005523
('out:    ', '[0.765 ]')
('correct:', '[1     ]')
error:  0.02765511
('out:    ', '[0.994 ]')
('correct:', '[1     ]')
error:  0.00001945
('out:    ', '[0.997 ]')
('correct:', '[1     ]')
error:  0.00000581
('out:    ', '[0.989 ]')
('correct:', '[1     ]')
error:  0.00005757
('out:    ', '[0.994 ]')
('correct:', '[1     ]')
error:  0.00001705
('out:    ', '[0.996 ]')
('correct:', '[1     ]')
error:  0.00001005
('out:    ', '[0.924 ]')
('correct:', '[1     ]')
error:  0.00291926
('out:    ', '[0.992 ]')
('correct:', '[1     ]')
error:  0.00003478
('out:    ', '[0.994 ]')
('correct:', '[1     ]')
error:  0.00002063
('out:    ', '[0.985 ]')
('correct:', '[1     ]')
error:  0.00010908
('out:    ', '[0.984 ]')
('correct:', '[1     ]')
error:  0.00013363
('out:    ', '[0.642 ]')
('correct:', '[0     ]')
error:  0.20637665
('out:    ', '[0.996 ]')
('correct:', '[1     ]')
error:  0.00000976
('out:    ', '[0.998 ]')
('correct:', '[1     ]')
error:  0.00000277
('out:    ', '[0.921 ]')
('correct:', '[1     ]')
error:  0.00312489
('out:    ', '[0.994 ]')
('correct:', '[1     ]')
error:  0.00001748
('out:    ', '[0.997 ]')
('correct:', '[1     ]')
error:  0.00000393
('out:    ', '[0.995 ]')
('correct:', '[1     ]')
error:  0.00001230
('out:    ', '[0.994 ]')
('correct:', '[1     ]')
error:  0.00001842
('out:    ', '[0.865 ]')
('correct:', '[1     ]')
error:  0.00906193
('out:    ', '[0.996 ]')
('correct:', '[1     ]')
error:  0.00000950
('out:    ', '[0.996 ]')
('correct:', '[1     ]')
error:  0.00000772
('out:    ', '[0.994 ]')
('correct:', '[1     ]')
error:  0.00001694
('out:    ', '[0.989 ]')
('correct:', '[1     ]')
error:  0.00006452
('out:    ', '[0.989 ]')
('correct:', '[1     ]')
error:  0.00005698
('out:    ', '[0.698 ]')
('correct:', '[1     ]')
error:  0.04550477
('out:    ', '[0.975 ]')
('correct:', '[1     ]')
error:  0.00032483
('out:    ', '[0.989 ]')
('correct:', '[1     ]')
error:  0.00006192
('out:    ', '[0.973 ]')
('correct:', '[1     ]')
error:  0.00036230
('out:    ', '[0.991 ]')
('correct:', '[1     ]')
error:  0.00003751
('out:    ', '[0.992 ]')
('correct:', '[1     ]')
error:  0.00002923
('out:    ', '[0.735 ]')
('correct:', '[1     ]')
error:  0.03508964
('out:    ', '[0.926 ]')
('correct:', '[1     ]')
error:  0.00277172
('out:    ', '[0.905 ]')
('correct:', '[0     ]')
error:  0.40966749
('out:    ', '[0.994 ]')
('correct:', '[1     ]')
error:  0.00001552
('out:    ', '[0.996 ]')
('correct:', '[1     ]')
error:  0.00000869
('out:    ', '[0.152 ]')
('correct:', '[0     ]')
error:  0.01159758
('out:    ', '[0.996 ]')
('correct:', '[1     ]')
error:  0.00000759
('out:    ', '[0.954 ]')
('correct:', '[1     ]')
error:  0.00105130
('out:    ', '[0.914 ]')
('correct:', '[1     ]')
error:  0.00369169
('out:    ', '[0.984 ]')
('correct:', '[1     ]')
error:  0.00012691
('out:    ', '[0.978 ]')
('correct:', '[1     ]')
error:  0.00024540
('out:    ', '[0.485 ]')
('correct:', '[0     ]')
error:  0.11769861
('out:    ', '[0.995 ]')
('correct:', '[1     ]')
error:  0.00001092
('out:    ', '[0.991 ]')
('correct:', '[1     ]')
error:  0.00003963
('out:    ', '[0.975 ]')
('correct:', '[1     ]')
error:  0.00031500
('out:    ', '[0.288 ]')
('correct:', '[0     ]')
error:  0.04140940
('out:    ', '[0.963 ]')
('correct:', '[1     ]')
error:  0.00066631
('out:    ', '[0.996 ]')
('correct:', '[1     ]')
error:  0.00000855
('out:    ', '[0.992 ]')
('correct:', '[1     ]')
error:  0.00003467
('out:    ', '[0.996 ]')
('correct:', '[1     ]')
error:  0.00000955
('out:    ', '[0.959 ]')
('correct:', '[1     ]')
error:  0.00084940
('out:    ', '[0.97  ]')
('correct:', '[1     ]')
error:  0.00043601
('out:    ', '[0.996 ]')
('correct:', '[1     ]')
error:  0.00000698
('out:    ', '[0.989 ]')
('correct:', '[1     ]')
error:  0.00005914
('out:    ', '[0.991 ]')
('correct:', '[1     ]')
error:  0.00003646
('out:    ', '[0.943 ]')
('correct:', '[1     ]')
error:  0.00164138
('out:    ', '[0.808 ]')
('correct:', '[1     ]')
error:  0.01840634
('out:    ', '[0.997 ]')
('correct:', '[1     ]')
error:  0.00000419
('out:    ', '[0.993 ]')
('correct:', '[1     ]')
error:  0.00002310
('out:    ', '[0.99  ]')
('correct:', '[1     ]')
error:  0.00005227
('out:    ', '[0.427 ]')
('correct:', '[0     ]')
error:  0.09098086
('out:    ', '[0.994 ]')
('correct:', '[1     ]')
error:  0.00001950
('out:    ', '[0.996 ]')
('correct:', '[1     ]')
error:  0.00000936
('out:    ', '[0.992 ]')
('correct:', '[1     ]')
error:  0.00003459
('out:    ', '[0.985 ]')
('correct:', '[1     ]')
error:  0.00010860
('out:    ', '[0.994 ]')
('correct:', '[1     ]')
error:  0.00001615
('out:    ', '[0.991 ]')
('correct:', '[1     ]')
error:  0.00003891
('out:    ', '[0.987 ]')
('correct:', '[1     ]')
error:  0.00008080
('out:    ', '[0.987 ]')
('correct:', '[1     ]')
error:  0.00007999
('out:    ', '[0.964 ]')
('correct:', '[1     ]')
error:  0.00065702
('out:    ', '[0.995 ]')
('correct:', '[1     ]')
error:  0.00001100
('out:    ', '[0.987 ]')
('correct:', '[1     ]')
error:  0.00008811
('out:    ', '[0.793 ]')
('correct:', '[1     ]')
error:  0.02138641
('out:    ', '[0.976 ]')
('correct:', '[1     ]')
error:  0.00029564
('out:    ', '[0.995 ]')
('correct:', '[1     ]')
error:  0.00001441
('out:    ', '[0.997 ]')
('correct:', '[1     ]')
error:  0.00000431
('out:    ', '[0.73  ]')
('correct:', '[1     ]')
error:  0.03648674
('out:    ', '[0.988 ]')
('correct:', '[1     ]')
error:  0.00007037
('out:    ', '[0.936 ]')
('correct:', '[1     ]')
error:  0.00206991
('out:    ', '[0.98  ]')
('correct:', '[1     ]')
error:  0.00020160
('out:    ', '[0.747 ]')
('correct:', '[1     ]')
error:  0.03209513
('out:    ', '[0.997 ]')
('correct:', '[1     ]')
error:  0.00000372
('out:    ', '[0.995 ]')
('correct:', '[1     ]')
error:  0.00001102
('out:    ', '[0.998 ]')
('correct:', '[1     ]')
error:  0.00000235
('out:    ', '[0.997 ]')
('correct:', '[1     ]')
error:  0.00000323
('out:    ', '[0.741 ]')
('correct:', '[1     ]')
error:  0.03350813
('out:    ', '[0.911 ]')
('correct:', '[1     ]')
error:  0.00400030
('out:    ', '[0.994 ]')
('correct:', '[1     ]')
error:  0.00001633
('out:    ', '[0.997 ]')
('correct:', '[1     ]')
error:  0.00000343
('out:    ', '[0.812 ]')
('correct:', '[1     ]')
error:  0.01775509
('out:    ', '[0.993 ]')
('correct:', '[1     ]')
error:  0.00002225
('out:    ', '[0.997 ]')
('correct:', '[1     ]')
error:  0.00000366
('out:    ', '[0.993 ]')
('correct:', '[1     ]')
error:  0.00002229
('out:    ', '[0.773 ]')
('correct:', '[1     ]')
error:  0.02583598
('out:    ', '[0.989 ]')
('correct:', '[1     ]')
error:  0.00006358
('out:    ', '[0.992 ]')
('correct:', '[1     ]')
error:  0.00003272
('out:    ', '[0.907 ]')
('correct:', '[1     ]')
error:  0.00428529
('out:    ', '[0.985 ]')
('correct:', '[1     ]')
error:  0.00011275
('out:    ', '[0.995 ]')
('correct:', '[1     ]')
error:  0.00001422
('out:    ', '[0.993 ]')
('correct:', '[1     ]')
error:  0.00002225
('out:    ', '[0.993 ]')
('correct:', '[1     ]')
error:  0.00002633
('out:    ', '[0.928 ]')
('correct:', '[1     ]')
error:  0.00255713
('out:    ', '[0.92  ]')
('correct:', '[1     ]')
error:  0.00322261
('out:    ', '[0.98  ]')
('correct:', '[1     ]')
error:  0.00019539
('out:    ', '[0.997 ]')
('correct:', '[1     ]')
error:  0.00000474
('out:    ', '[0.994 ]')
('correct:', '[1     ]')
error:  0.00001770
('out:    ', '[0.996 ]')
('correct:', '[1     ]')
error:  0.00000897
('out:    ', '[0.686 ]')
('correct:', '[1     ]')
error:  0.04937876
('out:    ', '[0.967 ]')
('correct:', '[1     ]')
error:  0.00055891
('out:    ', '[0.991 ]')
('correct:', '[1     ]')
error:  0.00004108
('out:    ', '[0.989 ]')
('correct:', '[1     ]')
error:  0.00006579
('out:    ', '[0.978 ]')
('correct:', '[1     ]')
error:  0.00024678
('out:    ', '[0.996 ]')
('correct:', '[1     ]')
error:  0.00000991
('out:    ', '[0.997 ]')
('correct:', '[1     ]')
error:  0.00000408
('out:    ', '[0.947 ]')
('correct:', '[1     ]')
error:  0.00138963
('out:    ', '[0.997 ]')
('correct:', '[1     ]')
error:  0.00000607
('out:    ', '[0.994 ]')
('correct:', '[1     ]')
error:  0.00001872
('out:    ', '[0.966 ]')
('correct:', '[1     ]')
error:  0.00056918
('out:    ', '[0.995 ]')
('correct:', '[1     ]')
error:  0.00001359
('out:    ', '[0.996 ]')
('correct:', '[1     ]')
error:  0.00000880
('out:    ', '[0.674 ]')
('correct:', '[0     ]')
error:  0.22691734
('out:    ', '[0.988 ]')
('correct:', '[1     ]')
error:  0.00006654
('out:    ', '[0.993 ]')
('correct:', '[1     ]')
error:  0.00002271
('out:    ', '[0.997 ]')
('correct:', '[1     ]')
error:  0.00000519
('out:    ', '[0.99  ]')
('correct:', '[1     ]')
error:  0.00005383
('out:    ', '[0.973 ]')
('correct:', '[1     ]')
error:  0.00036705
('out:    ', '[0.843 ]')
('correct:', '[1     ]')
error:  0.01237550
('out:    ', '[0.997 ]')
('correct:', '[1     ]')
error:  0.00000377
('out:    ', '[0.984 ]')
('correct:', '[1     ]')
error:  0.00012446
('out:    ', '[0.997 ]')
('correct:', '[1     ]')
error:  0.00000429
('out:    ', '[0.863 ]')
('correct:', '[1     ]')
error:  0.00935752
('out:    ', '[0.986 ]')
('correct:', '[1     ]')
error:  0.00009656
('out:    ', '[0.997 ]')
('correct:', '[1     ]')
error:  0.00000596
('out:    ', '[0.987 ]')
('correct:', '[1     ]')
error:  0.00008650
('out:    ', '[0.995 ]')
('correct:', '[1     ]')
error:  0.00001045
('out:    ', '[0.998 ]')
('correct:', '[1     ]')
error:  0.00000282
('out:    ', '[0.995 ]')
('correct:', '[1     ]')
error:  0.00001506
('out:    ', '[0.996 ]')
('correct:', '[1     ]')
error:  0.00001008
('out:    ', '[0.993 ]')
('correct:', '[1     ]')
error:  0.00002595
('out:    ', '[0.997 ]')
('correct:', '[1     ]')
error:  0.00000500
('out:    ', '[0.989 ]')
('correct:', '[1     ]')
error:  0.00006334
('out:    ', '[0.949 ]')
('correct:', '[1     ]')
error:  0.00132223
('out:    ', '[0.956 ]')
('correct:', '[1     ]')
error:  0.00097247
('out:    ', '[0.996 ]')
('correct:', '[1     ]')
error:  0.00001006
('out:    ', '[0.994 ]')
('correct:', '[1     ]')
error:  0.00001562
('out:    ', '[0.993 ]')
('correct:', '[1     ]')
error:  0.00002463
('out:    ', '[0.992 ]')
('correct:', '[1     ]')
error:  0.00003213
('out:    ', '[0.975 ]')
('correct:', '[1     ]')
error:  0.00030335
('out:    ', '[0.992 ]')
('correct:', '[1     ]')
error:  0.00003541
('out:    ', '[0.993 ]')
('correct:', '[1     ]')
error:  0.00002429
('out:    ', '[0.995 ]')
('correct:', '[1     ]')
error:  0.00001202
('out:    ', '[0.984 ]')
('correct:', '[1     ]')
error:  0.00012357
('out:    ', '[0.971 ]')
('correct:', '[1     ]')
error:  0.00040685
('out:    ', '[0.998 ]')
('correct:', '[1     ]')
error:  0.00000158
('out:    ', '[0.973 ]')
('correct:', '[1     ]')
error:  0.00035374
('out:    ', '[0.993 ]')
('correct:', '[1     ]')
error:  0.00002798
('out:    ', '[0.933 ]')
('correct:', '[1     ]')
error:  0.00225250
('out:    ', '[0.998 ]')
('correct:', '[1     ]')
error:  0.00000155
('out:    ', '[0.993 ]')
('correct:', '[1     ]')
error:  0.00002204
('out:    ', '[0.959 ]')
('correct:', '[1     ]')
error:  0.00083318
('out:    ', '[0.549 ]')
('correct:', '[0     ]')
error:  0.15046972
('out:    ', '[0.997 ]')
('correct:', '[1     ]')
error:  0.00000348
('out:    ', '[0.992 ]')
('correct:', '[1     ]')
error:  0.00002871
('out:    ', '[0.835 ]')
('correct:', '[1     ]')
error:  0.01365002
('out:    ', '[0.989 ]')
('correct:', '[1     ]')
error:  0.00006417
('out:    ', '[0.889 ]')
('correct:', '[1     ]')
error:  0.00616760
('out:    ', '[0.926 ]')
('correct:', '[1     ]')
error:  0.00270189
('out:    ', '[0.986 ]')
('correct:', '[1     ]')
error:  0.00009618
('out:    ', '[0.995 ]')
('correct:', '[1     ]')
error:  0.00001306
('out:    ', '[0.985 ]')
('correct:', '[1     ]')
error:  0.00011369
('out:    ', '[0.995 ]')
('correct:', '[1     ]')
error:  0.00001172
('out:    ', '[0.998 ]')
('correct:', '[1     ]')
error:  0.00000273
('out:    ', '[0.993 ]')
('correct:', '[1     ]')
error:  0.00002407
('out:    ', '[0.984 ]')
('correct:', '[1     ]')
error:  0.00012634
('out:    ', '[0.993 ]')
('correct:', '[1     ]')
error:  0.00002142
('out:    ', '[0.968 ]')
('correct:', '[1     ]')
error:  0.00050305
('out:    ', '[0.961 ]')
('correct:', '[1     ]')
error:  0.00074925
('out:    ', '[0.996 ]')
('correct:', '[1     ]')
error:  0.00000636
('out:    ', '[0.986 ]')
('correct:', '[1     ]')
error:  0.00009453
('out:    ', '[0.995 ]')
('correct:', '[1     ]')
error:  0.00001476
('out:    ', '[0.919 ]')
('correct:', '[1     ]')
error:  0.00325697
('out:    ', '[0.961 ]')
('correct:', '[1     ]')
error:  0.00075244
('out:    ', '[0.981 ]')
('correct:', '[1     ]')
error:  0.00017755
('out:    ', '[0.994 ]')
('correct:', '[1     ]')
error:  0.00001579
('out:    ', '[0.987 ]')
('correct:', '[1     ]')
error:  0.00009019
('out:    ', '[0.98  ]')
('correct:', '[1     ]')
error:  0.00020820
('out:    ', '[0.997 ]')
('correct:', '[1     ]')
error:  0.00000459
('out:    ', '[0.997 ]')
('correct:', '[1     ]')
error:  0.00000559
('out:    ', '[0.995 ]')
('correct:', '[1     ]')
error:  0.00001051
('out:    ', '[0.992 ]')
('correct:', '[1     ]')
error:  0.00003230
('out:    ', '[0.998 ]')
('correct:', '[1     ]')
error:  0.00000262
('out:    ', '[0.992 ]')
('correct:', '[1     ]')
error:  0.00002850
('out:    ', '[0.992 ]')
('correct:', '[1     ]')
error:  0.00002851
('out:    ', '[0.985 ]')
('correct:', '[1     ]')
error:  0.00011635
('out:    ', '[0.992 ]')
('correct:', '[1     ]')
error:  0.00003218
('out:    ', '[0.99  ]')
('correct:', '[1     ]')
error:  0.00004831
('out:    ', '[0.994 ]')
('correct:', '[1     ]')
error:  0.00001738
('out:    ', '[0.997 ]')
('correct:', '[1     ]')
error:  0.00000486
('out:    ', '[0.99  ]')
('correct:', '[1     ]')
error:  0.00004883
('out:    ', '[0.985 ]')
('correct:', '[1     ]')
error:  0.00011763
('out:    ', '[0.982 ]')
('correct:', '[1     ]')
error:  0.00016759
('out:    ', '[0.998 ]')
('correct:', '[1     ]')
error:  0.00000279
('out:    ', '[0.996 ]')
('correct:', '[1     ]')
error:  0.00000642
('out:    ', '[0.995 ]')
('correct:', '[1     ]')
error:  0.00001047
('out:    ', '[0.933 ]')
('correct:', '[1     ]')
error:  0.00226266
('out:    ', '[0.992 ]')
('correct:', '[1     ]')
error:  0.00002961
('out:    ', '[0.993 ]')
('correct:', '[1     ]')
error:  0.00002665
('out:    ', '[0.989 ]')
('correct:', '[1     ]')
error:  0.00005954
('out:    ', '[0.906 ]')
('correct:', '[1     ]')
error:  0.00439573
('out:    ', '[0.995 ]')
('correct:', '[1     ]')
error:  0.00001388
('out:    ', '[0.994 ]')
('correct:', '[1     ]')
error:  0.00001699
('out:    ', '[0.997 ]')
('correct:', '[1     ]')
error:  0.00000452
('out:    ', '[0.891 ]')
('correct:', '[1     ]')
error:  0.00593099
('out:    ', '[0.994 ]')
('correct:', '[1     ]')
error:  0.00001699
('out:    ', '[0.994 ]')
('correct:', '[1     ]')
error:  0.00001753
('out:    ', '[0.996 ]')
('correct:', '[1     ]')
error:  0.00000959
('out:    ', '[0.974 ]')
('correct:', '[1     ]')
error:  0.00034255
('out:    ', '[0.959 ]')
('correct:', '[1     ]')
error:  0.00082855
('out:    ', '[0.995 ]')
('correct:', '[1     ]')
error:  0.00001229
('out:    ', '[0.998 ]')
('correct:', '[1     ]')
error:  0.00000234
('out:    ', '[0.989 ]')
('correct:', '[1     ]')
error:  0.00006315
('out:    ', '[0.992 ]')
('correct:', '[1     ]')
error:  0.00003188
('out:    ', '[0.992 ]')
('correct:', '[1     ]')
error:  0.00003062
('out:    ', '[0.558 ]')
('correct:', '[0     ]')
error:  0.15591897
('out:    ', '[0.822 ]')
('correct:', '[1     ]')
error:  0.01577236
('out:    ', '[0.998 ]')
('correct:', '[1     ]')
error:  0.00000270
('out:    ', '[0.997 ]')
('correct:', '[1     ]')
error:  0.00000420
('out:    ', '[0.998 ]')
('correct:', '[1     ]')
error:  0.00000281
('out:    ', '[0.985 ]')
('correct:', '[1     ]')
error:  0.00011691
('out:    ', '[0.997 ]')
('correct:', '[1     ]')
error:  0.00000563
('out:    ', '[0.992 ]')
('correct:', '[1     ]')
error:  0.00002834
('out:    ', '[0.986 ]')
('correct:', '[1     ]')
error:  0.00009331
('out:    ', '[0.996 ]')
('correct:', '[1     ]')
error:  0.00000998
('out:    ', '[0.994 ]')
('correct:', '[1     ]')
error:  0.00001641
('out:    ', '[0.814 ]')
('correct:', '[1     ]')
error:  0.01721647
('out:    ', '[0.994 ]')
('correct:', '[1     ]')
error:  0.00001937
('out:    ', '[0.996 ]')
('correct:', '[1     ]')
error:  0.00000984
('out:    ', '[0.996 ]')
('correct:', '[1     ]')
error:  0.00000668
('out:    ', '[0.991 ]')
('correct:', '[1     ]')
error:  0.00004468
('out:    ', '[0.994 ]')
('correct:', '[1     ]')
error:  0.00001974
('out:    ', '[0.993 ]')
('correct:', '[1     ]')
error:  0.00002778
('out:    ', '[0.997 ]')
('correct:', '[1     ]')
error:  0.00000560
('out:    ', '[0.994 ]')
('correct:', '[1     ]')
error:  0.00001758
('out:    ', '[0.881 ]')
('correct:', '[1     ]')
error:  0.00711896
('out:    ', '[0.951 ]')
('correct:', '[1     ]')
error:  0.00121054
('out:    ', '[0.993 ]')
('correct:', '[1     ]')
error:  0.00002412
('out:    ', '[0.927 ]')
('correct:', '[1     ]')
error:  0.00263536
('out:    ', '[0.919 ]')
('correct:', '[1     ]')
error:  0.00325189
('out:    ', '[0.997 ]')
('correct:', '[1     ]')
error:  0.00000399
('out:    ', '[0.977 ]')
('correct:', '[1     ]')
error:  0.00026485
('out:    ', '[0.983 ]')
('correct:', '[1     ]')
error:  0.00014409
('out:    ', '[0.997 ]')
('correct:', '[1     ]')
error:  0.00000338
('out:    ', '[0.997 ]')
('correct:', '[1     ]')
error:  0.00000585
('out:    ', '[0.995 ]')
('correct:', '[1     ]')
error:  0.00001324
('out:    ', '[0.994 ]')
('correct:', '[1     ]')
error:  0.00001719
('out:    ', '[0.993 ]')
('correct:', '[1     ]')
error:  0.00002676
('out:    ', '[0.998 ]')
('correct:', '[1     ]')
error:  0.00000279
('out:    ', '[0.915 ]')
('correct:', '[1     ]')
error:  0.00365426
('out:    ', '[0.996 ]')
('correct:', '[1     ]')
error:  0.00000975
('out:    ', '[0.861 ]')
('correct:', '[1     ]')
error:  0.00968433
('out:    ', '[0.987 ]')
('correct:', '[1     ]')
error:  0.00008547
('out:    ', '[0.994 ]')
('correct:', '[1     ]')
error:  0.00001890
('out:    ', '[0.996 ]')
('correct:', '[1     ]')
error:  0.00001005
('out:    ', '[0.91  ]')
('correct:', '[1     ]')
error:  0.00406036
('out:    ', '[0.995 ]')
('correct:', '[1     ]')
error:  0.00001173
('out:    ', '[0.995 ]')
('correct:', '[1     ]')
error:  0.00001422
('out:    ', '[0.997 ]')
('correct:', '[1     ]')
error:  0.00000340
('out:    ', '[0.995 ]')
('correct:', '[1     ]')
error:  0.00001203
('out:    ', '[0.206 ]')
('correct:', '[1     ]')
error:  0.31535026
('out:    ', '[0.994 ]')
('correct:', '[1     ]')
error:  0.00002069
('out:    ', '[0.987 ]')
('correct:', '[1     ]')
error:  0.00008552
('out:    ', '[0.996 ]')
('correct:', '[1     ]')
error:  0.00000617
('out:    ', '[0.867 ]')
('correct:', '[0     ]')
error:  0.37552915
('out:    ', '[0.987 ]')
('correct:', '[1     ]')
error:  0.00008184
('out:    ', '[0.996 ]')
('correct:', '[1     ]')
error:  0.00000791
('out:    ', '[0.991 ]')
('correct:', '[1     ]')
error:  0.00003785
('out:    ', '[0.966 ]')
('correct:', '[1     ]')
error:  0.00057548
('out:    ', '[0.962 ]')
('correct:', '[1     ]')
error:  0.00071759
('out:    ', '[0.988 ]')
('correct:', '[1     ]')
error:  0.00007311
('out:    ', '[0.997 ]')
('correct:', '[1     ]')
error:  0.00000585
('out:    ', '[0.995 ]')
('correct:', '[1     ]')
error:  0.00001480
('out:    ', '[0.996 ]')
('correct:', '[1     ]')
error:  0.00000891
('out:    ', '[0.943 ]')
('correct:', '[1     ]')
error:  0.00164968
('out:    ', '[0.996 ]')
('correct:', '[1     ]')
error:  0.00000675
('out:    ', '[0.998 ]')
('correct:', '[1     ]')
error:  0.00000239
('out:    ', '[0.989 ]')
('correct:', '[1     ]')
error:  0.00006530
('out:    ', '[0.992 ]')
('correct:', '[1     ]')
error:  0.00003369
('out:    ', '[0.978 ]')
('correct:', '[1     ]')
error:  0.00023135
('out:    ', '[0.975 ]')
('correct:', '[1     ]')
error:  0.00030353
('out:    ', '[0.997 ]')
('correct:', '[1     ]')
error:  0.00000317
('out:    ', '[0.906 ]')
('correct:', '[1     ]')
error:  0.00446022
('out:    ', '[0.995 ]')
('correct:', '[1     ]')
error:  0.00001048
('out:    ', '[0.985 ]')
('correct:', '[1     ]')
error:  0.00011746
('out:    ', '[0.997 ]')
('correct:', '[1     ]')
error:  0.00000583
('out:    ', '[0.984 ]')
('correct:', '[1     ]')
error:  0.00012949
('out:    ', '[0.996 ]')
('correct:', '[1     ]')
error:  0.00000758
('out:    ', '[0.993 ]')
('correct:', '[1     ]')
error:  0.00002606
('out:    ', '[0.997 ]')
('correct:', '[1     ]')
error:  0.00000543
('out:    ', '[0.928 ]')
('correct:', '[1     ]')
error:  0.00262048
('out:    ', '[0.769 ]')
('correct:', '[1     ]')
error:  0.02662294
('out:    ', '[0.994 ]')
('correct:', '[1     ]')
error:  0.00001960
('out:    ', '[0.923 ]')
('correct:', '[1     ]')
error:  0.00294870
('out:    ', '[0.994 ]')
('correct:', '[1     ]')
error:  0.00001702
('out:    ', '[0.923 ]')
('correct:', '[1     ]')
error:  0.00297283
('out:    ', '[0.998 ]')
('correct:', '[1     ]')
error:  0.00000160
('out:    ', '[0.921 ]')
('correct:', '[1     ]')
error:  0.00308371
('out:    ', '[0.997 ]')
('correct:', '[1     ]')
error:  0.00000364
('out:    ', '[0.992 ]')
('correct:', '[1     ]')
error:  0.00003370
('out:    ', '[0.728 ]')
('correct:', '[1     ]')
error:  0.03699260
('out:    ', '[0.987 ]')
('correct:', '[1     ]')
error:  0.00008563
('out:    ', '[0.272 ]')
('correct:', '[0     ]')
error:  0.03689935
('out:    ', '[0.997 ]')
('correct:', '[1     ]')
error:  0.00000328
('out:    ', '[0.588 ]')
('correct:', '[1     ]')
error:  0.08484503
('out:    ', '[0.998 ]')
('correct:', '[1     ]')
error:  0.00000265
('out:    ', '[0.997 ]')
('correct:', '[1     ]')
error:  0.00000393
('out:    ', '[0.837 ]')
('correct:', '[1     ]')
error:  0.01322156
('out:    ', '[0.995 ]')
('correct:', '[1     ]')
error:  0.00001207
('out:    ', '[0.986 ]')
('correct:', '[1     ]')
error:  0.00010351
('out:    ', '[0.802 ]')
('correct:', '[1     ]')
error:  0.01968179
('out:    ', '[0.995 ]')
('correct:', '[1     ]')
error:  0.00001058
('out:    ', '[0.994 ]')
('correct:', '[1     ]')
error:  0.00001592
('out:    ', '[0.895 ]')
('correct:', '[1     ]')
error:  0.00550377
('out:    ', '[0.994 ]')
('correct:', '[1     ]')
error:  0.00001667
('out:    ', '[0.998 ]')
('correct:', '[1     ]')
error:  0.00000187
('out:    ', '[0.996 ]')
('correct:', '[1     ]')
error:  0.00000658
('out:    ', '[0.998 ]')
('correct:', '[1     ]')
error:  0.00000203
('out:    ', '[0.911 ]')
('correct:', '[1     ]')
error:  0.00398033
('out:    ', '[0.997 ]')
('correct:', '[1     ]')
error:  0.00000567
('out:    ', '[0.976 ]')
('correct:', '[1     ]')
error:  0.00030001
('out:    ', '[0.992 ]')
('correct:', '[1     ]')
error:  0.00002869
('out:    ', '[0.992 ]')
('correct:', '[1     ]')
error:  0.00003160
('out:    ', '[0.995 ]')
('correct:', '[1     ]')
error:  0.00001023
('out:    ', '[0.903 ]')
('correct:', '[1     ]')
error:  0.00474474
('out:    ', '[0.98  ]')
('correct:', '[1     ]')
error:  0.00019687
('out:    ', '[0.992 ]')
('correct:', '[1     ]')
error:  0.00003556
('out:    ', '[0.997 ]')
('correct:', '[1     ]')
error:  0.00000516
('out:    ', '[0.997 ]')
('correct:', '[1     ]')
error:  0.00000380
('out:    ', '[0.993 ]')
('correct:', '[1     ]')
error:  0.00002239
('out:    ', '[0.971 ]')
('correct:', '[1     ]')
error:  0.00041118
('out:    ', '[0.912 ]')
('correct:', '[1     ]')
error:  0.00388352
('out:    ', '[0.998 ]')
('correct:', '[1     ]')
error:  0.00000151
('out:    ', '[0.996 ]')
('correct:', '[1     ]')
error:  0.00000849
('out:    ', '[0.945 ]')
('correct:', '[1     ]')
error:  0.00153750
('out:    ', '[0.991 ]')
('correct:', '[1     ]')
error:  0.00003929
('out:    ', '[0.936 ]')
('correct:', '[1     ]')
error:  0.00206695
('out:    ', '[0.994 ]')
('correct:', '[1     ]')
error:  0.00001586
('out:    ', '[0.992 ]')
('correct:', '[1     ]')
error:  0.00003022
('out:    ', '[0.975 ]')
('correct:', '[1     ]')
error:  0.00031177
('out:    ', '[0.994 ]')
('correct:', '[1     ]')
error:  0.00001545
('out:    ', '[0.998 ]')
('correct:', '[1     ]')
error:  0.00000230
('out:    ', '[0.998 ]')
('correct:', '[1     ]')
error:  0.00000206
('out:    ', '[0.536 ]')
('correct:', '[1     ]')
error:  0.10743266
('out:    ', '[0.998 ]')
('correct:', '[1     ]')
error:  0.00000281
('out:    ', '[0.995 ]')
('correct:', '[1     ]')
error:  0.00001092
('out:    ', '[0.855 ]')
('correct:', '[1     ]')
error:  0.01058321
('out:    ', '[0.993 ]')
('correct:', '[1     ]')
error:  0.00002724
('out:    ', '[0.997 ]')
('correct:', '[1     ]')
error:  0.00000513
('out:    ', '[0.992 ]')
('correct:', '[1     ]')
error:  0.00002873
('out:    ', '[0.762 ]')
('correct:', '[1     ]')
error:  0.02831216
('out:    ', '[0.996 ]')
('correct:', '[1     ]')
error:  0.00000728
('out:    ', '[0.996 ]')
('correct:', '[1     ]')
error:  0.00000981
('out:    ', '[0.997 ]')
('correct:', '[1     ]')
error:  0.00000587
('out:    ', '[0.992 ]')
('correct:', '[1     ]')
error:  0.00003451
('out:    ', '[0.992 ]')
('correct:', '[1     ]')
error:  0.00003270
('out:    ', '[0.994 ]')
('correct:', '[1     ]')
error:  0.00001873
('out:    ', '[0.994 ]')
('correct:', '[1     ]')
error:  0.00001764
('out:    ', '[0.996 ]')
('correct:', '[1     ]')
error:  0.00000835
('out:    ', '[0.997 ]')
('correct:', '[1     ]')
error:  0.00000386
('out:    ', '[0.989 ]')
('correct:', '[1     ]')
error:  0.00005584
('out:    ', '[0.998 ]')
('correct:', '[1     ]')
error:  0.00000144
('out:    ', '[0.987 ]')
('correct:', '[1     ]')
error:  0.00007916
('out:    ', '[0.994 ]')
('correct:', '[1     ]')
error:  0.00001705
('out:    ', '[0.75  ]')
('correct:', '[1     ]')
error:  0.03137464
('out:    ', '[0.683 ]')
('correct:', '[1     ]')
error:  0.05031670
('out:    ', '[0.997 ]')
('correct:', '[1     ]')
error:  0.00000408
('out:    ', '[0.991 ]')
('correct:', '[1     ]')
error:  0.00003809
('out:    ', '[0.994 ]')
('correct:', '[1     ]')
error:  0.00001897
('out:    ', '[0.772 ]')
('correct:', '[1     ]')
error:  0.02591221
('out:    ', '[0.994 ]')
('correct:', '[1     ]')
error:  0.00002028
('out:    ', '[0.819 ]')
('correct:', '[1     ]')
error:  0.01643371
('out:    ', '[0.983 ]')
('correct:', '[1     ]')
error:  0.00014612
('out:    ', '[0.835 ]')
('correct:', '[1     ]')
error:  0.01356358
('out:    ', '[0.997 ]')
('correct:', '[1     ]')
error:  0.00000439
('out:    ', '[0.997 ]')
('correct:', '[1     ]')
error:  0.00000578
('out:    ', '[0.993 ]')
('correct:', '[1     ]')
error:  0.00002271
('out:    ', '[0.588 ]')
('correct:', '[0     ]')
error:  0.17308849
('out:    ', '[0.987 ]')
('correct:', '[1     ]')
error:  0.00008264
('out:    ', '[0.989 ]')
('correct:', '[1     ]')
error:  0.00006527
('out:    ', '[0.994 ]')
('correct:', '[1     ]')
error:  0.00001983
('out:    ', '[0.777 ]')
('correct:', '[1     ]')
error:  0.02481874
('out:    ', '[0.996 ]')
('correct:', '[1     ]')
error:  0.00000723
('out:    ', '[0.994 ]')
('correct:', '[1     ]')
error:  0.00001517
('out:    ', '[0.986 ]')
('correct:', '[1     ]')
error:  0.00009591
('out:    ', '[0.992 ]')
('correct:', '[1     ]')
error:  0.00003317
('out:    ', '[0.92  ]')
('correct:', '[1     ]')
error:  0.00321122
('out:    ', '[0.951 ]')
('correct:', '[1     ]')
error:  0.00121221
('out:    ', '[0.988 ]')
('correct:', '[1     ]')
error:  0.00007555
('out:    ', '[0.998 ]')
('correct:', '[1     ]')
error:  0.00000223
('out:    ', '[0.942 ]')
('correct:', '[1     ]')
error:  0.00165923
('out:    ', '[0.991 ]')
('correct:', '[1     ]')
error:  0.00003942
('out:    ', '[0.983 ]')
('correct:', '[1     ]')
error:  0.00013732
('out:    ', '[0.972 ]')
('correct:', '[1     ]')
error:  0.00038067
('out:    ', '[0.995 ]')
('correct:', '[1     ]')
error:  0.00001342
('out:    ', '[0.924 ]')
('correct:', '[1     ]')
error:  0.00287337
('out:    ', '[0.681 ]')
('correct:', '[0     ]')
error:  0.23216949
('out:    ', '[0.997 ]')
('correct:', '[1     ]')
error:  0.00000528
('out:    ', '[0.995 ]')
('correct:', '[1     ]')
error:  0.00001017
('out:    ', '[0.997 ]')
('correct:', '[1     ]')
error:  0.00000583
('out:    ', '[0.84  ]')
('correct:', '[1     ]')
error:  0.01278648
('out:    ', '[0.996 ]')
('correct:', '[1     ]')
error:  0.00000613
('out:    ', '[0.955 ]')
('correct:', '[1     ]')
error:  0.00101343
('out:    ', '[0.997 ]')
('correct:', '[1     ]')
error:  0.00000378
('out:    ', '[0.998 ]')
('correct:', '[1     ]')
error:  0.00000167
('out:    ', '[0.997 ]')
('correct:', '[1     ]')
error:  0.00000381
('out:    ', '[0.998 ]')
('correct:', '[1     ]')
error:  0.00000285
('out:    ', '[0.986 ]')
('correct:', '[1     ]')
error:  0.00009482
('out:    ', '[0.997 ]')
('correct:', '[1     ]')
error:  0.00000443
('out:    ', '[0.997 ]')
('correct:', '[1     ]')
error:  0.00000373
('out:    ', '[0.991 ]')
('correct:', '[1     ]')
error:  0.00003764
('out:    ', '[0.997 ]')
('correct:', '[1     ]')
error:  0.00000587
('out:    ', '[0.998 ]')
('correct:', '[1     ]')
error:  0.00000235
('out:    ', '[0.997 ]')
('correct:', '[1     ]')
error:  0.00000499
('out:    ', '[0.993 ]')
('correct:', '[1     ]')
error:  0.00002289
('out:    ', '[0.972 ]')
('correct:', '[1     ]')
error:  0.00039391
('out:    ', '[0.388 ]')
('correct:', '[1     ]')
error:  0.18735634
('out:    ', '[0.992 ]')
('correct:', '[1     ]')
error:  0.00003424
('out:    ', '[0.952 ]')
('correct:', '[1     ]')
error:  0.00114190
('out:    ', '[0.9   ]')
('correct:', '[1     ]')
error:  0.00497064
('out:    ', '[0.99  ]')
('correct:', '[1     ]')
error:  0.00005326
('out:    ', '[0.993 ]')
('correct:', '[1     ]')
error:  0.00002451
('out:    ', '[0.996 ]')
('correct:', '[1     ]')
error:  0.00000818
('out:    ', '[0.98  ]')
('correct:', '[1     ]')
error:  0.00020134
('out:    ', '[0.99  ]')
('correct:', '[1     ]')
error:  0.00005044
('out:    ', '[0.995 ]')
('correct:', '[1     ]')
error:  0.00001125
('out:    ', '[0.623 ]')
('correct:', '[1     ]')
error:  0.07096382
('out:    ', '[0.99  ]')
('correct:', '[1     ]')
error:  0.00004725
('out:    ', '[0.974 ]')
('correct:', '[1     ]')
error:  0.00033120
('out:    ', '[0.743 ]')
('correct:', '[1     ]')
error:  0.03307403
('out:    ', '[0.936 ]')
('correct:', '[1     ]')
error:  0.00204021
('out:    ', '[0.998 ]')
('correct:', '[1     ]')
error:  0.00000259
('out:    ', '[0.947 ]')
('correct:', '[1     ]')
error:  0.00139335
('out:    ', '[0.991 ]')
('correct:', '[1     ]')
error:  0.00003854
('out:    ', '[0.967 ]')
('correct:', '[1     ]')
error:  0.00053429
('out:    ', '[0.996 ]')
('correct:', '[1     ]')
error:  0.00000669
('out:    ', '[0.836 ]')
('correct:', '[1     ]')
error:  0.01352531
('out:    ', '[0.993 ]')
('correct:', '[1     ]')
error:  0.00002591
('out:    ', '[0.973 ]')
('correct:', '[1     ]')
error:  0.00036708
('out:    ', '[0.992 ]')
('correct:', '[1     ]')
error:  0.00002939
('out:    ', '[0.975 ]')
('correct:', '[1     ]')
error:  0.00030719
('out:    ', '[0.679 ]')
('correct:', '[1     ]')
error:  0.05155535
('out:    ', '[0.881 ]')
('correct:', '[1     ]')
error:  0.00710989
('out:    ', '[0.916 ]')
('correct:', '[1     ]')
error:  0.00351062
('out:    ', '[0.988 ]')
('correct:', '[1     ]')
error:  0.00007538
('out:    ', '[0.995 ]')
('correct:', '[1     ]')
error:  0.00001149
('out:    ', '[0.998 ]')
('correct:', '[1     ]')
error:  0.00000307
('out:    ', '[0.99  ]')
('correct:', '[1     ]')
error:  0.00005183
('out:    ', '[0.991 ]')
('correct:', '[1     ]')
error:  0.00004493
('out:    ', '[0.628 ]')
('correct:', '[1     ]')
error:  0.06927919
('out:    ', '[0.753 ]')
('correct:', '[1     ]')
error:  0.03061415
('out:    ', '[0.989 ]')
('correct:', '[1     ]')
error:  0.00005907
('out:    ', '[0.998 ]')
('correct:', '[1     ]')
error:  0.00000247
('out:    ', '[0.992 ]')
('correct:', '[1     ]')
error:  0.00003390
('out:    ', '[0.985 ]')
('correct:', '[1     ]')
error:  0.00011158
('out:    ', '[0.989 ]')
('correct:', '[1     ]')
error:  0.00005928
('out:    ', '[0.729 ]')
('correct:', '[0     ]')
error:  0.26580603
('out:    ', '[0.988 ]')
('correct:', '[1     ]')
error:  0.00007338
('out:    ', '[0.992 ]')
('correct:', '[1     ]')
error:  0.00003349
('out:    ', '[0.969 ]')
('correct:', '[1     ]')
error:  0.00048193
('out:    ', '[0.997 ]')
('correct:', '[1     ]')
error:  0.00000366
('out:    ', '[0.997 ]')
('correct:', '[1     ]')
error:  0.00000584
('out:    ', '[0.978 ]')
('correct:', '[1     ]')
error:  0.00023258
('out:    ', '[0.988 ]')
('correct:', '[1     ]')
error:  0.00007056
('out:    ', '[0.998 ]')
('correct:', '[1     ]')
error:  0.00000301
('out:    ', '[0.679 ]')
('correct:', '[1     ]')
error:  0.05142963
('out:    ', '[0.875 ]')
('correct:', '[1     ]')
error:  0.00786957
('out:    ', '[0.992 ]')
('correct:', '[1     ]')
error:  0.00003078
('out:    ', '[0.997 ]')
('correct:', '[1     ]')
error:  0.00000547
('out:    ', '[0.982 ]')
('correct:', '[1     ]')
error:  0.00016603
('out:    ', '[0.998 ]')
('correct:', '[1     ]')
error:  0.00000298
('out:    ', '[0.697 ]')
('correct:', '[1     ]')
error:  0.04603290
('out:    ', '[0.649 ]')
('correct:', '[1     ]')
error:  0.06158595
('out:    ', '[0.929 ]')
('correct:', '[1     ]')
error:  0.00253129
('out:    ', '[0.997 ]')
('correct:', '[1     ]')
error:  0.00000395
('out:    ', '[0.995 ]')
('correct:', '[1     ]')
error:  0.00001194
('out:    ', '[0.996 ]')
('correct:', '[1     ]')
error:  0.00000852
('out:    ', '[0.788 ]')
('correct:', '[0     ]')
error:  0.31084112
('out:    ', '[0.995 ]')
('correct:', '[1     ]')
error:  0.00001253
('out:    ', '[0.962 ]')
('correct:', '[1     ]')
error:  0.00071546
('out:    ', '[0.997 ]')
('correct:', '[1     ]')
error:  0.00000511
('out:    ', '[0.989 ]')
('correct:', '[1     ]')
error:  0.00005674
('out:    ', '[0.992 ]')
('correct:', '[1     ]')
error:  0.00003241
('out:    ', '[0.99  ]')
('correct:', '[1     ]')
error:  0.00004808
('out:    ', '[0.969 ]')
('correct:', '[1     ]')
error:  0.00046562
('out:    ', '[0.982 ]')
('correct:', '[1     ]')
error:  0.00015499
('out:    ', '[0.997 ]')
('correct:', '[1     ]')
error:  0.00000462
('out:    ', '[0.995 ]')
('correct:', '[1     ]')
error:  0.00001108
('out:    ', '[0.998 ]')
('correct:', '[1     ]')
error:  0.00000280
('out:    ', '[0.997 ]')
('correct:', '[1     ]')
error:  0.00000612
('out:    ', '[0.993 ]')
('correct:', '[1     ]')
error:  0.00002413
('out:    ', '[0.994 ]')
('correct:', '[1     ]')
error:  0.00001907
('out:    ', '[0.991 ]')
('correct:', '[1     ]')
error:  0.00004123
('out:    ', '[0.731 ]')
('correct:', '[1     ]')
error:  0.03630366
('out:    ', '[0.985 ]')
('correct:', '[1     ]')
error:  0.00011920
('out:    ', '[0.99  ]')
('correct:', '[1     ]')
error:  0.00004866
('out:    ', '[0.997 ]')
('correct:', '[1     ]')
error:  0.00000595
('out:    ', '[0.874 ]')
('correct:', '[1     ]')
error:  0.00797929
('out:    ', '[0.996 ]')
('correct:', '[1     ]')
error:  0.00000857
('out:    ', '[0.996 ]')
('correct:', '[1     ]')
error:  0.00000658
('out:    ', '[0.992 ]')
('correct:', '[1     ]')
error:  0.00002945
('out:    ', '[0.998 ]')
('correct:', '[1     ]')
error:  0.00000202
('out:    ', '[0.913 ]')
('correct:', '[1     ]')
error:  0.00379387
('out:    ', '[0.469 ]')
('correct:', '[0     ]')
error:  0.11003679
('out:    ', '[0.995 ]')
('correct:', '[1     ]')
error:  0.00001512
('out:    ', '[0.996 ]')
('correct:', '[1     ]')
error:  0.00000645
('out:    ', '[0.689 ]')
('correct:', '[1     ]')
error:  0.04821269
('out:    ', '[0.997 ]')
('correct:', '[1     ]')
error:  0.00000425
('out:    ', '[0.995 ]')
('correct:', '[1     ]')
error:  0.00001117
('out:    ', '[0.9   ]')
('correct:', '[1     ]')
error:  0.00500428
('out:    ', '[0.996 ]')
('correct:', '[1     ]')
error:  0.00000786
('out:    ', '[0.997 ]')
('correct:', '[1     ]')
error:  0.00000367
('out:    ', '[0.988 ]')
('correct:', '[1     ]')
error:  0.00006737
('out:    ', '[0.994 ]')
('correct:', '[1     ]')
error:  0.00001535
('out:    ', '[0.985 ]')
('correct:', '[1     ]')
error:  0.00011910
('out:    ', '[0.35  ]')
('correct:', '[1     ]')
error:  0.21099521
('out:    ', '[0.924 ]')
('correct:', '[0     ]')
error:  0.42711119
('out:    ', '[0.997 ]')
('correct:', '[1     ]')
error:  0.00000345
('out:    ', '[0.957 ]')
('correct:', '[1     ]')
error:  0.00091845
('out:    ', '[0.983 ]')
('correct:', '[1     ]')
error:  0.00015093
('out:    ', '[0.853 ]')
('correct:', '[1     ]')
error:  0.01080099
('out:    ', '[0.951 ]')
('correct:', '[1     ]')
error:  0.00120629
('out:    ', '[0.867 ]')
('correct:', '[1     ]')
error:  0.00887704
('out:    ', '[0.995 ]')
('correct:', '[1     ]')
error:  0.00001201
('out:    ', '[0.867 ]')
('correct:', '[0     ]')
error:  0.37596158
('out:    ', '[0.948 ]')
('correct:', '[1     ]')
error:  0.00136740
('out:    ', '[0.996 ]')
('correct:', '[1     ]')
error:  0.00000785
('out:    ', '[0.997 ]')
('correct:', '[1     ]')
error:  0.00000436
('out:    ', '[0.985 ]')
('correct:', '[1     ]')
error:  0.00010722
('out:    ', '[0.994 ]')
('correct:', '[1     ]')
error:  0.00001988
('out:    ', '[0.995 ]')
('correct:', '[1     ]')
error:  0.00001297
('out:    ', '[0.961 ]')
('correct:', '[1     ]')
error:  0.00074502
('out:    ', '[0.987 ]')
('correct:', '[1     ]')
error:  0.00007870
('out:    ', '[0.968 ]')
('correct:', '[1     ]')
error:  0.00052373
('out:    ', '[0.773 ]')
('correct:', '[1     ]')
error:  0.02580404
('out:    ', '[0.996 ]')
('correct:', '[1     ]')
error:  0.00000713
('out:    ', '[0.986 ]')
('correct:', '[1     ]')
error:  0.00009678
('out:    ', '[0.981 ]')
('correct:', '[1     ]')
error:  0.00018172
('out:    ', '[0.992 ]')
('correct:', '[1     ]')
error:  0.00003252
('out:    ', '[0.997 ]')
('correct:', '[1     ]')
error:  0.00000471
('out:    ', '[0.995 ]')
('correct:', '[1     ]')
error:  0.00001048
('out:    ', '[0.996 ]')
('correct:', '[1     ]')
error:  0.00000871
('out:    ', '[0.997 ]')
('correct:', '[1     ]')
error:  0.00000526
('out:    ', '[0.993 ]')
('correct:', '[1     ]')
error:  0.00002267
('out:    ', '[0.994 ]')
('correct:', '[1     ]')
error:  0.00001754
('out:    ', '[0.998 ]')
('correct:', '[1     ]')
error:  0.00000277
('out:    ', '[0.996 ]')
('correct:', '[1     ]')
error:  0.00000962
('out:    ', '[0.766 ]')
('correct:', '[1     ]')
error:  0.02729764
('out:    ', '[0.997 ]')
('correct:', '[1     ]')
error:  0.00000521
('out:    ', '[0.994 ]')
('correct:', '[1     ]')
error:  0.00002094
('out:    ', '[0.997 ]')
('correct:', '[1     ]')
error:  0.00000572
('out:    ', '[0.993 ]')
('correct:', '[1     ]')
error:  0.00002281
('out:    ', '[0.994 ]')
('correct:', '[1     ]')
error:  0.00001686
('out:    ', '[0.993 ]')
('correct:', '[1     ]')
error:  0.00002291
('out:    ', '[0.998 ]')
('correct:', '[1     ]')
error:  0.00000282
('out:    ', '[0.996 ]')
('correct:', '[1     ]')
error:  0.00000676
('out:    ', '[0.993 ]')
('correct:', '[1     ]')
error:  0.00002436
('out:    ', '[0.621 ]')
('correct:', '[0     ]')
error:  0.19300343
('out:    ', '[0.94  ]')
('correct:', '[1     ]')
error:  0.00179982
('out:    ', '[0.994 ]')
('correct:', '[1     ]')
error:  0.00002112
('out:    ', '[0.972 ]')
('correct:', '[1     ]')
error:  0.00040174
('out:    ', '[0.986 ]')
('correct:', '[1     ]')
error:  0.00010498
('out:    ', '[0.984 ]')
('correct:', '[1     ]')
error:  0.00013385
('out:    ', '[0.998 ]')
('correct:', '[1     ]')
error:  0.00000280
('out:    ', '[0.976 ]')
('correct:', '[1     ]')
error:  0.00029874
('out:    ', '[0.998 ]')
('correct:', '[1     ]')
error:  0.00000280
('out:    ', '[0.995 ]')
('correct:', '[1     ]')
error:  0.00001068
('out:    ', '[0.676 ]')
('correct:', '[1     ]')
error:  0.05241979
('out:    ', '[0.994 ]')
('correct:', '[1     ]')
error:  0.00001803
('out:    ', '[0.988 ]')
('correct:', '[1     ]')
error:  0.00006657
('out:    ', '[0.997 ]')
('correct:', '[1     ]')
error:  0.00000566
('out:    ', '[0.997 ]')
('correct:', '[1     ]')
error:  0.00000559
('out:    ', '[0.936 ]')
('correct:', '[1     ]')
error:  0.00205601
('out:    ', '[0.99  ]')
('correct:', '[1     ]')
error:  0.00004950
('out:    ', '[0.761 ]')
('correct:', '[1     ]')
error:  0.02848888
('out:    ', '[0.996 ]')
('correct:', '[1     ]')
error:  0.00000711
('out:    ', '[0.997 ]')
('correct:', '[1     ]')
error:  0.00000427
('out:    ', '[0.998 ]')
('correct:', '[1     ]')
error:  0.00000178
('out:    ', '[0.997 ]')
('correct:', '[1     ]')
error:  0.00000589
('out:    ', '[0.996 ]')
('correct:', '[1     ]')
error:  0.00000646
('out:    ', '[0.994 ]')
('correct:', '[1     ]')
error:  0.00001654
('out:    ', '[0.998 ]')
('correct:', '[1     ]')
error:  0.00000218
('out:    ', '[0.989 ]')
('correct:', '[1     ]')
error:  0.00005954
('out:    ', '[0.902 ]')
('correct:', '[1     ]')
error:  0.00477730
('out:    ', '[0.979 ]')
('correct:', '[1     ]')
error:  0.00021065
('out:    ', '[0.746 ]')
('correct:', '[1     ]')
error:  0.03232555
('out:    ', '[0.997 ]')
('correct:', '[1     ]')
error:  0.00000581
('out:    ', '[0.997 ]')
('correct:', '[1     ]')
error:  0.00000402
('out:    ', '[0.995 ]')
('correct:', '[1     ]')
error:  0.00001049
('out:    ', '[0.61  ]')
('correct:', '[1     ]')
error:  0.07614238
('out:    ', '[0.985 ]')
('correct:', '[1     ]')
error:  0.00011585
('out:    ', '[0.998 ]')
('correct:', '[1     ]')
error:  0.00000251
('out:    ', '[0.996 ]')
('correct:', '[1     ]')
error:  0.00000885
('out:    ', '[0.969 ]')
('correct:', '[1     ]')
error:  0.00046530
('out:    ', '[0.998 ]')
('correct:', '[1     ]')
error:  0.00000198
('out:    ', '[0.993 ]')
('correct:', '[1     ]')
error:  0.00002204
('out:    ', '[0.918 ]')
('correct:', '[1     ]')
error:  0.00339463
('out:    ', '[0.742 ]')
('correct:', '[1     ]')
error:  0.03336234
('out:    ', '[0.997 ]')
('correct:', '[1     ]')
error:  0.00000576
('out:    ', '[0.997 ]')
('correct:', '[1     ]')
error:  0.00000497
('out:    ', '[0.984 ]')
('correct:', '[1     ]')
error:  0.00013593
('out:    ', '[0.971 ]')
('correct:', '[1     ]')
error:  0.00040926
('out:    ', '[0.99  ]')
('correct:', '[1     ]')
error:  0.00004605
('out:    ', '[0.989 ]')
('correct:', '[1     ]')
error:  0.00005965
('out:    ', '[0.998 ]')
('correct:', '[1     ]')
error:  0.00000282
('out:    ', '[0.995 ]')
('correct:', '[1     ]')
error:  0.00001027
('out:    ', '[0.754 ]')
('correct:', '[1     ]')
error:  0.03027822
('out:    ', '[0.993 ]')
('correct:', '[1     ]')
error:  0.00002583
('out:    ', '[0.997 ]')
('correct:', '[1     ]')
error:  0.00000488
('out:    ', '[0.992 ]')
('correct:', '[1     ]')
error:  0.00003553
('out:    ', '[0.995 ]')
('correct:', '[1     ]')
error:  0.00001035
('out:    ', '[0.994 ]')
('correct:', '[1     ]')
error:  0.00002079
('out:    ', '[0.86  ]')
('correct:', '[1     ]')
error:  0.00979872
('out:    ', '[0.981 ]')
('correct:', '[1     ]')
error:  0.00018493
('out:    ', '[0.746 ]')
('correct:', '[1     ]')
error:  0.03233386
('out:    ', '[0.997 ]')
('correct:', '[1     ]')
error:  0.00000419
('out:    ', '[0.997 ]')
('correct:', '[1     ]')
error:  0.00000563
('out:    ', '[0.997 ]')
('correct:', '[1     ]')
error:  0.00000561
('out:    ', '[0.935 ]')
('correct:', '[1     ]')
error:  0.00208185
('out:    ', '[0.903 ]')
('correct:', '[1     ]')
error:  0.00468520
('out:    ', '[0.983 ]')
('correct:', '[1     ]')
error:  0.00013741
('out:    ', '[0.994 ]')
('correct:', '[1     ]')
error:  0.00001782
('out:    ', '[0.995 ]')
('correct:', '[1     ]')
error:  0.00001503
('out:    ', '[0.995 ]')
('correct:', '[1     ]')
error:  0.00001438
('out:    ', '[0.996 ]')
('correct:', '[1     ]')
error:  0.00000706
('out:    ', '[0.805 ]')
('correct:', '[0     ]')
error:  0.32398716
('out:    ', '[0.99  ]')
('correct:', '[1     ]')
error:  0.00004795
('out:    ', '[0.997 ]')
('correct:', '[1     ]')
error:  0.00000524
('out:    ', '[0.873 ]')
('correct:', '[1     ]')
error:  0.00805068
('out:    ', '[0.913 ]')
('correct:', '[1     ]')
error:  0.00377538
('out:    ', '[0.987 ]')
('correct:', '[1     ]')
error:  0.00008750
('out:    ', '[0.988 ]')
('correct:', '[1     ]')
error:  0.00007088
('out:    ', '[0.987 ]')
('correct:', '[1     ]')
error:  0.00008131
('out:    ', '[0.98  ]')
('correct:', '[1     ]')
error:  0.00020685
('out:    ', '[0.865 ]')
('correct:', '[1     ]')
error:  0.00907862
('out:    ', '[0.998 ]')
('correct:', '[1     ]')
error:  0.00000241
('out:    ', '[0.951 ]')
('correct:', '[1     ]')
error:  0.00120652
('out:    ', '[0.983 ]')
('correct:', '[1     ]')
error:  0.00014534
('out:    ', '[0.995 ]')
('correct:', '[1     ]')
error:  0.00001067
('out:    ', '[0.957 ]')
('correct:', '[1     ]')
error:  0.00092593
('out:    ', '[0.758 ]')
('correct:', '[1     ]')
error:  0.02938479
('out:    ', '[0.997 ]')
('correct:', '[1     ]')
error:  0.00000383
('out:    ', '[0.998 ]')
('correct:', '[1     ]')
error:  0.00000261
('out:    ', '[0.714 ]')
('correct:', '[1     ]')
error:  0.04083162
('out:    ', '[0.968 ]')
('correct:', '[1     ]')
error:  0.00052397
('out:    ', '[0.882 ]')
('correct:', '[1     ]')
error:  0.00699745
('out:    ', '[0.995 ]')
('correct:', '[1     ]')
error:  0.00001436
('out:    ', '[0.997 ]')
('correct:', '[1     ]')
error:  0.00000577
('out:    ', '[0.997 ]')
('correct:', '[1     ]')
error:  0.00000432
('out:    ', '[0.998 ]')
('correct:', '[1     ]')
error:  0.00000205
('out:    ', '[0.925 ]')
('correct:', '[1     ]')
error:  0.00284785
('out:    ', '[0.94  ]')
('correct:', '[1     ]')
error:  0.00181011
('out:    ', '[0.551 ]')
('correct:', '[1     ]')
error:  0.10073959
('out:    ', '[0.996 ]')
('correct:', '[1     ]')
error:  0.00000640
('out:    ', '[0.996 ]')
('correct:', '[1     ]')
error:  0.00000702
('out:    ', '[0.995 ]')
('correct:', '[1     ]')
error:  0.00001103
('out:    ', '[0.959 ]')
('correct:', '[1     ]')
error:  0.00085784
('out:    ', '[0.995 ]')
('correct:', '[1     ]')
error:  0.00001260
('out:    ', '[0.997 ]')
('correct:', '[1     ]')
error:  0.00000568
('out:    ', '[0.971 ]')
('correct:', '[1     ]')
error:  0.00041438
('out:    ', '[0.994 ]')
('correct:', '[1     ]')
error:  0.00001542
('out:    ', '[0.994 ]')
('correct:', '[1     ]')
error:  0.00001608
('out:    ', '[0.983 ]')
('correct:', '[1     ]')
error:  0.00014951
('out:    ', '[0.993 ]')
('correct:', '[1     ]')
error:  0.00002393
('out:    ', '[0.867 ]')
('correct:', '[1     ]')
error:  0.00881092
('out:    ', '[0.997 ]')
('correct:', '[1     ]')
error:  0.00000353
('out:    ', '[0.866 ]')
('correct:', '[1     ]')
error:  0.00903241
('out:    ', '[0.997 ]')
('correct:', '[1     ]')
error:  0.00000454
('out:    ', '[0.993 ]')
('correct:', '[1     ]')
error:  0.00002337
('out:    ', '[0.899 ]')
('correct:', '[0     ]')
error:  0.40426910
('out:    ', '[0.991 ]')
('correct:', '[1     ]')
error:  0.00004387
('out:    ', '[0.994 ]')
('correct:', '[1     ]')
error:  0.00001729
('out:    ', '[0.993 ]')
('correct:', '[1     ]')
error:  0.00002283
('out:    ', '[0.947 ]')
('correct:', '[1     ]')
error:  0.00142934
('out:    ', '[0.994 ]')
('correct:', '[1     ]')
error:  0.00002039
('out:    ', '[0.995 ]')
('correct:', '[1     ]')
error:  0.00001026
('out:    ', '[0.898 ]')
('correct:', '[1     ]')
error:  0.00520019
('out:    ', '[0.996 ]')
('correct:', '[1     ]')
error:  0.00000863
('out:    ', '[0.785 ]')
('correct:', '[1     ]')
error:  0.02300769
('out:    ', '[0.819 ]')
('correct:', '[1     ]')
error:  0.01644869
('out:    ', '[0.987 ]')
('correct:', '[1     ]')
error:  0.00008036
('out:    ', '[0.921 ]')
('correct:', '[1     ]')
error:  0.00312662
('out:    ', '[0.991 ]')
('correct:', '[1     ]')
error:  0.00004413
('out:    ', '[0.992 ]')
('correct:', '[1     ]')
error:  0.00003383
('out:    ', '[0.995 ]')
('correct:', '[1     ]')
error:  0.00001435
('out:    ', '[0.98  ]')
('correct:', '[1     ]')
error:  0.00019344
('out:    ', '[0.998 ]')
('correct:', '[1     ]')
error:  0.00000152
('out:    ', '[0.994 ]')
('correct:', '[1     ]')
error:  0.00001784
('out:    ', '[0.992 ]')
('correct:', '[1     ]')
error:  0.00003550
('out:    ', '[0.995 ]')
('correct:', '[1     ]')
error:  0.00001050
('out:    ', '[0.996 ]')
('correct:', '[1     ]')
error:  0.00000930
('out:    ', '[0.995 ]')
('correct:', '[1     ]')
error:  0.00001155
('out:    ', '[0.993 ]')
('correct:', '[1     ]')
error:  0.00002487
('out:    ', '[0.725 ]')
('correct:', '[1     ]')
error:  0.03776972
('out:    ', '[0.989 ]')
('correct:', '[1     ]')
error:  0.00006450
('out:    ', '[0.982 ]')
('correct:', '[1     ]')
error:  0.00016379
('out:    ', '[0.991 ]')
('correct:', '[1     ]')
error:  0.00003907
('out:    ', '[0.99  ]')
('correct:', '[1     ]')
error:  0.00004594
('out:    ', '[0.996 ]')
('correct:', '[1     ]')
error:  0.00000893
('out:    ', '[0.996 ]')
('correct:', '[1     ]')
error:  0.00000670
('out:    ', '[0.699 ]')
('correct:', '[1     ]')
error:  0.04525753
('out:    ', '[0.98  ]')
('correct:', '[1     ]')
error:  0.00020102
('out:    ', '[0.984 ]')
('correct:', '[1     ]')
error:  0.00013454
('out:    ', '[0.991 ]')
('correct:', '[1     ]')
error:  0.00004007
('out:    ', '[0.997 ]')
('correct:', '[1     ]')
error:  0.00000332
('out:    ', '[0.996 ]')
('correct:', '[1     ]')
error:  0.00000845
('out:    ', '[0.998 ]')
('correct:', '[1     ]')
error:  0.00000274
('out:    ', '[0.997 ]')
('correct:', '[1     ]')
error:  0.00000524
('out:    ', '[0.628 ]')
('correct:', '[1     ]')
error:  0.06928613
('out:    ', '[0.971 ]')
('correct:', '[1     ]')
error:  0.00042544
('out:    ', '[0.998 ]')
('correct:', '[1     ]')
error:  0.00000253
('out:    ', '[0.975 ]')
('correct:', '[1     ]')
error:  0.00030952
('out:    ', '[0.986 ]')
('correct:', '[0     ]')
error:  0.48598762
('out:    ', '[0.941 ]')
('correct:', '[1     ]')
error:  0.00173820
('out:    ', '[0.994 ]')
('correct:', '[1     ]')
error:  0.00001647
('out:    ', '[0.664 ]')
('correct:', '[1     ]')
error:  0.05643636
('out:    ', '[0.995 ]')
('correct:', '[1     ]')
error:  0.00001146
('out:    ', '[0.998 ]')
('correct:', '[1     ]')
error:  0.00000206
('out:    ', '[0.672 ]')
('correct:', '[1     ]')
error:  0.05386399
('out:    ', '[0.994 ]')
('correct:', '[1     ]')
error:  0.00001760
('out:    ', '[0.997 ]')
('correct:', '[1     ]')
error:  0.00000571
('out:    ', '[0.996 ]')
('correct:', '[1     ]')
error:  0.00000803
('out:    ', '[0.992 ]')
('correct:', '[1     ]')
error:  0.00003286
('out:    ', '[0.987 ]')
('correct:', '[1     ]')
error:  0.00008883
('out:    ', '[0.986 ]')
('correct:', '[1     ]')
error:  0.00010035
('out:    ', '[0.994 ]')
('correct:', '[1     ]')
error:  0.00001631
('out:    ', '[0.995 ]')
('correct:', '[1     ]')
error:  0.00001107
('out:    ', '[0.975 ]')
('correct:', '[1     ]')
error:  0.00030126
('out:    ', '[0.998 ]')
('correct:', '[1     ]')
error:  0.00000292
('out:    ', '[0.996 ]')
('correct:', '[1     ]')
error:  0.00000783
('out:    ', '[0.995 ]')
('correct:', '[1     ]')
error:  0.00001123
('out:    ', '[0.968 ]')
('correct:', '[1     ]')
error:  0.00050205
('out:    ', '[0.995 ]')
('correct:', '[1     ]')
error:  0.00001091
('out:    ', '[0.991 ]')
('correct:', '[1     ]')
error:  0.00003771
('out:    ', '[0.998 ]')
('correct:', '[1     ]')
error:  0.00000278
('out:    ', '[0.996 ]')
('correct:', '[1     ]')
error:  0.00000841
('out:    ', '[0.994 ]')
('correct:', '[1     ]')
error:  0.00001870
('out:    ', '[0.993 ]')
('correct:', '[1     ]')
error:  0.00002753
('out:    ', '[0.993 ]')
('correct:', '[1     ]')
error:  0.00002554
('out:    ', '[0.989 ]')
('correct:', '[1     ]')
error:  0.00006586
('out:    ', '[0.92  ]')
('correct:', '[1     ]')
error:  0.00319882
('out:    ', '[0.996 ]')
('correct:', '[1     ]')
error:  0.00000735
('out:    ', '[0.998 ]')
('correct:', '[1     ]')
error:  0.00000303
('out:    ', '[0.934 ]')
('correct:', '[1     ]')
error:  0.00220999
('out:    ', '[0.976 ]')
('correct:', '[1     ]')
error:  0.00028265
('out:    ', '[0.99  ]')
('correct:', '[1     ]')
error:  0.00005334
('out:    ', '[0.913 ]')
('correct:', '[1     ]')
error:  0.00382466
('out:    ', '[0.996 ]')
('correct:', '[1     ]')
error:  0.00000830
('out:    ', '[0.995 ]')
('correct:', '[1     ]')
error:  0.00001471
('out:    ', '[0.953 ]')
('correct:', '[1     ]')
error:  0.00110036
('out:    ', '[0.989 ]')
('correct:', '[1     ]')
error:  0.00006241
('out:    ', '[0.994 ]')
('correct:', '[1     ]')
error:  0.00001730
('out:    ', '[0.997 ]')
('correct:', '[1     ]')
error:  0.00000404
('out:    ', '[0.972 ]')
('correct:', '[1     ]')
error:  0.00038271
('out:    ', '[0.824 ]')
('correct:', '[1     ]')
error:  0.01553309
('out:    ', '[0.998 ]')
('correct:', '[1     ]')
error:  0.00000241
('out:    ', '[0.995 ]')
('correct:', '[1     ]')
error:  0.00001360
('out:    ', '[0.986 ]')
('correct:', '[1     ]')
error:  0.00010094
('out:    ', '[0.872 ]')
('correct:', '[1     ]')
error:  0.00817921
('out:    ', '[0.993 ]')
('correct:', '[1     ]')
error:  0.00002765
('out:    ', '[0.998 ]')
('correct:', '[1     ]')
error:  0.00000186
('out:    ', '[0.992 ]')
('correct:', '[1     ]')
error:  0.00003511
('out:    ', '[0.986 ]')
('correct:', '[1     ]')
error:  0.00010048
('out:    ', '[0.993 ]')
('correct:', '[1     ]')
error:  0.00002173
('out:    ', '[0.628 ]')
('correct:', '[0     ]')
error:  0.19735919
('out:    ', '[0.998 ]')
('correct:', '[1     ]')
error:  0.00000280
('out:    ', '[0.713 ]')
('correct:', '[1     ]')
error:  0.04124342
('out:    ', '[0.99  ]')
('correct:', '[1     ]')
error:  0.00004621
('out:    ', '[0.764 ]')
('correct:', '[1     ]')
error:  0.02795964
('out:    ', '[0.992 ]')
('correct:', '[1     ]')
error:  0.00003255
('out:    ', '[0.687 ]')
('correct:', '[1     ]')
error:  0.04895001
('out:    ', '[0.997 ]')
('correct:', '[1     ]')
error:  0.00000397
('out:    ', '[0.953 ]')
('correct:', '[1     ]')
error:  0.00110271
('out:    ', '[0.995 ]')
('correct:', '[1     ]')
error:  0.00001089
('out:    ', '[0.996 ]')
('correct:', '[1     ]')
error:  0.00000864
('out:    ', '[0.996 ]')
('correct:', '[1     ]')
error:  0.00000903
('out:    ', '[0.994 ]')
('correct:', '[1     ]')
error:  0.00001712
('out:    ', '[0.709 ]')
('correct:', '[1     ]')
error:  0.04219711
('out:    ', '[0.996 ]')
('correct:', '[1     ]')
error:  0.00000914
('out:    ', '[0.991 ]')
('correct:', '[1     ]')
error:  0.00003954
('out:    ', '[0.995 ]')
('correct:', '[1     ]')
error:  0.00001173
('out:    ', '[0.986 ]')
('correct:', '[1     ]')
error:  0.00009528
('out:    ', '[0.996 ]')
('correct:', '[1     ]')
error:  0.00000918
('out:    ', '[0.992 ]')
('correct:', '[1     ]')
error:  0.00002980
('out:    ', '[0.94  ]')
('correct:', '[1     ]')
error:  0.00180155
('out:    ', '[0.93  ]')
('correct:', '[1     ]')
error:  0.00241582
('out:    ', '[0.993 ]')
('correct:', '[1     ]')
error:  0.00002289
('out:    ', '[0.647 ]')
('correct:', '[1     ]')
error:  0.06237706
('out:    ', '[0.998 ]')
('correct:', '[1     ]')
error:  0.00000229
('out:    ', '[0.993 ]')
('correct:', '[1     ]')
error:  0.00002199
('out:    ', '[0.995 ]')
('correct:', '[1     ]')
error:  0.00001205
('out:    ', '[0.997 ]')
('correct:', '[1     ]')
error:  0.00000332
('out:    ', '[0.996 ]')
('correct:', '[1     ]')
error:  0.00000881
('out:    ', '[0.943 ]')
('correct:', '[1     ]')
error:  0.00161634
('out:    ', '[0.997 ]')
('correct:', '[1     ]')
error:  0.00000592
('out:    ', '[0.994 ]')
('correct:', '[1     ]')
error:  0.00002031
('out:    ', '[0.997 ]')
('correct:', '[1     ]')
error:  0.00000353
('out:    ', '[0.676 ]')
('correct:', '[1     ]')
error:  0.05264641
('out:    ', '[0.991 ]')
('correct:', '[1     ]')
error:  0.00003788
('out:    ', '[0.991 ]')
('correct:', '[1     ]')
error:  0.00004054
('out:    ', '[0.985 ]')
('correct:', '[1     ]')
error:  0.00010561
('out:    ', '[0.996 ]')
('correct:', '[1     ]')
error:  0.00000838
('out:    ', '[0.997 ]')
('correct:', '[1     ]')
error:  0.00000400
('out:    ', '[0.987 ]')
('correct:', '[1     ]')
error:  0.00008155
('out:    ', '[0.997 ]')
('correct:', '[1     ]')
error:  0.00000598
('out:    ', '[0.998 ]')
('correct:', '[1     ]')
error:  0.00000298
('out:    ', '[0.996 ]')
('correct:', '[1     ]')
error:  0.00000966
('out:    ', '[0.846 ]')
('correct:', '[0     ]')
error:  0.35807893
('out:    ', '[0.996 ]')
('correct:', '[1     ]')
error:  0.00000631
('out:    ', '[0.946 ]')
('correct:', '[1     ]')
error:  0.00147801
('out:    ', '[0.994 ]')
('correct:', '[1     ]')
error:  0.00001725
('out:    ', '[0.98  ]')
('correct:', '[1     ]')
error:  0.00020721
('out:    ', '[0.963 ]')
('correct:', '[1     ]')
error:  0.00067192
('out:    ', '[0.99  ]')
('correct:', '[1     ]')
error:  0.00005342
('out:    ', '[0.995 ]')
('correct:', '[1     ]')
error:  0.00001064
('out:    ', '[0.995 ]')
('correct:', '[1     ]')
error:  0.00001220
('out:    ', '[0.994 ]')
('correct:', '[1     ]')
error:  0.00001702
('out:    ', '[0.993 ]')
('correct:', '[1     ]')
error:  0.00002392
('out:    ', '[0.773 ]')
('correct:', '[1     ]')
error:  0.02583091
('out:    ', '[0.993 ]')
('correct:', '[1     ]')
error:  0.00002650
('out:    ', '[0.994 ]')
('correct:', '[1     ]')
error:  0.00001542
('out:    ', '[0.997 ]')
('correct:', '[1     ]')
error:  0.00000468
('out:    ', '[0.779 ]')
('correct:', '[1     ]')
error:  0.02441341
('out:    ', '[0.997 ]')
('correct:', '[1     ]')
error:  0.00000349
('out:    ', '[0.998 ]')
('correct:', '[1     ]')
error:  0.00000275
('out:    ', '[0.98  ]')
('correct:', '[1     ]')
error:  0.00020455
('out:    ', '[0.959 ]')
('correct:', '[1     ]')
error:  0.00082094
('out:    ', '[0.995 ]')
('correct:', '[1     ]')
error:  0.00001301
('out:    ', '[0.996 ]')
('correct:', '[1     ]')
error:  0.00000835
('out:    ', '[0.662 ]')
('correct:', '[1     ]')
error:  0.05714930
('out:    ', '[0.995 ]')
('correct:', '[1     ]')
error:  0.00001329
('out:    ', '[0.967 ]')
('correct:', '[1     ]')
error:  0.00053618
('out:    ', '[0.842 ]')
('correct:', '[0     ]')
error:  0.35424689
('out:    ', '[0.995 ]')
('correct:', '[1     ]')
error:  0.00001451
('out:    ', '[0.984 ]')
('correct:', '[1     ]')
error:  0.00013609
('out:    ', '[0.993 ]')
('correct:', '[1     ]')
error:  0.00002271
('out:    ', '[0.992 ]')
('correct:', '[1     ]')
error:  0.00003300
('out:    ', '[0.737 ]')
('correct:', '[1     ]')
error:  0.03458146
('out:    ', '[0.971 ]')
('correct:', '[1     ]')
error:  0.00040653
('out:    ', '[0.9   ]')
('correct:', '[1     ]')
error:  0.00500499
('out:    ', '[0.914 ]')
('correct:', '[1     ]')
error:  0.00372798
('out:    ', '[0.997 ]')
('correct:', '[1     ]')
error:  0.00000433
('out:    ', '[0.998 ]')
('correct:', '[1     ]')
error:  0.00000216
('out:    ', '[0.993 ]')
('correct:', '[1     ]')
error:  0.00002222
('out:    ', '[0.988 ]')
('correct:', '[1     ]')
error:  0.00007328
('out:    ', '[0.993 ]')
('correct:', '[1     ]')
error:  0.00002303
('out:    ', '[0.993 ]')
('correct:', '[1     ]')
error:  0.00002440
('out:    ', '[0.997 ]')
('correct:', '[1     ]')
error:  0.00000459
('out:    ', '[0.971 ]')
('correct:', '[1     ]')
error:  0.00041722
('out:    ', '[0.982 ]')
('correct:', '[1     ]')
error:  0.00016832
('out:    ', '[0.998 ]')
('correct:', '[1     ]')
error:  0.00000279
('out:    ', '[0.993 ]')
('correct:', '[1     ]')
error:  0.00002723
('out:    ', '[0.996 ]')
('correct:', '[1     ]')
error:  0.00001004
('out:    ', '[0.979 ]')
('correct:', '[1     ]')
error:  0.00022802
('out:    ', '[0.99  ]')
('correct:', '[1     ]')
error:  0.00005005
('out:    ', '[0.742 ]')
('correct:', '[1     ]')
error:  0.03336105
('out:    ', '[0.996 ]')
('correct:', '[1     ]')
error:  0.00000715
('out:    ', '[0.962 ]')
('correct:', '[1     ]')
error:  0.00072491
('out:    ', '[0.988 ]')
('correct:', '[1     ]')
error:  0.00006732
('out:    ', '[0.992 ]')
('correct:', '[1     ]')
error:  0.00003434
('out:    ', '[0.995 ]')
('correct:', '[1     ]')
error:  0.00001187
('out:    ', '[0.993 ]')
('correct:', '[1     ]')
error:  0.00002261
('out:    ', '[0.998 ]')
('correct:', '[1     ]')
error:  0.00000257
('out:    ', '[0.998 ]')
('correct:', '[1     ]')
error:  0.00000207
('out:    ', '[0.901 ]')
('correct:', '[1     ]')
error:  0.00493298
('out:    ', '[0.993 ]')
('correct:', '[1     ]')
error:  0.00002329
('out:    ', '[0.99  ]')
('correct:', '[1     ]')
error:  0.00005434
('out:    ', '[0.879 ]')
('correct:', '[1     ]')
error:  0.00734276
('out:    ', '[0.97  ]')
('correct:', '[1     ]')
error:  0.00045619
('out:    ', '[0.991 ]')
('correct:', '[1     ]')
error:  0.00004472
('out:    ', '[0.99  ]')
('correct:', '[1     ]')
error:  0.00004612
('out:    ', '[0.981 ]')
('correct:', '[1     ]')
error:  0.00017772
('out:    ', '[0.794 ]')
('correct:', '[1     ]')
error:  0.02126666
('out:    ', '[0.992 ]')
('correct:', '[1     ]')
error:  0.00002826
('out:    ', '[0.997 ]')
('correct:', '[1     ]')
error:  0.00000611
('out:    ', '[0.996 ]')
('correct:', '[1     ]')
error:  0.00000981
('out:    ', '[0.982 ]')
('correct:', '[1     ]')
error:  0.00016650
('out:    ', '[0.986 ]')
('correct:', '[1     ]')
error:  0.00009486
('out:    ', '[0.994 ]')
('correct:', '[1     ]')
error:  0.00001959
('out:    ', '[0.979 ]')
('correct:', '[1     ]')
error:  0.00021658
('out:    ', '[0.992 ]')
('correct:', '[1     ]')
error:  0.00003285
('out:    ', '[0.975 ]')
('correct:', '[1     ]')
error:  0.00030454
('out:    ', '[0.998 ]')
('correct:', '[1     ]')
error:  0.00000188
('out:    ', '[0.822 ]')
('correct:', '[1     ]')
error:  0.01575927
('out:    ', '[0.995 ]')
('correct:', '[1     ]')
error:  0.00001115
('out:    ', '[0.998 ]')
('correct:', '[1     ]')
error:  0.00000267
('out:    ', '[0.998 ]')
('correct:', '[1     ]')
error:  0.00000253
('out:    ', '[0.995 ]')
('correct:', '[1     ]')
error:  0.00001020
('out:    ', '[0.998 ]')
('correct:', '[1     ]')
error:  0.00000159
('out:    ', '[0.969 ]')
('correct:', '[1     ]')
error:  0.00046761
('out:    ', '[0.996 ]')
('correct:', '[1     ]')
error:  0.00000958
('out:    ', '[0.998 ]')
('correct:', '[1     ]')
error:  0.00000307
('out:    ', '[0.988 ]')
('correct:', '[1     ]')
error:  0.00007041
('out:    ', '[0.992 ]')
('correct:', '[1     ]')
error:  0.00003470
('out:    ', '[0.993 ]')
('correct:', '[1     ]')
error:  0.00002369
('out:    ', '[0.992 ]')
('correct:', '[1     ]')
error:  0.00003274
('out:    ', '[0.801 ]')
('correct:', '[1     ]')
error:  0.01977899
('out:    ', '[0.996 ]')
('correct:', '[1     ]')
error:  0.00000929
('out:    ', '[0.992 ]')
('correct:', '[1     ]')
error:  0.00003049
('out:    ', '[0.882 ]')
('correct:', '[1     ]')
error:  0.00693535
('out:    ', '[0.974 ]')
('correct:', '[1     ]')
error:  0.00033358
('out:    ', '[0.734 ]')
('correct:', '[1     ]')
error:  0.03534522
('out:    ', '[0.987 ]')
('correct:', '[1     ]')
error:  0.00007925
('out:    ', '[0.899 ]')
('correct:', '[1     ]')
error:  0.00509885
('out:    ', '[0.579 ]')
('correct:', '[1     ]')
error:  0.08856950
('out:    ', '[0.995 ]')
('correct:', '[1     ]')
error:  0.00001232
('out:    ', '[0.923 ]')
('correct:', '[1     ]')
error:  0.00298233
('out:    ', '[0.993 ]')
('correct:', '[1     ]')
error:  0.00002583
('out:    ', '[0.886 ]')
('correct:', '[1     ]')
error:  0.00652002
('out:    ', '[0.998 ]')
('correct:', '[1     ]')
error:  0.00000308
('out:    ', '[0.814 ]')
('correct:', '[1     ]')
error:  0.01737265
('out:    ', '[0.998 ]')
('correct:', '[1     ]')
error:  0.00000156
('out:    ', '[0.997 ]')
('correct:', '[1     ]')
error:  0.00000584
('out:    ', '[0.973 ]')
('correct:', '[1     ]')
error:  0.00036665
('out:    ', '[0.998 ]')
('correct:', '[1     ]')
error:  0.00000202
('out:    ', '[0.992 ]')
('correct:', '[1     ]')
error:  0.00003026
('out:    ', '[0.846 ]')
('correct:', '[1     ]')
error:  0.01189215
('out:    ', '[0.995 ]')
('correct:', '[1     ]')
error:  0.00001260
('out:    ', '[0.988 ]')
('correct:', '[1     ]')
error:  0.00007763
('out:    ', '[0.962 ]')
('correct:', '[1     ]')
error:  0.00072992
('out:    ', '[0.833 ]')
('correct:', '[1     ]')
error:  0.01390907
('out:    ', '[0.987 ]')
('correct:', '[1     ]')
error:  0.00008564
('out:    ', '[0.997 ]')
('correct:', '[1     ]')
error:  0.00000431
('out:    ', '[0.995 ]')
('correct:', '[1     ]')
error:  0.00001040
('out:    ', '[0.994 ]')
('correct:', '[1     ]')
error:  0.00001758
('out:    ', '[0.995 ]')
('correct:', '[1     ]')
error:  0.00001124
('out:    ', '[0.821 ]')
('correct:', '[1     ]')
error:  0.01606953
('out:    ', '[0.923 ]')
('correct:', '[1     ]')
error:  0.00294890
('out:    ', '[0.982 ]')
('correct:', '[1     ]')
error:  0.00016750
('out:    ', '[0.985 ]')
('correct:', '[1     ]')
error:  0.00011772
('out:    ', '[0.996 ]')
('correct:', '[1     ]')
error:  0.00000638
('out:    ', '[0.998 ]')
('correct:', '[1     ]')
error:  0.00000279
('out:    ', '[0.996 ]')
('correct:', '[1     ]')
error:  0.00000621
('out:    ', '[0.993 ]')
('correct:', '[1     ]')
error:  0.00002415
('out:    ', '[0.997 ]')
('correct:', '[1     ]')
error:  0.00000349
('out:    ', '[0.993 ]')
('correct:', '[1     ]')
error:  0.00002177
('out:    ', '[0.993 ]')
('correct:', '[1     ]')
error:  0.00002542
('out:    ', '[0.997 ]')
('correct:', '[1     ]')
error:  0.00000363
('out:    ', '[0.997 ]')
('correct:', '[1     ]')
error:  0.00000317
('out:    ', '[0.995 ]')
('correct:', '[1     ]')
error:  0.00001125
('out:    ', '[0.952 ]')
('correct:', '[1     ]')
error:  0.00113062
('out:    ', '[0.955 ]')
('correct:', '[1     ]')
error:  0.00099614
('out:    ', '[0.996 ]')
('correct:', '[1     ]')
error:  0.00000992
('out:    ', '[0.992 ]')
('correct:', '[1     ]')
error:  0.00002979
('out:    ', '[0.998 ]')
('correct:', '[1     ]')
error:  0.00000209
('out:    ', '[0.986 ]')
('correct:', '[1     ]')
error:  0.00010445
('out:    ', '[0.998 ]')
('correct:', '[1     ]')
error:  0.00000261
('out:    ', '[0.678 ]')
('correct:', '[1     ]')
error:  0.05196529
('out:    ', '[0.983 ]')
('correct:', '[1     ]')
error:  0.00014657
('out:    ', '[0.993 ]')
('correct:', '[1     ]')
error:  0.00002698
('out:    ', '[0.997 ]')
('correct:', '[1     ]')
error:  0.00000574
('out:    ', '[0.96  ]')
('correct:', '[1     ]')
error:  0.00080191
('out:    ', '[0.997 ]')
('correct:', '[1     ]')
error:  0.00000318
('out:    ', '[0.991 ]')
('correct:', '[1     ]')
error:  0.00003802
('out:    ', '[0.997 ]')
('correct:', '[1     ]')
error:  0.00000369
('out:    ', '[0.995 ]')
('correct:', '[1     ]')
error:  0.00001480
('out:    ', '[0.993 ]')
('correct:', '[1     ]')
error:  0.00002164
('out:    ', '[0.995 ]')
('correct:', '[1     ]')
error:  0.00001040
('out:    ', '[0.99  ]')
('correct:', '[1     ]')
error:  0.00005021
('out:    ', '[0.993 ]')
('correct:', '[1     ]')
error:  0.00002215
('out:    ', '[0.996 ]')
('correct:', '[1     ]')
error:  0.00000992
('out:    ', '[0.975 ]')
('correct:', '[1     ]')
error:  0.00032042
('out:    ', '[0.989 ]')
('correct:', '[1     ]')
error:  0.00005564
('out:    ', '[0.991 ]')
('correct:', '[1     ]')
error:  0.00004292
('out:    ', '[0.994 ]')
('correct:', '[1     ]')
error:  0.00002062
('out:    ', '[0.998 ]')
('correct:', '[1     ]')
error:  0.00000212
('out:    ', '[0.992 ]')
('correct:', '[1     ]')
error:  0.00003607
('out:    ', '[0.995 ]')
('correct:', '[1     ]')
error:  0.00001103
('out:    ', '[0.994 ]')
('correct:', '[1     ]')
error:  0.00001944
('out:    ', '[0.997 ]')
('correct:', '[1     ]')
error:  0.00000371
('out:    ', '[0.741 ]')
('correct:', '[1     ]')
error:  0.03343752
('out:    ', '[0.995 ]')
('correct:', '[1     ]')
error:  0.00001049
('out:    ', '[0.995 ]')
('correct:', '[1     ]')
error:  0.00001410
('out:    ', '[0.994 ]')
('correct:', '[1     ]')
error:  0.00001991
('out:    ', '[0.955 ]')
('correct:', '[1     ]')
error:  0.00099651
('out:    ', '[0.997 ]')
('correct:', '[1     ]')
error:  0.00000468
('out:    ', '[0.998 ]')
('correct:', '[1     ]')
error:  0.00000287
('out:    ', '[0.997 ]')
('correct:', '[1     ]')
error:  0.00000426
('out:    ', '[0.992 ]')
('correct:', '[1     ]')
error:  0.00002892
('out:    ', '[0.994 ]')
('correct:', '[1     ]')
error:  0.00001896
('out:    ', '[0.996 ]')
('correct:', '[1     ]')
error:  0.00000958
('out:    ', '[0.995 ]')
('correct:', '[1     ]')
error:  0.00001029
('out:    ', '[0.997 ]')
('correct:', '[1     ]')
error:  0.00000556
('out:    ', '[0.994 ]')
('correct:', '[1     ]')
error:  0.00002066
('out:    ', '[0.934 ]')
('correct:', '[1     ]')
error:  0.00220149
('out:    ', '[0.997 ]')
('correct:', '[1     ]')
error:  0.00000360
('out:    ', '[0.992 ]')
('correct:', '[1     ]')
error:  0.00002817
('out:    ', '[0.983 ]')
('correct:', '[1     ]')
error:  0.00014444
('out:    ', '[0.996 ]')
('correct:', '[1     ]')
error:  0.00000621
('out:    ', '[0.998 ]')
('correct:', '[1     ]')
error:  0.00000205
('out:    ', '[0.997 ]')
('correct:', '[1     ]')
error:  0.00000582
('out:    ', '[0.841 ]')
('correct:', '[1     ]')
error:  0.01270690
('out:    ', '[0.998 ]')
('correct:', '[1     ]')
error:  0.00000182
('out:    ', '[0.998 ]')
('correct:', '[1     ]')
error:  0.00000283
('out:    ', '[0.967 ]')
('correct:', '[1     ]')
error:  0.00055512
('out:    ', '[0.996 ]')
('correct:', '[1     ]')
error:  0.00000659
('out:    ', '[0.996 ]')
('correct:', '[1     ]')
error:  0.00000616
('out:    ', '[0.997 ]')
('correct:', '[1     ]')
error:  0.00000398
('out:    ', '[0.998 ]')
('correct:', '[1     ]')
error:  0.00000263
('out:    ', '[0.997 ]')
('correct:', '[1     ]')
error:  0.00000416
('out:    ', '[0.984 ]')
('correct:', '[1     ]')
error:  0.00012889
('out:    ', '[0.939 ]')
('correct:', '[1     ]')
error:  0.00186369
('out:    ', '[0.992 ]')
('correct:', '[1     ]')
error:  0.00003465
('out:    ', '[0.659 ]')
('correct:', '[1     ]')
error:  0.05828484
('out:    ', '[0.972 ]')
('correct:', '[1     ]')
error:  0.00038401
('out:    ', '[0.992 ]')
('correct:', '[1     ]')
error:  0.00003114
('out:    ', '[0.996 ]')
('correct:', '[1     ]')
error:  0.00000617
('out:    ', '[0.998 ]')
('correct:', '[1     ]')
error:  0.00000215
('out:    ', '[0.774 ]')
('correct:', '[1     ]')
error:  0.02559120
('out:    ', '[0.993 ]')
('correct:', '[1     ]')
error:  0.00002260
('out:    ', '[0.994 ]')
('correct:', '[1     ]')
error:  0.00001650
('out:    ', '[0.956 ]')
('correct:', '[1     ]')
error:  0.00097480
('out:    ', '[0.994 ]')
('correct:', '[1     ]')
error:  0.00001531
('out:    ', '[0.987 ]')
('correct:', '[1     ]')
error:  0.00008676
('out:    ', '[0.993 ]')
('correct:', '[1     ]')
error:  0.00002446
('out:    ', '[0.983 ]')
('correct:', '[1     ]')
error:  0.00014378
('out:    ', '[0.993 ]')
('correct:', '[1     ]')
error:  0.00002171
('out:    ', '[0.938 ]')
('correct:', '[1     ]')
error:  0.00192380
('out:    ', '[0.995 ]')
('correct:', '[1     ]')
error:  0.00001048
('out:    ', '[0.991 ]')
('correct:', '[1     ]')
error:  0.00004285
('out:    ', '[0.697 ]')
('correct:', '[1     ]')
error:  0.04599529
('out:    ', '[0.987 ]')
('correct:', '[1     ]')
error:  0.00008055
('out:    ', '[0.988 ]')
('correct:', '[1     ]')
error:  0.00007323
('out:    ', '[0.995 ]')
('correct:', '[1     ]')
error:  0.00001302
('out:    ', '[0.947 ]')
('correct:', '[1     ]')
error:  0.00139678
('out:    ', '[0.995 ]')
('correct:', '[1     ]')
error:  0.00001064
('out:    ', '[0.998 ]')
('correct:', '[1     ]')
error:  0.00000267
('out:    ', '[0.995 ]')
('correct:', '[1     ]')
error:  0.00001337
('out:    ', '[0.995 ]')
('correct:', '[1     ]')
error:  0.00001423
('out:    ', '[0.995 ]')
('correct:', '[1     ]')
error:  0.00001447
('out:    ', '[0.997 ]')
('correct:', '[1     ]')
error:  0.00000315
('out:    ', '[0.996 ]')
('correct:', '[1     ]')
error:  0.00000742
('out:    ', '[0.994 ]')
('correct:', '[1     ]')
error:  0.00001744
('out:    ', '[0.998 ]')
('correct:', '[1     ]')
error:  0.00000258
('out:    ', '[0.994 ]')
('correct:', '[1     ]')
error:  0.00001893
('out:    ', '[0.852 ]')
('correct:', '[1     ]')
error:  0.01093342
('out:    ', '[0.995 ]')
('correct:', '[1     ]')
error:  0.00001491
('out:    ', '[0.997 ]')
('correct:', '[1     ]')
error:  0.00000338
('out:    ', '[0.993 ]')
('correct:', '[1     ]')
error:  0.00002202
('out:    ', '[0.966 ]')
('correct:', '[1     ]')
error:  0.00056414
('out:    ', '[0.997 ]')
('correct:', '[1     ]')
error:  0.00000466
('out:    ', '[0.992 ]')
('correct:', '[1     ]')
error:  0.00003146
('out:    ', '[0.993 ]')
('correct:', '[1     ]')
error:  0.00002627
('out:    ', '[0.663 ]')
('correct:', '[1     ]')
error:  0.05675981
('out:    ', '[0.723 ]')
('correct:', '[1     ]')
error:  0.03825816
('out:    ', '[0.992 ]')
('correct:', '[1     ]')
error:  0.00003427
('out:    ', '[0.992 ]')
('correct:', '[1     ]')
error:  0.00002828
('out:    ', '[0.982 ]')
('correct:', '[1     ]')
error:  0.00015897
('out:    ', '[0.998 ]')
('correct:', '[1     ]')
error:  0.00000299
('out:    ', '[0.947 ]')
('correct:', '[1     ]')
error:  0.00139949
('out:    ', '[0.997 ]')
('correct:', '[1     ]')
error:  0.00000432
('out:    ', '[0.997 ]')
('correct:', '[1     ]')
error:  0.00000553
('out:    ', '[0.987 ]')
('correct:', '[1     ]')
error:  0.00007837
('out:    ', '[0.967 ]')
('correct:', '[1     ]')
error:  0.00053812
('out:    ', '[0.984 ]')
('correct:', '[1     ]')
error:  0.00012970
('out:    ', '[0.984 ]')
('correct:', '[1     ]')
error:  0.00012497
('out:    ', '[0.994 ]')
('correct:', '[1     ]')
error:  0.00001855
('out:    ', '[0.991 ]')
('correct:', '[1     ]')
error:  0.00003787
('out:    ', '[0.978 ]')
('correct:', '[1     ]')
error:  0.00024220
('out:    ', '[0.998 ]')
('correct:', '[1     ]')
error:  0.00000282
('out:    ', '[0.997 ]')
('correct:', '[1     ]')
error:  0.00000551
('out:    ', '[0.997 ]')
('correct:', '[1     ]')
error:  0.00000449
('out:    ', '[0.959 ]')
('correct:', '[1     ]')
error:  0.00082568
('out:    ', '[0.994 ]')
('correct:', '[1     ]')
error:  0.00001627
('out:    ', '[0.979 ]')
('correct:', '[1     ]')
error:  0.00022868
('out:    ', '[0.997 ]')
('correct:', '[1     ]')
error:  0.00000554
('out:    ', '[0.993 ]')
('correct:', '[1     ]')
error:  0.00002295
('out:    ', '[0.995 ]')
('correct:', '[1     ]')
error:  0.00001065
('out:    ', '[0.958 ]')
('correct:', '[1     ]')
error:  0.00086409
('out:    ', '[0.997 ]')
('correct:', '[1     ]')
error:  0.00000605
('out:    ', '[0.998 ]')
('correct:', '[1     ]')
error:  0.00000225
('out:    ', '[0.9   ]')
('correct:', '[1     ]')
error:  0.00497713
('out:    ', '[0.992 ]')
('correct:', '[1     ]')
error:  0.00003244
('out:    ', '[0.996 ]')
('correct:', '[1     ]')
error:  0.00000788
('out:    ', '[0.998 ]')
('correct:', '[1     ]')
error:  0.00000156
('out:    ', '[0.992 ]')
('correct:', '[1     ]')
error:  0.00003308
('out:    ', '[0.993 ]')
('correct:', '[1     ]')
error:  0.00002172
('out:    ', '[0.992 ]')
('correct:', '[1     ]')
error:  0.00003393
('out:    ', '[0.996 ]')
('correct:', '[1     ]')
error:  0.00000701
('out:    ', '[0.717 ]')
('correct:', '[0     ]')
error:  0.25671807
('out:    ', '[0.991 ]')
('correct:', '[1     ]')
error:  0.00004023
('out:    ', '[0.997 ]')
('correct:', '[1     ]')
error:  0.00000485
('out:    ', '[0.989 ]')
('correct:', '[1     ]')
error:  0.00005902
('out:    ', '[0.977 ]')
('correct:', '[1     ]')
error:  0.00027112
('out:    ', '[0.994 ]')
('correct:', '[1     ]')
error:  0.00001623
('out:    ', '[0.997 ]')
('correct:', '[1     ]')
error:  0.00000440
('out:    ', '[0.956 ]')
('correct:', '[1     ]')
error:  0.00098045
('out:    ', '[0.951 ]')
('correct:', '[1     ]')
error:  0.00121161
('out:    ', '[0.997 ]')
('correct:', '[1     ]')
error:  0.00000322
('out:    ', '[0.573 ]')
('correct:', '[1     ]')
error:  0.09125290
('out:    ', '[0.978 ]')
('correct:', '[1     ]')
error:  0.00024773
('out:    ', '[0.991 ]')
('correct:', '[1     ]')
error:  0.00003881
('out:    ', '[0.989 ]')
('correct:', '[1     ]')
error:  0.00005664
('out:    ', '[0.997 ]')
('correct:', '[1     ]')
error:  0.00000602
('out:    ', '[0.997 ]')
('correct:', '[1     ]')
error:  0.00000568
('out:    ', '[0.92  ]')
('correct:', '[1     ]')
error:  0.00322649
('out:    ', '[0.952 ]')
('correct:', '[1     ]')
error:  0.00114424
('out:    ', '[0.993 ]')
('correct:', '[1     ]')
error:  0.00002640
('out:    ', '[0.989 ]')
('correct:', '[1     ]')
error:  0.00006005
('out:    ', '[0.992 ]')
('correct:', '[1     ]')
error:  0.00002827
('out:    ', '[0.984 ]')
('correct:', '[1     ]')
error:  0.00012372
('out:    ', '[0.995 ]')
('correct:', '[1     ]')
error:  0.00001253
('out:    ', '[0.986 ]')
('correct:', '[1     ]')
error:  0.00010253
('out:    ', '[0.995 ]')
('correct:', '[1     ]')
error:  0.00001024
('out:    ', '[0.989 ]')
('correct:', '[1     ]')
error:  0.00005751
('out:    ', '[0.904 ]')
('correct:', '[1     ]')
error:  0.00464661
('out:    ', '[0.809 ]')
('correct:', '[1     ]')
error:  0.01823363
('out:    ', '[0.698 ]')
('correct:', '[1     ]')
error:  0.04552207
('out:    ', '[0.711 ]')
('correct:', '[1     ]')
error:  0.04163109
('out:    ', '[0.993 ]')
('correct:', '[1     ]')
error:  0.00002459
('out:    ', '[0.769 ]')
('correct:', '[1     ]')
error:  0.02667579
('out:    ', '[0.998 ]')
('correct:', '[1     ]')
error:  0.00000272
('out:    ', '[0.991 ]')
('correct:', '[1     ]')
error:  0.00003868
('out:    ', '[0.997 ]')
('correct:', '[1     ]')
error:  0.00000344
('out:    ', '[0.977 ]')
('correct:', '[1     ]')
error:  0.00026569
('out:    ', '[0.993 ]')
('correct:', '[1     ]')
error:  0.00002185
('out:    ', '[0.962 ]')
('correct:', '[1     ]')
error:  0.00072918
('out:    ', '[0.759 ]')
('correct:', '[1     ]')
error:  0.02910844
('out:    ', '[0.973 ]')
('correct:', '[1     ]')
error:  0.00037541
('out:    ', '[0.694 ]')
('correct:', '[1     ]')
error:  0.04672474
('out:    ', '[0.994 ]')
('correct:', '[1     ]')
error:  0.00001910
('out:    ', '[0.987 ]')
('correct:', '[1     ]')
error:  0.00008672
('out:    ', '[0.973 ]')
('correct:', '[1     ]')
error:  0.00035392
('out:    ', '[0.997 ]')
('correct:', '[1     ]')
error:  0.00000313
('out:    ', '[0.973 ]')
('correct:', '[1     ]')
error:  0.00035879
('out:    ', '[0.994 ]')
('correct:', '[1     ]')
error:  0.00001622
('out:    ', '[0.992 ]')
('correct:', '[1     ]')
error:  0.00003549
('out:    ', '[0.997 ]')
('correct:', '[1     ]')
error:  0.00000344
('out:    ', '[0.998 ]')
('correct:', '[1     ]')
error:  0.00000247
('out:    ', '[0.996 ]')
('correct:', '[1     ]')
error:  0.00000927
('out:    ', '[0.951 ]')
('correct:', '[1     ]')
error:  0.00120419
('out:    ', '[0.995 ]')
('correct:', '[1     ]')
error:  0.00001165
('out:    ', '[0.908 ]')
('correct:', '[1     ]')
error:  0.00425293
('out:    ', '[0.789 ]')
('correct:', '[1     ]')
error:  0.02221281
('out:    ', '[0.995 ]')
('correct:', '[1     ]')
error:  0.00001026
('out:    ', '[0.998 ]')
('correct:', '[1     ]')
error:  0.00000242
('out:    ', '[0.983 ]')
('correct:', '[1     ]')
error:  0.00014697
('out:    ', '[0.756 ]')
('correct:', '[1     ]')
error:  0.02982557
('out:    ', '[0.994 ]')
('correct:', '[1     ]')
error:  0.00001727
('out:    ', '[0.88  ]')
('correct:', '[1     ]')
error:  0.00725511
('out:    ', '[0.986 ]')
('correct:', '[1     ]')
error:  0.00009644
('out:    ', '[0.996 ]')
('correct:', '[1     ]')
error:  0.00000731
('out:    ', '[0.978 ]')
('correct:', '[1     ]')
error:  0.00024244
('out:    ', '[0.996 ]')
('correct:', '[1     ]')
error:  0.00000924
('out:    ', '[0.974 ]')
('correct:', '[1     ]')
error:  0.00033162
('out:    ', '[0.994 ]')
('correct:', '[1     ]')
error:  0.00001540
('out:    ', '[0.996 ]')
('correct:', '[1     ]')
error:  0.00000996
('out:    ', '[0.998 ]')
('correct:', '[1     ]')
error:  0.00000236
('out:    ', '[0.997 ]')
('correct:', '[1     ]')
error:  0.00000441
('out:    ', '[0.997 ]')
('correct:', '[1     ]')
error:  0.00000584
('out:    ', '[0.987 ]')
('correct:', '[1     ]')
error:  0.00007838
('out:    ', '[0.892 ]')
('correct:', '[1     ]')
error:  0.00583310
('out:    ', '[0.991 ]')
('correct:', '[1     ]')
error:  0.00004399
('out:    ', '[0.991 ]')
('correct:', '[1     ]')
error:  0.00003843
('out:    ', '[0.998 ]')
('correct:', '[1     ]')
error:  0.00000222
('out:    ', '[0.997 ]')
('correct:', '[1     ]')
error:  0.00000318
('out:    ', '[0.994 ]')
('correct:', '[1     ]')
error:  0.00001944
('out:    ', '[0.921 ]')
('correct:', '[1     ]')
error:  0.00309084
('out:    ', '[0.989 ]')
('correct:', '[1     ]')
error:  0.00005772
('out:    ', '[0.662 ]')
('correct:', '[1     ]')
error:  0.05716169
('out:    ', '[0.993 ]')
('correct:', '[1     ]')
error:  0.00002276
('out:    ', '[0.905 ]')
('correct:', '[1     ]')
error:  0.00453194
('out:    ', '[0.997 ]')
('correct:', '[1     ]')
error:  0.00000391
('out:    ', '[0.997 ]')
('correct:', '[1     ]')
error:  0.00000476
('out:    ', '[0.995 ]')
('correct:', '[1     ]')
error:  0.00001077
('out:    ', '[0.997 ]')
('correct:', '[1     ]')
error:  0.00000455
('out:    ', '[0.983 ]')
('correct:', '[1     ]')
error:  0.00014752
('out:    ', '[0.614 ]')
('correct:', '[1     ]')
error:  0.07441890
('out:    ', '[0.997 ]')
('correct:', '[1     ]')
error:  0.00000476
('out:    ', '[0.996 ]')
('correct:', '[1     ]')
error:  0.00000704
('out:    ', '[0.989 ]')
('correct:', '[1     ]')
error:  0.00005763
('out:    ', '[0.996 ]')
('correct:', '[1     ]')
error:  0.00000621
('out:    ', '[0.997 ]')
('correct:', '[1     ]')
error:  0.00000375
('out:    ', '[0.991 ]')
('correct:', '[1     ]')
error:  0.00004497
('out:    ', '[0.979 ]')
('correct:', '[1     ]')
error:  0.00023094
('out:    ', '[0.986 ]')
('correct:', '[1     ]')
error:  0.00009248
('out:    ', '[0.981 ]')
('correct:', '[1     ]')
error:  0.00017277
('out:    ', '[0.773 ]')
('correct:', '[1     ]')
error:  0.02565881
('out:    ', '[0.996 ]')
('correct:', '[1     ]')
error:  0.00000773
('out:    ', '[0.925 ]')
('correct:', '[1     ]')
error:  0.00279311
('out:    ', '[0.997 ]')
('correct:', '[1     ]')
error:  0.00000457
('out:    ', '[0.947 ]')
('correct:', '[1     ]')
error:  0.00141768
('out:    ', '[0.891 ]')
('correct:', '[1     ]')
error:  0.00591738
('out:    ', '[0.995 ]')
('correct:', '[1     ]')
error:  0.00001156
('out:    ', '[0.995 ]')
('correct:', '[1     ]')
error:  0.00001171
('out:    ', '[0.994 ]')
('correct:', '[1     ]')
error:  0.00001662
('out:    ', '[0.991 ]')
('correct:', '[1     ]')
error:  0.00003963
('out:    ', '[0.936 ]')
('correct:', '[1     ]')
error:  0.00206265
('out:    ', '[0.99  ]')
('correct:', '[1     ]')
error:  0.00005414
('out:    ', '[0.965 ]')
('correct:', '[1     ]')
error:  0.00061550
('out:    ', '[0.998 ]')
('correct:', '[1     ]')
error:  0.00000197
('out:    ', '[0.992 ]')
('correct:', '[1     ]')
error:  0.00003289
('out:    ', '[0.881 ]')
('correct:', '[1     ]')
error:  0.00707951
('out:    ', '[0.979 ]')
('correct:', '[1     ]')
error:  0.00021602
('out:    ', '[0.718 ]')
('correct:', '[1     ]')
error:  0.03989939
('out:    ', '[0.969 ]')
('correct:', '[1     ]')
error:  0.00048185
('out:    ', '[0.945 ]')
('correct:', '[1     ]')
error:  0.00151847
('out:    ', '[0.995 ]')
('correct:', '[1     ]')
error:  0.00001122
('out:    ', '[0.985 ]')
('correct:', '[1     ]')
error:  0.00011038
('out:    ', '[0.997 ]')
('correct:', '[1     ]')
error:  0.00000451
('out:    ', '[0.784 ]')
('correct:', '[0     ]')
error:  0.30712452
('out:    ', '[0.997 ]')
('correct:', '[1     ]')
error:  0.00000324
('out:    ', '[0.825 ]')
('correct:', '[1     ]')
error:  0.01535244
('out:    ', '[0.996 ]')
('correct:', '[1     ]')
error:  0.00000852
('out:    ', '[0.954 ]')
('correct:', '[1     ]')
error:  0.00108060
('out:    ', '[0.71  ]')
('correct:', '[1     ]')
error:  0.04210835
('out:    ', '[0.992 ]')
('correct:', '[1     ]')
error:  0.00003514
('out:    ', '[0.997 ]')
('correct:', '[1     ]')
error:  0.00000343
('out:    ', '[0.998 ]')
('correct:', '[1     ]')
error:  0.00000272
('out:    ', '[0.994 ]')
('correct:', '[1     ]')
error:  0.00001677
('out:    ', '[0.995 ]')
('correct:', '[1     ]')
error:  0.00001214
('out:    ', '[0.993 ]')
('correct:', '[1     ]')
error:  0.00002310
('out:    ', '[0.998 ]')
('correct:', '[1     ]')
error:  0.00000263
('out:    ', '[0.99  ]')
('correct:', '[1     ]')
error:  0.00005319
('out:    ', '[0.991 ]')
('correct:', '[1     ]')
error:  0.00003969
('out:    ', '[0.988 ]')
('correct:', '[1     ]')
error:  0.00007713
('out:    ', '[0.993 ]')
('correct:', '[1     ]')
error:  0.00002599
('out:    ', '[0.856 ]')
('correct:', '[1     ]')
error:  0.01043170
('out:    ', '[0.998 ]')
('correct:', '[1     ]')
error:  0.00000297
('out:    ', '[0.995 ]')
('correct:', '[1     ]')
error:  0.00001289
('out:    ', '[0.989 ]')
('correct:', '[1     ]')
error:  0.00005663
('out:    ', '[0.966 ]')
('correct:', '[1     ]')
error:  0.00056937
('out:    ', '[0.992 ]')
('correct:', '[1     ]')
error:  0.00003418
('out:    ', '[0.994 ]')
('correct:', '[1     ]')
error:  0.00001704
('out:    ', '[0.985 ]')
('correct:', '[1     ]')
error:  0.00010732
('out:    ', '[0.963 ]')
('correct:', '[1     ]')
error:  0.00068529
('out:    ', '[0.988 ]')
('correct:', '[1     ]')
error:  0.00007615
('out:    ', '[0.993 ]')
('correct:', '[1     ]')
error:  0.00002419
('out:    ', '[0.994 ]')
('correct:', '[1     ]')
error:  0.00001679
('out:    ', '[0.957 ]')
('correct:', '[1     ]')
error:  0.00091917
('out:    ', '[0.855 ]')
('correct:', '[1     ]')
error:  0.01056617
('out:    ', '[0.998 ]')
('correct:', '[1     ]')
error:  0.00000272
('out:    ', '[0.95  ]')
('correct:', '[1     ]')
error:  0.00126662
('out:    ', '[0.984 ]')
('correct:', '[1     ]')
error:  0.00013592
('out:    ', '[0.996 ]')
('correct:', '[1     ]')
error:  0.00000923
('out:    ', '[0.973 ]')
('correct:', '[1     ]')
error:  0.00035277
('out:    ', '[0.986 ]')
('correct:', '[1     ]')
error:  0.00009643
('out:    ', '[0.96  ]')
('correct:', '[1     ]')
error:  0.00078471
('out:    ', '[0.945 ]')
('correct:', '[1     ]')
error:  0.00149499
('out:    ', '[0.996 ]')
('correct:', '[1     ]')
error:  0.00001011
('out:    ', '[0.995 ]')
('correct:', '[1     ]')
error:  0.00001055
('out:    ', '[0.996 ]')
('correct:', '[1     ]')
error:  0.00000876
('out:    ', '[0.947 ]')
('correct:', '[1     ]')
error:  0.00138244
('out:    ', '[0.994 ]')
('correct:', '[1     ]')
error:  0.00001539
('out:    ', '[0.694 ]')
('correct:', '[0     ]')
error:  0.24089023
('out:    ', '[0.997 ]')
('correct:', '[1     ]')
error:  0.00000583
('out:    ', '[0.998 ]')
('correct:', '[1     ]')
error:  0.00000271
('out:    ', '[0.992 ]')
('correct:', '[1     ]')
error:  0.00003397
('out:    ', '[0.991 ]')
('correct:', '[1     ]')
error:  0.00004499
('out:    ', '[0.997 ]')
('correct:', '[1     ]')
error:  0.00000511
('out:    ', '[0.997 ]')
('correct:', '[1     ]')
error:  0.00000604
('out:    ', '[0.995 ]')
('correct:', '[1     ]')
error:  0.00001072
('out:    ', '[0.993 ]')
('correct:', '[1     ]')
error:  0.00002497
('out:    ', '[0.992 ]')
('correct:', '[1     ]')
error:  0.00003346
('out:    ', '[0.988 ]')
('correct:', '[1     ]')
error:  0.00006826
('out:    ', '[0.995 ]')
('correct:', '[1     ]')
error:  0.00001154
('out:    ', '[0.99  ]')
('correct:', '[1     ]')
error:  0.00005056
('out:    ', '[0.969 ]')
('correct:', '[1     ]')
error:  0.00046744
('out:    ', '[0.751 ]')
('correct:', '[1     ]')
error:  0.03088147
('out:    ', '[0.656 ]')
('correct:', '[1     ]')
error:  0.05920845
('out:    ', '[0.994 ]')
('correct:', '[1     ]')
error:  0.00001861
('out:    ', '[0.988 ]')
('correct:', '[1     ]')
error:  0.00007458
('out:    ', '[0.996 ]')
('correct:', '[1     ]')
error:  0.00001010
('out:    ', '[0.996 ]')
('correct:', '[1     ]')
error:  0.00000761
('out:    ', '[0.993 ]')
('correct:', '[1     ]')
error:  0.00002536
('out:    ', '[0.957 ]')
('correct:', '[1     ]')
error:  0.00092470
('out:    ', '[0.993 ]')
('correct:', '[1     ]')
error:  0.00002722
('out:    ', '[0.99  ]')
('correct:', '[1     ]')
error:  0.00004648
('out:    ', '[0.995 ]')
('correct:', '[1     ]')
error:  0.00001073
('out:    ', '[0.998 ]')
('correct:', '[1     ]')
error:  0.00000220
('out:    ', '[0.985 ]')
('correct:', '[1     ]')
error:  0.00011752
('out:    ', '[0.998 ]')
('correct:', '[1     ]')
error:  0.00000285
('out:    ', '[0.963 ]')
('correct:', '[1     ]')
error:  0.00068420
('out:    ', '[0.993 ]')
('correct:', '[1     ]')
error:  0.00002262
('out:    ', '[0.984 ]')
('correct:', '[1     ]')
error:  0.00012164
('out:    ', '[0.997 ]')
('correct:', '[1     ]')
error:  0.00000464
('out:    ', '[0.669 ]')
('correct:', '[1     ]')
error:  0.05466143
('out:    ', '[0.993 ]')
('correct:', '[1     ]')
error:  0.00002297
('out:    ', '[0.973 ]')
('correct:', '[1     ]')
error:  0.00037340
('out:    ', '[0.987 ]')
('correct:', '[1     ]')
error:  0.00008531
('out:    ', '[0.985 ]')
('correct:', '[1     ]')
error:  0.00010598
('out:    ', '[0.73  ]')
('correct:', '[1     ]')
error:  0.03640208
('out:    ', '[0.997 ]')
('correct:', '[1     ]')
error:  0.00000325
('out:    ', '[0.995 ]')
('correct:', '[1     ]')
error:  0.00001226
('out:    ', '[0.995 ]')
('correct:', '[1     ]')
error:  0.00001048
('out:    ', '[0.987 ]')
('correct:', '[1     ]')
error:  0.00008307
('out:    ', '[0.996 ]')
('correct:', '[1     ]')
error:  0.00000985
('out:    ', '[0.943 ]')
('correct:', '[1     ]')
error:  0.00161849
('out:    ', '[0.943 ]')
('correct:', '[1     ]')
error:  0.00162112
('out:    ', '[0.671 ]')
('correct:', '[1     ]')
error:  0.05428202
('out:    ', '[0.997 ]')
('correct:', '[1     ]')
error:  0.00000422
('out:    ', '[0.997 ]')
('correct:', '[1     ]')
error:  0.00000418
('out:    ', '[0.996 ]')
('correct:', '[1     ]')
error:  0.00000987
('out:    ', '[0.992 ]')
('correct:', '[1     ]')
error:  0.00003030
('out:    ', '[0.936 ]')
('correct:', '[1     ]')
error:  0.00203316
('out:    ', '[0.991 ]')
('correct:', '[1     ]')
error:  0.00004289
('out:    ', '[0.974 ]')
('correct:', '[1     ]')
error:  0.00034344
('out:    ', '[0.946 ]')
('correct:', '[1     ]')
error:  0.00144709
('out:    ', '[0.978 ]')
('correct:', '[1     ]')
error:  0.00024588
('out:    ', '[0.993 ]')
('correct:', '[1     ]')
error:  0.00002308
('out:    ', '[0.995 ]')
('correct:', '[1     ]')
error:  0.00001026
('out:    ', '[0.997 ]')
('correct:', '[1     ]')
error:  0.00000317
('out:    ', '[0.996 ]')
('correct:', '[1     ]')
error:  0.00000787
('out:    ', '[0.994 ]')
('correct:', '[1     ]')
error:  0.00001519
('out:    ', '[0.991 ]')
('correct:', '[1     ]')
error:  0.00003622
('out:    ', '[0.945 ]')
('correct:', '[1     ]')
error:  0.00152863
('out:    ', '[0.996 ]')
('correct:', '[1     ]')
error:  0.00000689
('out:    ', '[0.835 ]')
('correct:', '[1     ]')
error:  0.01353334
('out:    ', '[0.979 ]')
('correct:', '[1     ]')
error:  0.00021590
('out:    ', '[0.945 ]')
('correct:', '[1     ]')
error:  0.00149076
('out:    ', '[0.663 ]')
('correct:', '[1     ]')
error:  0.05662150
('out:    ', '[0.963 ]')
('correct:', '[1     ]')
error:  0.00067520
('out:    ', '[0.995 ]')
('correct:', '[1     ]')
error:  0.00001060
('out:    ', '[0.878 ]')
('correct:', '[1     ]')
error:  0.00742112
('out:    ', '[0.933 ]')
('correct:', '[1     ]')
error:  0.00222931
('out:    ', '[0.998 ]')
('correct:', '[1     ]')
error:  0.00000287
('out:    ', '[0.89  ]')
('correct:', '[1     ]')
error:  0.00609628
('out:    ', '[0.994 ]')
('correct:', '[1     ]')
error:  0.00002094
('out:    ', '[0.993 ]')
('correct:', '[1     ]')
error:  0.00002396
('out:    ', '[0.994 ]')
('correct:', '[1     ]')
error:  0.00001651
('out:    ', '[0.99  ]')
('correct:', '[1     ]')
error:  0.00005028
('out:    ', '[0.991 ]')
('correct:', '[1     ]')
error:  0.00004421
('out:    ', '[0.662 ]')
('correct:', '[1     ]')
error:  0.05695701
('out:    ', '[0.991 ]')
('correct:', '[1     ]')
error:  0.00003657
('out:    ', '[0.997 ]')
('correct:', '[1     ]')
error:  0.00000488
('out:    ', '[0.995 ]')
('correct:', '[1     ]')
error:  0.00001045
('out:    ', '[0.998 ]')
('correct:', '[1     ]')
error:  0.00000277
('out:    ', '[0.657 ]')
('correct:', '[1     ]')
error:  0.05897197
('out:    ', '[0.997 ]')
('correct:', '[1     ]')
error:  0.00000378
('out:    ', '[0.862 ]')
('correct:', '[1     ]')
error:  0.00946504
('out:    ', '[0.991 ]')
('correct:', '[1     ]')
error:  0.00003678
('out:    ', '[0.995 ]')
('correct:', '[1     ]')
error:  0.00001293
('out:    ', '[0.992 ]')
('correct:', '[1     ]')
error:  0.00003129
('out:    ', '[0.96  ]')
('correct:', '[1     ]')
error:  0.00081772
('out:    ', '[0.991 ]')
('correct:', '[1     ]')
error:  0.00003835
('out:    ', '[0.995 ]')
('correct:', '[1     ]')
error:  0.00001493
('out:    ', '[0.995 ]')
('correct:', '[1     ]')
error:  0.00001477
('out:    ', '[0.991 ]')
('correct:', '[1     ]')
error:  0.00004380
('out:    ', '[0.997 ]')
('correct:', '[1     ]')
error:  0.00000601
('out:    ', '[0.995 ]')
('correct:', '[1     ]')
error:  0.00001110
('out:    ', '[0.986 ]')
('correct:', '[1     ]')
error:  0.00010233
('out:    ', '[0.978 ]')
('correct:', '[1     ]')
error:  0.00025145
('out:    ', '[0.993 ]')
('correct:', '[1     ]')
error:  0.00002173
('out:    ', '[0.911 ]')
('correct:', '[1     ]')
error:  0.00399572
('out:    ', '[0.912 ]')
('correct:', '[1     ]')
error:  0.00388697
('out:    ', '[0.973 ]')
('correct:', '[1     ]')
error:  0.00037461
('out:    ', '[0.836 ]')
('correct:', '[1     ]')
error:  0.01349318
('out:    ', '[0.988 ]')
('correct:', '[1     ]')
error:  0.00007244
('out:    ', '[0.985 ]')
('correct:', '[1     ]')
error:  0.00011766
('out:    ', '[0.937 ]')
('correct:', '[1     ]')
error:  0.00195825
('out:    ', '[0.899 ]')
('correct:', '[1     ]')
error:  0.00513658
('out:    ', '[0.992 ]')
('correct:', '[1     ]')
error:  0.00003029
('out:    ', '[0.951 ]')
('correct:', '[1     ]')
error:  0.00122365
('out:    ', '[0.997 ]')
('correct:', '[1     ]')
error:  0.00000447
('out:    ', '[0.998 ]')
('correct:', '[1     ]')
error:  0.00000262
('out:    ', '[0.96  ]')
('correct:', '[1     ]')
error:  0.00078136
('out:    ', '[0.88  ]')
('correct:', '[1     ]')
error:  0.00723533
('out:    ', '[0.949 ]')
('correct:', '[1     ]')
error:  0.00128990
('out:    ', '[0.706 ]')
('correct:', '[1     ]')
error:  0.04322051
('out:    ', '[0.951 ]')
('correct:', '[1     ]')
error:  0.00118632
('out:    ', '[0.966 ]')
('correct:', '[1     ]')
error:  0.00058931
('out:    ', '[0.946 ]')
('correct:', '[1     ]')
error:  0.00148027
('out:    ', '[0.992 ]')
('correct:', '[1     ]')
error:  0.00003181
('out:    ', '[0.996 ]')
('correct:', '[1     ]')
error:  0.00000712
('out:    ', '[0.974 ]')
('correct:', '[1     ]')
error:  0.00034249
('out:    ', '[0.993 ]')
('correct:', '[1     ]')
error:  0.00002609
('out:    ', '[0.682 ]')
('correct:', '[1     ]')
error:  0.05044949
('out:    ', '[0.99  ]')
('correct:', '[1     ]')
error:  0.00004594
('out:    ', '[0.993 ]')
('correct:', '[1     ]')
error:  0.00002792
('out:    ', '[0.997 ]')
('correct:', '[1     ]')
error:  0.00000585
('out:    ', '[0.961 ]')
('correct:', '[1     ]')
error:  0.00076106
('out:    ', '[0.997 ]')
('correct:', '[1     ]')
error:  0.00000596
('out:    ', '[0.998 ]')
('correct:', '[1     ]')
error:  0.00000285
('out:    ', '[0.881 ]')
('correct:', '[1     ]')
error:  0.00713777
('out:    ', '[0.995 ]')
('correct:', '[1     ]')
error:  0.00001202
('out:    ', '[0.406 ]')
('correct:', '[0     ]')
error:  0.08221568
('out:    ', '[0.984 ]')
('correct:', '[1     ]')
error:  0.00013206
('out:    ', '[0.992 ]')
('correct:', '[1     ]')
error:  0.00003183
('out:    ', '[0.754 ]')
('correct:', '[1     ]')
error:  0.03024623
('out:    ', '[0.994 ]')
('correct:', '[1     ]')
error:  0.00002023
('out:    ', '[0.996 ]')
('correct:', '[1     ]')
error:  0.00000656
('out:    ', '[0.997 ]')
('correct:', '[1     ]')
error:  0.00000539
('out:    ', '[0.917 ]')
('correct:', '[1     ]')
error:  0.00345957
('out:    ', '[0.997 ]')
('correct:', '[1     ]')
error:  0.00000477
('out:    ', '[0.996 ]')
('correct:', '[1     ]')
error:  0.00000637
('out:    ', '[0.993 ]')
('correct:', '[1     ]')
error:  0.00002246
('out:    ', '[0.924 ]')
('correct:', '[1     ]')
error:  0.00285764
('out:    ', '[0.998 ]')
('correct:', '[1     ]')
error:  0.00000290
('out:    ', '[0.946 ]')
('correct:', '[1     ]')
error:  0.00146789
('out:    ', '[0.998 ]')
('correct:', '[1     ]')
error:  0.00000281
('out:    ', '[0.915 ]')
('correct:', '[1     ]')
error:  0.00357900
('out:    ', '[0.984 ]')
('correct:', '[1     ]')
error:  0.00013206
('out:    ', '[0.997 ]')
('correct:', '[1     ]')
error:  0.00000489
('out:    ', '[0.984 ]')
('correct:', '[1     ]')
error:  0.00012157
('out:    ', '[0.953 ]')
('correct:', '[1     ]')
error:  0.00109378
('out:    ', '[0.475 ]')
('correct:', '[0     ]')
error:  0.11257701
('out:    ', '[0.993 ]')
('correct:', '[1     ]')
error:  0.00002496
('out:    ', '[0.984 ]')
('correct:', '[1     ]')
error:  0.00013101
('out:    ', '[0.986 ]')
('correct:', '[1     ]')
error:  0.00009641
('out:    ', '[0.997 ]')
('correct:', '[1     ]')
error:  0.00000555
('out:    ', '[0.993 ]')
('correct:', '[1     ]')
error:  0.00002526
('out:    ', '[0.998 ]')
('correct:', '[1     ]')
error:  0.00000246
('out:    ', '[0.989 ]')
('correct:', '[1     ]')
error:  0.00006301
('out:    ', '[0.994 ]')
('correct:', '[1     ]')
error:  0.00001846
('out:    ', '[0.997 ]')
('correct:', '[1     ]')
error:  0.00000465
('out:    ', '[0.631 ]')
('correct:', '[1     ]')
error:  0.06825475
('out:    ', '[0.994 ]')
('correct:', '[1     ]')
error:  0.00001953
('out:    ', '[0.966 ]')
('correct:', '[1     ]')
error:  0.00057687
('out:    ', '[0.995 ]')
('correct:', '[1     ]')
error:  0.00001221
('out:    ', '[0.988 ]')
('correct:', '[1     ]')
error:  0.00007004
('out:    ', '[0.995 ]')
('correct:', '[1     ]')
error:  0.00001465
('out:    ', '[0.928 ]')
('correct:', '[1     ]')
error:  0.00255635
('out:    ', '[0.981 ]')
('correct:', '[1     ]')
error:  0.00018202
('out:    ', '[0.958 ]')
('correct:', '[1     ]')
error:  0.00089196
('out:    ', '[0.424 ]')
('correct:', '[1     ]')
error:  0.16578024
('out:    ', '[0.996 ]')
('correct:', '[1     ]')
error:  0.00000693
('out:    ', '[0.847 ]')
('correct:', '[1     ]')
error:  0.01164902
('out:    ', '[0.968 ]')
('correct:', '[1     ]')
error:  0.00051069
('out:    ', '[0.877 ]')
('correct:', '[1     ]')
error:  0.00762164
('out:    ', '[0.98  ]')
('correct:', '[1     ]')
error:  0.00019823
('out:    ', '[0.989 ]')
('correct:', '[1     ]')
error:  0.00005596
('out:    ', '[0.995 ]')
('correct:', '[1     ]')
error:  0.00001020
('out:    ', '[0.988 ]')
('correct:', '[1     ]')
error:  0.00007532
('out:    ', '[0.597 ]')
('correct:', '[1     ]')
error:  0.08118228
('out:    ', '[0.911 ]')
('correct:', '[1     ]')
error:  0.00398836
('out:    ', '[0.994 ]')
('correct:', '[1     ]')
error:  0.00001689
('out:    ', '[0.664 ]')
('correct:', '[1     ]')
error:  0.05650215
('out:    ', '[0.992 ]')
('correct:', '[1     ]')
error:  0.00003344
('out:    ', '[0.978 ]')
('correct:', '[1     ]')
error:  0.00023280
('out:    ', '[0.942 ]')
('correct:', '[1     ]')
error:  0.00165809
('out:    ', '[0.998 ]')
('correct:', '[1     ]')
error:  0.00000279
('out:    ', '[0.978 ]')
('correct:', '[0     ]')
error:  0.47782504
('out:    ', '[0.97  ]')
('correct:', '[1     ]')
error:  0.00043526
('out:    ', '[0.993 ]')
('correct:', '[1     ]')
error:  0.00002294
('out:    ', '[0.983 ]')
('correct:', '[1     ]')
error:  0.00013888
('out:    ', '[0.965 ]')
('correct:', '[1     ]')
error:  0.00061596
('out:    ', '[0.951 ]')
('correct:', '[1     ]')
error:  0.00121574
('out:    ', '[0.998 ]')
('correct:', '[1     ]')
error:  0.00000281
('out:    ', '[0.986 ]')
('correct:', '[1     ]')
error:  0.00009887
('out:    ', '[0.713 ]')
('correct:', '[1     ]')
error:  0.04110077
('out:    ', '[0.648 ]')
('correct:', '[1     ]')
error:  0.06189291
('out:    ', '[0.993 ]')
('correct:', '[1     ]')
error:  0.00002587
('out:    ', '[0.992 ]')
('correct:', '[1     ]')
error:  0.00003175
('out:    ', '[0.914 ]')
('correct:', '[1     ]')
error:  0.00373391
('out:    ', '[0.706 ]')
('correct:', '[1     ]')
error:  0.04332095
('out:    ', '[0.997 ]')
('correct:', '[1     ]')
error:  0.00000334
('out:    ', '[0.898 ]')
('correct:', '[1     ]')
error:  0.00516861
('out:    ', '[0.96  ]')
('correct:', '[1     ]')
error:  0.00081723
('out:    ', '[0.995 ]')
('correct:', '[1     ]')
error:  0.00001345
('out:    ', '[0.989 ]')
('correct:', '[1     ]')
error:  0.00006610
('out:    ', '[0.874 ]')
('correct:', '[1     ]')
error:  0.00791397
('out:    ', '[0.998 ]')
('correct:', '[1     ]')
error:  0.00000177
('out:    ', '[0.843 ]')
('correct:', '[1     ]')
error:  0.01235905
('out:    ', '[0.995 ]')
('correct:', '[1     ]')
error:  0.00001410
('out:    ', '[0.695 ]')
('correct:', '[1     ]')
error:  0.04648562
('out:    ', '[0.991 ]')
('correct:', '[1     ]')
error:  0.00004425
('out:    ', '[0.868 ]')
('correct:', '[1     ]')
error:  0.00876350
('out:    ', '[0.766 ]')
('correct:', '[1     ]')
error:  0.02738164
('out:    ', '[0.847 ]')
('correct:', '[0     ]')
error:  0.35829343
('out:    ', '[0.926 ]')
('correct:', '[1     ]')
error:  0.00273841
('out:    ', '[0.99  ]')
('correct:', '[1     ]')
error:  0.00005068
('out:    ', '[0.671 ]')
('correct:', '[1     ]')
error:  0.05418671
('out:    ', '[0.944 ]')
('correct:', '[1     ]')
error:  0.00157112
('out:    ', '[0.898 ]')
('correct:', '[1     ]')
error:  0.00517213
('out:    ', '[0.997 ]')
('correct:', '[1     ]')
error:  0.00000489
('out:    ', '[0.969 ]')
('correct:', '[1     ]')
error:  0.00047170
('out:    ', '[0.816 ]')
('correct:', '[1     ]')
error:  0.01694544
('out:    ', '[0.996 ]')
('correct:', '[1     ]')
error:  0.00000899
('out:    ', '[0.682 ]')
('correct:', '[1     ]')
error:  0.05052368
('out:    ', '[0.675 ]')
('correct:', '[1     ]')
error:  0.05277039
('out:    ', '[0.992 ]')
('correct:', '[1     ]')
error:  0.00003481
('out:    ', '[0.976 ]')
('correct:', '[1     ]')
error:  0.00027954
('out:    ', '[0.851 ]')
('correct:', '[1     ]')
error:  0.01108917
('out:    ', '[0.947 ]')
('correct:', '[1     ]')
error:  0.00138068
('out:    ', '[0.791 ]')
('correct:', '[1     ]')
error:  0.02192378
('out:    ', '[0.998 ]')
('correct:', '[1     ]')
error:  0.00000240
('out:    ', '[0.993 ]')
('correct:', '[1     ]')
error:  0.00002135
('out:    ', '[0.937 ]')
('correct:', '[1     ]')
error:  0.00199164
('out:    ', '[0.987 ]')
('correct:', '[1     ]')
error:  0.00008749
('out:    ', '[0.946 ]')
('correct:', '[1     ]')
error:  0.00144603
('out:    ', '[0.991 ]')
('correct:', '[1     ]')
error:  0.00004065
('out:    ', '[0.996 ]')
('correct:', '[1     ]')
error:  0.00000745
('out:    ', '[0.994 ]')
('correct:', '[1     ]')
error:  0.00001759
('out:    ', '[0.958 ]')
('correct:', '[1     ]')
error:  0.00086599
('out:    ', '[0.995 ]')
('correct:', '[1     ]')
error:  0.00001269
('out:    ', '[0.992 ]')
('correct:', '[1     ]')
error:  0.00003390
('out:    ', '[0.995 ]')
('correct:', '[1     ]')
error:  0.00001141
('out:    ', '[0.994 ]')
('correct:', '[1     ]')
error:  0.00001687
('out:    ', '[0.503 ]')
('correct:', '[1     ]')
error:  0.12349562
('out:    ', '[0.996 ]')
('correct:', '[1     ]')
error:  0.00000770
('out:    ', '[0.996 ]')
('correct:', '[1     ]')
error:  0.00000962
('out:    ', '[0.996 ]')
('correct:', '[1     ]')
error:  0.00000929
('out:    ', '[0.94  ]')
('correct:', '[1     ]')
error:  0.00178223
('out:    ', '[0.998 ]')
('correct:', '[1     ]')
error:  0.00000279
('out:    ', '[0.985 ]')
('correct:', '[1     ]')
error:  0.00011351
('out:    ', '[0.983 ]')
('correct:', '[1     ]')
error:  0.00013694
('out:    ', '[0.99  ]')
('correct:', '[1     ]')
error:  0.00005010
('out:    ', '[0.983 ]')
('correct:', '[1     ]')
error:  0.00014204
('out:    ', '[0.997 ]')
('correct:', '[1     ]')
error:  0.00000320
('out:    ', '[0.995 ]')
('correct:', '[1     ]')
error:  0.00001299
('out:    ', '[0.995 ]')
('correct:', '[1     ]')
error:  0.00001254
('out:    ', '[0.995 ]')
('correct:', '[1     ]')
error:  0.00001285
('out:    ', '[0.989 ]')
('correct:', '[1     ]')
error:  0.00005590
('out:    ', '[0.901 ]')
('correct:', '[1     ]')
error:  0.00487819
('out:    ', '[0.932 ]')
('correct:', '[1     ]')
error:  0.00228922
('out:    ', '[0.87  ]')
('correct:', '[1     ]')
error:  0.00841486
('out:    ', '[0.995 ]')
('correct:', '[1     ]')
error:  0.00001084
('out:    ', '[0.99  ]')
('correct:', '[1     ]')
error:  0.00004869
('out:    ', '[0.995 ]')
('correct:', '[1     ]')
error:  0.00001240
('out:    ', '[0.995 ]')
('correct:', '[1     ]')
error:  0.00001418
('out:    ', '[0.882 ]')
('correct:', '[1     ]')
error:  0.00691967
('out:    ', '[0.692 ]')
('correct:', '[1     ]')
error:  0.04737088
('out:    ', '[0.805 ]')
('correct:', '[1     ]')
error:  0.01896548
('out:    ', '[0.987 ]')
('correct:', '[1     ]')
error:  0.00008508
('out:    ', '[0.997 ]')
('correct:', '[1     ]')
error:  0.00000391
('out:    ', '[0.982 ]')
('correct:', '[1     ]')
error:  0.00015508
('out:    ', '[0.991 ]')
('correct:', '[1     ]')
error:  0.00003799
('out:    ', '[0.752 ]')
('correct:', '[1     ]')
error:  0.03065528
('out:    ', '[0.987 ]')
('correct:', '[1     ]')
error:  0.00007894
('out:    ', '[0.982 ]')
('correct:', '[1     ]')
error:  0.00016286
('out:    ', '[0.839 ]')
('correct:', '[1     ]')
error:  0.01301918
('out:    ', '[0.918 ]')
('correct:', '[1     ]')
error:  0.00334516
('out:    ', '[0.909 ]')
('correct:', '[1     ]')
error:  0.00410914
('out:    ', '[0.867 ]')
('correct:', '[1     ]')
error:  0.00887429
('out:    ', '[0.989 ]')
('correct:', '[1     ]')
error:  0.00006158
('out:    ', '[0.556 ]')
('correct:', '[0     ]')
error:  0.15430280
('out:    ', '[0.992 ]')
('correct:', '[1     ]')
error:  0.00003030
('out:    ', '[0.949 ]')
('correct:', '[1     ]')
error:  0.00132360
('out:    ', '[0.85  ]')
('correct:', '[1     ]')
error:  0.01129859
('out:    ', '[0.975 ]')
('correct:', '[1     ]')
error:  0.00031480
('out:    ', '[0.988 ]')
('correct:', '[1     ]')
error:  0.00006675
('out:    ', '[0.924 ]')
('correct:', '[1     ]')
error:  0.00287346
('out:    ', '[0.996 ]')
('correct:', '[1     ]')
error:  0.00000613
('out:    ', '[0.993 ]')
('correct:', '[1     ]')
error:  0.00002765
('out:    ', '[0.919 ]')
('correct:', '[1     ]')
error:  0.00327536
('out:    ', '[0.641 ]')
('correct:', '[0     ]')
error:  0.20556916
('out:    ', '[0.986 ]')
('correct:', '[1     ]')
error:  0.00009559
('out:    ', '[0.994 ]')
('correct:', '[1     ]')
error:  0.00001720
('out:    ', '[0.872 ]')
('correct:', '[1     ]')
error:  0.00817757
('out:    ', '[0.966 ]')
('correct:', '[1     ]')
error:  0.00058436
('out:    ', '[0.996 ]')
('correct:', '[1     ]')
error:  0.00000674
('out:    ', '[0.991 ]')
('correct:', '[1     ]')
error:  0.00004165
('out:    ', '[0.259 ]')
('correct:', '[1     ]')
error:  0.27476828
('out:    ', '[0.996 ]')
('correct:', '[1     ]')
error:  0.00000892
('out:    ', '[0.879 ]')
('correct:', '[1     ]')
error:  0.00732555
('out:    ', '[0.994 ]')
('correct:', '[1     ]')
error:  0.00001550
('out:    ', '[0.995 ]')
('correct:', '[1     ]')
error:  0.00001146
('out:    ', '[0.988 ]')
('correct:', '[1     ]')
error:  0.00006806
('out:    ', '[0.966 ]')
('correct:', '[1     ]')
error:  0.00057674
('out:    ', '[0.661 ]')
('correct:', '[1     ]')
error:  0.05754839
('out:    ', '[0.842 ]')
('correct:', '[1     ]')
error:  0.01252892
('out:    ', '[0.996 ]')
('correct:', '[1     ]')
error:  0.00000929
('out:    ', '[0.994 ]')
('correct:', '[1     ]')
error:  0.00001712
('out:    ', '[0.843 ]')
('correct:', '[1     ]')
error:  0.01231851
('out:    ', '[0.942 ]')
('correct:', '[1     ]')
error:  0.00167762
('out:    ', '[0.946 ]')
('correct:', '[1     ]')
error:  0.00146344
('out:    ', '[0.795 ]')
('correct:', '[1     ]')
error:  0.02107102
('out:    ', '[0.977 ]')
('correct:', '[1     ]')
error:  0.00027440
('out:    ', '[0.983 ]')
('correct:', '[1     ]')
error:  0.00013798
('out:    ', '[0.956 ]')
('correct:', '[1     ]')
error:  0.00097263
('out:    ', '[0.712 ]')
('correct:', '[1     ]')
error:  0.04158558
('out:    ', '[0.995 ]')
('correct:', '[1     ]')
error:  0.00001063
('out:    ', '[0.996 ]')
('correct:', '[1     ]')
error:  0.00000857
('out:    ', '[0.882 ]')
('correct:', '[1     ]')
error:  0.00697771
('out:    ', '[0.912 ]')
('correct:', '[1     ]')
error:  0.00384513
('out:    ', '[0.93  ]')
('correct:', '[1     ]')
error:  0.00247476
('out:    ', '[0.974 ]')
('correct:', '[1     ]')
error:  0.00033840
('out:    ', '[0.919 ]')
('correct:', '[1     ]')
error:  0.00326687
('out:    ', '[0.991 ]')
('correct:', '[1     ]')
error:  0.00003697
('out:    ', '[0.775 ]')
('correct:', '[1     ]')
error:  0.02526625
('out:    ', '[0.994 ]')
('correct:', '[1     ]')
error:  0.00002058
('out:    ', '[0.995 ]')
('correct:', '[1     ]')
error:  0.00001123
('out:    ', '[0.919 ]')
('correct:', '[1     ]')
error:  0.00329940
('out:    ', '[0.632 ]')
('correct:', '[0     ]')
error:  0.19962474
('out:    ', '[0.984 ]')
('correct:', '[1     ]')
error:  0.00012944
('out:    ', '[0.986 ]')
('correct:', '[1     ]')
error:  0.00009329
('out:    ', '[0.647 ]')
('correct:', '[1     ]')
error:  0.06240655
('out:    ', '[0.511 ]')
('correct:', '[1     ]')
error:  0.11979125
('out:    ', '[0.995 ]')
('correct:', '[1     ]')
error:  0.00001448
('out:    ', '[0.996 ]')
('correct:', '[1     ]')
error:  0.00000847
('out:    ', '[0.827 ]')
('correct:', '[1     ]')
error:  0.01492302
('out:    ', '[0.805 ]')
('correct:', '[1     ]')
error:  0.01899752
('out:    ', '[0.799 ]')
('correct:', '[1     ]')
error:  0.02027782
('out:    ', '[0.939 ]')
('correct:', '[1     ]')
error:  0.00186274
('out:    ', '[0.558 ]')
('correct:', '[0     ]')
error:  0.15569875
('out:    ', '[0.742 ]')
('correct:', '[0     ]')
error:  0.27547411
('out:    ', '[0.719 ]')
('correct:', '[1     ]')
error:  0.03937714
('out:    ', '[0.588 ]')
('correct:', '[1     ]')
error:  0.08474260
('out:    ', '[0.799 ]')
('correct:', '[1     ]')
error:  0.02012474
('out:    ', '[0.684 ]')
('correct:', '[1     ]')
error:  0.04979214
('out:    ', '[0.728 ]')
('correct:', '[0     ]')
error:  0.26519423
('out:    ', '[0.723 ]')
('correct:', '[0     ]')
error:  0.26161096
('out:    ', '[0.917 ]')
('correct:', '[1     ]')
error:  0.00342701
('out:    ', '[0.92  ]')
('correct:', '[1     ]')
error:  0.00321457
('out:    ', '[0.591 ]')
('correct:', '[0     ]')
error:  0.17460521
('out:    ', '[0.92  ]')
('correct:', '[1     ]')
error:  0.00320227
('out:    ', '[0.943 ]')
('correct:', '[1     ]')
error:  0.00163446
('out:    ', '[0.656 ]')
('correct:', '[0     ]')
error:  0.21486392
('out:    ', '[0.497 ]')
('correct:', '[0     ]')
error:  0.12372445
('out:    ', '[0.691 ]')
('correct:', '[0     ]')
error:  0.23850859
('out:    ', '[0.636 ]')
('correct:', '[0     ]')
error:  0.20202254
('out:    ', '[0.979 ]')
('correct:', '[1     ]')
error:  0.00021161
('out:    ', '[0.929 ]')
('correct:', '[1     ]')
error:  0.00249513
('out:    ', '[0.87  ]')
('correct:', '[1     ]')
error:  0.00848360
('out:    ', '[0.894 ]')
('correct:', '[1     ]')
error:  0.00565469
('out:    ', '[0.953 ]')
('correct:', '[1     ]')
error:  0.00112222
('out:    ', '[0.994 ]')
('correct:', '[1     ]')
error:  0.00001906
('out:    ', '[0.681 ]')
('correct:', '[0     ]')
error:  0.23160093
('out:    ', '[0.683 ]')
('correct:', '[1     ]')
error:  0.05013061
('out:    ', '[0.667 ]')
('correct:', '[0     ]')
error:  0.22225571
('out:    ', '[0.816 ]')
('correct:', '[1     ]')
error:  0.01698899
('out:    ', '[0.716 ]')
('correct:', '[1     ]')
error:  0.04029239
('out:    ', '[0.747 ]')
('correct:', '[1     ]')
error:  0.03212079
('out:    ', '[0.642 ]')
('correct:', '[0     ]')
error:  0.20638625
('out:    ', '[0.266 ]')
('correct:', '[1     ]')
error:  0.26902177
('out:    ', '[0.945 ]')
('correct:', '[1     ]')
error:  0.00152648
('out:    ', '[0.816 ]')
('correct:', '[1     ]')
error:  0.01692654
('out:    ', '[0.767 ]')
('correct:', '[1     ]')
error:  0.02721361
('out:    ', '[0.685 ]')
('correct:', '[1     ]')
error:  0.04960345
('out:    ', '[0.536 ]')
('correct:', '[1     ]')
error:  0.10764084
('out:    ', '[0.842 ]')
('correct:', '[1     ]')
error:  0.01255412
('out:    ', '[0.608 ]')
('correct:', '[1     ]')
error:  0.07696481
('out:    ', '[0.797 ]')
('correct:', '[1     ]')
error:  0.02061837
('out:    ', '[0.529 ]')
('correct:', '[0     ]')
error:  0.13971593
('out:    ', '[0.946 ]')
('correct:', '[0     ]')
error:  0.44733283
('out:    ', '[0.797 ]')
('correct:', '[1     ]')
error:  0.02053643
('out:    ', '[0.728 ]')
('correct:', '[1     ]')
error:  0.03698628
('out:    ', '[0.945 ]')
('correct:', '[1     ]')
error:  0.00151151
('out:    ', '[0.317 ]')
('correct:', '[0     ]')
error:  0.05014262
('out:    ', '[0.752 ]')
('correct:', '[1     ]')
error:  0.03086542
('out:    ', '[0.676 ]')
('correct:', '[0     ]')
error:  0.22826055
('out:    ', '[0.788 ]')
('correct:', '[1     ]')
error:  0.02248512
('out:    ', '[0.664 ]')
('correct:', '[0     ]')
error:  0.22065840
('out:    ', '[0.671 ]')
('correct:', '[0     ]')
error:  0.22486541
('out:    ', '[0.64  ]')
('correct:', '[0     ]')
error:  0.20449196
('out:    ', '[0.771 ]')
('correct:', '[0     ]')
error:  0.29694950
('out:    ', '[0.833 ]')
('correct:', '[1     ]')
error:  0.01398860
('out:    ', '[0.947 ]')
('correct:', '[1     ]')
error:  0.00142630
('out:    ', '[0.898 ]')
('correct:', '[1     ]')
error:  0.00517941
('out:    ', '[0.877 ]')
('correct:', '[1     ]')
error:  0.00758344
('out:    ', '[0.803 ]')
('correct:', '[1     ]')
error:  0.01946831
('out:    ', '[0.811 ]')
('correct:', '[1     ]')
error:  0.01794592
('out:    ', '[0.559 ]')
('correct:', '[0     ]')
error:  0.15614721
('out:    ', '[0.852 ]')
('correct:', '[1     ]')
error:  0.01094976
('out:    ', '[0.724 ]')
('correct:', '[1     ]')
error:  0.03803943
('out:    ', '[0.654 ]')
('correct:', '[0     ]')
error:  0.21398555
('out:    ', '[0.909 ]')
('correct:', '[1     ]')
error:  0.00409577
('out:    ', '[0.667 ]')
('correct:', '[1     ]')
error:  0.05559008
('out:    ', '[0.77  ]')
('correct:', '[1     ]')
error:  0.02652022
('out:    ', '[0.92  ]')
('correct:', '[1     ]')
error:  0.00322450
('out:    ', '[0.631 ]')
('correct:', '[1     ]')
error:  0.06805965
('out:    ', '[0.742 ]')
('correct:', '[1     ]')
error:  0.03331507
('out:    ', '[0.733 ]')
('correct:', '[1     ]')
error:  0.03559487
('out:    ', '[0.471 ]')
('correct:', '[1     ]')
error:  0.13968976
('out:    ', '[0.913 ]')
('correct:', '[1     ]')
error:  0.00380319
('out:    ', '[0.405 ]')
('correct:', '[1     ]')
error:  0.17680521
('out:    ', '[0.893 ]')
('correct:', '[1     ]')
error:  0.00571883
('out:    ', '[0.801 ]')
('correct:', '[1     ]')
error:  0.01981953
('out:    ', '[0.801 ]')
('correct:', '[0     ]')
error:  0.32093596
('out:    ', '[0.871 ]')
('correct:', '[1     ]')
error:  0.00827590
('out:    ', '[0.994 ]')
('correct:', '[1     ]')
error:  0.00001830
('out:    ', '[0.921 ]')
('correct:', '[1     ]')
error:  0.00313658
('out:    ', '[0.588 ]')
('correct:', '[0     ]')
error:  0.17287899
('out:    ', '[0.568 ]')
('correct:', '[1     ]')
error:  0.09315852
('out:    ', '[0.874 ]')
('correct:', '[1     ]')
error:  0.00799557
('out:    ', '[0.816 ]')
('correct:', '[0     ]')
error:  0.33299749
('out:    ', '[0.678 ]')
('correct:', '[1     ]')
error:  0.05179551
('out:    ', '[0.758 ]')
('correct:', '[0     ]')
error:  0.28744300
('out:    ', '[0.913 ]')
('correct:', '[0     ]')
error:  0.41690952
('out:    ', '[0.916 ]')
('correct:', '[0     ]')
error:  0.41920467
('out:    ', '[0.675 ]')
('correct:', '[1     ]')
error:  0.05272117
('out:    ', '[0.915 ]')
('correct:', '[0     ]')
error:  0.41820896
('out:    ', '[0.503 ]')
('correct:', '[1     ]')
error:  0.12363931
('out:    ', '[0.386 ]')
('correct:', '[0     ]')
error:  0.07430550
('out:    ', '[0.673 ]')
('correct:', '[0     ]')
error:  0.22627636
('out:    ', '[0.643 ]')
('correct:', '[1     ]')
error:  0.06356647
('out:    ', '[0.997 ]')
('correct:', '[1     ]')
error:  0.00000612
('out:    ', '[0.958 ]')
('correct:', '[0     ]')
error:  0.45909698
('out:    ', '[0.647 ]')
('correct:', '[1     ]')
error:  0.06235055
('out:    ', '[0.794 ]')
('correct:', '[1     ]')
error:  0.02114777
('out:    ', '[0.369 ]')
('correct:', '[0     ]')
error:  0.06796720
('out:    ', '[0.704 ]')
('correct:', '[0     ]')
error:  0.24774057
('out:    ', '[0.774 ]')
('correct:', '[0     ]')
error:  0.29917833
('out:    ', '[0.679 ]')
('correct:', '[1     ]')
error:  0.05147365
('out:    ', '[0.797 ]')
('correct:', '[1     ]')
error:  0.02056116
('out:    ', '[0.625 ]')
('correct:', '[0     ]')
error:  0.19520171
('out:    ', '[0.567 ]')
('correct:', '[0     ]')
error:  0.16053250
('out:    ', '[0.633 ]')
('correct:', '[0     ]')
error:  0.20034680
('out:    ', '[0.8   ]')
('correct:', '[1     ]')
error:  0.01996870
('out:    ', '[0.75  ]')
('correct:', '[1     ]')
error:  0.03127452
('out:    ', '[0.653 ]')
('correct:', '[0     ]')
error:  0.21334918
('out:    ', '[0.989 ]')
('correct:', '[1     ]')
error:  0.00006566
('out:    ', '[0.856 ]')
('correct:', '[0     ]')
error:  0.36616382
('out:    ', '[0.888 ]')
('correct:', '[1     ]')
error:  0.00621629
('out:    ', '[0.776 ]')
('correct:', '[1     ]')
error:  0.02497614
('out:    ', '[0.954 ]')
('correct:', '[1     ]')
error:  0.00103555
('out:    ', '[0.878 ]')
('correct:', '[1     ]')
error:  0.00739258
('out:    ', '[0.989 ]')
('correct:', '[0     ]')
error:  0.48943018
('out:    ', '[0.981 ]')
('correct:', '[1     ]')
error:  0.00018478
('out:    ', '[0.835 ]')
('correct:', '[1     ]')
error:  0.01360794
('out:    ', '[0.813 ]')
('correct:', '[0     ]')
error:  0.33049481
('out:    ', '[0.845 ]')
('correct:', '[1     ]')
error:  0.01195780
('out:    ', '[0.957 ]')
('correct:', '[1     ]')
error:  0.00093307
('out:    ', '[0.583 ]')
('correct:', '[0     ]')
error:  0.16978770
('out:    ', '[0.799 ]')
('correct:', '[0     ]')
error:  0.31904706
('out:    ', '[0.714 ]')
('correct:', '[0     ]')
error:  0.25524113
('out:    ', '[0.829 ]')
('correct:', '[1     ]')
error:  0.01464191
('out:    ', '[0.677 ]')
('correct:', '[0     ]')
error:  0.22908185
('out:    ', '[0.896 ]')
('correct:', '[1     ]')
error:  0.00536923
('out:    ', '[0.983 ]')
('correct:', '[1     ]')
error:  0.00013823
('out:    ', '[0.754 ]')
('correct:', '[1     ]')
error:  0.03029504
('out:    ', '[0.997 ]')
('correct:', '[1     ]')
error:  0.00000604
('out:    ', '[0.648 ]')
('correct:', '[1     ]')
error:  0.06188840
('out:    ', '[0.728 ]')
('correct:', '[0     ]')
error:  0.26520437
('out:    ', '[0.892 ]')
('correct:', '[1     ]')
error:  0.00583630
('out:    ', '[0.856 ]')
('correct:', '[0     ]')
error:  0.36671273
('out:    ', '[0.729 ]')
('correct:', '[1     ]')
error:  0.03684234
('out:    ', '[0.899 ]')
('correct:', '[1     ]')
error:  0.00515052
('out:    ', '[0.533 ]')
('correct:', '[0     ]')
error:  0.14199800
('out:    ', '[0.631 ]')
('correct:', '[0     ]')
error:  0.19909725
('out:    ', '[0.717 ]')
('correct:', '[1     ]')
error:  0.04015456
('out:    ', '[0.78  ]')
('correct:', '[1     ]')
error:  0.02409210
('out:    ', '[0.913 ]')
('correct:', '[1     ]')
error:  0.00379906
('out:    ', '[0.653 ]')
('correct:', '[1     ]')
error:  0.06011796
('out:    ', '[0.776 ]')
('correct:', '[0     ]')
error:  0.30083997
('out:    ', '[0.585 ]')
('correct:', '[0     ]')
error:  0.17086799
('out:    ', '[0.715 ]')
('correct:', '[0     ]')
error:  0.25539297
('out:    ', '[0.792 ]')
('correct:', '[1     ]')
error:  0.02163217
('out:    ', '[0.956 ]')
('correct:', '[0     ]')
error:  0.45665218
('out:    ', '[0.803 ]')
('correct:', '[1     ]')
error:  0.01949232
('out:    ', '[0.919 ]')
('correct:', '[1     ]')
error:  0.00328145
('out:    ', '[0.586 ]')
('correct:', '[0     ]')
error:  0.17192550
('out:    ', '[0.868 ]')
('correct:', '[1     ]')
error:  0.00869239
('out:    ', '[0.214 ]')
('correct:', '[0     ]')
error:  0.02298281
('out:    ', '[0.754 ]')
('correct:', '[0     ]')
error:  0.28455655
('out:    ', '[0.601 ]')
('correct:', '[1     ]')
error:  0.07955003
('out:    ', '[0.517 ]')
('correct:', '[0     ]')
error:  0.13351563
('out:    ', '[0.824 ]')
('correct:', '[1     ]')
error:  0.01541909
('out:    ', '[0.923 ]')
('correct:', '[1     ]')
error:  0.00297975
('out:    ', '[0.817 ]')
('correct:', '[0     ]')
error:  0.33384034
('out:    ', '[0.588 ]')
('correct:', '[1     ]')
error:  0.08498161
('out:    ', '[0.235 ]')
('correct:', '[0     ]')
error:  0.02759448
('out:    ', '[0.972 ]')
('correct:', '[1     ]')
error:  0.00040157
('out:    ', '[0.945 ]')
('correct:', '[1     ]')
error:  0.00150181
('out:    ', '[0.401 ]')
('correct:', '[0     ]')
error:  0.08025886
('out:    ', '[0.938 ]')
('correct:', '[1     ]')
error:  0.00191701
('out:    ', '[0.795 ]')
('correct:', '[0     ]')
error:  0.31611280
('out:    ', '[0.662 ]')
('correct:', '[1     ]')
error:  0.05712014
('out:    ', '[0.937 ]')
('correct:', '[1     ]')
error:  0.00200924
('out:    ', '[0.985 ]')
('correct:', '[1     ]')
error:  0.00011546
('out:    ', '[0.914 ]')
('correct:', '[1     ]')
error:  0.00367575
('out:    ', '[0.783 ]')
('correct:', '[0     ]')
error:  0.30625334
('out:    ', '[0.928 ]')
('correct:', '[1     ]')
error:  0.00262008
('out:    ', '[0.889 ]')
('correct:', '[1     ]')
error:  0.00618149
('out:    ', '[0.864 ]')
('correct:', '[1     ]')
error:  0.00920832
('out:    ', '[0.851 ]')
('correct:', '[1     ]')
error:  0.01109840
('out:    ', '[0.844 ]')
('correct:', '[1     ]')
error:  0.01223422
('out:    ', '[0.94  ]')
('correct:', '[1     ]')
error:  0.00180701
('out:    ', '[0.952 ]')
('correct:', '[1     ]')
error:  0.00114000
('out:    ', '[0.551 ]')
('correct:', '[0     ]')
error:  0.15153428
('out:    ', '[0.762 ]')
('correct:', '[1     ]')
error:  0.02824892
('out:    ', '[0.734 ]')
('correct:', '[1     ]')
error:  0.03550125
('out:    ', '[0.553 ]')
('correct:', '[0     ]')
error:  0.15267618
('out:    ', '[0.562 ]')
('correct:', '[0     ]')
error:  0.15792084
('out:    ', '[0.941 ]')
('correct:', '[1     ]')
error:  0.00175737
('out:    ', '[0.762 ]')
('correct:', '[1     ]')
error:  0.02836481
('out:    ', '[0.838 ]')
('correct:', '[0     ]')
error:  0.35129491
('out:    ', '[0.728 ]')
('correct:', '[1     ]')
error:  0.03685768
('out:    ', '[0.804 ]')
('correct:', '[1     ]')
error:  0.01930202
('out:    ', '[0.807 ]')
('correct:', '[1     ]')
error:  0.01862405
('out:    ', '[0.973 ]')
('correct:', '[0     ]')
error:  0.47340855
('out:    ', '[0.952 ]')
('correct:', '[1     ]')
error:  0.00112860
('out:    ', '[0.801 ]')
('correct:', '[1     ]')
error:  0.01972349
('out:    ', '[0.775 ]')
('correct:', '[1     ]')
error:  0.02524679
('out:    ', '[0.996 ]')
('correct:', '[0     ]')
error:  0.49551318
('out:    ', '[0.609 ]')
('correct:', '[0     ]')
error:  0.18521234
('out:    ', '[0.698 ]')
('correct:', '[1     ]')
error:  0.04552699
('out:    ', '[0.792 ]')
('correct:', '[0     ]')
error:  0.31386717
('out:    ', '[0.701 ]')
('correct:', '[0     ]')
error:  0.24569569
('out:    ', '[0.806 ]')
('correct:', '[0     ]')
error:  0.32512752
('out:    ', '[0.565 ]')
('correct:', '[0     ]')
error:  0.15981672
('out:    ', '[0.421 ]')
('correct:', '[0     ]')
error:  0.08859582
('out:    ', '[0.538 ]')
('correct:', '[0     ]')
error:  0.14449027
('out:    ', '[0.654 ]')
('correct:', '[1     ]')
error:  0.05970362
('out:    ', '[0.748 ]')
('correct:', '[0     ]')
error:  0.27959230
('out:    ', '[0.841 ]')
('correct:', '[1     ]')
error:  0.01265063
('out:    ', '[0.736 ]')
('correct:', '[1     ]')
error:  0.03479138
('out:    ', '[0.939 ]')
('correct:', '[1     ]')
error:  0.00186515
('out:    ', '[0.629 ]')
('correct:', '[0     ]')
error:  0.19812764
('out:    ', '[0.818 ]')
('correct:', '[1     ]')
error:  0.01662825
('out:    ', '[0.66  ]')
('correct:', '[0     ]')
error:  0.21752680
('out:    ', '[0.544 ]')
('correct:', '[0     ]')
error:  0.14783633
('out:    ', '[0.797 ]')
('correct:', '[1     ]')
error:  0.02058209
('out:    ', '[0.262 ]')
('correct:', '[0     ]')
error:  0.03432095
('out:    ', '[0.729 ]')
('correct:', '[1     ]')
error:  0.03669019
('out:    ', '[0.98  ]')
('correct:', '[1     ]')
error:  0.00019905
('out:    ', '[0.8   ]')
('correct:', '[1     ]')
error:  0.02006343
('out:    ', '[0.232 ]')
('correct:', '[0     ]')
error:  0.02685226
('out:    ', '[0.632 ]')
('correct:', '[0     ]')
error:  0.20001631
('out:    ', '[0.402 ]')
('correct:', '[1     ]')
error:  0.17897015
('out:    ', '[0.869 ]')
('correct:', '[1     ]')
error:  0.00852573
('out:    ', '[0.723 ]')
('correct:', '[1     ]')
error:  0.03835112
('out:    ', '[0.871 ]')
('correct:', '[0     ]')
error:  0.37910632
('out:    ', '[0.788 ]')
('correct:', '[1     ]')
error:  0.02237503
('out:    ', '[0.805 ]')
('correct:', '[1     ]')
error:  0.01902816
('out:    ', '[0.946 ]')
('correct:', '[1     ]')
error:  0.00147503
('out:    ', '[0.523 ]')
('correct:', '[0     ]')
error:  0.13659309
('out:    ', '[0.766 ]')
('correct:', '[0     ]')
error:  0.29346081
('out:    ', '[0.865 ]')
('correct:', '[0     ]')
error:  0.37393026
('out:    ', '[0.768 ]')
('correct:', '[0     ]')
error:  0.29480298
('out:    ', '[0.533 ]')
('correct:', '[0     ]')
error:  0.14227701
('out:    ', '[0.789 ]')
('correct:', '[0     ]')
error:  0.31144379
('out:    ', '[0.8   ]')
('correct:', '[1     ]')
error:  0.01991187
('out:    ', '[0.365 ]')
('correct:', '[0     ]')
error:  0.06670776
('out:    ', '[0.654 ]')
('correct:', '[0     ]')
error:  0.21387985
('out:    ', '[0.91  ]')
('correct:', '[1     ]')
error:  0.00401463
('out:    ', '[0.773 ]')
('correct:', '[1     ]')
error:  0.02584710
('out:    ', '[0.613 ]')
('correct:', '[1     ]')
error:  0.07483306
('out:    ', '[0.507 ]')
('correct:', '[0     ]')
error:  0.12845506
('out:    ', '[0.796 ]')
('correct:', '[1     ]')
error:  0.02080713
('out:    ', '[0.864 ]')
('correct:', '[0     ]')
error:  0.37350667
('out:    ', '[0.595 ]')
('correct:', '[0     ]')
error:  0.17675910
('out:    ', '[0.919 ]')
('correct:', '[1     ]')
error:  0.00327973
('out:    ', '[0.554 ]')
('correct:', '[1     ]')
error:  0.09930131
('out:    ', '[0.869 ]')
('correct:', '[1     ]')
error:  0.00851609
('out:    ', '[0.994 ]')
('correct:', '[1     ]')
error:  0.00001781
('out:    ', '[0.834 ]')
('correct:', '[1     ]')
error:  0.01380009
('out:    ', '[0.557 ]')
('correct:', '[0     ]')
error:  0.15485360
('out:    ', '[0.808 ]')
('correct:', '[1     ]')
error:  0.01845919
('out:    ', '[0.836 ]')
('correct:', '[1     ]')
error:  0.01345176
('out:    ', '[0.684 ]')
('correct:', '[1     ]')
error:  0.04979126
('out:    ', '[0.554 ]')
('correct:', '[0     ]')
error:  0.15359682
('out:    ', '[0.939 ]')
('correct:', '[0     ]')
error:  0.44048127
('out:    ', '[0.843 ]')
('correct:', '[1     ]')
error:  0.01231860
('out:    ', '[0.929 ]')
('correct:', '[1     ]')
error:  0.00252796
('out:    ', '[0.695 ]')
('correct:', '[1     ]')
error:  0.04658357
('out:    ', '[0.766 ]')
('correct:', '[1     ]')
error:  0.02733159
('out:    ', '[0.507 ]')
('correct:', '[0     ]')
error:  0.12850705
('out:    ', '[0.859 ]')
('correct:', '[1     ]')
error:  0.00990788
('out:    ', '[0.863 ]')
('correct:', '[1     ]')
error:  0.00943145
('out:    ', '[0.898 ]')
('correct:', '[1     ]')
error:  0.00522538
('out:    ', '[0.689 ]')
('correct:', '[1     ]')
error:  0.04829755
('out:    ', '[0.857 ]')
('correct:', '[1     ]')
error:  0.01016735
('out:    ', '[0.863 ]')
('correct:', '[1     ]')
error:  0.00931878
('out:    ', '[0.755 ]')
('correct:', '[1     ]')
error:  0.02998694
('out:    ', '[0.946 ]')
('correct:', '[1     ]')
error:  0.00144335
('out:    ', '[0.327 ]')
('correct:', '[0     ]')
error:  0.05359033
('out:    ', '[0.8   ]')
('correct:', '[1     ]')
error:  0.02007094
('out:    ', '[0.604 ]')
('correct:', '[1     ]')
error:  0.07822210
('out:    ', '[0.79  ]')
('correct:', '[1     ]')
error:  0.02197571
('out:    ', '[0.818 ]')
('correct:', '[1     ]')
error:  0.01663407
('out:    ', '[0.795 ]')
('correct:', '[1     ]')
error:  0.02101154
('out:    ', '[0.74  ]')
('correct:', '[0     ]')
error:  0.27394106
('out:    ', '[0.943 ]')
('correct:', '[1     ]')
error:  0.00161286
('out:    ', '[0.547 ]')
('correct:', '[1     ]')
error:  0.10239102
('out:    ', '[0.944 ]')
('correct:', '[1     ]')
error:  0.00157420
('out:    ', '[0.696 ]')
('correct:', '[0     ]')
error:  0.24245505
('out:    ', '[0.934 ]')
('correct:', '[0     ]')
error:  0.43632917
('out:    ', '[0.864 ]')
('correct:', '[1     ]')
error:  0.00928701
('out:    ', '[0.929 ]')
('correct:', '[1     ]')
error:  0.00253732
('out:    ', '[0.842 ]')
('correct:', '[0     ]')
error:  0.35481097
('out:    ', '[0.978 ]')
('correct:', '[1     ]')
error:  0.00024343
('out:    ', '[0.765 ]')
('correct:', '[1     ]')
error:  0.02771293
('out:    ', '[0.329 ]')
('correct:', '[1     ]')
error:  0.22497998
('out:    ', '[0.951 ]')
('correct:', '[1     ]')
error:  0.00118385
('out:    ', '[0.856 ]')
('correct:', '[1     ]')
error:  0.01038455
('out:    ', '[0.656 ]')
('correct:', '[0     ]')
error:  0.21542429
('out:    ', '[0.638 ]')
('correct:', '[0     ]')
error:  0.20361050
('out:    ', '[0.806 ]')
('correct:', '[1     ]')
error:  0.01875795
('out:    ', '[0.853 ]')
('correct:', '[1     ]')
error:  0.01086193
('out:    ', '[0.831 ]')
('correct:', '[1     ]')
error:  0.01434572
('out:    ', '[0.822 ]')
('correct:', '[0     ]')
error:  0.33815380
('out:    ', '[0.818 ]')
('correct:', '[1     ]')
error:  0.01650672
('out:    ', '[0.983 ]')
('correct:', '[1     ]')
error:  0.00014011
('out:    ', '[0.768 ]')
('correct:', '[1     ]')
error:  0.02683851
('out:    ', '[0.827 ]')
('correct:', '[1     ]')
error:  0.01490986
('out:    ', '[0.824 ]')
('correct:', '[1     ]')
error:  0.01551179
('out:    ', '[0.819 ]')
('correct:', '[1     ]')
error:  0.01635012
('out:    ', '[0.704 ]')
('correct:', '[1     ]')
error:  0.04378093
('out:    ', '[0.658 ]')
('correct:', '[1     ]')
error:  0.05859053
('out:    ', '[0.88  ]')
('correct:', '[1     ]')
error:  0.00717941
('out:    ', '[0.765 ]')
('correct:', '[1     ]')
error:  0.02760807
('out:    ', '[0.631 ]')
('correct:', '[1     ]')
error:  0.06809203
('out:    ', '[0.805 ]')
('correct:', '[0     ]')
error:  0.32393197
('out:    ', '[0.753 ]')
('correct:', '[0     ]')
error:  0.28341026
('out:    ', '[0.673 ]')
('correct:', '[1     ]')
error:  0.05339817
('out:    ', '[0.847 ]')
('correct:', '[1     ]')
error:  0.01166364
('out:    ', '[0.832 ]')
('correct:', '[1     ]')
error:  0.01417423
('out:    ', '[0.877 ]')
('correct:', '[1     ]')
error:  0.00762378
('out:    ', '[0.926 ]')
('correct:', '[1     ]')
error:  0.00272742
('out:    ', '[0.881 ]')
('correct:', '[1     ]')
error:  0.00708868
('out:    ', '[0.623 ]')
('correct:', '[0     ]')
error:  0.19413245
('out:    ', '[0.91  ]')
('correct:', '[0     ]')
error:  0.41434201
('out:    ', '[0.876 ]')
('correct:', '[1     ]')
error:  0.00770432
('out:    ', '[0.671 ]')
('correct:', '[1     ]')
error:  0.05405135
('out:    ', '[0.945 ]')
('correct:', '[1     ]')
error:  0.00149470
('out:    ', '[0.898 ]')
('correct:', '[1     ]')
error:  0.00522781
('out:    ', '[0.965 ]')
('correct:', '[1     ]')
error:  0.00062875
('out:    ', '[0.923 ]')
('correct:', '[0     ]')
error:  0.42632457
('out:    ', '[0.909 ]')
('correct:', '[1     ]')
error:  0.00410151
('out:    ', '[0.631 ]')
('correct:', '[0     ]')
error:  0.19895537
('out:    ', '[0.641 ]')
('correct:', '[0     ]')
error:  0.20526630
('out:    ', '[0.539 ]')
('correct:', '[0     ]')
error:  0.14549914
('out:    ', '[0.74  ]')
('correct:', '[0     ]')
error:  0.27348909
('out:    ', '[0.925 ]')
('correct:', '[1     ]')
error:  0.00283023
('out:    ', '[0.627 ]')
('correct:', '[1     ]')
error:  0.06950595
('out:    ', '[0.684 ]')
('correct:', '[0     ]')
error:  0.23374579
('out:    ', '[0.817 ]')
('correct:', '[1     ]')
error:  0.01668197
('out:    ', '[0.66  ]')
('correct:', '[0     ]')
error:  0.21753185
('out:    ', '[0.532 ]')
('correct:', '[0     ]')
error:  0.14147912
('out:    ', '[0.742 ]')
('correct:', '[0     ]')
error:  0.27504899
('out:    ', '[0.876 ]')
('correct:', '[0     ]')
error:  0.38375675
('out:    ', '[0.981 ]')
('correct:', '[1     ]')
error:  0.00017329
('out:    ', '[0.715 ]')
('correct:', '[1     ]')
error:  0.04065768
('out:    ', '[0.624 ]')
('correct:', '[0     ]')
error:  0.19464351
('out:    ', '[0.856 ]')
('correct:', '[1     ]')
error:  0.01041145
('out:    ', '[0.946 ]')
('correct:', '[1     ]')
error:  0.00145971
('out:    ', '[0.78  ]')
('correct:', '[1     ]')
error:  0.02422674
('out:    ', '[0.711 ]')
('correct:', '[1     ]')
error:  0.04164083
('out:    ', '[0.947 ]')
('correct:', '[1     ]')
error:  0.00142539
('out:    ', '[0.773 ]')
('correct:', '[1     ]')
error:  0.02581996
('out:    ', '[0.906 ]')
('correct:', '[1     ]')
error:  0.00443316
('out:    ', '[0.757 ]')
('correct:', '[1     ]')
error:  0.02960729
('out:    ', '[0.408 ]')
('correct:', '[0     ]')
error:  0.08342930
('out:    ', '[0.809 ]')
('correct:', '[1     ]')
error:  0.01825775
('out:    ', '[0.745 ]')
('correct:', '[1     ]')
error:  0.03255460
('out:    ', '[0.823 ]')
('correct:', '[0     ]')
error:  0.33862457
('out:    ', '[0.945 ]')
('correct:', '[1     ]')
error:  0.00151571
('out:    ', '[0.678 ]')
('correct:', '[0     ]')
error:  0.23016287
('out:    ', '[0.921 ]')
('correct:', '[1     ]')
error:  0.00309065
('out:    ', '[0.631 ]')
('correct:', '[1     ]')
error:  0.06795345
('out:    ', '[0.744 ]')
('correct:', '[0     ]')
error:  0.27658969
('out:    ', '[0.888 ]')
('correct:', '[1     ]')
error:  0.00631008
('out:    ', '[0.82  ]')
('correct:', '[1     ]')
error:  0.01617870
('out:    ', '[0.98  ]')
('correct:', '[0     ]')
error:  0.48042066
('out:    ', '[0.736 ]')
('correct:', '[0     ]')
error:  0.27054184
('out:    ', '[0.757 ]')
('correct:', '[1     ]')
error:  0.02954481
('out:    ', '[0.897 ]')
('correct:', '[1     ]')
error:  0.00532360
('out:    ', '[0.833 ]')
('correct:', '[0     ]')
error:  0.34681143
('out:    ', '[0.699 ]')
('correct:', '[1     ]')
error:  0.04527220
('out:    ', '[0.551 ]')
('correct:', '[1     ]')
error:  0.10093553
('out:    ', '[0.925 ]')
('correct:', '[1     ]')
error:  0.00280282
('out:    ', '[0.64  ]')
('correct:', '[0     ]')
error:  0.20506785
('out:    ', '[0.86  ]')
('correct:', '[1     ]')
error:  0.00980382
('out:    ', '[0.404 ]')
('correct:', '[0     ]')
error:  0.08178253
('out:    ', '[0.817 ]')
('correct:', '[0     ]')
error:  0.33334045
('out:    ', '[0.776 ]')
('correct:', '[1     ]')
error:  0.02516280
('out:    ', '[0.951 ]')
('correct:', '[1     ]')
error:  0.00119263
('out:    ', '[0.773 ]')
('correct:', '[1     ]')
error:  0.02586973
('out:    ', '[0.929 ]')
('correct:', '[0     ]')
error:  0.43161520
('out:    ', '[0.822 ]')
('correct:', '[0     ]')
error:  0.33756269
('out:    ', '[0.354 ]')
('correct:', '[0     ]')
error:  0.06264732
('out:    ', '[0.737 ]')
('correct:', '[1     ]')
error:  0.03460733
('out:    ', '[0.947 ]')
('correct:', '[1     ]')
error:  0.00141364
('out:    ', '[0.718 ]')
('correct:', '[0     ]')
error:  0.25771066
('out:    ', '[0.493 ]')
('correct:', '[0     ]')
error:  0.12141430
('out:    ', '[0.692 ]')
('correct:', '[0     ]')
error:  0.23962294
('out:    ', '[0.992 ]')
('correct:', '[0     ]')
error:  0.49186827
('out:    ', '[0.56  ]')
('correct:', '[0     ]')
error:  0.15679648
('out:    ', '[0.421 ]')
('correct:', '[0     ]')
error:  0.08871698
('out:    ', '[0.895 ]')
('correct:', '[1     ]')
error:  0.00554991
('out:    ', '[0.934 ]')
('correct:', '[1     ]')
error:  0.00217767
('out:    ', '[0.63  ]')
('correct:', '[0     ]')
error:  0.19829087
('out:    ', '[0.906 ]')
('correct:', '[1     ]')
error:  0.00437633
('out:    ', '[0.65  ]')
('correct:', '[1     ]')
error:  0.06116660
('out:    ', '[0.785 ]')
('correct:', '[1     ]')
error:  0.02314199
('out:    ', '[0.611 ]')
('correct:', '[1     ]')
error:  0.07576844
('out:    ', '[0.638 ]')
('correct:', '[0     ]')
error:  0.20351580
('out:    ', '[0.391 ]')
('correct:', '[1     ]')
error:  0.18541821
('out:    ', '[0.994 ]')
('correct:', '[1     ]')
error:  0.00002110
('out:    ', '[0.862 ]')
('correct:', '[1     ]')
error:  0.00951059
('out:    ', '[0.668 ]')
('correct:', '[0     ]')
error:  0.22325913
('out:    ', '[0.635 ]')
('correct:', '[0     ]')
error:  0.20157049
('out:    ', '[0.83  ]')
('correct:', '[1     ]')
error:  0.01444814
('out:    ', '[0.635 ]')
('correct:', '[1     ]')
error:  0.06651457
('out:    ', '[0.861 ]')
('correct:', '[1     ]')
error:  0.00967346
('out:    ', '[0.921 ]')
('correct:', '[0     ]')
error:  0.42408977
('out:    ', '[0.883 ]')
('correct:', '[1     ]')
error:  0.00684611
('out:    ', '[0.708 ]')
('correct:', '[1     ]')
error:  0.04260516
('out:    ', '[0.681 ]')
('correct:', '[0     ]')
error:  0.23180586
('out:    ', '[0.687 ]')
('correct:', '[0     ]')
error:  0.23570629
('out:    ', '[0.342 ]')
('correct:', '[1     ]')
error:  0.21669387
('out:    ', '[0.808 ]')
('correct:', '[1     ]')
error:  0.01837453
('out:    ', '[0.624 ]')
('correct:', '[0     ]')
error:  0.19456131
('out:    ', '[0.585 ]')
('correct:', '[1     ]')
error:  0.08596626
('out:    ', '[0.513 ]')
('correct:', '[0     ]')
error:  0.13138221
('out:    ', '[0.641 ]')
('correct:', '[0     ]')
error:  0.20526454
('out:    ', '[0.721 ]')
('correct:', '[0     ]')
error:  0.25998160
('out:    ', '[0.785 ]')
('correct:', '[0     ]')
error:  0.30817337
('out:    ', '[0.75  ]')
('correct:', '[0     ]')
error:  0.28109106
('out:    ', '[0.672 ]')
('correct:', '[0     ]')
error:  0.22565088
('out:    ', '[0.843 ]')
('correct:', '[0     ]')
error:  0.35548899
('out:    ', '[0.926 ]')
('correct:', '[1     ]')
error:  0.00272939
('out:    ', '[0.791 ]')
('correct:', '[0     ]')
error:  0.31248946
('out:    ', '[0.775 ]')
('correct:', '[1     ]')
error:  0.02528194
('out:    ', '[0.929 ]')
('correct:', '[1     ]')
error:  0.00255209
('out:    ', '[0.643 ]')
('correct:', '[0     ]')
error:  0.20651316
('out:    ', '[0.832 ]')
('correct:', '[1     ]')
error:  0.01407634
('out:    ', '[0.726 ]')
('correct:', '[1     ]')
error:  0.03762751
('out:    ', '[0.971 ]')
('correct:', '[1     ]')
error:  0.00043451
('out:    ', '[0.258 ]')
('correct:', '[0     ]')
error:  0.03319208
('out:    ', '[0.678 ]')
('correct:', '[1     ]')
error:  0.05189423
('out:    ', '[0.773 ]')
('correct:', '[0     ]')
error:  0.29839331
('out:    ', '[0.832 ]')
('correct:', '[0     ]')
error:  0.34613659
('out:    ', '[0.595 ]')
('correct:', '[1     ]')
error:  0.08187697
('out:    ', '[0.79  ]')
('correct:', '[0     ]')
error:  0.31223628
('out:    ', '[0.809 ]')
('correct:', '[1     ]')
error:  0.01826388
('out:    ', '[0.917 ]')
('correct:', '[1     ]')
error:  0.00347533
('out:    ', '[0.916 ]')
('correct:', '[1     ]')
error:  0.00354604
('out:    ', '[0.573 ]')
('correct:', '[1     ]')
error:  0.09115157
('out:    ', '[0.897 ]')
('correct:', '[1     ]')
error:  0.00532249
('out:    ', '[0.687 ]')
('correct:', '[1     ]')
error:  0.04908200
('out:    ', '[0.768 ]')
('correct:', '[1     ]')
error:  0.02680998
('out:    ', '[0.482 ]')
('correct:', '[0     ]')
error:  0.11620372
('out:    ', '[0.83  ]')
('correct:', '[1     ]')
error:  0.01437127
('out:    ', '[0.941 ]')
('correct:', '[1     ]')
error:  0.00171247
('out:    ', '[0.899 ]')
('correct:', '[1     ]')
error:  0.00512585
('out:    ', '[0.785 ]')
('correct:', '[1     ]')
error:  0.02300998
('out:    ', '[0.729 ]')
('correct:', '[0     ]')
error:  0.26544049
('out:    ', '[0.912 ]')
('correct:', '[1     ]')
error:  0.00390052
('out:    ', '[0.906 ]')
('correct:', '[0     ]')
error:  0.41002094
('out:    ', '[0.784 ]')
('correct:', '[1     ]')
error:  0.02341718
('out:    ', '[0.743 ]')
('correct:', '[1     ]')
error:  0.03311955
('out:    ', '[0.738 ]')
('correct:', '[1     ]')
error:  0.03425176
('out:    ', '[0.446 ]')
('correct:', '[1     ]')
error:  0.15338188
('out:    ', '[0.702 ]')
('correct:', '[0     ]')
error:  0.24653998
('out:    ', '[0.574 ]')
('correct:', '[0     ]')
error:  0.16471729
('out:    ', '[0.593 ]')
('correct:', '[0     ]')
error:  0.17594874
('out:    ', '[0.86  ]')
('correct:', '[1     ]')
error:  0.00984600
('out:    ', '[0.836 ]')
('correct:', '[0     ]')
error:  0.34981229
('out:    ', '[0.606 ]')
('correct:', '[1     ]')
error:  0.07755599
('out:    ', '[0.636 ]')
('correct:', '[0     ]')
error:  0.20206453
('out:    ', '[0.899 ]')
('correct:', '[1     ]')
error:  0.00508810
('out:    ', '[0.689 ]')
('correct:', '[1     ]')
error:  0.04823490
('out:    ', '[0.307 ]')
('correct:', '[0     ]')
error:  0.04713405
('out:    ', '[0.835 ]')
('correct:', '[1     ]')
error:  0.01363762
('out:    ', '[0.754 ]')
('correct:', '[1     ]')
error:  0.03024177
('out:    ', '[0.587 ]')
('correct:', '[1     ]')
error:  0.08511007
('out:    ', '[0.991 ]')
('correct:', '[1     ]')
error:  0.00003897
('out:    ', '[0.641 ]')
('correct:', '[1     ]')
error:  0.06436447
('out:    ', '[0.407 ]')
('correct:', '[0     ]')
error:  0.08300893
('out:    ', '[0.876 ]')
('correct:', '[1     ]')
error:  0.00771041
('out:    ', '[0.687 ]')
('correct:', '[1     ]')
error:  0.04886681
('out:    ', '[0.777 ]')
('correct:', '[0     ]')
error:  0.30177851
('out:    ', '[0.968 ]')
('correct:', '[1     ]')
error:  0.00050103
('out:    ', '[0.79  ]')
('correct:', '[1     ]')
error:  0.02213127
('out:    ', '[0.446 ]')
('correct:', '[1     ]')
error:  0.15324412
('out:    ', '[0.774 ]')
('correct:', '[1     ]')
error:  0.02555846
('out:    ', '[0.632 ]')
('correct:', '[1     ]')
error:  0.06787173
('out:    ', '[0.926 ]')
('correct:', '[1     ]')
error:  0.00274096
('out:    ', '[0.745 ]')
('correct:', '[1     ]')
error:  0.03261746
('out:    ', '[0.683 ]')
('correct:', '[0     ]')
error:  0.23328208
('out:    ', '[0.676 ]')
('correct:', '[0     ]')
error:  0.22850072
('out:    ', '[0.919 ]')
('correct:', '[1     ]')
error:  0.00330893
('out:    ', '[0.625 ]')
('correct:', '[0     ]')
error:  0.19536161
('out:    ', '[0.697 ]')
('correct:', '[1     ]')
error:  0.04589150
('out:    ', '[0.788 ]')
('correct:', '[0     ]')
error:  0.31035461
('out:    ', '[0.704 ]')
('correct:', '[1     ]')
error:  0.04383455
('out:    ', '[0.919 ]')
('correct:', '[0     ]')
error:  0.42270282
('out:    ', '[0.946 ]')
('correct:', '[1     ]')
error:  0.00147753
('out:    ', '[0.678 ]')
('correct:', '[0     ]')
error:  0.22989243
('out:    ', '[0.972 ]')
('correct:', '[1     ]')
error:  0.00039236
('out:    ', '[0.255 ]')
('correct:', '[0     ]')
error:  0.03263245
('out:    ', '[0.646 ]')
('correct:', '[0     ]')
error:  0.20841277
('out:    ', '[0.898 ]')
('correct:', '[1     ]')
error:  0.00520677
('out:    ', '[0.51  ]')
('correct:', '[0     ]')
error:  0.13000759
('out:    ', '[0.553 ]')
('correct:', '[1     ]')
error:  0.10004066
('out:    ', '[0.829 ]')
('correct:', '[1     ]')
error:  0.01457895
('out:    ', '[0.807 ]')
('correct:', '[1     ]')
error:  0.01853761
('out:    ', '[0.25  ]')
('correct:', '[0     ]')
error:  0.03127721
('out:    ', '[0.786 ]')
('correct:', '[1     ]')
error:  0.02290125
('out:    ', '[0.595 ]')
('correct:', '[0     ]')
error:  0.17718735
('out:    ', '[0.751 ]')
('correct:', '[0     ]')
error:  0.28190222
('out:    ', '[0.972 ]')
('correct:', '[1     ]')
error:  0.00040273
('out:    ', '[0.735 ]')
('correct:', '[1     ]')
error:  0.03524369
('out:    ', '[0.696 ]')
('correct:', '[0     ]')
error:  0.24230282
('out:    ', '[0.959 ]')
('correct:', '[1     ]')
error:  0.00083187
('out:    ', '[0.906 ]')
('correct:', '[1     ]')
error:  0.00444230
('out:    ', '[0.987 ]')
('correct:', '[0     ]')
error:  0.48741739
('out:    ', '[0.953 ]')
('correct:', '[1     ]')
error:  0.00109308
('out:    ', '[0.634 ]')
('correct:', '[0     ]')
error:  0.20105288
('out:    ', '[0.65  ]')
('correct:', '[1     ]')
error:  0.06138161
('out:    ', '[0.677 ]')
('correct:', '[1     ]')
error:  0.05210985
('out:    ', '[0.944 ]')
('correct:', '[1     ]')
error:  0.00157840
('out:    ', '[0.86  ]')
('correct:', '[1     ]')
error:  0.00973214
('out:    ', '[0.775 ]')
('correct:', '[1     ]')
error:  0.02541853
('out:    ', '[0.652 ]')
('correct:', '[0     ]')
error:  0.21223943
('out:    ', '[0.769 ]')
('correct:', '[1     ]')
error:  0.02660435
('out:    ', '[0.615 ]')
('correct:', '[0     ]')
error:  0.18884457
('out:    ', '[0.702 ]')
('correct:', '[0     ]')
error:  0.24631495
('out:    ', '[0.737 ]')
('correct:', '[1     ]')
error:  0.03448437
('out:    ', '[0.637 ]')
('correct:', '[0     ]')
error:  0.20298525
('out:    ', '[0.907 ]')
('correct:', '[1     ]')
error:  0.00432892
('out:    ', '[0.556 ]')
('correct:', '[0     ]')
error:  0.15434604
('out:    ', '[0.938 ]')
('correct:', '[0     ]')
error:  0.43985497
('out:    ', '[0.808 ]')
('correct:', '[1     ]')
error:  0.01844449
('out:    ', '[0.696 ]')
('correct:', '[1     ]')
error:  0.04626716
('out:    ', '[0.719 ]')
('correct:', '[1     ]')
error:  0.03951667
('out:    ', '[0.74  ]')
('correct:', '[1     ]')
error:  0.03375391
('out:    ', '[0.907 ]')
('correct:', '[1     ]')
error:  0.00430123
('out:    ', '[0.604 ]')
('correct:', '[0     ]')
error:  0.18251929
('out:    ', '[0.825 ]')
('correct:', '[1     ]')
error:  0.01525692
('out:    ', '[0.874 ]')
('correct:', '[0     ]')
error:  0.38210219
('out:    ', '[0.602 ]')
('correct:', '[0     ]')
error:  0.18139222
('out:    ', '[0.804 ]')
('correct:', '[1     ]')
error:  0.01924378
('out:    ', '[0.497 ]')
('correct:', '[1     ]')
error:  0.12625421
('out:    ', '[0.744 ]')
('correct:', '[1     ]')
error:  0.03279840
('out:    ', '[0.814 ]')
('correct:', '[1     ]')
error:  0.01730715
('out:    ', '[0.914 ]')
('correct:', '[1     ]')
error:  0.00368584
('out:    ', '[0.697 ]')
('correct:', '[0     ]')
error:  0.24256223
('out:    ', '[0.673 ]')
('correct:', '[1     ]')
error:  0.05358112
('out:    ', '[0.969 ]')
('correct:', '[1     ]')
error:  0.00048679
('out:    ', '[0.849 ]')
('correct:', '[0     ]')
error:  0.36015414
('out:    ', '[0.793 ]')
('correct:', '[0     ]')
error:  0.31473299
('out:    ', '[0.973 ]')
('correct:', '[1     ]')
error:  0.00035406
('out:    ', '[0.942 ]')
('correct:', '[0     ]')
error:  0.44335889
('out:    ', '[0.913 ]')
('correct:', '[0     ]')
error:  0.41708928
('out:    ', '[0.556 ]')
('correct:', '[0     ]')
error:  0.15457853
('out:    ', '[0.586 ]')
('correct:', '[1     ]')
error:  0.08571409
('out:    ', '[0.983 ]')
('correct:', '[1     ]')
error:  0.00014594
('out:    ', '[0.972 ]')
('correct:', '[0     ]')
error:  0.47268752
('out:    ', '[0.832 ]')
('correct:', '[1     ]')
error:  0.01414023
('out:    ', '[0.901 ]')
('correct:', '[0     ]')
error:  0.40613141
('out:    ', '[0.984 ]')
('correct:', '[0     ]')
error:  0.48428347
('out:    ', '[0.897 ]')
('correct:', '[0     ]')
error:  0.40247249
('out:    ', '[0.586 ]')
('correct:', '[1     ]')
error:  0.08576896
('out:    ', '[0.946 ]')
('correct:', '[1     ]')
error:  0.00147827
('out:    ', '[0.651 ]')
('correct:', '[1     ]')
error:  0.06073136
('out:    ', '[0.6   ]')
('correct:', '[1     ]')
error:  0.08002901
('out:    ', '[0.952 ]')
('correct:', '[1     ]')
error:  0.00113687
('out:    ', '[0.739 ]')
('correct:', '[0     ]')
error:  0.27270588
('out:    ', '[0.827 ]')
('correct:', '[1     ]')
error:  0.01502523
('out:    ', '[0.415 ]')
('correct:', '[0     ]')
error:  0.08625110
('out:    ', '[0.675 ]')
('correct:', '[0     ]')
error:  0.22760660
('out:    ', '[0.785 ]')
('correct:', '[1     ]')
error:  0.02303942
('out:    ', '[0.755 ]')
('correct:', '[1     ]')
error:  0.03009997
('out:    ', '[0.887 ]')
('correct:', '[1     ]')
error:  0.00637050
('out:    ', '[0.993 ]')
('correct:', '[1     ]')
error:  0.00002221
('out:    ', '[0.698 ]')
('correct:', '[1     ]')
error:  0.04560301
('out:    ', '[0.22  ]')
('correct:', '[0     ]')
error:  0.02423462
('out:    ', '[0.603 ]')
('correct:', '[1     ]')
error:  0.07895369
('out:    ', '[0.947 ]')
('correct:', '[1     ]')
error:  0.00138707
('out:    ', '[0.856 ]')
('correct:', '[1     ]')
error:  0.01038483
('out:    ', '[0.846 ]')
('correct:', '[1     ]')
error:  0.01187772
('out:    ', '[0.781 ]')
('correct:', '[1     ]')
error:  0.02390006
('out:    ', '[0.633 ]')
('correct:', '[0     ]')
error:  0.20035075
('out:    ', '[0.793 ]')
('correct:', '[1     ]')
error:  0.02139927
('out:    ', '[0.432 ]')
('correct:', '[0     ]')
error:  0.09333257
('out:    ', '[0.678 ]')
('correct:', '[0     ]')
error:  0.22956714
('out:    ', '[0.936 ]')
('correct:', '[0     ]')
error:  0.43835796
('out:    ', '[0.5   ]')
('correct:', '[0     ]')
error:  0.12521839
('out:    ', '[0.812 ]')
('correct:', '[0     ]')
error:  0.32960696
('out:    ', '[0.591 ]')
('correct:', '[0     ]')
error:  0.17487109
('out:    ', '[0.933 ]')
('correct:', '[1     ]')
error:  0.00227188
('out:    ', '[0.641 ]')
('correct:', '[1     ]')
error:  0.06433407
('out:    ', '[0.74  ]')
('correct:', '[1     ]')
error:  0.03369791
('out:    ', '[0.822 ]')
('correct:', '[0     ]')
error:  0.33752546
('out:    ', '[0.949 ]')
('correct:', '[1     ]')
error:  0.00128898
('out:    ', '[0.934 ]')
('correct:', '[1     ]')
error:  0.00220905
('out:    ', '[0.869 ]')
('correct:', '[1     ]')
error:  0.00857295
('out:    ', '[0.934 ]')
('correct:', '[1     ]')
error:  0.00215144
('out:    ', '[0.197 ]')
('correct:', '[1     ]')
error:  0.32272520
('out:    ', '[0.634 ]')
('correct:', '[0     ]')
error:  0.20122015
('out:    ', '[0.638 ]')
('correct:', '[1     ]')
error:  0.06556159
('out:    ', '[0.573 ]')
('correct:', '[1     ]')
error:  0.09111735
('out:    ', '[0.945 ]')
('correct:', '[1     ]')
error:  0.00153241
('out:    ', '[0.705 ]')
('correct:', '[1     ]')
error:  0.04351214
('out:    ', '[0.96  ]')
('correct:', '[1     ]')
error:  0.00078615
('out:    ', '[0.613 ]')
('correct:', '[0     ]')
error:  0.18778712
('out:    ', '[0.729 ]')
('correct:', '[0     ]')
error:  0.26599187
('out:    ', '[0.799 ]')
('correct:', '[1     ]')
error:  0.02022730
('out:    ', '[0.963 ]')
('correct:', '[1     ]')
error:  0.00069427
('out:    ', '[0.898 ]')
('correct:', '[1     ]')
error:  0.00515277
('out:    ', '[0.749 ]')
('correct:', '[0     ]')
error:  0.28019613
('out:    ', '[0.856 ]')
('correct:', '[1     ]')
error:  0.01035754
('out:    ', '[0.612 ]')
('correct:', '[0     ]')
error:  0.18714287
('out:    ', '[0.779 ]')
('correct:', '[0     ]')
error:  0.30316774
('out:    ', '[0.902 ]')
('correct:', '[1     ]')
error:  0.00483890
('out:    ', '[0.982 ]')
('correct:', '[0     ]')
error:  0.48238209
('out:    ', '[0.884 ]')
('correct:', '[1     ]')
error:  0.00674383
('out:    ', '[0.988 ]')
('correct:', '[0     ]')
error:  0.48836825
('out:    ', '[0.898 ]')
('correct:', '[1     ]')
error:  0.00520374
('out:    ', '[0.778 ]')
('correct:', '[1     ]')
error:  0.02453955
('out:    ', '[0.859 ]')
('correct:', '[1     ]')
error:  0.00994186
('out:    ', '[0.778 ]')
('correct:', '[1     ]')
error:  0.02466559
('out:    ', '[0.695 ]')
('correct:', '[0     ]')
error:  0.24140611
('out:    ', '[0.863 ]')
('correct:', '[0     ]')
error:  0.37260528
('out:    ', '[0.677 ]')
('correct:', '[1     ]')
error:  0.05213481
('out:    ', '[0.762 ]')
('correct:', '[0     ]')
error:  0.29067837
('out:    ', '[0.98  ]')
('correct:', '[0     ]')
error:  0.47977469
('out:    ', '[0.89  ]')
('correct:', '[1     ]')
error:  0.00601178
('out:    ', '[0.897 ]')
('correct:', '[1     ]')
error:  0.00531631
('out:    ', '[0.99  ]')
('correct:', '[1     ]')
error:  0.00004784
('out:    ', '[0.626 ]')
('correct:', '[0     ]')
error:  0.19566507
('out:    ', '[0.748 ]')
('correct:', '[0     ]')
error:  0.27981795
('out:    ', '[0.661 ]')
('correct:', '[1     ]')
error:  0.05742568
('out:    ', '[0.603 ]')
('correct:', '[1     ]')
error:  0.07893748
('out:    ', '[0.67  ]')
('correct:', '[1     ]')
error:  0.05434410
('out:    ', '[0.841 ]')
('correct:', '[0     ]')
error:  0.35377340
('out:    ', '[0.973 ]')
('correct:', '[0     ]')
error:  0.47331343
('out:    ', '[0.841 ]')
('correct:', '[1     ]')
error:  0.01264475
('out:    ', '[0.662 ]')
('correct:', '[1     ]')
error:  0.05714719
('out:    ', '[0.702 ]')
('correct:', '[0     ]')
error:  0.24670811
('out:    ', '[0.783 ]')
('correct:', '[1     ]')
error:  0.02363773
('out:    ', '[0.693 ]')
('correct:', '[0     ]')
error:  0.24018499
('out:    ', '[0.723 ]')
('correct:', '[0     ]')
error:  0.26136084
('out:    ', '[0.978 ]')
('correct:', '[1     ]')
error:  0.00023574
('out:    ', '[0.639 ]')
('correct:', '[1     ]')
error:  0.06519852
('out:    ', '[0.908 ]')
('correct:', '[1     ]')
error:  0.00427310
('out:    ', '[0.865 ]')
('correct:', '[1     ]')
error:  0.00913795
('out:    ', '[0.69  ]')
('correct:', '[1     ]')
error:  0.04803782
('out:    ', '[0.913 ]')
('correct:', '[1     ]')
error:  0.00378050
('out:    ', '[0.991 ]')
('correct:', '[1     ]')
error:  0.00003750
('out:    ', '[0.897 ]')
('correct:', '[1     ]')
error:  0.00532074
('out:    ', '[0.701 ]')
('correct:', '[1     ]')
error:  0.04476187
('out:    ', '[0.68  ]')
('correct:', '[1     ]')
error:  0.05122559
('out:    ', '[0.789 ]')
('correct:', '[0     ]')
error:  0.31119066
('out:    ', '[0.456 ]')
('correct:', '[1     ]')
error:  0.14771060
('out:    ', '[0.951 ]')
('correct:', '[1     ]')
error:  0.00122070
('out:    ', '[0.591 ]')
('correct:', '[0     ]')
error:  0.17480271
('out:    ', '[0.733 ]')
('correct:', '[0     ]')
error:  0.26889371
('out:    ', '[0.576 ]')
('correct:', '[0     ]')
error:  0.16613770
('out:    ', '[0.802 ]')
('correct:', '[1     ]')
error:  0.01959278
('out:    ', '[0.794 ]')
('correct:', '[1     ]')
error:  0.02120002
('out:    ', '[0.717 ]')
('correct:', '[1     ]')
error:  0.04010279
('out:    ', '[0.635 ]')
('correct:', '[0     ]')
error:  0.20166214
('out:    ', '[0.786 ]')
('correct:', '[0     ]')
error:  0.30859058
('out:    ', '[0.838 ]')
('correct:', '[1     ]')
error:  0.01315828
('out:    ', '[0.849 ]')
('correct:', '[1     ]')
error:  0.01138408
('out:    ', '[0.598 ]')
('correct:', '[1     ]')
error:  0.08078046
('out:    ', '[0.726 ]')
('correct:', '[1     ]')
error:  0.03761729
('out:    ', '[0.744 ]')
('correct:', '[1     ]')
error:  0.03281544
('out:    ', '[0.878 ]')
('correct:', '[1     ]')
error:  0.00748760
('out:    ', '[0.584 ]')
('correct:', '[0     ]')
error:  0.17035585
('out:    ', '[0.645 ]')
('correct:', '[1     ]')
error:  0.06304486
('out:    ', '[0.946 ]')
('correct:', '[1     ]')
error:  0.00148040
('out:    ', '[0.716 ]')
('correct:', '[1     ]')
error:  0.04036263
('out:    ', '[0.804 ]')
('correct:', '[1     ]')
error:  0.01925966
('out:    ', '[0.847 ]')
('correct:', '[1     ]')
error:  0.01171292
('out:    ', '[0.669 ]')
('correct:', '[0     ]')
error:  0.22356628
('out:    ', '[0.823 ]')
('correct:', '[0     ]')
error:  0.33895400
('out:    ', '[0.728 ]')
('correct:', '[0     ]')
error:  0.26526144
('out:    ', '[0.868 ]')
('correct:', '[1     ]')
error:  0.00870831
('out:    ', '[0.45  ]')
('correct:', '[0     ]')
error:  0.10131331
('out:    ', '[0.563 ]')
('correct:', '[0     ]')
error:  0.15856716
('out:    ', '[0.942 ]')
('correct:', '[1     ]')
error:  0.00171077
('out:    ', '[0.802 ]')
('correct:', '[0     ]')
error:  0.32156811
('out:    ', '[0.825 ]')
('correct:', '[0     ]')
error:  0.33990364
('out:    ', '[0.935 ]')
('correct:', '[1     ]')
error:  0.00210136
('out:    ', '[0.866 ]')
('correct:', '[1     ]')
error:  0.00899438
('out:    ', '[0.735 ]')
('correct:', '[1     ]')
error:  0.03516240
('out:    ', '[0.692 ]')
('correct:', '[1     ]')
error:  0.04743817
('out:    ', '[0.699 ]')
('correct:', '[1     ]')
error:  0.04526725
('out:    ', '[0.851 ]')
('correct:', '[0     ]')
error:  0.36225876
('out:    ', '[0.721 ]')
('correct:', '[1     ]')
error:  0.03901576
('out:    ', '[0.783 ]')
('correct:', '[0     ]')
error:  0.30637145
('out:    ', '[0.865 ]')
('correct:', '[1     ]')
error:  0.00906815
('out:    ', '[0.792 ]')
('correct:', '[1     ]')
error:  0.02156400
('out:    ', '[0.77  ]')
('correct:', '[0     ]')
error:  0.29666232
('out:    ', '[0.768 ]')
('correct:', '[1     ]')
error:  0.02684915
('out:    ', '[0.78  ]')
('correct:', '[1     ]')
error:  0.02419023
('out:    ', '[0.945 ]')
('correct:', '[1     ]')
error:  0.00149015
('out:    ', '[0.821 ]')
('correct:', '[1     ]')
error:  0.01608046
('out:    ', '[0.654 ]')
('correct:', '[0     ]')
error:  0.21411970
('out:    ', '[0.612 ]')
('correct:', '[0     ]')
error:  0.18733317
('out:    ', '[0.991 ]')
('correct:', '[1     ]')
error:  0.00004460
('out:    ', '[0.45  ]')
('correct:', '[0     ]')
error:  0.10121264
('out:    ', '[0.997 ]')
('correct:', '[1     ]')
error:  0.00000327
('out:    ', '[0.756 ]')
('correct:', '[1     ]')
error:  0.02969713
('out:    ', '[0.773 ]')
('correct:', '[1     ]')
error:  0.02581754
('out:    ', '[0.779 ]')
('correct:', '[1     ]')
error:  0.02432540
('out:    ', '[0.671 ]')
('correct:', '[0     ]')
error:  0.22485011
('out:    ', '[0.867 ]')
('correct:', '[1     ]')
error:  0.00889187
('out:    ', '[0.579 ]')
('correct:', '[0     ]')
error:  0.16750052
('out:    ', '[0.723 ]')
('correct:', '[0     ]')
error:  0.26104359
('out:    ', '[0.731 ]')
('correct:', '[1     ]')
error:  0.03609859
('out:    ', '[0.95  ]')
('correct:', '[1     ]')
error:  0.00122895
('out:    ', '[0.874 ]')
('correct:', '[1     ]')
error:  0.00790124
('out:    ', '[0.967 ]')
('correct:', '[1     ]')
error:  0.00055536
('out:    ', '[0.66  ]')
('correct:', '[0     ]')
error:  0.21787931
('out:    ', '[0.662 ]')
('correct:', '[1     ]')
error:  0.05726975
('out:    ', '[0.953 ]')
('correct:', '[1     ]')
error:  0.00111780
('out:    ', '[0.789 ]')
('correct:', '[1     ]')
error:  0.02217204
('out:    ', '[0.859 ]')
('correct:', '[1     ]')
error:  0.00995022
('out:    ', '[0.827 ]')
('correct:', '[1     ]')
error:  0.01493349
('out:    ', '[0.83  ]')
('correct:', '[1     ]')
error:  0.01447138
('out:    ', '[0.564 ]')
('correct:', '[0     ]')
error:  0.15889316
('out:    ', '[0.994 ]')
('correct:', '[0     ]')
error:  0.49426358
('out:    ', '[0.997 ]')
('correct:', '[0     ]')
error:  0.49722976
('out:    ', '[0.803 ]')
('correct:', '[1     ]')
error:  0.01947683
('out:    ', '[0.538 ]')
('correct:', '[0     ]')
error:  0.14464335
('out:    ', '[0.948 ]')
('correct:', '[0     ]')
error:  0.44947040
('out:    ', '[0.948 ]')
('correct:', '[1     ]')
error:  0.00137069
('out:    ', '[0.745 ]')
('correct:', '[0     ]')
error:  0.27742895
('out:    ', '[0.994 ]')
('correct:', '[1     ]')
error:  0.00001886
('out:    ', '[0.653 ]')
('correct:', '[0     ]')
error:  0.21351155
('out:    ', '[0.947 ]')
('correct:', '[1     ]')
error:  0.00140882
('out:    ', '[0.884 ]')
('correct:', '[1     ]')
error:  0.00668531
('out:    ', '[0.791 ]')
('correct:', '[0     ]')
error:  0.31281029
('out:    ', '[0.737 ]')
('correct:', '[1     ]')
error:  0.03465019
('out:    ', '[0.483 ]')
('correct:', '[0     ]')
error:  0.11668519
('out:    ', '[0.662 ]')
('correct:', '[0     ]')
error:  0.21928102
('out:    ', '[0.596 ]')
('correct:', '[0     ]')
error:  0.17766907
('out:    ', '[0.553 ]')
('correct:', '[0     ]')
error:  0.15314315
('out:    ', '[0.957 ]')
('correct:', '[1     ]')
error:  0.00094065
('out:    ', '[0.761 ]')
('correct:', '[1     ]')
error:  0.02856030
('out:    ', '[0.919 ]')
('correct:', '[0     ]')
error:  0.42216256
('out:    ', '[0.546 ]')
('correct:', '[1     ]')
error:  0.10289853
('out:    ', '[0.915 ]')
('correct:', '[1     ]')
error:  0.00359206
('out:    ', '[0.732 ]')
('correct:', '[1     ]')
error:  0.03580623
('out:    ', '[0.768 ]')
('correct:', '[0     ]')
error:  0.29464009
('out:    ', '[0.245 ]')
('correct:', '[1     ]')
error:  0.28490487
('out:    ', '[0.953 ]')
('correct:', '[1     ]')
error:  0.00109779
('out:    ', '[0.77  ]')
('correct:', '[1     ]')
error:  0.02643981
('out:    ', '[0.534 ]')
('correct:', '[0     ]')
error:  0.14282415
('out:    ', '[0.915 ]')
('correct:', '[1     ]')
error:  0.00365131
('out:    ', '[0.804 ]')
('correct:', '[0     ]')
error:  0.32357412
('out:    ', '[0.802 ]')
('correct:', '[0     ]')
error:  0.32183523
('out:    ', '[0.942 ]')
('correct:', '[1     ]')
error:  0.00165389
('out:    ', '[0.899 ]')
('correct:', '[1     ]')
error:  0.00512042
('out:    ', '[0.917 ]')
('correct:', '[1     ]')
error:  0.00345576
('out:    ', '[0.644 ]')
('correct:', '[1     ]')
error:  0.06343509
('out:    ', '[0.676 ]')
('correct:', '[0     ]')
error:  0.22820624
('out:    ', '[0.924 ]')
('correct:', '[1     ]')
error:  0.00291392
('out:    ', '[0.419 ]')
('correct:', '[0     ]')
error:  0.08795324
('out:    ', '[0.957 ]')
('correct:', '[1     ]')
error:  0.00094380
('out:    ', '[0.789 ]')
('correct:', '[1     ]')
error:  0.02227922
('out:    ', '[0.982 ]')
('correct:', '[0     ]')
error:  0.48178646
('out:    ', '[0.955 ]')
('correct:', '[1     ]')
error:  0.00102383
('out:    ', '[0.856 ]')
('correct:', '[1     ]')
error:  0.01032504
('out:    ', '[0.564 ]')
('correct:', '[1     ]')
error:  0.09507562
('out:    ', '[0.559 ]')
('correct:', '[0     ]')
error:  0.15627289
('out:    ', '[0.899 ]')
('correct:', '[1     ]')
error:  0.00505808
('out:    ', '[0.659 ]')
('correct:', '[1     ]')
error:  0.05801515
('out:    ', '[0.703 ]')
('correct:', '[1     ]')
error:  0.04404183
('out:    ', '[0.773 ]')
('correct:', '[0     ]')
error:  0.29893865
('out:    ', '[0.996 ]')
('correct:', '[1     ]')
error:  0.00001012
('out:    ', '[0.63  ]')
('correct:', '[0     ]')
error:  0.19826366
('out:    ', '[0.657 ]')
('correct:', '[0     ]')
error:  0.21554111
('out:    ', '[0.524 ]')
('correct:', '[0     ]')
error:  0.13748562
('out:    ', '[0.322 ]')
('correct:', '[1     ]')
error:  0.22981666
('out:    ', '[0.608 ]')
('correct:', '[0     ]')
error:  0.18455430
('out:    ', '[0.771 ]')
('correct:', '[0     ]')
error:  0.29720438
('out:    ', '[0.712 ]')
('correct:', '[0     ]')
error:  0.25368556
('out:    ', '[0.737 ]')
('correct:', '[0     ]')
error:  0.27169028
('out:    ', '[0.646 ]')
('correct:', '[1     ]')
error:  0.06269604
('out:    ', '[0.601 ]')
('correct:', '[0     ]')
error:  0.18037977
('out:    ', '[0.768 ]')
('correct:', '[1     ]')
error:  0.02686028
('out:    ', '[0.681 ]')
('correct:', '[1     ]')
error:  0.05085990
('out:    ', '[0.833 ]')
('correct:', '[0     ]')
error:  0.34732072
('out:    ', '[0.783 ]')
('correct:', '[1     ]')
error:  0.02362959
('out:    ', '[0.8   ]')
('correct:', '[1     ]')
error:  0.02009516
('out:    ', '[0.972 ]')
('correct:', '[0     ]')
error:  0.47285982
('out:    ', '[0.899 ]')
('correct:', '[1     ]')
error:  0.00510444
('out:    ', '[0.689 ]')
('correct:', '[0     ]')
error:  0.23749278
('out:    ', '[0.26  ]')
('correct:', '[0     ]')
error:  0.03368257
('out:    ', '[0.695 ]')
('correct:', '[1     ]')
error:  0.04661204
('out:    ', '[0.86  ]')
('correct:', '[1     ]')
error:  0.00973035
('out:    ', '[0.444 ]')
('correct:', '[0     ]')
error:  0.09867455
('out:    ', '[0.733 ]')
('correct:', '[0     ]')
error:  0.26842448
('out:    ', '[0.84  ]')
('correct:', '[1     ]')
error:  0.01281482
('out:    ', '[0.619 ]')
('correct:', '[0     ]')
error:  0.19150783
('out:    ', '[0.675 ]')
('correct:', '[0     ]')
error:  0.22751567
('out:    ', '[0.858 ]')
('correct:', '[1     ]')
error:  0.01003481
('out:    ', '[0.916 ]')
('correct:', '[1     ]')
error:  0.00351134
('out:    ', '[0.438 ]')
('correct:', '[0     ]')
error:  0.09576078
('out:    ', '[0.861 ]')
('correct:', '[1     ]')
error:  0.00960651
('out:    ', '[0.879 ]')
('correct:', '[1     ]')
error:  0.00732626
('out:    ', '[0.881 ]')
('correct:', '[1     ]')
error:  0.00709254
('out:    ', '[0.546 ]')
('correct:', '[0     ]')
error:  0.14905234
('out:    ', '[0.57  ]')
('correct:', '[0     ]')
error:  0.16218127
('out:    ', '[0.772 ]')
('correct:', '[1     ]')
error:  0.02594056
('out:    ', '[0.879 ]')
('correct:', '[1     ]')
error:  0.00727257
('out:    ', '[0.944 ]')
('correct:', '[0     ]')
error:  0.44542397
('out:    ', '[0.793 ]')
('correct:', '[0     ]')
error:  0.31473522
('out:    ', '[0.664 ]')
('correct:', '[1     ]')
error:  0.05660439
('out:    ', '[0.848 ]')
('correct:', '[0     ]')
error:  0.35921056
('out:    ', '[0.662 ]')
('correct:', '[1     ]')
error:  0.05695379
('out:    ', '[0.981 ]')
('correct:', '[0     ]')
error:  0.48089818
('out:    ', '[0.34  ]')
('correct:', '[0     ]')
error:  0.05763140
('out:    ', '[0.441 ]')
('correct:', '[0     ]')
error:  0.09713100
('out:    ', '[0.415 ]')
('correct:', '[1     ]')
error:  0.17127449
('out:    ', '[0.541 ]')
('correct:', '[1     ]')
error:  0.10536750
('out:    ', '[0.73  ]')
('correct:', '[0     ]')
error:  0.26653940
('out:    ', '[0.916 ]')
('correct:', '[1     ]')
error:  0.00349856
('out:    ', '[0.808 ]')
('correct:', '[1     ]')
error:  0.01851641
('out:    ', '[0.874 ]')
('correct:', '[1     ]')
error:  0.00798881
('out:    ', '[0.771 ]')
('correct:', '[1     ]')
error:  0.02616721
('out:    ', '[0.657 ]')
('correct:', '[0     ]')
error:  0.21577816
('out:    ', '[0.913 ]')
('correct:', '[0     ]')
error:  0.41684662
('out:    ', '[0.577 ]')
('correct:', '[1     ]')
error:  0.08937192
('out:    ', '[0.919 ]')
('correct:', '[1     ]')
error:  0.00330962
('out:    ', '[0.808 ]')
('correct:', '[0     ]')
error:  0.32609207
('out:    ', '[0.348 ]')
('correct:', '[0     ]')
error:  0.06043852
('out:    ', '[0.898 ]')
('correct:', '[1     ]')
error:  0.00515241
('out:    ', '[0.588 ]')
('correct:', '[0     ]')
error:  0.17281516
('out:    ', '[0.737 ]')
('correct:', '[0     ]')
error:  0.27164564
('out:    ', '[0.619 ]')
('correct:', '[1     ]')
error:  0.07264985
('out:    ', '[0.756 ]')
('correct:', '[0     ]')
error:  0.28590508
('out:    ', '[0.987 ]')
('correct:', '[0     ]')
error:  0.48660610
('out:    ', '[0.653 ]')
('correct:', '[0     ]')
error:  0.21330667
('out:    ', '[0.986 ]')
('correct:', '[0     ]')
error:  0.48602386
('out:    ', '[0.712 ]')
('correct:', '[1     ]')
error:  0.04160740
('out:    ', '[0.592 ]')
('correct:', '[0     ]')
error:  0.17527273
('out:    ', '[0.633 ]')
('correct:', '[1     ]')
error:  0.06748514
('out:    ', '[0.544 ]')
('correct:', '[0     ]')
error:  0.14774457
('out:    ', '[0.776 ]')
('correct:', '[1     ]')
error:  0.02502572
('out:    ', '[0.928 ]')
('correct:', '[0     ]')
error:  0.43065371
('out:    ', '[0.952 ]')
('correct:', '[1     ]')
error:  0.00117504
('out:    ', '[0.808 ]')
('correct:', '[1     ]')
error:  0.01838111
('out:    ', '[0.991 ]')
('correct:', '[1     ]')
error:  0.00003944
('out:    ', '[0.789 ]')
('correct:', '[0     ]')
error:  0.31161486
('out:    ', '[0.734 ]')
('correct:', '[1     ]')
error:  0.03545821
('out:    ', '[0.219 ]')
('correct:', '[0     ]')
error:  0.02395127
('out:    ', '[0.909 ]')
('correct:', '[1     ]')
error:  0.00412190
('out:    ', '[0.979 ]')
('correct:', '[1     ]')
error:  0.00022471
('out:    ', '[0.945 ]')
('correct:', '[0     ]')
error:  0.44645504
('out:    ', '[0.427 ]')
('correct:', '[0     ]')
error:  0.09103370
('out:    ', '[0.626 ]')
('correct:', '[0     ]')
error:  0.19582835
('out:    ', '[0.984 ]')
('correct:', '[1     ]')
error:  0.00013006
('out:    ', '[0.628 ]')
('correct:', '[1     ]')
error:  0.06908310
('out:    ', '[0.537 ]')
('correct:', '[0     ]')
error:  0.14392802
('out:    ', '[0.398 ]')
('correct:', '[1     ]')
error:  0.18147474
('out:    ', '[0.748 ]')
('correct:', '[1     ]')
error:  0.03167097
('out:    ', '[0.806 ]')
('correct:', '[0     ]')
error:  0.32492464
('out:    ', '[0.919 ]')
('correct:', '[0     ]')
error:  0.42269283
('out:    ', '[0.8   ]')
('correct:', '[1     ]')
error:  0.01997894
('out:    ', '[0.659 ]')
('correct:', '[0     ]')
error:  0.21698231
('out:    ', '[0.636 ]')
('correct:', '[1     ]')
error:  0.06617396
('out:    ', '[0.611 ]')
('correct:', '[0     ]')
error:  0.18673037
('out:    ', '[0.31  ]')
('correct:', '[0     ]')
error:  0.04803582
('out:    ', '[0.94  ]')
('correct:', '[1     ]')
error:  0.00180362
('out:    ', '[0.839 ]')
('correct:', '[0     ]')
error:  0.35160471
('out:    ', '[0.944 ]')
('correct:', '[1     ]')
error:  0.00157800
('out:    ', '[0.823 ]')
('correct:', '[1     ]')
error:  0.01572562
('out:    ', '[0.965 ]')
('correct:', '[1     ]')
error:  0.00060595
('out:    ', '[0.806 ]')
('correct:', '[1     ]')
error:  0.01889804
('out:    ', '[0.631 ]')
('correct:', '[1     ]')
error:  0.06806561
('out:    ', '[0.812 ]')
('correct:', '[0     ]')
error:  0.32943093
('out:    ', '[0.618 ]')
('correct:', '[1     ]')
error:  0.07315252
('out:    ', '[0.909 ]')
('correct:', '[1     ]')
error:  0.00415100
('out:    ', '[0.673 ]')
('correct:', '[1     ]')
error:  0.05342199
('out:    ', '[0.849 ]')
('correct:', '[1     ]')
error:  0.01141147
('out:    ', '[0.998 ]')
('correct:', '[1     ]')
error:  0.00000297
('out:    ', '[0.852 ]')
('correct:', '[1     ]')
error:  0.01094719
('out:    ', '[0.936 ]')
('correct:', '[1     ]')
error:  0.00202804
('out:    ', '[0.665 ]')
('correct:', '[1     ]')
error:  0.05599213
('out:    ', '[0.536 ]')
('correct:', '[0     ]')
error:  0.14387137
('out:    ', '[0.841 ]')
('correct:', '[1     ]')
error:  0.01263940
('out:    ', '[0.859 ]')
('correct:', '[1     ]')
error:  0.00998689
('out:    ', '[0.856 ]')
('correct:', '[1     ]')
error:  0.01038721
('out:    ', '[0.681 ]')
('correct:', '[1     ]')
error:  0.05098048
('out:    ', '[0.797 ]')
('correct:', '[0     ]')
error:  0.31787258
('out:    ', '[0.872 ]')
('correct:', '[0     ]')
error:  0.38009160
('out:    ', '[0.952 ]')
('correct:', '[1     ]')
error:  0.00115398
('out:    ', '[0.641 ]')
('correct:', '[1     ]')
error:  0.06452236
('out:    ', '[0.7   ]')
('correct:', '[1     ]')
error:  0.04505941
('out:    ', '[0.244 ]')
('correct:', '[0     ]')
error:  0.02980938
('out:    ', '[0.868 ]')
('correct:', '[1     ]')
error:  0.00867665
('out:    ', '[0.567 ]')
('correct:', '[1     ]')
error:  0.09376015
('out:    ', '[0.859 ]')
('correct:', '[1     ]')
error:  0.00987528
('out:    ', '[0.902 ]')
('correct:', '[1     ]')
error:  0.00477445
('out:    ', '[0.609 ]')
('correct:', '[1     ]')
error:  0.07646445
('out:    ', '[0.578 ]')
('correct:', '[0     ]')
error:  0.16721854
('out:    ', '[0.504 ]')
('correct:', '[0     ]')
error:  0.12681286
('out:    ', '[0.944 ]')
('correct:', '[1     ]')
error:  0.00154985
('out:    ', '[0.49  ]')
('correct:', '[0     ]')
error:  0.12019357
('out:    ', '[0.775 ]')
('correct:', '[1     ]')
error:  0.02538447
('out:    ', '[0.801 ]')
('correct:', '[0     ]')
error:  0.32092133
('out:    ', '[0.948 ]')
('correct:', '[1     ]')
error:  0.00137265
('out:    ', '[0.886 ]')
('correct:', '[1     ]')
error:  0.00644225
('out:    ', '[0.66  ]')
('correct:', '[0     ]')
error:  0.21799756
('out:    ', '[0.815 ]')
('correct:', '[1     ]')
error:  0.01718325
('out:    ', '[0.629 ]')
('correct:', '[1     ]')
error:  0.06888038
('out:    ', '[0.556 ]')
('correct:', '[1     ]')
error:  0.09877114
('out:    ', '[0.777 ]')
('correct:', '[1     ]')
error:  0.02486927
('out:    ', '[0.799 ]')
('correct:', '[1     ]')
error:  0.02024796
('out:    ', '[0.841 ]')
('correct:', '[1     ]')
error:  0.01270592
('out:    ', '[0.925 ]')
('correct:', '[1     ]')
error:  0.00283949
('out:    ', '[0.664 ]')
('correct:', '[1     ]')
error:  0.05631720
('out:    ', '[0.897 ]')
('correct:', '[1     ]')
error:  0.00526508
('out:    ', '[0.56  ]')
('correct:', '[1     ]')
error:  0.09665354
('out:    ', '[0.714 ]')
('correct:', '[0     ]')
error:  0.25481979
('out:    ', '[0.552 ]')
('correct:', '[1     ]')
error:  0.10039186
('out:    ', '[0.747 ]')
('correct:', '[1     ]')
error:  0.03206460
('out:    ', '[0.606 ]')
('correct:', '[0     ]')
error:  0.18347677
('out:    ', '[0.793 ]')
('correct:', '[1     ]')
error:  0.02148853
('out:    ', '[0.785 ]')
('correct:', '[0     ]')
error:  0.30850231
('out:    ', '[0.816 ]')
('correct:', '[1     ]')
error:  0.01684952
('out:    ', '[0.886 ]')
('correct:', '[1     ]')
error:  0.00645128
('out:    ', '[0.839 ]')
('correct:', '[1     ]')
error:  0.01302333
('out:    ', '[0.454 ]')
('correct:', '[0     ]')
error:  0.10322048
('out:    ', '[0.823 ]')
('correct:', '[0     ]')
error:  0.33899183
('out:    ', '[0.743 ]')
('correct:', '[0     ]')
error:  0.27607374
('out:    ', '[0.986 ]')
('correct:', '[0     ]')
error:  0.48652579
('out:    ', '[0.941 ]')
('correct:', '[1     ]')
error:  0.00176056
('out:    ', '[0.647 ]')
('correct:', '[0     ]')
error:  0.20907769
('out:    ', '[0.944 ]')
('correct:', '[1     ]')
error:  0.00155055
('out:    ', '[0.739 ]')
('correct:', '[1     ]')
error:  0.03396385
('out:    ', '[0.694 ]')
('correct:', '[0     ]')
error:  0.24097890
('out:    ', '[0.42  ]')
('correct:', '[1     ]')
error:  0.16797980
('out:    ', '[0.391 ]')
('correct:', '[0     ]')
error:  0.07663350
('out:    ', '[0.724 ]')
('correct:', '[1     ]')
error:  0.03803019
('out:    ', '[0.66  ]')
('correct:', '[0     ]')
error:  0.21810872
('out:    ', '[0.713 ]')
('correct:', '[0     ]')
error:  0.25416450
('out:    ', '[0.845 ]')
('correct:', '[1     ]')
error:  0.01200560
('out:    ', '[0.638 ]')
('correct:', '[1     ]')
error:  0.06540775
('out:    ', '[0.888 ]')
('correct:', '[0     ]')
error:  0.39453629
('out:    ', '[0.763 ]')
('correct:', '[0     ]')
error:  0.29102574
('out:    ', '[0.74  ]')
('correct:', '[0     ]')
error:  0.27384797
('out:    ', '[0.809 ]')
('correct:', '[1     ]')
error:  0.01822519
('out:    ', '[0.74  ]')
('correct:', '[0     ]')
error:  0.27406891
('out:    ', '[0.916 ]')
('correct:', '[1     ]')
error:  0.00352753
('out:    ', '[0.952 ]')
('correct:', '[1     ]')
error:  0.00114994
('out:    ', '[0.93  ]')
('correct:', '[1     ]')
error:  0.00247628
('out:    ', '[0.842 ]')
('correct:', '[1     ]')
error:  0.01252870
('out:    ', '[0.469 ]')
('correct:', '[0     ]')
error:  0.10995306
('out:    ', '[0.9   ]')
('correct:', '[1     ]')
error:  0.00500983
('out:    ', '[0.815 ]')
('correct:', '[0     ]')
error:  0.33244447
('out:    ', '[0.667 ]')
('correct:', '[1     ]')
error:  0.05528556
('out:    ', '[0.986 ]')
('correct:', '[1     ]')
error:  0.00010506
('out:    ', '[0.832 ]')
('correct:', '[1     ]')
error:  0.01403463
('out:    ', '[0.922 ]')
('correct:', '[1     ]')
error:  0.00303201
('out:    ', '[0.631 ]')
('correct:', '[1     ]')
error:  0.06815602
('out:    ', '[0.865 ]')
('correct:', '[1     ]')
error:  0.00911964
('out:    ', '[0.4   ]')
('correct:', '[0     ]')
error:  0.08014714
('out:    ', '[0.615 ]')
('correct:', '[1     ]')
error:  0.07422625
('out:    ', '[0.806 ]')
('correct:', '[0     ]')
error:  0.32500270
('out:    ', '[0.89  ]')
('correct:', '[1     ]')
error:  0.00608620
('out:    ', '[0.473 ]')
('correct:', '[0     ]')
error:  0.11181936
('out:    ', '[0.774 ]')
('correct:', '[1     ]')
error:  0.02545696
('out:    ', '[0.811 ]')
('correct:', '[1     ]')
error:  0.01785901
('out:    ', '[0.779 ]')
('correct:', '[0     ]')
error:  0.30375059
('out:    ', '[0.515 ]')
('correct:', '[1     ]')
error:  0.11772768
('out:    ', '[0.73  ]')
('correct:', '[1     ]')
error:  0.03643982
('out:    ', '[0.541 ]')
('correct:', '[0     ]')
error:  0.14635619
('out:    ', '[0.888 ]')
('correct:', '[0     ]')
error:  0.39450431
('out:    ', '[0.771 ]')
('correct:', '[1     ]')
error:  0.02620458
('out:    ', '[0.883 ]')
('correct:', '[1     ]')
error:  0.00683584
('out:    ', '[0.685 ]')
('correct:', '[0     ]')
error:  0.23471736
('out:    ', '[0.763 ]')
('correct:', '[0     ]')
error:  0.29098681
('out:    ', '[0.947 ]')
('correct:', '[0     ]')
error:  0.44854239
('out:    ', '[0.957 ]')
('correct:', '[1     ]')
error:  0.00091432
('out:    ', '[0.799 ]')
('correct:', '[0     ]')
error:  0.31939832
('out:    ', '[0.946 ]')
('correct:', '[1     ]')
error:  0.00147348
('out:    ', '[0.649 ]')
('correct:', '[1     ]')
error:  0.06144852
('out:    ', '[0.657 ]')
('correct:', '[1     ]')
error:  0.05884607
('out:    ', '[0.667 ]')
('correct:', '[0     ]')
error:  0.22239293
('out:    ', '[0.898 ]')
('correct:', '[1     ]')
error:  0.00521938
('out:    ', '[0.872 ]')
('correct:', '[1     ]')
error:  0.00823726
('out:    ', '[0.729 ]')
('correct:', '[1     ]')
error:  0.03670975
('out:    ', '[0.866 ]')
('correct:', '[1     ]')
error:  0.00897389
('out:    ', '[0.703 ]')
('correct:', '[1     ]')
error:  0.04422432
('out:    ', '[0.289 ]')
('correct:', '[1     ]')
error:  0.25289897
('out:    ', '[0.685 ]')
('correct:', '[1     ]')
error:  0.04973433
('out:    ', '[0.751 ]')
('correct:', '[1     ]')
error:  0.03093056
('out:    ', '[0.842 ]')
('correct:', '[1     ]')
error:  0.01254142
('out:    ', '[0.752 ]')
('correct:', '[0     ]')
error:  0.28257599
('out:    ', '[0.947 ]')
('correct:', '[1     ]')
error:  0.00141174
('out:    ', '[0.797 ]')
('correct:', '[0     ]')
error:  0.31720760
('out:    ', '[0.899 ]')
('correct:', '[1     ]')
error:  0.00513137
('out:    ', '[0.993 ]')
('correct:', '[1     ]')
error:  0.00002547
('out:    ', '[0.762 ]')
('correct:', '[0     ]')
error:  0.29060972
('out:    ', '[0.892 ]')
('correct:', '[1     ]')
error:  0.00584592
('out:    ', '[0.323 ]')
('correct:', '[0     ]')
error:  0.05212252
('out:    ', '[0.766 ]')
('correct:', '[1     ]')
error:  0.02727971
('out:    ', '[0.571 ]')
('correct:', '[0     ]')
error:  0.16309020
('out:    ', '[0.78  ]')
('correct:', '[0     ]')
error:  0.30446876
('out:    ', '[0.446 ]')
('correct:', '[1     ]')
error:  0.15351033
('out:    ', '[0.855 ]')
('correct:', '[1     ]')
error:  0.01049740
('out:    ', '[0.778 ]')
('correct:', '[0     ]')
error:  0.30287055
('out:    ', '[0.985 ]')
('correct:', '[1     ]')
error:  0.00011701
('out:    ', '[0.764 ]')
('correct:', '[1     ]')
error:  0.02775333
('out:    ', '[0.596 ]')
('correct:', '[0     ]')
error:  0.17783864
('out:    ', '[0.934 ]')
('correct:', '[0     ]')
error:  0.43641008
('out:    ', '[0.697 ]')
('correct:', '[0     ]')
error:  0.24270640
('out:    ', '[0.996 ]')
('correct:', '[0     ]')
error:  0.49566745
('out:    ', '[0.904 ]')
('correct:', '[1     ]')
error:  0.00459000
('out:    ', '[0.772 ]')
('correct:', '[1     ]')
error:  0.02608637
('out:    ', '[0.946 ]')
('correct:', '[1     ]')
error:  0.00145573
('out:    ', '[0.702 ]')
('correct:', '[0     ]')
error:  0.24655321
('out:    ', '[0.917 ]')
('correct:', '[1     ]')
error:  0.00346326
('out:    ', '[0.383 ]')
('correct:', '[0     ]')
error:  0.07330516
('out:    ', '[0.951 ]')
('correct:', '[1     ]')
error:  0.00118792
('out:    ', '[0.935 ]')
('correct:', '[1     ]')
error:  0.00209624
('out:    ', '[0.958 ]')
('correct:', '[1     ]')
error:  0.00086329
('out:    ', '[0.795 ]')
('correct:', '[1     ]')
error:  0.02097976
('out:    ', '[0.586 ]')
('correct:', '[1     ]')
error:  0.08587894
('out:    ', '[0.567 ]')
('correct:', '[1     ]')
error:  0.09387540
('out:    ', '[0.81  ]')
('correct:', '[0     ]')
error:  0.32842846
('out:    ', '[0.67  ]')
('correct:', '[1     ]')
error:  0.05450933
('out:    ', '[0.746 ]')
('correct:', '[1     ]')
error:  0.03232205
('out:    ', '[0.349 ]')
('correct:', '[0     ]')
error:  0.06075639
('out:    ', '[0.595 ]')
('correct:', '[1     ]')
error:  0.08220716
('out:    ', '[0.832 ]')
('correct:', '[0     ]')
error:  0.34594514
('out:    ', '[0.671 ]')
('correct:', '[1     ]')
error:  0.05403652
('out:    ', '[0.544 ]')
('correct:', '[0     ]')
error:  0.14809922
('out:    ', '[0.81  ]')
('correct:', '[0     ]')
error:  0.32825765
('out:    ', '[0.469 ]')
('correct:', '[0     ]')
error:  0.11000992
('out:    ', '[0.878 ]')
('correct:', '[1     ]')
error:  0.00747866
('out:    ', '[0.756 ]')
('correct:', '[1     ]')
error:  0.02971468
('out:    ', '[0.68  ]')
('correct:', '[1     ]')
error:  0.05130988
('out:    ', '[0.889 ]')
('correct:', '[1     ]')
error:  0.00612016
('out:    ', '[0.718 ]')
('correct:', '[0     ]')
error:  0.25794140
('out:    ', '[0.918 ]')
('correct:', '[1     ]')
error:  0.00335377
('out:    ', '[0.62  ]')
('correct:', '[0     ]')
error:  0.19198168
('out:    ', '[0.63  ]')
('correct:', '[1     ]')
error:  0.06840229
('out:    ', '[0.952 ]')
('correct:', '[1     ]')
error:  0.00114746
('out:    ', '[0.562 ]')
('correct:', '[0     ]')
error:  0.15766069
('out:    ', '[0.778 ]')
('correct:', '[0     ]')
error:  0.30277020
('out:    ', '[0.873 ]')
('correct:', '[1     ]')
error:  0.00802408
('out:    ', '[0.945 ]')
('correct:', '[1     ]')
error:  0.00153861
('out:    ', '[0.884 ]')
('correct:', '[1     ]')
error:  0.00672363
('out:    ', '[0.817 ]')
('correct:', '[1     ]')
error:  0.01674223
('out:    ', '[0.993 ]')
('correct:', '[1     ]')
error:  0.00002282
('out:    ', '[0.777 ]')
('correct:', '[1     ]')
error:  0.02475790
('out:    ', '[0.581 ]')
('correct:', '[0     ]')
error:  0.16886358
('out:    ', '[0.901 ]')
('correct:', '[1     ]')
error:  0.00494752
('out:    ', '[0.858 ]')
('correct:', '[1     ]')
error:  0.01006894
('out:    ', '[0.254 ]')
('correct:', '[0     ]')
error:  0.03222097
('out:    ', '[0.754 ]')
('correct:', '[0     ]')
error:  0.28425576
('out:    ', '[0.744 ]')
('correct:', '[1     ]')
error:  0.03276950
('out:    ', '[0.615 ]')
('correct:', '[0     ]')
error:  0.18939069
('out:    ', '[0.905 ]')
('correct:', '[0     ]')
error:  0.40937285
('out:    ', '[0.803 ]')
('correct:', '[1     ]')
error:  0.01934550
('out:    ', '[0.726 ]')
('correct:', '[0     ]')
error:  0.26330826
('out:    ', '[0.895 ]')
('correct:', '[0     ]')
error:  0.40064699
('out:    ', '[0.977 ]')
('correct:', '[0     ]')
error:  0.47737316
('out:    ', '[0.991 ]')
('correct:', '[0     ]')
error:  0.49108615
('out:    ', '[0.828 ]')
('correct:', '[1     ]')
error:  0.01483564
('out:    ', '[0.779 ]')
('correct:', '[1     ]')
error:  0.02432502
('out:    ', '[0.743 ]')
('correct:', '[1     ]')
error:  0.03298103
('out:    ', '[0.624 ]')
('correct:', '[0     ]')
error:  0.19488664
('out:    ', '[0.585 ]')
('correct:', '[0     ]')
error:  0.17093509
('out:    ', '[0.692 ]')
('correct:', '[1     ]')
error:  0.04749907
('out:    ', '[0.847 ]')
('correct:', '[0     ]')
error:  0.35896088
('out:    ', '[0.945 ]')
('correct:', '[0     ]')
error:  0.44626975
('out:    ', '[0.739 ]')
('correct:', '[1     ]')
error:  0.03412708
('out:    ', '[0.692 ]')
('correct:', '[1     ]')
error:  0.04756679
('out:    ', '[0.536 ]')
('correct:', '[1     ]')
error:  0.10752129
('out:    ', '[0.562 ]')
('correct:', '[0     ]')
error:  0.15807203
('out:    ', '[0.744 ]')
('correct:', '[1     ]')
error:  0.03280131
('out:    ', '[0.996 ]')
('correct:', '[1     ]')
error:  0.00000745
('out:    ', '[0.914 ]')
('correct:', '[1     ]')
error:  0.00370554
('out:    ', '[0.774 ]')
('correct:', '[1     ]')
error:  0.02547509
('out:    ', '[0.94  ]')
('correct:', '[1     ]')
error:  0.00181135
('out:    ', '[0.522 ]')
('correct:', '[1     ]')
error:  0.11420955
('out:    ', '[0.96  ]')
('correct:', '[1     ]')
error:  0.00079648
('out:    ', '[0.797 ]')
('correct:', '[1     ]')
error:  0.02067853
('out:    ', '[0.696 ]')
('correct:', '[1     ]')
error:  0.04610202
('out:    ', '[0.566 ]')
('correct:', '[0     ]')
error:  0.16003792
('out:    ', '[0.63  ]')
('correct:', '[0     ]')
error:  0.19839406
('out:    ', '[0.993 ]')
('correct:', '[1     ]')
error:  0.00002493
('out:    ', '[0.713 ]')
('correct:', '[1     ]')
error:  0.04111861
('out:    ', '[0.555 ]')
('correct:', '[0     ]')
error:  0.15426223
('out:    ', '[0.788 ]')
('correct:', '[0     ]')
error:  0.31009289
('out:    ', '[0.592 ]')
('correct:', '[0     ]')
error:  0.17518403
('out:    ', '[0.663 ]')
('correct:', '[1     ]')
error:  0.05683138
('out:    ', '[0.695 ]')
('correct:', '[0     ]')
error:  0.24128177
('out:    ', '[0.857 ]')
('correct:', '[0     ]')
error:  0.36689606
('out:    ', '[0.978 ]')
('correct:', '[1     ]')
error:  0.00023170
('out:    ', '[0.973 ]')
('correct:', '[0     ]')
error:  0.47330678
('out:    ', '[0.944 ]')
('correct:', '[1     ]')
error:  0.00155250
('out:    ', '[0.932 ]')
('correct:', '[1     ]')
error:  0.00231731
('out:    ', '[0.857 ]')
('correct:', '[1     ]')
error:  0.01024479
('out:    ', '[0.879 ]')
('correct:', '[1     ]')
error:  0.00729582
('out:    ', '[0.197 ]')
('correct:', '[0     ]')
error:  0.01936219
('out:    ', '[0.84  ]')
('correct:', '[1     ]')
error:  0.01272910
('out:    ', '[0.533 ]')
('correct:', '[0     ]')
error:  0.14179679
('out:    ', '[0.595 ]')
('correct:', '[1     ]')
error:  0.08181279
('out:    ', '[0.988 ]')
('correct:', '[0     ]')
error:  0.48846398
('out:    ', '[0.625 ]')
('correct:', '[0     ]')
error:  0.19502403
('out:    ', '[0.642 ]')
('correct:', '[0     ]')
error:  0.20583944
('out:    ', '[0.544 ]')
('correct:', '[0     ]')
error:  0.14795337
('out:    ', '[0.94  ]')
('correct:', '[0     ]')
error:  0.44195457
('out:    ', '[0.682 ]')
('correct:', '[1     ]')
error:  0.05068708
('out:    ', '[0.941 ]')
('correct:', '[1     ]')
error:  0.00172828
('out:    ', '[0.776 ]')
('correct:', '[1     ]')
error:  0.02505794
('out:    ', '[0.766 ]')
('correct:', '[1     ]')
error:  0.02743275
('out:    ', '[0.822 ]')
('correct:', '[1     ]')
error:  0.01580000
('out:    ', '[0.681 ]')
('correct:', '[1     ]')
error:  0.05103471
('out:    ', '[0.945 ]')
('correct:', '[1     ]')
error:  0.00149882
('out:    ', '[0.571 ]')
('correct:', '[0     ]')
error:  0.16280570
('out:    ', '[0.874 ]')
('correct:', '[1     ]')
error:  0.00789944
('out:    ', '[0.71  ]')
('correct:', '[1     ]')
error:  0.04194118
('out:    ', '[0.841 ]')
('correct:', '[1     ]')
error:  0.01261630
('out:    ', '[0.137 ]')
('correct:', '[0     ]')
error:  0.00942461
('out:    ', '[0.756 ]')
('correct:', '[0     ]')
error:  0.28610537
('out:    ', '[0.819 ]')
('correct:', '[1     ]')
error:  0.01632709
('out:    ', '[0.883 ]')
('correct:', '[0     ]')
error:  0.38999438
('out:    ', '[0.991 ]')
('correct:', '[0     ]')
error:  0.49110328
('out:    ', '[0.846 ]')
('correct:', '[1     ]')
error:  0.01193473
('out:    ', '[0.679 ]')
('correct:', '[0     ]')
error:  0.23052171
('out:    ', '[0.789 ]')
('correct:', '[0     ]')
error:  0.31107977
('out:    ', '[0.819 ]')
('correct:', '[1     ]')
error:  0.01637826
('out:    ', '[0.377 ]')
('correct:', '[1     ]')
error:  0.19422820
('out:    ', '[0.505 ]')
('correct:', '[0     ]')
error:  0.12773463
('out:    ', '[0.978 ]')
('correct:', '[1     ]')
error:  0.00023423
('out:    ', '[0.93  ]')
('correct:', '[1     ]')
error:  0.00243924
('out:    ', '[0.547 ]')
('correct:', '[0     ]')
error:  0.14940818
('out:    ', '[0.529 ]')
('correct:', '[0     ]')
error:  0.14000198
('out:    ', '[0.879 ]')
('correct:', '[1     ]')
error:  0.00728547
('out:    ', '[0.95  ]')
('correct:', '[1     ]')
error:  0.00122750
('out:    ', '[0.839 ]')
('correct:', '[0     ]')
error:  0.35208656
('out:    ', '[0.699 ]')
('correct:', '[0     ]')
error:  0.24463988
('out:    ', '[0.896 ]')
('correct:', '[1     ]')
error:  0.00540429
('out:    ', '[0.938 ]')
('correct:', '[1     ]')
error:  0.00190445
('out:    ', '[0.613 ]')
('correct:', '[1     ]')
error:  0.07479686
('out:    ', '[0.641 ]')
('correct:', '[0     ]')
error:  0.20550696
('out:    ', '[0.443 ]')
('correct:', '[0     ]')
error:  0.09820317
('out:    ', '[0.84  ]')
('correct:', '[1     ]')
error:  0.01282718
('out:    ', '[0.609 ]')
('correct:', '[1     ]')
error:  0.07651952
('out:    ', '[0.885 ]')
('correct:', '[1     ]')
error:  0.00657252
('out:    ', '[0.431 ]')
('correct:', '[0     ]')
error:  0.09279932
('out:    ', '[0.547 ]')
('correct:', '[0     ]')
error:  0.14957664
('out:    ', '[0.434 ]')
('correct:', '[0     ]')
error:  0.09412122
('out:    ', '[0.745 ]')
('correct:', '[0     ]')
error:  0.27746024
('out:    ', '[0.763 ]')
('correct:', '[0     ]')
error:  0.29097169
('out:    ', '[0.721 ]')
('correct:', '[0     ]')
error:  0.25986447
('out:    ', '[0.439 ]')
('correct:', '[1     ]')
error:  0.15738130
('out:    ', '[0.923 ]')
('correct:', '[0     ]')
error:  0.42565547
('out:    ', '[0.693 ]')
('correct:', '[0     ]')
error:  0.23997126
('out:    ', '[0.753 ]')
('correct:', '[1     ]')
error:  0.03058680
('out:    ', '[0.663 ]')
('correct:', '[1     ]')
error:  0.05661663
('out:    ', '[0.839 ]')
('correct:', '[0     ]')
error:  0.35193251
('out:    ', '[0.549 ]')
('correct:', '[0     ]')
error:  0.15059347
('out:    ', '[0.609 ]')
('correct:', '[0     ]')
error:  0.18568348
('out:    ', '[0.787 ]')
('correct:', '[0     ]')
error:  0.30983477
('out:    ', '[0.631 ]')
('correct:', '[0     ]')
error:  0.19920518
('out:    ', '[0.792 ]')
('correct:', '[0     ]')
error:  0.31382090
('out:    ', '[0.9   ]')
('correct:', '[1     ]')
error:  0.00495166
('out:    ', '[0.826 ]')
('correct:', '[1     ]')
error:  0.01511160
('out:    ', '[0.868 ]')
('correct:', '[1     ]')
error:  0.00872897
('out:    ', '[0.811 ]')
('correct:', '[0     ]')
error:  0.32904469
('out:    ', '[0.704 ]')
('correct:', '[0     ]')
error:  0.24761645
('out:    ', '[0.698 ]')
('correct:', '[1     ]')
error:  0.04560511
('out:    ', '[0.821 ]')
('correct:', '[1     ]')
error:  0.01599871
('out:    ', '[0.821 ]')
('correct:', '[0     ]')
error:  0.33682724
('out:    ', '[0.759 ]')
('correct:', '[0     ]')
error:  0.28789689
('out:    ', '[0.871 ]')
('correct:', '[0     ]')
error:  0.37956711
('out:    ', '[0.82  ]')
('correct:', '[1     ]')
error:  0.01618940
('out:    ', '[0.838 ]')
('correct:', '[0     ]')
error:  0.35142434
('out:    ', '[0.944 ]')
('correct:', '[0     ]')
error:  0.44547447
('out:    ', '[0.84  ]')
('correct:', '[0     ]')
error:  0.35319099
('out:    ', '[0.996 ]')
('correct:', '[0     ]')
error:  0.49604816
('out:    ', '[0.729 ]')
('correct:', '[0     ]')
error:  0.26586497
('out:    ', '[0.876 ]')
('correct:', '[0     ]')
error:  0.38382832
('out:    ', '[0.617 ]')
('correct:', '[1     ]')
error:  0.07324016
('out:    ', '[0.734 ]')
('correct:', '[1     ]')
error:  0.03538049
('out:    ', '[0.996 ]')
('correct:', '[0     ]')
error:  0.49571660
('out:    ', '[0.961 ]')
('correct:', '[1     ]')
error:  0.00076032
('out:    ', '[0.701 ]')
('correct:', '[1     ]')
error:  0.04480009
('out:    ', '[0.615 ]')
('correct:', '[0     ]')
error:  0.18905870
('out:    ', '[0.867 ]')
('correct:', '[1     ]')
error:  0.00879671
('out:    ', '[0.801 ]')
('correct:', '[0     ]')
error:  0.32046622
('out:    ', '[0.673 ]')
('correct:', '[1     ]')
error:  0.05338590
('out:    ', '[0.71  ]')
('correct:', '[1     ]')
error:  0.04214346
('out:    ', '[0.841 ]')
('correct:', '[1     ]')
error:  0.01257412
('out:    ', '[0.737 ]')
('correct:', '[1     ]')
error:  0.03449068
('out:    ', '[0.619 ]')
('correct:', '[1     ]')
error:  0.07253097
('out:    ', '[0.763 ]')
('correct:', '[0     ]')
error:  0.29073234
('out:    ', '[0.194 ]')
('correct:', '[0     ]')
error:  0.01881169
('out:    ', '[0.917 ]')
('correct:', '[0     ]')
error:  0.42082429
('out:    ', '[0.938 ]')
('correct:', '[1     ]')
error:  0.00191613
('out:    ', '[0.946 ]')
('correct:', '[1     ]')
error:  0.00147480
('out:    ', '[0.874 ]')
('correct:', '[1     ]')
error:  0.00792182
('out:    ', '[0.964 ]')
('correct:', '[0     ]')
error:  0.46457589
('out:    ', '[0.87  ]')
('correct:', '[1     ]')
error:  0.00844522
('out:    ', '[0.791 ]')
('correct:', '[1     ]')
error:  0.02193502
('out:    ', '[0.899 ]')
('correct:', '[1     ]')
error:  0.00513039
('out:    ', '[0.887 ]')
('correct:', '[0     ]')
error:  0.39314665
('out:    ', '[0.812 ]')
('correct:', '[0     ]')
error:  0.32954635
('out:    ', '[0.91  ]')
('correct:', '[1     ]')
error:  0.00404340
('out:    ', '[0.642 ]')
('correct:', '[0     ]')
error:  0.20616651
('out:    ', '[0.8   ]')
('correct:', '[1     ]')
error:  0.01999133
('out:    ', '[0.808 ]')
('correct:', '[1     ]')
error:  0.01848113
('out:    ', '[0.895 ]')
('correct:', '[1     ]')
error:  0.00552223
('out:    ', '[0.941 ]')
('correct:', '[1     ]')
error:  0.00175020
('out:    ', '[0.866 ]')
('correct:', '[1     ]')
error:  0.00897608
('out:    ', '[0.961 ]')
('correct:', '[1     ]')
error:  0.00077960
('out:    ', '[0.649 ]')
('correct:', '[0     ]')
error:  0.21059528
('out:    ', '[0.838 ]')
('correct:', '[1     ]')
error:  0.01313329
('out:    ', '[0.684 ]')
('correct:', '[0     ]')
error:  0.23373576
('out:    ', '[0.996 ]')
('correct:', '[1     ]')
error:  0.00000647
('out:    ', '[0.775 ]')
('correct:', '[0     ]')
error:  0.30055465
('out:    ', '[0.807 ]')
('correct:', '[0     ]')
error:  0.32540440
('out:    ', '[0.716 ]')
('correct:', '[0     ]')
error:  0.25616995
('out:    ', '[0.753 ]')
('correct:', '[1     ]')
error:  0.03046681
('out:    ', '[0.997 ]')
('correct:', '[1     ]')
error:  0.00000555
('out:    ', '[0.609 ]')
('correct:', '[0     ]')
error:  0.18531222
('out:    ', '[0.79  ]')
('correct:', '[0     ]')
error:  0.31241497
('out:    ', '[0.609 ]')
('correct:', '[0     ]')
error:  0.18549667
('out:    ', '[0.841 ]')
('correct:', '[1     ]')
error:  0.01268241
('out:    ', '[0.927 ]')
('correct:', '[1     ]')
error:  0.00267713
('out:    ', '[0.636 ]')
('correct:', '[0     ]')
error:  0.20208010
('out:    ', '[0.822 ]')
('correct:', '[1     ]')
error:  0.01586749
('out:    ', '[0.727 ]')
('correct:', '[1     ]')
error:  0.03724650
('out:    ', '[0.909 ]')
('correct:', '[1     ]')
error:  0.00412686
('out:    ', '[0.799 ]')
('correct:', '[1     ]')
error:  0.02025747
('out:    ', '[0.963 ]')
('correct:', '[1     ]')
error:  0.00068539
('out:    ', '[0.554 ]')
('correct:', '[0     ]')
error:  0.15372955
('out:    ', '[0.432 ]')
('correct:', '[1     ]')
error:  0.16133891
('out:    ', '[0.664 ]')
('correct:', '[0     ]')
error:  0.22025548
('out:    ', '[0.782 ]')
('correct:', '[0     ]')
error:  0.30576398
('out:    ', '[0.714 ]')
('correct:', '[0     ]')
error:  0.25457460
('out:    ', '[0.86  ]')
('correct:', '[1     ]')
error:  0.00982037
('out:    ', '[0.9   ]')
('correct:', '[1     ]')
error:  0.00497352
('out:    ', '[0.92  ]')
('correct:', '[0     ]')
error:  0.42277765
('out:    ', '[0.833 ]')
('correct:', '[1     ]')
error:  0.01398390
('out:    ', '[0.495 ]')
('correct:', '[1     ]')
error:  0.12766521
('out:    ', '[0.431 ]')
('correct:', '[0     ]')
error:  0.09274976
('out:    ', '[0.992 ]')
('correct:', '[0     ]')
error:  0.49163320
('out:    ', '[0.771 ]')
('correct:', '[0     ]')
error:  0.29689096
('out:    ', '[0.897 ]')
('correct:', '[0     ]')
error:  0.40259287
('out:    ', '[0.806 ]')
('correct:', '[1     ]')
error:  0.01887999
('out:    ', '[0.896 ]')
('correct:', '[0     ]')
error:  0.40185238
('out:    ', '[0.725 ]')
('correct:', '[0     ]')
error:  0.26298134
('out:    ', '[0.899 ]')
('correct:', '[1     ]')
error:  0.00509797
('out:    ', '[0.909 ]')
('correct:', '[0     ]')
error:  0.41272146
('out:    ', '[0.726 ]')
('correct:', '[1     ]')
error:  0.03742177
('out:    ', '[0.664 ]')
('correct:', '[1     ]')
error:  0.05653779
('out:    ', '[0.442 ]')
('correct:', '[0     ]')
error:  0.09787091
('out:    ', '[0.768 ]')
('correct:', '[1     ]')
error:  0.02684146
('out:    ', '[0.296 ]')
('correct:', '[0     ]')
error:  0.04381259
('out:    ', '[0.995 ]')
('correct:', '[1     ]')
error:  0.00001083
('out:    ', '[0.398 ]')
('correct:', '[1     ]')
error:  0.18107194
('out:    ', '[0.854 ]')
('correct:', '[0     ]')
error:  0.36432380
('out:    ', '[0.725 ]')
('correct:', '[1     ]')
error:  0.03779478
('out:    ', '[0.757 ]')
('correct:', '[1     ]')
error:  0.02961538
('out:    ', '[0.696 ]')
('correct:', '[0     ]')
error:  0.24227498
('out:    ', '[0.477 ]')
('correct:', '[1     ]')
error:  0.13676466
('out:    ', '[0.727 ]')
('correct:', '[1     ]')
error:  0.03719553
('out:    ', '[0.554 ]')
('correct:', '[1     ]')
error:  0.09942167
('out:    ', '[0.779 ]')
('correct:', '[0     ]')
error:  0.30350556
('out:    ', '[0.621 ]')
('correct:', '[0     ]')
error:  0.19301055
('out:    ', '[0.915 ]')
('correct:', '[0     ]')
error:  0.41829109
('out:    ', '[0.719 ]')
('correct:', '[0     ]')
error:  0.25874964
('out:    ', '[0.838 ]')
('correct:', '[1     ]')
error:  0.01318977
('out:    ', '[0.521 ]')
('correct:', '[1     ]')
error:  0.11471594
('out:    ', '[0.733 ]')
('correct:', '[0     ]')
error:  0.26860176
('out:    ', '[0.943 ]')
('correct:', '[1     ]')
error:  0.00162173
('out:    ', '[0.988 ]')
('correct:', '[1     ]')
error:  0.00006630
('out:    ', '[0.94  ]')
('correct:', '[1     ]')
error:  0.00182600
('out:    ', '[0.985 ]')
('correct:', '[1     ]')
error:  0.00011640
('out:    ', '[0.862 ]')
('correct:', '[1     ]')
error:  0.00951650
('out:    ', '[0.645 ]')
('correct:', '[1     ]')
error:  0.06285562
('out:    ', '[0.697 ]')
('correct:', '[1     ]')
error:  0.04582911
('out:    ', '[0.714 ]')
('correct:', '[1     ]')
error:  0.04081561
('out:    ', '[0.957 ]')
('correct:', '[1     ]')
error:  0.00090391
('out:    ', '[0.465 ]')
('correct:', '[0     ]')
error:  0.10829708
('out:    ', '[0.927 ]')
('correct:', '[0     ]')
error:  0.42988630
('out:    ', '[0.995 ]')
('correct:', '[1     ]')
error:  0.00001512
('out:    ', '[0.739 ]')
('correct:', '[0     ]')
error:  0.27315983
('out:    ', '[0.656 ]')
('correct:', '[1     ]')
error:  0.05915799
('out:    ', '[0.84  ]')
('correct:', '[1     ]')
error:  0.01272792
('out:    ', '[0.505 ]')
('correct:', '[0     ]')
error:  0.12749974
('out:    ', '[0.766 ]')
('correct:', '[1     ]')
error:  0.02731004
('out:    ', '[0.836 ]')
('correct:', '[1     ]')
error:  0.01337134
('out:    ', '[0.652 ]')
('correct:', '[1     ]')
error:  0.06047674
('out:    ', '[0.717 ]')
('correct:', '[1     ]')
error:  0.04015767
('out:    ', '[0.374 ]')
('correct:', '[0     ]')
error:  0.06982013
('out:    ', '[0.461 ]')
('correct:', '[0     ]')
error:  0.10617171
('out:    ', '[0.955 ]')
('correct:', '[0     ]')
error:  0.45638915
('out:    ', '[0.899 ]')
('correct:', '[1     ]')
error:  0.00512137
('out:    ', '[0.946 ]')
('correct:', '[1     ]')
error:  0.00146203
('out:    ', '[0.21  ]')
('correct:', '[0     ]')
error:  0.02210062
('out:    ', '[0.797 ]')
('correct:', '[0     ]')
error:  0.31768692
('out:    ', '[0.752 ]')
('correct:', '[1     ]')
error:  0.03071458
('out:    ', '[0.222 ]')
('correct:', '[0     ]')
error:  0.02462834
('out:    ', '[0.924 ]')
('correct:', '[1     ]')
error:  0.00290971
('out:    ', '[0.706 ]')
('correct:', '[1     ]')
error:  0.04308165
('out:    ', '[0.949 ]')
('correct:', '[1     ]')
error:  0.00131488
('out:    ', '[0.652 ]')
('correct:', '[0     ]')
error:  0.21237205
('out:    ', '[0.666 ]')
('correct:', '[1     ]')
error:  0.05579880
('out:    ', '[0.828 ]')
('correct:', '[0     ]')
error:  0.34320175
('out:    ', '[0.736 ]')
('correct:', '[1     ]')
error:  0.03491948
('out:    ', '[0.825 ]')
('correct:', '[0     ]')
error:  0.34036943
('out:    ', '[0.675 ]')
('correct:', '[0     ]')
error:  0.22766261
('out:    ', '[0.571 ]')
('correct:', '[0     ]')
error:  0.16294114
('out:    ', '[0.887 ]')
('correct:', '[1     ]')
error:  0.00637225
('out:    ', '[0.873 ]')
('correct:', '[1     ]')
error:  0.00802116
('out:    ', '[0.87  ]')
('correct:', '[0     ]')
error:  0.37863276
('out:    ', '[0.918 ]')
('correct:', '[1     ]')
error:  0.00334555
('out:    ', '[0.946 ]')
('correct:', '[0     ]')
error:  0.44701239
('out:    ', '[0.639 ]')
('correct:', '[0     ]')
error:  0.20426633
('out:    ', '[0.548 ]')
('correct:', '[1     ]')
error:  0.10209848
('out:    ', '[0.624 ]')
('correct:', '[1     ]')
error:  0.07079875
('out:    ', '[0.777 ]')
('correct:', '[1     ]')
error:  0.02481012
('out:    ', '[0.916 ]')
('correct:', '[0     ]')
error:  0.41941014
('out:    ', '[0.872 ]')
('correct:', '[0     ]')
error:  0.37987841
('out:    ', '[0.638 ]')
('correct:', '[1     ]')
error:  0.06566613
('out:    ', '[0.605 ]')
('correct:', '[0     ]')
error:  0.18297073
('out:    ', '[0.744 ]')
('correct:', '[1     ]')
error:  0.03264542
('out:    ', '[0.237 ]')
('correct:', '[1     ]')
error:  0.29071661
('out:    ', '[0.755 ]')
('correct:', '[1     ]')
error:  0.02994365
('out:    ', '[0.648 ]')
('correct:', '[0     ]')
error:  0.21023640
('out:    ', '[0.807 ]')
('correct:', '[1     ]')
error:  0.01865836
('out:    ', '[0.435 ]')
('correct:', '[0     ]')
error:  0.09464832
('out:    ', '[0.627 ]')
('correct:', '[1     ]')
error:  0.06953146
('out:    ', '[0.978 ]')
('correct:', '[1     ]')
error:  0.00023576
('out:    ', '[0.858 ]')
('correct:', '[0     ]')
error:  0.36841111
('out:    ', '[0.619 ]')
('correct:', '[0     ]')
error:  0.19138363
('out:    ', '[0.889 ]')
('correct:', '[1     ]')
error:  0.00613396
('out:    ', '[0.945 ]')
('correct:', '[0     ]')
error:  0.44686397
('out:    ', '[0.914 ]')
('correct:', '[1     ]')
error:  0.00373949
('out:    ', '[0.793 ]')
('correct:', '[0     ]')
error:  0.31468040
('out:    ', '[0.729 ]')
('correct:', '[0     ]')
error:  0.26585400
('out:    ', '[0.509 ]')
('correct:', '[0     ]')
error:  0.12954816
('out:    ', '[0.695 ]')
('correct:', '[0     ]')
error:  0.24117979
('out:    ', '[0.955 ]')
('correct:', '[1     ]')
error:  0.00099568
('out:    ', '[0.747 ]')
('correct:', '[1     ]')
error:  0.03209511
('out:    ', '[0.747 ]')
('correct:', '[0     ]')
error:  0.27921241
('out:    ', '[0.635 ]')
('correct:', '[1     ]')
error:  0.06661145
('out:    ', '[0.937 ]')
('correct:', '[1     ]')
error:  0.00195933
('out:    ', '[0.892 ]')
('correct:', '[0     ]')
error:  0.39761233
('out:    ', '[0.635 ]')
('correct:', '[0     ]')
error:  0.20146659
('out:    ', '[0.8   ]')
('correct:', '[1     ]')
error:  0.01999072
('out:    ', '[0.656 ]')
('correct:', '[0     ]')
error:  0.21501683
('out:    ', '[0.883 ]')
('correct:', '[1     ]')
error:  0.00686899
('out:    ', '[0.733 ]')
('correct:', '[1     ]')
error:  0.03575229
('out:    ', '[0.876 ]')
('correct:', '[0     ]')
error:  0.38412218
('out:    ', '[0.913 ]')
('correct:', '[1     ]')
error:  0.00375199
('out:    ', '[0.802 ]')
('correct:', '[1     ]')
error:  0.01954339
('out:    ', '[0.947 ]')
('correct:', '[1     ]')
error:  0.00140093
('out:    ', '[0.487 ]')
('correct:', '[0     ]')
error:  0.11843004
('out:    ', '[0.694 ]')
('correct:', '[0     ]')
error:  0.24093696
('out:    ', '[0.454 ]')
('correct:', '[0     ]')
error:  0.10283729
('out:    ', '[0.275 ]')
('correct:', '[0     ]')
error:  0.03791560
('out:    ', '[0.992 ]')
('correct:', '[1     ]')
error:  0.00003408
('out:    ', '[0.653 ]')
('correct:', '[1     ]')
error:  0.06014906
('out:    ', '[0.627 ]')
('correct:', '[1     ]')
error:  0.06940230
('out:    ', '[0.914 ]')
('correct:', '[1     ]')
error:  0.00366548
('out:    ', '[0.841 ]')
('correct:', '[0     ]')
error:  0.35374059
('out:    ', '[0.831 ]')
('correct:', '[1     ]')
error:  0.01435750
('out:    ', '[0.752 ]')
('correct:', '[1     ]')
error:  0.03070796
('out:    ', '[0.929 ]')
('correct:', '[1     ]')
error:  0.00250336
('out:    ', '[0.835 ]')
('correct:', '[0     ]')
error:  0.34859991
('out:    ', '[0.798 ]')
('correct:', '[1     ]')
error:  0.02039784
('out:    ', '[0.952 ]')
('correct:', '[1     ]')
error:  0.00113387
('out:    ', '[0.86  ]')
('correct:', '[1     ]')
error:  0.00980268
('out:    ', '[0.769 ]')
('correct:', '[1     ]')
error:  0.02679570
('out:    ', '[0.633 ]')
('correct:', '[0     ]')
error:  0.20050661
('out:    ', '[0.689 ]')
('correct:', '[1     ]')
error:  0.04848925
('out:    ', '[0.429 ]')
('correct:', '[0     ]')
error:  0.09190975
('out:    ', '[0.64  ]')
('correct:', '[0     ]')
error:  0.20485955
('out:    ', '[0.866 ]')
('correct:', '[0     ]')
error:  0.37504923
('out:    ', '[0.947 ]')
('correct:', '[1     ]')
error:  0.00139776
('out:    ', '[0.86  ]')
('correct:', '[1     ]')
error:  0.00977072
('out:    ', '[0.733 ]')
('correct:', '[0     ]')
error:  0.26848608
('out:    ', '[0.627 ]')
('correct:', '[1     ]')
error:  0.06945049
('out:    ', '[0.942 ]')
('correct:', '[0     ]')
error:  0.44378531
('out:    ', '[0.618 ]')
('correct:', '[0     ]')
error:  0.19106210
('out:    ', '[0.452 ]')
('correct:', '[0     ]')
error:  0.10229971
('out:    ', '[0.841 ]')
('correct:', '[1     ]')
error:  0.01271505
('out:    ', '[0.728 ]')
('correct:', '[1     ]')
error:  0.03706805
('out:    ', '[0.8   ]')
('correct:', '[1     ]')
error:  0.02001560
('out:    ', '[0.513 ]')
('correct:', '[0     ]')
error:  0.13139161
('out:    ', '[0.581 ]')
('correct:', '[0     ]')
error:  0.16901192
('out:    ', '[0.959 ]')
('correct:', '[1     ]')
error:  0.00082497
('out:    ', '[0.2   ]')
('correct:', '[0     ]')
error:  0.01998137
('out:    ', '[0.635 ]')
('correct:', '[1     ]')
error:  0.06647187
('out:    ', '[0.625 ]')
('correct:', '[1     ]')
error:  0.07022993
('out:    ', '[0.893 ]')
('correct:', '[1     ]')
error:  0.00568417
('out:    ', '[0.824 ]')
('correct:', '[0     ]')
error:  0.33950553
('out:    ', '[0.753 ]')
('correct:', '[0     ]')
error:  0.28386167
('out:    ', '[0.631 ]')
('correct:', '[1     ]')
error:  0.06791453
('out:    ', '[0.781 ]')
('correct:', '[0     ]')
error:  0.30529629
('out:    ', '[0.853 ]')
('correct:', '[1     ]')
error:  0.01082253
('out:    ', '[0.731 ]')
('correct:', '[1     ]')
error:  0.03618181
('out:    ', '[0.841 ]')
('correct:', '[1     ]')
error:  0.01262104
('out:    ', '[0.624 ]')
('correct:', '[1     ]')
error:  0.07058671
('out:    ', '[0.8   ]')
('correct:', '[1     ]')
error:  0.01996703
('out:    ', '[0.89  ]')
('correct:', '[1     ]')
error:  0.00600075
('out:    ', '[0.782 ]')
('correct:', '[0     ]')
error:  0.30584453
('out:    ', '[0.78  ]')
('correct:', '[1     ]')
error:  0.02413746
('out:    ', '[0.961 ]')
('correct:', '[1     ]')
error:  0.00075082
('out:    ', '[0.889 ]')
('correct:', '[0     ]')
error:  0.39556348
('out:    ', '[0.844 ]')
('correct:', '[0     ]')
error:  0.35621786
('out:    ', '[0.645 ]')
('correct:', '[1     ]')
error:  0.06302861
('out:    ', '[0.665 ]')
('correct:', '[1     ]')
error:  0.05614753
('out:    ', '[0.66  ]')
('correct:', '[1     ]')
error:  0.05772835
('out:    ', '[0.569 ]')
('correct:', '[0     ]')
error:  0.16201447
('out:    ', '[0.646 ]')
('correct:', '[1     ]')
error:  0.06278130
('out:    ', '[0.763 ]')
('correct:', '[0     ]')
error:  0.29087566
('out:    ', '[0.992 ]')
('correct:', '[1     ]')
error:  0.00003027
('out:    ', '[0.908 ]')
('correct:', '[1     ]')
error:  0.00425730
('out:    ', '[0.716 ]')
('correct:', '[1     ]')
error:  0.04033995
('out:    ', '[0.865 ]')
('correct:', '[1     ]')
error:  0.00917224
('out:    ', '[0.794 ]')
('correct:', '[0     ]')
error:  0.31557923
('out:    ', '[0.85  ]')
('correct:', '[0     ]')
error:  0.36093703
('out:    ', '[0.798 ]')
('correct:', '[1     ]')
error:  0.02037476
('out:    ', '[0.967 ]')
('correct:', '[0     ]')
error:  0.46763934
('out:    ', '[0.529 ]')
('correct:', '[1     ]')
error:  0.11108263
('out:    ', '[0.856 ]')
('correct:', '[1     ]')
error:  0.01034436
('out:    ', '[0.823 ]')
('correct:', '[0     ]')
error:  0.33832108
('out:    ', '[0.321 ]')
('correct:', '[0     ]')
error:  0.05153339
('out:    ', '[0.596 ]')
('correct:', '[0     ]')
error:  0.17780000
('out:    ', '[0.984 ]')
('correct:', '[0     ]')
error:  0.48450468
('out:    ', '[0.92  ]')
('correct:', '[1     ]')
error:  0.00320151
('out:    ', '[0.957 ]')
('correct:', '[1     ]')
error:  0.00092805
('out:    ', '[0.829 ]')
('correct:', '[0     ]')
error:  0.34397291
('out:    ', '[0.9   ]')
('correct:', '[1     ]')
error:  0.00496031
('out:    ', '[0.71  ]')
('correct:', '[1     ]')
error:  0.04213553
('out:    ', '[0.936 ]')
('correct:', '[1     ]')
error:  0.00202513
('out:    ', '[0.781 ]')
('correct:', '[1     ]')
error:  0.02387966
('out:    ', '[0.893 ]')
('correct:', '[1     ]')
error:  0.00575832
('out:    ', '[0.818 ]')
('correct:', '[1     ]')
error:  0.01663083
('out:    ', '[0.739 ]')
('correct:', '[1     ]')
error:  0.03397320
('out:    ', '[0.749 ]')
('correct:', '[0     ]')
error:  0.28030854
('out:    ', '[0.675 ]')
('correct:', '[1     ]')
error:  0.05296973
('out:    ', '[0.764 ]')
('correct:', '[1     ]')
error:  0.02775663
('out:    ', '[0.806 ]')
('correct:', '[1     ]')
error:  0.01880747
('out:    ', '[0.81  ]')
('correct:', '[1     ]')
error:  0.01807263
('out:    ', '[0.583 ]')
('correct:', '[1     ]')
error:  0.08687339
('out:    ', '[0.75  ]')
('correct:', '[1     ]')
error:  0.03128609
('out:    ', '[0.698 ]')
('correct:', '[1     ]')
error:  0.04552447
('out:    ', '[0.906 ]')
('correct:', '[0     ]')
error:  0.41085219
('out:    ', '[0.652 ]')
('correct:', '[1     ]')
error:  0.06041188
('out:    ', '[0.725 ]')
('correct:', '[1     ]')
error:  0.03777011
('out:    ', '[0.695 ]')
('correct:', '[1     ]')
error:  0.04658598
('out:    ', '[0.868 ]')
('correct:', '[1     ]')
error:  0.00870649
('out:    ', '[0.712 ]')
('correct:', '[1     ]')
error:  0.04156482
('out:    ', '[0.763 ]')
('correct:', '[1     ]')
error:  0.02819915
('out:    ', '[0.996 ]')
('correct:', '[1     ]')
error:  0.00000836
('out:    ', '[0.887 ]')
('correct:', '[1     ]')
error:  0.00639393
('out:    ', '[0.783 ]')
('correct:', '[1     ]')
error:  0.02344384
('out:    ', '[0.617 ]')
('correct:', '[0     ]')
error:  0.19047324
('out:    ', '[0.751 ]')
('correct:', '[1     ]')
error:  0.03088839
('out:    ', '[0.873 ]')
('correct:', '[1     ]')
error:  0.00804475
('out:    ', '[0.778 ]')
('correct:', '[1     ]')
error:  0.02465605
('out:    ', '[0.641 ]')
('correct:', '[0     ]')
error:  0.20574043
('out:    ', '[0.675 ]')
('correct:', '[1     ]')
error:  0.05284856
('out:    ', '[0.646 ]')
('correct:', '[0     ]')
error:  0.20851292
('out:    ', '[0.352 ]')
('correct:', '[0     ]')
error:  0.06211128
('out:    ', '[0.974 ]')
('correct:', '[0     ]')
error:  0.47400817
('out:    ', '[0.673 ]')
('correct:', '[0     ]')
error:  0.22676311
('out:    ', '[0.243 ]')
('correct:', '[0     ]')
error:  0.02952080
('out:    ', '[0.631 ]')
('correct:', '[0     ]')
error:  0.19889039
('out:    ', '[0.833 ]')
('correct:', '[1     ]')
error:  0.01387732
('out:    ', '[0.94  ]')
('correct:', '[1     ]')
error:  0.00179466
('out:    ', '[0.429 ]')
('correct:', '[0     ]')
error:  0.09212076
('out:    ', '[0.681 ]')
('correct:', '[0     ]')
error:  0.23205138
('out:    ', '[0.687 ]')
('correct:', '[1     ]')
error:  0.04897476
('out:    ', '[0.573 ]')
('correct:', '[0     ]')
error:  0.16397611
('out:    ', '[0.794 ]')
('correct:', '[1     ]')
error:  0.02126599
('out:    ', '[0.997 ]')
('correct:', '[0     ]')
error:  0.49662246
('out:    ', '[0.781 ]')
('correct:', '[1     ]')
error:  0.02400327
('out:    ', '[0.666 ]')
('correct:', '[0     ]')
error:  0.22181443
('out:    ', '[0.915 ]')
('correct:', '[1     ]')
error:  0.00364450
('out:    ', '[0.861 ]')
('correct:', '[0     ]')
error:  0.37038031
('out:    ', '[0.901 ]')
('correct:', '[1     ]')
error:  0.00494994
('out:    ', '[0.334 ]')
('correct:', '[0     ]')
error:  0.05587431
('out:    ', '[0.751 ]')
('correct:', '[1     ]')
error:  0.03099222
('out:    ', '[0.848 ]')
('correct:', '[1     ]')
error:  0.01150056
('out:    ', '[0.537 ]')
('correct:', '[1     ]')
error:  0.10706226
('out:    ', '[0.858 ]')
('correct:', '[1     ]')
error:  0.01008520
('out:    ', '[0.687 ]')
('correct:', '[1     ]')
error:  0.04912947
('out:    ', '[0.711 ]')
('correct:', '[1     ]')
error:  0.04164026
('out:    ', '[0.514 ]')
('correct:', '[0     ]')
error:  0.13220577
('out:    ', '[0.736 ]')
('correct:', '[1     ]')
error:  0.03497406
('out:    ', '[0.802 ]')
('correct:', '[0     ]')
error:  0.32120647
('out:    ', '[0.891 ]')
('correct:', '[1     ]')
error:  0.00596335
('out:    ', '[0.94  ]')
('correct:', '[1     ]')
error:  0.00177580
('out:    ', '[0.969 ]')
('correct:', '[1     ]')
error:  0.00048535
('out:    ', '[0.93  ]')
('correct:', '[1     ]')
error:  0.00247530
('out:    ', '[0.831 ]')
('correct:', '[1     ]')
error:  0.01433472
('out:    ', '[0.137 ]')
('correct:', '[1     ]')
error:  0.37246454
('out:    ', '[0.69  ]')
('correct:', '[0     ]')
error:  0.23813376
('out:    ', '[0.884 ]')
('correct:', '[1     ]')
error:  0.00672251
('out:    ', '[0.992 ]')
('correct:', '[1     ]')
error:  0.00003253
('out:    ', '[0.841 ]')
('correct:', '[1     ]')
error:  0.01265538
('out:    ', '[0.662 ]')
('correct:', '[1     ]')
error:  0.05703292
('out:    ', '[0.865 ]')
('correct:', '[1     ]')
error:  0.00914184
('out:    ', '[0.679 ]')
('correct:', '[1     ]')
error:  0.05151027
('out:    ', '[0.997 ]')
('correct:', '[1     ]')
error:  0.00000605
('out:    ', '[0.968 ]')
('correct:', '[0     ]')
error:  0.46898706
('out:    ', '[0.611 ]')
('correct:', '[0     ]')
error:  0.18674101
('out:    ', '[0.63  ]')
('correct:', '[1     ]')
error:  0.06844772
('out:    ', '[0.814 ]')
('correct:', '[1     ]')
error:  0.01722938
('out:    ', '[0.973 ]')
('correct:', '[1     ]')
error:  0.00035225
('out:    ', '[0.771 ]')
('correct:', '[0     ]')
error:  0.29730069
('out:    ', '[0.814 ]')
('correct:', '[1     ]')
error:  0.01731642
('out:    ', '[0.889 ]')
('correct:', '[1     ]')
error:  0.00619470
('out:    ', '[0.68  ]')
('correct:', '[0     ]')
error:  0.23095710
('out:    ', '[0.759 ]')
('correct:', '[1     ]')
error:  0.02913687
('out:    ', '[0.88  ]')
('correct:', '[1     ]')
error:  0.00723389
('out:    ', '[0.881 ]')
('correct:', '[1     ]')
error:  0.00706836
('out:    ', '[0.581 ]')
('correct:', '[0     ]')
error:  0.16862525
('out:    ', '[0.989 ]')
('correct:', '[1     ]')
error:  0.00005851
('out:    ', '[0.614 ]')
('correct:', '[1     ]')
error:  0.07433602
('out:    ', '[0.787 ]')
('correct:', '[0     ]')
error:  0.30934374
('out:    ', '[0.65  ]')
('correct:', '[1     ]')
error:  0.06134383
('out:    ', '[0.915 ]')
('correct:', '[1     ]')
error:  0.00359041
('out:    ', '[0.829 ]')
('correct:', '[1     ]')
error:  0.01466177
('out:    ', '[0.89  ]')
('correct:', '[1     ]')
error:  0.00603891
('out:    ', '[0.236 ]')
('correct:', '[1     ]')
error:  0.29213724
('out:    ', '[0.785 ]')
('correct:', '[1     ]')
error:  0.02305268
('out:    ', '[0.957 ]')
('correct:', '[1     ]')
error:  0.00091780
('out:    ', '[0.68  ]')
('correct:', '[0     ]')
error:  0.23136440
('out:    ', '[0.591 ]')
('correct:', '[1     ]')
error:  0.08356812
('out:    ', '[0.892 ]')
('correct:', '[1     ]')
error:  0.00582747
('out:    ', '[0.548 ]')
('correct:', '[0     ]')
error:  0.15028339
('out:    ', '[0.99  ]')
('correct:', '[1     ]')
error:  0.00004725
('out:    ', '[0.844 ]')
('correct:', '[1     ]')
error:  0.01216295
('out:    ', '[0.986 ]')
('correct:', '[0     ]')
error:  0.48649984
('out:    ', '[0.206 ]')
('correct:', '[0     ]')
error:  0.02129618
('out:    ', '[0.79  ]')
('correct:', '[1     ]')
error:  0.02214159
('out:    ', '[0.688 ]')
('correct:', '[1     ]')
error:  0.04859051
('out:    ', '[0.469 ]')
('correct:', '[0     ]')
error:  0.10998037
('out:    ', '[0.558 ]')
('correct:', '[0     ]')
error:  0.15579742
('out:    ', '[0.892 ]')
('correct:', '[1     ]')
error:  0.00582430
('out:    ', '[0.764 ]')
('correct:', '[1     ]')
error:  0.02777853
('out:    ', '[0.946 ]')
('correct:', '[1     ]')
error:  0.00144100
('out:    ', '[0.778 ]')
('correct:', '[0     ]')
error:  0.30227367
('out:    ', '[0.517 ]')
('correct:', '[0     ]')
error:  0.13385691
('out:    ', '[0.833 ]')
('correct:', '[0     ]')
error:  0.34691976
('out:    ', '[0.727 ]')
('correct:', '[0     ]')
error:  0.26407165
('out:    ', '[0.889 ]')
('correct:', '[0     ]')
error:  0.39514796
('out:    ', '[0.728 ]')
('correct:', '[0     ]')
error:  0.26500510
('out:    ', '[0.96  ]')
('correct:', '[1     ]')
error:  0.00078612
('out:    ', '[0.645 ]')
('correct:', '[0     ]')
error:  0.20781675
('out:    ', '[0.992 ]')
('correct:', '[1     ]')
error:  0.00003555
('out:    ', '[0.984 ]')
('correct:', '[1     ]')
error:  0.00012939
('out:    ', '[0.824 ]')
('correct:', '[0     ]')
error:  0.33987653
('out:    ', '[0.704 ]')
('correct:', '[0     ]')
error:  0.24782121
('out:    ', '[0.721 ]')
('correct:', '[0     ]')
error:  0.25985229
('out:    ', '[0.14  ]')
('correct:', '[0     ]')
error:  0.00983750
('out:    ', '[0.701 ]')
('correct:', '[1     ]')
error:  0.04471523
('out:    ', '[0.565 ]')
('correct:', '[1     ]')
error:  0.09439996
('out:    ', '[0.645 ]')
('correct:', '[1     ]')
error:  0.06314902
('out:    ', '[0.905 ]')
('correct:', '[1     ]')
error:  0.00453665
('out:    ', '[0.869 ]')
('correct:', '[1     ]')
error:  0.00857183
('out:    ', '[0.981 ]')
('correct:', '[0     ]')
error:  0.48167086
('out:    ', '[0.946 ]')
('correct:', '[1     ]')
error:  0.00145101
('out:    ', '[0.956 ]')
('correct:', '[0     ]')
error:  0.45722295
('out:    ', '[0.635 ]')
('correct:', '[0     ]')
error:  0.20151609
('out:    ', '[0.899 ]')
('correct:', '[1     ]')
error:  0.00510085
('out:    ', '[0.954 ]')
('correct:', '[1     ]')
error:  0.00106082
('out:    ', '[0.944 ]')
('correct:', '[1     ]')
error:  0.00156176
('out:    ', '[0.714 ]')
('correct:', '[1     ]')
error:  0.04098398
('out:    ', '[0.394 ]')
('correct:', '[0     ]')
error:  0.07762672
('out:    ', '[0.769 ]')
('correct:', '[0     ]')
error:  0.29585903
('out:    ', '[0.901 ]')
('correct:', '[1     ]')
error:  0.00486475
('out:    ', '[0.803 ]')
('correct:', '[1     ]')
error:  0.01949684
('out:    ', '[0.673 ]')
('correct:', '[1     ]')
error:  0.05345196
('out:    ', '[0.549 ]')
('correct:', '[1     ]')
error:  0.10175943
('out:    ', '[0.741 ]')
('correct:', '[0     ]')
error:  0.27425119
('out:    ', '[0.766 ]')
('correct:', '[0     ]')
error:  0.29328777
('out:    ', '[0.46  ]')
('correct:', '[0     ]')
error:  0.10582577
('out:    ', '[0.909 ]')
('correct:', '[1     ]')
error:  0.00410722
('out:    ', '[0.743 ]')
('correct:', '[1     ]')
error:  0.03292675
('out:    ', '[0.899 ]')
('correct:', '[1     ]')
error:  0.00508725
('out:    ', '[0.796 ]')
('correct:', '[1     ]')
error:  0.02087792
('out:    ', '[0.634 ]')
('correct:', '[1     ]')
error:  0.06688549
('out:    ', '[0.729 ]')
('correct:', '[1     ]')
error:  0.03682970
('out:    ', '[0.646 ]')
('correct:', '[0     ]')
error:  0.20882116
('out:    ', '[0.801 ]')
('correct:', '[0     ]')
error:  0.32104122
('out:    ', '[0.944 ]')
('correct:', '[1     ]')
error:  0.00154569
('out:    ', '[0.918 ]')
('correct:', '[1     ]')
error:  0.00332895
('out:    ', '[0.847 ]')
('correct:', '[1     ]')
error:  0.01166029
('out:    ', '[0.8   ]')
('correct:', '[1     ]')
error:  0.01999725
('out:    ', '[0.806 ]')
('correct:', '[1     ]')
error:  0.01882653
('out:    ', '[0.9   ]')
('correct:', '[1     ]')
error:  0.00500275
('out:    ', '[0.698 ]')
('correct:', '[1     ]')
error:  0.04550381
('out:    ', '[0.244 ]')
('correct:', '[0     ]')
error:  0.02972300
('out:    ', '[0.632 ]')
('correct:', '[0     ]')
error:  0.19988299
('out:    ', '[0.656 ]')
('correct:', '[1     ]')
error:  0.05932815
('out:    ', '[0.596 ]')
('correct:', '[1     ]')
error:  0.08145415
('out:    ', '[0.276 ]')
('correct:', '[1     ]')
error:  0.26177139
('out:    ', '[0.688 ]')
('correct:', '[0     ]')
error:  0.23639932
('out:    ', '[0.74  ]')
('correct:', '[1     ]')
error:  0.03386532
('out:    ', '[0.908 ]')
('correct:', '[1     ]')
error:  0.00420250
('out:    ', '[0.869 ]')
('correct:', '[1     ]')
error:  0.00853812
('out:    ', '[0.906 ]')
('correct:', '[1     ]')
error:  0.00445835
('out:    ', '[0.71  ]')
('correct:', '[0     ]')
error:  0.25234838
('out:    ', '[0.741 ]')
('correct:', '[1     ]')
error:  0.03353141
('out:    ', '[0.942 ]')
('correct:', '[1     ]')
error:  0.00166774
('out:    ', '[0.86  ]')
('correct:', '[0     ]')
error:  0.36997490
('out:    ', '[0.764 ]')
('correct:', '[0     ]')
error:  0.29199883
('out:    ', '[0.975 ]')
('correct:', '[0     ]')
error:  0.47531974
('out:    ', '[0.797 ]')
('correct:', '[1     ]')
error:  0.02068325
('out:    ', '[0.769 ]')
('correct:', '[0     ]')
error:  0.29601718
('out:    ', '[0.767 ]')
('correct:', '[1     ]')
error:  0.02709651
('out:    ', '[0.895 ]')
('correct:', '[1     ]')
error:  0.00552953
('out:    ', '[0.589 ]')
('correct:', '[0     ]')
error:  0.17346930
('out:    ', '[0.874 ]')
('correct:', '[0     ]')
error:  0.38208375
('out:    ', '[0.714 ]')
('correct:', '[1     ]')
error:  0.04091609
('out:    ', '[0.838 ]')
('correct:', '[0     ]')
error:  0.35097449
('out:    ', '[0.576 ]')
('correct:', '[1     ]')
error:  0.08985263
('out:    ', '[0.233 ]')
('correct:', '[0     ]')
error:  0.02724611
('out:    ', '[0.438 ]')
('correct:', '[0     ]')
error:  0.09580946
('out:    ', '[0.889 ]')
('correct:', '[1     ]')
error:  0.00619939
('out:    ', '[0.801 ]')
('correct:', '[1     ]')
error:  0.01978585
('out:    ', '[0.651 ]')
('correct:', '[0     ]')
error:  0.21171283
('out:    ', '[0.76  ]')
('correct:', '[1     ]')
error:  0.02878716
('out:    ', '[0.956 ]')
('correct:', '[1     ]')
error:  0.00096174
('out:    ', '[0.632 ]')
('correct:', '[1     ]')
error:  0.06776726
('out:    ', '[0.806 ]')
('correct:', '[1     ]')
error:  0.01872409
('out:    ', '[0.985 ]')
('correct:', '[1     ]')
error:  0.00011477
('out:    ', '[0.673 ]')
('correct:', '[0     ]')
error:  0.22648208
('out:    ', '[0.599 ]')
('correct:', '[0     ]')
error:  0.17920766
('out:    ', '[0.846 ]')
('correct:', '[0     ]')
error:  0.35784329
('out:    ', '[0.619 ]')
('correct:', '[0     ]')
error:  0.19144320
('out:    ', '[0.956 ]')
('correct:', '[0     ]')
error:  0.45675854
('out:    ', '[0.759 ]')
('correct:', '[0     ]')
error:  0.28821877
('out:    ', '[0.826 ]')
('correct:', '[1     ]')
error:  0.01520143
('out:    ', '[0.944 ]')
('correct:', '[1     ]')
error:  0.00154775
('out:    ', '[0.753 ]')
('correct:', '[0     ]')
error:  0.28328237
('out:    ', '[0.966 ]')
('correct:', '[1     ]')
error:  0.00057308
('out:    ', '[0.948 ]')
('correct:', '[1     ]')
error:  0.00136656
('out:    ', '[0.9   ]')
('correct:', '[1     ]')
error:  0.00501384
('out:    ', '[0.695 ]')
('correct:', '[1     ]')
error:  0.04658930
('out:    ', '[0.783 ]')
('correct:', '[0     ]')
error:  0.30645133
('out:    ', '[0.937 ]')
('correct:', '[0     ]')
error:  0.43884881
('out:    ', '[0.622 ]')
('correct:', '[0     ]')
error:  0.19333872
('out:    ', '[0.577 ]')
('correct:', '[1     ]')
error:  0.08947729
('out:    ', '[0.804 ]')
('correct:', '[0     ]')
error:  0.32321549
('out:    ', '[0.579 ]')
('correct:', '[0     ]')
error:  0.16780755
('out:    ', '[0.882 ]')
('correct:', '[1     ]')
error:  0.00691127
('out:    ', '[0.688 ]')
('correct:', '[1     ]')
error:  0.04856731
('out:    ', '[0.694 ]')
('correct:', '[0     ]')
error:  0.24066384
('out:    ', '[0.796 ]')
('correct:', '[0     ]')
error:  0.31691047
('out:    ', '[0.828 ]')
('correct:', '[0     ]')
error:  0.34304275
('out:    ', '[0.853 ]')
('correct:', '[0     ]')
error:  0.36421353
('out:    ', '[0.86  ]')
('correct:', '[1     ]')
error:  0.00983175
('out:    ', '[0.622 ]')
('correct:', '[0     ]')
error:  0.19354523
('out:    ', '[0.941 ]')
('correct:', '[1     ]')
error:  0.00175196
('out:    ', '[0.771 ]')
('correct:', '[1     ]')
error:  0.02632997
('out:    ', '[0.695 ]')
('correct:', '[1     ]')
error:  0.04661358
('out:    ', '[0.829 ]')
('correct:', '[1     ]')
error:  0.01455358
('out:    ', '[0.699 ]')
('correct:', '[1     ]')
error:  0.04528395
('out:    ', '[0.952 ]')
('correct:', '[1     ]')
error:  0.00115381
('out:    ', '[0.812 ]')
('correct:', '[1     ]')
error:  0.01776245
('out:    ', '[0.162 ]')
('correct:', '[0     ]')
error:  0.01318665
('out:    ', '[0.885 ]')
('correct:', '[1     ]')
error:  0.00662502
('out:    ', '[0.4   ]')
('correct:', '[0     ]')
error:  0.08000203
('out:    ', '[0.847 ]')
('correct:', '[1     ]')
error:  0.01172153
('out:    ', '[0.944 ]')
('correct:', '[1     ]')
error:  0.00156107
('out:    ', '[0.924 ]')
('correct:', '[0     ]')
error:  0.42642935
('out:    ', '[0.819 ]')
('correct:', '[1     ]')
error:  0.01630413
('out:    ', '[0.175 ]')
('correct:', '[0     ]')
error:  0.01528918
('out:    ', '[0.632 ]')
('correct:', '[0     ]')
error:  0.19966809
('out:    ', '[0.715 ]')
('correct:', '[1     ]')
error:  0.04054270
('out:    ', '[0.614 ]')
('correct:', '[0     ]')
error:  0.18837581
('out:    ', '[0.85  ]')
('correct:', '[0     ]')
error:  0.36099633
('out:    ', '[0.662 ]')
('correct:', '[0     ]')
error:  0.21927423
('out:    ', '[0.79  ]')
('correct:', '[1     ]')
error:  0.02205766
('out:    ', '[0.945 ]')
('correct:', '[1     ]')
error:  0.00148583
('out:    ', '[0.608 ]')
('correct:', '[0     ]')
error:  0.18498761
('out:    ', '[0.769 ]')
('correct:', '[1     ]')
error:  0.02672045
('out:    ', '[0.635 ]')
('correct:', '[1     ]')
error:  0.06650367
('out:    ', '[0.51  ]')
('correct:', '[0     ]')
error:  0.13019080
('out:    ', '[0.732 ]')
('correct:', '[1     ]')
error:  0.03580797
('out:    ', '[0.825 ]')
('correct:', '[0     ]')
error:  0.34051398
('out:    ', '[0.791 ]')
('correct:', '[0     ]')
error:  0.31252452
('out:    ', '[0.431 ]')
('correct:', '[1     ]')
error:  0.16177238
('out:    ', '[0.851 ]')
('correct:', '[1     ]')
error:  0.01114965
('out:    ', '[0.8   ]')
('correct:', '[1     ]')
error:  0.02002438
('out:    ', '[0.597 ]')
('correct:', '[0     ]')
error:  0.17823397
('out:    ', '[0.796 ]')
('correct:', '[0     ]')
error:  0.31673083
('out:    ', '[0.77  ]')
('correct:', '[0     ]')
error:  0.29654077
('out:    ', '[0.794 ]')
('correct:', '[1     ]')
error:  0.02111675
('out:    ', '[0.586 ]')
('correct:', '[1     ]')
error:  0.08560596
('out:    ', '[0.969 ]')
('correct:', '[1     ]')
error:  0.00048683
('out:    ', '[0.883 ]')
('correct:', '[0     ]')
error:  0.39020795
('out:    ', '[0.879 ]')
('correct:', '[1     ]')
error:  0.00733697
('out:    ', '[0.666 ]')
('correct:', '[0     ]')
error:  0.22208514
('out:    ', '[0.9   ]')
('correct:', '[0     ]')
error:  0.40536751
('out:    ', '[0.74  ]')
('correct:', '[1     ]')
error:  0.03376977
('out:    ', '[0.773 ]')
('correct:', '[1     ]')
error:  0.02587728
('out:    ', '[0.699 ]')
('correct:', '[0     ]')
error:  0.24395596
('out:    ', '[0.649 ]')
('correct:', '[0     ]')
error:  0.21076127
('out:    ', '[0.715 ]')
('correct:', '[1     ]')
error:  0.04063434
('out:    ', '[0.77  ]')
('correct:', '[1     ]')
error:  0.02649574
('out:    ', '[0.799 ]')
('correct:', '[0     ]')
error:  0.31950385
('out:    ', '[0.873 ]')
('correct:', '[1     ]')
error:  0.00806237
('out:    ', '[0.99  ]')
('correct:', '[0     ]')
error:  0.49049493
('out:    ', '[0.648 ]')
('correct:', '[1     ]')
error:  0.06205166
('out:    ', '[0.7   ]')
('correct:', '[0     ]')
error:  0.24523230
('out:    ', '[0.617 ]')
('correct:', '[0     ]')
error:  0.19035020
('out:    ', '[0.675 ]')
('correct:', '[1     ]')
error:  0.05273093
('out:    ', '[0.566 ]')
('correct:', '[0     ]')
error:  0.15989566
('out:    ', '[0.924 ]')
('correct:', '[0     ]')
error:  0.42678701
('out:    ', '[0.783 ]')
('correct:', '[0     ]')
error:  0.30658085
('out:    ', '[0.67  ]')
('correct:', '[1     ]')
error:  0.05455603
('out:    ', '[0.799 ]')
('correct:', '[1     ]')
error:  0.02015218
('out:    ', '[0.992 ]')
('correct:', '[1     ]')
error:  0.00003277
('out:    ', '[0.954 ]')
('correct:', '[1     ]')
error:  0.00106158
('out:    ', '[0.798 ]')
('correct:', '[1     ]')
error:  0.02034029
('out:    ', '[0.963 ]')
('correct:', '[1     ]')
error:  0.00067529
('out:    ', '[0.573 ]')
('correct:', '[1     ]')
error:  0.09107539
('out:    ', '[0.862 ]')
('correct:', '[1     ]')
error:  0.00956292
('out:    ', '[0.701 ]')
('correct:', '[1     ]')
error:  0.04483745
('out:    ', '[0.807 ]')
('correct:', '[1     ]')
error:  0.01856101
('out:    ', '[0.868 ]')
('correct:', '[0     ]')
error:  0.37708373
('out:    ', '[0.42  ]')
('correct:', '[1     ]')
error:  0.16803005
('out:    ', '[0.577 ]')
('correct:', '[1     ]')
error:  0.08949341
('out:    ', '[0.921 ]')
('correct:', '[1     ]')
error:  0.00314410
('out:    ', '[0.909 ]')
('correct:', '[1     ]')
error:  0.00414730
('out:    ', '[0.724 ]')
('correct:', '[0     ]')
error:  0.26176164
('out:    ', '[0.946 ]')
('correct:', '[1     ]')
error:  0.00147726
('out:    ', '[0.573 ]')
('correct:', '[0     ]')
error:  0.16407114
('out:    ', '[0.895 ]')
('correct:', '[1     ]')
error:  0.00556092
('out:    ', '[0.993 ]')
('correct:', '[0     ]')
error:  0.49307285
('out:    ', '[0.78  ]')
('correct:', '[1     ]')
error:  0.02413388
('out:    ', '[0.386 ]')
('correct:', '[0     ]')
error:  0.07450182
('out:    ', '[0.698 ]')
('correct:', '[1     ]')
error:  0.04567804
('out:    ', '[0.589 ]')
('correct:', '[0     ]')
error:  0.17371805
('out:    ', '[0.918 ]')
('correct:', '[1     ]')
error:  0.00340290
('out:    ', '[0.262 ]')
('correct:', '[0     ]')
error:  0.03441602
('out:    ', '[0.98  ]')
('correct:', '[0     ]')
error:  0.48038912
('out:    ', '[0.89  ]')
('correct:', '[0     ]')
error:  0.39608245
('out:    ', '[0.721 ]')
('correct:', '[1     ]')
error:  0.03880014
('out:    ', '[0.891 ]')
('correct:', '[1     ]')
error:  0.00598633
('out:    ', '[0.682 ]')
('correct:', '[1     ]')
error:  0.05070915
('out:    ', '[0.991 ]')
('correct:', '[1     ]')
error:  0.00003630
('out:    ', '[0.433 ]')
('correct:', '[0     ]')
error:  0.09388824
('out:    ', '[0.651 ]')
('correct:', '[1     ]')
error:  0.06077006
('out:    ', '[0.841 ]')
('correct:', '[1     ]')
error:  0.01262330
('out:    ', '[0.986 ]')
('correct:', '[1     ]')
error:  0.00010355
('out:    ', '[0.821 ]')
('correct:', '[0     ]')
error:  0.33661363
('out:    ', '[0.671 ]')
('correct:', '[0     ]')
error:  0.22524109
('All errors:', [0.025820537070034261, 0.052417404615578644, 0.07969585800511908, 0.48147867373464659, 0.0018548057731483727, 0.0096438982738863092, 0.19741213065904459, 0.069128341330586679, 0.21255654866332926, 0.051900974577912359, 0.15033291654925174, 0.0062189006255833337, 0.23000666408369727, 0.29265951263391121, 0.0053170901180618138, 0.1779960008000625, 0.36899536247173464, 0.33977574690461732, 0.28355644666900304, 0.2133185670942491, 0.30022866933907866, 0.34467184961359781, 0.32407730042433092, 0.40820912377776236, 0.45529747403067106, 0.01931198760200413, 0.35796433773337166, 0.36725641348382027, 0.41584461338649642, 0.32180716530666109, 0.010897305452669854, 0.00041477408788673659, 0.071781509256850368, 0.0013865462637958135, 0.037854596380717385, 0.29318860404661296, 0.33982219864705754, 0.067544565903901996, 0.33374834317143265, 0.38966938152428554, 0.026597302902414487, 0.20022054933319491, 0.31515530711443318, 0.20955859606839039, 0.30521995739384333, 0.24387047864142308, 0.25970137960164491, 0.012611501184540873, 0.010407878317518207, 0.088872111802150808, 0.17457846692006265, 0.021945120201763375, 0.017392648802208116, 0.1121713842058374, 0.022258618881879331, 0.48962391063708061, 0.08426050951290337, 0.0079021280358138758, 0.44255626046573909, 0.035900532110784381, 0.023438230837633418, 0.0055035878916831395, 0.0099849988165108764, 0.020264333321098817, 0.078558012096137095, 0.0092108811892877441, 0.27677491281999594, 0.039160585056454429, 0.35390313335652623, 0.49327470408563012, 0.01894474428632191, 0.049431506056984355, 0.1477224322958991, 0.053651545148289556, 0.17471823828705776, 0.031966898672318785, 0.033818405076982729, 0.35444885222447126, 0.096578931013876101, 0.040923188065104768, 0.028230047117704889, 0.0030044481832624125, 0.39418889035708082, 0.0078030021873104803, 0.043736312339083164, 0.1756996013304748, 0.00086712980626890528, 0.14949048593382749, 0.17247245550153786, 0.20366209074787037, 0.025333988509764642, 0.41827756979085801, 0.18975536735165774, 0.020934882496586812, 0.02030275709578876, 0.05424171817262953, 0.036429684662522444, 0.30156907585683768, 0.0049680434769828231, 0.012397467643506197, 0.33304443479524859, 0.054856477683132773, 0.33265515775427112, 0.036797138170918016, 0.056066870368420528, 0.003554293779567497, 0.31088668751803528, 0.47738597225508234, 0.002839166364072449, 0.036345334359002696, 0.010222666086424434, 0.25143111906181953, 0.39468777878168371, 0.029548458565104203, 0.023270331419532511, 0.49188523473583834, 0.016616283216097972, 0.16770764656253734, 0.010921538180986106, 0.0014777539541541917, 0.025411225041937546, 0.0038424445575495595, 1.5108265737935032e-05, 0.017129336505647734, 0.005131099199434731, 0.020673588584017216, 0.0033113285906988931, 0.046624621038673951, 0.0021739632281586267, 0.0064647200246399439, 0.0017612512295274484, 0.0049682855113237752, 0.019984453647162816, 0.0020566635602771643, 0.12200325931489894, 0.07164533381200032, 0.25647338652277218, 0.18296937130616239, 0.044226597823991541, 0.14372347535018698, 0.0017297862876400416, 0.0072257872111712324, 0.26458130187978562, 0.0337240356239892, 0.42725858511198078, 0.01932006578968588, 0.0071539074305061014, 0.00074148485647878703, 0.033478358494038615, 0.20432669825321559, 0.001497664253733446, 0.0032469867738966168, 0.013029401433497068, 0.25236495829348243, 0.21017448146770251, 0.006284476269632148, 0.29965997934172872, 0.069018800477758963, 0.0059079157918514209, 0.0039528244152964099, 0.011947817501759163, 0.071423765135309986, 0.021637216727700571, 0.11355958388217215, 0.41325199218016978, 0.14650460396277351, 0.26878922598443467, 0.0016576243763575377, 0.024582598103832464, 0.0027719082740507938, 0.037987615859444962, 0.0038345423165989617, 0.0020865555175493679, 0.31808673738860699, 0.14276687479633798, 0.21098414231109092, 0.46104877346429951, 0.21584865663197245, 0.041848918307225307, 0.35599416607484691, 0.0076205269041780474, 0.097680494279095004, 0.03382947360250952, 0.00099056600155052014, 0.35490851888799962, 0.0018653411397665115, 0.17448996911155626, 0.00030600310475422277, 0.22126960641919047, 0.032635362542303578, 0.2369245845670151, 0.075101133414943275, 0.010969519527725107, 0.0062026877869396195, 0.064461487400925443, 0.0050145643765449905, 0.0015212762733640391, 0.24863246271012429, 0.0010825066486663719, 0.2100729683533358, 0.0021260379900029983, 0.072580748827114558, 0.050088939613004584, 0.33019983929630564, 0.0014529269290991709, 0.025433987666016882, 0.070036878186167092, 0.0059953482741537459, 0.0051368238407577859, 0.16522578084249151, 0.074566468564000121, 0.23662165819667094, 0.0015333159597075913, 0.042383712463090112, 0.089212288301270801, 0.26446889217153441, 0.0075093593922840362, 0.09301733209650917, 0.064898583441614921, 9.1403192237461578e-05, 0.39101205025520896, 0.043424356866668457, 0.36269828528347564, 0.0055876692040572858, 0.00032169465409349429, 0.0369870234192975, 0.013394038279293379, 0.0058962227052432141, 0.0024010382878658257, 0.047789646411176924, 0.3774181027017538, 0.035999077921959104, 0.020222130068889236, 0.10224792626354277, 0.014483761863053944, 0.29639309752768517, 0.004189863155740204, 0.083905927382216139, 0.25183107905388485, 0.12108614542304842, 0.04925155006641084, 0.18692923392525235, 0.43697493139424509, 0.23911143622836697, 0.20488757966703619, 0.0093116422001119498, 0.46311184065808036, 0.017252245161808327, 0.014338272177808796, 0.019617324998112796, 0.077311571944133683, 0.27565203327546994, 0.001649165846670006, 0.025061943256935077, 0.06732471302770697, 0.087158281852928302, 0.015760501417831526, 0.056906291045777699, 0.072759685737584137, 0.035366996990939856, 0.19021994885941462, 0.011443525818406618, 0.1018944482038293, 0.0017513653983807357, 0.0040060885324985519, 0.33009326231612918, 0.34191199067342587, 0.20807360116571455, 0.48025647933581905, 0.075666846547385452, 0.032884115656112864, 0.056520029977901683, 0.035160022597570458, 0.012618220780406555, 0.0017081530203038196, 0.0048411370915218219, 0.021966716359422361, 0.0086688333378538551, 0.070649370899187838, 0.017882270976903689, 0.056301610245963009, 0.001474963463589644, 0.0010664944649509238, 0.20702367721979656, 0.22213124270016157, 0.03658332681485478, 0.21838588945599852, 0.046685662058561291, 0.010656928380797751, 0.0068982253129334092, 0.19449328937028157, 0.0012875540460328633, 0.045651165776928695, 0.016052331029448304, 0.095809310008601781, 0.026613714323387924, 0.16488862540787988, 0.023590182993197088, 0.00012317805184149081, 0.2676135388852674, 0.20296622918748372, 0.0010331768497096429, 0.024057733242769021, 0.075851671143276511, 0.16771825613253238, 0.20409505195228836, 0.065633358112818091, 0.0046654262075570517, 0.0014655700685600806, 0.28680698645274771, 0.016187323488311627, 0.0050606220435125268, 0.12033806343471841, 0.010974867797547838, 0.33219280011822128, 0.069450933918688257, 5.2119040248794688e-05, 0.18589735750571892, 0.062039642539179617, 0.48604861520968862, 0.080915375215895147, 0.0081879788007798888, 0.095592849674803276, 0.0015081242097270916, 0.057807800888741032, 0.23007876086539894, 0.019155401367208291, 0.19030821230604936, 0.18522990281624702, 0.19021283432176114, 0.23500354789416542, 0.052893506556553879, 0.00093224305859229771, 0.068773036246149943, 0.39423240963797052, 0.0038099402131736076, 0.012025179274963327, 0.024522315730241377, 0.33607152786981159, 0.012223875117727625, 6.4107210708026183e-05, 0.012193259426910573, 0.0010808522843719489, 0.15170625815753225, 0.0014864013311720076, 0.23681473038471093, 0.067377190430337006, 0.097995459318455866, 0.037717775707577839, 0.010246735016365855, 0.034244205859970005, 8.3884000043458277e-05, 0.0024145883766330265, 0.27148177938926377, 0.15245539709370212, 0.0056949753714203993, 0.019100857570425074, 0.099806578441838781, 0.0053816920990924092, 0.011537353766397081, 0.18529520867800175, 0.17439629675333901, 0.010208393244035547, 0.0036133498577506462, 0.033794457055436197, 0.33077868455733594, 0.17468777277523734, 0.27282403607062139, 0.22772979259798326, 0.30245599354608316, 0.42074674184100208, 0.01113349164754737, 0.058922031089123056, 0.050653430561967187, 0.15310220512709533, 0.00032936560636230642, 0.044888951564062002, 0.059231422204617058, 0.20699961159227592, 0.015703490686277421, 0.017341984714689503, 0.085008650722937007, 0.25570003524358692, 0.064691878662150787, 0.026640227926670132, 0.039720606683416919, 0.23429826963096217, 0.068919013770132889, 0.010088114547524318, 0.26851301083706125, 0.012126469733231272, 0.0017169676846020404, 0.17378299375273487, 0.0081136865701892137, 0.19942790168614988, 0.018614097782094535, 0.02056739587075624, 0.04751198276893933, 0.14979894466503796, 0.022020506349964507, 0.308092169029061, 0.18352300898776733, 0.020140424572984424, 0.058237905995480392, 0.0043539135160868157, 0.40211879327397831, 0.27521772425681623, 0.0098246521317649094, 0.21543997759544134, 0.20081258222437012, 0.056421145440363245, 0.22014070224214927, 0.021597163157794485, 0.14542445884514957, 0.0668849725434284, 0.0011044299721502764, 0.0026322157117860739, 0.010835057372127465, 0.36439433275915156, 0.01853625228825526, 0.10576320106019939, 0.19369314112924665, 0.025621686091608142, 0.0027312954132839708, 0.17662451768808746, 0.019732341243068604, 0.05607734987747641, 0.022500798337366588, 0.0063760166771819884, 0.0023572241677251352, 0.10741846578725359, 0.13055867485366698, 0.30676201019838212, 0.049726402679225797, 0.22207784918628787, 0.29361234428386257, 0.19296926220053187, 0.013121039077081219, 0.023095215355749165, 0.030672789172939634, 0.028156032155117663, 0.036344032560092096, 0.39601913861025839, 0.027699403135298256, 0.023408290011307335, 0.22510003047753332, 0.03163138074895764, 0.020338820114628373, 0.19696867784795552, 0.012957130993387115, 0.0020921189178191844, 0.070318073907196063, 0.014128584529089711, 0.026534804426163468, 0.012504506056218957, 0.026968127893821563, 0.20346964591091815, 0.057842296099968521, 0.021922933920850499, 0.21474112869623249, 0.027945252606919799, 0.0047048226726410644, 3.124868510946897e-05, 0.038224841560040773, 0.19271031223556712, 0.0082386446258286544, 0.013232922130582419, 0.091438872932395387, 0.040833314838816838, 0.016183801074497722, 0.00083454527479312739, 0.0029698610406092684, 0.10002237485332206, 0.11483458917056244, 0.010132875245746924, 0.028516296071692742, 0.27828364691146307, 0.37295428666055769, 0.06402145513914595, 0.12535100355883677, 0.22242113835968189, 0.011908068612725723, 2.6285106544922648e-05, 0.054018392141258857, 0.23899401523481725, 0.049786975482974054, 0.44541813842827854, 0.0010277546880500508, 0.16701453089621404, 0.17296190731078534, 0.18714352439224624, 0.29759324992382541, 0.16425759019563049, 0.0050408721098820922, 0.079363378304022861, 0.058558933183678386, 0.015654552850826321, 0.0029714314711843937, 0.35216769928831115, 0.26715403620822542, 0.11226444080823206, 0.42929450588625617, 0.15318051395883073, 0.038493969789287562, 0.11095698637388343, 0.00067665255377790127, 0.25252776242272645, 0.22977524669592783, 0.022385493653781303, 0.035948567177082648, 0.30855935022579961, 0.37340081857937574, 0.043454932499023755, 0.012521921103582705, 7.3975643800180021e-06, 0.00060776503271986698, 0.33939258072433526, 0.055407876155936106, 0.046575240605877387, 0.24751726536735605, 5.6478259430645949e-06, 0.10910740681603726, 0.02858713821665481, 0.0059069978151173848, 0.018337120368286244, 0.023734867554616013, 0.0028568812572099911, 0.01414022254387306, 0.042026475257320971, 5.559840261459395e-06, 0.0038201474117011656, 0.00016525622489849064, 0.20551675387877197, 0.15058135962230176, 0.034941730237183888, 0.033457435387028882, 0.24830560878472216, 0.19424290118904505, 0.020296566381004646, 0.005917059434014868, 0.053002895309312799, 0.004196729124430934, 0.0014471143950995002, 0.27568240211984307, 0.04825815487816066, 0.061240691752221944, 0.23688149788275212, 0.23227515095328805, 0.0016801817750122096, 0.0050984981366420327, 0.026963279494025001, 0.003227999458029384, 0.19948428861199757, 0.04335818935406871, 0.0067839673082328421, 0.0047524685327675394, 0.34075345358887138, 0.020216606378863921, 0.00171940143656837, 0.13936463222373233, 0.015723841224447345, 0.0030014325830472824, 0.1119592492685663, 0.33008993479146692, 0.25217969664375245, 0.24360459316847116, 0.14362142476296827, 0.070953831800584385, 0.0123939925520443, 0.0050275650846599313, 0.15000739126185661, 0.0089496384281498916, 0.10308589013482149, 0.051960397419213995, 0.18950197272784441, 0.08886257622222779, 0.35580428641951722, 0.058090936052380901, 0.020758157759970676, 8.951297718810767e-06, 3.1622160637026335e-05, 0.035482337846285524, 0.20415270761174634, 0.17543550159661384, 0.0018240752101905311, 0.066799468396958397, 0.15911020987594482, 0.0083912660575543307, 0.3016435539065993, 0.0062373746045819379, 0.029406153600725911, 0.0048676129672517877, 0.20382925282420852, 0.047199269219492919, 0.42302239109147755, 0.0043790620553343347, 0.36618510867564241, 0.0044849318831220982, 0.066354131454806425, 0.24163436252420872, 0.044613091092309307, 0.013152839042265859, 0.25282638868577023, 0.093009520775246796, 0.0052580716642411486, 0.070737719898724974, 0.15869576876971059, 0.024121501903961715, 0.0028641750722601727, 0.21259229800606938, 0.0033341291398190677, 0.063669529449329396, 0.00021249954727127016, 0.0018097098911714607, 0.39368764829775094, 0.0079651771951385914, 0.015177301062930143, 0.26905278077212674, 0.037028128869782018, 0.016751389160629786, 0.071948047949747504, 0.0099170354285984669, 0.024232739328614014, 0.0052672165654128744, 0.023667082733537154, 3.0247426566492808e-05, 0.15736699830477621, 0.001369857876376457, 0.0054061532341498136, 0.17191332608332005, 0.37631072342293759, 0.034416952043414266, 0.20176785000124192, 0.10693055926986811, 0.31732252257964094, 0.0042898393687047275, 0.017851433588925707, 0.0072309816613265934, 0.029664656833923355, 0.020490210727246886, 0.024382621739624053, 0.44487887374132551, 0.49126146768175788, 0.0045174384194075932, 0.0048455621370162572, 0.050181554565672422, 0.0011905919124113502, 0.011538605771609671, 0.029607315005859679, 0.41684289019787224, 0.32683774221032397, 0.17503706353663473, 0.064328940556603875, 0.31996408021270728, 0.021675245467171658, 0.04302360915034107, 0.0017223126062769617, 0.029644337962918894, 0.11405780626234202, 0.12333213646650444, 0.0021907992369663495, 0.15592424431299498, 0.13774037522537402, 0.060447622059275528, 0.28412453523882114, 0.20551361502875515, 0.17120935360354492, 0.087857506365008053, 0.0078100839867078697, 0.065798526480874753, 0.017440787725897931, 0.19149872069914189, 0.22016392168642479, 0.081877043488221377, 0.010702675834552358, 0.028199007200158093, 0.31491360511565336, 0.019557097549453721, 0.023296646928298581, 0.072376393139301248, 0.0063884697484960949, 0.04832532857224385, 0.10364125565899, 0.020020949628704935, 0.0084614513787664731, 0.036137174931972819, 0.15312022536556905, 0.30515821910183694, 0.20545126712848369, 0.19051509819418561, 0.022934305104167468, 0.00066886726262188308, 0.061077967157459181, 0.050204186957474833, 0.20499115590030578, 0.016293554475138593, 0.28816207790471943, 0.0015328028771332965, 0.15300360368054056, 0.11864430605456817, 0.018257695714422883, 0.012200297451826551, 0.00022946474368701106, 0.01204655773512389, 0.030985114806939558, 0.21100304276652934, 0.027497716609285218, 0.091017435821202974, 0.14863146913984773, 0.023065023112769704, 0.21921831435065176, 0.0056076468700007017, 0.085949436998283196, 0.024060797640964592, 0.49093092010021772, 0.011308698022313409, 0.4171082014937223, 0.1792275284668933, 0.012543667839678587, 0.1988079875020079, 0.010248728380648053, 0.0039197004928441239, 0.0031361179883273678, 0.17257263058684841, 3.7225582313969705e-05, 0.041500440044522531, 0.0015672608520432281, 0.057701795553456378, 0.015851167448416168, 0.034910575197871642, 0.045033341202712011, 0.077027937063232424, 0.018872768625256619, 0.005767197900895262, 0.0023041068806474141, 0.22198671758825261, 0.03689557408223313, 0.00039497819364913583, 0.00087405910187548087, 0.013688873381924161, 0.020882750335273634, 0.1983828819389937, 8.9600953316598964e-06, 0.02198514493931451, 0.34770053674486273, 0.49694721532941866, 0.43313951129074113, 0.0041094099628836847, 0.30015028909927316, 0.2034776205026527, 0.17592430502623099, 0.0015006394158202181, 0.00713074832561533, 0.0057090646855446408, 0.010770107249136601, 0.22504419898506425, 0.0029551753304897428, 0.24753727245556098, 0.008809798001721417, 0.37781722186255146, 0.088013804570752988, 0.024624352092026309, 0.022610397473694969, 0.26355584102878815, 0.019490079666211014, 0.012000538280122474, 0.17334432482726272, 0.47889549853585406, 0.0044716696490452014, 0.072256118012598014, 0.16687180746508837, 0.19553524989435428, 0.042246908841631514, 0.01000247832282395, 0.18783844065706959, 0.38850093245319239, 0.0058602379205448078, 0.0027407994968676654, 0.051734856198458773, 0.040346648269182481, 0.055271964964635482, 0.019652541465255219, 0.0083158738176385607, 0.48742033013237906, 0.22992171748349258, 0.041626924321917509, 0.0015993268897651553, 0.020134570256091645, 0.049587573912284903, 0.027498316549771501, 0.1706359911846482, 0.0029567687965820445, 0.21099069991869893, 0.049978240970407838, 0.38783339011404855, 0.4241357094819907, 0.018599197707462146, 0.22570159545228566, 0.24339910419041863, 0.0014701551513890577, 0.23836233527129397, 0.2360548494983849, 0.012771991551046776, 0.45813989612915329, 0.19368324168138551, 0.0001952388636569011, 0.44213535355426187, 0.0062464520296808806, 0.025403230523112667, 0.012634343792487329, 0.061341646561535332, 0.076588498779810235, 0.23024341593011974, 0.29018570356852769, 0.14896915295146618, 0.14104062072490589, 0.0026970449728648109, 0.014429396996527137, 0.0015830992480983421, 0.015320107332316328, 0.12813412921306361, 0.020701920590228844, 0.0010519210889929993, 0.011367057734531762, 0.22905426535098253, 0.005907573670245532, 0.0012271872152899244, 0.030519309385440778, 0.012217138595470372, 0.36405158236546953, 0.17985115745381761, 0.24073159641485148, 0.016149505770387106, 0.010354383874191221, 0.0059718821185386966, 0.17625652093209795, 3.1276853352915956e-05, 0.26091070951790962, 0.19076667965827043, 0.21950189827144218, 0.13731593793705726, 0.011615698739987385, 0.18079541603936183, 0.0042674898259834502, 0.010767828158457489, 0.14867687175743385, 0.015877882391630422, 0.10197505711557395, 0.011096211634020373, 0.17246101480849005, 0.068817811566715251, 0.071594399641032258, 0.070735684125088308, 0.0011774166682811708, 0.36198076100884014, 0.020747823549208337, 0.0048407449251024626, 0.32095648488638934, 0.023376899546105893, 0.037952519460221136, 0.097436819134087679, 0.15377613182242336, 0.0042694032713414681, 0.1560392099835827, 0.0006194560871777778, 0.017210062916292894, 0.018533441965714569, 0.028902631411977058, 0.0034823747787051354, 0.19886351203639596, 0.21604257983880673, 0.41350395775712478, 0.3010658791268227, 0.056745051191839306, 0.020740666652285657, 0.0050777147965733564, 0.016338324159425033, 0.19952372368705917, 0.021648632896977882, 0.021702619318507511, 0.0014794458726664584, 0.32026073816707962, 0.023501886856176626, 0.00094705373899656197, 0.0069475306217394971, 0.011428937038648923, 0.21148931155879139, 0.19476609586795843, 0.16808737764602022, 0.04124139296030678, 0.26500639496617245, 0.0014826407276355676, 0.17115308469849566, 0.21389894130834206, 0.010201891899855839, 0.06086782618522002, 0.20608816068420521, 0.38947555852617743, 0.32498509809851417, 0.082800861225631239, 0.0016203594592475933, 0.1049707485215312, 0.021058426990180949, 0.43811201578168829, 0.078562183201238284, 0.13208692339637521, 0.18683032930464158, 0.33884634003397457, 0.11075621383569942, 0.0014789607019083243, 0.14663005023082437, 0.019516612244501321, 0.0067293406846143213, 0.069656958526023924, 0.0031192572208205809, 0.12883587705537861, 0.13949748128776637, 0.0021577268990616029, 0.15382165847958484, 0.13561688257680138, 0.041150706446834093, 0.074496284953380162, 0.0046434004666575154, 0.18332376504320858, 0.0200907171716453, 0.29306379380645736, 0.014168626024868397, 0.00066166566103071137, 0.17559364291258053, 0.19636898022493468, 0.025708889927858025, 0.017026045023804261, 0.15223408988080592, 0.12918898129510034, 0.41959748217516502, 0.20588088781423433, 0.19781854688485409, 0.0013170448863306617, 0.011395100791521322, 0.020089379249902742, 0.0059581582600940703, 0.034975687310383655, 0.020175448809391643, 0.29902678684721717, 0.0068455217750596764, 0.017537029766771982, 0.22288585646922413, 0.0016315139446915347, 0.0082970918251086042, 0.0014704943093294632, 0.29170662871258096, 0.077500092085739852, 0.0057257972197948884, 0.023608549158230203, 0.014639383922524242, 0.0034321299807720087, 0.18771993400721748, 0.029531779204670455, 0.021390112448259325, 0.14557241868246226, 0.033799761943235286, 0.19608161455472695, 0.07145806335766712, 0.0052862133939160748, 0.21727770539669294, 0.036801117323239652, 0.003767229221331716, 0.49239018386430816, 0.34340719998705932, 0.0012535023568335754, 0.019838902049154353, 0.0084671721450873157, 0.010483583707690947, 0.35494055305723798, 0.0029545372102161988, 0.032251501775680098, 0.096058823182370454, 0.063006325185099799, 0.0011342352643405064, 0.035199042688225726, 6.4043750628691145e-05, 0.30670217405978228, 0.071559387586700246, 0.12459814261662219, 0.071546523895330713, 0.36893781057876879, 0.20342324579446211, 0.0010193804597986775, 0.043298742609425234, 0.058050384159027149, 0.018033611046287767, 0.077948484490029821, 0.0080076687692672791, 0.22877624015897588, 0.013541492654213833, 0.016806463930866773, 0.018337572566635263, 0.16739634026018052, 0.007965204451794685, 0.040303221764298049, 0.19614233255545693, 0.005692051289424605, 0.32272646114201098, 0.0082312710256068743, 0.016090506962256404, 1.1585538103912623e-05, 0.23274922368450934, 0.013260599458784163, 0.032910367572788916, 0.15607771448380547, 0.0022781370150872127, 0.040764920075851044, 0.42560001781553625, 0.030293937110204089, 0.014181775398791341, 0.035169928279557582, 0.078765076961139435, 0.34670929053191563, 0.0014773113829128705, 0.010583672970364057, 0.0082135536102595132, 0.22236126674315698, 0.14157226061030936, 0.017061081491324525, 0.0014755060513295703, 0.012769963821644045, 0.015350403042474505, 0.26843686797845168, 0.017960803499141434, 0.34552580158566709, 0.0077877666764984759, 0.01295473458709521, 0.0075737415049933312, 0.21075124214170493, 0.019507012935999123, 0.1412561702201186, 0.0053516889121809144, 0.00010874984953273767, 0.12258435253203272, 0.024288819580396765, 0.023616391660538989, 0.020205088119313271, 0.0057793438061551168, 0.0029343688561024608, 0.26271118998527465, 0.0074948041862945517, 0.013899057341886754, 0.026873938630506657, 0.026471145760480912, 0.00083974320643366443, 0.021212198676996308, 0.0014566508413872332, 0.15914232444141377, 0.18264261322977943, 0.0090045005785603233, 0.017442001228574467, 0.00040864316469024634, 0.04631665634188982, 0.0026024072243644811, 0.024599023376736872, 6.0210625946238108e-05, 0.042258265665924451, 0.0038879090534310982, 0.21707903299799147, 0.13834066564773362, 0.051587955303259915, 0.028857410928030743, 0.18866687431133486, 0.25011260200117175, 0.020118100658200536, 0.067786349497440779, 0.009870169120465018, 0.29987270743179956, 0.064220574817830597, 0.35404989758528882, 0.17623546722631947, 0.0011226602588016016, 0.01933126991547264, 0.07557065995043849, 0.0051263451053119033, 0.080577029149098506, 0.36277440038813008, 0.030507159650743448, 0.24617337619819044, 0.25718120139786643, 0.15524268184793494, 0.00012656914900742401, 0.10078527129625493, 0.010536922568022583, 0.049437576150169582, 0.051611490506524103, 0.034103163517520997, 0.47179991367099111, 0.056058707299302526, 0.076792969540265793, 0.11134971080022424, 0.21770614630585949, 0.2291373106666531, 0.0060327620019763415, 0.35838840330245536, 0.063054139956134278, 0.019164381744513358, 0.04119873877785471, 0.39865888275293226, 0.11172725408419554, 0.0063950260152971774, 0.031302548535470584, 0.032919982078651232, 0.024174234985727811, 0.20116548778560225, 0.032677933054550003, 0.17800667574061957, 0.31279084925389594, 0.055425460205809796, 0.38187448706976396, 0.47493453457420892, 0.27299912150314004, 0.23572394066656382, 0.0023577975964369407, 0.00021933108041556097, 0.00201514308380051, 0.14023170305865848, 0.34295578576931568, 0.0050889110771835501, 0.0028990481797822767, 0.071558607880072123, 0.03881655507830728, 0.019502971360946732, 0.35919613006252643, 0.007609808119084311, 0.25583141695279787, 0.053273345292953161, 0.069099362678700066, 0.013724258343596803, 0.062191733152689076, 0.19532081363505993, 0.0093204397362778788, 0.3222256175675306, 0.12372086357040679, 0.0020645829033404989, 0.20395155558820177, 0.32663581474899422, 0.022619478325773035, 0.004570877215508481, 0.079574149909478864, 0.0099205341029425988, 0.43876892295580538, 0.16457391056766293, 0.1598016714695292, 0.457691728081, 0.29762646445707047, 0.15716714075584093, 0.0057437719813587789, 0.26546715096836515, 0.042875900138687591, 0.43672228006997088, 0.0068787446750194717, 0.0024826088890200506, 0.005140847082148711, 0.0032751806503640906, 0.1874484089757677, 0.017326515203414071, 0.26345612394683021, 0.075706600269838956, 0.038346503059188908, 0.0091041461798698018, 0.0056431438806697166, 0.15044644534736906, 0.0025665823344209878, 0.032149159184634644, 0.23046090202043637, 0.0056679326738413869, 0.013389797054077699, 0.17831131367506667, 0.17003266751807652, 0.19480523153213583, 0.0064021629682265661, 0.3190103509114311, 0.0049948968785146217, 0.035123134718339964, 0.028386774611976157, 0.0016058900999539206, 7.0433674058672344e-05, 0.0050946293135999531, 0.2361316210469816, 0.071355855277460328, 0.20081813865113166, 0.11377450472726619, 0.14826762975350019, 0.071575439531227664, 0.0095253852953016763, 0.054169323370673268, 0.062465146412539294, 0.077205017273482016, 0.1962079986140651, 0.03332087363088649, 0.18888721370818518, 0.33545664424087529, 0.062970510405751481, 0.059547943850618762, 0.29263570379685033, 0.015741614315587418, 0.18181124054993672, 0.014412232332288709, 0.0010789712857346286, 2.9097867871866779e-05, 0.070663259637401013, 0.074387569141488974, 0.23745241419157087, 0.15729538576409527, 0.006868325812391979, 0.3100720605150355, 0.0052626181496262447, 0.13251986839164523, 0.0050485547863542007, 0.014945364986856341, 0.015432499979168419, 0.022141182544986038, 0.094491768285486055, 0.043033919114187823, 0.31929954862599141, 0.024632733094188074, 0.067247988142538781, 0.0088754562550921838, 0.041355061163552247, 0.17376228793201837, 0.25235457609625234, 0.01366199688314307, 0.36552888992992255, 0.0015797542616234753, 0.0031388772504909921, 0.0081049916665551051, 0.0034125562936295562, 0.02366892516405239, 0.038241881523099444, 3.2111407234962851e-05, 0.023357971304411362, 0.33723856663976176, 0.0015422005351539165, 0.15050089436807954, 0.0021754982828705539, 0.1178405894983108, 0.0014791843873527191, 0.0025440366360218137, 0.0017460752370666455, 0.0079666196511408525, 0.04837511219534902, 0.36621652070920918, 0.056373090054684556, 0.14384799135799461, 0.020117238906645647, 0.0073420291533809459, 0.19852211481295903, 0.0014854386917091829, 0.22292266296543947, 0.020120837770210245, 0.43169889453656413, 0.40049178041866618, 0.025026597213630208, 0.0083870723110533608, 0.014750176992272872, 0.15461674186941279, 0.028928072731759194, 0.00077956759425776355, 0.040688442204893149, 0.0011286000151902007, 0.21412469640672135, 0.014761340851922012, 0.0012325641846168275, 0.016080997265748225, 0.053152822555065836, 0.19819101377873416, 0.032869931207656938, 0.10700992093827751, 0.29550361976304884, 0.1571772006475779, 1.8443892811678701e-06, 0.038980342813540993, 0.047488580351678855, 0.12952049842986757, 0.01976284543255321, 0.00029350309691948494, 0.0030736708971647589, 0.22461106127345651, 0.17215731483298488, 0.019999003228031921, 0.0042986568123056486, 0.0052009857440848337, 0.48535329972037589, 0.16369502738554287, 0.057868349705141021, 0.0050709183618538574, 0.022341533249409712, 0.19984191554346145, 0.0088864190445802176, 0.11206548780899007, 0.47304466243764914, 0.0051816289247734546, 0.044323866280653018, 0.021424982717712829, 0.071541623008879132, 0.0031216153820220974, 0.0031230913297026789, 0.010592042250537566, 0.041536873907101514, 0.20165142819453288, 0.41811589861936233, 0.020645520907504121, 0.29989847908995537, 0.019962074973654747, 0.021053224509838972, 0.00041396538427909728, 0.34947686675761674, 0.036374943386880687, 0.0097720471345041811, 0.045904214275686507, 0.02049236293335498, 0.098261549201437301, 0.48799045960743043, 0.30236541239317516, 0.026130958011963908, 0.27066259530735681, 0.01429052913955803, 0.018758417908417955, 0.22406121894602396, 0.20540461817507247, 0.20235192382544626, 0.2247874898368501, 0.063304793869878945, 0.37787956601311445, 0.12421715334861033, 0.015395588936762959, 0.0055775139477984553, 0.20316002027404645, 0.027769835409098678, 0.0019127374452955793, 0.085067487503246289, 0.14436887887375843, 0.043428052345497549, 0.00109665430530684, 0.0051266488672180397, 0.45696534162915192, 0.29346095650722259, 0.013409514262322808, 0.015472469131890054, 0.019000953512727885, 0.19934255902934603, 0.098360663965874354, 0.14765044185749002, 0.016133855294114832, 0.20786104830156976, 0.45338211258215005, 0.01903232371994561, 0.054623298280499222, 0.022804058131071021, 0.083001700121290156, 0.082084329100931566, 0.054980280375543464, 0.0021820353319220586, 0.18662357488233675, 0.0027670497504061631, 0.023378251790011274, 0.0051961217357149713, 0.023446868382589112, 0.22466328937111948, 0.10139975423603455, 0.0014852921545471288, 0.19025012871038208, 0.039997736165363951, 0.017297569715843644, 0.041056470388799136, 2.9716692370128156e-06, 0.22560356270697493, 0.029387775950170763, 0.10435237614233001, 0.34415998266284648, 0.30844190611294481, 0.34039493957481554, 0.061930560917891085, 0.066983471201968736, 0.040349158877000038, 0.32676108491272204, 0.040279998582552601, 0.27950552446874111, 0.20840939321478191, 0.03551265092186083, 0.030756543598679954, 0.03828970100949685, 0.0035879609735654612, 0.053408457885319081, 3.1168200386763922e-05, 0.010154491313737794, 0.23175195158114434, 0.31747667308644806, 0.0023405234337108452, 0.30379362854047742, 0.05418746611271294, 0.0034805434657799433, 0.01751790107973383, 0.037120932030308154, 0.097029664745513167, 0.17937341688830033, 0.26781605111217921, 0.0016001135132091536, 7.7413104613855663e-05, 0.0016672955924338724, 0.067098963022543853, 0.36957303415553344, 0.048430057581977659, 0.063584595039807221, 0.0015294044338959854, 0.027807961484535373, 0.010114540050665286, 0.0025118095827062399, 0.08263127731242198, 0.30979794345746786, 0.073362076736767923, 0.36377105364303791, 0.0073161589398408186, 0.033545227277445515, 0.17242724659956993, 0.019009645417418519, 0.040234420466489451, 0.15222939945261424, 0.28452940029357165, 0.0031463734038319432, 0.011486948269741606, 0.14483908656354044, 0.00078726472832446603, 0.0051165706230750178, 0.26251124676393878, 0.072797976260044306, 0.097844839524195412, 0.016008919316117913, 0.0043385181777429206, 0.053976187435129629, 0.0016008385787997046, 0.20448346444183063, 0.0023075022095316103, 0.34182078727155146, 0.00096073006359152964, 0.069369266266243526, 0.27282008642530547, 0.056960214611046028, 0.00021098339373039907, 0.039430894279927943, 0.0022747768154354935, 0.06830776732948729, 0.013633480975478136, 1.7281715951707705e-05, 0.0082934237533368298, 0.21192496055540935, 0.10635011655658537, 0.0028118778404729546, 0.0071475195855690062, 0.021052947726348893, 0.2660140631302379, 0.0050945250245558659, 0.06401936921977798, 0.010555415707321856, 0.0043665430166187728, 0.28001536232940927, 0.010435379101790088, 0.12823857262936889, 0.13294016207418277, 0.090476687206094336, 0.063539615816567627, 0.10376148685639444, 0.0020585635437053084, 0.34924440383708688, 0.0014622881386060927, 0.11843136677423534, 0.013000258261020742, 0.046553323435280423, 0.017381335773767381, 0.0057826928366378309, 0.014109792831246448, 0.070259198915555141, 0.14283616905103685, 0.026527604331505833, 0.28938690443182125, 0.26232268859463564, 0.10166116024010236, 0.00010729992530844554, 0.075380537173495632, 0.028383208259597208, 0.2391538855963537, 0.20979359268740458, 0.23072124342953002, 0.0074874023428797088, 0.0070879490918714302, 0.32159274048360154, 0.060012020912767236, 0.21070978165532075, 0.002708206484220444, 0.011790914116230714, 0.012732051675508295, 0.019130415594000007, 0.27897281836727167, 0.041035974794401034, 0.010995900344408428, 0.4010623041088785, 0.30257949291451436, 0.33955305500277805, 0.1550391876765447, 0.0041187786496085831, 0.1071083714979634, 0.028139904810417241, 0.0012576685870928602, 0.041870695418090249, 0.39827090601590154, 0.19452194915241627, 0.021430145645621738, 0.016814787441216634, 0.02755158361989794, 0.041376038442486551, 0.051918398998711646, 0.15597209119428501, 0.30084258227698013, 0.0033412386918946443, 0.038617853064128065, 0.43856494450937339, 0.0011077825556223605, 0.14020615955843754, 0.00048454519535057297, 0.00078560519906286383, 0.070277195109320581, 0.39371191381961712, 0.41888016237864617, 0.041768647169948096, 0.022817306820841949, 0.027717438558117487, 0.485169730789002, 0.44418496914270056, 0.020601392925352392, 0.0047378525555528544, 0.0001655854060050874, 0.014764038772591562, 0.018874836173425804, 0.088179964977700948, 0.06163361014162224, 0.007534457597173555, 0.31873523074868271, 0.31490594325541427, 2.6615377590933799e-05, 0.16432839168657573, 0.44280873447619434, 0.0045816967200325211, 0.085489432222229114, 0.037233622246677152, 0.14144498715261763, 0.05381237474059699, 0.0036282835323393787, 0.04338461245622912, 0.26636166193435828, 0.039362986977716452, 0.00081674198636902688, 0.49019423437151277, 0.0074663271896518437, 0.27864052334237666, 0.1413744617221166, 0.010392585221575304, 0.28674607357479676, 0.42985603828633295, 0.24750690427484809, 0.3192313032070595, 0.021980678505875522, 0.021017591307690681, 0.025528082530189018, 0.060018151926021265, 0.019356071155830795, 0.022033143483841999, 0.001477455344756578, 0.27796518993811381, 0.32094727873931789, 0.33158913008142044, 0.055760479983735643, 0.47020648922342662, 0.053609184989196861, 0.0024936251763682422, 0.0012226640179389366, 0.12816675616706638, 0.0035965374797510071, 0.00068159791557102279, 0.42800965488074105, 0.040196836904910105, 0.001257307163782935, 0.019914364803943832, 0.012675758312868515, 0.07219205764081682, 0.475322378269528, 0.12967212466944716, 0.020264992666380575, 0.029034315561600299, 0.037208005411245595, 0.052175428775509063, 0.074000755807354657, 0.29861046278226583, 0.063019925201134919, 0.28611737367581769, 0.0012622417692536622, 0.30262198223456982, 0.011014431651151567, 0.0029496021067456492, 0.0020032197251027241, 0.027970335083768075, 0.095243158155064372, 0.31947745253679483, 0.036258954073275194, 0.0088258916296481207, 0.023482597998074103, 0.010896708918954176, 0.0010639821712577419, 0.0014208350011328883, 0.039918496906251287, 0.0057657846184987534, 0.28369797443538114, 0.026869485854019975, 0.012689427474928185, 0.1519651496055722, 0.00083505664393415256, 0.094943781815177486, 0.23432321546949336, 0.16709206802920579, 0.18970928076305285, 0.075912456419276145, 0.38005350962902346, 0.0013505435753811382, 2.4020503011295238e-05, 0.0020881217905426297, 0.11251504432682349, 0.013278562622534122, 0.048920425445129437, 0.019388847572609964, 0.017987871817165824, 0.19110748894349044, 0.23057558751854509, 0.40543086137503614, 0.2695829769438432, 0.34786707262385214, 0.47660127987300382, 0.022696672199211902, 0.052888048631389684, 0.14506536828995811, 0.060890303636832066, 0.0010840211013545234, 0.11021562516565239, 0.37791251109183294, 0.20335553730888217, 0.059618072962564252, 0.35950349695751938, 0.37348220812514504, 0.21798615377159031, 0.07010966872415561, 0.10985535999322953, 0.093719973170805618, 0.19042953095670745, 3.4574558943291863e-05, 0.27375187627456649, 0.19666184691625058, 0.0001134968784750679, 0.0017852288407823437, 0.30755612029938628, 0.0018970631367878884, 0.26033900402528282, 0.30994689990156632, 0.02587830197203559, 0.022985757319649275, 0.034794550747324099, 0.023711976487240355, 5.7127030245707669e-05, 0.19614106334798873, 0.41626509461720507, 0.0032826588513891935, 0.013552811349083279, 0.053667242842668002, 0.080015200125175517, 0.0043273170092456778, 0.013415016882385392, 1.0121909912010871e-05, 0.21925903990687248, 0.1574425399323213, 0.02685410242155575, 0.0014530687614138118, 0.020242482827246368, 0.011811991833788903, 0.38804790343954892, 0.0028177185259607887, 0.021433848120610267, 0.072544376845423475, 0.069950686958182934, 0.014560381141686042, 0.031412276161809277, 0.48180768659319195, 0.058155290487800104, 0.044144346301281195, 0.15313030334395578, 0.0040638526620162584, 0.0013828860927129244, 0.010348099365522596, 0.2243467162800096, 0.005990094953573691, 0.00058631514723423621, 0.41195706024855355, 0.35213094986013999, 0.038437660737048046, 0.0033409079814975644, 0.0080735567017589955, 0.35682180715320971, 0.018342219761008301, 0.05949575501846862, 0.0023954092094922892, 0.21977964458229551, 0.40248809848462125, 0.11093184434864331, 0.0015416041800633464, 0.067597452178412523, 0.18514543578930862, 0.0018266540356168307, 0.25336704266547139, 0.044611336806668629, 0.077833139023322673, 0.25625134183825304, 0.03993997239025162, 0.027609093053408813, 0.0064709901048247472, 0.067355664688778474, 0.027641732375262133, 0.0057138054064408495, 0.0086347218233920244, 0.034725939441823894, 0.41595014547292009, 0.012604495982050875, 0.31070064908923256, 0.037079318532040967, 0.038908601878627526, 0.19284661233579151, 0.074387730015082976, 0.43521772680219445, 0.25893859685139048, 0.0017308429145901304, 0.049382717096213301, 0.0088679616851019202, 0.12862696928381279, 0.020484617124405368, 0.32626455914105623, 0.015729283221613308, 0.015332496580163486, 0.078834965218748984, 0.099841806004346001, 0.024307717258784729, 0.42292242297566479, 0.010585038705346418, 0.019464572954826606, 0.27186008791156419, 0.00019194211902785337, 0.1857733074734671, 0.297620056734064, 0.0049603349709772945, 0.46156499574254278, 0.053751009826457967, 0.25993367797778794, 0.00014655359052990143, 0.02398578677109368, 0.20000579387916401, 0.16633065273011097, 0.23376984190859829, 0.19891785043731436, 3.489025061306671e-05, 0.0050672083284213449, 0.23397784571228084, 0.0065954954896192512, 0.38923480177221148, 0.079942560039450328, 0.02298032678409272, 0.1742102830236858, 0.0011252687527201378, 0.09561201859324335, 0.23707228634286176, 0.0013708229031413311, 0.42387936149800293, 0.29657662048443606, 0.046023795257388915, 0.046975105465526565, 0.03745962536535169, 0.017054431058794946, 0.00052269660755072849, 0.0014846599622096038, 0.046737523673345382, 0.30312329015722161, 0.068726952248910497, 0.013904105132621365, 0.21595395417541705, 0.22868679384210491, 0.026267049915056035, 0.07063716708045216, 0.0085191627202244186, 0.026388684674971501, 0.00075225695022041079, 0.097714954728470027, 0.25284432775552196, 0.0035888440009636032, 0.084109746011154007, 0.00014233855601158139, 0.02698639212873535, 0.011715082056799877, 0.0050116789263243821, 0.22961817824282732, 0.020193805084126173, 0.00096119213087093674, 0.026559309944691242, 0.10855224508357979, 0.063036648964124919, 0.19204055832772257, 0.26802007431075503, 0.11000256608651464, 0.067038626814867011, 0.056733511545371616, 0.059091767370599749, 0.30685041898068172, 0.0036615562786183214, 0.0086719120638791124, 0.030916436911304121, 0.14478666690016362, 0.035513697323026901, 0.020321050722379105, 0.012020084008315356, 0.0050169529713110046, 0.050298056696519745, 0.034184327554870962, 0.0051761506265165288, 0.085488148617633403, 0.013532705950318668, 0.0019945642962342575, 0.0039437543813118847, 0.31198180522568691, 0.0051062801101960931, 5.9072366496146895e-06, 0.0032824247918190469, 0.037263807816283301, 0.37884178250842077, 0.0010665165086676436, 0.002022216469621032, 0.016311089891817721, 0.067305149362975131, 0.010053338076615646, 0.042239067435500835, 0.024583653497800968, 0.043203903217590461, 0.016288299902214518, 0.24447601743614608, 0.0039456056711400095, 0.3174557937357545, 0.0050893081533710943, 0.047176183177575694, 0.29389088418238535, 0.13439255897373367, 0.029243812686579395, 0.0052359032875042306, 0.22352681153681267, 0.14525298324671415, 0.0001148389035207853, 0.01968193585860846, 0.3006469672876283, 0.0016956890688066221, 0.00719916363706323, 0.017823135105678404, 0.023892389009042878, 0.036733069449537331, 0.023624658916978104, 0.32781201806744392, 0.03595125043699221, 0.0012202776296149505, 0.23638453334707668, 0.051231229960293272, 0.16533610061848819, 0.040162254816520852, 0.12149288678192086, 0.061117674614964604, 0.00042623100272453556, 0.00115351353914867, 0.036696882877685265, 0.014464739570341849, 0.0027828181550177931, 0.010679113701877619, 0.18000848827455815, 0.045548938115308309, 0.014586532789477072, 0.023937837802176832, 0.16578188529691273, 0.0034319566244320763, 0.03764030437962973, 0.068379389978391908, 1.2428151533315987e-05, 0.0070113180156181568, 0.029746748647145087, 0.030772752467825182, 0.18116623688086972, 0.062672125692306957, 0.074418901796827502, 0.075526823319121916, 0.26023982934593753, 0.0053467829582341288, 0.06523235150622092, 0.015424407444563028, 0.025536045425427419, 0.21316145460300559, 0.036611556132350002, 0.00012668491173553471, 0.031312154427387003, 0.039068821756672006, 0.0028654503907503668, 0.052360961320136297, 0.10840343919996051, 0.38407096760318349, 0.31842520578419548, 0.31271692753271668, 0.010914119461065262, 0.0092189927267455254, 0.0075329629398383788, 0.0025695642752349979, 0.0056257720533960543, 0.0046360230991167881, 0.084360936363989572, 0.0010738901701265236, 0.051600860780851514, 0.00098827380348728605, 0.22303708874117875, 0.075592014404991095, 0.25143206153315717, 0.27597853619308854, 0.31903219576196173, 0.0032241661205329617, 0.26215847060724384, 0.082182694587402155, 0.26578074108331401, 0.14331113493094841, 0.0011280692612567309, 0.2314755482034008, 0.0054715506926934047, 0.032681554061259076, 0.015865921791271435, 0.060371556041939493, 0.0047576698430355554, 0.15260192341279269, 0.41928811070890654, 0.0067936481323813188, 0.045751355024019516, 0.0015902573712875394, 0.010981368429652473, 0.36289567007235635, 0.12067747487547012, 0.1175400855385826, 0.042911148656675203, 0.0073093702185757052, 0.024847807922542587, 0.073378170011178703, 0.0031425967624550467, 0.21618663605607724, 0.32041908776039352, 0.17947220409815359, 0.14494511149543313, 0.092527673886791686, 0.17225208008142245, 0.12723496575883828, 0.022349895831454619, 0.0014679040290992739, 0.21293942413910324, 0.0042424366261881027, 0.12499235037476482, 0.43028032619172163, 0.037008622144637737, 0.38791844297430017, 0.13406898154962713, 0.013132752087485856, 0.35162195077351582, 0.209891988932424, 0.066929301721939755, 0.23624857233564173, 0.092656414431807915, 0.020142918387963969, 0.018479099977277383, 0.041155912873825605, 0.18804913089033773, 0.019700649628523831, 0.0050658307256559714, 0.0010216030508957289, 0.055191122260041678, 0.055383605249327415, 0.0018567641355923922, 0.17757134660799698, 0.024199706357383131, 0.28862963249533719, 0.098161282943944786, 0.0065320900782257678, 0.021234668535221719, 0.050927073334052241, 0.028809059332714857, 0.37257407366187573, 0.0003991470037566278, 0.027049953204568773, 0.013104598420654232, 0.041260663968497369, 0.0087966241632945804, 0.0015385114290619878, 0.02341000428166097, 0.0043564544652006706, 0.012263708532581597, 0.22284769917344519, 0.25873529606542528, 0.36431320014310975, 0.0054251939448053252, 0.47912036737383218, 0.41406770234043794, 0.013345968907531029, 0.0013503117121032519, 0.017607990082126011, 0.062567193835095777, 0.018619065608647359, 0.018821761726881322, 0.18888239273324567, 0.020129651584234066, 0.021276931858184338, 0.1004591156546964, 0.036332729281150111, 0.33753078513318224, 0.00046700740577474499, 0.25341220620902061, 0.0028063288920847909, 0.0087277128161761027, 0.053955914003403119, 0.0044886771361981386, 0.067182443069026071, 0.037591979099959823, 0.26472571322807259, 0.16508260998087018, 0.0049221349813619499, 0.04056150870412395, 0.015805407287038081, 3.6019583577795715e-05, 0.47203040596888923, 0.027798129617671943, 0.26096383139609675, 0.024299060632298145, 0.012787766110258558, 0.0017414071890613921, 0.30279928626932989, 0.054442766726442049, 0.12912466523963531, 0.055075043688653652, 0.1791179753742691, 0.30994960395201726, 0.02464542116644822, 0.030045414406479256, 0.025732240919270764, 0.010956365314086849, 0.043515430490730478, 0.014471364149447203, 0.35421326711533885, 0.0017047641517054255, 1.722634079038041e-05, 0.052727990153226816, 0.0065978190186661732, 0.001539025738051526, 0.046095355120234958, 0.10102237742108547, 0.018772074672105125, 0.30690774619251943, 0.012538950066920873, 1.1625593118742459e-05, 0.018581719782732372, 0.06015178912916043, 0.13231825479957471, 0.40701609770770203, 0.22942191223969299, 0.0046927136400001807, 0.19139538110672677, 0.46002083786577908, 0.0092182994356511585, 0.0036108236644458629, 0.0028779540679303691, 0.011056846242322008, 0.0050661838245461121, 0.22800487765476465, 0.042306127772251054, 0.30168365993451624, 0.10309169176496469, 0.23815891869991085, 0.037457961331814879, 0.064228899817381349, 0.0045758325542877565, 0.092078764302803914, 0.20991810102461989, 0.014478736052665636, 0.07800667909841677, 0.15298741220727646, 0.12538563099963079, 0.097189341444383959, 0.1782532584976298, 0.2941916026012863, 0.334596536801958, 0.33456866814685232, 0.21950409778704402, 0.19948981772612343, 0.073043796561262836, 0.17097807772574336, 0.43232548094690404, 0.0032389117253786397, 0.012452117078594635, 0.16759428287475689, 0.30635182445790915, 0.33220261037278498, 0.42373858989053387, 0.42621151885542913, 0.17875412114418662, 0.23394773591906579, 0.010377795105442744, 0.10112090611066007, 0.082188527711215667, 0.058496890943279728, 0.021521226679021239, 0.17137813597877369, 0.061802009265622834, 0.0067422490007487358, 0.041340521982666578, 0.0032308366865061869, 0.039755142641810279, 0.13175183704721224, 0.0066979109082768952, 0.16154482804507847, 0.16648762223866781, 0.31572947068344526, 0.029617995719594205, 0.015657717513923374, 0.0049811768731368722, 0.47241852348927837, 0.029484362821434497, 0.020097467281650436, 0.011311901474761696, 0.020114207573940734, 0.16613603294979892, 0.060417591389376184, 0.036661283393580733, 0.018660427616314468, 0.046265285981660402, 0.074227674568391674, 0.074016951429082406, 0.05371178226625023, 0.0075463518838495879, 0.038206607618806648, 0.014295491300255004, 0.058414101028170663, 0.25891110238883724, 0.28086045472194326, 0.2496537184081567, 0.20098824728282916, 0.066203902521308158, 0.010910820920991231, 0.069928594262064034, 0.20219014297484142, 0.0002322096921074931, 0.04518213461578903, 0.003231182775965887, 0.07984271375063326, 0.19892936768137631, 0.052743089916053663, 0.0028086761809989181, 0.014949974086801538, 0.014525327400974515, 0.22224426863124552, 0.27650031440771006, 0.21887256910822855, 0.0081624829316639721, 0.020300963594180745, 0.051157389283578138, 0.16361582385560033, 0.040436065969427802, 0.012624056492493515, 0.21485024266834357, 0.0064673789660587488, 0.027825406393812018, 0.39628390752014564, 0.20384604356291791, 0.28610439817993705, 0.11681533696381857, 0.14780222808448493, 0.029575549318110708, 0.37154315394895815, 0.0096561493816604525, 0.20021413948720657, 0.0014809251839399123, 0.20116643753642494, 0.029249870804132175, 0.0032543488247561395, 0.0041277891762557537, 0.44452699665612982, 0.26836937707695369, 0.01793297592305395, 0.17677171226000118, 0.0096674694498090699, 0.40892268806336401, 0.31984284084057923, 0.20547571938511036, 0.00042661034393028297, 0.089021779705649007, 6.8616737863303533e-05, 0.19523624452794791, 0.20392701915889308, 0.35498938668092295, 0.0050938257826320145, 0.19589346123134824, 0.32704583688218952, 0.015158053606063751, 0.027158942222848721, 0.011871782529169771, 0.29203659936633142, 0.017936183317067481, 0.073405632678461105, 0.019175315743381955, 0.21073569410126367, 0.049671324458014865, 0.24636043779156566, 0.19166964412726978, 0.094102228153055259, 0.40002483671968225, 0.20506886131578875, 0.1943987970299203, 0.019489657543184297, 0.012534988698611381, 0.040793653891805115, 0.30225955117954756, 0.064170248003060537, 0.09757967156503454, 0.49519127798699697, 0.0063879578731307332, 0.36047641065433922, 0.055360325688041438, 0.0069270728542762724, 0.0018305014392954531, 0.25635677059452894, 0.15138863863199623, 0.053470591810753622, 0.15714182803505922, 0.080158888010990581, 0.00019495276369385216, 0.0002801734057705601, 0.31940392082250985, 0.054254978056001962, 0.020222879957726234, 0.042607039392500844, 0.056659617564080333, 0.0093394009449947989, 0.011729077311789904, 0.0042074615332865972, 0.0056256509342330818, 0.24436055128960305, 0.42550945722187561, 0.49682704318437715, 0.00508194094487463, 0.43794628460626583, 0.0014520674430347103, 0.0091153571985128825, 0.016295509882073358, 0.058768979426990983, 0.001503441609950702, 0.20416794392853255, 0.28590074478738764, 0.22260134221470282, 0.068300679344678927, 0.33428610600821651, 0.18639485300458955, 0.0045984795836631525, 0.018258697093959848, 0.0010408134241012012, 0.020216349498254921, 0.038587397810621295, 0.016978107911754158, 0.014563338379337858, 0.19011916070050627, 0.00012362887008649591, 0.028167294402754117, 0.014177382410214809, 0.34147329280219529, 0.001477779756162638, 0.42733948928028315, 0.15259289041821159, 0.0760360740732485, 0.0047388116186415641, 0.037477338946547999, 0.0056728252356858843, 0.40706294585830854, 0.082462263576832284, 0.0044386067316697208, 0.042089968497276906, 0.060700846335573454, 0.0051364780386418474, 0.17545054579009309, 0.012340475893169152, 0.0013655480173716942, 0.045256145864818478, 0.33286704362982633, 0.13422646073915256, 0.0084026804841088824, 0.0011277955041638136, 0.2361028555406201, 0.29553311059776455, 0.23170567373231346, 0.095298252509387685, 0.0028197324721636551, 0.056632341657037504, 0.0045264912209863409, 0.034981800278511721, 0.061136485341538059, 0.02247880042625278, 0.18543952536443586, 0.34544409496094908, 0.020168756116840953, 0.026229186108838065, 0.018478993289666495, 0.4667103864459371, 0.12373299789111898, 0.020484437932152693, 0.040693541649679511, 0.33464456239289347, 0.011387808518677463, 0.38776559310108816, 0.15089791047871356, 0.27073272632412326, 0.012842758956371414, 0.034930247005664293, 0.042633000363214449, 0.048960388753015616, 0.0079492323444472091, 0.0096685477261063968, 0.30565857385638856, 0.040480964797093365, 0.011854519559891931, 0.28318979376256326, 0.0014214625571707237, 0.22300868528152912, 0.01306042309453854, 0.022274020765348419, 0.0042229437994700855, 0.0013341244548647116, 0.27012753997960925, 0.00099647180765633577, 0.024042493895937878, 0.21476598746058245, 0.021145890549095325, 0.032846223807506854, 0.031088695266291246, 0.01815841390412402, 0.005426334776036195, 0.096226992062762015, 0.015854755151372975, 0.45810250056144802, 0.14351245097849064, 0.016242549059680495, 0.23236743549403158, 0.18738838151488207, 0.32671103034366361, 0.13298992566845921, 0.0069238307280421333, 0.018608843536056033, 0.31048966117705673, 0.023312289256002667, 0.021645182552854404, 0.023328921026711837, 0.011498887500043726, 0.0032355650283837647, 0.025534887346637388, 0.024861986454747246, 0.19076762394591568, 0.001732107659233555, 0.0091415384651919902, 0.17554329399861648, 0.41652290439843564, 0.015399809265670585, 0.00070930216448327746, 0.030758432529524579, 0.031841665619738592, 0.13790430553314889, 0.0043361262320627406, 0.0013000348538659979, 0.033963268164839848, 0.26475217832648346, 0.25046840040003915, 0.20183599868149185, 0.21046181049216914, 0.48339594417191334, 0.0055217840392797765, 0.30203835731237122, 0.031465030385965258, 0.0014449042000931069, 0.12790159524426495, 0.0040201117835262793, 0.0054589684514135149, 0.013385394733316212, 0.19839370159462386, 0.22846599668566478, 0.20071846767943366, 0.1157667311552895, 0.081142483886667671, 0.37763964961669944, 0.028864260660072156, 0.26050992912363757, 0.073878212590656453, 0.051345053435471369, 0.26078388118077966, 0.16186342733913958, 0.0050988210937618593, 0.0063550656373014547, 0.035747729433944012, 0.17655262946416561, 0.024307800061207863, 0.15547631436615639, 0.015221887489806964, 0.0014787136092408676, 0.09293800267110626, 0.28054447323742987, 0.095484612571924074, 0.052183808540320224, 0.17503583957656871, 0.054178108118799681, 0.1935256560363387, 0.36908399276770365, 0.36941349580712257, 0.1356342056764295, 0.18555023447309493, 0.3171134019030899, 0.17052286950597012, 0.0037930258062781035, 0.0096656754005754741, 0.0094030217022476898, 0.31388832848946691, 0.026123192887063464, 0.010806430104180621, 0.027203417575844199, 6.7533759051009186e-05, 0.14279351901097515, 0.0084990509514726951, 0.0022605612964486967, 1.6315192177226056e-05, 0.0015167179808882828, 0.023418080020116149, 0.3540047612471906, 0.021646854255986007, 0.017822536036621206, 0.0010451710206701213, 0.018836217694276486, 0.035227942966549887, 0.030397451725360253, 0.18363933509890093, 0.36869252141565478, 0.03342270482116149, 2.0209642405091347e-06, 0.26468815316989258, 0.22159883052931983, 0.18003943557234156, 0.39758160121900099, 0.13446333858107135, 0.049440288329089824, 0.17064176750799673, 0.016189866166599187, 0.035106211639817898, 0.052976411138842591, 0.012746310434726415, 0.016481296669911043, 0.20173567678498264, 0.21337728031547526, 0.40369684060670258, 0.0014068492597438538, 0.0089737478185992533, 0.014532153564627172, 0.0010821503681104629, 0.03079221074096624, 0.038039882276331996, 0.069362744793504294, 0.01991925805351847, 0.0092481793404119335, 0.35354913666130017, 0.25109462008592565, 0.012550181066374592, 0.19475238309479603, 0.047071817636314295, 0.0052919526331136621, 0.0089949645798163176, 0.0088405234112864418, 0.0043444429528916081, 0.2237500561223997, 0.23326835497595488, 0.018219241740343575, 0.078563145435996226, 0.019048777547991523, 0.31257216535222576, 0.33876361374209668, 0.23691841760755419, 0.0057433305368903044, 0.0016965042829599258, 0.024232253448765194, 0.0010784547044544012, 0.14691245449301701, 0.029668653696033342, 0.013020279427836862, 0.43701091671315706, 0.0015636441276430445, 0.012705665148743498, 0.081978516045903435, 0.016342802701229339, 0.047482749957968334, 0.015209193604386387, 0.010336265431503148, 0.25225827146547181, 0.48812976831754173, 0.0051721057514826424, 0.0061191805179842094, 0.024294033976853535, 0.24538894801829836, 0.047009435464178954, 0.0014733427451941298, 0.0099333154242786867, 0.027549662115167916, 0.015952383094772156, 0.00019827474085529892, 0.019839476051896444, 0.38681077612939957, 4.002728369784894e-05, 0.050604840795743213, 0.003957793368858183, 0.22216793326289028, 0.047246011189655067, 0.1355153345950664, 0.041723544355892844, 0.21738505466669025, 0.30723545759744469, 0.4282307294137368, 0.23558126096808038, 0.051553692919708877, 0.19053431755696376, 0.036600262870100424, 0.32382853439791126, 0.057430621795688017, 0.011277804264045647, 0.0035344957041558473, 0.0076871310046253147, 0.014615704279657082, 0.02751274506340836, 0.081096793955832414, 0.020107881031757785, 0.21874988002102688, 0.10050732402597018, 0.11297393514327964, 0.013863970496213456, 0.20356800433725838, 0.18941631810798645, 0.076564398887754015, 0.0052514462552314322, 0.057286893183856373, 0.015583761291966928, 0.016818359120481973, 0.17583091303110421, 0.16207970697992463, 0.06904265336743344, 0.20316785924525263, 0.1839636066844588, 0.15299235921852888, 0.091020265242610851, 0.025212872999379667, 0.00093829906554530797, 0.40567973212149627, 0.064588506796598985, 0.022259656720326201, 0.00025110648719904577, 0.2138294179642041, 0.0081056257601145459, 0.0038851920522369387, 0.0018812117846308647, 0.0014179988167999419, 0.0055528293407245922, 0.17778025650058435, 0.0039988973271910143, 0.020068786684654723, 0.0018305237284658683, 0.012640828217797502, 0.017104069995121998, 0.29768100075503112, 0.0029108358220908885, 0.11636290190885459, 0.0050858564647780274, 0.070308092841344705, 0.017136723294691333, 0.013090485929836221, 0.48290179381372461, 0.0015598283056064307, 0.0014263810381793765, 0.39060166154621262, 1.8367919123111156e-05, 0.11848826451713221, 0.0023696429485484897, 0.35589588166744585, 0.25574556070170312, 0.33632690947711941, 0.26642101783140254, 0.27444508090745601, 0.21433657656810598, 0.024863299586971921, 0.35038942571990989, 0.022819875537072151, 0.39302885396832993, 0.058393735552054786, 0.099015197770222496, 0.016545403529257936, 0.24164336417913476, 0.33924277777942308, 0.014329006772971106, 0.11156272346555979, 0.0085613081942226728, 1.5594566009265749e-05, 0.38639128395468958, 0.021609805831556781, 0.44216620909283844, 0.017807234320515793, 0.014139732918018176, 0.0079849502123820956, 0.021603063574997423, 0.0086229222204047273, 0.26794853110949324, 0.010613537986078956, 0.3487290432503809, 0.2377568387401951, 0.0031106043248121757, 0.090873917655214631, 0.0014163619248267285, 0.001063988740525091, 0.30731164542826989, 0.1814441090569246, 0.0544850020411854, 0.0016960295366973928, 0.22574628037634492, 0.13454989065295003, 0.19878975641208751, 0.034118215013995888, 0.023423172714333539, 0.050104127656574106, 0.36164195072779021, 0.40405811694989091, 0.021684259422044948, 0.43403252164715511, 0.0015934549481241428, 0.050677559142862656, 0.31330547263873737, 0.013219630481500603, 0.011934669780266857, 0.011550217695951487, 0.011432725395328322, 0.014265557819586216, 0.35538242465744002, 0.047632552169906847, 0.032026361122614089, 0.16594591364914701, 0.051259506663286367, 0.0017168658012810471, 0.21437948495591513, 0.07697160080888267, 0.088851822897710611, 0.11460607241911074, 0.024277826328506762, 0.098274471066885014, 0.023142417799753841, 0.01511616287126534, 0.04625155552908862, 0.0075694272245959322, 0.063728599563838653, 0.33056139846506682, 0.034509982319541339, 0.0010763953058223882, 0.025330410879797344, 0.043061151505551266, 0.064766333015359973, 0.25084733709997237, 0.067074890945361509, 0.0058103417298703977, 0.21944473645844195, 0.46807042720358405, 0.18065965501195513, 0.0062828922060388188, 0.0020004960452811704, 0.019575180888704021, 0.0019162176001213055, 0.010724144550144751, 0.39604201325647159, 0.00055516562162133333, 0.20484743508812292, 0.096618441068689165, 0.44251135034574363, 0.0044160547116979644, 0.35797976459032949, 0.22287934512512789, 0.26556949208570202, 0.04322486424273482, 0.0038137847348836177, 0.10235048948717627, 0.29618270649604117, 0.095246710320509909, 0.19404076139629242, 0.30453692876851057, 0.11958389582459064, 0.21271188759679979, 0.12815166173005327, 0.26651363494941849, 0.36677362340607372, 0.061984203086624667, 0.0033244133866084046, 0.041134530314863763, 0.0016503587808313182, 0.017401747201981198, 0.35375699532447269, 0.15473400243816901, 0.21881072119315623, 0.22332656321030253, 0.076245624451446822, 0.20276858999773609, 0.033442185590497088, 0.03853872013999244, 0.017255419114547435, 0.020137169174321949, 0.046448210094488587, 0.27634045185326772, 0.016103813094340936, 0.20621495415432459, 0.05071457670354125, 0.081141143469376439, 0.065636704866630965, 0.025772381082295435, 0.050515958854021603, 0.019924775412016836, 0.35421246679377549, 0.20922804574570439, 0.075026851403215633, 0.032076277174614566, 0.0057147451963335937, 0.00092280907044376022, 0.0083724545002212009, 0.18772208817277503, 0.024344155255227672, 0.0019837368571479753, 0.030168073151197718, 0.008536513986355198, 0.29199179910473766, 0.35695114957922702, 0.11834192176173609, 0.40971778003039072, 0.16616314978475819, 0.21612370934834663, 0.0055045637541605618, 0.015099691547916457, 0.0095482963259550576, 0.16434891431062182, 0.20039761413721183, 0.065795272477705544, 0.13332911429227023, 0.41195454309679685, 0.17381271027004294, 0.24318967566695313, 0.26816178273603403, 0.21832083139599323, 0.013895757839183899, 0.0054191320908087565, 0.23437314580837559, 0.023870520275951219, 0.013124791251181352, 0.0098801119551319237, 0.30494516948612232, 0.10455210810085225, 0.3740736299668373, 0.016685113591960624, 0.018183850310695603, 0.18040665318509258, 0.013809368303266432, 0.097694415422250325, 0.0047030843139854494, 0.0051008682124302216, 0.048157951337338377, 0.19255274250804347, 0.0057652426930305837, 0.071379629018089141, 0.22823165814182297, 0.00074725257434261731, 0.015986728991391693, 0.0039150386442675985, 0.45771892516244195, 0.11317867834106166, 0.35271436512960425, 0.29330610896057924, 0.011960311535664498, 0.092662223753969805, 0.048993845248313544, 0.23863979390432041, 0.033045158597784771, 0.2989807576284646, 0.0012302366731087838, 0.043045252791445228, 1.6457095658346006e-05, 0.2399370049806831, 0.0732824525126375, 0.0091451332403646186, 0.0086469743470361741, 0.0438126181518253, 0.058716921010669276, 0.037512755770539377, 0.05086041279849899, 0.010856089217960741, 0.36252992042373899, 0.026063330830181253, 0.095341629729763372, 0.061732492030148987, 0.0027632503738571302, 0.17370192568111958, 0.20024625386216449, 0.045581990596677412, 0.20365452632034103, 0.33714320799614722, 0.0095370372854997297, 0.022417557647393622, 0.26962735663778403, 0.21431440855111186, 0.005526003751408607, 0.024181760869993366, 6.7445470575522209e-05, 0.0014702811022501657, 0.071946337463924634, 0.059633610815795116, 0.24140367972985427, 0.34833786713073078, 0.18718093003187636, 0.076693206654165597, 0.18716384131717911, 0.0018911168281290117, 0.0014852751000428569, 0.019923785114260729, 0.032538165469576295, 0.073075997033120496, 0.0015280223967714624, 0.21788385574384522, 0.19629117793208908, 0.0046248463533812168, 0.005640893607458358, 0.0011924497490946125, 0.23952980720334158, 0.0215674740404081, 0.022676488319080573, 0.26291258459979777, 0.046170066134689651, 0.24720254349807744, 0.32001971622135333, 0.2608097916024788, 0.30501609553030273, 0.29760348210340992, 0.018824869614315554, 0.013760250449165947, 0.14316192733064495, 0.025494983427280772, 0.32476515359340269, 0.055017455433014173, 0.053017127736497534, 1.9505351571447306e-05, 0.33860303855766433, 0.27312897743305703, 0.068904991107333835, 0.1719302499737152, 0.054624779324398166, 0.26022530086258611, 0.051505217257988137, 0.22332306577125224, 0.35349115900602285, 0.0058365320236348174, 0.025654770844236882, 0.40372535176523228, 0.0072193359362490925, 0.3442333073977823, 0.25557919228854886, 0.35623086613185911, 0.012825650836865163, 0.005838503718070715, 0.033795292890312321, 0.22921469609506229, 0.0023897842458273132, 0.0043428988729567984, 0.021116493119126004, 0.0020317958704641416, 0.070352764166206352, 0.31219560006706648, 0.014104945278528814, 0.25977680912434287, 0.073490371734337978, 0.022276515483894057, 0.15495551491303336, 0.013256439643351119, 0.026351669420334404, 0.019809424996398144, 0.14641751528226049, 0.086582120205537252, 0.14051660104654598, 0.013739196083156555, 0.29767049824663311, 0.03072854606804841, 0.0014912231768378517, 0.0025560636267374648, 0.071599235293515417, 0.019208159906288033, 0.30158204974121006, 0.12496645528381828, 0.19627571541230962, 0.0052262076844219393, 0.23039016201707271, 0.016967845469938233, 1.7382682370415253e-05, 0.0030472903897813129, 0.21081594695069766, 0.016811021610054135, 0.00053716287248465667, 0.49464253415948223, 0.20281351011619944, 0.11344877278677837, 0.0010810716448384106, 0.00058172277510099436, 0.056315838681045227, 0.0027122559913235035, 0.13669498752120149, 0.11213241404047539, 0.0096904082487932128, 0.0030255092340207819, 0.013534632045502735, 0.025528029505103966, 0.089649763751297309, 0.35854206940612332, 0.029123811136996459, 0.030429178753443357, 0.039010384227420369, 2.2148484489044829e-05, 0.17694250553114479, 0.39821695138348151, 0.017576935148931831, 0.022881296790095918, 0.22745226742841348, 2.8963869182364265e-06, 0.059855713851418885, 0.044789026055719224, 0.024045715841896211, 0.020147378202839988, 0.021654690264544026, 0.20209902637741467, 0.37540678464130084, 0.12571657352204343, 0.26291880011502194, 0.35015244921199229, 0.25999191486112316, 0.088142504717084388, 0.32536205621096614, 0.29514991110743266, 0.0040324273953068028, 0.17714090357739506, 0.32546842857975711, 0.01470422404549194, 0.0042194034498126273, 0.25090329780089221, 0.012607722972034925, 0.1563205467384193, 0.030401318720557478, 0.0037909112098974359, 0.0040831241411368197, 0.31065591924748659, 0.0062251787112371174, 0.016060214491855174, 0.017571812880823705, 0.39653496458833637, 0.0084094029238466882, 0.021618210240444503, 0.0014429367688476391, 0.33846081963588309, 0.028734525903342606, 0.028587434794942756, 0.010117371948165263, 0.07115572622114083, 0.24135044073336959, 0.18552561501829393, 0.069993897802952149, 0.015416599411548685, 0.31991885778734497, 0.1905607022982895, 0.076147058623712377, 0.019035735153661661, 0.004255429669840753, 0.013419637387803293, 0.024120218674035437, 0.0037386424480671562, 0.021285555278750437, 0.033568088849325967, 0.063087055696532363, 0.041113569439173277, 0.000218282184876211, 0.0032461233719021927, 0.016233183393711777, 0.035058997383926468, 0.06002526501047542, 0.21783676339474001, 0.0098996482317866182, 0.0056029186569903442, 0.28914785751874522, 0.23458189365125731, 0.37205015156918564, 0.0030523567298700242, 0.012676651886393206, 0.073307532924629729, 0.029185090535109717, 0.024118713042629365, 0.3970050747357452, 0.0026893062599056151, 0.27353376046280264, 0.29892037666037002, 0.026589661607539339, 0.038915665697887673, 0.010157308997528336, 0.040159512461846202, 0.4120254398443704, 0.23674757055320661, 0.1946065667824782, 0.001552619028990469, 0.0015054982853595898, 0.0024950354838010249, 0.20374934454291535, 0.0080729697625507111, 0.30211564228660248, 0.0056745093430767913, 0.14900844416778536, 0.0084447807479393448, 0.00066987193554972281, 0.06445397631120138, 0.0014114842221993984, 0.020783427539622756, 0.071158856345765895, 0.014531595373531148, 0.04561865790364155, 0.089192967083299837, 0.33004885146520752, 0.0015391340177506605, 0.036122593640438502, 0.47922932299182203, 0.0082172922777702245, 0.0010705436049559521, 0.0042842431998074944, 0.001636602785979549, 0.38679775118088533, 0.0073456256366088409, 0.05204275340772626, 0.031834145691086085, 0.44445181235614645, 0.031159828006501265, 0.22234428180966295, 0.13010690833841601, 0.13144034768130311, 0.48198667077173135, 0.025545473391718095, 0.024776597855838568, 0.020353626865430546, 0.4860752083433435, 0.020404474182753807, 0.18133543478605207, 0.25221834554709527, 0.38919531281648806, 0.0044718197725519288, 0.22514654068214049, 0.002002795353859328, 0.00099805064105378894, 0.10163323941923963, 0.019340850620015133, 0.17475295293292445, 0.0024541579902585633, 0.038091060205812328, 0.035565702057950524, 0.023094842562031245, 0.36646644475052248, 0.013833841520656448, 0.014228497822563137, 0.32816237787070685, 0.013869276092304901, 0.34257124247547172, 0.17847758636994732, 0.014928115148093784, 0.036420181384399321, 0.16655521543822208, 0.16434561509054613, 0.031199755121945342, 0.041853194695098815, 0.32207356602075693, 0.19757864523504384, 0.019740910458508783, 0.082154169596815915, 0.0026351231585912626, 0.0029939982255041942, 0.10021196480855404, 0.047340643704096193, 0.009241958588991064, 0.0054582552417991237, 0.19626366861223365, 0.0061018394893464483, 0.026992937764676837, 0.082482348564692887, 0.25191617185102494, 0.0057783423712704481, 0.0032782679755128364, 0.27535022355304395, 0.0039573384219961684, 0.18484969122961839, 0.010640395034757067, 0.0020652150943943721, 0.0013323178992376875, 0.016290011557435848, 0.0089192916699389162, 0.029392944615191506, 0.0032742450257656941, 0.04431237531062069, 0.14834953406496326, 0.40622877227583176, 0.0014787885309512456, 0.031776536581995911, 0.0013413625123186799, 0.021611573276199416, 0.015968341262015347, 0.26296061841702428, 0.26585603164729155, 0.0025097244081496396, 0.42658457990131721, 0.066141656721810757, 0.041272410133841628, 0.28298826157493789, 0.26601736573254842, 0.0016402373638833873, 0.0034489740860835327, 0.21473884932844842, 0.066690362045341997, 0.014033317735319238, 0.0039273023705645631, 0.061792187484068194, 0.0018982822659424311, 0.0020881263066189811, 0.26802949592553177, 0.073100748121251877, 0.020243321166866838, 0.19923148484998848, 0.067921904370769157, 0.35689790946209432, 0.0024551299059610569, 0.011035368574584196, 0.32024827170297654, 0.19755504414749411, 0.012526920336386542, 0.0014390378507907046, 0.057041934341612296, 0.17584656521544498, 0.490821906195472, 0.16219938346465942, 0.33524469467468138, 0.27123300530085653, 0.015362468120379719, 0.020064971144867209, 0.0052860293327428171, 0.050290787369514284, 0.014577624628310564, 8.6918243809795497e-05, 0.041725840333546524, 0.24394073177763884, 0.00022310554277298202, 0.067841966652483543, 0.0056531300419951618, 0.0052406147215609293, 0.24452405066671715, 0.029922653161507697, 0.28556258680965813, 0.32009367248467852, 0.00053386287142531382, 0.010140399398843451, 0.20627127480408011, 0.06251036740849103, 0.26145024558769597, 0.034940270882458088, 0.31946177418035837, 0.049555920190720845, 0.15769937154059374, 0.041831616833420245, 0.024364336777325888, 0.035120263846693596, 0.037155773366520511, 0.023868688708293555, 0.24285999481016834, 0.05186300711352855, 0.41378413794519003, 0.053927837594511786, 0.021922500007476007, 4.9092698344651844e-05, 0.050962149717509737, 0.0014322609586848603, 0.0010073374469635517, 0.042946726765027511, 0.044885731942522857, 0.04142075050467732, 0.3575652338211705, 0.01298194435943628, 0.31122868657193997, 0.30009364135036587, 0.3170788459140666, 0.20851674274287166, 0.27214792102522029, 0.022886622427830062, 0.014037170379128815, 0.13185373139693968, 0.15590504860931906, 0.0026215632714635456, 0.17328186270112866, 0.037193624307173621, 0.0076676549848145488, 0.44446047728415539, 0.01095087390882481, 0.41093112509837032, 0.26483506644740734, 0.00495266884214222, 0.060951718612650661, 0.35060866516466904, 0.060816726671020706, 0.0096965531372848399, 0.0081805054577813036, 0.0012101548017038619, 0.11919939241096365, 0.0062417981681194661, 5.8780695980073144e-05, 0.03491754741391611, 0.0048764409024521652, 0.016431213725243896, 0.17352361685183229, 0.060350608299826289, 0.073247153382796373, 0.21806860628000557, 0.017715332223789019, 0.20897748450331621, 0.27715644463938899, 0.28676384743819899, 0.014317501889846648, 0.031372962607591891, 0.0010025598115172701, 0.17034117041141073, 0.038261112293780548, 0.046371256560062815, 0.16655189124745701, 0.18517337605535963, 0.48490963120006664, 0.019172633522909616, 0.011699977918095076, 0.068099244195943112, 0.065971537641529424, 0.38329106170259264, 0.47738662969595508, 0.0060246270374583379, 0.21142547848542939, 0.2491705055572741, 0.097995518914115745, 0.00013540207950949267, 0.13077462169257292, 0.14771948604832663, 0.21040326784815067, 0.27027580796109163, 0.41373057439709476, 0.076094164702316322, 0.0061684830226372139, 0.0049341097295216426, 0.0071489037754923013, 0.40492033145542261, 0.0051328816694049739, 0.15409857083261916, 0.011201792129837072, 0.18639917224977501, 0.37482813664925624, 0.0012705476478504769, 0.024577063327455143, 0.021781418441366985, 0.27618198999885646, 0.028424401847490986, 0.0012097638649480101, 0.0032818092782636288, 0.023060594197424282, 0.011830042303974253, 0.48877409655121362, 0.056282495476019392, 0.0035500389549133443, 0.002097555344041338, 0.023522162106772545, 0.06598008005489775, 0.0038339637411538173, 0.20709030799857692, 0.21814279301805731, 0.13413332058956018, 0.057944802605249583, 0.035004693368163059, 0.00033116971525493262, 0.0019409874645552345, 0.0014656334120769926, 0.019093665636556678, 0.0052579719585462061, 0.020528980731610556, 0.44991688730876861, 0.00086883054993098878, 0.13341834399726241, 0.13341834399726241, 0.064962059484545656, 0.010170973866722747, 0.021078816808922339, 0.026572556618551051, 0.35272645007837944, 0.021464710289091873, 0.2138684873553918, 0.033033296501258295, 0.03947867049756431, 0.0061903879165853912, 0.0014782796926437521, 0.14526084024678576, 0.086730047300112315, 0.0054680837518047178, 0.054338831283954815, 0.12232402812601782, 0.41965264007332587, 0.0077153433360219832, 0.09132311655354021, 0.31847642474109855, 0.0026341406273221288, 0.042039854100089757, 0.017256635616150519, 0.02407385802466137, 0.15209094053312133, 0.19935446060465911, 0.08328978000782955, 0.012907191923375473, 0.0043989404498876042, 0.15488684509333683, 0.40801366544621875, 0.013010759797130246, 0.38343813392583043, 0.26506846480399748, 0.18596093658173796, 0.0028114431434022383, 0.030189829933917087, 0.038773818448014676, 0.066499948764347311, 0.0050676800646391063, 0.0075811890901450003, 0.0049471003240091817, 0.17438330581986899, 0.018067527007033391, 0.1120724530551221, 0.066539292829075933, 0.012873998857901768, 0.094141071300566453, 0.021134101303115098, 0.46912540088011945, 0.048778826276937054, 0.011976570566937988, 0.013637797262533315, 0.067639114882452667, 0.0020254000751901689, 0.0047151560576757841, 0.020155753569671898, 0.3792022317012339, 0.030716954418362554, 5.5894589619839576e-05, 0.018462809780275632, 3.4257696281317477e-06, 0.20027110250122893, 0.029311334955297658, 0.022585270884656904, 0.048475957750188731, 0.078905659204543607, 0.17604072640786295, 0.022790404212125869, 0.0060429054364282836, 0.32622939974122833, 0.0067126269024339602, 0.026852645033279138, 0.0050978798188640673, 3.2716654051348437e-05, 0.020148391832209477, 0.20372956835009712, 0.32201788743106047, 0.041087459467404129, 0.35212244416475469, 0.04168529118767407, 0.040357190633580689, 0.015406864946372049, 0.15950196812890288, 0.015465829964181372, 0.11124730864775331, 0.004281606765136896, 0.16119687486506501, 0.0098004109200066705, 0.004538781266090231, 0.00032958421617000806, 0.020333494942477718, 0.11615221678361215, 0.22963883063283966, 0.015849561758315055, 0.22081257819130598, 0.34132870633424045, 0.0053107556791663771, 0.0019712953097581871, 0.067971100529095482, 0.17533526890873688, 0.35598800555488103, 2.8688182069558158e-05, 0.00044618402176008112, 0.01894260047237371, 0.0034651318163583418, 0.068370182680023428, 0.41061601580573598, 0.048699272904756154, 0.13123788438852432, 0.010905628416052894, 0.10244711701742286, 0.0015044652128838817, 0.2027722510334653, 0.31070963793456985, 0.40381986762826122, 0.023989133364087922, 0.22490553585267903, 0.028007639434211862, 0.03558338276901412, 0.27480839926645179, 0.18254643527573244, 0.21652614452004895, 0.011726496017566616, 0.01560969260544854, 0.14857317257723934, 0.21273342344677032, 0.0076829853637153528, 0.029114737712258875, 0.21845363489673519, 0.061344553901055671, 0.020084461170784492, 0.17457183491489564, 0.00055252109567026234, 0.22068035273307232, 0.046322827907469451, 0.23923479223741442, 0.31977421963023867, 0.018422245116642116, 0.0025224624600684912, 0.087567544353214857, 0.3624525457170506, 0.12144008751077913, 0.043518136762630222, 0.01288599575016341, 0.36954939583688134, 0.020330243379954066, 0.054670874866808543, 0.0048503492517444702, 0.19328205105797208, 0.027966666908781565, 0.019923513591420132, 0.045894929414055888, 0.0019299380648594917, 0.17548815822487049, 0.40335857928812363, 0.43866102940795509, 0.0029328323404330951, 0.0060842479732285282, 0.31756563440438812, 0.016459719466625, 0.3158222390763914, 0.23406777632425443, 0.016045124684435464, 0.32379845140071079, 0.42836937373784378, 0.020329390735900326, 0.0032893117318320095, 0.0010504312205126441, 0.17143318411279804, 0.017438851366071699, 0.01278275465516648, 0.302518171323645, 0.0076843426284699968, 0.073256375854631225, 0.014358409568594337, 0.2714554244805501, 0.096029653473495083, 0.19035797731664136, 0.0082008205773749631, 0.19287747449471673, 0.0191397817557796, 0.15416976743330815, 0.14854667074427372, 0.19972912731557738, 0.043130993958967676, 0.12905960330415955, 0.012319704775431255, 0.084583437577514631, 0.02549492000799753, 0.0025290280407835844, 0.026457320092851355, 0.0014463319726658931, 0.0014769663184697427, 0.47927135731158482, 0.35029278504475181, 2.9514581831228224e-06, 0.091003765217299817, 0.0050937932075542708, 0.23824721647417141, 0.016387746690701626, 0.27257295691083105, 0.016951345414534497, 0.033535340151873642, 0.0015534021023548639, 0.0908704365624384, 0.038977930856070694, 0.45735174151282465, 0.30500639560843368, 0.21234647243697535, 0.0012112389403871207, 0.032849949048399732, 0.26192120518544942, 0.26718693879206346, 0.21022648755807896, 0.3204164715627858, 0.14165779007952145, 0.23734905420364288, 0.01706753789399125, 0.035363959093525882, 0.057596555014500915, 0.16747620940875685, 0.0091975519985265982, 0.0014587006069676496, 0.00053835796099898595, 0.068271717560998632, 0.19828229465824193, 0.0026878430332430148, 0.055770222227379554, 0.026405691468715169, 0.088728690858858941, 0.011714800387822921, 0.14323362002630877, 0.0051074733341569785, 0.40211831525742048, 0.24438281720635882, 0.0085714213833712923, 0.0014478283682269582, 0.25141172132108963, 1.9355435534738171e-05, 0.049685598536846211, 0.001082238444883392, 0.0012587373728751251, 0.0014866647117450342, 0.28410313835597156, 0.11085372870616721, 0.15187328077365678, 0.0039029933813878163, 0.29608464359228526, 0.0059172291757825851, 0.00098115201582249121, 0.048139890676246071, 0.042494541085413021, 0.0036196606969005167, 0.06042166835943194, 0.42788225405884722, 0.11897703675789849, 0.18852033461105505, 0.31670405442198368, 0.088249238255388635, 0.0198467531963736, 0.17208170107428328, 0.33591859985071354, 0.26564233405139664, 0.0073400772244862069, 0.24659799366909368, 0.0089821228692201164, 0.23482331456853309, 0.43302355736780596, 0.021093282150770318, 0.0043793700285484106, 0.067625047869972643, 0.3189524247872394, 0.30040738356777252, 0.00315695368559744, 0.0028985663742727391, 0.3384922033980251, 0.0036896519929491001, 0.02048640567312086, 0.020106043728296958, 0.0040503091270406221, 0.18182571493558947, 0.32988195716823848, 0.013339521052757949, 0.020361863466760478, 0.012628607339460571, 0.25572298142727523, 0.00021787196161291664, 0.013795041486133006, 0.068335660586343064, 0.002653770627812478, 0.21660236790236495, 0.0041896635897997608, 0.47245887366434353, 4.7845010098068683e-05, 0.00036417740641749198, 3.4619539840820453e-06, 2.2848048558352928e-05, 6.854809164169927e-05, 0.00098297780159912942, 1.312007183947735e-05, 4.8961335110662528e-05, 5.0971319276645246e-05, 0.00042090552462050715, 0.00013135343225924154, 2.2699107252474962e-05, 4.3423786844184109e-06, 5.5155242265313941e-06, 5.1824224413859287e-06, 1.054723158142642e-05, 4.023172669898773e-05, 5.334594889435486e-05, 1.6232524846723563e-05, 7.4869948678012345e-06, 1.838508271480165e-05, 0.01457012418856383, 5.7102034919281411e-05, 0.00019991039086628647, 4.9240671588277567e-06, 6.7623693968826536e-05, 2.3638123591113596e-06, 2.2926397048544603e-05, 2.2937977281488225e-05, 0.0010397469874734344, 0.00085773136310622155, 2.3638130495451931e-05, 2.3469875677480552e-05, 7.4961648572365011e-06, 1.4478007931185649e-06, 1.1210814766306624e-05, 0.082184957134518413, 1.0744526472819615e-05, 0.00037283244208890175, 6.5777870062667872e-05, 3.2919539883383721e-05, 1.0741497383451406e-05, 7.7991895547992211e-06, 8.2748474843285766e-06, 3.4374609436947521e-06, 7.5141475369705315e-05, 1.6467328898258048e-05, 6.1773710316540661e-06, 7.2407255014165971e-06, 1.7250319680690728e-05, 3.2904524850587023e-06, 2.6228781721822782e-05, 1.0334990800397823e-05, 1.6896058115498872e-05, 1.1470061592866046e-05, 1.5948270762565981e-05, 2.4268950017907358e-05, 4.9375961724863274e-05, 1.7448099106090352e-05, 1.7028005846858673e-05, 3.9595588811115597e-06, 0.00027946574168077833, 0.013023735727732237, 2.4818796344415471e-05, 0.0028248359853642099, 6.0399922598427176e-05, 3.5458314649777484e-05, 3.4968555235941799e-05, 0.00020901401537412592, 2.7177210831163719e-05, 6.1893993504330398e-05, 5.860224249537918e-06, 3.8296194977074783e-05, 1.3479707616225719e-05, 1.8507626342864476e-05, 3.1802828843976781e-05, 3.9691717734655763e-05, 5.8590334301438413e-05, 0.00049206933330926651, 6.7613735584690237e-05, 0.0004549942252125177, 2.3485902250744659e-06, 2.9117710128297524e-05, 3.5020514262909712e-06, 7.49534982115976e-05, 0.005110753936980867, 1.4220646893932685e-05, 8.3996951246595897e-05, 0.00010396546491144036, 2.7893342094203719e-05, 1.7913390988136921e-06, 1.4150544944271452e-05, 1.1079587915539038e-05, 5.3879323645407326e-05, 0.0014144947548634149, 2.3498049866797768e-05, 0.00021776840071670344, 0.00029213030675199949, 0.004421814381107933, 0.062910082847380769, 5.7149589481294728e-05, 4.4034368779354148e-06, 5.8888271694535955e-06, 4.580889566800214e-05, 7.5284426193183453e-05, 5.2339001740893882e-06, 0.015815817545164413, 4.1198958274965184e-06, 0.00025585053464320472, 9.7071267874461185e-05, 5.2865012873085176e-06, 2.190434600151301e-05, 0.00052834055409596667, 3.8131978218569041e-06, 6.2270174443026695e-06, 2.2036937498767941e-05, 5.8607981438935936e-05, 1.0305145607482059e-05, 5.8972431130882653e-05, 0.013442355821460486, 7.0321168659560644e-06, 2.0476903742309424e-05, 2.1686876347934148e-06, 5.0933825075397552e-05, 2.5887954052634237e-06, 0.00016221334104807257, 8.4473928520510123e-06, 2.2788052499337566e-05, 0.0012551271446730686, 3.1860402561836178e-05, 3.5429765350252889e-06, 2.7855107459935478e-06, 0.00035523670029702684, 6.7795366283730464e-06, 1.9513095330109757e-05, 4.7345139651385536e-05, 1.4953555965785785e-05, 1.035249788343237e-05, 6.929259710775604e-06, 3.2341347362359227e-06, 3.1925766430254321e-05, 1.7606595582499276e-06, 2.3735569185836889e-06, 6.3065576901404882e-05, 3.5819951456400726e-06, 2.088688227757687e-05, 3.6981151750938926e-05, 0.0037918910925173947, 9.5020106358044471e-06, 4.0913968633755073e-05, 1.9766796795583431e-06, 3.6696225290987786e-05, 0.00055105317024832187, 2.508055970535289e-05, 2.4016882943934741e-05, 1.752481533345866e-05, 5.6283321290825111e-05, 0.0014337290126013199, 0.015997690047613394, 4.1285558795820678e-06, 0.00030636011988421946, 0.030564416648613979, 0.00015118964446919733, 5.7231300677447954e-05, 0.00011059843349949509, 9.0922299475226357e-06, 5.1061339785320802e-05, 0.00036933584993254046, 4.0927537769666679e-06, 1.4416474629564648e-05, 3.0610154199621184e-05, 3.872571695091703e-05, 1.4114990162026795e-05, 0.004927471968211727, 2.3878855039625082e-05, 3.3465078283307014e-05, 0.022917763037735378, 4.3227568749885924e-05, 1.7100549597972088e-05, 1.0298526851882234e-05, 2.3468871807843398e-05, 7.9489511652844154e-05, 0.00034453228736346108, 0.00098517202681953886, 2.3402969428004357e-05, 0.00034681971252107263, 3.5018783858763243e-06, 2.1706325789816005e-05, 1.0879114310827441e-05, 2.3157188131978524e-05, 1.6399254125365519e-05, 8.5069383873652061e-06, 1.0337867211756312e-05, 7.0845074821344003e-05, 9.224079338240117e-05, 1.3223077017030805e-05, 3.7581732664283597e-05, 0.00019246917618574047, 2.212212268891604e-05, 2.5455317990157127e-05, 4.2958521286195983e-05, 2.8657530228109525e-06, 0.00014056111811252089, 3.4142821812069113e-05, 2.2541445461334967e-05, 0.012737039998361843, 1.9441023974166032e-05, 1.0760034270328608e-05, 0.15273139886536627, 4.479712432876978e-06, 0.20542278131537897, 1.7952241476642922e-05, 0.00041910273429794621, 7.2474137293078122e-05, 6.1712038453250371e-05, 0.0028962964927434437, 6.7424947477664384e-05, 1.957710495353805e-05, 4.3395960688204976e-06, 4.3269315813080814e-05, 0.00053067260131718099, 1.0456348257696186e-05, 0.0001224005790264746, 6.8176626181034981e-05, 2.2487939422343975e-06, 0.022505624735217496, 3.8611752760902948e-05, 6.3655058997875236e-06, 1.6847449274855559e-05, 1.3595320333143137e-05, 1.4368938954070146e-05, 0.00021294571574077438, 0.00078566049252057346, 4.4935068684811666e-06, 7.2545775386205681e-06, 2.4453644715383468e-05, 2.1161349932555503e-05, 1.2258499659961169e-05, 2.4888707538135898e-05, 1.1783725456455663e-05, 3.033156133821312e-06, 6.1570949982273493e-06, 1.3259001916984691e-05, 1.4632887058401498e-05, 1.7259219472888124e-05, 0.00013958943798232613, 0.2650733524098034, 3.4617653349731611e-06, 0.00016656146898019484, 0.0001163979896434091, 3.3509066377249828e-05, 5.5518382547382477e-06, 1.0068380604218714e-05, 0.012253831637557458, 0.00015469128517494967, 7.4120444832908305e-06, 9.6379309176118203e-06, 0.00080433392593951729, 2.2670168805364274e-05, 6.7355782724733737e-05, 6.6674630206440104e-06, 0.025255792259533463, 1.1003635035839744e-05, 4.4604460292308907e-06, 1.2894993584083363e-05, 2.3499115762038843e-05, 2.5170280287404141e-05, 2.3030598719930928e-05, 4.4924307147289648e-06, 3.1928201749102799e-06, 1.0498030750410648e-05, 8.3576167662925282e-06, 1.9968132177637927e-05, 1.6769184905752126e-05, 2.3398306641002753e-05, 6.712413384901297e-06, 1.8666248635374022e-05, 2.047221180255682e-05, 0.00016442920892022715, 0.001270596359545002, 3.124475340272767e-05, 3.997568968141234e-06, 2.1850362241510607e-05, 3.8821956304356666e-06, 3.295094819740273e-05, 6.5282296582148315e-05, 1.1722489788642731e-05, 0.0068893523556535106, 1.5836158050411332e-06, 2.0001867267810312e-05, 3.3619151775737497e-05, 1.1562714511155498e-05, 0.0065204827682794975, 8.7674631025824937e-05, 0.00015473874328089706, 4.1791430373429337e-06, 3.2468809899264605e-05, 0.000404636464813185, 0.0020484868729518909, 8.6601680870589489e-05, 7.8533385115664536e-06, 0.00024667295306763905, 4.0068159782477542e-06, 3.2380579068626738e-06, 6.9468065593665692e-05, 2.0788557938960653e-06, 4.2475886407476515e-06, 5.2144554184781379e-06, 0.00038409885035094193, 0.0021461090340295654, 0.0079133767168918494, 1.0106077791262401e-05, 2.3447178198051351e-05, 1.7756568844339241e-05, 1.0549181874017493e-05, 2.2308957722955324e-05, 2.1883999180222461e-05, 0.00028832086982525019, 1.6738510137119957e-05, 6.2592483748888337e-06, 5.0337184279422609e-05, 5.6518674571468747e-06, 2.2662061451225291e-05, 2.2580667291639195e-05, 0.00013159725217888867, 1.4966354074182556e-06, 2.1913746713470167e-06, 2.2143097310899171e-05, 4.7550570532124363e-05, 0.049055951149706983, 2.8405175315356142e-05, 0.0008718726783146475, 0.00014448417823754919, 0.029985658148058664, 3.9603467019635516e-06, 2.1396974673349615e-05, 0.00084541250016917911, 9.736610461889409e-05, 1.3603523874033736e-05, 5.9406457105391385e-06, 1.3209285966443771e-05, 6.049985885580863e-06, 8.037403365329676e-06, 9.2865699649453186e-05, 1.2607138956476877e-05, 1.1230424721446842e-05, 2.2188357601918019e-05, 0.00068557446983732724, 0.00022210755198738159, 1.0444303966094484e-05, 1.8787483198780062e-05, 0.00056032554577367102, 6.9699945029508706e-06, 8.2661473634611979e-06, 0.0001367102481147133, 4.9469760173563027e-06, 2.5482742842712721e-05, 7.9986229205214666e-05, 0.00010134684287641038, 0.053884465816601529, 2.4044098160925564e-06, 1.6676164192485604e-05, 1.1143987605860283e-05, 9.4628457958087094e-06, 0.01481405487214092, 0.00010649735735270984, 9.5826986974018091e-06, 1.7841996315515685e-05, 3.0621925181722639e-05, 3.653874365992957e-05, 5.425320660494311e-06, 8.588669121927222e-05, 1.2922018747103488e-05, 3.8372391381592972e-05, 4.2485211569292478e-06, 5.607638146334903e-05, 3.5316094340421034e-06, 1.6716603021003791e-05, 2.710309650203383e-05, 3.6760191834124405e-06, 1.2133091276556225e-05, 1.0719643944086424e-05, 1.8308544051564452e-05, 2.9713257568928159e-05, 0.0013090946116024623, 3.2719079202610567e-06, 2.4243713976267951e-05, 0.016091629516845628, 1.4786382204341183e-05, 2.3532361900656772e-05, 2.4025561630546863e-05, 0.0018187558568968001, 3.6683360904125744e-06, 2.5343925742559833e-06, 1.6992443906101984e-05, 2.3482405381522516e-05, 2.2820037274407477e-05, 4.5146843420464465e-06, 7.2704410234442527e-05, 2.3908293477677146e-05, 9.6753862743960901e-06, 2.9909904174196812e-06, 6.6725761950096244e-06, 2.3316647018641916e-05, 7.3668446504162916e-06, 6.7967697070073397e-06, 9.7662960921246288e-06, 2.0360004336545505e-05, 0.0012543453769497156, 0.0098694483801959488, 2.2671259975615841e-05, 5.4906876834669026e-05, 0.013763482648116925, 1.5716801421640795e-05, 0.0035829568450881396, 7.7409827576317639e-06, 1.4217955504702854e-05, 2.0765477965355132e-05, 2.099035668262181e-05, 2.8240854964266048e-05, 0.014881617928299095, 5.7116732603475666e-05, 2.0228372140802406e-05, 1.5260100592766169e-05, 0.040698392472126206, 3.2974764119122068e-05, 9.5878337473500326e-06, 3.3779015986484485e-05, 2.6262997145393189e-05, 0.00010956786238147368, 1.6599630478275038e-05, 8.11031103391504e-05, 0.00034741218235829607, 1.4969716570519661e-06, 5.6899513769260886e-06, 1.04788991630232e-05, 2.3396077499461016e-06, 1.7328338277750152e-05, 0.052208121270670919, 1.0286187316298238e-05, 8.3829396722635645e-05, 0.00038346785087903484, 2.1120146784247691e-05, 3.3922910237431777e-06, 9.68577694696177e-06, 3.5113340373571386e-06, 2.2190256983555105e-05, 5.838220230295798e-05, 3.9052209458351435e-06, 2.0187741175798133e-05, 5.7996050864142478e-06, 5.0352705677248641e-06, 0.00069212674659271608, 0.002049606311913546, 8.9421602376984017e-06, 7.5604132370012171e-05, 1.3850807021728928e-05, 2.344060490729548e-05, 1.07116401831517e-05, 9.0085719716910542e-05, 1.9859279757174661e-05, 1.1891819247932221e-05, 0.0012071165037134631, 6.8024053124690785e-06, 0.038236136314253613, 3.0940625760352144e-05, 0.00035383305494079124, 9.7671599325716907e-06, 2.1106127808745047e-05, 0.068692018008888439, 5.5628735018068159e-06, 2.1267418023467385e-05, 0.011565482807282786, 5.9732155684823128e-06, 0.0037168826999249686, 2.3522377020246877e-05, 1.5801374662247194e-05, 9.965196921997698e-05, 7.4573277426040757e-06, 3.3044214340907644e-05, 5.468296943870681e-05, 5.0499872999650142e-05, 2.2543653902907849e-05, 1.5348913130262202e-06, 0.004125521078071146, 3.5826489742791035e-06, 4.1376753887833059e-06, 1.6747209100294423e-05, 7.6639374056785315e-06, 6.9891917377677929e-06, 3.4702387798897721e-06, 0.0017187722906946009, 1.3045366256384048e-05, 2.7993714275661951e-05, 2.3986528500652645e-05, 4.7507152547221089e-05, 1.6726921292107509e-05, 1.1847441143537138e-05, 3.9371987790225515e-06, 2.1430277667463759e-05, 2.3567374277961949e-05, 1.0360788790447416e-05, 0.019039930640867907, 3.7270791669909072e-05, 1.2005296879140132e-05, 7.5382337284275464e-05, 1.108429179431524e-05, 2.4139024028806567e-05, 1.0634749150551555e-05, 0.00026297501898227233, 0.00031637772058147753, 2.3412963320828538e-05, 0.061618930112130495, 0.0014778386446130112, 1.8553616789606304e-05, 3.0848970070823004e-06, 8.8664249733697013e-06, 7.5548904198523173e-05, 3.8709154942295341e-05, 0.0002858165631316002, 1.2089840373031091e-05, 7.0817263950950443e-06, 2.0373461252270255e-06, 0.0001081487532971349, 1.0036546329328038e-05, 1.6781943651806649e-05, 9.5951333658723097e-06, 3.0702119049923292e-05, 5.7651305887197896e-06, 0.00092346607632352081, 5.3320087344954665e-05, 1.1236140652405639e-05, 2.8411906016032002e-06, 3.887809419655168e-06, 3.1772331757730578e-06, 0.00036958117413375457, 7.482432846556768e-05, 0.00011644823525622407, 9.1196193487622638e-06, 0.00031476387512620845, 8.7346812778350849e-05, 1.7609124094334601e-05, 5.5080885951968012e-05, 7.7252250897909679e-06, 0.00017379200185772546, 1.3746452490369515e-05, 1.5671855465235802e-05, 0.00084423427142261813, 2.3059012474908748e-05, 8.2607503637357466e-06, 0.0031528867594205934, 8.5397589360090684e-06, 0.36320384363596131, 5.7478411266512935e-06, 0.00088536962361946954, 1.4010603775142224e-05, 2.101591238674907e-05, 1.1070161208685275e-05, 4.0922505790928612e-06, 2.5350704655089429e-05, 2.0038678848427296e-06, 0.01304935107612437, 0.00028828677780155348, 5.8517390651424175e-06, 1.1447416432868058e-05, 2.4796224325710176e-05, 3.5141972429398924e-06, 4.7820367980086404e-05, 0.0001766539299176336, 5.0242792670899826e-06, 1.558570920449394e-05, 0.044716249444488876, 6.6393935836617834e-05, 5.2746081039208214e-05, 0.00011885742262066507, 0.00010786080239930852, 2.2945600094109924e-05, 4.0004606833806632e-06, 4.1228379486916255e-05, 6.5651787823722789e-05, 4.7411830661342754e-05, 9.9172204664391671e-06, 2.335512286912481e-05, 2.0611913320613382e-05, 8.4872619751833833e-05, 0.00034260057270053725, 0.0010612851230318585, 0.000359688441034837, 1.1273912355812139e-05, 0.40775238160442506, 1.4381059035158761e-06, 1.6842374883753949e-05, 2.0213650383919902e-05, 0.0063237723780613132, 3.2622706146269293e-05, 5.1078354969145299e-05, 2.9783591467548834e-05, 0.0024459840892287008, 0.027291649636586222, 2.2235498301887281e-05, 1.8766191229248876e-05, 0.00039326776999388364, 3.2547410933871612e-06, 0.0014433506627998004, 1.595710075618658e-05, 1.1807214492354708e-05, 4.5139968893992468e-06, 0.04774768979290165, 0.0068742047004114711, 0.02677941398332093, 0.056865928876018886, 2.5258279678314166e-05, 1.0197670628190474e-05, 2.091612694203022e-06, 0.00014285191526653486, 1.1590266993557711e-05, 0.00012465864185929747, 0.031640505693898854, 0.0001883397344117624, 0.086022526756907164, 3.7821527469334687e-06, 9.9889455123302921e-06, 5.5210594971277542e-05, 2.1004480517597108e-06, 4.2970956125678768e-06, 1.7996347196489168e-05, 0.0064022388964000265, 1.647385035260948e-05, 5.7534813831741762e-06, 0.00085115394638160546, 1.4257785345639199e-05, 0.0064236065098987535, 0.00017381595738230607, 0.00029970151268779823, 2.5800005046568317e-05, 1.4557692886864998e-05, 0.0031558067874538809, 1.7641044574641656e-05, 1.3159590032304403e-05, 0.0026344059920846308, 0.00039406494434995193, 0.00011772655841343504, 0.019393166864810959, 1.2124847866156398e-05, 2.1924553616905927e-06, 0.0010720571481167278, 0.00015851073215173881, 0.0012223001816487951, 2.0607288906549882e-05, 0.0074703168651260267, 0.001503187073656781, 0.00020202279079565693, 4.4675995431601815e-06, 8.4744528327347475e-05, 7.9223696897264353e-05, 9.5501802350799237e-05, 2.4359936648512055e-05, 9.1599909754066126e-06, 2.0614277865546936e-06, 0.00033322804814188656, 5.6047543911379241e-05, 3.3102547982129694e-05, 5.8388112650869411e-05, 7.2010605048307161e-05, 4.2515253947450183e-06, 3.4224748602296757e-06, 1.8232444909078496e-05, 0.018313568228579859, 0.0018484473685294951, 3.361209763779969e-05, 3.965454388909974e-06, 6.957009320547719e-06, 7.7734869053693021e-05, 3.8672743596819629e-05, 1.1336568078784854e-05, 0.0078597138039103592, 2.8891542529571305e-05, 2.3594907940470081e-06, 1.5451607284758449e-05, 1.6928006543631056e-05, 2.6482009146146698e-06, 1.2871880692925253e-05, 1.0567776421264371e-05, 0.0010962548949358232, 2.1850654010869115e-05, 6.8900818566208698e-06, 1.0158010481445583e-05, 0.00026800210484635522, 1.305027143722993e-05, 1.172660560617771e-05, 5.7535867136396566e-05, 4.1592635924440545e-05, 1.3417423856179828e-05, 2.3453850972577022e-06, 1.4589730796650149e-06, 2.1310109721018561e-05, 3.2992415459419192e-05, 0.00020955220969559176, 9.5522951596781599e-06, 2.3297098304011277e-05, 0.021977300922640695, 4.208419798914545e-05, 5.3224487443489961e-05, 4.1349457873569339e-06, 2.749632888981651e-05, 0.013812764138489557, 0.00043085789178168429, 2.6803986263367605e-06, 7.1823163103245462e-05, 0.012020075675296437, 1.9973484117051417e-06, 9.1700654287303759e-05, 6.6537744444231495e-06, 8.845638658945982e-05, 0.025283839291551556, 1.7904167339943768e-05, 1.6719483811160656e-05, 3.3761440657101874e-06, 5.6710600058257597e-05, 1.0044134281116827e-05, 0.0017906787014225123, 0.00011852915432446638, 8.7461926739113535e-06, 2.3109001908569845e-05, 7.6144668487474055e-06, 3.2227495103672158e-06, 0.011596739415767993, 6.5760775352017407e-05, 9.6693187934841088e-06, 5.834345172352232e-06, 3.6409085922947444e-05, 1.72637770489855e-05, 4.5679568073086146e-06, 3.5513970714364507e-06, 4.3635293774048739e-05, 0.0002165655362202326, 0.00083513754244054323, 2.1929711317275169e-05, 1.3911918917391509e-05, 5.3381070803625911e-05, 2.3427091395125518e-05, 3.9937077141001737e-06, 2.3973104701463474e-05, 1.7276021910869943e-06, 1.8474867933901736e-06, 2.3953491352900603e-06, 5.5570259559685897e-05, 1.0817850691502169e-05, 2.8520258395068402e-06, 2.1586363445984405e-05, 2.4124761251230229e-05, 1.2327819615651203e-05, 2.2407168271540295e-05, 3.1416432323332195e-05, 1.3984861925794976e-05, 5.1879389268268419e-05, 1.829977301290658e-05, 0.031986851007889755, 3.0139004666859544e-05, 4.8616112914421062e-05, 0.00010105305110364026, 6.7613839291308401e-06, 2.4675697919221964e-05, 2.8165059021423818e-05, 0.013856495543372658, 2.9537804812390626e-06, 0.0035823071516892136, 0.02745793147107628, 0.070264852157009977, 2.9071469633512133e-05, 0.00025548089860788866, 0.003952549450373365, 1.0194509194360177e-05, 3.2614786849010044e-05, 2.2615569824280103e-05, 9.0520107464772833e-05, 6.9727119531352242e-05, 4.2306673117788516e-05, 2.800524799579903e-05, 9.6200748963193135e-05, 4.0642442383264178e-05, 1.6353460098864126e-05, 2.3042350296849616e-05, 0.00021055382838585559, 9.7448962992324046e-05, 0.0038617209680232075, 7.0540986304246472e-05, 1.6037962584608582e-05, 4.277522573919587e-06, 3.1579643370737088e-05, 0.021661922203630855, 0.0002145084524327, 0.00054039822507302888, 0.00012317845538230865, 0.0025222342935986514, 1.0668977848033137e-05, 3.8842364756832701e-05, 5.1843579131263241e-05, 3.1464938421388518e-05, 0.00010247105863866103, 2.139022488638089e-06, 7.8641524431060354e-05, 3.5086202601651714e-06, 0.0007805900630179954, 1.4925524556290464e-05, 0.017939013285850746, 0.0012490023892133581, 0.0004442495548292538, 8.6746281893931211e-06, 3.2861723142932019e-06, 5.0718988614853495e-06, 0.00792059957847778, 2.2344204511573346e-06, 0.0017674908654266058, 3.6487613197201876e-05, 2.2442441078362549e-06, 8.4580212254718894e-05, 0.048401573535508106, 2.8976841244325795e-05, 2.5467015950908433e-05, 0.002985752542180798, 2.3440476292365918e-05, 8.7657879485568524e-05, 0.016412540448042464, 2.6570449069887086e-05, 1.5390329042645889e-06, 0.011096150548117965, 6.0911414827851364e-05, 9.5252906411048732e-06, 1.1813229041401307e-05, 1.1768241955494273e-05, 1.8937772504913052e-06, 0.00042185817515992768, 0.06631174173421428, 1.8288506067031605e-05, 1.4255190068512815e-05, 6.2846638085490842e-06, 1.6293848631039039e-05, 0.0002598787543569209, 2.1681937643370226e-05, 6.619197290062961e-05, 1.8277060016769313e-05, 4.0715263185157582e-06, 0.0071507579474437231, 0.00034933323443391538, 4.8836037272008355e-06, 1.5963887618208076e-06, 0.039273330293025717, 2.1736396887630542e-05, 2.9962273557042824e-05, 4.099358152631518e-06, 1.3677060044170107e-05, 2.7106430336195587e-05, 5.663181697796505e-05, 2.9186744033268307e-06, 0.0041431559894835202, 2.7920053021159674e-06, 0.0019502031840468463, 6.0582787997098076e-06, 0.0003407687414033669, 3.3862015220818348e-05, 1.176662874887982e-05, 2.8207396040639248e-06, 0.0042134698360637842, 4.3938332467860207e-05, 3.1106589599471557e-05, 1.3020087571659728e-05, 0.00046690821247509539, 2.2027682544795403e-05, 2.0640338063042048e-06, 1.6706119125120263e-06, 5.4298981535539043e-06, 2.0167490101461688e-05, 1.4577690770759613e-05, 0.00036374441631328153, 3.3021103696757984e-06, 1.8122774219564886e-05, 0.0028184219098414129, 0.00042016352623616698, 0.00037421835209999749, 0.00017596482172080021, 0.01034421090741121, 2.9849630311368385e-05, 9.2946716125681976e-05, 1.4666682639199314e-05, 5.0778871434241396e-06, 2.8838798937560512e-05, 0.011711413270886421, 1.1475889112554019e-05, 0.00040529734022140014, 1.346391055520261e-05, 0.0040538869184518272, 0.00073219841973346108, 0.00047739046073768445, 7.7159828549699835e-05, 2.996134680075067e-05, 0.0012642749827583987, 1.1607564123062876e-05, 9.1141503573248483e-06, 1.6431779155716321e-05, 0.00033906885802495028, 0.0015744153329587246, 0.00014316399559690762, 0.00065458650767531918, 1.0681337662946674e-05, 2.55387758095018e-05, 7.3414602705832152e-06, 1.0549442807643333e-05, 0.00014070412751389529, 6.8209848471137381e-05, 5.3674240274608554e-05, 2.652902198471896e-05, 0.0010280524796653051, 0.012247202182897045, 2.3428830126738476e-06, 9.3288438516518913e-06, 2.8363319060227036e-06, 8.4504719833100586e-05, 7.3495066789220593e-06, 3.0060198810093073e-06, 4.4050568481115894e-05, 0.0023362511103871891, 0.00010797038462149425, 0.0010708607988957925, 7.6329401658830803e-06, 2.086077629663873e-06, 1.1123059114470783e-05, 2.3185647263358887e-05, 8.7894906294578375e-06, 0.00022978929974475857, 9.969363301211574e-06, 1.2099170721637636e-05, 4.9404803933647155e-05, 2.8446626262520675e-05, 0.00015975756440087411, 2.2036036762382872e-05, 1.1951103005062511e-05, 1.4523519246665545e-06, 1.031333993201807e-05, 1.3315337944639463e-05, 1.7405163325475123e-05, 2.3328477124715179e-05, 0.00038334141616577652, 4.3698006216514548e-05, 1.0689659805201803e-05, 7.2752876075766754e-06, 4.6437581228808802e-06, 4.6319498269524646e-06, 1.7103794127172657e-05, 5.1129908677808018e-06, 1.7386289995133717e-05, 5.1299190882321218e-05, 4.5086438892944166e-05, 0.00077277689715545938, 7.4323458196598867e-05, 3.7918980124414807e-05, 6.3870289416249806e-06, 4.2780681308395192e-05, 4.1204965811648114e-06, 2.444565766094063e-05, 8.0866662043919914e-06, 7.8299601492641885e-06, 2.0679365059373762e-05, 4.8842155349753707e-06, 4.2644958380737528e-06, 0.00015164859976305828, 1.8606888419119804e-05, 0.00023225561156101689, 3.9347670220403696e-06, 2.0652989354016929e-05, 0.0087566818532652177, 0.00020219425588765945, 1.483743147791931e-05, 5.8981263532473143e-05, 7.7119575970565931e-06, 0.00036791093747072913, 0.015464536628693673, 2.0964000507209109e-06, 6.7436836832572529e-06, 2.0561859146321636e-05, 9.8197129914961135e-06, 0.00081620410044451702, 1.7503386655661463e-05, 1.5621917235171844e-05, 1.4868226494639473e-05, 4.6831259597339243e-05, 5.4571140007316528e-05, 6.5571971036503949e-06, 3.1794973968633664e-06, 9.5032470790249783e-05, 1.6778196597298202e-05, 1.0820383118261338e-05, 0.00025093051908232303, 1.886569696596866e-06, 6.3913801479761771e-06, 5.0845474849428568e-05, 0.00048372201865692118, 2.518511398249652e-05, 0.00012190717972979659, 0.035391694876519803, 1.1556085713575068e-05, 9.5133816648530984e-06, 5.5072165542858098e-05, 3.2277395366606739e-05, 0.046797054947811757, 1.6158662296439893e-05, 4.0782442961886e-05, 2.5082927195570255e-06, 5.8205253988261701e-06, 1.7024195374184934e-05, 3.5606568947028944e-06, 1.2151931183950655e-05, 1.985648520090901e-05, 1.7249088129639007e-05, 1.0617453702741245e-05, 0.0023920234625067274, 9.4875654836130018e-06, 4.0087542652907585e-06, 0.00035830697192199516, 4.1429085916972437e-06, 5.6956010045666566e-06, 5.9089075465980065e-06, 7.863514580860386e-05, 2.7858108384825113e-06, 0.00012931856244137043, 1.4453916961035208e-05, 7.3099039442451136e-05, 1.0558876634907807e-05, 5.5732158583447353e-05, 0.00021615620889444599, 0.00058188964177096866, 5.1231239828015003e-05, 0.0030266671440744631, 0.00012828038009124324, 2.941192619940256e-06, 0.00100801759216607, 6.6266030574402299e-06, 4.191047701834454e-05, 2.7783264532980881e-06, 1.932604254330043e-05, 0.0014158748153821239, 6.7932910364005728e-06, 2.7475453375564756e-06, 1.1690777620801508e-05, 1.2681915710504147e-05, 2.7569944382448751e-06, 7.779549897397155e-06, 7.0821536557256496e-06, 2.7245494775595441e-05, 2.1796701688840439e-06, 0.00034593774892369323, 2.47264984076046e-05, 2.964973153473911e-06, 0.0042525497392114746, 0.00015024291106052894, 1.0368078348339887e-05, 2.9224522146456632e-06, 0.00012029383028752331, 0.00098661582550066147, 1.0179092565257773e-05, 0.01745272527340436, 0.0001240731347332678, 8.1226897914898232e-06, 8.6069985017012623e-05, 0.0007374555360030574, 5.6068617370032942e-06, 1.7970284650974486e-05, 1.0292638181673084e-05, 0.034860985865478519, 0.00012508343203818917, 0.00010400354435791309, 2.2853334422278701e-05, 6.2110067922825825e-06, 2.0586186709249734e-06, 1.2795561382763852e-05, 2.0026927443429631e-06, 3.9924386462936865e-06, 4.406919190101846e-06, 0.00014005835204137902, 3.1871700945675624e-06, 7.5441937371428956e-05, 8.027032071114332e-06, 0.00025258010856517088, 2.0924382952775547e-06, 3.1104643425990011e-05, 1.1038225535543336e-05, 1.8092099884239247e-06, 3.9286461656863919e-06, 2.0656366818049021e-06, 3.5106832594092334e-06, 2.9831438918379994e-05, 2.9543850490625823e-05, 4.8616999263961781e-05, 5.447214211150268e-06, 3.5054291055949016e-05, 0.00046711567629926685, 1.0016948280095563e-05, 0.00018887958479539766, 2.345754180537361e-05, 1.4189574107625376e-05, 2.1729976394501758e-06, 1.7973321638595845e-06, 0.00012789037484579465, 4.1569605064999907e-06, 2.0838252644772374e-06, 1.6194837569380103e-06, 1.3693520077896733e-05, 2.7004559475095105e-05, 0.0002415217302625603, 9.9926250682064928e-05, 1.160127646427622e-05, 2.9189213920833475e-05, 1.2951171491864565e-05, 2.8378582902348086e-06, 5.8246366361261186e-06, 2.511100621293283e-06, 2.8478774394167431e-05, 5.3862745094027262e-06, 5.8472965298748321e-06, 2.5363032486986423e-05, 1.1843218785924754e-05, 0.0065675348634839179, 6.5955377847019475e-05, 0.001894861398154051, 4.6977493329883822e-06, 2.0810270727556728e-05, 3.5703343362943367e-06, 1.6821504148733963e-05, 2.3094771756380247e-05, 0.00013829735381413609, 0.00017921139377683159, 0.49523151375339397, 1.047148244135131e-05, 2.0654326546916755e-06, 3.7336645108727575e-06, 4.5816359849632957e-05, 8.521049219465233e-06, 8.2144308781348125e-05, 2.2643124718349339e-05, 6.8086217670348158e-06, 0.00034403029795814822, 2.6964399750973092e-05, 4.4814513740341949e-06, 0.0019464013033910982, 1.7094233243672128e-05, 1.5577795865215077e-05, 0.0001562314613639806, 5.1102120901063766e-06, 2.6470003983215249e-05, 4.8766921956860567e-05, 7.4571072939855121e-06, 2.4279448212057061e-05, 2.7045121988298641e-06, 9.428202681749224e-05, 3.9238456116905563e-05, 2.0576624651692988e-05, 0.0012710330701145133, 1.3487160803370676e-05, 1.6102303672415636e-05, 1.5955254419251687e-05, 6.1076321184286167e-05, 3.1759319091248315e-06, 2.2293065959617032e-05, 5.1380288945707983e-05, 5.1103489021047033e-05, 2.7263525088182325e-06, 1.6857669025627048e-05, 1.9719666880202905e-06, 0.003965448003692704, 0.0032049023853229636, 1.3491970001183283e-05, 2.9524240794974778e-06, 1.6564236330100749e-05, 0.0001707517036407415, 2.1113168731352336e-06, 2.7478172507682634e-06, 1.6479251393130091e-05, 7.3095046949095738e-05, 0.0022825826116725321, 2.1071881980844793e-06, 0.00034057906776824157, 5.591306295251494e-06, 3.9521005195036726e-06, 2.3598830738234378e-05, 2.7948675001128095e-06, 0.00030222505913580719, 8.7021439131140805e-06, 0.00018384869767319923, 2.157495536578494e-05, 3.1583970022540291e-05, 2.1477118827905925e-06, 1.3604529645627626e-05, 4.9555949512436283e-05, 3.5351576106775859e-06, 0.0040076184426002153, 2.5019646281591562e-06, 2.9510018990111313e-06, 3.2501704262599077e-06, 7.7123464194360251e-05, 4.993719847977929e-05, 3.6630813568446874e-06, 5.7739101248237642e-05, 0.0054532341434574607, 1.5613356138788247e-05, 3.6224839907078421e-05, 2.8189381561148629e-06, 2.7346837775460193e-05, 0.021842006496701885, 2.366430420774489e-05, 5.0694387959361437e-06, 7.0560553300428163e-06, 2.3188671646969506e-05, 0.01134951872493193, 6.7978393785282071e-05, 0.023249765264362562, 2.6067317609336272e-06, 4.1582342632309873e-06, 0.00071264637934108398, 0.00093991333830587877, 1.2145533498699653e-05, 0.0023119128228910784, 4.2270246364291455e-05, 0.00085447479406229674, 6.8863887466009041e-05, 1.6955154538155519e-05, 5.0896357248214491e-06, 0.00023000685089495713, 1.02413051208199e-05, 1.5231522604670324e-05, 4.4038411910903633e-06, 0.0038779672729070294, 0.00023451558510418152, 1.2625468153583999e-05, 1.4877860665060531e-06, 6.3604201085657263e-05, 3.7915462825640668e-06, 7.4897567457259999e-05, 1.4125797620469628e-05, 1.1697035573981774e-05, 1.4474006832755251e-06, 0.00021093366601928674, 1.3083737215702443e-05, 5.1067640587875487e-05, 7.4363708032745517e-05, 2.2230827809010249e-05, 0.23380573436488752, 2.1625935615129302e-06, 0.00047808556745101695, 4.0991365001993485e-06, 3.7517049570911002e-05, 1.1503131086828521e-05, 5.7896962587560858e-06, 1.3200498550719307e-05, 2.4432025802474897e-06, 2.589914443914131e-06, 2.7937627873286912e-06, 4.3040346718784259e-05, 1.9974756148438106e-05, 1.2549971297096001e-05, 4.9401185411446027e-05, 1.1879387931924657e-05, 3.5803722170686684e-05, 5.587959541884317e-06, 7.7871746418065028e-06, 3.4104065602711642e-05, 3.1217062035425685e-06, 9.3427910119280421e-05, 0.00022248790492531068, 0.055217846392137844, 2.8917194200805205e-05, 4.46959337228896e-05, 2.6961402944726763e-06, 0.00018252839095492465, 6.9136853401870801e-05, 0.00011817698807473663, 2.7232867454785981e-06, 4.3493149612241245e-06, 7.6921609968866599e-06, 3.4821418988049484e-06, 0.00012908782013276349, 9.9332725998291314e-06, 2.6453519992300045e-05, 0.12929459188564696, 1.0663396101164248e-05, 4.7392572262092427e-06, 5.5460720273597192e-06, 1.0114725714745368e-05, 1.2602213553436701e-05, 0.00061676320914702391, 2.857806479579317e-06, 0.00015172190555411843, 1.5970510240178888e-06, 3.5778298224374593e-05, 8.7431930616897098e-05, 8.1288632059712838e-06, 1.4003734599262479e-05, 1.4774762103085035e-05, 2.2660783519827415e-05, 0.00017223907249409656, 2.5542863104039147e-05, 2.2560476093873006e-06, 1.2208795023806239e-05, 4.9299477396786772e-05, 6.7219869183702641e-05, 6.424679297319817e-06, 6.7828867957750338e-06, 3.744015165990101e-06, 2.8993224677539196e-05, 0.014337387171138206, 0.00012017053838891988, 0.0010574004478248068, 1.8874949703355629e-05, 1.065361572395542e-05, 8.9582356095684973e-05, 0.00019211292950625439, 0.00055243243193920418, 5.2925267731819852e-06, 0.060953802376989809, 0.00025670164305386533, 6.8493579572426858e-06, 1.0126312951094365e-05, 2.0984531577645613e-06, 2.8185110979524789e-06, 0.00019867856906134439, 1.7811524463724483e-05, 5.0553442600945811e-06, 3.5883281264426661e-05, 2.5544179467054022e-05, 2.7756805402411948e-06, 3.2448010597332074e-06, 0.00066945387277568037, 5.9278905315580991e-06, 0.00021281097138932639, 2.163719405980197e-05, 0.0035259648782322195, 2.3990776698025291e-05, 2.8241467418006615e-06, 6.2050373700089605e-06, 0.00011567000818888933, 2.4245847082528335e-06, 0.00034803940580678257, 2.4003054146191105e-05, 1.6851627510857544e-05, 7.968148580438772e-06, 1.5966550374889322e-05, 4.9172306775060559e-06, 2.6627001276422342e-05, 2.6750576798182604e-06, 3.7829620199900358e-06, 4.322835477321892e-05, 1.7122595063680578e-05, 3.5460633112726504e-06, 4.8990706661745772e-06, 5.3511595832489008e-06, 3.8822946687351456e-06, 1.7628369610137402e-05, 2.5147250314558366e-05, 0.001122291779737717, 1.8423327290605374e-05, 6.5259839319960939e-06, 9.6000184166376243e-05, 7.1549215991252668e-06, 6.0096055791707444e-05, 1.0199135011744508e-05, 0.084434801419240438, 6.4614608206499326e-05, 7.0188359648274079e-05, 2.8953207729573899e-06, 2.1191048940876268e-06, 5.5451657541978507e-06, 2.7376721393910242e-06, 3.9479637665421496e-06, 2.7677941345438541e-06, 2.0876567816698189e-05, 0.00023207431216678366, 3.1523179048294011e-06, 7.4893909990922316e-06, 1.8522553910326155e-05, 2.9694540457645004e-05, 2.0347650412692842e-06, 0.00032478035256581301, 2.8391404517413222e-05, 4.3728744041684537e-06, 8.1859415988747531e-06, 1.0725055667397819e-05, 3.1350470051321971e-06, 4.5662157577308606e-06, 0.001270496044771174, 4.0055497826261144e-06, 4.3496144987371947e-05, 0.00020008136730953154, 1.8862542942757936e-05, 2.7305339406134105e-06, 0.0016269331328059556, 5.8435755791691676e-06, 5.8312402422378276e-06, 0.015148880961338956, 3.4451388372505261e-06, 1.5456174703215049e-05, 1.8042460614990263e-05, 0.00044900317344177674, 1.0582057185051682e-05, 3.4032259834839275e-05, 1.6728331914915454e-05, 3.2651651165016842e-05, 3.3597614367147229e-06, 8.217057480791407e-06, 9.147049370891121e-06, 2.8393461807802537e-05, 3.7308850316717079e-06, 3.1908798883420748e-06, 5.5942114642941069e-05, 0.47022528882020376, 2.5311014117955981e-06, 0.00011810067972525339, 0.00041943940607277769, 7.0935717414946973e-05, 0.0011985752107290537, 1.1744309818890588e-05, 2.4293652251069442e-06, 2.2202046005836787e-05, 1.8745690468161502e-05, 2.0339622189061736e-05, 0.0001350965627277474, 1.6521736303241989e-05, 6.4489180726023884e-06, 0.027330799727910339, 0.026164799118173421, 0.0014423929861755462, 0.027954250585618571, 3.8618654995727016e-06, 2.0675582673999302e-05, 1.6001861280593383e-06, 0.0035679844720264064, 1.8331623311147892e-05, 2.1480346574585336e-05, 0.011476312835283831, 1.1643694448538063e-05, 2.2039303777000047e-06, 0.00014636363641572594, 3.9255788179145007e-05, 1.0619658750955151e-05, 6.1001292883644001e-06, 4.1212939603387315e-05, 0.0003718883252193339, 0.00032401741259597969, 3.0937209788546192e-06, 3.8830932967319148e-06, 9.893323347967793e-05, 3.3163245423007953e-05, 5.9828136397609858e-05, 0.028113516613814494, 3.730223712874813e-06, 1.0344813995319682e-05, 9.2571142005685147e-06, 4.4144555262375904e-05, 1.3615279613972378e-05, 1.641758813506605e-06, 2.9330370687100435e-06, 2.9451310951394485e-06, 7.9484008568142601e-05, 1.7386500784016258e-05, 0.00014588273429744182, 3.1058194235031203e-05, 1.3839012894970735e-05, 3.2075962384207374e-05, 9.8847386709572971e-05, 3.8639451828820039e-05, 2.0856048862334674e-06, 1.6654953802280619e-05, 4.8614041329679434e-06, 1.0967929616545097e-05, 4.0280845562737992e-05, 2.0224039567549979e-05, 3.1464193569282533e-05, 1.1020352046955125e-05, 1.6488159250439511e-05, 3.85958895006001e-06, 1.436928289306542e-06, 5.9352414860067969e-06, 9.749497579094463e-06, 4.0350793658770401e-06, 3.2032356384009714e-06, 5.0484020279898881e-06, 4.260040335612383e-06, 4.3314782034979704e-06, 3.1948890504008925e-05, 2.2347663485069462e-05, 0.0082809838774740973, 3.342497075029588e-05, 7.9198892886357078e-06, 5.9527465294219489e-06, 1.6570178122968014e-05, 8.1940875469352738e-05, 9.8543056487781827e-06, 2.7869882441425999e-05, 0.00013752250843349079, 1.1675530654034239e-05, 1.2116936954700565e-05, 0.0017074402182217082, 3.2894255248956671e-06, 8.7383582566687273e-05, 1.2764561660962224e-05, 4.9798300438525153e-05, 2.020498524341539e-06, 0.023036665401648348, 5.2619391940615921e-06, 9.6012555353298709e-05, 0.004345054371336747, 0.00022042004756233738, 2.0599375506626017e-06, 8.2639862655801799e-06, 0.0001956475749928866, 3.320315248619583e-05, 4.0554282692123723e-05, 0.00010750518034734689, 2.6457404367373346e-06, 6.8347199323438859e-05, 0.0012866065317445701, 2.4270565838455619e-05, 7.5973308179765904e-06, 1.9187395378744194e-05, 0.096704174550868174, 2.3687510549940753e-05, 7.5157850417970355e-06, 1.9753547926963877e-05, 0.020874006409404549, 6.906459277094839e-05, 0.0018152846088247123, 1.1887353161384956e-05, 2.1141265891900467e-05, 3.0921907241003078e-05, 0.00012011497697618282, 1.6253468682596602e-06, 8.5371649450856856e-05, 1.9311246590815274e-05, 2.7173544074205294e-05, 1.4054582221235687e-05, 4.1251397942028032e-06, 8.945039196603889e-06, 1.2483077044227806e-05, 4.5022051855086004e-05, 0.00010071326133741691, 1.4756026439232869e-05, 3.8078339906558097e-05, 1.8067870075705943e-05, 0.0026435455953179175, 1.0783403616699224e-05, 4.2911586496117483e-06, 2.2564294778391552e-05, 4.3890057206662518e-06, 3.068146641673519e-05, 4.7379478291444192e-05, 9.6818185025922745e-05, 1.0279319293950176e-05, 3.6768277705602206e-06, 4.262745802871905e-06, 2.884660986030252e-06, 4.9431249578907135e-06, 1.0777227724505262e-05, 3.6559538871822217e-06, 9.6866642230301089e-06, 0.00034500135170480563, 1.1522418462747129e-05, 0.066130622575220455, 0.00012136903131520885, 2.3937121089773591e-06, 0.067257910299244467, 6.9318667806617516e-05, 3.4555766727863102e-05, 4.2536901925308724e-05, 1.9491551452946295e-05, 0.0019486122591068343, 9.9831964323316983e-06, 3.3035128736919248e-05, 1.6512822762552458e-05, 2.0103936216745934e-06, 1.8206895045669916e-05, 1.3143446233485861e-05, 0.024484835545794937, 3.0210608359898794e-05, 6.1140756671243728e-06, 9.2998162665899532e-06, 0.00022700118152670052, 1.7489246613492023e-06, 7.9502080266286644e-05, 0.0068269499835089485, 2.5832080621030643e-05, 0.00034827129996315207, 2.4818360895457814e-05, 0.0014666326197604969, 2.3678049125717433e-05, 1.4035769465798399e-05, 4.7742566344318561e-05, 0.00039605163911977546, 5.6341436193439055e-06, 2.4972104465311863e-05, 0.00053501639607271513, 1.2048966681794391e-05, 1.0277055140160299e-05, 0.34403840705462296, 1.883202336700265e-05, 3.9001110189949741e-06, 1.0429030050959325e-05, 2.2493952419837458e-05, 2.8846570901965894e-05, 1.5989569529352287e-05, 0.098382501678484807, 0.056102564513331087, 5.5567784654930698e-06, 2.7233224031207121e-05, 7.1178227375887883e-06, 0.00020487315740663588, 1.5123761289346105e-05, 0.0010585106911573763, 6.7383580354607606e-06, 2.2381561233477008e-05, 1.555780697007247e-05, 1.7433028904953454e-05, 3.368016639764491e-06, 1.9861227651918535e-05, 0.005933147934439594, 2.1251976871957262e-06, 4.5457279019093544e-05, 7.560194204306203e-06, 2.0449678931713109e-05, 2.4959022513096675e-06, 2.7989292737471756e-06, 0.092332562774654903, 9.8064059539166256e-05, 0.0047364035903388561, 3.775736563554601e-06, 2.7781178591959706e-06, 1.7547163806718738e-05, 3.6390830436943964e-06, 2.8794005459326312e-05, 1.4388722145161792e-06, 4.8955225015256754e-05, 1.6531940497891204e-05, 0.0022854547232626279, 2.3630065528935102e-06, 1.8186559302138147e-05, 1.6186808084238068e-05, 3.1113037821286704e-06, 1.7733852146311953e-05, 1.2623607397207388e-05, 2.114027085261134e-05, 5.1699489309587681e-06, 6.8649945083169795e-06, 2.4083481697035618e-05, 0.00014169199950599519, 3.5330583064416798e-05, 4.5672079412107457e-05, 0.00056827004600802839, 0.00050021642092616713, 0.00010881401751181614, 2.0060841023922784e-05, 1.0143517495650636e-05, 2.5654795672767194e-05, 2.1379423019796956e-05, 1.0461164181559743e-05, 3.0756159991124002e-05, 0.0005093706535630266, 6.6307608709408806e-06, 1.2618399636438512e-05, 2.5444809923034298e-05, 1.5895526904093106e-06, 2.7625012175707383e-06, 0.022603217107713229, 3.8037278454172367e-05, 6.4913529559505987e-06, 2.0287931745889164e-05, 1.6371001720434413e-05, 2.3979007948996559e-05, 0.00036437239574837283, 1.0403706691031625e-05, 1.3537803586392064e-05, 3.0968708891178897e-06, 0.0001366973560638728, 0.00039561740708831734, 5.8148842845358442e-06, 1.9447344287594241e-05, 1.2041916248891922e-05, 4.6815969477961307e-06, 0.15379115035087867, 2.4820901368144863e-06, 2.7176567394855257e-05, 0.001878933475544286, 7.8033315141936042e-05, 1.1182604182722658e-05, 2.1670828798028313e-05, 1.162957735484242e-05, 0.00038410488795590804, 1.5278628375601798e-05, 3.3941051436808012e-05, 1.0484491659869692e-05, 0.00017411945326097452, 9.7425756273188625e-06, 1.6886838501965815e-05, 0.00020887788735040667, 0.0003251618432112554, 4.0863608621529005e-06, 3.0328841264096379e-06, 5.1870402695908787e-05, 3.5256287559167077e-06, 1.458398345768658e-06, 5.6407316482265039e-06, 1.0253234086703385e-05, 9.6766822880521482e-05, 0.00035272594205176138, 5.1916166419988188e-06, 2.7787322851775032e-05, 3.3534340516680555e-05, 5.5438643338755488e-06, 0.00010234066582687545, 2.5760729792101751e-05, 2.5872091910713155e-06, 7.603163228058232e-05, 0.032928980443385256, 9.1643775450922987e-06, 4.1795422853915862e-06, 9.2004719140121024e-05, 0.012665441627786366, 1.0433709118262429e-05, 3.4734681636750659e-06, 0.00029382550922395429, 3.0757168455012415e-06, 9.5249550498496267e-06, 0.011767659633490947, 0.00046131613321965598, 6.2250271706311664e-06, 1.2487133225995292e-05, 2.0583065227138367e-05, 3.6058127276608589e-06, 2.7530012538379417e-06, 3.4601008842614257e-06, 0.010072792900007522, 4.2966952678604395e-05, 4.8353102424600386e-05, 1.0893560897347374e-05, 3.5465045585758304e-06, 2.9937363220012503e-06, 1.2362563585029959e-05, 1.5029228635567756e-06, 3.1737245400515316e-05, 2.3132975839893315e-05, 6.5948467731150068e-06, 3.4131091110125713e-05, 0.00020166043465351662, 1.3950106476940932e-05, 3.1086653908683413e-05, 4.278677880184087e-06, 2.4920139454191713e-05, 2.7630507560009063e-06, 0.015860799417454195, 4.0973786775589844e-05, 1.7659327677243336e-05, 8.4619420249336237e-06, 1.4455424255860458e-06, 0.00011192625283545784, 1.3709613794241655e-05, 3.0489763350783384e-06, 2.746143054121373e-06, 0.0067058874981772891, 1.4467251157537153e-06, 2.9571522393462586e-05, 7.4191113843753987e-06, 1.2133847801694434e-05, 5.7039916333767911e-05, 3.2583598964925312e-06, 5.3288232877107066e-05, 2.3171384758531864e-05, 1.3458251305908457e-05, 0.0044532200422937995, 1.7436384591208876e-05, 1.9192563561999244e-06, 0.0003557810957909077, 5.1625079995609942e-06, 0.026328182395655191, 0.00088646051134116054, 0.00016323671152362356, 1.0814194656218065e-05, 7.9955807700096058e-05, 6.3511180010732431e-05, 0.0062538463360956413, 2.3481707718486599e-05, 0.00010870171313354613, 0.0071272315465062781, 1.1310166244225827e-05, 4.3411411108686993e-06, 3.136787091346276e-06, 6.3489064265927407e-05, 2.9977471902018378e-06, 7.5338743792164323e-05, 9.7058302499307915e-05, 1.0734147972234173e-05, 3.3877780537501005e-06, 1.3539577882030287e-05, 8.1940076379852047e-05, 5.2698262844894581e-05, 3.9024902320120021e-05, 1.1157598924466711e-05, 0.00012330633972506845, 8.9912745788885186e-06, 3.5291981159052466e-06, 0.00012449698013311232, 1.6701068088857359e-05, 4.5239577318573112e-06, 4.7589169933297395e-05, 4.0469776171312198e-06, 1.8360248226542552e-05, 0.00043367879433729001, 3.278904896252944e-06, 7.9770447303815031e-06, 0.00029045891847524205, 1.087384172094e-05, 6.964299535458427e-06, 3.7409271500738897e-05, 3.3546045260549263e-05, 5.7817572488796338e-06, 5.9164121294428746e-06, 2.3071497486731067e-05, 3.5075543565781055e-05, 0.00013510582026791455, 3.1366702875380021e-05, 0.014978301772754072, 1.2443478020866154e-05, 2.8053598225908885e-06, 4.0437077428106388e-06, 3.3379610142372902e-06, 2.1776552343354806e-05, 2.1392130394456149e-05, 3.785902006258475e-05, 1.3661944409325129e-05, 2.6949934804032907e-05, 2.8026886364228301e-06, 9.7857099620392791e-06, 4.2120755563360168e-06, 2.9221059086152556e-05, 3.694097551814011e-06, 7.3270960381717791e-05, 0.00056080722720771648, 5.1312466170427678e-05, 0.00086015483541576794, 0.00040615843405184318, 0.00022009872063531816, 0.00020016711496485573, 3.6605216815603265e-05, 2.850001787180319e-06, 0.00030832460286311572, 2.1880206222780067e-05, 1.2551983679933692e-05, 1.5820650507127828e-06, 1.0488929122251128e-05, 2.3068288891702437e-05, 1.7890784770444613e-06, 0.00095585148979608712, 1.3840707478178121e-05, 3.81070743193268e-06, 0.00016707217309233226, 2.1840865102562467e-05, 0.00023833774047281992, 2.6102787362804548e-05, 0.0010215355874573836, 0.00018319469186874981, 0.000279009382885855, 1.1451360782479256e-05, 6.574509085080846e-06, 6.1693126594812094e-06, 0.0012662320806146312, 3.9198941868781312e-06, 2.4617981991773021e-05, 3.0399630329111125e-06, 1.5066088843977749e-05, 4.6255834331154617e-05, 5.8209226824496393e-06, 0.023158612389840277, 6.2749113051757034e-05, 2.0322824316943073e-06, 1.3980186615960864e-05, 3.5576391203714503e-05, 0.00094593788763435251, 0.00033172439580893921, 0.0030602595426768337, 2.1368597824661634e-05, 3.1109095614261385e-06, 1.0238127266277775e-05, 2.6317724337359839e-05, 0.00055432162113726335, 2.1868738807477762e-05, 4.184655067520504e-06, 2.8934771015713222e-06, 0.0019475127075266375, 3.3868318394198405e-05, 0.035398238450257427, 4.7082174052845901e-05, 0.0017164274992554588, 1.6509150816879836e-05, 0.00064205220973481453, 0.00032823853527357911, 1.5877873264458257e-06, 8.7211861841327826e-05, 9.521543820653737e-05, 2.5665343149743361e-05, 0.00035241792183763487, 0.00019577001679946991, 2.2211046188513183e-05, 1.5263304345576955e-05, 3.0958636498032168e-05, 2.5078855853627248e-06, 2.3281523419109887e-05, 5.1762251691431204e-06, 7.4174951965462417e-05, 1.0738566889249547e-05, 1.053799782128855e-05, 0.00025373040574389635, 6.9890162795882176e-06, 1.7733216172261462e-05, 2.2868255345204638e-05, 8.9894212798452233e-06, 3.2335730958919947e-05, 1.1968256508980624e-05, 2.6970975114286067e-06, 2.2935323222378119e-05, 5.6325952373821238e-05, 0.030465717353300659, 5.8414429553786065e-06, 5.765002577267771e-06, 2.5758836573917975e-05, 3.05353927804837e-05, 2.7111980347303527e-06, 7.147139638907881e-06, 4.0240383002509373e-06, 7.2375957307185621e-06, 4.2115651180938577e-05, 0.00012813256393221653, 2.198054485195609e-05, 3.9978536688495227e-06, 2.9317308657691439e-06, 5.7602251341023024e-06, 1.6143611224383143e-05, 0.00011705312590264331, 1.296809918200599e-05, 5.0710178709555259e-05, 2.3442990973275122e-05, 6.4727638316975589e-05, 1.0536008267969129e-05, 1.4436601688451508e-05, 2.18701150328056e-05, 1.2998389154216011e-05, 3.6224145347337807e-05, 9.4144026824727293e-06, 1.0324317779342865e-05, 0.0013686171810528549, 9.3487460072537936e-06, 0.052258656028789124, 0.00021724924677872038, 4.4618344297142043e-06, 5.561632566028318e-06, 3.3932047480407722e-06, 3.275452855891472e-05, 1.0173167710292972e-05, 1.8921848117163649e-06, 0.00037673764875295547, 5.9610306738727287e-05, 1.7303562369692857e-05, 0.00022919895513787193, 3.4177105514282521e-05, 2.8027796104070904e-06, 3.4962371650654596e-05, 0.0013408305660629197, 0.034081736568353567, 0.00015370086603259475, 3.1214971061387186e-06, 3.7071818403527266e-06, 5.828926878769801e-06, 3.0131430841011241e-05, 2.8370650930024225e-05, 2.1135652478646847e-05, 4.5098661267300246e-06, 2.3395680160718195e-05, 1.7184245900774884e-05, 8.3225594600979751e-06, 1.8487575631592971e-05, 0.00025639728800213706, 3.3308044609210186e-05, 0.00023865041133225951, 4.2988360774066731e-05, 5.0311694574177762e-05, 5.4188273014984691e-06, 2.5646021203173591e-06, 8.856827495257005e-06, 2.1195202233366964e-06, 1.864746025042476e-05, 2.365022932823745e-06, 2.094567259462513e-05, 0.0028280384711976505, 0.00023637793396087407, 5.6860198828869291e-05, 2.2757636500387962e-05, 4.9356916794903279e-06, 0.063039429608131942, 9.0721859927912204e-05, 2.0458311042409404e-06, 2.3844700567203206e-06, 1.9305918000817024e-05, 1.0732967901078105e-05, 1.0923421422572473e-05, 2.6915773326606116e-05, 1.0244565495405284e-05, 3.8300358189879588e-05, 1.0826161405957028e-05, 2.0978656626750793e-05, 1.0945798642259775e-05, 2.6780383682178284e-06, 5.6744950404398204e-06, 1.0452364049148926e-05, 1.851073511719118e-05, 2.6674931094326046e-05, 1.7403723800686317e-05, 4.3869306805117956e-05, 1.5818551082757183e-05, 2.2203070860074302e-05, 0.00021562086730665103, 2.8758608268003304e-06, 7.1415044441744589e-06, 1.2195013000463857e-05, 2.0169343443915427e-05, 2.9665579595598851e-06, 3.3926482540263389e-05, 4.3123099965512487e-06, 7.8481177896209882e-06, 4.0100708546012334e-05, 2.9183537322201471e-05, 3.4508642069120421e-05, 0.00013939505954526041, 1.0323247240846785e-05, 3.2319861290023062e-06, 0.015300339037286198, 2.5027807809826456e-06, 3.8304410680908274e-06, 9.6772866335468273e-06, 0.00010005079137942963, 0.00029181904665717662, 0.00017267758326929301, 0.015235679617141508, 2.0263567187963076e-05, 1.5948124777790619e-05, 5.9126327456359502e-06, 1.040133377743453e-05, 2.2683107158210934e-05, 0.038068271352460013, 7.4539028572996005e-05, 6.116252527122617e-06, 3.8843730079919684e-05, 1.6664677165133688e-05, 5.0459762397682152e-06, 5.394821950316691e-05, 8.5392624607280961e-05, 9.0887822776773984e-05, 5.9306729734199987e-06, 2.7880505066852393e-06, 7.1377455863775466e-06, 1.1879122215650234e-05, 2.757830252874867e-06, 1.7577574579273017e-05, 1.1315963188192991e-05, 3.0173172757573779e-06, 6.1429242575057603e-06, 2.3619804703408531e-05, 8.8739120068016583e-05, 1.383687424954455e-05, 1.5476236558574686e-05, 4.7630672956892856e-06, 1.3930231114479392e-05, 0.00012653611352971393, 0.049909845393875649, 3.9594475648280864e-06, 8.3783441421423144e-06, 1.0872699642951379e-05, 0.00013379193533892021, 1.0536130522051291e-05, 2.445160877471172e-06, 0.00020781552707020842, 1.7172663638812454e-06, 1.3701636227866608e-05, 5.6722158435735644e-05, 3.1696033344874701e-06, 1.1469344963069591e-05, 3.4698646672791247e-06, 3.367566302830824e-05, 2.3471142245269003e-05, 1.8698567922489546e-05, 3.3243221201738472e-05, 7.7861548605174572e-05, 4.1291788479257351e-05, 7.6130121987286459e-06, 1.5324379667257541e-05, 7.9718007552363287e-05, 4.3064902954065066e-06, 1.0856644489684838e-05, 0.0091165871310369632, 2.2264984940399133e-05, 3.6471262671674759e-05, 0.014157054981284913, 5.1070216038926715e-05, 1.0047558778802124e-05, 1.8871118372701651e-05, 5.4491089552636578e-05, 1.9486530798511576e-05, 0.0022029228920577228, 3.7705558665439009e-05, 2.018269119413257e-05, 1.7133990814055009e-05, 1.1121056970310206e-05, 1.6239316681986908e-06, 0.0010918687101852138, 2.8759285024770618e-06, 1.0305451954735828e-05, 0.005096925203933623, 6.8261785434430307e-05, 0.00049121789573854406, 1.5427922958261731e-05, 0.035415459586808418, 7.7868242431560037e-06, 4.5509780570726546e-05, 3.2846662721368387e-06, 0.0038662370861555244, 0.023325841657220573, 0.0021756332593254016, 3.0558406458207506e-05, 2.3415404935836187e-05, 0.0015697511943046352, 2.3638975150237716e-05, 3.691752322282236e-06, 1.9351208311665248e-05, 1.7722385059273259e-05, 0.0079968872980610978, 4.6094372334199289e-05, 1.0358257227809309e-05, 2.7283741466292888e-06, 3.0262218963452152e-06, 2.700553707455631e-05, 3.2737575297934855e-05, 5.3913460402021229e-06, 6.2983510671153313e-06, 0.0011154083412037244, 4.4504862681864034e-05, 5.7269553213979018e-05, 1.0297035718987306e-05, 0.021372441645169327, 0.00085463497836327815, 2.0622901424846305e-06, 1.5209997600607156e-05, 3.7472528168664228e-06, 0.02107349677210104, 5.1850364063144055e-06, 3.4957672784629494e-06, 6.2029171255476812e-05, 4.7222762574095161e-06, 3.3424797113442968e-06, 4.6281977907468051e-06, 4.9270609131599179e-05, 2.0050123584247188e-05, 5.5678986533376686e-06, 1.0495099530200586e-05, 6.1140650043133918e-05, 4.304664287210393e-06, 3.0963042133346736e-06, 3.6105331802436025e-05, 0.0023741170399778312, 5.4448088226338229e-06, 8.7804943061121899e-06, 4.6367992493702652e-05, 0.0014065932025934277, 0.0085354326047468072, 1.4532920838626109e-05, 7.3735312887725709e-06, 5.8062124590343489e-06, 0.0001051162979098461, 0.002357003006021265, 0.00035365211312765263, 1.4485046179616293e-05, 0.0015862179052137499, 6.2639952145532305e-06, 0.00054085231090854531, 1.5881579387510658e-05, 2.2480907009263345e-05, 2.4195729813776298e-05, 2.1120664452881094e-05, 0.00036856475417784896, 2.1322171688450752e-05, 3.8426762149084741e-06, 1.3741322711325986e-05, 2.0852369531342998e-05, 5.754449179292534e-06, 9.4140662793466097e-05, 2.752199388507531e-05, 0.37754142265929352, 9.725819742171344e-05, 2.2240270601854726e-05, 0.12143672860266967, 2.2436676289490046e-05, 0.00032933130763458543, 1.4405710787449276e-05, 0.00015542324325840723, 4.5025724488166484e-05, 3.1305063422903632e-06, 1.0520622124440682e-05, 0.00099285869455690711, 0.00026259048142075059, 3.0757381074000084e-05, 1.6140817641267407e-05, 3.2786526543538826e-05, 2.0055740632858276e-05, 3.4705211866623209e-06, 2.8836357821034141e-05, 2.274914762015087e-05, 1.8164324174298856e-05, 2.8230502854715681e-05, 6.2484668102342458e-05, 3.1980037915888065e-06, 5.9422062560410948e-05, 1.7997552665114266e-05, 0.019626295360588828, 2.3620649442047897e-05, 3.9294651545180155e-06, 1.692272945950243e-05, 0.00096357282344360995, 1.2766959006950352e-05, 0.00011583063421205059, 5.8725348154972201e-06, 0.012870737914119522, 6.9955029557576578e-05, 9.9667736559072882e-05, 2.3463740287338438e-05, 5.4317588836192525e-06, 6.4132423150203154e-06, 1.6309448723754977e-05, 2.3473976017649639e-05, 2.2956630618545114e-05, 2.4632307780394061e-06, 3.0755072662302214e-06, 4.007345475393366e-06, 3.9524760647690101e-05, 0.00010676830715810289, 8.6576076292552665e-06, 2.0726713846981873e-06, 1.9370270424340485e-05, 3.649836367072174e-05, 6.2098296227965272e-06, 5.8455635923815541e-06, 0.00010859834328488067, 0.033286239928297864, 0.0090262900414659463, 1.0144727300114726e-05, 1.9259998143942621e-05, 2.4492120076811884e-06, 1.5121466410573747e-05, 0.00078530513721822488, 2.9157450404213047e-06, 7.4710140277713661e-05, 2.2555467357857357e-05, 3.3080432263558371e-06, 0.00030082592734994521, 1.7928719181105309e-05, 6.3566356596501914e-05, 7.7043755800057956e-06, 7.2627285406437829e-06, 1.1138180602263919e-05, 4.8071712574633047e-06, 9.2814056162940786e-06, 1.5397047728180024e-06, 5.1273642076388582e-06, 2.7300911985821486e-05, 6.0201904555607428e-05, 0.0015056748438101108, 0.00022170576305219447, 0.0010111338751348435, 3.3404161301146172e-06, 4.7669850919295929e-06, 2.4520444969132388e-06, 8.1475855934116795e-06, 0.0008514311017177083, 1.0742581043965246e-05, 2.6898825683424992e-05, 3.0044389299792031e-05, 2.8211594334096678e-06, 1.6227749014773652e-05, 2.3092053256352082e-05, 0.00042432528259843378, 2.6206253893881796e-06, 0.00019787371441673009, 3.6602968522948631e-06, 5.7582983396979581e-06, 4.3185267552878294e-06, 5.9430449505022253e-05, 0.00015687189919228492, 3.4839734347097152e-05, 0.00032080492670012365, 0.00011855242034099549, 8.2298214783964052e-06, 2.7171332656890632e-05, 6.099406153051914e-06, 6.7422440050935977e-05, 3.2580919547748272e-05, 3.1042177324771487e-06, 5.4585760341127458e-06, 1.5680951278078158e-06, 0.001584621598602224, 1.4694494301573717e-06, 4.3665905822095227e-06, 1.6752711760458709e-05, 1.3987158393499392e-05, 1.4443814888276641e-06, 1.7364263591415539e-05, 1.2462291485552777e-05, 7.6004536336496712e-05, 0.17353360210204519, 2.7988402581580794e-05, 1.803530941441925e-05, 2.7235732483541421e-05, 2.8858218740864747e-05, 5.3278211896481719e-05, 0.0021983793986820239, 0.045211326864913824, 1.8811156841220163e-05, 5.7210757069231769e-06, 0.00010497327265435637, 1.0477628100943403e-05, 4.9352667338627193e-05, 4.3039876427574509e-05, 1.0155922091887085e-05, 5.9433461657591287e-06, 8.0303647876870459e-06, 2.7470834492595433e-05, 1.427302274448069e-05, 1.6836275511624276e-06, 0.011915222130794271, 6.4874195713908664e-05, 0.00024506962941696527, 1.598753580940806e-05, 0.00059295304775468607, 0.049705076994490428, 0.029519005271497659, 1.069833035049268e-05, 1.484961717105667e-05, 3.6149115964069443e-06, 0.048981844978285248, 1.3230773166347042e-05, 9.17238966590448e-05, 4.3894671556813656e-06, 1.6613608787697302e-05, 0.043363009251653511, 0.00010858535593225924, 1.058753471265344e-05, 4.1604189559903544e-05, 4.0883089614612444e-05, 2.3951545818453987e-05, 3.0488606314646007e-06, 8.8872423092093538e-06, 1.7028683083323856e-05, 3.2895475581485369e-05, 1.0796670349719091e-05, 3.9817184394032377e-06, 4.7172699010346217e-05, 9.4887196215040179e-06, 5.2609439207338287e-06, 3.4969535400670776e-05, 7.4703993624724687e-06, 1.6655943697936275e-05, 1.0358291478893415e-05, 2.1238231593074012e-05, 4.3312800723578283e-06, 1.5879921041934227e-05, 4.92740014982228e-05, 2.9896877917379446e-06, 0.00032182281197061323, 0.054647081581708452, 1.9813610754432813e-06, 9.4842705339284257e-06, 0.019302195853024718, 2.9625254249446399e-06, 3.0545207682204963e-06, 7.1608352672043475e-05, 2.0138672187712881e-06, 0.0004946306396837551, 3.8502993995687016e-06, 0.00035876420920602731, 2.4520623765906921e-06, 2.0320815946828683e-05, 2.6140459990971668e-05, 3.4315546188860097e-05, 8.1776165424344461e-06, 1.8150478271875477e-05, 0.00034580457359566132, 0.020724257572069721, 1.6354791288296986e-06, 0.00039745226026388717, 0.00016212441047990466, 9.1029555218304487e-06, 9.3806786306641248e-05, 2.9740650026849353e-06, 2.4211532778626879e-05, 2.6060771917508124e-06, 2.7761625108244684e-06, 0.034539967030554834, 3.9677137623985246e-06, 0.054025698282095524, 0.050313726453422539, 6.1526759129686446e-05, 7.8355505700354982e-05, 0.0050013659287233185, 0.0014726712459380193, 1.4410541989798215e-05, 1.1107319370829884e-05, 1.9583044480631816e-05, 0.00014402834598203015, 1.0135531691794391e-05, 1.0209324751719721e-05, 2.1936429092537375e-05, 1.8385878263563537e-05, 1.5655884040518085e-05, 4.7874345766450359e-05, 5.6437039612373955e-06, 1.4215787843916357e-05, 2.7169205363509098e-06, 3.4143797994002959e-06, 5.5688889520219458e-05, 0.00031855298656858442, 2.2167081679427121e-05, 0.058832225761720404, 1.8125128229828381e-05, 0.053134218759466334, 3.6144771963289107e-06, 0.0001167781219744126, 1.3019623763632021e-05, 0.054146720652956726, 2.6715339335752769e-05, 4.87534929107683e-06, 0.0079931938978276516, 2.0373654879701556e-05, 0.0067536030425483506, 2.9939575496647545e-05, 8.9438098856385646e-06, 0.00035458420818956917, 3.6689233889476309e-05, 3.6736527601265528e-05, 2.0770031067138512e-06, 0.029110436473363789, 0.00012276578076915833, 4.3033024596696224e-06, 2.1430521977392641e-06, 1.2327168067458741e-05, 6.9939174232468646e-06, 4.6398843144767778e-06, 0.00036640959739292077, 0.00010696319561611578, 2.3256072923025876e-05, 2.3445364037361745e-05, 1.6068198417156101e-05, 0.00032926596160970552, 1.9425648453804075e-05, 3.1094423573026376e-05, 4.5505375206653066e-05, 7.0359077898212019e-05, 0.00017738546402679627, 1.1832828580870468e-05, 0.070061818043597998, 1.1348643714244742e-05, 0.015225597134541529, 3.2659568262178348e-05, 0.02607227627137582, 0.056968897501140363, 1.3101112602638272e-05, 2.6452177431698037e-05, 2.181515725266045e-06, 2.1528530911314902e-05, 2.8421212141431528e-05, 0.0031772100138297149, 0.22810553682651338, 0.0080945265897183396, 4.0213354549092255e-06, 1.5637830107155035e-05, 4.9706161195319857e-05, 3.6863434791195942e-05, 2.5858107160359971e-05, 0.00021471427322821736, 0.015000394499262652, 0.0003860041077169145, 1.0946621276087894e-05, 1.0270588379000073e-05, 3.2734463650392692e-05, 4.4003348111079153e-05, 1.3478569983140192e-05, 0.00057530614627520531, 2.0666119107338763e-05, 8.6204055038566007e-05, 1.0570397071482994e-05, 1.0293882057365005e-05, 2.7454258143994991e-06, 4.2834857034000554e-05, 1.2040166695922404e-05, 1.3195935205986599e-05, 0.00049016642381894565, 0.023772815471558559, 1.2027395419249993e-05, 2.3930196976065497e-06, 3.3744645380403105e-05, 1.9288251204287602e-05, 9.8216704577997535e-06, 2.1200786605603838e-05, 6.9765766865842788e-06, 1.8358143829631245e-05, 4.257008590227361e-05, 3.3640456362640213e-05, 5.9522618268009077e-06, 2.738563121667721e-05, 2.2265673159845514e-05, 0.00024643729963903538, 0.0002846755874495929, 1.6819520034767855e-05, 7.0936399743112445e-05, 0.00030718401488487855, 0.060106976855400514, 3.3657729700111471e-05, 0.0026109460009284395, 5.9090390009250427e-06, 9.7120174737333183e-05, 1.6841426425100133e-05, 7.0696664148415075e-06, 0.00010699594826920972, 3.795858712726171e-05, 0.00025481570471428918, 2.2370416033466731e-05, 0.0044122303128570038, 2.2803794889228974e-06, 4.0230032704126572e-06, 2.1252096553096128e-05, 3.6210593890070282e-06, 0.0325840311427038, 2.3307789025780451e-05, 3.0633560276914644e-06, 4.6166872427296743e-06, 2.5598674928627318e-05, 3.3187346582568294e-05, 9.4726946077022551e-06, 2.7760357052235011e-06, 2.4549315173424805e-05, 3.46008333186909e-06, 3.0942732822455966e-05, 1.9481411483449147e-05, 0.037067360354642698, 0.00013245596203032359, 0.00017283377449722143, 1.4128977126376228e-05, 0.0020220941547263488, 1.9779090553637541e-06, 2.3766148411928142e-05, 3.8686208079566566e-05, 1.1819407536856826e-05, 0.0060595344563850618, 5.8598981008036055e-06, 0.0001294808754471563, 9.9183052304470504e-05, 1.5818600679095311e-05, 4.6300004883149902e-06, 1.949291847366384e-05, 1.0925915822783626e-05, 2.2450773115949511e-05, 2.784664518563232e-06, 5.9240967970413393e-05, 2.2725715028920933e-05, 9.3713594927056609e-05, 1.3664836427075069e-05, 2.3421167146109658e-05, 6.7533473995548336e-06, 0.077696330231874139, 2.3056018259333967e-05, 2.4686326251548588e-06, 2.1089979008446449e-05, 9.5567845101143652e-06, 7.5233630685539631e-05, 3.2327935828907758e-05, 0.00019951345423068894, 6.0065231244836707e-06, 0.0016169121468457574, 3.9926860705833723e-06, 3.0705959349733638e-06, 0.0075150166202789621, 2.1189051165707047e-05, 7.8602586142014717e-05, 0.020258132022270867, 8.5832595739243988e-05, 9.7919400610088284e-05, 1.1411050681494567e-05, 0.00010541103320939252, 1.4767992325711734e-05, 5.569541166842148e-05, 0.037272857895381907, 3.3082815143649526e-05, 2.3573021518991859e-05, 0.00010469316919372122, 2.4218617549786286e-05, 4.7211657145464996e-05, 0.0003473569045885004, 4.0714184795263317e-05, 2.6471456741364667e-05, 7.906361354173948e-06, 0.0080752908421238209, 1.0692390606202048e-05, 2.3795853193563392e-05, 4.335803757223189e-06, 0.000417582140350567, 2.1646276090336358e-06, 2.2859716002934017e-06, 3.0894365996456402e-06, 3.5973779360234548e-05, 6.4015215118365105e-06, 2.452633140088662e-05, 2.9918152576819401e-05, 1.7516915182282055e-05, 0.00011759455556733118, 3.4002841312630941e-05, 0.00010828249090930801, 8.7229734829661137e-05, 1.0362135127318567e-05, 3.3129594429522939e-05, 2.5722974555592766e-05, 0.011449161520203758, 2.2331400771170468e-05, 0.01396184722813399, 3.5630962048093576e-05, 2.6496122664864907e-05, 7.952410927579649e-06, 3.9575159675470493e-06, 8.4605654970873168e-06, 1.4194155386815026e-05, 2.1232489250584842e-05, 0.0014386416480533901, 1.8138321478458639e-05, 6.8201417787238437e-06, 0.0011191932126132474, 1.2546190042589492e-05, 3.1950254665330935e-05, 1.4752219110533583e-06, 0.00025065421311850836, 2.4278493836292453e-05, 3.6410917901225405e-06, 1.815948097152887e-05, 5.4218847342780727e-05, 2.6332132648862797e-06, 0.0013521759119912795, 1.9509338913252838e-05, 2.7950904959298665e-06, 1.1426417369900467e-05, 2.2520561296948934e-05, 0.0010433685847473055, 1.2416245219728301e-05, 6.9035464936020524e-06, 7.5799669002272522e-05, 0.00027490258353297828, 1.0862189322495557e-05, 0.00046872448890657474, 1.099038487623614e-05, 1.2244615746576914e-05, 6.1779399581815463e-05, 0.0010302325479014465, 2.3562318777046507e-05, 2.0802776423326682e-05, 3.1550183636099206e-06, 0.00013074598181280614, 9.6254443784622268e-05, 0.015616888730606394, 1.7204459845969832e-05, 2.9493875367911536e-05, 3.7275479610852726e-05, 7.3500573662973203e-06, 1.2942516900455417e-05, 1.0600478164413396e-05, 2.0047589812774274e-05, 0.0014035910469404386, 1.4181966696656735e-05, 4.1421825704240803e-05, 0.0013680539393556548, 2.2575037096000354e-05, 2.3899546402753297e-05, 4.2094163903710334e-05, 0.00094169175898866741, 2.7097717476240561e-05, 2.4907716814883638e-05, 2.6806385148901345e-05, 7.1256863422046544e-05, 1.0458688241485416e-05, 5.6947783090176819e-06, 0.020197591792596687, 0.00010683305984767224, 9.5026994633093357e-05, 2.2724459893132157e-05, 7.1162662678249716e-06, 3.1026129639145278e-06, 2.827314786445013e-06, 1.8724200148963245e-05, 5.8235845392604466e-05, 1.1686138355651007e-05, 1.2598772015910422e-05, 7.4760668624112131e-06, 1.0358110153541099e-05, 0.00011693011825805318, 1.666356370556786e-05, 0.00037956464725680554, 0.00012551119683500676, 2.2629307661921865e-05, 5.4828482007451724e-05, 3.2135124422484028e-06, 5.3404923280120467e-05, 8.6108299918165091e-06, 0.00011769397320526215, 4.4083248841611021e-06, 6.7124200985938736e-06, 3.8239202318924535e-06, 2.419349911090374e-05, 4.1130983720883524e-06, 1.1711114686041805e-05, 0.00035085527747150678, 6.6953430681183941e-06, 1.1853816124571909e-05, 0.00094361698231535426, 4.4495197406633351e-05, 2.0168175715071509e-05, 8.6267193898554621e-05, 0.00064999809252371335, 2.9396272590563516e-05, 2.271765938527653e-05, 1.3603253817721061e-05, 1.431142943222018e-05, 0.0085983303593041797, 0.00011487995319433014, 6.3489470230867526e-06, 2.1064664578310139e-05, 1.3123070424534129e-05, 1.304345736634144e-05, 2.0707368045782969e-06, 1.4273651211242036e-05, 0.25664127746942794, 0.028423303870294115, 0.26386290539260104, 3.262433151928974e-05, 1.0372901635104246e-05, 3.8625072310045904e-06, 0.00017848601043277178, 6.75538210058817e-06, 2.4799025181335747e-05, 8.75826721824873e-05, 4.3391113324105168e-06, 3.1562156924708814e-06, 0.00024843839739781596, 0.006737709300157481, 4.1119201330785685e-05, 3.6299409068726537e-06, 8.875026557796683e-06, 0.056255945324560797, 4.4640074673294425e-06, 0.00035487901316394628, 0.052076384764086964, 0.12805367095032305, 2.040486867893865e-05, 1.4822682421576929e-05, 1.0516342667030084e-05, 3.1583068662466784e-05, 0.00035611180300380212, 1.506749224620423e-05, 1.2863686413421877e-05, 0.018932109864816912, 1.6832526630358714e-05, 0.39865785591182418, 0.00015075108688447612, 8.0449221951950666e-06, 0.06374422918963199, 0.00012147042312991349, 0.20486806552562625, 6.5098291666271463e-05, 0.00080831524921730271, 2.3975067887014707e-06, 0.00084978574279826336, 2.3272561892983351e-05, 0.00049886891455964023, 2.6181728268287976e-05, 5.9192849770507892e-06, 5.9574420056650002e-05, 0.00011771866461654692, 0.0015154362928527908, 2.519375750982895e-05, 2.9250234722447091e-06, 8.8273687560166774e-05, 1.5192687109261089e-05, 0.0050890868473799904, 0.068278375771590294, 1.9424945282872634e-05, 0.0010484015742383479, 7.4065632496174335e-05, 4.314856110972012e-06, 1.5022307666513037e-06, 0.00030943972201565083, 1.6617526790345975e-05, 3.5571006307780702e-05, 8.8902115992513537e-05, 1.794503788122909e-05, 5.2934064572296239e-06, 7.1635740900600638e-05, 3.4413210771867486e-05, 1.5976243366800298e-05, 1.220376482316084e-05, 0.00040527202427489685, 8.3936356161086359e-05, 6.3445003746265125e-05, 0.00011369501330177715, 1.7253547216166625e-05, 3.5021881031824473e-06, 0.011858555411499716, 0.0032915055632655606, 3.8662854072345321e-05, 2.7367230121019022e-05, 4.2660221473535795e-05, 1.4780187922744844e-05, 1.2006368775143972e-05, 0.00018852645361993106, 2.1840661993239366e-06, 3.2502348238625316e-05, 3.7912250050817108e-05, 1.6604763356859713e-05, 2.8067778844479108e-06, 7.5381621883909673e-05, 6.950952983424946e-05, 2.3474804732742106e-05, 3.445182466936364e-05, 3.2047000822877187e-05, 1.0678684822859238e-05, 6.1507758396289539e-06, 0.35374490455113206, 0.00092915178922138672, 7.292372250391956e-05, 1.5299041842420449e-05, 5.7406185962618614e-05, 7.2065060225796361e-06, 2.3420888331507132e-05, 8.7597890363329134e-05, 8.1153901453971369e-06, 0.00029652005186286078, 1.6005671547445951e-05, 1.5244838282096248e-05, 0.00010957377267736353, 2.0911797912869729e-05, 0.00022842716689233899, 0.00038615389790948144, 2.3523352337343215e-05, 0.0010885344420012747, 1.17275768806593e-05, 2.8840728120309476e-05, 0.00019169489508656833, 3.1773837380339347e-05, 1.6193668445253009e-05, 5.5600638295699307e-06, 1.5393906223683642e-05, 5.8943424468326551e-06, 9.0804658094132306e-06, 3.2753032330489885e-05, 0.00017634051330667877, 1.5051030988317412e-05, 3.9300528394007486e-06, 9.6877905445775971e-06, 2.1273672931701831e-05, 3.0618607949614429e-05, 1.6657359718480609e-05, 1.1929357645001636e-05, 0.00025355227779638522, 5.9883126814983964e-06, 8.4370965824423822e-05, 0.018965515296539177, 3.1346068580192684e-06, 0.0048560049044266331, 5.1697768317018775e-05, 1.8802905679683651e-05, 2.0427844178349863e-05, 0.16224676887283906, 2.8226437487185831e-06, 1.7774448638312369e-05, 2.1019335225722165e-06, 0.0039472220179633498, 5.1397161806939935e-06, 4.0202652592062013e-05, 5.3435281443054252e-05, 4.7393317744809751e-05, 0.00069174427884509913, 1.2078474001884438e-05, 1.7903183213320259e-05, 2.2944159325539174e-05, 2.9241376253696796e-06, 0.00014369283535403316, 5.4565977782789011e-05, 1.6349896249450264e-05, 2.1007214108283539e-05, 0.0069790992388352709, 6.8166491318240713e-06, 0.0001202683231562538, 1.9913758485245152e-06, 2.6270995387136045e-05, 0.00013635063443685023, 1.9387947232004736e-06, 0.00011764191225276849, 1.2203464405459158e-05, 2.3125749843741429e-06, 8.0503041663113557e-06, 1.2266903946153013e-05, 4.6588306445809968e-06, 0.021960527569732134, 4.8640121483245381e-06, 5.4132491289896763e-06, 4.0345139918825238e-05, 4.3999629580301958e-05, 0.017103560591805102, 3.7615109061317736e-06, 4.4750281003581927e-06, 1.6735578699463171e-05, 9.1068826661784818e-05, 1.7152533027478493e-05, 0.04017593599064502, 0.0064489436027051414, 1.0011551346595555e-05, 3.6704888501198529e-06, 5.8506147896540387e-06, 7.3717573443738233e-06, 1.1657304601406905e-05, 2.7932306138574267e-06, 1.5960928628907603e-05, 1.7811959798211374e-05, 0.00013087192292993659, 1.0538228844417244e-05, 8.9148308531150421e-06, 3.1147689015938019e-05, 5.3367634382279578e-06, 5.6948567952159049e-05, 9.2459908441604673e-05, 0.016533495178220538, 2.3288097112888499e-05, 0.0051051106366353516, 4.0557030116251383e-06, 0.00075223152779977775, 3.7780237638568777e-05, 9.5857820204863216e-06, 3.4651837699540056e-05, 1.9569571390969829e-05, 0.010956836289212827, 0.00042972340582979318, 3.1882371947343595e-05, 0.00011112223001105901, 0.0012333821182128845, 3.2459295859045619e-06, 3.2317014396895062e-05, 6.7472818532182498e-06, 1.4533841402243545e-05, 3.3693271667298965e-05, 2.3707359669405711e-05, 4.1604442916114284e-05, 4.6651633563657076e-06, 4.0324069329884831e-06, 4.4761199905674941e-05, 2.3762182895448271e-05, 1.7610211017147887e-05, 0.17999073005643418, 1.844874455037311e-05, 1.9504907248801738e-05, 7.9391166262013013e-05, 0.00023451206194517122, 1.656548423282449e-05, 0.00033326722560225546, 1.6981665835657344e-05, 0.00028329560870785916, 2.1678745823939095e-05, 0.00018876549928876124, 3.7504970636092517e-06, 6.491549572301213e-05, 5.7153488881623792e-06, 1.6845050852107971e-05, 4.3065430064955086e-05, 9.6361369745656504e-05, 4.79260316401697e-05, 1.4005461030529129e-05, 2.6628055462411564e-06, 2.0426915831184111e-05, 2.570809591655041e-05, 3.971253466248594e-06, 6.5467619093302229e-06, 4.1682893589730733e-06, 2.5928334712038992e-05, 8.5612006386298221e-05, 9.287550368133291e-06, 2.7745849041244577e-05, 3.3147631117141613e-05, 1.6963901004351823e-05, 9.8743239705866711e-06, 3.3610098109627768e-05, 3.6602269423780963e-06, 1.0839671785807088e-05, 4.7676577320397213e-06, 1.5433177795113431e-06, 3.1240648394060404e-06, 3.9072722764358035e-05, 0.00018824016235423479, 3.2425383853216955e-05, 4.42465046949283e-06, 0.013388407128892046, 8.7283049373446335e-06, 1.7140057271281459e-05, 3.4845398969120161e-05, 0.015211235750519169, 1.052497707197423e-05, 3.9065903637810388e-06, 0.015038300846087064, 8.173504585650416e-06, 1.0458679391869381e-05, 4.1057432543569066e-06, 7.3610344131776903e-05, 0.00082155385862040225, 3.6199008933098862e-06, 1.7376906464401859e-05, 0.0009185924628122837, 0.052639421975550528, 1.7935286566396599e-05, 1.0854428510860145e-05, 3.6509068401294278e-06, 0.00046217100645187364, 3.9863445944091398e-06, 0.0018081430708530588, 0.00011140146139054609, 2.323388750532964e-05, 1.6122584681786082e-05, 2.7990905846674096e-06, 0.00017787099778970712, 8.429104287988691e-06, 4.9856433982521467e-05, 0.00017654019885682273, 4.5979283123501045e-05, 1.4292168706164962e-06, 0.00079812758395444007, 1.9325377264087617e-05, 3.1222572997996782e-05, 2.6696333806252432e-05, 6.7466760792445209e-06, 4.026991904480831e-06, 2.9265375435772803e-06, 2.8688065699325124e-05, 9.2741033654162507e-06, 0.36250892826392939, 0.00010004980169961187, 1.2580957444818423e-05, 9.3206417076768597e-06, 8.8292872592409056e-05, 3.2665440527565455e-05, 4.0085454866665962e-06, 0.00024235327245640865, 0.00027384929399092893, 3.2592879298502082e-05, 1.8047320099625827e-05, 4.0728611886821985e-06, 2.3993401630007608e-05, 0.00013563720901315303, 2.1392739796612165e-06, 6.9830577386838037e-06, 9.3052038522559426e-05, 2.2609676773377645e-06, 0.00014998979351658998, 0.00031266137631638516, 1.3776070477781946e-05, 0.0012149301747610027, 0.0088247709844936958, 8.6375103354900931e-05, 6.9855228088537615e-05, 5.1898040691594276e-05, 3.8999876330012852e-05, 2.6030852696571117e-05, 1.8052772046850556e-05, 8.6827220750941439e-05, 5.1506021738765779e-06, 1.6723743640263417e-05, 0.0028169723178237843, 1.3731633315931576e-05, 7.8270452803530884e-05, 5.4525935506020784e-05, 3.9323061049594111e-06, 0.07918913614667647, 0.00010937566120881444, 5.4187243461125495e-05, 0.00091915666942557863, 4.1424458443339014e-06, 8.3054366861108571e-05, 2.9269239065986104e-05, 0.00050455240281791261, 1.16757316106052e-05, 3.9208883647651822e-06, 1.1734431797726675e-05, 0.00016578661340958066, 0.0010600989018503693, 2.7382239357449107e-05, 3.5867423334463066e-05, 4.4412368064715724e-05, 4.035543123072458e-05, 4.8085608461500871e-06, 4.8288882807023944e-05, 0.011026633609905391, 0.0003174967851685625, 0.011313999485947643, 1.2511184605085e-05, 2.8217936843476234e-05, 5.7557211909973252e-06, 3.0392695989465055e-05, 1.0643145244288405e-05, 3.8456971593732829e-05, 0.0035225920894728863, 1.0972525349696873e-05, 0.00018863281568221816, 2.7414368701770975e-06, 4.6403176440342391e-06, 0.001967381021529181, 7.5167006333155497e-05, 0.0026551133746161829, 9.6746298094138754e-05, 0.00049764122553002256, 0.024754749791845235, 0.24715945139305992, 0.00010381826185250311, 1.0403749633876807e-05, 0.0012154077512835019, 2.1204996004182659e-05, 3.543495675698073e-06, 2.3383335982508762e-05, 0.00066275538850485644, 0.00084073651128561174, 1.6280703514162517e-05, 0.0023584292473977416, 0.11546566291628127, 3.3135084187144972e-06, 1.8704533981957812e-05, 1.5521209185768589e-06, 2.3746078941847829e-05, 1.2833611780194691e-05, 1.0364667850203719e-05, 6.1355471935160382e-05, 2.9405900910623539e-06, 0.00048784266773738507, 4.8878122272739699e-06, 4.9416381360097604e-05, 4.0046591076418739e-06, 5.3621264865782859e-06, 1.8121072646333297e-05, 5.9299338670913643e-05, 2.3641063824537973e-05, 1.6548256266485071e-05, 1.0497778398368348e-05, 0.00010861964895877117, 3.2925171026632037e-06, 6.6075982774468569e-05, 7.4858905732658042e-06, 9.2370189296553216e-05, 1.0195749007572253e-05, 0.0017797134504269824, 1.7705999665731445e-06, 0.025257328409608305, 0.00010052405143946516, 2.8706935626739726e-05, 0.00015695648498189536, 0.0016268493782377227, 1.9016110844952488e-05, 4.4910355941450908e-06, 2.9763048052205553e-06, 1.1293968838009702e-05, 0.00049508803846452494, 1.9671339331845358e-06, 1.8451624499221494e-05, 0.001496499636797564, 2.195960789606978e-05, 3.053312328423687e-06, 2.8314480724891183e-06, 3.3304828121481834e-06, 3.5351092917976428e-05, 3.4737364805450192e-06, 1.9559693708111853e-06, 1.3046165936351158e-05, 4.3278414816377518e-06, 1.3898352289092144e-05, 3.1649189779771652e-05, 0.0015290577812503059, 1.6652999119850917e-06, 0.068172847763564692, 1.2136178231337412e-05, 1.0852123083956114e-05, 0.0021491483474465911, 6.8501085930101224e-05, 0.0039875430493464814, 3.298814290799121e-05, 2.3440933237783722e-05, 3.198879077293378e-05, 9.0085517220456089e-06, 6.9031286575682059e-05, 5.2888712448822356e-05, 2.6066782545330874e-06, 3.4918015362000212e-05, 1.801069459981592e-05, 2.9882359579631247e-06, 1.8878600070246549e-05, 9.0594800926057959e-06, 0.00011391863442354299, 7.6114727249407576e-06, 1.3612163587614854e-05, 8.8872139433488124e-05, 1.0639413932227373e-05, 6.4181819292797392e-06, 1.2964858988225086e-05, 0.0017874467050168689, 3.6687738761006148e-05, 2.430567600504641e-05, 1.7741165966431948e-05, 2.4069849471264194e-06, 6.0964461707370545e-05, 6.7328311505220508e-06, 0.00024288491143827876, 3.5729727286917982e-06, 3.5382735750606908e-06, 0.001187270294963813, 0.00053388786586209972, 5.2375863712051478e-05, 4.4412037498159479e-05, 1.5698798520496299e-05, 0.00048044342121866492, 4.9508322550714183e-06, 4.4466608571187907e-05, 2.5749677983877346e-05, 0.0020016328425840118, 2.7911088085243566e-06, 0.0016877294801641912, 0.009363913178450237, 3.2046172165902964e-06, 9.1233265665711251e-06, 5.8947055737446617e-06, 0.00010043760373216211, 0.0032739419503729716, 1.503967129628421e-05, 2.8204816127760776e-05, 0.003376077219699005, 2.1462558904746454e-05, 0.003596320020756342, 6.900261708539783e-06, 1.0964511427022624e-05, 8.933453093002047e-05, 5.7541652312960631e-06, 1.0317649399251375e-05, 3.6007993794743461e-05, 0.0097105116605097838, 7.0011311861888401e-06, 3.2958039395639391e-05, 1.2252078750119609e-05, 4.7678404527885658e-06, 8.7544673915064785e-05, 0.00017440155544111148, 4.5670112426995378e-06, 1.0618198017483809e-05, 0.022668311168818924, 5.8213712218657858e-06, 0.00017057385908791613, 3.0663116122940081e-05, 9.0135608878673436e-06, 0.00035799771179155515, 0.00035980579479327431, 9.3583253747589057e-06, 9.6695008472546363e-05, 6.9241991986261771e-06, 6.9233333483033171e-06, 4.007668731125576e-06, 8.4088612898123365e-05, 2.830379212839859e-05, 5.6447120674424394e-06, 2.055461087681934e-06, 0.045505149901144071, 2.59241545719641e-06, 5.8369598526806255e-06, 4.4768674606982461e-05, 5.7922909012449564e-06, 0.048062485133739119, 4.3329567947849832e-06, 0.0001890953288650048, 4.4892031064762064e-06, 1.0323178289933961e-05, 0.0011439187458227177, 0.00024091250308684172, 2.8168898778452977e-05, 3.4755965602723134e-05, 0.00027307006940016144, 0.00026730474818603407, 0.0038400019034912428, 1.5700260495615945e-05, 3.1970666753586877e-06, 0.007009723132375259, 1.0412907028483816e-05, 3.647565659816432e-05, 2.9467574161979529e-06, 0.00010456218263711528, 1.331618481243833e-05, 3.998022926273568e-06, 3.2439724529547759e-05, 2.7804965131857601e-06, 0.028162705407712981, 5.463064831253246e-05, 3.0783663598168183e-05, 0.0015022807291357413, 0.00042460383777829483, 5.8600461622498807e-05, 1.6614098381610578e-05, 0.0006194937224070833, 9.8104282053434639e-05, 9.0740096147338238e-06, 3.6725642028556855e-06, 1.3875646233304972e-05, 0.00031269795276183781, 4.8676070946528959e-06, 1.9441889941376925e-05, 0.00016076075985362346, 1.1075513535268952e-05, 3.7835670277847057e-06, 1.6243196119239887e-05, 2.8289458899210301e-05, 7.3371984359532443e-06, 2.3866342888374911e-06, 5.8477933245143896e-06, 1.0474892136970267e-05, 0.43170066950697578, 0.00049805819774336531, 1.3587152062583691e-05, 7.851174869745088e-06, 0.017746435099777406, 1.5860230912694077e-05, 9.1540932379114502e-05, 0.20800054683511737, 3.5221830867605315e-05, 0.00035099055453638624, 3.0704155688811218e-06, 2.550479726119575e-05, 2.8623601593570719e-05, 0.0017418798101435549, 3.6054424386332849e-05, 5.5422146463122432e-05, 1.7946347305428331e-05, 0.0015659328931567627, 4.7883165522235958e-06, 0.065881789034394733, 0.00036884879263404625, 0.054119880175328886, 0.040110130955037238, 0.00020248104716559965, 1.6148825936154507e-05, 0.000125700585584345, 0.00035244829181234821, 0.00032447498117849685, 9.5045217113856823e-05, 4.4642796894619104e-05, 0.00020624279982689635, 0.00037005811707619242, 4.7608032189646043e-06, 8.4947288641767699e-05, 5.0821665431897932e-05, 2.8847045206824248e-06, 4.1024804130181752e-05, 4.1285762542461099e-06, 7.8286283096676054e-05, 6.858291393578435e-06, 1.1130295319817705e-05, 3.6452093434960136e-05, 4.6589746447398372e-06, 2.7903995200713146e-06, 3.5816110777449351e-05, 0.00036863018806143573, 4.2167342520998473e-05, 2.3372382350810795e-05, 0.0063766331119004061, 2.329568517809748e-05, 0.047087739834084201, 2.1543235532547523e-05, 3.5809160100485673e-05, 1.2989625591702284e-05, 0.0024788667876514329, 1.4157054956347729e-05, 1.0604156533573842e-05, 0.0016438305371117429, 0.00069649118010142795, 0.0042492471658210091, 2.7898801101872562e-05, 1.9417236684606556e-05, 2.6397383586449718e-05, 2.6404649065873981e-05, 1.2467615766472508e-05, 0.00015898505402938873, 0.0015627655125159377, 1.9744498068561535e-05, 5.851663295445442e-05, 0.027325085337762327, 1.7370923826538426e-05, 5.5402824690260244e-05, 1.8679748830097057e-05, 4.2358517591602396e-06, 1.9462317265877928e-05, 2.319717292926696e-05, 1.4551986090484748e-05, 2.6512321054732299e-05, 3.1576713764847652e-06, 0.00010032837525347104, 0.044826707645565705, 0.021293619045591679, 2.1581200317847175e-05, 0.0022256029936785961, 5.2809937054841743e-05, 0.00037932883855892137, 6.0161719628212059e-06, 7.7773136279851599e-06, 1.4058927194492725e-05, 0.00021406820421934099, 3.6753449466594401e-05, 2.0194466182000487e-05, 0.00057150086484279651, 3.3361738898417944e-05, 2.2277835418754926e-05, 0.0019502693231800595, 0.0021821757817518874, 7.4490320383678619e-06, 1.0438449636996577e-05, 2.4805666834452701e-05, 2.2681245171984828e-05, 3.6934125773798175e-06, 3.3539246708887604e-05, 1.6541243382939029e-05, 2.7372601588473733e-05, 0.00011693314013889931, 2.1475864472172252e-05, 8.1992905618550268e-05, 0.051706318536035439, 1.4828677223039807e-05, 0.00040336431078838892, 2.630187538173874e-05, 3.3529453422361611e-05, 1.0945371479385975e-05, 2.3793057624045266e-05, 2.4547340232419459e-06, 2.0782376007798145e-05, 0.025247172000298791, 1.5594202204792786e-05, 3.0921862517349519e-05, 3.0142465445234262e-05, 1.1193957082561269e-05, 2.110280443715921e-06, 9.6242538306847913e-05, 0.013240893008029001, 0.0018343447437266349, 0.0038176812639931783, 2.4893178409480203e-05, 1.5393198556245267e-05, 4.4676426156497618e-06, 1.9943081670358321e-05, 2.0633433638253446e-05, 1.8093617309370451e-06, 0.00017032055363754652, 7.1777577904939224e-06, 5.7331943239430927e-06, 3.5698530898305619e-05, 0.00024944286308232002, 8.7570398291650814e-06, 2.2451288652624543e-06, 7.8775035658222974e-05, 0.00078393105499685307, 1.7258249691195772e-06, 0.0066241963945187993, 4.7201004917984461e-05, 8.3630247115326761e-05, 4.684400524973441e-06, 1.0787098952090274e-05, 1.3765397404196361e-05, 0.014443070241650592, 1.1464514663149791e-05, 0.0032960291433321281, 4.024887374050874e-06, 2.0561582618340584e-05, 0.00014550765495894284, 1.0223677651897043e-05, 0.4480918091119222, 2.9527422070912661e-05, 0.00020557837877433431, 7.3159086943696063e-06, 9.7279846343845513e-05, 2.2950234864192865e-05, 3.3237293618809198e-05, 8.9887294932382378e-05, 0.00010448171836024304, 0.0088721186644145234, 9.5725005431741942e-06, 4.6174341625377085e-05, 2.3773922834053444e-05, 0.0011385796336009439, 2.7660198019551296e-06, 1.0272899533010124e-05, 9.8390510991703732e-06, 1.9357035548662322e-05, 2.458972648560524e-06, 0.00033672433456431765, 0.015574952320301429, 0.015612732162115204, 5.7335148857481062e-06, 6.2023498196995309e-06, 0.047662729710239174, 7.2550027443400717e-06, 4.0528096829350191e-05, 9.9695096418014455e-05, 4.6393042474747828e-06, 0.0011429610509346416, 1.6562980577237337e-05, 0.0056001708407998696, 4.0909512121432832e-06, 5.6862978704344549e-05, 0.445984016992864, 0.00083122108419101846, 0.091626785512884251, 7.6165832294999779e-05, 0.00014629768074583133, 3.5186469674865487e-06, 5.4173928408468257e-06, 2.952816785367483e-05, 7.0205344542940385e-05, 1.0493958304006017e-05, 1.7328296689548567e-05, 3.3223167952339919e-05, 7.4555098279054715e-05, 0.00031449950047409358, 3.1075037662216475e-05, 5.8567755573214098e-06, 1.5293112347689942e-05, 6.385204446997009e-05, 1.9295448720390161e-05, 2.2414016352825733e-05, 9.2205792654420927e-06, 9.790541228161967e-05, 0.00054178031088610425, 6.1825254856398043e-06, 2.7006568527559278e-06, 0.013485975196753213, 3.7240555963121158e-05, 0.24664294933904798, 8.8655279656973899e-06, 8.1512338381299917e-06, 0.00083088405450068017, 2.0624091661067873e-05, 0.00099887753004554024, 0.0957804855675876, 0.0022216796791675532, 9.047786331134374e-05, 6.1725342914625036e-05, 1.5628345366737271e-06, 1.9605288046711207e-06, 3.8148252246820756e-05, 0.0011257091903369466, 7.8771169189440641e-06, 2.3532772584236294e-06, 7.2781421456494419e-06, 1.5332475795040782e-05, 3.8659698966354478e-05, 2.5206807434003687e-05, 6.3205838682163989e-05, 5.4351354104775142e-06, 0.00016937551679016343, 2.5323616091851219e-05, 7.3929151815725752e-05, 0.00012138207028354602, 0.0004409870411822623, 0.0037744656466353992, 0.00018805815158170312, 2.4013837935157318e-05, 0.00010716115296297628, 7.0399366209485638e-06, 0.00012318494697041314, 1.6255370013350938e-05, 5.8364587467590423e-06, 0.0014944084761194638, 2.4721267598734065e-05, 0.0039784234167165372, 0.00032381695834574899, 1.589115592811696e-05, 5.9806924358307826e-06, 1.4356423140486584e-05, 2.2273584045053065e-05, 2.3300290208705426e-05, 1.9943712217539057e-05, 1.0966157627077768e-05, 1.1561073676267054e-05, 1.491415300867419e-05, 0.00010897004926340056, 1.0313305092909731e-05, 1.7692994334867176e-05, 1.5102761409203403e-05, 3.5027313618883987e-06, 2.8731770603448941e-06, 1.6339335438890335e-05, 4.8066966042584899e-06, 6.9870457102401943e-05, 1.973361489324168e-05, 4.8177645095356287e-06, 3.5184968423364034e-06, 3.9388943028802616e-06, 0.00024754924545280962, 6.1561700054339815e-06, 0.00022013664443955061, 1.1617522668147817e-05, 2.330540267780221e-05, 6.0114336323217944e-06, 6.7541026627419476e-05, 1.6767803744578251e-06, 0.036322688933121093, 0.03421771197128403, 9.4425906177285043e-05, 1.5702175903715835e-05, 5.364497746687386e-06, 4.0014083290250887e-06, 7.8138508317806172e-05, 1.4520419268769407e-06, 8.0858242398244198e-06, 5.8670078390042429e-06, 1.0774212334014639e-05, 3.349300936042735e-05, 2.306323785527014e-05, 0.00050916893279682129, 0.012158482023241803, 8.2808490941151194e-06, 8.3429118442907883e-05, 2.7909580105761913e-05, 2.8488577297651069e-06, 4.2012692691435031e-05, 2.6556970884373017e-05, 5.0333387395955978e-06, 0.00023861773566568353, 2.6631691023820681e-05, 2.7073880972575377e-05, 0.00073522531345562468, 5.5996675347464221e-05, 0.00011527427882549803, 1.0470355679715665e-05, 0.00050131393448743392, 6.1899873962252338e-05, 0.00012701500874853278, 3.6738990959958039e-05, 0.041646773865997314, 0.40013829942299783, 0.0022394856893729778, 1.6677320945910771e-05, 0.0001466416340052535, 1.1241251835663545e-05, 0.00042705377469115128, 2.1651438042906022e-05, 0.0003430140615354807, 6.4824442386086225e-06, 0.0011694787397646903, 0.025309299954752645, 1.3713839496210749e-05, 5.8369439416293103e-05, 1.6835988340489376e-06, 0.00011463027189688351, 2.760550583342752e-05, 2.3115417083630679e-05, 0.00012487843457886238, 0.0001764017243087885, 3.7120815181590458e-06, 0.00034165613053908694, 4.2232475914856248e-05, 7.1171232347111887e-05, 9.7569057301237459e-05, 7.0124076739289099e-06, 3.907423474850429e-06, 8.3496030625674189e-06, 0.033266843705925121, 2.3225953565621489e-05, 9.6671468744782704e-05, 1.0075891031819899e-05, 2.7944118569757223e-06, 0.00019648604116087633, 8.5639413215813337e-06, 0.00018143818612498185, 7.6602306785635323e-06, 5.8356647433895763e-06, 3.8529764965235617e-06, 3.9852119861356282e-06, 6.8708223611221845e-05, 0.00016351596825036753, 7.2719511820503493e-05, 2.3084856705617483e-05, 7.6313090307644202e-05, 1.5545260468930937e-05, 2.2186881211460228e-05, 0.00035357179261958271, 0.00022895434987912184, 0.00011616835337275223, 2.7426194083475733e-05, 0.0011064759327115267, 0.00039425287969858838, 0.00013159145672920358, 1.8413995061854588e-05, 4.2291389903455116e-06, 0.023737185099800245, 1.0841231453381053e-05, 4.434689407162984e-05, 2.2085387388201042e-05, 2.3972295564263406e-05, 0.067840106137452144, 2.4572784253449906e-05, 3.3657731071906048e-06, 0.020410060270403235, 0.0001288608914296826, 1.8663761440726214e-05, 3.1373104470968285e-06, 0.020817266049548772, 1.0492549748145898e-05, 1.9944835028439148e-06, 0.040247724942218926, 0.0012587366230961254, 3.8589914256076084e-05, 2.2514903079808459e-05, 0.0062810131102496404, 0.00010491977600132298, 0.00012492762638076016, 2.0683404011302083e-05, 2.8039279428322251e-05, 1.226129236641231e-05, 2.5283263695498795e-05, 9.4452064892651077e-06, 8.2712628777215601e-06, 0.00095631942550297819, 6.2847954214686012e-06, 7.5771159116890499e-06, 1.0259904432921637e-05, 2.9734309289770004e-05, 0.00029089376803984545, 2.6461247334770408e-05, 0.00049857836613912928, 1.0017001724697719e-05, 1.4866950621076661e-05, 3.2076145573403279e-06, 1.5166370168665629e-05, 1.8930529822297374e-06, 0.018714897387867066, 6.9551144958694786e-05, 5.7497418915310149e-06, 0.26255045581876685, 1.2814555812105923e-05, 5.4255708843587886e-05, 0.00060884647746576313, 8.6797885292175355e-06, 9.3215123426000328e-06, 0.003140662741421647, 9.2132790907677351e-06, 3.1985639101844985e-06, 5.6071689686714727e-05, 0.016953368625439582, 1.0109159624816082e-05, 0.046007020660201244, 9.9310344384811029e-05, 2.065758647979637e-06, 3.7514483547463389e-05, 5.868478659538122e-05, 2.237162744908038e-05, 7.3815041098692114e-05, 1.7263550290151309e-06, 1.0600784546342939e-05, 0.0001388932235205309, 4.0163947207629951e-06, 2.6793450147018027e-06, 0.00010245657776927441, 8.1657079825130576e-05, 1.185213006835335e-05, 1.6591442635107774e-05, 0.019614849679399561, 2.9472424567144378e-06, 3.3505395352772439e-06, 1.2924863351195922e-05, 3.4006902238480995e-05, 2.1511704253235615e-06, 1.7817032761130163e-06, 7.8589446721801981e-05, 0.00022779711480935274, 3.1068372611413732e-06, 2.0620383892673902e-05, 1.9639145244368717e-05, 2.5194879444007011e-05, 0.0037820348006317862, 1.0162643970340489e-05, 0.1040213990577278, 2.1624611343564343e-06, 2.0471200607332999e-06, 6.2192993824932252e-05, 7.8204833495726145e-05, 3.5652686700263724e-06, 2.1433369910475333e-06, 7.7574032929166771e-05, 9.8129191131341963e-05, 0.00016749945822222711, 2.0103516343036389e-05, 4.2686188697950792e-06, 3.9182778674243463e-06, 2.6338655330991049e-05, 7.7650466621182571e-06, 2.8403214649073319e-05, 6.8145772839732862e-05, 2.7224139396550478e-05, 4.0213890635007316e-05, 3.529482391498905e-06, 1.0566939106411825e-05, 1.9516332686798372e-05, 0.33056761998004858, 0.0024208606517226892, 2.1116084178129869e-05, 0.00029127205185319814, 6.9837397458785911e-06, 0.0011414455465769506, 0.0078530095544785215, 1.0159474227850779e-05, 4.7781790112107296e-06, 0.0088175259205777179, 5.2695006357881923e-05, 0.0001126933316708354, 3.9799608937739584e-05, 0.00010883362489969751, 1.6519100184126541e-05, 9.5695148389520883e-05, 3.0281581583608231e-05, 2.000493116336686e-06, 8.5447951507456671e-06, 1.7438443117125802e-05, 0.024806664737185263, 3.3203480814229137e-05, 6.5949697373776796e-05, 7.5473864754330996e-05, 0.0089800688641591495, 3.3003286490438734e-06, 0.00080071506876923837, 0.0014054973265867278, 2.3535392125871894e-05, 3.2955591757238932e-05, 6.1428067976277267e-06, 1.8236623237490939e-05, 8.2136221240667731e-06, 9.883997340466698e-06, 0.0001371306733084633, 4.7719686908159356e-05, 3.9918539347143484e-05, 0.0018199680771520462, 0.016133908352928335, 1.7333009145884121e-05, 2.0685979663602559e-05, 0.0001705702407442009, 0.035820929571309147, 3.4605967993711502e-06, 0.010587473679709174, 0.023974613918482039, 0.00012294087368239584, 5.4874091767194629e-05, 3.4023123771558053e-06, 4.0733471408095822e-06, 0.00012033513219639518, 3.4761837566091821e-06, 3.9488618795724248e-06, 0.0017904553208312364, 2.1662218302702555e-05, 4.2833261155174305e-06, 6.0896896185137921e-06, 1.013620538797818e-05, 1.3414428342356624e-05, 9.3707566408971093e-05, 0.0050513001993725652, 2.8293748129530028e-05, 3.4174501887486027e-05, 6.9477522562486645e-06, 2.5418027062155481e-05, 0.0033743806186055706, 1.4188779626046559e-05, 2.3335850372237998e-05, 3.4914861479473361e-05, 1.3259420500325952e-05, 0.016887221117810821, 1.0621364387825845e-05, 5.4090326339016227e-05, 0.016293559077671431, 4.0980393038779559e-06, 0.016492276356595743, 4.1499802925919288e-06, 0.13465745716716343, 0.00011132880556289261, 2.1846012388073966e-05, 9.901025005651335e-06, 2.2077788792848288e-06, 4.4124219232565681e-05, 0.0018603675286094083, 1.8432309227356387e-05, 8.1917744176471932e-05, 2.7464121713339769e-06, 0.014275508264282073, 3.3265791584352572e-05, 4.2447660558122925e-06, 6.1393013548487568e-05, 3.4485351031814388e-05, 1.5507865648864811e-05, 0.00019665761124221473, 4.9698249562768431e-05, 7.8304742954009255e-05, 2.3400365750341224e-05, 2.2359865124208864e-05, 0.0012795520244811721, 7.4412100406229397e-05, 0.053929886003173728, 0.00045382773049487874, 5.2118092986740091e-05, 4.7321355764156527e-05, 2.3392694775979233e-05, 2.5884772970146952e-06, 2.3472798786274323e-05, 3.7843412192650153e-05, 1.2340701358177704e-05, 8.57653465921086e-05, 2.1587553128290696e-06, 3.257615257167633e-06, 5.5983128480206077e-05, 0.0080811916656254139, 1.7284784242285474e-05, 0.00014279598402852707, 2.7892261739767695e-06, 0.00034365325149378502, 4.4883664116982579e-06, 1.8885227862838823e-05, 2.9254378026725345e-06, 8.3558190793939118e-06, 9.6078340539445412e-06, 3.7597996845079171e-05, 7.481187525152417e-05, 2.339756821398692e-05, 4.2455911842235683e-05, 4.2565478806400586e-06, 3.7484412932279554e-06, 8.4635434682583909e-06, 2.834237595092676e-06, 0.00013869880153338232, 1.0141716067134819e-05, 5.5026144749187252e-06, 2.2969720928103998e-05, 3.9956368545493834e-05, 1.0189038961771809e-05, 3.9734519140041962e-06, 2.7630283136612919e-06, 3.9279655412952238e-06, 2.5740485223122967e-05, 1.0787204835166897e-05, 9.7489397352756954e-06, 3.5520492922114513e-06, 1.2676417020541817e-05, 4.4086859974919832e-05, 0.0004657580124466213, 5.5199105677501495e-06, 1.0386269886226345e-05, 2.8771383204992782e-05, 0.016394175359954119, 4.774095210228687e-05, 1.1902191691168022e-05, 1.9669175382997036e-06, 2.451907584441145e-05, 0.0062098206073269114, 3.3680293192060646e-05, 3.2887024359512375e-06, 0.00015177919037434668, 2.5401738070940651e-05, 1.5131153250140613e-05, 5.6703537362744411e-06, 3.2408113933749464e-05, 4.1004405251265802e-05, 2.4293203481967512e-05, 1.1527609056774886e-05, 2.1339649053538065e-05, 6.9953195501416236e-06, 2.556783004438383e-05, 2.555012926541339e-05, 0.0083708916650177025, 5.9634027958882771e-06, 2.7936868891264974e-06, 3.7227712264008742e-06, 2.0689899055401039e-06, 0.00017498352143995545, 1.3433358834827874e-05, 0.00045135093196807866, 4.2996564163853144e-06, 5.0427147898187499e-06, 0.00025876219778571435, 1.0645957673640507e-05, 1.0356151135305204e-05, 1.1115836280673789e-05, 2.8897319153613983e-06, 1.6926409981636273e-05, 2.1175614853584584e-05, 5.8593201259487514e-06, 2.0959862099448612e-05, 4.8060526330233443e-05, 6.920941073595168e-06, 6.5065129696338089e-05, 1.442120654815117e-05, 1.3077299148146987e-05, 2.3386651314435022e-05, 0.00019371880871154687, 2.7327007609419302e-06, 9.8790615846870537e-05, 0.00024979097179619848, 1.2487411043223477e-05, 1.1059249389510923e-05, 0.026911608380493519, 2.613976633113658e-06, 0.00020730196417559173, 3.2407615962385972e-05, 0.077678262395359937, 6.0996707731645717e-06, 1.2745764520233625e-05, 1.0641997124035772e-05, 7.4177729477506285e-06, 1.0300274344484436e-05, 4.2656868588597969e-06, 1.5840786172650731e-06, 5.7223253796084848e-06, 2.7633773265034876e-06, 0.00013466682968869953, 4.5543629775627982e-06, 0.0011187213361473251, 2.3515562473897605e-05, 7.5461883977910078e-05, 2.8175558117071436e-05, 2.4808096074102467e-06, 2.295066122598012e-05, 2.065610022470755e-06, 9.5984258219439003e-06, 3.78488920954956e-05, 1.6574252651844874e-05, 3.4646143127098742e-05, 2.3438388346305856e-05, 0.048227108629353921, 2.4717046075250007e-05, 4.5296163950955847e-05, 0.0001092968622555311, 6.165985277179151e-05, 3.0186801315622893e-06, 1.8130020352126787e-05, 2.2022359202886951e-05, 1.0558621740660544e-05, 3.0046195465963112e-06, 1.7771188085304628e-06, 7.063710420865859e-06, 1.2975593112267636e-05, 3.467531038014552e-06, 3.6637721634659053e-06, 6.2676241743167064e-05, 0.0029637470635224521, 6.9458044497442574e-06, 2.2039893203894406e-05, 1.0395766965560368e-05, 6.8389047612734785e-05, 6.7880396589517573e-06, 3.2979621369273049e-06, 0.00025782221942416628, 2.6575681960979213e-05, 2.0344269580071831e-05, 3.2695067834960804e-06, 6.2481457592096585e-06, 1.2322134926214747e-05, 0.0011173811061082255, 2.2345710765400272e-05, 0.0011471893443809678, 2.5365960620744854e-05, 5.8249870242419521e-06, 3.0049943394434966e-06, 0.00010097755934219228, 2.3708149359873086e-05, 1.3652640187690134e-05, 6.4984091210805049e-05, 1.3794908212174995e-05, 1.0070123716566373e-05, 1.6454561621259891e-06, 6.8660607652593802e-06, 3.2618434391456303e-05, 2.4642973160268751e-05, 0.0069216587359109648, 1.7991878669551877e-05, 7.2268674835276339e-06, 0.003065580643684332, 7.2245605542404304e-06, 2.9334574346683119e-05, 6.1839564525367957e-06, 0.00053293407100505708, 3.636585721082629e-05, 0.00097405398171513725, 3.0428889945928505e-05, 2.1621019748632083e-05, 0.001643818053187207, 0.00066243557956708525, 1.5176037205829902e-05, 0.0023411654085379336, 4.5877355251065179e-05, 1.4341015113684627e-05, 1.0464619091412141e-05, 0.017562229337940567, 1.041769918523233e-05, 1.1110843541038669e-05, 0.025072429824547125, 2.088125567627697e-05, 8.6861087537926903e-06, 8.0138905485535928e-05, 7.2275070003806105e-05, 1.1710559601773015e-05, 1.5163824920446139e-05, 1.5373047871399109e-05, 0.00031091798694347613, 3.6283835463360953e-05, 6.0838200948974817e-06, 0.00022194282874452489, 3.76615640507525e-05, 2.6438484901856369e-06, 2.4709281441155947e-05, 5.4194443941821596e-06, 3.0632358357609016e-05, 7.3968113132154893e-06, 0.00012612290578441467, 4.2303068420298647e-05, 0.02010148645894904, 0.42287276255050404, 0.0010379130349163449, 3.0803285704937088e-05, 2.6651096691784001e-05, 0.024596213500692729, 4.1107242365847896e-05, 5.4392354588910634e-06, 8.4531825693762028e-05, 1.8909698795613213e-05, 2.2735664637631276e-05, 7.0400142281592653e-05, 0.00046739853680297127, 0.0003543933430015499, 5.8355394794679849e-06, 3.8175583256278378e-06, 2.4602949630947617e-05, 0.0056934451699820147, 4.7766581315846071e-06, 1.2288149881571635e-05, 2.2934129728910199e-05, 2.6721618281520214e-05, 7.2114149402813645e-06, 2.2466726489337067e-05, 1.4217011523679559e-05, 7.6783060552144841e-05, 2.6672756544050688e-05, 0.00040192760558952655, 1.0560602635049133e-05, 1.89482100830759e-05, 3.4155248088966194e-05, 8.8839561833188105e-06, 3.1340219108235765e-06, 1.2060881251284311e-05, 2.4851387628027082e-05, 0.00017209840621860075, 2.0511442839835073e-06, 8.2824151077579221e-06, 0.0011206081653658314, 2.2518443688340754e-05, 0.00014745954015162144, 0.0003663819018712309, 5.6100233981167783e-05, 1.0743822379078431e-05, 3.7062591659682988e-06, 9.907495342285463e-05, 0.060472446793208394, 0.0014507935291125133, 3.9828415986779195e-05, 1.2490511348489821e-05, 1.5748619908730775e-05, 4.430429064428145e-06, 1.2705085383386016e-05, 2.5635003611490719e-05, 4.2480414767809821e-06, 5.8191405356767227e-06, 1.2208863508273831e-05, 3.2889380667069779e-06, 1.1368339529310663e-05, 1.9683064908007694e-05, 2.8241839239793914e-06, 1.7355297073603861e-05, 0.00036099888840765676, 8.3299800066966918e-05, 0.00027184664864049409, 0.00017381358318616764, 2.2579104995640354e-05, 5.0738931396314181e-05, 0.00028537828517661629, 2.4402988085437677e-06, 2.3694660243394686e-05, 0.013553837728214989, 0.00010026504837449975, 6.0559740687538986e-05, 0.0073289903991438834, 3.5153203505252845e-05, 0.00033023640646064306, 3.8257102791057819e-06, 1.0691017804077841e-05, 1.8757760897309075e-05, 7.0771495570605349e-05, 2.164706035658426e-06, 1.3423424706899722e-05, 0.00050183038325955494, 5.7980867023162552e-05, 2.4469817039550137e-05, 1.898906255920403e-05, 1.306927389037371e-05, 1.5076962925977572e-05, 0.00039194336730289774, 4.7316466182497189e-06, 1.2430745960966547e-05, 4.5069359885268232e-05, 0.00085001868716079638, 3.6433192851648045e-06, 3.2669331754958976e-05, 0.052753442693867177, 5.3138754574606336e-05, 0.00011642813433276958, 3.3858040244533028e-06, 0.00016681766647108759, 9.2347298828207339e-05, 3.3789660591478157e-05, 1.104541534139199e-05, 1.8723439684705754e-06, 0.00069347049442830425, 0.00013305855195696253, 1.5383465679919666e-05, 9.2046951421662062e-06, 3.0451698936366728e-06, 1.9019907993026855e-05, 8.8465377427608224e-05, 7.5807206797317148e-06, 1.4587119249662614e-05, 3.1728939693058998e-06, 2.3404507050582438e-05, 0.00010751825662784485, 1.0042631717220565e-05, 6.9336665703437097e-06, 5.4984748786327146e-06, 3.6179430087838411e-05, 6.0082959673715747e-06, 3.8918793107992913e-06, 0.0066325806021172743, 2.4181708843023945e-05, 4.0215605945781692e-06, 1.540088129148866e-05, 3.4645591818914124e-05, 8.7471403433216362e-06, 1.6557780364133001e-05, 2.5716421220265491e-05, 0.00014571785925563004, 4.2156235058085681e-05, 6.467877494884997e-05, 0.05851170420951967, 0.0018785288423823834, 1.0539037238431441e-05, 1.9688075265581096e-05, 3.3554320616342494e-05, 1.114954017646522e-05, 4.9771874471667311e-06, 2.7490344349232355e-05, 8.3884399471373025e-06, 1.3897342807263659e-05, 1.3160785550271027e-05, 5.8647964348613263e-06, 1.0052075346000712e-05, 1.18134349122519e-05, 0.0039245474361357859, 2.3418513980218102e-05, 7.7244239912365942e-05, 0.0061828928857774667, 0.00042817464582488519, 6.390311359122784e-06, 6.1765042476211724e-06, 1.9412863418495337e-05, 2.2732095458425745e-06, 0.00060304792171653177, 4.3385107809356208e-05, 1.1888407964918285e-05, 0.00018060264470031869, 3.5091052462968306e-06, 4.1831424874978028e-05, 9.3271386737038649e-06, 2.1234309074321319e-06, 1.692157089301728e-05, 4.069487309140085e-06, 2.8048221031970507e-05, 3.3593408296231889e-05, 1.5891843962096914e-06, 3.7478999083357253e-05, 3.8625951112355836e-05, 0.0003045671581566983, 2.2612060369609075e-05, 6.7198179403483988e-05, 0.081255528103993585, 1.826114993831937e-05, 2.3487514282837498e-05, 7.5499029119734581e-06, 2.0345111045705125e-06, 3.7008437736572104e-06, 0.00075146017346379597, 8.8055748908540159e-05, 3.5519222218630743e-06, 5.7001975453711469e-06, 3.4134344479481123e-05, 1.0955412122773436e-05, 0.00085996996669265033, 3.0593008814030896e-06, 2.7910462743147083e-05, 3.0625691428640131e-05, 1.0347962638137908e-05, 0.00020172002468054666, 0.00029545572029242973, 2.5253993524462654e-06, 0.00044534524883800265, 5.7375891243162726e-06, 9.8429438544871996e-05, 3.5059345990467139e-06, 2.8970270768094078e-05, 2.0376117855531842e-05, 2.9140213160898931e-05, 2.6783794267018473e-05, 2.1615557106554074e-05, 3.028046940567214e-06, 2.4090037927813266e-05, 1.1708465981344481e-05, 1.619614901047446e-05, 5.2472617175344795e-05, 2.2964607976322599e-05, 1.7061270440644676e-05, 1.0495842102625399e-05, 1.1212754211292221e-05, 6.6407191262948275e-06, 9.3609921108498656e-06, 4.0934439295394677e-06, 0.00046708942189211701, 1.3515080821928182e-05, 3.1707160667588486e-05, 2.3408333876246112e-05, 0.023492186147002114, 1.030897494665147e-05, 3.4488544556823441e-06, 9.8875304872264212e-06, 1.9157751776074847e-05, 1.7444312293029177e-06, 2.6719717311662904e-05, 1.8518788560747775e-05, 0.00090957196485305419, 4.7290357412435287e-06, 0.00010135961697660596, 2.6541304794460834e-06, 1.1735977381774188e-05, 3.339399507470182e-05, 1.6560279515188868e-05, 1.7476055562078518e-05, 1.1022049253607673e-05, 3.1317497240391401e-06, 0.00077426484123653235, 0.00010449690851273187, 2.7193291520471563e-06, 2.6042219337822572e-05, 5.0467530453797474e-05, 3.868165538963377e-06, 1.6516090710552733e-05, 9.0233694632670938e-06, 0.08896927297232636, 8.6705663921655887e-06, 4.0543564209807246e-05, 3.9164113675502645e-06, 0.00011329589090568442, 0.00036602609334118692, 2.1716166225164621e-05, 2.0846279063634028e-05, 1.0423742865263478e-05, 0.00029733887098371507, 3.9998398313686347e-05, 1.116511827697027e-05, 7.1345072990548978e-05, 0.019898601994024556, 4.0027385171915206e-06, 3.1625526949365861e-06, 0.00034549351727230707, 1.4910609967909848e-05, 5.0279432672370795e-06, 2.9281194710235534e-05, 8.4950814138448302e-06, 1.7899369993074291e-05, 0.0071124073787187147, 0.00020298112597387963, 8.4236795408238753e-06, 4.3075680394508221e-06, 4.8010729203997814e-06, 2.486947044600683e-06, 2.385561151309906e-05, 0.00031273318940052487, 0.00023344811670500886, 0.00011995464053135345, 1.9268218344564071e-05, 7.8370473004568419e-06, 2.772776513947193e-05, 2.3241168306563741e-05, 3.8100711955472353e-06, 1.0285249706030735e-05, 1.1672594787950416e-05, 1.8746287729145711e-06, 1.7692788634486883e-05, 0.021451195287979015, 0.00023698067754974119, 0.00043745177590871922, 1.5917102154770689e-05, 0.0022271032216778074, 6.6821655540813045e-06, 2.3285671726723759e-05, 0.00054588537303196076, 2.3441365145099627e-05, 6.0319702503714209e-06, 2.5151917283526947e-05, 8.98302820650463e-05, 5.5442391684772285e-06, 1.228150161697267e-05, 2.3651614138260511e-05, 1.8016727598736274e-05, 0.00026122759310201406, 1.4850412945288817e-05, 0.00025022214043220745, 0.13479422617296524, 3.3564862621461992e-05, 1.6483621374415705e-05, 3.1907072881557168e-06, 2.509371576691776e-05, 0.00057113717005940362, 0.0051415732075520484, 2.7957099216977452e-06, 0.00066699639919576758, 1.6225433116224747e-05, 4.0500408227133977e-06, 1.5845728421742915e-05, 0.012684539653027923, 1.3726638568856986e-05, 3.0574868328030561e-05, 2.3224610232014581e-05, 9.3997589419668497e-05, 2.9432576972742294e-05, 0.00011302139407333806, 0.038925876413790902, 1.1544816089642568e-05, 0.00055041134098755633, 5.9924035349758518e-05, 0.001916015132219335, 1.259026908560711e-05, 0.00088818671360899135, 2.5539962640073468e-06, 6.8850511303033421e-05, 4.0718665553975395e-06, 1.8048778380446402e-05, 1.2809090323714214e-05, 0.011782731110804186, 3.7682934983100085e-06, 1.2885610540077194e-05, 1.9867426521240132e-05, 1.1576730505829751e-05, 2.6530886222862536e-06, 1.8298389890466633e-05, 8.5398672879696678e-06, 7.022194838587102e-05, 7.1159549065457813e-06, 0.00033921893483745546, 1.1535691688418258e-05, 2.1960838691214202e-05, 0.014491678853588028, 1.8291520398368856e-05, 1.2140676904586999e-05, 0.012505599745743898, 1.0070387596556715e-05, 0.00010304550306367965, 5.4739183227438869e-05, 6.2362130737806721e-06, 2.8272234353138617e-05, 9.7241422724928663e-06, 0.034222200958144947, 0.00058881725295329844, 4.159231413999644e-06, 8.2412775247096607e-06, 8.8665181924630395e-06, 0.00035682402674885243, 2.8681869403120871e-06, 1.8150988482944268e-05, 0.00021077066780427319, 2.9862959284415408e-05, 8.5717806321335729e-05, 1.8324678892939834e-06, 6.9199325887668093e-06, 1.4461898982039656e-05, 8.4566388335188401e-06, 0.00095202843520213968, 2.8203922635032749e-06, 4.0197941571397434e-06, 1.5615696910094436e-06, 7.5717623743629225e-06, 1.4476959807822279e-06, 2.2220415625592066e-05, 3.0003540618446649e-06, 1.1672877458474245e-05, 1.1010245664815042e-05, 1.1186431910128435e-05, 1.5719503642205502e-05, 2.812596883475422e-06, 2.1484880921562733e-05, 0.00029505258153448557, 0.00011320773099496556, 7.9981571835351886e-06, 1.1675434770632439e-05, 1.052870152933264e-05, 2.3179219117101531e-05, 8.4804625840517624e-06, 2.5755712854496271e-05, 1.1249756379383555e-05, 1.9801690759757366e-05, 2.7180613993205839e-06, 3.4633044555561652e-05, 3.3420288269573074e-06, 9.1100775038644467e-06, 3.3183310404422798e-05, 9.7021666639264863e-06, 0.012272652446167659, 1.2499214721902627e-05, 0.00057301837119011522, 2.8869655748413179e-06, 1.216105094175175e-05, 2.8107414978683393e-06, 3.8807520736121281e-06, 1.681023452643654e-05, 9.5208142899546594e-05, 0.010029042645889153, 3.7329790165964029e-06, 4.7652782517134678e-05, 3.9360292523274391e-06, 5.4532816909783555e-06, 2.5564711366661922e-06, 3.6447342956678734e-05, 3.7442070604163586e-05, 0.00031176268309966054, 0.020438058093310195, 3.7137555768691673e-06, 8.2632120589741881e-06, 3.1294144452119415e-06, 6.3142606690582905e-06, 1.3792804523582604e-05, 4.7808484882734408e-05, 3.7625857561402268e-05, 2.4799198502060588e-05, 1.6263592428529939e-05, 1.0284092156347832e-05, 9.3494520547793207e-05, 5.7760333861352797e-06, 7.2206579185575766e-06, 0.032132685380390012, 4.1264622483856224e-06, 1.2550049534214155e-05, 1.0053774552369772e-05, 1.0821343939599862e-05, 1.1333216654173812e-05, 0.0085468764141737805, 0.026376182741057744, 0.00052845009794338091, 2.3645468842568862e-05, 2.5950123164440802e-05, 5.3493922140890148e-05, 2.0595592199615757e-06, 2.8348364372136279e-06, 0.0011111749695003185, 1.5607706221394501e-06, 0.00032837377790002361, 2.1003479724916137e-06, 4.3323803249534438e-05, 1.5057369652230233e-05, 9.9530921001968474e-05, 2.3724981312787467e-05, 0.00022202373611441539, 2.4000090254897198e-05, 2.3897265714840449e-05, 4.4301257336557435e-06, 1.1790558789804049e-05, 0.0090043969970268218, 4.0022276764955867e-06, 1.8786730083796254e-05, 6.8272814469043938e-05, 2.382673358072789e-05, 0.4928838696061052, 1.3572897340669596e-05, 4.9591149875900812e-06, 5.533204339354656e-05, 1.4295146863184833e-05, 5.3030931443077858e-05, 0.0091815609531276689, 6.3801591432948658e-05, 3.2342276430665586e-05, 2.2452514075681317e-05, 2.4117211918327609e-05, 2.4347027289024991e-06, 1.7342447834017605e-05, 4.5325259514813079e-06, 1.0302558037545512e-05, 1.6910021471104997e-05, 0.0015299031160404348, 1.7645269205275169e-05, 1.647549614648284e-05, 4.9749005109032007e-05, 4.1757336110034377e-05, 0.042551462757264104, 0.00014914586550345452, 1.0169751627900252e-05, 1.0684591341018832e-05, 2.0217454262792158e-06, 0.00018376615465332322, 3.5875445507192144e-06, 2.5976154261289208e-05, 3.0705619905772024e-05, 1.3497738125383853e-05, 0.00027182595396590704, 3.8802228627305e-05, 5.0310496383952874e-05, 3.1075520803580463e-06, 3.1537166644810716e-05, 1.6414931534279878e-05, 5.4343806052246813e-06, 8.751354516843048e-06, 1.0091324798953733e-05, 1.0171441267853986e-05, 4.9005213533940925e-05, 2.054555088704272e-05, 0.17289636292021254, 1.841617898170268e-05, 0.023501118274738018, 0.0041144550311546279, 3.2763236618187201e-06, 9.056349176428185e-06, 2.9984109631797197e-06, 1.0425394168886351e-05, 0.00038298689461934701, 0.00035179679229545546, 1.6038892532186889e-05, 1.0258156299156398e-05, 2.7606230492904772e-06, 0.46041835991304725, 3.4306203331376306e-05, 0.0003238440407245058, 3.0830253630631215e-05, 0.01093520783644031, 6.2318722979383414e-05, 2.8064969497886546e-06, 2.8978189821663297e-05, 3.4024167785610409e-05, 0.00014801919238951694, 0.17639125750302426, 2.3114617963152888e-05, 0.00094505663544131588, 8.5390641480347079e-05, 0.0016091468136278596, 0.00047750593686284704, 4.9152942436840203e-05, 2.5774907057473407e-05, 0.00010024093348782818, 2.508195246939871e-05, 3.8920483641578561e-05, 1.4648054137136422e-06, 6.9778603875341247e-05, 4.7768282997006601e-05, 0.2375324304005037, 1.4399288297472116e-05, 2.6524205892019486e-06, 1.2518600462007967e-05, 8.5135682557171699e-06, 2.4605412437332431e-05, 0.022807062873912369, 2.9284125087752191e-05, 0.00051075883408918308, 3.9799220351789071e-06, 3.8087346986575995e-06, 0.035611619488821272, 3.7357193616079036e-05, 2.3798491892662312e-05, 3.6393641028645423e-05, 3.9582912468301392e-05, 0.0012277134638921045, 0.088762621689083041, 2.8036708766424365e-06, 2.852405490280092e-05, 3.5581551333036955e-06, 2.5589165502920941e-06, 1.7879928008960912e-05, 1.9767284106858017e-05, 3.3042552636644603e-05, 1.02379426567097e-05, 4.2880182134568891e-05, 0.00026868862981613073, 9.8112879490614774e-06, 5.5874873834927385e-06, 2.3127140485362578e-05, 7.1343611838752783e-05, 0.002552908903508963, 1.4491157896237504e-06, 4.0103634227047825e-06, 1.7666911975262797e-05, 0.00013948210023179082, 2.1151329224597096e-05, 2.9511289587098627e-05, 0.0010868886122934547, 9.9786614662892914e-05, 2.6401683826653289e-05, 0.00042276914668543878, 2.3457266116398983e-05, 8.9007326130961524e-06, 0.006214562142768814, 1.9836236913659837e-05, 2.2732656542609614e-05, 2.4943061163827294e-05, 0.00022297116015097517, 2.388405417881918e-05, 1.2233015460375321e-05, 0.00013755502023011647, 3.6979041622482905e-05, 0.0006137688226731425, 1.4474321965087628e-05, 2.9985777299870513e-06, 2.2553282044463291e-05, 4.2966416150971229e-05, 0.073837338429943764, 1.0114594690352384e-05, 1.1388367582699237e-05, 0.00012736747801333245, 2.7667094738001917e-06, 0.00031142954654708748, 2.4858427683125268e-05, 2.6017131107565229e-05, 4.000795460371218e-06, 1.6626768397374517e-05, 0.0097009171218946366, 1.7584886759211453e-05, 0.00014500218070631312, 3.559986552661233e-06, 0.00014255200276483361, 0.00048505697171555669, 9.8855873145122222e-06, 1.1525220112309226e-05, 2.1147509278342099e-05, 9.6187746655798068e-06, 1.6677761475557583e-05, 6.0392862441381947e-06, 3.7444268728830718e-06, 1.4804005946936178e-05, 4.7572864272506194e-06, 3.2065760319587739e-06, 1.7955691323433751e-06, 1.4525615264495575e-05, 0.00011885665472059523, 2.4260321767566548e-05, 2.8106250005058984e-06, 7.1075481628553723e-05, 0.0018780603809121429, 1.2962230862694068e-05, 1.0298781254639409e-05, 3.6027381443113375e-05, 0.00015999478089040112, 1.0519940198007189e-05, 2.7140495148786341e-06, 1.4661028252694659e-05, 3.0262938338734505e-05, 2.3198628989013764e-06, 0.012356172235999757, 0.00029443557793862644, 0.00019224664222474629, 5.7956243116546386e-06, 5.7497905817142639e-06, 3.1323870404207478e-06, 1.562893306448354e-05, 1.1863359809121343e-05, 6.4479440783099775e-05, 0.029147275112199705, 1.0521946773047912e-05, 0.00021164180532561475, 5.2522613728988152e-06, 1.6618371652197172e-05, 1.0617345318563932e-05, 0.0011767674067220699, 4.5943443162545361e-05, 3.0877760432602228e-06, 1.8655306591858834e-05, 1.5403702139741322e-05, 0.0002637750467098169, 0.00012086283077000565, 1.1090756197188132e-05, 2.8111866392435133e-06, 0.00011563030760922608, 2.3471608988772628e-05, 3.009193062521635e-06, 1.7492148347724632e-05, 8.64392038796663e-05, 1.5847835719116356e-05, 7.273711166681241e-06, 2.7912303437127047e-06, 1.3512235238693263e-05, 1.0428220602744503e-05, 7.0415642519978814e-05, 0.00013812293980897694, 2.3080720468738874e-05, 0.028887835315104818, 0.00039079173081456564, 9.6943614203270353e-06, 2.1130428400701503e-06, 0.00014929280888273887, 4.0801754750698759e-05, 3.6932017869766246e-05, 5.0582690980931387e-06, 4.9869236052775172e-06, 5.0893830756849342e-05, 1.6416429543961371e-05, 3.998205337656336e-05, 3.3212774076710603e-06, 9.3264911372447772e-06, 0.00034758480554296877, 3.141860301129065e-05, 2.4822126817944601e-05, 1.4366050037847555e-06, 1.6388400345215776e-05, 2.7060596737687319e-06, 0.0010916140603562533, 4.6834425559557671e-05, 4.3653175492820209e-06, 2.508095610492215e-05, 4.2225536991798131e-06, 2.355671504845753e-05, 1.8617736049283038e-05, 4.5204761634649178e-05, 4.660334572142132e-05, 1.8158442023671234e-05, 0.00043324122691323333, 0.0016878867036320448, 0.00011910180182641913, 2.6650224419284104e-05, 7.702917950861306e-06, 1.8078038163832245e-05, 0.001010694426101771, 0.0197540686247424, 1.6147249066829098e-05, 0.0015877553325071268, 2.3390922715774733e-05, 8.6445018762095488e-06, 0.041170241246198995, 0.010882019428941424, 2.4444233453237103e-06, 9.7199104496272863e-06, 0.016320811528813952, 0.0001066035121012958, 0.38061954487818916, 1.361757651940448e-05, 2.5885030182228953e-05, 2.2267973843641169e-06, 0.0027586229722170817, 5.3148746831032621e-06, 0.0018117727134121496, 0.00055027487149320877, 2.3302176860159256e-06, 9.8733478003000264e-06, 2.2550112334625715e-05, 0.0013267841610507037, 0.003858280444965351, 0.00016672139586498662, 9.0739286265283867e-06, 0.00016392554604521833, 0.00019381970500028522, 0.001149249763651774, 3.8716148287556029e-06, 2.2822756471781706e-05, 5.5347741993885093e-05, 1.371347530712939e-05, 3.7412294380186954e-06, 0.0160287343016551, 1.0418715180072903e-05, 3.4520053556496723e-05, 0.003904684820699719, 0.00046270618395477628, 7.3246997036963778e-06, 4.1639389316955089e-06, 6.4647247153425987e-05, 0.00013221595831699171, 1.5006161386667907e-05, 6.2606519474674414e-06, 0.00032162939242179453, 0.00092922384420257695, 0.02147791704333574, 0.0001213204976914367, 6.0766434556565015e-06, 3.6244562949995031e-05, 8.2220975400350159e-06, 2.3098641293420387e-05, 1.0564852985716166e-05, 6.2503613522618262e-06, 1.0733461212831934e-05, 2.3665682588882902e-05, 4.9953259086929913e-06, 2.2937562098604323e-05, 0.00090046244306295393, 0.005160580720911476, 3.766937729018459e-05, 2.2136828959615048e-05, 1.5128554177869687e-05, 3.2484548333586527e-06, 0.00025130362714256865, 4.4535669787060285e-06, 3.4538485118462213e-05, 0.0003388407390969666, 2.0143121483279182e-06, 0.00084484308146100695, 9.1302458287452324e-06, 7.4986974307480284e-06, 1.1509790540474231e-05, 1.1780659002510848e-05, 5.3360298751428263e-05, 3.8545847552113302e-05, 1.7440352438785457e-05, 5.0530443405487212e-05, 3.9513367208953612e-06, 3.4730873268559144e-05, 2.7003406880602431e-06, 2.1841652542971721e-05, 0.0017247682137925184, 0.00034471314479682494, 3.6720157289210256e-06, 5.5407740801481575e-06, 2.0324429639189764e-06, 1.1194292699308658e-05, 2.298249497007158e-05, 0.00026157709765774493, 1.0283103808712589e-05, 4.2575273538740066e-06, 2.4093450698303247e-05, 1.0862940437576756e-05, 0.0097164999724064297, 2.5929360258250151e-06, 4.9721949823412983e-05, 4.6224948925276862e-06, 0.00011053793273119095, 0.0020749064738554463, 1.2384713596450011e-05, 2.323756807220893e-05, 0.00011445068883256143, 1.3496250705756918e-05, 2.7778704775937676e-06, 1.7947147467029747e-05, 0.0002349365024086814, 4.043665628432203e-05, 1.6496928772057515e-05, 2.8040122718819522e-06, 0.24755627177869968, 0.042540433895206543, 0.056025952428784019, 3.0942131786367338e-06, 1.0163131026747526e-05, 3.3546383668095201e-06, 1.0525151489475918e-05, 5.6328064367051985e-05, 1.0665447461045501e-05, 2.3808345424572558e-05, 1.6428209299579268e-05, 0.00085162618454696708, 4.1465035611235657e-06, 1.6759480950008579e-05, 1.0853175865949097e-05, 4.9078224251898626e-05, 0.00034238830871379227, 3.3308993733934015e-05, 3.8766100947473377e-05, 0.017814272667952335, 4.2818690790328736e-05, 5.7464107564238962e-06, 2.2951386021116972e-05, 6.5658013110147376e-06, 5.8772641454390356e-05, 9.7721517683300038e-06, 3.2108122263048411e-05, 0.28529545646959831, 3.5213750949614358e-05, 2.3032182189502616e-05, 0.00024316150586872515, 6.8043320054946046e-05, 2.48251751158657e-05, 2.0749751631252912e-05, 0.00089417444811614301, 2.1846503029484224e-05, 2.0862287587650316e-05, 1.0282895437892758e-05, 0.009518663160252093, 3.3307700844383604e-05, 1.034685838691983e-05, 6.3692463071649601e-05, 6.6015970396897825e-06, 0.00054624299098957594, 0.0013132251320484162, 5.5822515535131459e-05, 1.7117186487483095e-05, 1.8043877453352518e-06, 3.9918444892181851e-06, 9.7510742966069123e-06, 0.00056533268797945497, 0.19899925687547484, 0.0033411570837543385, 0.020119394300160649, 0.00051300659057504144, 2.9344271577487978e-06, 2.6162346612720444e-06, 4.8107064262565914e-06, 6.8424322985710323e-06, 1.9371301230723713e-05, 0.0039355761605734509, 3.821478550953162e-06, 0.00034638423192770196, 8.0047045351556171e-05, 0.025060293689871168, 8.2494180954923124e-05, 2.853152740224062e-06, 0.025643001719515477, 2.2747024037317815e-05, 1.0968104594235648e-05, 1.0962616577724269e-05, 0.00015544267729932244, 2.3440414150999657e-05, 7.020514096731609e-05, 8.3151392409905165e-05, 1.4926661252754926e-06, 0.021559183833272683, 0.0013342965897789102, 2.5160148252661672e-05, 0.0065031741784713319, 0.00011020345149200156, 2.7460999727328721e-06, 1.0399384591116993e-05, 4.0301655189156931e-06, 5.8454409443430562e-06, 4.6508445041269195e-06, 0.0056865003802332326, 1.5907362361020796e-05, 2.3405093026759138e-05, 0.00013106201213554245, 2.7269602070961248e-05, 0.00028415292454123553, 1.0553484682209405e-05, 1.0569639921113562e-05, 3.4022993500663527e-05, 3.6358837130462051e-06, 1.9023409220655155e-05, 0.0010605556739279058, 0.0013929403802728762, 0.00067625010127792841, 1.9920449480319022e-05, 1.069449955269277e-05, 1.7229632854602307e-05, 7.4037289249144326e-05, 1.8534358576778061e-05, 5.8314793132500787e-06, 2.4847239233043146e-05, 5.8497574295637707e-06, 3.4064566609396762e-05, 3.7691065588948839e-06, 1.337314208483539e-05, 1.4782630426545772e-05, 1.1144967146698689e-05, 6.8393743755463976e-05, 0.00014162166338069646, 0.007115657799645062, 3.7106143988551175e-06, 0.00035075474892846915, 8.7936764196359371e-05, 1.6800340151016351e-05, 2.359917443169127e-06, 5.8443560618070302e-06, 0.066145080229817049, 5.0339002109856046e-05, 0.0020315727306555163, 2.0265799520749861e-05, 0.00014198944562641692, 6.3177290981161697e-06, 1.2332475561593411e-05, 0.00036947578128573654, 2.6571799154121303e-05, 1.5075368189562021e-06, 0.00047774125620403011, 2.3395426235316758e-05, 5.2090888146665605e-05, 0.00037132056590606947, 4.6290547664728637e-05, 8.5589807220731227e-05, 0.0055081915998707685, 0.040053365598691153, 1.7740072060675555e-05, 1.1934049577744091e-05, 4.0010103019967624e-06, 1.048720565988657e-05, 2.0857937639156063e-05, 2.8315922371895569e-06, 1.8130818425274262e-05, 3.0744217472372225e-06, 3.0678297685230748e-05, 5.739416770248229e-06, 0.00029015281087634172, 5.6194048030683468e-06, 8.8426607940970809e-06, 0.01067656657899352, 5.7289576656682037e-06, 2.7602310738036249e-06, 7.729361395506457e-06, 1.7666719399018482e-05, 0.0012143172581728083, 2.8266338788634057e-06, 0.00083477151565180879, 1.300271480532258e-05, 2.258470817241642e-06, 5.7638104608762915e-05, 0.065861596219873628, 0.021726423882870508, 4.4524623337762716e-05, 2.9264544978915758e-05, 2.8260659255927671e-06, 2.8512584934960159e-05, 4.0350461245129245e-06, 5.6335630569553739e-06, 6.979233094533037e-05, 3.9464771243505326e-05, 0.00014972819851587105, 0.00010507105839133248, 2.1852577300520813e-06, 2.3470395169846716e-05, 7.5852272894136303e-05, 3.8918992827782459e-06, 1.0342982402168551e-05, 0.00018478116925080737, 7.6725394760996232e-06, 7.6161698682496219e-06, 6.4145865665162982e-05, 4.6770857786769879e-05, 2.1786110791018532e-05, 3.0156519685554864e-06, 1.8763103801990471e-05, 1.4500449237309192e-05, 2.3446762548455334e-05, 0.0013708032141930167, 2.6709771534702525e-05, 1.0055493220850718e-05, 0.00029144274926921741, 4.3183329770824141e-06, 3.6392778319823035e-06, 6.7709139563068886e-06, 0.013094655119882493, 0.038769609359841306, 9.2463440998293627e-05, 1.0651467161153474e-05, 1.954200102458962e-05, 0.0037031512014183733, 6.5313016788691181e-05, 5.0239118656470288e-05, 3.5507288753811953e-06, 1.3298306324441905e-05, 9.1457119613727941e-05, 3.2926311670080524e-06, 0.0029817929112055, 8.7437389327965601e-05, 2.3370444733216889e-05, 8.5066896424824112e-06, 2.1121777945235334e-05, 0.03832070228396376, 3.3040401681641469e-05, 0.0010051465825880632, 0.0011269190278121091, 0.00045744843286933136, 2.409254815663475e-05, 5.6277440214535606e-06, 2.1509419634694522e-06, 2.7345828126162567e-05, 0.000485757819674659, 3.9447455730469076e-06, 1.7091082468751113e-05, 0.0058367868204828241, 0.061518759924555522, 0.0018385263061831793, 9.0777069907060096e-05, 0.0042972766494841844, 1.2917739194008805e-05, 0.00013161795469261982, 1.2973838858221123e-05, 9.5183151562579598e-05, 5.0869827339972251e-06, 2.8241903405198522e-05, 6.3226012677498807e-06, 8.4509456873513468e-06, 6.4170139965315085e-05, 0.00029346983435481834, 0.00024518685897882085, 1.9920860529069713e-05, 2.8056906978121154e-06, 1.6729590911516355e-05, 3.808585838075767e-06, 0.024194983685767103, 1.8336932598212355e-05, 1.1625797076699372e-05, 5.7902690826910294e-05, 0.010380497772014427, 5.4711576111632113e-05, 0.002105349561041075, 1.6136442983537777e-05, 4.3383511639874722e-05, 4.3180663105134485e-05, 0.039135995802212088, 0.00061662789341005689, 1.6138130552220886e-05, 0.00023366588265976335, 0.032467671829598616, 2.6253631375711222e-05, 8.0781619856521303e-06, 6.5768921195730834e-06, 0.0057418141542267707, 4.4380535249498122e-06, 0.14378392941351076, 1.3520301930807197e-05, 1.5570194585729787e-05, 4.5495307492804177e-06, 3.5799626275897943e-05, 4.7756226572112949e-06, 2.3228260781089579e-05, 4.2226875408076105e-05, 0.0017950499207943324, 8.9140061051456849e-05, 0.0018258698208217063, 0.0014423851636774254, 1.2602481545983411e-05, 4.6819980502897401e-06, 1.7387708141312077e-05, 2.9500685754750262e-06, 2.7768449582217367e-05, 7.098195247596835e-06, 3.1147343088550484e-06, 0.1598949598431903, 1.5400177444337024e-05, 0.0015075860719527285, 2.0251384353780238e-05, 0.00038074461854077819, 0.00089351340976465013, 1.8527978124533958e-05, 2.7757248871549354e-05, 4.2603579432872487e-06, 3.3150899500685043e-05, 3.0930063439425917e-05, 9.0839089892722324e-05, 6.5766494916540903e-05, 2.1860727497531663e-06, 1.6258767085069122e-05, 7.9367737117747751e-06, 1.4892256360988425e-05, 0.00029420447759341306, 0.00071521893227045755, 1.3952631129315814e-05, 0.00012472456483305177, 4.9219790279277075e-05, 3.8272943449282709e-05, 5.6118922399667173e-05, 8.2012023359322262e-05, 2.3689194042427177e-06, 3.2815316984566823e-06, 1.162540109742742e-05, 0.0053556164848087198, 1.7589749120018051e-06, 5.7568079577477705e-06, 1.0289133099146602e-05, 0.0007917644891485792, 0.00011876041784660849, 1.9399995670465826e-05, 1.0745896694664679e-05, 0.040109188130966276, 2.0690489158523162e-05, 0.011244687705954498, 6.2596167481711247e-05, 2.987807752046498e-06, 1.5557316527922383e-05, 7.7415365536449935e-05, 2.2337908125607719e-05, 6.9428707742787404e-05, 5.1493768663532033e-06, 2.1672997892831245e-05, 6.9825941167345335e-06, 1.4136855365770733e-05, 2.7411393304833505e-06, 1.0555725452913429e-05, 2.7281354089445712e-06, 8.7120829841694377e-05, 0.00096958877135298405, 0.18598187734312174, 0.0041560090228735351, 0.00032728713816113103, 2.8095280290993831e-06, 1.6081745522402432e-05, 4.9254677034226059e-06, 2.1420334438913078e-05, 0.23129349729916085, 0.0022229380241580322, 0.00012997165018939632, 3.0527655228534157e-06, 2.3401252468567125e-05, 1.1617425380523367e-05, 1.4949387400726702e-05, 9.2977897081386173e-05, 9.4431679663748219e-06, 0.00032023869058206823, 2.8025157488032759e-06, 0.00036454573801057591, 4.4193272280981861e-05, 2.9849537016510518e-06, 1.1854245637873162e-05, 0.0042982229663668511, 5.8367598891188364e-06, 2.8582555755725076e-06, 0.00034133301549504696, 1.0198193262763841e-05, 1.8123239914688169e-05, 2.962002591594937e-05, 9.6691277496672138e-06, 1.5079828832056174e-05, 0.0007015841448107915, 2.9322538200023053e-05, 0.0011991973681275401, 1.3078141800305961e-05, 6.2306027209703128e-05, 0.00035515321626099883, 0.00043102165365244431, 9.2931937413687495e-05, 1.0816876144279209e-05, 1.9734042510204295e-06, 0.00012495547731641293, 6.0399882076027748e-06, 0.00047243889135448826, 1.0430189534265297e-05, 1.7159969643088654e-05, 9.0115581216626274e-05, 4.7820899180214761e-06, 6.0309143683133774e-06, 0.0031985215972837339, 3.0050863871411575e-05, 2.1925133522776773e-05, 1.8888996854888887e-05, 2.9347535920157267e-05, 2.2791219368395721e-05, 0.00092617911753160604, 0.0024316115433588208, 2.7744449562190416e-05, 8.4028976232239797e-05, 4.1906661641794929e-05, 1.0448227445339261e-05, 0.00058122378082285772, 0.001209219921146589, 2.8838656752740233e-06, 1.4647998902521443e-05, 0.066466045955673583, 1.903468775396403e-05, 0.0001985121999640325, 4.4389927515439044e-05, 3.1097791306871717e-05, 8.928232725979516e-06, 1.5706640092146223e-05, 2.86310447184938e-06, 2.7843021677567457e-06, 0.0027701102913911813, 0.00019145607689362185, 7.0866649411930422e-05, 6.4662639105329679e-05, 8.8763100928247151e-06, 0.0022160812315893822, 1.6062260877332248e-05, 0.00011427022393254551, 9.9532529846793415e-05, 2.9273734547526804e-05, 1.482087111247114e-05, 1.2103898228735622e-05, 0.015828531225126147, 2.315672839088304e-05, 4.007235136763678e-06, 1.053878440138937e-05, 6.7250248130190202e-06, 3.0386761964928626e-05, 3.6589720805892279e-06, 7.5615262407102327e-05, 2.3597438620157218e-05, 0.017530256658611271, 5.241113659645173e-05, 2.2612541115847676e-05, 4.1915279341100155e-06, 9.0139002330577204e-05, 2.3216935623764397e-05, 6.9784764860595481e-05, 2.1241253561897738e-05, 4.1097663637350168e-05, 5.1697915335684681e-06, 3.0077793001748417e-06, 0.0029352080183343552, 1.0289601026241519e-05, 1.398346692281548e-05, 3.7943826666083547e-05, 0.00042137166012535957, 2.0839560835768937e-06, 1.4011810366255441e-05, 1.8009057379824148e-05, 0.00030610450996899474, 0.0093708499672187657, 0.00023223819412373435, 2.8358492617301025e-06, 1.0305858659048592e-05, 7.6194223316940885e-06, 4.7275763208115817e-05, 1.7605360619091302e-05, 0.00010985538250969048, 9.6693922636094069e-06, 1.0519257046049065e-05, 0.0010486860171344313, 4.4543299674696923e-06, 9.6879069526420474e-06, 1.0228467211219976e-05, 2.8792418391447689e-05, 0.000334426000196017, 0.00046073774148115628, 0.22670494890944129, 3.0652383444200407e-05, 6.5971333771356049e-05, 0.00019219828242472226, 1.0321510829407349e-05, 9.1124251059858575e-06, 4.5365529679487854e-06, 6.0940033885038177e-05, 0.018810980984111131, 3.7018344330058324e-06, 2.0311217897800573e-06, 1.1622997819676736e-05, 2.702118200130163e-06, 4.0422376318802805e-06, 3.1872190327245162e-06, 0.00016119285350019882, 0.01588817886909857, 0.00035833003859514246, 0.011231162005691525, 2.4621072633779369e-05, 2.0872753583643797e-06, 3.5643288957986794e-06, 3.1512415839273029e-05, 1.0823285617886807e-05, 6.3630706756910388e-06, 2.0272145676830692e-06, 4.7165290600576106e-06, 0.00083670518861638724, 1.0557820434559622e-05, 1.986256861098028e-06, 4.7541976552597275e-05, 1.0231542177556063e-05, 3.2580805148729619e-05, 0.00011614920117060889, 3.1651039105659024e-05, 1.3367701085987853e-05, 0.001690927161233025, 1.2292880001873119e-05, 4.8401052541489822e-05, 7.0609363739682052e-05, 7.2677026690806326e-05, 2.8697078584632349e-05, 1.3095057700526343e-05, 0.00069075932163514537, 3.008519191797957e-06, 3.2718249053574163e-06, 2.1622223708958632e-05, 0.053141947421651993, 0.00038423110096137654, 0.069671083436905951, 0.001092891045124379, 5.061830145193602e-06, 7.8935121663427097e-06, 3.8203919905568935e-06, 4.4286331342567495e-05, 8.4227555426589275e-05, 1.670808931731137e-05, 2.7036205708539111e-05, 1.4420243673297237e-05, 1.0477619950443805e-05, 0.00013074341540770271, 0.03491890766027262, 4.5668603859720076e-06, 0.0013990204707247733, 9.2326785045255944e-05, 1.3625277185439209e-05, 0.00017517321697579552, 1.7375507886423424e-05, 2.364285544574704e-05, 0.00091310281971686931, 2.0070512935222921e-05, 2.3516713290978805e-06, 2.237649310163903e-05, 0.00028469930053310737, 0.00016271417588904096, 9.1984988381529415e-06, 0.00011606738223822315, 4.7237509499391524e-05, 1.5380972374569568e-05, 4.6002830921628606e-06, 1.2842023968488667e-05, 2.8143586582736601e-06, 6.1904773632348174e-06, 1.5996840825972634e-05, 1.0854380400308304e-05, 0.2207640877842437, 0.00010017950453809581, 3.3832861617959674e-06, 0.00017230720652638986, 0.020833620079793776, 0.05470881683512932, 0.010590607039690605, 3.5673467394731919e-06, 1.0579416842190227e-05, 0.0005164303688787534, 2.2396851687345134e-06, 8.9260630487152025e-05, 0.0026917544544940043, 5.4460408298893649e-06, 0.00012587444848028491, 0.049810148874648255, 3.5474709358689165e-05, 4.985234753836868e-06, 0.001533809460676256, 0.00034595516531519518, 5.0521329108730034e-06, 0.0015232944454923892, 1.7210929354966423e-05, 1.4814026196803891e-05, 3.7061010837421658e-06, 0.00032803223170726169, 3.9827823054399522e-06, 4.608761472704533e-06, 1.0260301677297153e-05, 2.407827112230532e-05, 1.5809501648563633e-06, 4.4708956080786284e-05, 0.0001570672710221536, 1.9130878189951875e-05, 7.8369063600427789e-05, 0.00060638682126295043, 0.0012237558888877659, 0.019418807028955865, 0.0039654284188805006, 0.00063681211793904411, 9.5122100256746808e-06, 4.968290330175195e-06, 6.1307721985881957e-06, 0.0017899801639756994, 3.6997993849379264e-05, 6.1676809742012136e-06, 2.2068295166064851e-05, 2.0699672678424937e-06, 2.0403118100423285e-05, 1.3737022179393468e-05, 1.4582530719110967e-05, 0.00036829358441568903, 4.88933085517525e-06, 0.070444687010493987, 3.906903086075005e-06, 9.6291397336818453e-06, 0.0020085623661549087, 0.00019019276999379455, 7.1745438223616302e-05, 0.00012755797923573627, 0.30256713584389355, 5.2197447067690834e-06, 0.014260936569720635, 1.7119656772997149e-05, 3.2628613464963371e-05, 0.32566119906142832, 0.0044044419446121136, 0.00016198599775711628, 4.060420659865642e-06, 3.6966505922503182e-06, 4.7967528832742064e-06, 2.1160230881011125e-06, 3.3456650055605705e-05, 1.6345440713958254e-05, 0.017451999901882297, 1.7214150805260184e-05, 1.0623275684449729e-05, 3.4316955790918492e-05, 0.00020936541028519393, 0.00011519134589716531, 0.00033360074401654703, 0.0017542875744581722, 0.00035901305755753609, 0.00012693210358046166, 2.7753219528261374e-06, 2.7578209482698345e-06, 1.6686789227854598e-05, 0.001977514510053176, 0.056685754589656627, 1.4553528859956334e-05, 1.6246167911746414e-06, 4.7824180173332866e-05, 3.8123422867659286e-05, 1.2571446608983237e-05, 2.7021696032475963e-06, 4.1101481247696517e-06, 5.4716935738734163e-06, 1.0142500796482909e-05, 0.0010116289891638061, 0.00036685402758800069, 1.4419442259524177e-05, 3.4692605051088881e-05, 0.0036401205122770378, 1.6537211243991237e-05, 0.00016110961076763725, 4.0825586201725871e-06, 0.0028023833079532817, 3.1614807193916246e-06, 1.0704214850943241e-05, 5.6426343519380303e-06, 3.9865126834716112e-06, 1.995926495588187e-05, 0.00032892062165245235, 6.9298636416411622e-05, 8.3609306425061715e-06, 2.3012347058337029e-06, 8.8531224042875452e-06, 4.3380265036286136e-06, 3.5450067467639666e-06, 0.0013988575101436412, 0.00011918675625227701, 1.5271489438543316e-06, 0.00010765756124071458, 6.0145981688638299e-05, 1.3286949998152123e-05, 0.0045830296151000384, 0.00044753936538170129, 0.40801568301084368, 1.6150257714437674e-05, 2.2523633965283713e-05, 2.2393490902839185e-06, 3.2613033390712607e-05, 2.8690431267842228e-06, 0.25110208286624552, 0.00094294726651635377, 1.2644062722119466e-05, 4.8273248000235616e-06, 0.013833515251277642, 1.4813329088031159e-05, 3.4263887289302111e-05, 2.3355521424848146e-05, 1.0503373160513904e-05, 4.7620450436478416e-06, 6.255078461474004e-06, 2.3377112071769498e-05, 3.9343293929812678e-05, 1.6158938944392835e-05, 2.0676484552436335e-05, 1.6897140194627796e-05, 0.00099725397828616695, 1.0437403849848884e-05, 0.055520086162929569, 0.0001869605579209766, 0.052415957395832317, 1.1289551887913566e-05, 0.00079010250862474745, 1.7877575717310085e-06, 6.3269763683232748e-06, 0.00041435098445277696, 2.1468513245503442e-05, 1.6630206512552628e-05, 2.5067017490786288e-06, 0.00022045909651668483, 0.026266831011022743, 2.2156976675254082e-05, 8.2993447621611174e-06, 1.9479621346693055e-05, 7.3884310091725625e-05, 0.0050671769385042626, 2.5240658919431519e-06, 0.0036874532146520421, 3.5246877556966528e-05, 2.2983713273462717e-05, 0.031271761713129821, 0.0078045867665654245, 3.886827854753863e-06, 3.4130641371800295e-05, 2.3475182628031464e-06, 8.6242289769969838e-05, 2.9863241215684631e-06, 2.4990216219019424e-06, 5.0065413887012739e-05, 0.00034966723785103911, 0.1840314317557169, 2.4175206198768185e-06, 1.0300808597173879e-05, 1.8053970563842831e-05, 0.47754297421962028, 0.00010642506403432481, 4.2145183721947124e-05, 0.00015219289485915381, 0.046801154664843678, 1.0450632754319859e-05, 5.2151182563250095e-06, 9.2237507633032944e-06, 6.2237787718163566e-06, 0.029151611719234295, 0.00043365969689961986, 3.3915294579132744e-05, 5.6178628893698534e-05, 0.0024854415817243598, 6.519055851123461e-06, 4.7227398846188952e-05, 8.9059049565096567e-06, 2.8018401247542679e-06, 3.2556400105360972e-06, 7.6061687952012918e-05, 8.7334533290596458e-05, 6.8833171659937824e-06, 1.9183683772466534e-05, 9.5636663349175134e-06, 3.327659115569909e-05, 0.00081391102010847571, 2.4422114531218389e-05, 3.6725426344998666e-06, 3.6810851159991542e-06, 8.0317970147098517e-05, 0.036705858930302572, 1.8125613460990194e-05, 2.5211883101044829e-05, 6.9605040086980363e-06, 6.0439473624049532e-06, 2.2337156453113556e-05, 9.5114579268651666e-06, 0.023828970387225236, 3.4588666706839565e-05, 0.00081743166710398813, 3.1905042956806664e-05, 2.2633125775715074e-05, 0.00018653389217800198, 6.4252285617189045e-06, 4.1986564859731642e-05, 0.00016065967557319893, 0.00011996162490395385, 4.3329883570731769e-05, 2.8474321843685795e-06, 0.00066817153052957899, 0.0018143220775964049, 2.7910770545101529e-06, 2.020683063583087e-06, 5.0599704912897559e-05, 4.7207240856722639e-05, 0.00013194893779754354, 1.609539381977337e-05, 3.8416323085911526e-05, 0.0095964467161845091, 2.3133153079096955e-05, 9.1858168107013458e-05, 3.5491752965323016e-05, 0.0058755046530818839, 0.0014772149729980258, 0.00097553966679425847, 4.3013113795436483e-06, 0.0019846699276989308, 0.017195622781853728, 9.6883084621289638e-06, 9.1340681822511363e-05, 2.8167533311382592e-06, 0.00066694817613380611, 1.9776419213830741e-05, 8.6076445732900666e-06, 3.2535387384226563e-06, 3.0753241708031433e-06, 1.4647672555784989e-05, 1.2015644109529914e-05, 3.5552145517743107e-06, 1.0778147753927985e-05, 4.8194660754335234e-06, 2.4728661280558917e-05, 0.004498557256173717, 2.2245792840695824e-05, 2.3010795028219837e-05, 0.0013146258122012184, 3.8294392533165846e-06, 0.49256185405629382, 4.1675416882888632e-05, 1.0866752204603486e-05, 0.010469288151108657, 0.00021065248404891816, 1.0762535645699067e-05, 2.0368565875656329e-05, 4.1794576161981777e-06, 2.1124521805910628e-06, 0.24518800990474787, 2.338177746791331e-05, 0.093511895237089068, 3.5278830893976645e-05, 3.4771099860823821e-06, 0.0091897965140513918, 0.00015116058332041837, 2.9628964398241236e-06, 0.034518359255340761, 2.6944343242630207e-06, 1.4999040758473028e-05, 2.4578154909530934e-06, 0.00014018934816312302, 2.2574317235874246e-05, 5.4781914399114543e-06, 0.00029890395770266917, 0.0009329563454746892, 3.2402680824996592e-05, 2.3622543604916037e-05, 6.8456812434448326e-05, 0.0021607939270302133, 1.0492954624739808e-05, 1.1972718459010006e-05, 3.8397049059441017e-05, 6.2493738963280601e-06, 0.00058362017335017652, 0.00014352096870684616, 4.188422962999917e-06, 0.056434437175879239, 6.9725232124055921e-06, 1.1442181714760137e-05, 4.2289524745903979e-06, 0.00017259439308502754, 0.0005079856778447188, 1.8896089353231899e-05, 0.00010069880722753412, 2.2325879139193536e-05, 0.00010619992047670651, 0.33419932825780874, 2.7905658995331455e-06, 2.0278452740156747e-05, 4.6746882952367066e-05, 8.2691331720153972e-06, 7.9829880575495589e-05, 0.0021818063990947951, 2.8613843381184618e-06, 0.0073902654275864585, 2.4431048765678529e-06, 1.082924103930345e-05, 2.2423313442559612e-05, 0.00011222695975099632, 2.1226494456263704e-05, 4.6380461661540519e-06, 4.2785806333760872e-06, 2.3664446312477545e-05, 0.00018700868836582784, 3.5262284903484941e-05, 2.7704154891747656e-05, 1.8361617798356797e-05, 0.051350064205780137, 2.7959931190325072e-05, 9.6702582808080472e-06, 4.5664989556649325e-05, 1.472499261681487e-06, 3.0152040030753738e-05, 3.4335213501295245e-05, 4.5439493979442547e-06, 0.00010763283132798264, 4.5672572469294344e-06, 0.015958151532005187, 1.734194634968817e-05, 3.5241495086029712e-05, 0.0068479836393161931, 7.3342453051342742e-05, 0.0011106562883521325, 2.7617996115286442e-06, 0.00011347488238743323, 1.0926882629422068e-05, 4.5955848750821808e-06, 0.0012418662823174588, 1.4370431418501586e-06, 2.4957539570455778e-05, 3.9621565831366149e-05, 8.6670725647513254e-06, 5.8333514168751845e-05, 3.2582300289762293e-06, 0.00031110923336381656, 0.020399236744970572, 9.8320319324872704e-06, 0.0052060020564972031, 1.368853912624068e-05, 0.0002778667594082361, 4.413834262097989e-06, 2.4260592517607127e-05, 9.2005178040065578e-06, 9.094551952547607e-05, 2.5636176828234311e-06, 9.1956827746035731e-06, 3.0250302326822001e-05, 0.044743237849761031, 2.5685057023529648e-05, 1.2713156777088004e-05, 0.00064784960458997838, 0.29188840470199234, 1.5842760978516656e-06, 0.00089355294526137833, 2.8057477196419992e-05, 0.00025105124925723981, 2.4796895277566333e-05, 5.1864463034623427e-06, 2.8430337858150779e-05, 3.5766661487979017e-06, 0.00038264831694227399, 1.1328823620549751e-05, 0.00057897720283846819, 0.00012088612299797698, 2.4537548679423807e-05, 2.7826440756449497e-06, 4.1668363760319672e-05, 3.2211586015618092e-05, 3.5984214848601515e-06, 3.138967496160481e-05, 0.00010411450953117719, 0.047603469854055336, 4.6792717691060644e-06, 3.13823868932368e-05, 0.00028564775710095272, 0.43788289551010978, 3.6065823809666901e-05, 2.2766328245824495e-05, 0.00025060338624750329, 6.624009097536425e-06, 2.690207945451954e-05, 3.8876226166772923e-06, 0.010621454067864175, 1.410688435422007e-05, 0.091405699975269081, 2.4086628802465923e-05, 3.1057789474598063e-06, 0.010782222583875529, 0.072378116192033187, 2.9347429846359281e-05, 1.2404486427091581e-05, 1.1781290417799419e-05, 9.5903017204512117e-06, 1.4705780430057709e-05, 0.00011028638822316224, 2.0201458586574705e-05, 0.00054163322480186161, 9.5787306399238104e-05, 0.00017105513179718475, 0.0053595367176133132, 8.8546513411306066e-05, 1.928303104977645e-05, 2.1176606457910372e-06, 4.4190374390331244e-06, 0.032594456780793306, 0.0096545237738326298, 1.3475470263880817e-05, 0.012140786555611424, 1.785675183369926e-05, 4.8213061724859843e-05, 1.6145207029015129e-05, 0.0001028097109012761, 0.019615199572858098, 2.4118014740635702e-05, 1.8368303028765367e-05, 0.00057303638300124603, 1.8419028860483174e-05, 2.2279036167246594e-05, 0.00053509279776801054, 4.046204554604655e-06, 9.672347308045727e-05, 6.2186803186491248e-06, 1.4779772292247455e-05, 3.1809900278038716e-05, 2.2857678480049463e-06, 2.671855982304763e-05, 4.7281967014009683e-05, 6.6157590947855709e-06, 4.628483314722736e-06, 0.00010546419258425755, 3.8097530174448835e-05, 7.1346208949988586e-06, 1.1353324115060074e-05, 8.1370846567857294e-05, 3.6587059513407332e-05, 1.2367539401709473e-05, 2.2980040395369345e-05, 4.571356505241591e-05, 3.6093855734619526e-05, 4.2047042835682063e-05, 8.6035890770700845e-06, 1.5277888480589793e-05, 2.3459323085294321e-05, 0.00017196793337397888, 2.3106636042208861e-06, 5.1229506269850986e-06, 5.7526585045987585e-06, 1.1736615696133543e-05, 2.5153180611622789e-06, 0.0158292661705456, 5.7516593688160573e-06, 3.5029352428017264e-05, 2.6486407083207692e-05, 3.5773571895813253e-06, 4.4138614723706708e-05, 1.6795015835038953e-05, 6.7085016940158334e-06, 0.00024284160625840493, 0.003144949866120998, 4.5021101887516553e-05, 0.00020176296984626888, 7.4957936140520511e-05, 3.6619898827756236e-06, 8.7756062155894097e-05, 2.9792736249392147e-05, 2.7229515376408708e-05, 0.00010074874597094289, 4.5392713894292943e-06, 3.4838478649700659e-05, 1.1048991210676316e-05, 1.0601900443809565e-05, 2.9193321914626275e-06, 0.010507846327341948, 1.6491492711707197e-05, 4.0164005083520082e-06, 0.0014038716289202836, 3.3709477833258779e-05, 3.0150235969707446e-06, 0.00028698325694668993, 2.1945465320189695e-05, 2.5018348483176472e-06, 8.4265954728400894e-06, 0.00010190230556459042, 2.2683237459768522e-06, 2.7550992226977029e-05, 2.8243015399000607e-05, 1.4759656754694852e-05, 0.024642712498001991, 5.1116474275921728e-05, 0.0048743811188479867, 0.029207033580015248, 0.00020336440507431799, 2.9040782494558776e-05, 5.2858845690362004e-06, 2.0672549787494667e-06, 5.430341710783089e-06, 1.0185860786645098e-05, 2.3032551052204128e-05, 0.00016367222805388409, 0.0052034772016627583, 2.3395271689072477e-05, 1.3617984778455751e-05, 1.599087194093102e-06, 0.00057837524564611153, 0.00058922746235333054, 9.9618631756605478e-06, 0.00035541356330064117, 0.0015601735554584832, 0.0099497298947554564, 1.9552022580836661e-05, 6.4535132915255453e-05, 1.694653431884864e-05, 2.2614909609250278e-05, 2.0460074545714681e-05, 1.1185340213902013e-05, 1.7183911458016132e-05, 0.011054043279811607, 2.5519342260047141e-05, 1.7779742355628718e-05, 0.0010566163932961439, 6.1020497414843386e-05, 3.9663024423231463e-06, 0.00044381565819819475, 0.009893476543857159, 1.5199284003442891e-05, 0.02762703186910756, 4.6507740104567665e-05, 7.1049533955933984e-06, 1.6581644705888331e-05, 2.146294284362308e-05, 4.9514979245344894e-05, 1.6246554196431811e-05, 5.5895935568476646e-06, 3.9561166766702437e-06, 5.8252827020238068e-06, 1.0879125699877186e-05, 2.3167210188763943e-05, 2.6165758105027428e-05, 1.4258426150646744e-05, 0.00092246980535118958, 0.0037836840062189484, 3.0082601509195781e-06, 2.1212159489716125e-05, 1.1396394760974024e-05, 0.014082371885490269, 1.3819510247970743e-05, 6.9477674312946476e-05, 4.5605903759912103e-05, 2.3236238009607468e-05, 2.2176705034904375e-05, 0.0015730418545564185, 8.7298309717850738e-06, 9.8444587981729448e-06, 2.0034911971492648e-05, 1.9638826022648672e-05, 0.0017676142888641403, 2.469522092113832e-05, 2.9696403382185735e-05, 2.880935884864822e-05, 6.4478923988310447e-06, 2.1715131581471957e-05, 5.4810741205915348e-05, 1.4726553667982459e-05, 0.00019722224945290762, 1.5179173779178988e-05, 0.037629790383732147, 1.2980326866226193e-05, 3.8020986669036701e-05, 2.4261855653985816e-05, 0.00020563961204324657, 1.8399490393947958e-05, 3.3018711935927042e-05, 4.0020592278664798e-06, 0.00013454073350783812, 0.039440034206683433, 2.66380309109278e-05, 0.0079755825364135318, 0.00015082003314900695, 4.5016029344506411e-06, 1.8197065199372958e-05, 2.6801901780459201e-06, 2.9377476253293672e-05, 0.02052673770255671, 2.3427256056716111e-05, 8.8467032995870588e-06, 1.5563464085144224e-06, 4.35105699104987e-06, 1.1337450864241359e-05, 0.00036270666823862434, 0.0001234181260237824, 1.1749561316446468e-05, 0.048744550297812529, 0.019202274862924518, 1.8762115965615482e-05, 2.8512979921283764e-06, 8.4187896449132901e-05, 3.6852747527241115e-06, 0.030886187947996507, 2.5190800301423447e-06, 5.733849574373321e-06, 1.0505825924031038e-05, 1.5955542258424417e-05, 2.3468320492175777e-05, 1.4673571132797338e-05, 0.00015586038363803108, 9.1874377585666193e-05, 2.6847526247229928e-06, 2.0479200234941216e-05, 0.0012486813933595589, 1.0783960584704308e-05, 0.00071838984489449578, 1.0763994845072661e-05, 0.0016810259582244616, 0.00050938975867550974, 2.3991695603677819e-05, 2.0587907492327476e-06, 2.7227269551402274e-06, 2.1558885475743883e-06, 5.8974637477869645e-06, 0.0056793499319288962, 5.9287972392599719e-05, 1.7873489444375898e-06, 3.4324180038457299e-05, 0.006499469337791876, 1.6783825356387244e-05, 1.0144860985671536e-05, 2.7040677545056814e-06, 3.4090487632262803e-05, 0.038202839019695685, 6.6311341365150342e-06, 3.2755527179729172e-06, 5.070059388178316e-05, 1.570923817768896e-06, 2.8630347717918703e-06, 0.00049928644988529421, 6.3542805810134238e-06, 2.8877368827583968e-05, 0.00010019340444724785, 1.024809832003412e-05, 3.2286295353928674e-05, 0.00017938901391034576, 4.1323173319285485e-06, 2.7164709018281128e-05, 6.286686650335025e-05, 0.00036027569938584147, 0.052314517410705759, 0.0030137558953165786, 0.19238156906769002, 4.312785487729044e-05, 0.014628234560613478, 0.0019585717721621598, 1.1171293612289177e-05, 2.1121463935749352e-05, 8.7374451714107966e-06, 0.0010186069407731096, 1.0933234561784291e-05, 0.0030605152693627836, 3.0593117290824258e-06, 0.00018330382865013487, 8.737692310425211e-06, 0.0019846126919892504, 2.6936235216190358e-06, 0.0003541838833444695, 1.7641174597495339e-05, 0.04781547920590605, 2.0771519700908757e-05, 1.0963833896630613e-05, 1.491475059672372e-05, 0.00036704470766851154, 1.0268217700034055e-05, 1.0262934611028929e-05, 2.6183131347955908e-05, 5.4208367353179106e-05, 0.021243600258410395, 1.0347005953270428e-05, 0.00095419442524876188, 3.5356582969524007e-06, 2.083577220482323e-05, 1.4196835773937268e-05, 1.7497516146964015e-05, 5.6848689754346704e-06, 6.3070305830952298e-06, 6.8035492131980426e-05, 1.5695719824048896e-05, 0.10725284196558486, 0.0014631176824725473, 0.0029242576738070492, 1.7407403254969413e-05, 1.1300535172727133e-05, 2.2318944168368636e-05, 7.2348334160672663e-05, 8.900258107901708e-06, 0.19392758109547589, 6.822606942375355e-05, 9.8819680614422085e-06, 3.2767041136273078e-05, 2.6687454402428391e-05, 3.1521949603588163e-06, 0.0010525184168243952, 1.4557790140132794e-06, 8.4535344072542989e-05, 2.7059493577940066e-06, 1.0926198178871895e-05, 0.052977401387652126, 6.4632504589062903e-05, 7.4998195184199814e-06, 0.0012447579657961583, 0.00018657389477255235, 2.1261857074056686e-06, 1.9794891451378238e-05, 6.3639811391220236e-05, 5.7385684536338977e-05, 0.0022405903887096163, 1.2065225731475779e-05, 0.00021078805806932398, 2.3421308893389357e-05, 0.018063967302660393, 1.0121873534688213e-05, 2.830858796256922e-05, 3.6746352306169572e-05, 1.5017752661509346e-05, 0.0001406381577482086, 3.3672119659339172e-05, 0.0014561811647137717, 0.00085783766532916369, 2.0690944184568438e-05, 7.9355182115910245e-05, 0.0001562775422108974, 2.0619376878469259e-06, 6.8006790413129749e-06, 0.00037199283101088692, 3.7275543399196901e-05, 0.0096192185575528569, 7.9690302752768728e-05, 2.2247360290356085e-05, 0.00063423444560810371, 0.070296726572866799, 5.4812116207424527e-06, 2.3177875995018001e-05, 0.097903428413619806, 2.037326798180417e-05, 1.2807148929690786e-05, 6.0735324074651548e-06, 0.047123601965994244, 0.00024885148248586167, 0.00030660081760215641, 7.7175686708713052e-06, 8.6166279882815601e-05, 0.013697968202119749, 0.011640248569097279, 6.1750136774899397e-06, 3.1454077457722461e-05, 6.0777380776247726e-06, 1.418575038978594e-06, 0.048127424195129435, 1.0479708244009034e-05, 5.8891304217927145e-05, 1.6695830856868127e-05, 2.4274185685934488e-05, 1.7093294428917226e-06, 1.0454063492682241e-05, 4.9441076689680807e-05, 0.065711961128309321, 1.0278048177954716e-05, 0.012820584479664747, 0.017552568640150312, 1.0443697803915362e-05, 9.5161336927706196e-06, 6.8305716404215157e-05, 0.00047684016796339875, 0.00035909327500978144, 2.1708108103648032e-05, 0.056982914919343632, 1.1212295642224229e-05, 5.5468866295314073e-05, 0.10699782767201101, 4.5976849739362745e-05, 2.008888105137584e-05, 2.83796895517296e-05, 1.153263966279289e-05, 0.46215719249228565, 2.902722109583534e-05, 0.053803349330943204, 2.3162376863647151e-05, 1.483611977784535e-05, 1.7700266169747745e-05, 0.00041433804528190658, 0.0057695044339306145, 1.5507334304628182e-05, 8.5647997854801841e-05, 0.0709522052624737, 0.0392572751001425, 2.8709848519190741e-05, 0.00020361738547135035, 1.0554871820856622e-05, 9.7554103169250569e-06, 2.0859364189943718e-06, 2.1805224205131381e-05, 2.8962464207371636e-06, 6.8396713982955875e-05, 1.356552322165855e-05, 0.00013851806596848132, 0.00026178858961944192, 6.2697820049851673e-05, 2.3216960888853968e-05, 7.3136189876470223e-06, 2.1662926610969361e-05, 2.0095545342837294e-05, 0.069215788782816368, 0.00020155905985043125, 2.8216411001836145e-06, 0.022433362235990552, 3.1040792976922964e-06, 0.00084208070383375749, 2.5257240678243917e-06, 3.9492271177216215e-06, 8.8311920350821164e-05, 2.167830213530439e-05, 2.8520308936933193e-05, 3.7957267163823646e-05, 1.0474358381209808e-05, 1.0855823181124328e-05, 0.00033148420331065927, 4.8182245810390536e-05, 0.33636848953084286, 0.00095203470899707376, 1.3053866772011435e-05, 9.5483761914740047e-05, 5.7808230726961108e-06, 0.00031737525066244127, 1.2911435212173024e-05, 0.00023341843716703949, 0.00047979428899733216, 1.0433889576818251e-05, 0.0011712248611495698, 2.5042197749081913e-06, 1.2443378478637746e-05, 3.0047919752124467e-05, 0.0015519301795073155, 6.5112516516836161e-05, 1.0831254011919654e-05, 5.3989389601473617e-06, 0.009376480419860873, 2.0638800866521711e-06, 3.562496087930992e-05, 0.00011268379923679069, 0.00019946658583427264, 3.6825522705314636e-06, 7.0471955117957241e-05, 6.3865290991941818e-06, 0.0013586826490821213, 0.016923280030108647, 0.022392910345146226, 4.8832890430785476e-06, 0.00033518022881715563, 1.5262750221057821e-06, 3.1448543745205994e-05, 0.00029997241325542632, 4.1931564041145898e-06, 1.0912449077636666e-05, 0.00015631343160542628, 0.005036886488371267, 0.00067237846375248417, 1.7917407256316057e-05, 1.8155109084078899e-05, 2.8659729741988789e-06, 1.2711677366245824e-05, 1.3858954023528305e-05, 5.7116260211234531e-05, 2.4627918473867572e-05, 2.629355537680827e-05, 5.190246933240436e-05, 1.6024832952440885e-05, 9.3501034434186549e-06, 5.880095125625244e-06, 0.00084438785552188981, 0.00011127146601688434, 3.4478271923947759e-05, 0.079228828268176094, 6.3978428142381734e-06, 0.00013056928471309365, 3.6506392802285177e-05, 1.0412341893212564e-05, 0.0049355752673638726, 4.880415263951749e-06, 0.00032565698847052555, 0.00010486206758869614, 1.4287943121078532e-05, 5.0400589994139846e-05, 0.002726694589106782, 0.00010225330139886253, 2.4173575522786252e-05, 2.663435510777855e-06, 4.3277600859874264e-06, 7.3302559185496705e-06, 0.00010411367702492584, 2.3733002874100322e-05, 3.5120074772096469e-05, 1.698131655669669e-05, 0.0011682049342203213, 2.3437755398463534e-05, 3.7116888974428706e-05, 9.2254395958887478e-05, 0.0050742500351918301, 8.5269136759021872e-05, 0.0002793960467983902, 0.014294538835443241, 4.8109449487513422e-05, 3.1027561238309016e-06, 7.4437799411123255e-05, 1.0583002014356818e-05, 2.7280202445204256e-05, 5.804185058592584e-05, 0.000170097102535482, 0.00018043991394616339, 1.5582098561115084e-05, 0.00020840460733191374, 2.7205103739448063e-05, 3.0438735566984295e-05, 1.3525374072722845e-05, 1.2802398785602507e-05, 1.1034511456082672e-05, 6.2167364017447834e-05, 0.0031200684020293353, 0.00017959659714354682, 1.0136197927690621e-05, 2.7590178822259387e-05, 0.0009318803954678894, 0.0202590292109, 2.2552359952408822e-05, 0.00010214850164658699, 6.6543371136144168e-06, 8.8768262356354999e-06, 9.8230759693476502e-05, 0.00033448156870421558, 2.7785195868643976e-05, 1.5253777943908883e-05, 0.0014818042217108098, 1.2550798656670027e-05, 1.6077094833504309e-05, 2.1438097407702107e-05, 0.083321487925847662, 0.04361996713653344, 0.054697572914891392, 3.3801294649644594e-06, 6.551699277474187e-06, 2.0885818729835492e-05, 4.6232407704100353e-05, 1.9269128661294609e-05, 0.010883384754516457, 1.1394508900729055e-05, 3.0902371166702628e-05, 0.0008808612924462258, 0.055929050930150187, 1.2030328081375913e-05, 0.00014264166902818991, 2.0484773413475007e-05, 0.0010907233350917322, 2.3029783115359573e-05, 1.5729595113411972e-06, 0.00024121308130603002, 0.00051342205100642438, 5.0157785006116889e-06, 0.0055962444545201518, 2.4708669058096802e-05, 4.0252242434988058e-06, 3.5290194940169489e-06, 4.4495569298898178e-05, 0.00032808923114025488, 2.9652493414597938e-06, 3.3517602304356893e-05, 4.120081749252079e-06, 3.2593935682134168e-06, 0.00067103869974730046, 0.0002323843977470692, 2.8592857472477075e-06, 0.0004488537371790662, 0.032917895540173547, 0.00092382186038800337, 2.9028933835129382e-06, 0.2692914347701541, 1.7450469305460891e-05, 0.00066322351149249929, 6.745421100636804e-05, 8.229640799145407e-05, 1.6816527352300167e-05, 1.5419782040899123e-05, 0.0057155792507760121, 3.0201799149242872e-05, 2.3232294585712016e-05, 2.9838228137229195e-05, 2.9188078198235504e-05, 8.5611601787138138e-05, 2.7474676790295294e-06, 0.00098793619836194994, 0.010489691794200007, 2.1127136604983499e-05, 0.0024397571947668778, 1.0657529080287524e-05, 5.1803029605038753e-06, 0.0017259709125064073, 3.4464863916046279e-05, 3.6509381393926032e-06, 8.8195508922430529e-05, 1.2683982255012957e-05, 1.6588724395406433e-05, 4.5597273776800673e-05, 2.0522846209661202e-05, 0.00011935425896924061, 0.083009735915968844, 0.0081388562076732378, 1.0570830960876811e-05, 0.11549347029720083, 6.4960916807712567e-05, 6.2302518210498344e-05, 1.2246132892766855e-05, 0.0041700551505670031, 7.2854452079032213e-05, 3.5243910365290965e-05, 0.0098712055784423158, 0.0031909948148023813, 3.0574991864134882e-06, 0.34054543784134872, 7.5979129743631405e-05, 3.6159279262426257e-06, 1.0540079935611191e-05, 1.8070781503636831e-06, 5.7770040551734172e-06, 8.492084737708391e-06, 0.0010036830306733632, 9.5569994902972448e-06, 2.8713259757307966e-05, 0.0066077552563326373, 2.2708235304322176e-06, 3.9592395191635977e-05, 1.537869101572636e-05, 1.7830566504691587e-05, 2.7993420862297081e-05, 3.3309285406872e-05, 1.7651623394895706e-05, 2.7677835355481952e-06, 6.1201973919315921e-06, 0.0024493570535687719, 0.00025720693415036189, 2.7612558949273584e-06, 0.0011678501847137996, 4.3863824570982474e-05, 0.045200430940137329, 8.3701468504749594e-06, 0.19788360527911461, 6.9447931351625488e-05, 3.9859957971493153e-06, 0.0010876724715921978, 0.061528578473503195, 0.00027898781939067252, 0.00019862615509458665, 0.00011009143566092437, 2.2117226349729165e-06, 2.1885875165447681e-05, 0.00060092228430109497, 2.0343788461387927e-05, 1.6343791013131057e-05, 0.001333411511923758, 2.2698158815595984e-05, 1.6390243923629302e-06, 1.2580111030368874e-05, 3.2130551410310545e-05, 1.4395212161233879e-05, 4.0133919311533443e-06, 2.2662511307150053e-05, 8.5998643140797714e-06, 0.00093574916244004247, 5.9731978238689348e-05, 1.5356538967520103e-05, 1.0193928506964778e-05, 3.4434205393486632e-05, 0.003040684486052454, 0.024446023578737555, 0.13180703203315416, 0.0023384221111009684, 3.1310411469775096e-06, 3.0990719542800039e-06, 1.687867333189453e-05, 0.00073255576651093445, 1.2063330734606981e-05, 0.0047727745817656925, 2.1592578803811519e-05, 2.8666311760892861e-05, 0.0004063263727306051, 0.0013720577225632955, 1.4968956804510357e-06, 1.458734497829676e-06, 0.0018155156492744987, 5.0405216028893326e-06, 7.6444393933683358e-06, 0.024762651194105558, 2.1784355919852524e-06, 6.3757655321347374e-06, 0.0039853431566062338, 3.1053630163501021e-05, 0.00039589120093710885, 2.4346753210741133e-05, 2.2706560742725937e-05, 3.1394274410039602e-06, 1.9637303797460023e-05, 0.0069513240030975934, 3.3170780673489797e-05, 0.00048808330480197711, 2.4585006920997527e-05, 3.5596384662214811e-06, 0.00069697650062587331, 8.4331253971192109e-06, 2.7844044609904095e-05, 1.149694248290731e-05, 2.8542471649452386e-05, 6.9493304560633124e-06, 3.8497233320076625e-05, 2.8648657309464295e-05, 1.8827109546604804e-05, 0.0010785338326654826, 0.025274318505291309, 2.0044914147263051e-05, 5.3410976473072409e-06, 4.9854892252072825e-05, 9.0120767211960572e-05, 3.8492566229929674e-05, 1.3335932880852089e-05, 0.00011728458149408178, 1.7769695388888066e-05, 6.3359040334139343e-06, 0.010305258322991508, 0.034491067629638203, 1.7172309106962589e-06, 1.2552476025338431e-05, 0.0029542741807076032, 9.4903556272110619e-05, 1.3617071318300309e-05, 0.031859871094773416, 6.6622063111336585e-06, 0.01165273523688877, 0.014114626389469561, 1.0440369296445175e-05, 0.006627595917257206, 1.0324444580624058e-05, 1.2037745809133198e-05, 6.0167751273911837e-05, 3.1317168961154792e-05, 0.00026321348685615797, 1.4711659183420021e-05, 2.499813123512698e-05, 8.0659098071047371e-06, 0.013309418426990191, 8.9714587625960168e-05, 6.6180208880468421e-06, 7.5048056594728409e-06, 2.105771875811693e-06, 0.00558966530699378, 2.7256673671516137e-06, 9.6618383750617291e-05, 0.013193817685736468, 6.7850225847661515e-06, 1.6788527839890881e-05, 5.9830396803843738e-05, 0.00091368928282595534, 1.3354187710604147e-05, 3.0961169801094481e-05, 9.3013394040721126e-05, 9.8930273378275482e-06, 2.4010742443337873e-05, 1.0991558291512655e-05, 0.00010336113479054967, 6.9558328167507885e-05, 0.00027243010721660316, 2.2818273132299886e-05, 0.01219213945670534, 2.5453782165159493e-05, 0.0040044325551484078, 0.00023826501387086432, 2.7473229282945971e-05, 3.1230576783305e-05, 4.7899744016400657e-05, 0.0057661037656551763, 1.8878519787764281e-05, 7.1144007690880073e-05, 0.00092756775327431957, 0.0014944005629534732, 0.0013504168862897604, 3.1975688552501919e-05, 0.065548915104982439, 0.068619958534607811, 0.014380074054048375, 1.9464468867844102e-05, 3.7391177080072375e-05, 1.6410571543707629e-05, 4.8962608422698131e-05, 0.00035163747799420365, 0.0019919203177401791, 2.3161525555770677e-05, 2.1108928655964043e-05, 1.7256127220522859e-05, 3.6260365237169881e-06, 0.059482961446857448, 1.6727489965140706e-05, 3.794970723479736e-06, 0.00015684869649520918, 0.025131241825082716, 9.6942818156024979e-05, 0.0042618120907147511, 2.8554133106893717e-05, 2.3366833684650011e-05, 2.4116230418564888e-05, 4.8407523667812453e-06, 3.1656578863822769e-06, 3.053427852078495e-05, 1.7159362699670166e-05, 6.8512127651441965e-06, 0.00015717175891009422, 1.0677929475809153e-05, 1.7532553014131861e-05, 0.00039446504305986816, 4.28535411087247e-05, 0.016760024974806356, 6.0765998253822813e-06, 0.01336045527974395, 1.0959582120561396e-05, 1.1705746687762721e-05, 0.0010859966672664716, 5.7851126659547903e-06, 3.2636428277588236e-05, 1.7061403981382744e-05, 0.034522170129188505, 3.9445035291444577e-06, 6.8196334130358776e-06, 6.8271477285878686e-06, 1.287652586026921e-05, 1.6212266072686121e-05, 1.9855179803781309e-05, 2.4553730346713893e-05, 1.0545934712845122e-05, 4.2248049184624707e-06, 1.0166079506497417e-05, 2.8021892676465152e-05, 0.067322765907382787, 0.0027181358739863707, 4.2723265458670862e-06, 1.7259303826501791e-05, 2.6725474747399022e-05, 5.4170103896502944e-05, 2.9557138199707231e-05, 5.1444780084528394e-06, 0.0096610524841420856, 0.00055774854522447315, 0.00025626350144351183, 3.9274761246671843e-05, 0.00098904131443681986, 0.00012720503913171566, 1.2029380623970855e-05, 0.057350983877706679, 9.6644851806660978e-06, 1.6922934474869327e-05, 5.0764731892301487e-06, 2.554601952268224e-05, 9.9092184815261002e-06, 2.020643428113747e-06, 7.1151904115767754e-06, 0.00070246463122418618, 2.7559781681180886e-06, 0.0004951676040607782, 2.1825883322148293e-06, 0.003178852045008103, 3.4876692738826015e-06, 4.6340937763091504e-05, 0.0073693924832611913, 2.032777820851332e-05, 1.1406116602892322e-05, 5.5864851097951876e-06, 7.1831205758941819e-06, 3.7597730257229793e-06, 6.1747240953092223e-06, 0.0001568824330535799, 0.0030197719265913051, 1.3210580717423129e-05, 1.0594828300568309e-05, 3.2602117605790358e-05, 0.00012027578644100941, 4.2738734958320016e-05, 3.4284807036044824e-06, 0.00015495382757631088, 3.6902792775526642e-06, 0.066507657081681465, 2.9305923487290592e-06, 5.2714574161423277e-05, 8.4655845618266831e-06, 5.2825970520142504e-06, 2.8502424172490663e-05, 7.3378345254818576e-06, 2.6828147465099256e-06, 3.0148874988915194e-06, 1.6313167350693427e-05, 6.0981468990887937e-06, 3.9849668571251066e-05, 1.0472064712234849e-05, 0.040502556842479276, 1.046162845132313e-05, 0.00024396559426177544, 8.3945297330499072e-06, 0.036884140382122635, 0.00031288087072673765, 0.00010047344203666912, 2.0764383066765499e-05, 0.0013200433873537482, 0.00065211636222384066, 5.7469548552894245e-05, 2.3061189795692114e-05, 0.0025112351002917034, 7.9564060136169277e-05, 0.00031845752351359686, 9.710065294809635e-05, 0.053335304280019924, 0.0052405776190891087, 2.6323637620378458e-05, 2.2588406765766829e-05, 6.513614654349924e-05, 2.8980662172844358e-06, 0.0019424545348022864, 0.0066878971859767209, 0.00011083337191469895, 3.9032495810663493e-06, 0.00015657972291287933, 0.00046359443957998993, 0.00012610896452753181, 0.30601945643026279, 0.48806104952206086, 7.2432631641638042e-05, 1.0396844963997378e-05, 6.0876825357136947e-06, 9.8350871481289773e-06, 2.0798185081786038e-05, 2.7458904882603746e-06, 3.4478753547008603e-05, 3.9165779153877111e-06, 2.5548694789225802e-06, 2.1900668786461514e-05, 0.00063157226460129774, 0.0022933125528860898, 1.1519496134347416e-05, 0.0015439041954107956, 0.0013974968545162839, 4.0310463711352931e-05, 1.0430844240900098e-05, 2.5795256192399859e-06, 1.1246807909955365e-05, 1.6200693356696385e-05, 2.2663176081788395e-05, 1.3272579176052732e-05, 1.6961937661889924e-05, 3.4480949098465494e-06, 6.7938778927937327e-05, 7.7259380755207721e-06, 1.8733821815184093e-05, 0.00024875363557152509, 4.1184244733480183e-05, 4.9009909525712055e-06, 0.0020562457395985941, 7.5144622470781663e-05, 3.7151986920642144e-05, 1.4227672031672016e-05, 0.00081431373265465287, 5.5423015320468463e-06, 8.1908712235918087e-05, 3.129669423388786e-06, 1.0998329073873645e-05, 9.5681566726633434e-06, 6.4120550621849672e-05, 7.1390837737310761e-05, 2.3404610884979173e-05, 1.3789954088369791e-05, 0.035143371107433291, 2.705661062809355e-05, 2.9354394354124514e-05, 0.0071203268248472987, 3.9896553143475075e-06, 0.012795008628167338, 3.1508112783735962e-06, 0.0098759649847057034, 1.3220493004262808e-05, 0.0015005851751268737, 0.0003619719637832258, 5.0257922373574156e-06, 1.4032715715091662e-05, 0.0014009015579694859, 0.00083630901149138134, 1.6875215113393417e-05, 3.1608099142686747e-06, 3.0254193194302307e-06, 6.9414729663588022e-06, 0.00086390386069820646, 0.0018493201579116681, 0.00039155019718137545, 3.0042702216612787e-06, 4.3037239479328574e-06, 6.9252570986684755e-06, 2.548575245045381e-05, 2.2180018072132994e-05, 3.5171955066538543e-05, 0.00061504541278218283, 3.160269109539029e-06, 6.0140032021326673e-06, 1.0120111253375012e-05, 1.2199421657685891e-05, 2.7573174007890984e-05, 3.3758478822028255e-05, 2.1420096318003803e-05, 7.7366710698774405e-06, 5.8557097268570248e-05, 0.00082262708656408634, 0.062183807244010979, 2.7938917065350118e-05, 3.4902679318007756e-05, 0.00091734335186467383, 0.091214160992057217, 1.8808778421268257e-05, 1.0801138707717623e-05, 9.2986750827887542e-05, 0.025935677399643604, 1.3902641607369476e-05, 1.3833778581745982e-05, 0.0010990620817425299, 0.00026620805336329445, 3.4355112192836448e-05, 0.00067199283294584506, 0.18680763040604734, 1.7163153738988057e-05, 0.00063428333328490176, 3.1566527510130303e-06, 7.851376635880334e-06, 6.8255463081626108e-05, 0.0011034669194321552, 5.3978801532152456e-05, 0.006187708587056355, 3.9389557658685924e-05, 0.024856005043063793, 1.0290559973919977e-05, 0.1812334474998081, 0.0092538403665301736, 0.018104123483945952, 6.637467877236671e-06, 0.0021354077392923957, 0.0034965909029364165, 1.3696369569866613e-05, 0.00017113762729326786, 0.055686322029971626, 1.1991236040853324e-05, 3.7734442482350874e-06, 3.8625967374514163e-05, 8.0105713609808797e-06, 2.5043246243264979e-05, 2.8923398212014496e-06, 3.4526722311844793e-06, 0.0014771254008839158, 1.8583562635324677e-05, 0.00013341095129579481, 0.48495096184867093, 3.3878219433029666e-05, 0.0016829012510913184, 2.7825743744996476e-05, 0.00088288742289727043, 0.0015174862168752384, 7.3741509585149128e-06, 0.00010662357640189372, 6.3077703954269667e-06, 1.6876989854092097e-05, 0.00047426890300226673, 4.2857673758638609e-05, 0.00011667065344861598, 2.1301713692528708e-06, 0.22874435514185212, 1.8291231050134725e-05, 1.4074966809858108e-05, 0.0011759852894151171, 1.3823005087713291e-05, 0.005212752438397002, 0.00011834969623396538, 0.024938346644503218, 5.9165328566025543e-05, 4.6176661793685438e-05, 2.0012843769460827e-06, 0.0074656914449688239, 1.0568357358019457e-05, 2.6372474957710485e-06, 5.2637644343436504e-06, 0.0071113265838006062, 1.06684431045042e-05, 0.0724952228113728, 2.8602179605592322e-05, 5.8521430497071641e-06, 1.7111662615528055e-05, 4.4545872831570008e-05, 0.0066281001967919721, 8.6166027538669466e-05, 1.1292031117528752e-05, 1.1695736189362137e-05, 0.00096388162739281401, 6.9732938047653144e-06, 2.5761489129396257e-06, 2.9638728556409016e-05, 2.4374089528260982e-05, 0.00014798355106541026, 1.0378525778091463e-05, 3.1866524810103476e-06, 2.2636105599660145e-05, 1.9538679547987896e-05, 1.2973942897747586e-05, 3.802044178991755e-06, 2.3744387448197047e-06, 2.5535067092447733e-06, 0.046916306116184657, 1.961423246350815e-06, 4.0216160927793812e-05, 2.5679239635787757e-06, 2.2319902902332549e-05, 0.00044070875916595644, 4.8195367675232303e-06, 3.4425268970632127e-05, 0.00019149762137775559, 7.8559232252370603e-06, 0.0014428069337517645, 0.0049023877312965713, 1.27750211911462e-05, 0.0010828419075291017, 0.076756168883070311, 0.092247392262105973, 2.4024523086040307e-06, 1.106791057808783e-05, 4.0347017849373972e-06, 5.8113467981534488e-06, 0.00016859654044055889, 0.022118200111227799, 2.1266388826205414e-05, 2.314415837931638e-06, 0.00015463741697230481, 1.8403825428415693e-06, 4.7374475709431798e-05, 1.0559253543700717e-05, 6.502704758429806e-05, 0.00070774512206115618, 0.0019115412893581862, 0.00039476724071161543, 1.5032882407090176e-06, 4.6082146498238247e-05, 3.6193790993276741e-05, 0.00072261995317322522, 2.1401678815357085e-05, 2.0588984104841291e-05, 3.4871606366757185e-05, 0.19971381087944096, 3.2135200593702337e-06, 0.036761488216551438, 5.9542887095510173e-06, 0.0024683625779979572, 8.0484057485225941e-05, 0.00067092132229119254, 0.00044117325744013095, 3.5292456321437891e-05, 1.212324395670941e-05, 2.8877090923952098e-05, 1.0096926869775078e-05, 0.00015800765843920761, 1.7567944011314184e-05, 0.48651049583157574, 9.0434610585402078e-06, 0.057780493269307349, 0.00014895144502061086, 3.2758278584314817e-05, 2.2083561244582816e-05, 1.2569663551198899e-05, 5.9243664532544705e-06, 0.00016650612680759892, 1.0322433651847479e-05, 1.3245298363375082e-05, 1.8300911269787227e-05, 0.0042301126393641791, 0.038835782510782263, 0.0011172612018926417, 4.1980988345162901e-05, 0.31112885008088698, 0.020694456960658487, 4.0468068218910567e-06, 4.5890789016402062e-05, 2.899371996310367e-06, 3.3864462908055706e-06, 0.16738293973304716, 0.00029650203539308319, 0.016727188128144783, 0.00018497506130656265, 0.0043795065327526493, 0.13232387534123943, 3.5615318516518945e-06, 6.9927945207775185e-06, 0.00081094184195047508, 1.5522838860235416e-05, 8.2955733259296825e-06, 7.3312035393087186e-06, 8.9834295895403429e-05, 2.7263214595972256e-06, 4.3529452582841575e-06, 1.4671348896764656e-05, 0.00077068143535068384, 1.3752001943518168e-05, 1.7119749330517523e-05, 0.00029414835564743434, 4.396881808559125e-05, 2.8003810852088506e-06, 8.1503302773302668e-06, 5.3691408341884189e-05, 0.046332156276334538, 5.5412135318449607e-06, 9.2449369604002049e-06, 7.7629693266491541e-06, 2.4396629129554992e-06, 1.9392641605092555e-05, 0.0014104743883166838, 1.2234249029807411e-05, 3.1768648842541253e-06, 5.2123250822887757e-05, 0.11443969041780153, 1.0205688221654416e-05, 1.0607514508196974e-05, 4.9934517338246569e-05, 0.012878669974601832, 0.00069637448083218541, 2.0757847656067282e-06, 5.541908024560536e-05, 1.7567718126392021e-05, 8.9248608707629484e-06, 0.042769071440667564, 2.5120892676739921e-05, 1.6892648842288244e-06, 0.00017918678876939297, 1.1848957412690178e-05, 3.5421942268502474e-05, 2.0933858966536039e-06, 8.6886930777435684e-06, 1.1731620658766572e-05, 0.035175013762008954, 2.5563947457308419e-05, 2.3126760966781536e-05, 0.00010293541443308456, 6.9290400020870861e-06, 2.8555762816325795e-06, 0.0023139299037675406, 0.007978955737915348, 0.00092890203697427976, 0.00010565891727241076, 1.0876076041294251e-05, 1.069637102180972e-05, 3.2852640511539278e-06, 0.00011361112426917272, 0.024759170970938209, 2.2254660231640985e-06, 6.8542742394472834e-06, 1.0924846786240454e-05, 9.9223383439027852e-05, 1.2320616474998781e-05, 8.6505856301585319e-06, 0.13234183476650918, 8.8272313305843476e-06, 0.00020742059499429615, 5.5549715713427464e-06, 5.374551376168205e-05, 2.3504796397712477e-05, 0.00027611780931143648, 0.0048328263452535897, 1.7827310416060817e-05, 0.00039068120622976616, 2.7282285975978098e-05, 0.00018350995361226085, 0.0001201381645017452, 3.010666417411668e-06, 1.9038582282997199e-05, 2.7011608928914673e-05, 9.04561268095899e-06, 1.9874267297981312e-05, 2.70638441840016e-06, 1.0176112733024125e-05, 0.087122727883752943, 1.7719471688725179e-05, 9.3137954944436179e-06, 7.435173115778189e-06, 0.043570905545647819, 9.3783202895950142e-06, 2.8682254330081359e-05, 0.049001241258985369, 6.3687537297452595e-06, 3.3901092062047838e-05, 1.9917784164552085e-05, 4.2275398559828157e-06, 2.4972882965516326e-05, 0.00034502754545942202, 2.545155758955397e-05, 0.0011369136154572442, 1.7898618668775972e-05, 0.0041856831790357558, 1.5115141740622223e-05, 2.3953474071953591e-06, 6.8849589388404761e-06, 0.0005396033319202537, 0.00010890514932893533, 0.00011169251798864009, 1.512926781791964e-06, 0.00022757320861652313, 3.2364815741044414e-06, 2.086443351066665e-05, 3.7181753635388531e-06, 7.6430072205319586e-06, 0.00031927318415855756, 0.027302485482268751, 1.0458844714867284e-05, 0.00017136369065113086, 2.7663450656251247e-06, 1.9662696222608779e-05, 7.4019975872650538e-06, 0.00038271526884472957, 4.9698654862631174e-05, 2.9527250425791157e-06, 5.0075953923886758e-05, 0.00010917007071678215, 1.6543564696756577e-05, 0.017400991340836905, 3.4422166415097025e-05, 0.00045553372027555084, 0.00054469695615053028, 0.00025162340298177856, 2.9266346349356791e-05, 1.002668177165952e-05, 7.0043866876368709e-05, 8.2364508806447678e-06, 2.7109841689983113e-05, 0.39552031321559528, 0.0018048143607067068, 0.0011850938401612404, 3.4515443596343798e-05, 0.045192283105529599, 1.0170303641870967e-05, 2.335112703530076e-05, 0.0053670252060032276, 3.7348728084984056e-05, 0.048340701010726836, 0.00022589726835877476, 2.3958678587145842e-05, 0.00020533592785039242, 2.1086711108484677e-06, 3.0039654787636022e-06, 2.707865736252002e-05, 6.5515036121616146e-06, 4.7065251586994812e-05, 7.309413282631794e-05, 2.5807586697239568e-06, 3.4951614926463442e-06, 0.45104506983551007, 0.018411118299453074, 1.1994854608136354e-05, 0.0053849048381451031, 6.7563684540099005e-06, 0.00042965835464242369, 6.8810624679370569e-05, 0.00062577339677381773, 0.00033053568639463847, 0.00027511549989463961, 7.2145333307976632e-05, 0.00016004227743150352, 0.00040875078127126393, 5.342920411300328e-05, 0.0055124119855432061, 1.6391462327284775e-06, 6.0861727517931288e-06, 4.8271813645720724e-05, 4.4133974228526762e-05, 4.8161009593180966e-06, 3.865918239055948e-05, 8.6642417269791048e-06, 0.024332530157956622, 4.2060787405219003e-05, 0.01579343147850092, 1.1171579707518461e-05, 2.5452649496658655e-05, 0.00015731048255146422, 2.7039124788310527e-05, 0.00067141327517231781, 1.3774798997415705e-05, 0.00081029739890243406, 3.4658457661276167e-06, 1.7210087870962229e-05, 0.04874349841765336, 0.00079800121410507135, 0.0028151734427634854, 5.9550170283102015e-05, 9.3653619841104797e-06, 0.013038279693797974, 0.00024179499485545275, 0.00016813323135807289, 0.028380244712498989, 1.0448714584619362e-05, 1.9282132122002689e-05, 0.00036792067987935772, 0.0016411825463063785, 5.9214899356956389e-06, 0.00036737076314131712, 2.2160659150949776e-05, 2.5329310450293078e-05, 1.2349202648719519e-05, 0.005636237875417365, 1.676221675572919e-05, 2.9720017847198867e-06, 4.1226696915530666e-06, 2.5663224703140434e-05, 2.3245270989012766e-05, 2.6770276069588318e-05, 0.00061678177129455487, 3.1373397128574714e-06, 2.3160621903873444e-06, 1.0905208529683235e-05, 1.7388925306477188e-05, 5.8617151234656649e-06, 1.009748749348794e-05, 0.00017362272716546704, 0.056400086986887643, 5.5546465113524362e-05, 0.00011144971922550432, 5.3531102982227034e-05, 2.887939239633325e-05, 0.011516689895909947, 3.2417431259086079e-06, 8.5977215099914477e-06, 9.222727118924376e-05, 3.4990811077743998e-05, 5.8498820615758585e-06, 0.00010553516439633662, 5.8809779983223319e-05, 0.0065688460907032458, 1.6764076884261389e-05, 0.056451879884403325, 4.1383197106819653e-06, 0.0014812511929592099, 3.6993372975177116e-06, 8.2123439686140967e-06, 1.1757589441864002e-05, 2.6346371010361052e-06, 0.00018202277470530986, 1.7920044253578837e-05, 2.7204465446361417e-05, 0.00051588980410452879, 6.6550000479649362e-06, 6.0245944654473745e-06, 2.3439054521591845e-05, 2.7820162579585395e-06, 1.1804263062968884e-05, 0.0021059174950894739, 3.4158561906831212e-05, 0.00052660344142674276, 5.0614295644266645e-06, 4.0113508329168133e-05, 6.1915996484808171e-06, 3.2604057965595338e-05, 8.9372696356897805e-06, 5.0026064357066529e-05, 1.8657143549136402e-05, 2.0923564491630088e-05, 5.1839857614951545e-05, 1.1487102119194418e-05, 2.8667569338453219e-05, 0.00037028268736324807, 3.8373172457798456e-05, 5.9671334106565046e-06, 0.00034608163023524028, 4.9117459900421036e-06, 0.40344574568175073, 6.4946748964363305e-05, 0.00017725067557138751, 1.009675521224688e-05, 2.6553500307843441e-05, 1.6680618043576488e-05, 0.00019946132218261962, 0.0032111576675277298, 1.4898775601517422e-06, 2.4897135314099121e-05, 1.3336508346933821e-05, 2.4107915283623552e-05, 0.00034890601581314318, 3.0403798307507122e-05, 2.3018640905100607e-06, 0.00034726768015144684, 3.7930452271463734e-06, 1.8158555001326887e-05, 1.2117939646659643e-05, 1.2683298094122995e-05, 5.5233199207644261e-05, 0.0074299418525403949, 0.00013111141918915425, 0.01594181086267395, 9.1324151806650196e-06, 2.7781798036878158e-06, 0.0010493572151753336, 0.00021498907403513689, 1.608524381613426e-05, 3.0220763231615563e-06, 8.3300480320396242e-05, 5.9535533867144596e-05, 6.8382883377704492e-05, 2.5190877891901533e-05, 6.4484068859348604e-06, 2.7904328243530337e-06, 0.00023297513725057612, 8.671684720170907e-05, 3.6345017896221538e-05, 3.9714472435556021e-05, 0.00019992985224930474, 1.0326251069767253e-05, 2.8407433700000967e-06, 4.0035053679520807e-06, 1.8039310005608466e-06, 0.0041936815571519881, 8.7170619436245048e-05, 0.00013200702786043191, 0.00013743563940264906, 1.6187851223614195e-05, 0.0010915487996629085, 6.7653771167621755e-06, 5.9256938735301545e-05, 4.205648180658817e-06, 3.5370190302248233e-06, 8.4893623087436141e-06, 0.0014981998945186197, 0.00021765930457593851, 1.3547004087560671e-05, 0.00010894175141218361, 1.7106464779097681e-05, 7.6300049356277798e-05, 0.00038761439333373331, 2.7635400831507107e-05, 0.17630388361013788, 7.0599421851301127e-06, 0.0062003115887882734, 0.00055473160510576024, 1.0002921049358781e-05, 1.8227844422579031e-05, 7.4997150570778587e-06, 2.7946542628163326e-05, 0.00011101498837230267, 9.1330085357208587e-05, 9.9942703473129859e-05, 0.00011347875334387109, 7.5131129651073822e-06, 5.4653802707957256e-06, 2.3301168706783043e-05, 1.2362446239138097e-05, 0.0038416072145850415, 0.025541028387277481, 7.7845943333487223e-06, 0.00011897394505406596, 0.00030367540631605274, 8.6982276525469245e-05, 1.2313212938755777e-05, 0.0023333998460483402, 2.314530885680896e-05, 6.9735129547194053e-05, 2.3203762293914652e-05, 1.8448276997390804e-05, 2.3334974840968644e-05, 0.033368138263357897, 4.1055484322189761e-06, 1.1326644929636442e-05, 2.3550147811976146e-05, 7.4744010214095914e-05, 1.7134486526384771e-05, 5.2578921701288829e-05, 2.8748721421301116e-06, 1.7127972329799525e-05, 9.256124526906086e-06, 5.0585322975452848e-06, 9.5697909738058881e-05, 5.8504271549019511e-05, 2.0106817917331652e-06, 3.3134415215732651e-05, 0.00016757114944564565, 1.4804213647087707e-05, 0.00042188235206724937, 0.00013822477066452023, 1.1154202286953937e-05, 7.4506229467781983e-05, 4.2055134119232494e-05, 1.2801946117445785e-05, 0.00049073465077938952, 1.0507866889988241e-05, 0.00011120735236320718, 3.4276301582496887e-06, 0.00010892785878621231, 2.7415533467552968e-06, 2.6823522384790685e-05, 0.00090194612411199861, 7.0995171679462769e-06, 3.366328030677787e-05, 9.9658127198402825e-06, 3.5498217208766049e-06, 1.9577694653464656e-05, 0.0002915711356390586, 2.2936611667543762e-05, 0.0001225840144325383, 3.5564305927239582e-06, 5.9134831793634613e-06, 1.7075009318613594e-05, 9.0434610585402078e-06, 1.1545938739189676e-05, 1.365378254609591e-06, 0.2302060860317674, 8.0904857399704806e-05, 6.0747357640029604e-05, 0.0015439391460738022, 5.4934792634093683e-06, 2.4578151367114817e-06, 4.1986112747299094e-05, 0.00036854954851965193, 3.3194225851902631e-05, 0.00012350801949628318, 0.20622673301079258, 3.5257320052503053e-05, 0.027460478362368618, 2.6752543735961545e-06, 2.2794333043135095e-05, 8.638278049677115e-06, 2.0987243520951492e-05, 1.6137150480171599e-05, 4.7133145157396924e-05, 0.0041232313271443175, 3.4608697275244188e-05, 5.832203522099565e-06, 1.9686627068146368e-05, 1.6938194261786927e-05, 2.6895637353934182e-05, 4.6043778809560543e-06, 0.00022064313636190679, 6.8976109863607346e-05, 0.037632056437536685, 3.1374261678082016e-05, 9.1068473503631191e-05, 3.8877053644557459e-05, 2.7907936761864827e-06, 2.2757833112302021e-05, 2.7367553982614151e-06, 1.2327753756523564e-05, 4.6447840274990504e-06, 6.8175273457280959e-06, 0.00047225548741623301, 0.00010404183344382906, 2.9919788108776361e-06, 1.5615923269085952e-05, 2.2054667448650385e-05, 2.0986631789520586e-06, 0.00021514002675454468, 1.6422873158160937e-05, 0.00011185668296943523, 5.9650522345200206e-06, 2.2361079089749949e-05, 8.5710588168259855e-05, 0.0090084772539623589, 5.2890755448765749e-05, 2.705134071417122e-06, 0.037296180778794465, 1.6365788753355764e-05, 1.1760603302663768e-05, 5.8392119906466982e-06, 0.02101182902643384, 5.2544282503736459e-05, 1.7273857161618816e-05, 1.6528908905886391e-05, 3.5435566458843685e-06, 9.2744199786728385e-05, 1.0413750563779561e-05, 2.4337528347109858e-05, 3.8022597558139685e-05, 0.00059585941353238066, 3.6112997171471246e-05, 5.2043092720910917e-06, 9.6650693754074876e-06, 0.00028137501478651543, 9.9362843048536913e-06, 8.1279644601673002e-05, 1.64815395565208e-05, 2.8636379312525398e-05, 7.7954403535936389e-06, 2.1396771561832972e-05, 5.8846152206387717e-05, 1.1679968177748537e-05, 0.00010807966203728463, 2.0110777828597903e-06, 0.0022308841644785313, 1.6017021205660064e-05, 0.00048254431673195176, 7.453720090959309e-06, 0.010521432236829907, 4.5885857447083271e-05, 1.64437975151607e-05, 0.0051853336063048738, 8.6278770759786754e-06, 0.00025948848485812256, 0.00084223417136015369, 1.551068039272795e-05, 1.7829814742473098e-05, 2.0474541168276188e-06, 6.0400760472545326e-06, 2.625221779374364e-05, 3.3918760976147137e-05, 0.00023025048426393482, 0.00035612691500430525, 1.7200085675486697e-06, 1.2543636944329077e-05, 3.1158125095372262e-06, 1.7231739873613054e-05, 2.3523258021211978e-06, 2.2648705893890545e-05, 1.7564668960907891e-05, 1.0671727783719097e-05, 0.00011363149724585451, 0.00010035040974834887, 6.2901322681792168e-06, 0.0054753322856914812, 1.0666551339791403e-05, 1.7934638458050485e-05, 1.1605350973468807e-05, 8.8047326844964097e-06, 7.4577809805705419e-06, 0.0051341229999124858, 0.00017225484332168234, 2.6704333258332301e-06, 3.2957579402707775e-05, 9.4765728515635409e-05, 3.6842768863824598e-06, 2.32692306195252e-05, 7.1701872493463108e-05, 1.0810409050773864e-05, 4.3988235521756692e-05, 1.215343466748072e-05, 1.1084272825163349e-05, 0.44826220905867609, 0.005075128952829364, 0.0015860568741493828, 0.019511944729211774, 2.7821079857845741e-06, 0.0056908671010690868, 1.3713961441781449e-05, 1.8747008125219758e-06, 0.072104863015962556, 0.0017567256677297038, 0.00060764767484261029, 1.2641060395711601e-05, 8.329180462415852e-06, 4.2579929249736905e-06, 4.4157921234642685e-05, 3.8145443582978131e-05, 0.00089406768075486667, 0.00013342293827988273, 0.00034367233890821589, 0.0009085170034872828, 0.22478687610376333, 1.0627398018240287e-05, 0.00035024837336316249, 2.3327548388230998e-06, 0.00028512658053280371, 7.0611909322953155e-06, 0.015168430332542684, 6.5609215118203322e-05, 2.5394064809578651e-05, 2.7672567715592048e-05, 5.8353566684570158e-06, 0.0014893115061213129, 1.6282705705248325e-05, 0.00013969024521297784, 2.7474165618900156e-06, 1.2574977777064939e-05, 0.00023665967903135701, 0.00015522846531399633, 0.00037114023007737973, 3.5597684957881712e-05, 0.00094205285083356666, 0.003142165390089784, 4.9260523239890669e-06, 4.0457834067616964e-05, 6.3867198099142359e-05, 5.8465467520246648e-06, 2.0948110248266716e-05, 0.011957900777613337, 2.7664007097819624e-06, 0.00020842420768323952, 2.3412444421917086e-05, 3.4369304349651967e-06, 0.066382942440242926, 0.0015847471779135249, 2.3387513140466863e-05, 4.8893325280586132e-05, 9.6921827354515765e-05, 2.5288531970012883e-05, 4.4602920948804384e-05, 0.00025416778674158959, 5.4933600556608655e-06, 2.2774738361360662e-05, 2.8527079576680093e-06, 3.9623460906292077e-06, 3.1245287521342641e-06, 0.024274081136572308, 8.4302288659710901e-05, 0.057148545452433162, 1.0352190384264076e-05, 0.0075052047092382269, 1.7820968710574378e-05, 1.6378561784935769e-05, 0.00012138343864619388, 0.027194576855605709, 2.7556406202082751e-05, 2.7201438395151591e-05, 5.2605735397972781e-06, 5.7508648077012215e-06, 2.8894718213198951e-05, 1.4111877860078256e-05, 0.0020207272688124766, 2.5045785938037566e-05, 1.0376178799662053e-05, 9.8017467630325854e-05, 0.0097569002887463955, 1.7645068850388093e-05, 3.6627539901992129e-06, 6.0994974510574978e-05, 9.7377536526107192e-05, 0.00015118714972571433, 1.1735703811129491e-05, 0.0043109273235578454, 1.3660919381259747e-05, 8.9604094430483769e-06, 9.106021542580205e-06, 0.00012932988422095546, 4.5270798970431492e-06, 2.0856135671525651e-05, 0.00015354205572422921, 9.7170379155703287e-05, 0.00018399859814299669, 9.7421618713891523e-05, 2.6116764553588643e-06, 8.1538609486757224e-06, 4.0155391121713365e-06, 1.1776039959293675e-05, 1.1170643503217255e-05, 1.5900921022229495e-05, 2.9189465377314594e-06, 1.4995678239521552e-05, 1.0410460344549127e-05, 2.374014922408669e-05, 0.00090803087088521832, 0.0010592823787609802, 2.2099390224869267e-06, 9.7813980583384802e-05, 1.8877970001500067e-05, 0.00015481675509900283, 5.8006862454907033e-06, 0.00085180086605446262, 0.00067043367102717004, 3.1899597031959645e-06, 8.8137421135297926e-05, 0.00034124336361632425, 1.9169598697159701e-05, 1.1064539048126488e-05, 4.3173791919789024e-06, 9.191259250705008e-05, 4.358277151722736e-05, 2.4590632193859603e-06, 5.0973179812900275e-05, 0.0031886379889875202, 1.1130929050106325e-05, 4.3324176932554837e-05, 0.00015083516116049528, 7.015449146391429e-05, 0.024691954224049708, 0.00025510330707594422, 0.0069804872853006369, 1.0383052767577795e-05, 0.0002884473401105755, 2.9899337946783635e-05, 6.7585814631047324e-06, 0.0019683055680702411, 8.887544105366807e-06, 1.2889501251151566e-05, 6.7241341236196081e-05, 2.0727210710012921e-05, 0.0099581420978907386, 7.5449405452463936e-05, 1.0653577784015029e-05, 5.3070205943125519e-06, 3.9881557488875891e-05, 0.0024221620330580683, 0.0024182819296498376, 2.5842827662093874e-05, 2.3910107907234072e-06, 0.00031542658187918849, 1.9938916519962458e-06, 0.00021177822514092145, 1.902371622875671e-05, 4.383234450380976e-05, 1.6533664317057658e-05, 2.8469520820978031e-06, 0.0051710871999887231, 7.7443612132667699e-05, 4.9576313490362359e-06, 3.8074874731131849e-05, 1.0210657791025031e-05, 2.1937718866778567e-06, 1.8170068032760446e-06, 2.012201154523926e-06, 2.0766087564614631e-05, 3.2256974995456563e-06, 3.8153767093059602e-06, 6.3887658419665083e-05, 7.57134491916945e-05, 6.7464184830622639e-05, 0.0001159059947492019, 3.1595458364709667e-06, 9.5118907074351604e-05, 1.9016388951308768e-05, 8.9571276722901443e-05, 0.00017478970488065993, 9.9936969538923263e-06, 2.3991517247474928e-05, 3.3600833497431688e-05, 7.3359979480679696e-05, 0.0049779283286670844, 1.0915353460121957e-05, 3.2433260428414618e-05, 0.49234667307227192, 8.0724863380241644e-05, 3.9956327817156663e-06, 3.0639574341186463e-05, 1.650880457667786e-05, 1.092641261398202e-05, 3.5791690639574273e-06, 2.8638663742210993e-05, 2.5529055055615742e-05, 2.4234975829402589e-05, 2.6604098619096133e-05, 1.0290444975865069e-05, 2.6178158455457356e-06, 1.0441789089168538e-05, 0.00011310326988992987, 1.6330798327124349e-05, 2.9282575356113488e-06, 0.0025921597540404522, 1.7416104807969616e-05, 1.649203099146088e-05, 8.8539862092328372e-06, 2.3657226518540769e-05, 3.1930724237556478e-06, 2.6403691911178522e-06, 2.5379391050210634e-05, 1.0978582455704072e-05, 1.7057580644702159e-05, 2.337026865227713e-05, 1.6834494605419702e-05, 8.8182482937436681e-06, 0.00022968875713485516, 3.4200759454681981e-05, 2.4466627559043166e-05, 5.5500488250825757e-05, 2.8867423098214338e-06, 3.8611976859502726e-05, 0.00032632817422055728, 2.8238875830548832e-06, 0.00092476974539070422, 0.040563627473556671, 0.3060712094952398, 0.00011872318742502711, 8.1847099623915428e-06, 1.7313694696823059e-05, 1.1794783206654908e-05, 2.8336894959236705e-05, 3.9833904874961019e-06, 5.7229965065842079e-06, 0.00010661961422328095, 2.425463182611623e-06, 2.067775174800991e-05, 0.00011033533636104693, 3.6210123746203267e-05, 7.2441539780939848e-06, 3.0401472610237342e-05, 0.047859027011879732, 5.2470266530147646e-06, 0.00036739370637904151, 2.1790495371963061e-05, 0.00015923899938444103, 5.8418331167857265e-05, 2.1717908674755586e-05, 2.2943987162599239e-06, 4.4431824180491048e-05, 0.00034836318166944985, 9.5862371653935612e-05, 2.7919362019999752e-06, 0.057423259300526518, 1.8949768421031582e-05, 3.3736127432475261e-05, 0.0011111356213554197, 5.1474633580242547e-05, 2.2969490866684742e-05, 0.0598397990885568, 1.0343378552608603e-05, 1.0619604571447964e-05, 3.1881349567569581e-05, 0.00034327615694711264, 8.6738769293718912e-06, 0.010177880326084248, 0.020419732508046216, 1.1441893943978882e-05, 3.7481739919829052e-06, 0.00022603861405282231, 2.9118773649346793e-05, 0.017945695969892265, 0.00028605136306832546, 0.038259160481581726, 1.0517321741463048e-05, 3.7812814068325963e-06, 0.00012621907219220212, 8.1955438917365137e-05, 9.6479810017862954e-06, 4.7769142983993836e-06, 0.010026399677354613, 2.7911276746999521e-06, 2.5372752407561863e-05, 4.2401401877042708e-05, 8.2871163221162514e-06, 3.4697211221444451e-06, 1.9367325782262309e-06, 1.7015156638149985e-06, 5.8015181496601046e-06, 0.016798161229548532, 8.919849238919407e-05, 2.3938837447923928e-05, 1.6748219233405247e-05, 1.3957039633200718e-05, 1.7096719982753623e-05, 0.0007675396867975686, 1.657128342142567e-06, 0.0013651676751289582, 1.5007076673057164e-05, 8.6623144285178237e-06, 1.3667590080273845e-05, 1.6378842314521685e-05, 3.0785945266162048e-05, 0.00010116010294535741, 0.00073496468293243213, 5.6397689471641247e-05, 6.3618331098845199e-05, 0.00012176943348483058, 1.7788961902622624e-05, 2.8744118713691547e-06, 2.7574390552732812e-06, 0.0003706254092197466, 6.370528978765911e-06, 2.6823777143945727e-05, 1.6052801925667633e-05, 1.6547701831570761e-05, 0.0028457720480774495, 2.3113476933840637e-05, 3.9417514005597009e-05, 8.4559242901855261e-05, 0.00010519414588839403, 7.1900474345745353e-06, 1.1362845578056919e-05, 2.0284160060226592e-05, 9.9315118214024785e-05, 3.1082340332325206e-05, 1.3447184585875383e-05, 0.014000808753144356, 3.3866482692462712e-05, 2.2551998549646938e-05, 7.5843779418275089e-06, 6.6837278060156223e-05, 1.9169587990924409e-05, 2.1149944983756568e-06, 0.0013809014732547847, 9.0346810430920525e-05, 0.00023480308409287997, 2.3803358754095245e-06, 0.018356376651741401, 3.3445855201128259e-05, 4.2517682351421121e-05, 1.1875432942502679e-05, 0.00048575187778055281, 5.1108082982630159e-05, 4.7546337364811068e-06, 0.098052171811757322, 7.0346803418333117e-05, 0.067343007277871111, 0.0019806869752348058, 2.0944210016070796e-06, 2.1606413283291226e-05, 3.6955811863228622e-06, 6.4757735428985034e-05, 0.00011569871782884427, 1.2058183018029956e-05, 1.3573726641188508e-05, 0.00031899937252374974, 0.00013938437848300174, 9.5595795808327801e-05, 0.00088793302345408062, 1.2527958864602714e-05, 3.6432764495237166e-06, 2.9243098989589965e-06, 3.440964323656168e-05, 1.0345935763464729e-05, 0.062009328542485649, 2.0204313501849774e-06, 4.8411660414685728e-05, 0.0019589799406095902, 0.017854841894937069, 0.00013223410268462213, 0.004160180499330958, 4.589531434196306e-06, 0.017239137570362061, 0.00013395298500042062, 9.4288815879429466e-06, 0.030261765645376353, 2.3119248399205502e-06, 2.9217241812360446e-06, 8.6303205932310203e-05, 0.43817672203148211, 3.1706723486207295e-05, 5.76246193652666e-06, 1.51046227504695e-06, 6.9680061892286865e-05, 3.6705908821810467e-06, 6.3912714232389915e-06, 2.24715988535803e-05, 1.2656315613201383e-05, 2.5867064964685817e-05, 3.728014632789842e-06, 1.6306185075826442e-05, 1.7480527796659346e-05, 1.9603865552694932e-05, 4.410081744692079e-05, 0.003018437240075634, 9.6561824743896671e-05, 3.4316169061062385e-05, 0.009433942578450958, 0.00020112402928372256, 5.3325403475719896e-06, 1.2429276448981121e-05, 0.002253374473272173, 2.0144610790007648e-05, 1.0945639049269751e-05, 0.012070093790275531, 1.7117382798369557e-05, 1.8127048289973482e-05, 0.001377149495164908, 1.5741340254769808e-05, 2.8238754543458787e-05, 1.1528532553481308e-05, 2.2676730677437095e-05, 8.9976992231066455e-05, 4.5449392834039235e-06, 7.0646903245263593e-06, 2.3579607285844095e-05, 3.0146429878043616e-06, 3.3462597859188099e-05, 2.0468322885168132e-06, 6.7158701612001259e-06, 7.7764025728169737e-06, 0.092615514833887719, 7.024427453284617e-06, 7.5584603211989554e-05, 5.6530500653199317e-06, 2.9662746261476399e-06, 3.6378783604441801e-05, 0.0001554030637715104, 3.4561131966049254e-06, 2.366969956707703e-06, 2.7909100573270174e-05, 2.9530240804515139e-05, 3.5114873128329121e-05, 1.5639497677332126e-05, 8.3710595927734547e-06, 5.6064337652705326e-05, 3.8363874292887597e-05, 2.3958772007636963e-05, 0.00092431910300496052, 0.013243629329315252, 9.8765924997759006e-05, 3.4786274184285724e-05, 2.5933277757871459e-06, 0.00010984393443370126, 6.6784143103828681e-06, 8.4714443769698535e-06, 5.5640419426018123e-05, 2.686019369798797e-06, 1.1044888166270325e-05, 2.132549236572869e-05, 5.7540993413332259e-06, 1.5669063478297812e-05, 2.8150979626381355e-06, 0.00011434576345964258, 1.6375430558331706e-05, 0.001752508644697468, 1.9841187589510082e-06, 1.4187618017125955e-05, 1.8705673334935278e-05, 0.025578810622234133, 2.2427989360962622e-05, 0.00012263154165600163, 1.9733918364041627e-06, 0.0027551991550551205, 1.0804712389662389e-05, 1.2255416928126333e-05, 4.8642881118718662e-06, 1.5439115497083566e-05, 5.8380497224496572e-06, 0.00065284533183489917, 5.1432137585845418e-05, 0.0023104728683101096, 9.7833956100549565e-06, 3.2264633861559031e-06, 4.6102867028471405e-06, 1.0495749203711332e-05, 2.5470181832073058e-05, 0.0010905963183980738, 2.0591174217628801e-06, 1.5279012380041243e-06, 0.00018337653751184589, 2.7593876893349184e-05, 4.6741612845152012e-05, 6.4178006642524524e-05, 5.4654135809706833e-05, 0.0023991209705045038, 3.2311945368161732e-06, 0.0021457254102182385, 0.0014266042389538746, 9.863206588330085e-06, 3.3219812091186047e-05, 0.0034713615351543406, 0.068706736278975847, 2.6475476051675778e-05, 6.3595918616703564e-06, 6.5130636743986405e-06, 3.7942521347924416e-05, 2.9360996395355279e-05, 0.001772524433292463, 6.1253017837478613e-06, 1.0226857824178299e-05, 1.1332563393170113e-05, 3.9127046499621279e-06, 1.2657304044442098e-05, 0.027567143077984725, 2.2058434280561505e-05, 6.4514805061437273e-05, 2.1957217315622525e-05, 0.030947521765576729, 2.7727984484839932e-06, 5.2906817042647017e-06, 7.1371777046106596e-05, 1.2565977351200463e-05, 2.0716572288454057e-06, 9.5895911007052235e-06, 0.00011726417943135913, 9.290158329621072e-06, 3.1462825598570314e-05, 1.8948823962069942e-05, 8.9854684300809848e-05, 7.0860580959925454e-05, 5.4287414067687941e-06, 0.043494738062729923, 1.6741826438248715e-05, 1.9187741559863663e-05, 3.8323179697924256e-06, 9.4212118067399118e-05, 7.5431630711479305e-06, 0.0072265114167582448, 4.6480834885588086e-06, 4.7659975310054146e-05, 6.4684885415655917e-06, 1.425325256176192e-05, 1.5543683177221788e-05, 0.00015507657702214134, 2.901042042822983e-05, 0.010768010900890208, 2.1016215356443907e-05, 2.1727048703222774e-05, 0.00030948730498528567, 3.8685267718730946e-06, 0.00067192162991437459, 0.049077698181549861, 2.3686975096384655e-06, 3.3176413988217312e-05, 2.3019001342278794e-05, 3.5589170897422062e-05, 0.00056950033727018185, 0.0012373493678861729, 5.9240780501500692e-06, 2.3741525716757137e-05, 3.6795842815650649e-06, 0.00025240523974757903, 7.0580791388909098e-06, 6.7119796735679666e-06, 1.8347158525205613e-05, 4.2980558186884506e-06, 1.7538448519565835e-05, 1.6881374737335753e-05, 6.2270972640325391e-06, 3.0766961059299698e-05, 7.8104107203939109e-05, 0.0014645040056358804, 0.002365022422957554, 1.6734661884853294e-05, 0.00014652799522771212, 1.5818257646409411e-06, 7.2123803272480359e-06, 1.0664387631669257e-05, 0.004326852419490876, 2.2985865789763194e-05, 9.9630470749391372e-06, 5.8509671935076661e-06, 4.426110733793274e-06, 1.8707115901463359e-05, 1.819936576364225e-05, 4.113387709670433e-06, 0.1992543718559911, 2.0358894025240917e-05, 9.3927201996676978e-05, 0.028782741681042164, 1.9718582491500336e-05, 5.7589483183223987e-06, 2.3936988942404774e-06, 5.940410508469003e-05, 9.4862791742500341e-06, 2.0622006519378326e-05, 2.0174399719940829e-05, 0.011360531260687748, 4.4936334562279422e-05, 1.6373458643252025e-06, 0.00078397557110099377, 0.00099046219331040772, 5.5466847004748142e-06, 3.9016549461188566e-06, 3.4475874282978978e-05, 0.00034006621475108907, 0.00023931090889368808, 0.0025182812720001037, 4.73907508351444e-06, 2.231392330199268e-05, 1.0525889327412998e-05, 0.0021737251808144863, 7.7662562593348104e-05, 5.3644994031131565e-06, 0.00092437704994686846, 6.9237795065954986e-06, 0.086386165719150879, 7.4141184438964497e-06, 1.077091687646728e-05, 1.9564661032497282e-05, 3.4595479672784542e-06, 9.8234786733576826e-05, 2.8622694540001928e-06, 6.0635191414472371e-06, 0.017325593209947417, 1.8130386550032661e-06, 2.9973041051478581e-06, 1.0334571036028514e-05, 0.00012572558234067609, 0.0028271694937844205, 6.0731881244967707e-06, 5.1279589404689688e-05, 9.73901125366459e-06, 8.2638865310395718e-06, 0.076384864666415753, 2.0552184111334253e-06, 2.8140504621175742e-05, 1.2230000214088968e-05, 5.9118711397406792e-06, 6.293543806646874e-05, 1.4303785356641297e-05, 2.4155346629477198e-05, 8.4377965218612727e-05, 2.6465769964402259e-05, 1.7126771460365853e-05, 5.2022560872603514e-06, 1.1437223215733187e-05, 2.9678385105015347e-05, 6.0559426030312408e-05, 4.8319337502661658e-05, 1.1900248448931346e-05, 9.4801991347652069e-06, 2.3040963967700689e-05, 0.00015314406866862146, 6.3483761738250676e-06, 2.9579981965500917e-06, 0.00026363655620100808, 4.6700111668372754e-05, 9.1486186451297609e-06, 2.8632423129733558e-06, 5.8318118108848812e-05, 0.00015745339849914143, 0.00017892982340724368, 1.3468373843085637e-05, 0.00013786172499572215, 3.606046934528676e-05, 1.2522434314211809e-05, 1.0024189145383701e-05, 4.7459027186848964e-05, 2.3662617061619403e-05, 3.6869649228662532e-05, 5.5939208240537147e-06, 3.0564597631906637e-05, 0.080642719787183043, 0.00013971245944011552, 0.041698982839742375, 0.0011737810690638421, 4.3235308717657187e-06, 0.00042302399063001548, 6.1108310309075824e-06, 5.1277331696438318e-06, 4.0064514528221261e-06, 1.0551670233042117e-05, 0.0037441036637146847, 5.6387940447291495e-05, 2.853558535012313e-06, 6.9820195395588987e-06, 2.9307964341209526e-05, 0.0012876640064258499, 3.235556397677227e-05, 5.4204807071484891e-05, 0.0002763259710972476, 0.00063643110757212408, 1.048794301770727e-05, 0.003170629963157188, 1.6509395201104349e-05, 0.0096064300535186227, 9.5497317800198975e-06, 1.9280273382606499e-05, 3.7369050579014156e-06, 0.00023707954533286048, 5.4183894527421135e-06, 2.5171849867443693e-05, 0.00012472191424657707, 0.00012052081796868293, 3.2774885016135757e-05, 4.5208737649613175e-06, 0.10678490572275394, 0.00037928578371870353, 1.6746524972913067e-05, 1.4481480351921468e-05, 0.025140073384686358, 1.3289587062645295e-05, 0.025697984340008376, 0.017121727394410671, 1.6663796244937463e-05, 1.8416601505886798e-05, 2.9389376024432429e-05, 1.4300123330282751e-05, 2.5816407429572173e-06, 8.4241891166842735e-05, 9.4091865563066619e-06, 0.31297630639267687, 3.306741022697942e-06, 2.6385097467609591e-05, 0.0016097176915954008, 0.0024911678880560361, 5.5004850963704135e-05, 0.0055053328544458083, 1.0881557935547645e-05, 2.8981784414620638e-06, 7.2802194808745841e-06, 3.9969402103238994e-05, 5.9733962089241884e-06, 9.0801160376596609e-06, 5.1527848374468065e-06, 0.00011422625382049658, 2.3633707130023148e-05, 1.7747263288316155e-05, 0.0001266384174456934, 3.37717278184901e-05, 3.3177465635954461e-05, 0.014643581045217827, 2.1202899675828558e-05, 1.5784168899172531e-05, 0.0015302922793160936, 2.2544744866649236e-05, 0.00011442193152457817, 2.6680755423730929e-06, 7.4099746909947467e-06, 0.062485367179336594, 2.4271150177972788e-05, 3.8707397994921872e-06, 6.0103142197972188e-06, 4.3419565013830765e-05, 0.00015360897114366493, 0.00085183610375725444, 2.5639549139375543e-05, 0.0050955067466428054, 0.00010056576824534932, 0.0027458750813425291, 9.1363395518638619e-05, 2.1966286044748766e-06, 6.5219138081777336e-05, 0.0010228643521962338, 0.17226281696988732, 1.9643831624069035e-05, 0.00025818567446623646, 2.3509968573442226e-05, 7.3179660141825615e-05, 4.4937184003837551e-05, 0.0041973450351494215, 3.6489007286318243e-06, 2.6805288799183546e-06, 4.7464994251634936e-06, 4.0065834008700102e-06, 2.7767618586547721e-05, 0.00035897751163598755, 1.8409634678965574e-06, 2.7197100332223396e-06, 1.5381532450808589e-05, 0.00049798161502084164, 4.4492624011712305e-06, 4.5006797717399863e-05, 4.1377573317356777e-06, 0.00028591222552534383, 1.8612751896558095e-05, 6.0853545771974469e-06, 0.00013705541550960502, 0.21604986715600605, 3.6932753136813695e-05, 1.1915144287109664e-05, 4.0365774781133867e-06, 6.210500361888535e-06, 1.4217596025772988e-05, 9.5435711765835439e-06, 4.158307675133204e-06, 4.0590681054927687e-06, 1.1310625701297933e-05, 4.7299111267260578e-05, 8.8710231017198016e-05, 3.6346212594000781e-05, 9.0418976470891193e-05, 6.4041150134903537e-06, 3.8563012870166653e-06, 0.00021651536571760043, 4.348987349863423e-06, 0.0039835940960253457, 5.5536183576099468e-06, 1.7121275991386721e-05, 0.0018889071237473205, 0.0031738316071517067, 0.021790203345258767, 0.0044365730706294251, 4.1852555893541368e-05, 2.944922395754647e-05, 0.00015968214043506895, 5.7025522406076335e-05, 0.00036250848840593819, 0.00044197723416726189, 2.1683459880529768e-06, 2.3068485463027664e-05, 2.5762635443478206e-05, 0.00051699876047860951, 1.2716740331910027e-05, 3.3870859725947159e-06, 0.0037707922460400774, 8.8016406049651136e-06, 0.0026188618422319319, 1.2194165330471394e-05, 1.7882946197324169e-05, 0.00013044641943925979, 2.0044309375186346e-06, 1.1170463777099257e-05, 1.6218391122954464e-06, 6.4659452181639251e-06, 3.6733963139853885e-06, 0.0057787107382663823, 1.8508378838696002e-05, 0.0026417405282321508, 0.0011055536433861696, 3.1171162622441409e-05, 1.6315915407379156e-05, 1.8525141401175473e-05, 0.00015162199449846901, 0.0008287671102273328, 2.6845914171493423e-05, 6.8586898391305254e-06, 0.0061507562871961855, 0.00010976873156009478, 3.2246675969711394e-06, 0.0036412911025493679, 0.00082128186378584156, 2.8772689516941847e-06, 7.3888457766868256e-05, 1.0651287892982125e-05, 1.0489186620479462e-05, 1.5103345558266037e-05, 4.506815902758779e-06, 0.015032338070492724, 5.0335116235118871e-06, 0.0015632287012544779, 9.8397681897010323e-06, 2.2347162852818037e-06, 3.5026052910773891e-06, 4.1940076825928787e-06, 0.00039608960839067293, 0.00091155666357530299, 1.6895692768667529e-05, 2.161655157941457e-05, 0.058888410255562219, 0.0019225231735960082, 0.08191547174411247, 0.00031270587430547902, 3.9597659555617309e-05, 9.567774535423296e-06, 0.00068108616645473033, 8.5680358534584535e-06, 1.6871284948928876e-06, 5.2502269125142093e-05, 3.493235545996408e-06, 0.0021476422181742915, 4.0253248932316481e-05, 0.00014154658060893112, 4.6335468773313233e-05, 2.6220550950100503e-05, 7.9256535456173055e-06, 1.6873500434112527e-05, 7.9552646956670836e-06, 0.00054248548070703559, 0.00010402455789986424, 1.9012681569217074e-05, 4.1690271987022791e-05, 1.24293061317483e-05, 6.2587104053698115e-05, 8.8761456846740965e-06, 4.4313458206876122e-05, 8.6200501726925222e-06, 0.012425640436478765, 1.2884391087027779e-05, 7.7253305951942031e-05, 4.2301286464554328e-05, 4.0559179633092481e-05, 2.2654855109986733e-05, 0.00011512272996994156, 2.4667726141805701e-05, 7.8306229163952566e-06, 1.7479705017024019e-05, 8.832562279940007e-05, 2.4994242951940467e-06, 1.3739076936046431e-05, 0.00014009523079690472, 0.022472643991866551, 1.0185298959198219e-05, 3.4106210860417589e-05, 3.1451441617943882e-05, 0.00097701550705824513, 8.3722033991944316e-06, 4.1294643806727847e-06, 1.0850481180944339e-05, 8.2584212775354167e-06, 1.9345648016722786e-05, 2.3144693177505654e-05, 0.05065022932147617, 2.0593823166243615e-06, 5.325226557568138e-06, 1.0124369892896753e-05, 3.9856842562097612e-06, 0.00014780330613597145, 0.0002161855830112421, 0.0014206229524637431, 0.00010474134265453346, 3.6467692857786743e-05, 5.1712636311612512e-06, 4.0837911989177186e-05, 1.1071591595373598e-05, 1.1464838926601694e-05, 1.7168723232493549e-05, 4.4149859011789006e-06, 4.2580321516491e-06, 5.7093572473800048e-06, 1.7357107646965235e-05, 2.4143479062261204e-05, 0.00035329699884811854, 6.7056189549040643e-06, 7.5522322558274225e-06, 1.3141056626653678e-05, 1.2922796404731943e-05, 2.9045292557920718e-06, 0.0014798857857545333, 0.0014812378150808761, 4.6438503705498513e-06, 2.396107865234528e-05, 3.5466999842047535e-06, 3.6797996104647356e-06, 0.0001652371532433762, 0.0011584388029629827, 6.7888114598190244e-06, 1.6369076382933282e-05, 0.0034534083846383869, 8.0993587737338407e-06, 0.0001378222064310558, 0.00032761092456599792, 1.5839159908904767e-05, 0.3770840036405399, 3.0130714347356951e-05, 0.00012946385268065955, 1.101632456571718e-05, 7.0388368489633798e-06, 0.00034184044174886502, 3.024572873994657e-05, 5.7023429123954266e-06, 4.5181015023170208e-05, 3.3071967964220498e-05, 2.3766737791684936e-05, 0.00013228635540104679, 9.9473121087029737e-06, 8.1672568577848093e-05, 6.4895274912018583e-06, 1.3993667379440526e-05, 5.2959047256128202e-05, 5.4634221336728717e-06, 7.1222939709692102e-06, 0.00068871589465928894, 8.7826782198375314e-06, 2.7844403771680092e-06, 1.1160594712350146e-05, 3.0522607267088066e-05, 1.9685336671264257e-05, 9.6963950724921346e-06, 8.3157612039052919e-05, 1.6830230825743573e-05, 4.2695530767222183e-05, 8.5746115304194763e-06, 1.0521135404785527e-05, 3.6850820828232399e-06, 1.7042750054014305e-06, 0.0075959190483181746, 5.2601206960244923e-06, 2.3909632042608566e-05, 5.7151090416855484e-06, 5.6639766054230518e-05, 0.11210265123035344, 3.662821457826678e-06, 8.5174491851029009e-06, 1.0947624136848524e-05, 1.0703977576912609e-05, 2.1912009893644223e-05, 2.9733651400656149e-06, 4.8339686654647237e-06, 3.7924081492318893e-05, 2.9864494380175474e-06, 9.9017586864201276e-06, 9.5468934472583981e-06, 0.00022313365466745318, 1.6235121824801741e-05, 2.4053550472424999e-05, 1.4449297097782424e-05, 0.049618719635810681, 0.043545216044421652, 0.050572254235297286, 6.5952247950694517e-05, 1.0673133702685209e-05, 2.1860398689851638e-06, 2.8622750668093735e-06, 1.2842578691130231e-05, 0.00092237127261457356, 1.0311432585910799e-05, 0.00011411803464722158, 2.8054810559741235e-06, 3.5206049054280491e-06, 0.00048574481053738746, 0.17128417380712455, 6.9212266322842591e-05, 1.793088124570814e-05, 8.1262810740893859e-06, 0.00019321009912135804, 0.24663569592436471, 0.013205926642210073, 0.017474425985134906, 2.4559662179082542e-05, 0.00010122575267051411, 6.8370543645319244e-05, 2.6535687924080126e-05, 7.2704925815247388e-06, 0.00083754307832491822, 0.00036403793126144507, 6.2183686185360225e-05, 3.549918738500101e-05, 2.6114237745163594e-05, 1.9784142644194207e-06, 8.8407066443251707e-06, 0.0089291364797339876, 3.0523805949971168e-05, 6.0489256096542803e-06, 0.41613397829367615, 7.4835649489896506e-06, 0.021423664123683177, 6.6054403372520249e-06, 2.9385286747697742e-06, 2.6986496576178918e-05, 0.00016102203690960708, 0.00014366668147055422, 0.011386716959930442, 1.7656689740694943e-05, 1.7477961941480212e-05, 0.02065224420125384, 1.673476099970644e-05, 0.075779203128954559, 9.437619535594094e-06, 0.0026353352515959116, 4.2861191562637982e-06, 0.023018150277028221, 0.0081145209151744415, 0.00099819407311257805, 0.00057663132749015747, 1.7457257458127038e-05, 0.026968251862556185, 0.1322029999098002, 3.1397924317159353e-06, 1.8079928052480091e-05, 0.00066562787042578051, 0.0020465728358206405, 3.1014338234756472e-06, 0.01230666837322349, 2.4948034350481189e-05, 7.2121454828768001e-05, 1.2629908973271349e-05, 0.0002873645684096179, 1.8661879083602644e-05, 0.00079974902199414694, 1.0398826583418497e-05, 2.9083157312511302e-06, 0.0014560481299567274, 9.0999733809433588e-05, 3.3635254437694051e-05, 1.0543172981731824e-05, 0.00030154881251132011, 0.00033491361860090747, 5.069084112974988e-05, 3.2299922369420402e-06, 7.0277435601927973e-05, 0.0011253949427743933, 0.040239762155630951, 0.00031080787532519538, 5.6166581651594291e-06, 1.5840328307106714e-05, 0.00037112813769483191, 1.8665911619649125e-05, 7.7328189682925781e-05, 9.770939662273522e-05, 3.408175890489175e-05, 0.00051113583414222439, 0.00068354153076382294, 1.7257055613532525e-05, 1.7722477578061557e-05, 0.0020984763671248862, 2.3978963058308373e-05, 5.3704637401633325e-05, 1.2128237021243966e-05, 6.5675044142261912e-06, 0.00080246967057373835, 0.00021624943141697296, 5.9846097070362628e-05, 0.49025884289524518, 4.6507403237622702e-05, 8.0265007364649273e-05, 0.033738899406082948, 0.074760403362230804, 6.7385300131212031e-05, 0.00039733863381679469, 6.1070176752963499e-05, 0.0047581583875218785, 4.6372155006620538e-06, 3.4190897990207919e-05, 0.0002388507427841468, 5.7187685570900154e-06, 4.0598585487812604e-05, 3.1707109878721871e-05, 0.0001325576589909346, 3.7006271552506614e-05, 3.2291940561384412e-05, 0.0012325587132827173, 9.5348362306660848e-06, 0.00048780371948197701, 1.3004763751993892e-05, 1.0369527137282076e-05, 1.6749081348787615e-05, 4.7693877690090127e-05, 3.5062813632998992e-05, 0.037418772275013383, 1.9530653895547932e-05, 0.00015916469566585464, 0.00054401146077361453, 0.012862423966908253, 3.4201881237243815e-05, 0.00037209625354682008, 3.2173331965201064e-06, 2.0394030051723874e-06, 2.5964128304268758e-06, 3.1803299961827802e-06, 3.5651143865697765e-05, 5.3423886983692938e-06, 1.7719037220447415e-05, 2.1202246576596162e-05, 0.00023384783528153735, 0.011661215263964431, 3.7489222005527168e-06, 9.9768159418809423e-06, 0.0023647161939579484, 0.019492533669558221, 1.0860237870521296e-05, 2.7579316327585099e-05, 5.2237899909561394e-05, 7.6147237565112589e-05, 1.1835202755886192e-05, 2.3224551270783278e-05, 0.00010526338603914272, 0.012385203650393046, 0.00059523325951316847, 1.182047253997193e-05, 4.8162827624834263e-05, 2.6990872583277266e-06, 0.0016671548878237717, 2.0911062243719105e-06, 1.1086116016815465e-05, 3.1104075382506612e-05, 0.0014827781613634846, 0.2607067989423057, 0.25005266775919932, 0.00048854458374131238, 4.5996145879658117e-05, 2.068416716757458e-06, 2.8238038763802679e-06, 2.7608773026978926e-06, 2.1616870795895898e-06, 8.2935500660410358e-06, 0.0075119497537612847, 5.8681604586156595e-06, 3.3527916231340456e-06, 0.22645960980270669, 4.1617654874230612e-06, 1.0008680955136945e-05, 1.0655257052920555e-05, 6.6813216500770232e-05, 0.0043640772277641045, 2.8733112354321885e-05, 1.7921458863777206e-05, 3.3411341900896248e-06, 9.7318918481986301e-06, 0.0002716459712170857, 3.420724385160466e-05, 2.8039702952141914e-05, 2.5911228412269333e-05, 5.5889028334144358e-06, 0.015392473862625057, 8.7655398928717277e-05, 3.3045780007204794e-05, 2.3321262994601709e-05, 0.017583439561848956, 0.00040581755037068701, 3.8993489488209776e-05, 0.00014058384587459393, 0.24756401083118851, 3.4696613826841191e-05, 0.034548580474239178, 0.00020549182621565129, 0.020351526068959125, 2.3168661395355e-05, 2.0539418565399167e-06, 0.06647769368839522, 3.5599364270147618e-06, 0.0015800286578580977, 6.6952752656446493e-06, 1.5387316862459468e-05, 0.055560544874143122, 1.2250246769007848e-05, 3.277043312059361e-05, 9.7529939938047552e-06, 0.00016846653049483299, 9.7263368426847577e-05, 1.0738715416920213e-05, 1.1108789992073083e-05, 9.4845193265977634e-06, 1.3113793133637575e-05, 2.9992666843793497e-06, 6.9402367426049991e-05, 3.1516871476238278e-06, 3.4522871995817085e-05, 2.7277062649256601e-06, 1.9877355775205628e-05, 4.8823221425365744e-05, 9.6233338313748826e-05, 4.8540124038307435e-06, 2.1612622691471319e-05, 3.0825838474022483e-05, 0.0027810743916014298, 3.0473593506702779e-06, 0.00015627173387237886, 6.9377179261966756e-06, 3.4466559603023601e-06, 0.00015794402855832612, 7.3767668046793001e-05, 3.4187410275150336e-05, 2.8585896558631123e-05, 1.0551376909838846e-05, 0.020839394701349774, 0.00044514858703563931, 0.00011870939767056354, 0.0038794501001830697, 0.00045464690266878261, 0.0018422245739184214, 0.064556088808476644, 8.7335680062840541e-06, 1.0905646942591564e-05, 0.00030739043793441578, 0.01437033205021745, 1.6285632914659356e-05, 2.585963961368406e-05, 6.1148849601496751e-06, 0.0064346454938525666, 2.368526425589486e-05, 7.8758601561835495e-05, 1.3684609797620791e-05, 0.0015676033636604087, 4.32357904147588e-05, 2.9377157327581227e-05, 3.0946033381949519e-05, 0.00010113404576494919, 4.425250758040999e-06, 2.4181398547621117e-06, 0.0018042020822105335, 4.4790496446955791e-06, 5.051660024239032e-06, 0.00019615358847296674, 2.35791158288393e-05, 0.00016447287001170768, 0.00040385266090977245, 2.7993749676239267e-05, 4.0717420080935711e-06, 1.4058653389687788e-05, 4.5716299664548893e-05, 9.5182926952315545e-06, 7.8729571661914063e-06, 4.5926982803219816e-06, 8.5454044746058982e-06, 1.2365766984585167e-05, 1.09066616811453e-05, 0.0012818543309063876, 7.1186964505905447e-05, 4.1228005360027857e-05, 3.3126088569936048e-05, 8.4037724064861517e-05, 3.7148132016938326e-06, 0.0037135485828590289, 2.8460402823921472e-05, 2.2060763813200147e-05, 1.8572722100665925e-05, 2.2297619628004733e-06, 0.035734400900528693, 8.9839783940788182e-06, 1.4338925136832335e-06, 3.1816313342970656e-06, 2.8609722617866762e-06, 1.6785794787906847e-05, 1.5779414485509533e-05, 8.7526093492746533e-05, 2.5527816222741202e-06, 3.4165274206383127e-05, 0.45174750502331174, 6.121045560215166e-05, 0.0025618800075280787, 0.013010844438298702, 2.6618140848380917e-05, 8.6296694917581556e-06, 0.022975378575029966, 7.5698767065596987e-05, 2.1226759707507765e-05, 0.00011951989537033662, 0.00036682642495744158, 6.5584255039108692e-06, 5.7348728120487189e-05, 5.1481358944328915e-05, 3.2167685539273059e-06, 0.33886756851252925, 3.3893722865209641e-05, 0.059909205013873756, 0.051428292040069358, 0.034841798949436981, 0.051809381483601487, 0.053150455158228652, 0.0014671091706499064, 1.2327089274025159e-05, 4.5751040610158588e-06, 0.00028058599146770435, 0.043360061863766744, 6.1109688371579538e-06, 0.00024525017109358973, 2.0668768765367669e-06, 3.8197187675474967e-06, 2.9658124131686192e-05, 1.4668224611470836e-06, 2.7687926298758557e-06, 2.8694004229396857e-06, 1.6935332404720644e-05, 0.00023876510532106588, 1.0575523243828073e-05, 0.33992209021863007, 2.468933451837794e-05, 0.013524986817568394, 2.3488312231001802e-05, 5.1143929926519586e-05, 0.20658915316709295, 0.018046532255468574, 2.0670054191742064e-06, 9.0384575807511986e-06, 9.4246721503380497e-05, 0.02603673171596833, 3.4616247379204659e-06, 3.7341429717775558e-05, 2.7742688573739882e-06, 0.004249666030248179, 0.0031668613901994335, 3.785722932060807e-06, 2.666714568743767e-05, 3.1447699127133513e-06, 1.4582050942641334e-05, 0.017794328961365544, 3.3115472946477479e-06, 0.00089458604319742074, 5.4553017071025987e-05, 3.4186206998435402e-05, 0.1000775628469249, 1.515420637298026e-05, 0.0013052516366439488, 3.1467293512157371e-05, 0.00034013774557790986, 0.00015823369324862623, 0.0044842443109008243, 2.5919286673570261e-06, 1.0253079775539056e-05, 2.6913136692910112e-06, 2.1960034278831103e-06, 1.8364392073429023e-05, 5.9512273985083692e-06, 2.3389952832613279e-05, 1.036146743296865e-05, 0.00012348051047029717, 1.0442516274568389e-05, 1.7277031221123672e-05, 6.1518194796187633e-05, 1.4638715984327461e-05, 3.0928781070480504e-06, 2.1738708249056426e-05, 5.1627215627326536e-06, 7.1641942422143705e-06, 2.3484906852713857e-05, 0.00035294441108660871, 2.372145110905439e-05, 5.3885827701203942e-06, 0.00022397858030807839, 0.019924943996083536, 3.1930170929592071e-06, 0.00083112314820586546, 2.4575140144359748e-05, 0.00025797609270725668, 0.052408478776891892, 3.2239256353760249e-05, 4.0000502665640154e-06, 0.00094237522691001342, 1.1452488793484591e-05, 1.6848219492751013e-05, 0.049720395137694752, 0.0024018299323312876, 0.00018467148190848024, 5.2487393396663248e-05, 9.2748131163801866e-05, 0.00034889399941008043, 0.05420399610890117, 1.1714533587136122e-05, 3.3857279421339437e-05, 0.0017346944116699097, 2.8957498246712152e-05, 2.8767052425707402e-06, 0.0011144974987664109, 0.022899440382472633, 9.3854085965678359e-06, 3.0087272584197891e-05, 1.0158312038225238e-05, 6.0533696652347322e-06, 0.0020810799622967666, 2.9641462782109244e-06, 0.046608441868752612, 7.6803728793124932e-05, 7.7375016402841105e-05, 1.020584978704191e-05, 6.1147977875346957e-05, 3.4831384567213238e-06, 0.0136746278466324, 3.5052615947736828e-05, 5.7612533445111924e-06, 0.0015901531678159755, 5.738530791424161e-05, 0.00060897497523389025, 1.4393491805577246e-06, 0.00020846383575643128, 2.9044070437202231e-06, 2.46356176170396e-05, 3.9036195838485167e-06, 0.00042668281436417343, 0.34807801144928557, 0.012508786179342792, 1.0302477712410112e-05, 0.47440527953867495, 3.7327835282793782e-05, 0.00019480528340917852, 0.027545180199121649, 5.0140156228590268e-06, 2.1291538745116606e-05, 3.7517502507977335e-06, 9.2582883410910517e-06, 2.9471073336218411e-06, 4.8891811122464588e-05, 3.7599181617177552e-05, 0.00062785492033983576, 7.7609692540161768e-05, 0.038560513716236929, 0.00030062921620485855, 5.3541348529725013e-06, 9.7575384545188061e-06, 0.0014795883555498569, 1.2376589386602782e-05, 3.9371963504401978e-06, 0.00030098230413963165, 0.00017521960974132864, 1.7635251267326001e-06, 0.00078344990346182594, 0.019170266565113937, 4.8137005516316284e-06, 2.97115199748207e-06, 6.5104680494667086e-06, 0.014585500961541422, 0.00013661778740048922, 1.3912393796982307e-05, 0.0042148003835326157, 2.7289286091713528e-06, 2.3638075527466551e-05, 0.00086317069697440995, 1.1693904032936342e-05, 0.00021000398501470254, 8.0272324954020719e-06, 9.5226216922138536e-05, 2.0456809928029218e-05, 5.4764270166241341e-05, 3.5469645235999046e-06, 3.3188445163437452e-05, 8.6508102876702714e-05, 8.840540065665415e-06, 4.8114190850102141e-05, 4.1838145201325588e-05, 2.0788844178754544e-05, 1.3992492285684465e-05, 3.7370118545011623e-06, 2.2052553640730095e-05, 0.00061279714164931727, 1.1324509728008358e-05, 8.3109822421121517e-06, 2.3964257088250062e-05, 2.8480499962869072e-06, 4.548337699443823e-06, 1.5694245459348498e-05, 5.8990235072919422e-06, 0.049011083477166116, 0.00010714754885927442, 5.9774136193256441e-05, 1.1604665832644182e-05, 7.5164893192552566e-06, 0.00099020604210690822, 0.00075651684465571998, 1.3905393330872782e-05, 5.5010525091810949e-06, 0.0033165241564100984, 2.1640918535720062e-05, 0.051577345145783264, 0.0012938079592858661, 5.9059286210003693e-06, 0.0023530331367059877, 0.26903501332605595, 1.4629166276778609e-05, 2.4599573359120381e-05, 1.7814843705197299e-05, 3.3432002010630833e-05, 5.8126078806861423e-06, 0.0004259754691110003, 0.01846854929772784, 5.6490115100336485e-06, 2.3084434323706678e-06, 0.00014408993979105685, 3.7380913731708048e-06, 3.9278042165169594e-06, 2.2409966934823651e-05, 1.9829791836119934e-05, 0.00018848130833368535, 4.1523780212954114e-05, 1.4053167816813815e-05, 6.0603718047626941e-05, 0.00017632226295495896, 0.0019569413555934729, 0.015085671600761181, 3.2605139184052383e-05, 0.035791964975378107, 1.6931327380003072e-05, 2.0426152104532935e-05, 1.0882442710992874e-05, 0.00013897492187366558, 0.00012860262486185685, 4.0066579807297774e-05, 0.00076038627675287002, 0.02000169938461652, 0.0021534002671489776, 9.3861664907514018e-05, 2.1143825140462073e-06, 0.029028176348516444, 3.1702782353821303e-05, 8.6029096566571575e-06, 7.8166769658211157e-05, 0.043659232143784012, 0.00099210664759803008, 2.7133130114813877e-06, 0.00043233577886574122, 5.5254678066281065e-05, 0.000211784981205892, 5.8287621060633117e-05, 0.00033632241479441595, 2.3403019166509115e-05, 1.4430127975335548e-05, 0.00014190847274190877, 0.00022702562393095673, 0.4895641304612483, 2.6983020676720169e-06, 9.438832842758466e-06, 3.3940534024096452e-05, 0.0013652802983861322, 1.5370205404323016e-05, 4.8099356732172903e-05, 9.0005420913969657e-05, 1.9952546467656013e-05, 2.792194308516241e-06, 0.027636732001774748, 1.0426383034107412e-05, 0.012959625619234194, 0.020780270777981971, 0.015742132658393315, 0.0031628629466489695, 0.35144841889098588, 0.001044439694399296, 4.163056271330615e-06, 0.00026723064383227924, 0.019218741867310297, 0.00025284038264689138, 0.0012840960664044162, 3.2488148835151447e-06, 2.9996401416232281e-05, 2.2902320894340934e-05, 0.0082608975914961833, 2.0686270345634342e-05, 0.037876153633244168, 5.7974998260503669e-05, 3.2098812785291534e-05, 0.0019203732916427628, 4.0093424571634737e-05, 1.2863959952330493e-05, 3.1750429428865798e-05, 3.0458560760063586e-05, 0.00059560238725818058, 3.7012538110339396e-06, 9.7176528205393784e-06, 0.00020943538627038729, 2.2677174542687849e-05, 2.7933294862826884e-06, 1.5913464640431089e-05, 0.0001605004840092011, 9.1043564226658087e-06, 1.0066661243787249e-05, 0.00011044887373779716, 6.0948646776264812e-06, 3.1516744752815931e-05, 1.3349930111775672e-05, 2.8349301289460803e-05, 1.134868452856551e-05, 5.3081479462734803e-05, 0.0028656318184361773, 1.0539828464332162e-05, 1.0483182712296804e-05, 1.8833200744056209e-05, 0.012541956318219864, 2.2992957743842068e-05, 9.0355725818374178e-05, 0.03201096001844627, 0.003254977585665615, 2.5208851455825791e-05, 1.1461936416502312e-05, 3.474051727913488e-05, 3.3149537511896969e-06, 0.0030467399195019929, 2.8968782079008262e-05, 1.0638915739471042e-05, 0.024376252092856137, 2.4161928454788604e-06, 2.0753813719071849e-05, 0.0017158393050620889, 5.2942446486500167e-06, 0.00049155876259216749, 4.4562547330130177e-05, 0.0063745683200250348, 0.0019105339677936985, 4.2045925249996318e-06, 1.618072115509239e-05, 6.8654899431588992e-05, 1.4490773354483813e-05, 1.1384611306414034e-05, 1.8551637617137639e-05, 0.0014011838489592626, 2.2707471420951376e-05, 4.3006030623714903e-05, 3.0831500996853991e-05, 8.5250971892252724e-05, 0.013971412844996632, 3.6223667239636714e-06, 7.269408270471026e-05, 0.4508725382168105, 0.012280496452886234, 0.0013353404151573637, 0.00010330607571271823, 0.0031289773601110554, 0.0026145497783919311, 5.8021670332184687e-06, 6.0190125833799145e-06, 3.6411583047778712e-05, 2.9677717523194663e-06, 3.9809026110607379e-06, 2.8088924142862231e-05, 5.1207346951600512e-05, 0.013578301693366527, 0.024491179747535754, 0.040377876290973759, 1.0421290265804537e-05, 1.2832708837349799e-05, 0.0061945045109377764, 0.00029179415986596747, 0.0039916125473695779, 0.00032910140499245997, 0.024387176952127661, 0.0001423789474375575, 8.136316791351366e-05, 0.00015220934958246125, 2.1296449561994061e-05, 0.032829131331209301, 0.003253105733218486, 6.7875705600575415e-05, 0.043863918139035361, 2.9370694147809618e-05, 8.1490898527288961e-06, 0.0037026543156281591, 0.00019272037665880447, 1.4756152610488978e-05, 2.7433129067465393e-06, 3.0949053567087748e-05, 0.00048481629697951959, 0.0015983728630147938, 1.5121232559693364e-05, 0.00037823862572220802, 0.0046592964773836823, 1.4703860472239259e-05, 5.1348603487988698e-05, 0.0032988553481614153, 0.018499986837896647, 8.2945325428514922e-06, 0.00080289359745791392, 0.0053660393971493052, 8.9445993098408147e-06, 0.0014197744504791288, 0.022998047676271109, 2.0101996317131148e-06, 0.00031131780987999719, 7.7383053651239133e-05, 3.9158894684596649e-06, 0.010676280674986525, 2.7920521624736407e-06, 0.00041023537124027686, 1.0284291797471768e-05, 1.068423938873983e-05, 4.9041513450486421e-06, 1.3961047182034457e-05, 1.8614477425328707e-05, 1.1208716198667074e-05, 0.003439200498436332, 1.7310082738900809e-05, 2.4092439740155149e-06, 4.1858288940468831e-06, 2.9302348904201322e-06, 3.5959507120878492e-05, 2.3084405556168673e-05, 4.2603334060438746e-06, 4.4589839089650324e-05, 0.00010388198562243666, 4.3538247413929627e-06, 1.9809110375503397e-05, 0.0011753168751456487, 1.9584723243608331e-05, 1.4334652307078216e-05, 4.1736310742824948e-06, 3.7745830320475979e-06, 2.6543227342693008e-06, 2.5329045210458838e-05, 2.0624293501260257e-05, 0.011384959595496576, 2.0024919218746209e-06, 1.618454388082997e-05, 1.7523729557958823e-05, 0.00033587519114691212, 0.024037656629182717, 7.2948640351754437e-06, 1.249015477612653e-05, 1.894600703137426e-05, 1.350971324993366e-05, 8.35204563926922e-06, 1.0456523284533465e-05, 0.00010536172375911347, 5.3589278720483709e-05, 6.0869091370185448e-05, 0.00012606118084893764, 0.00027787892150827676, 2.6325288041972377e-05, 3.0622013740285041e-06, 7.9955254752980998e-06, 0.00010072692391320534, 0.091834889538116873, 1.781195068620969e-05, 0.038634596261082996, 0.020494029307216801, 1.3762219869457122e-05, 6.9691450331972199e-06, 0.00036140161630354023, 3.6652120354758922e-05, 9.4000864136673931e-06, 3.4223749157854357e-05, 4.5373789700760202e-05, 5.7888671431144101e-06, 2.1145937061403751e-05, 2.5461545351087879e-05, 0.0063358398426891409, 1.2123412967152247e-05, 5.5225472622437105e-05, 0.027655113521397864, 1.9449259533203843e-05, 5.8122018361706537e-06, 5.7571380608087732e-05, 1.7054680443495761e-05, 1.0054008673349664e-05, 0.0029192612453499563, 3.4783442092946963e-05, 2.0626364416616094e-05, 0.00010908137872555777, 0.00013362625376969907, 0.20637664625620483, 9.7616434801157716e-06, 2.7694521906516139e-06, 0.0031248909797305666, 1.7476048496330544e-05, 3.9336284065023785e-06, 1.2296381981637676e-05, 1.8422691264775575e-05, 0.0090619258579739716, 9.5003946692485751e-06, 7.7206137356073241e-06, 1.6941842577352259e-05, 6.4524440112853653e-05, 5.6979121561327198e-05, 0.045504767555196994, 0.0003248303614698017, 6.1923755265746005e-05, 0.0003623026869332174, 3.7510141031837398e-05, 2.9228830844721546e-05, 0.035089639481324486, 0.0027717229577384982, 0.40966748952867049, 1.5524101082464867e-05, 8.6900203632970994e-06, 0.011597584796493846, 7.5853203264957763e-06, 0.0010513016393393641, 0.0036916872751772559, 0.00012691059318486038, 0.00024540466843286034, 0.11769861375916039, 1.0922103769628169e-05, 3.9633458713244653e-05, 0.00031500123522055845, 0.041409396464489816, 0.00066631337203656754, 8.5463114448136567e-06, 3.4673036484961589e-05, 9.552070977498382e-06, 0.00084939971762377359, 0.0004360067168750969, 6.9796251105854928e-06, 5.9136951110402971e-05, 3.6455638102468253e-05, 0.0016413777033399629, 0.018406340335056313, 4.1913060736655641e-06, 2.3100173516184445e-05, 5.2270012352558781e-05, 0.090980855916672362, 1.9501918520949298e-05, 9.3578826448840211e-06, 3.4585044940101237e-05, 0.00010860120720956527, 1.615346126274193e-05, 3.8914397573559259e-05, 8.0797999785166134e-05, 7.9990210639583587e-05, 0.00065702385289995006, 1.0999550868369633e-05, 8.8109137911528652e-05, 0.021386406610333763, 0.00029563749927419476, 1.4410546557873671e-05, 4.3125059143401971e-06, 0.036486738810870771, 7.0368646366135367e-05, 0.0020699099012830356, 0.0002015991617213484, 0.03209512502463089, 3.7187641888127925e-06, 1.1018335715875071e-05, 2.3485328794092025e-06, 3.2255740885775711e-06, 0.033508128860520334, 0.0040003019861870924, 1.6331761111824831e-05, 3.4289405883449886e-06, 0.017755085848202765, 2.2251797072892153e-05, 3.6595497112855859e-06, 2.2289960414426162e-05, 0.02583598422752276, 6.358068984787137e-05, 3.2722320496079392e-05, 0.0042852913931940573, 0.00011274744788965257, 1.4221080296631509e-05, 2.2250230931119959e-05, 2.6327566641705421e-05, 0.0025571332850535355, 0.0032226099143393256, 0.00019538520627118225, 4.7424427226166852e-06, 1.7703299658037465e-05, 8.9656988521501282e-06, 0.049378762853252489, 0.00055891094691555283, 4.1078696645184351e-05, 6.5791297670916705e-05, 0.00024677708500658543, 9.9146429968496448e-06, 4.0786323142722215e-06, 0.0013896293306450015, 6.0680060781950518e-06, 1.8715170938033262e-05, 0.00056917752701094425, 1.3593746484978684e-05, 8.8021932684684676e-06, 0.22691733926342594, 6.6541183346623513e-05, 2.2711447031781411e-05, 5.1899540628167014e-06, 5.3831445429228394e-05, 0.00036705347514431696, 0.01237549672013958, 3.7656218386568645e-06, 0.00012446007119922082, 4.2948126231582669e-06, 0.0093575192743428418, 9.6558655472297959e-05, 5.9607547820544585e-06, 8.649597453479896e-05, 1.0445814208773714e-05, 2.8171483486236853e-06, 1.5058476518966993e-05, 1.0078419578495278e-05, 2.5946432549813057e-05, 5.0003501546661379e-06, 6.3344637409423903e-05, 0.0013222321349981145, 0.00097247173550334555, 1.0063270909627386e-05, 1.562321826520348e-05, 2.4631662792400226e-05, 3.2131970196219954e-05, 0.0003033484744262858, 3.5410238950375398e-05, 2.428512973723423e-05, 1.2022759573508752e-05, 0.00012357008886237369, 0.00040685005646313982, 1.5755230395924358e-06, 0.00035373548203655828, 2.7983153694451923e-05, 0.0022525004330814806, 1.5536162617316205e-06, 2.2037347820181093e-05, 0.0008331792256457075, 0.15046972206371542, 3.4771941320149178e-06, 2.8712566190746945e-05, 0.01365001819716709, 6.4168922473126667e-05, 0.0061676035284371098, 0.0027018908549379028, 9.6180674664041082e-05, 1.3059712733214199e-05, 0.00011369371643928868, 1.1717563550301927e-05, 2.7269274995858338e-06, 2.4074810815234022e-05, 0.00012633644909881473, 2.1417456527478715e-05, 0.00050304736805581267, 0.00074925338905614371, 6.3593449013618656e-06, 9.4529554615333913e-05, 1.4763468031711715e-05, 0.0032569662512432641, 0.00075244101430108382, 0.00017755462319970027, 1.5787362581871025e-05, 9.0192944296733682e-05, 0.00020819724778093165, 4.5853494003509956e-06, 5.5931052737076755e-06, 1.0507775462895751e-05, 3.2299275611103659e-05, 2.6246318789063689e-06, 2.8499878168154191e-05, 2.8507096218421709e-05, 0.00011634906876002169, 3.2175499598775926e-05, 4.8307997394160227e-05, 1.7379843676235381e-05, 4.8551617022893887e-06, 4.8834310997009023e-05, 0.00011762768897264627, 0.00016758648078317887, 2.7925749808227557e-06, 6.4178818048618599e-06, 1.04679599268233e-05, 0.0022626646174013962, 2.9605205700255913e-05, 2.6649744829631638e-05, 5.9540887502217336e-05, 0.0043957337930393831, 1.388045416744016e-05, 1.6986201186265177e-05, 4.5169367663903116e-06, 0.0059309945110289112, 1.6989767563164967e-05, 1.7534340748343324e-05, 9.5918633375233841e-06, 0.00034254524281361961, 0.00082855306089336532, 1.2288083533700429e-05, 2.3420076266511758e-06, 6.3152143813529954e-05, 3.1884544220268617e-05, 3.0623174910066121e-05, 0.15591896655344947, 0.015772361534597136, 2.698380613325243e-06, 4.1974836242769907e-06, 2.8088028414320691e-06, 0.00011690953313836107, 5.6292742086066705e-06, 2.8336933463686527e-05, 9.3308043300509332e-05, 9.9779177003039214e-06, 1.6413389199564009e-05, 0.017216468798898911, 1.9367203028159544e-05, 9.8413731144847443e-06, 6.6826430722292916e-06, 4.4676901685744012e-05, 1.9739367153613378e-05, 2.7779234710543155e-05, 5.6005897310037273e-06, 1.7580844540442877e-05, 0.007118964348304866, 0.0012105350572034731, 2.4123095031266713e-05, 0.0026353635964730172, 0.0032518910968780596, 3.9914288588908227e-06, 0.00026485399644079626, 0.00014409146415816253, 3.3761655360076393e-06, 5.8499577629159643e-06, 1.3237227650978908e-05, 1.7188689478058165e-05, 2.6756425318438623e-05, 2.7851898201889713e-06, 0.0036542591013454932, 9.7476243270651185e-06, 0.0096843273839044217, 8.5468756137871922e-05, 1.8900917956685818e-05, 1.0048160464374767e-05, 0.0040603611604257588, 1.1728286253262862e-05, 1.4220009990706224e-05, 3.4027484867958014e-06, 1.2034192573142479e-05, 0.31535026430027518, 2.0694749072298566e-05, 8.5517322970684161e-05, 6.1674859524790671e-06, 0.37552915416522875, 8.1838268591438205e-05, 7.9131321862610727e-06, 3.7854699067573984e-05, 0.00057547596137774932, 0.00071759013161843538, 7.3111877715628095e-05, 5.846168873605948e-06, 1.4797211093857406e-05, 8.9134218992237183e-06, 0.0016496810458439147, 6.7450827411685248e-06, 2.3926801013504968e-06, 6.5303295641014241e-05, 3.3692325927821985e-05, 0.00023134899317247545, 0.00030353009740335458, 3.1723512568276568e-06, 0.0044602232473442511, 1.0478694476060748e-05, 0.00011746375269229378, 5.8317653942973969e-06, 0.00012949225216306296, 7.5750509380162463e-06, 2.6062859120946552e-05, 5.4261235993308513e-06, 0.0026204805993915096, 0.026622942499000914, 1.9600487854201547e-05, 0.002948695902330272, 1.7024107412013191e-05, 0.0029728312093346343, 1.6048815432893182e-06, 0.0030837128344358643, 3.6435596623376474e-06, 3.3699019714419865e-05, 0.036992604473525703, 8.5630505864388537e-05, 0.036899348977021428, 3.2820961782787617e-06, 0.084845034191799201, 2.6493360264148062e-06, 3.927896839272738e-06, 0.013221562997549492, 1.2071414746239621e-05, 0.00010350515876600075, 0.019681793198255797, 1.0577821531816685e-05, 1.5923338958622512e-05, 0.0055037687227204955, 1.6673718461897791e-05, 1.8717113363439981e-06, 6.5834003285385798e-06, 2.0282169935461067e-06, 0.0039803290014644721, 5.6662117982308977e-06, 0.00030001215761615608, 2.8686088519288978e-05, 3.1596282712727747e-05, 1.0234818054706128e-05, 0.0047447434960222251, 0.00019687358121655256, 3.5558358053099872e-05, 5.1646734898655149e-06, 3.8046285123322e-06, 2.2391484692303586e-05, 0.00041118031213849293, 0.0038835214593439518, 1.5099294422618016e-06, 8.4855852494488206e-06, 0.0015374954838740793, 3.9294920767495168e-05, 0.0020669471911428741, 1.5863358980160295e-05, 3.0221038678850152e-05, 0.00031177186215680441, 1.5449075090749334e-05, 2.3024836104482168e-06, 2.0609779088838223e-06, 0.10743265837783793, 2.8127795325876506e-06, 1.0922619962953162e-05, 0.010583213791817658, 2.7237498729313249e-05, 5.1301412530357345e-06, 2.8734178660642097e-05, 0.028312161964797532, 7.2767048967839621e-06, 9.807129449957448e-06, 5.8666804541380305e-06, 3.4514406873617035e-05, 3.2697860195109467e-05, 1.8732213912291671e-05, 1.7636295842569272e-05, 8.3469338148524596e-06, 3.8582764804903501e-06, 5.5843348552522565e-05, 1.4434909380918567e-06, 7.9157913447189024e-05, 1.7051793907611167e-05, 0.031374642449671891, 0.050316695049278944, 4.0769407437745159e-06, 3.8091407116927598e-05, 1.8971383006813668e-05, 0.025912209059870291, 2.0283149590575023e-05, 0.016433710164708265, 0.00014611832365333651, 0.013563580313267721, 4.3851518753610427e-06, 5.7756184667274015e-06, 2.2711316339362095e-05, 0.17308849481664912, 8.2643123391041255e-05, 6.5274917005536445e-05, 1.9829288742362e-05, 0.024818737052050885, 7.2298678799757871e-06, 1.5165179324704196e-05, 9.5905481852021809e-05, 3.3165267970841689e-05, 0.0032112216999210749, 0.0012122097476696219, 7.5552730266530282e-05, 2.230679396668109e-06, 0.0016592307116082749, 3.9415675816880086e-05, 0.00013731764972781053, 0.00038067386739120421, 1.3415106494987627e-05, 0.0028733674355608482, 0.23216949062072231, 5.2817132317690161e-06, 1.0173951814928288e-05, 5.829176484934716e-06, 0.012786481747431135, 6.1304697996349565e-06, 0.0010134275400155459, 3.7808682508769416e-06, 1.6650543068938097e-06, 3.8097628256614794e-06, 2.8515946401316043e-06, 9.4824778833828266e-05, 4.4277362336194322e-06, 3.7343445357074727e-06, 3.7638967757331528e-05, 5.8702653155849542e-06, 2.3459948094091243e-06, 4.9888468340315696e-06, 2.2893516979938726e-05, 0.00039390648643026956, 0.18735633652412989, 3.4242672072428534e-05, 0.0011419026365521731, 0.0049706429887814629, 5.3263135962675758e-05, 2.4505308420790243e-05, 8.1772671820385953e-06, 0.00020133943619730164, 5.0435475540282398e-05, 1.1246246532993256e-05, 0.070963819092806593, 4.7246102704341249e-05, 0.00033119690191946226, 0.033074034675180955, 0.0020402084250478684, 2.5895990353597702e-06, 0.0013933468671461552, 3.8536355295557052e-05, 0.00053429176610353824, 6.6911713807556808e-06, 0.013525314201909827, 2.5905171079117337e-05, 0.00036707557355237814, 2.939207437555707e-05, 0.00030718979566968598, 0.051555346646208526, 0.0071098897103167137, 0.0035106202939211013, 7.5382816003276564e-05, 1.1486381076138267e-05, 3.0739027726983819e-06, 5.1828430780508127e-05, 4.4932636274697754e-05, 0.069279193362327185, 0.030614146455280149, 5.9069078009678964e-05, 2.467623222991893e-06, 3.3902512408864242e-05, 0.0001115849541180581, 5.9275011450443313e-05, 0.26580602641785667, 7.3379542507015836e-05, 3.3486059493413909e-05, 0.00048192638145268637, 3.6623858551407713e-06, 5.8386496600351007e-06, 0.00023257875372100043, 7.0556672800986452e-05, 3.0130086840606204e-06, 0.051429627863842677, 0.0078695680682270772, 3.0780106043323455e-05, 5.4718552627511317e-06, 0.00016603092252123582, 2.9791475357252865e-06, 0.046032895307185864, 0.06158595214471678, 0.0025312865329773096, 3.9510312865406825e-06, 1.1944912748511668e-05, 8.5210286125864503e-06, 0.31084111547193916, 1.2534315551136687e-05, 0.00071545520492147967, 5.1070976085136835e-06, 5.6736643033573444e-05, 3.2411140600444968e-05, 4.8079971992775748e-05, 0.00046562040552646145, 0.00015499191951872935, 4.6234332053855395e-06, 1.1083246457770359e-05, 2.8030981259043383e-06, 6.1175898636241141e-06, 2.4134594948857479e-05, 1.9074327479805945e-05, 4.1227126948962834e-05, 0.036303661160301315, 0.00011919958925305897, 4.8659266274309069e-05, 5.9509149320972102e-06, 0.0079792899997347816, 8.573156829847378e-06, 6.5847307752816573e-06, 2.9448831016526836e-05, 2.0191251026758007e-06, 0.0037938722606516615, 0.11003679030138956, 1.512209638512513e-05, 6.4514756165476649e-06, 0.048212690800312402, 4.2524609351253658e-06, 1.1168283381394816e-05, 0.0050042809771866674, 7.858642542832685e-06, 3.674511033181624e-06, 6.7366772678858117e-05, 1.5345466363587898e-05, 0.00011909761156725462, 0.21099520940575986, 0.42711118801310866, 3.4532959841897632e-06, 0.00091845226619221003, 0.00015092879273330973, 0.010800985602521442, 0.0012062866670579841, 0.0088770405462038193, 1.2006003721643339e-05, 0.37596158327561813, 0.001367400749290448, 7.8482697266318514e-06, 4.3632264602030396e-06, 0.0001072240532111107, 1.9878215359792796e-05, 1.2968982862495882e-05, 0.00074502492393725282, 7.8697495757468344e-05, 0.00052372551322132097, 0.025804036297624511, 7.1306604097606161e-06, 9.6780804402547358e-05, 0.00018172026488080727, 3.2521070564515598e-05, 4.7082603557182075e-06, 1.0481878807527126e-05, 8.7149885109686843e-06, 5.2628368097977677e-06, 2.2669905631954045e-05, 1.7539875788658191e-05, 2.7678075684044281e-06, 9.6196689166398714e-06, 0.02729763578996685, 5.2077957300892916e-06, 2.0937870334432673e-05, 5.7170711056004553e-06, 2.2808114177877733e-05, 1.6862237213612514e-05, 2.2914342704253177e-05, 2.8248453825745057e-06, 6.7564675840598409e-06, 2.436464111516988e-05, 0.19300343322691299, 0.00179981989668679, 2.1120189978838157e-05, 0.00040173577838280148, 0.00010498363354535655, 0.00013384706411460269, 2.7984535607424071e-06, 0.00029873781819477943, 2.7981138860007849e-06, 1.067702701609852e-05, 0.052419787777052418, 1.8026137504670112e-05, 6.6572250998561235e-05, 5.6550108275228544e-06, 5.5920035965930551e-06, 0.00205600953415768, 4.9502240338511586e-05, 0.028488881611837016, 7.1123559754871354e-06, 4.2734837059063628e-06, 1.7757963916650294e-06, 5.8888158168822526e-06, 6.4633062497462171e-06, 1.6535961752264898e-05, 2.1840877254290415e-06, 5.9544585598943087e-05, 0.0047772964906480598, 0.00021064541960069626, 0.032325552882142256, 5.8076766349831808e-06, 4.0194238890881877e-06, 1.0489052475902935e-05, 0.076142382265470654, 0.0001158479613306802, 2.5107344985069284e-06, 8.8520099524680702e-06, 0.0004653033495575592, 1.9831699986954413e-06, 2.2040035476489516e-05, 0.0033946338370195624, 0.033362344889199119, 5.7635206708392646e-06, 4.9691773830608039e-06, 0.00013593112030898223, 0.00040926126266584953, 4.6046462969435988e-05, 5.9654205282002899e-05, 2.8173755907338686e-06, 1.0270853738943501e-05, 0.030278215287934337, 2.5829743306030966e-05, 4.8838758673134689e-06, 3.5525740631256542e-05, 1.0349806604384268e-05, 2.0788490120150646e-05, 0.0097987214305707785, 0.00018493366076020607, 0.0323338639113755, 4.1924452116379849e-06, 5.6251951814984291e-06, 5.605533333639418e-06, 0.0020818495634246964, 0.0046852005606719772, 0.00013741007325504886, 1.7817458605309316e-05, 1.5030757044859047e-05, 1.4378855726695872e-05, 7.0566557229848493e-06, 0.32398716138762756, 4.7951230435018339e-05, 5.2411568914553347e-06, 0.0080506774730833251, 0.003775378458305517, 8.7498494971789177e-05, 7.0875177319356032e-05, 8.1310764539511987e-05, 0.00020685240559724396, 0.0090786240142200301, 2.4082879367694407e-06, 0.0012065162747983372, 0.00014533992019082366, 1.0674638738239122e-05, 0.00092593073434283973, 0.029384785976566952, 3.8282088328537786e-06, 2.6083848152808121e-06, 0.040831616636367717, 0.00052397164525155241, 0.0069974477594037625, 1.4360582140156094e-05, 5.7721232929437874e-06, 4.3156958877783979e-06, 2.0508473372260748e-06, 0.0028478521274296763, 0.0018101078640261191, 0.10073959116322651, 6.402952599465681e-06, 7.023385911357075e-06, 1.1034167202295147e-05, 0.00085783771683724339, 1.2604360629371224e-05, 5.6835064145191478e-06, 0.00041437833529960863, 1.5418041561402019e-05, 1.608040572587595e-05, 0.00014950981581055223, 2.3926358035611308e-05, 0.0088109173331798497, 3.5273402853838792e-06, 0.0090324114558272064, 4.5370679481684633e-06, 2.3368982753121259e-05, 0.40426909788206578, 4.3874572412828793e-05, 1.7289251428777656e-05, 2.2825662146639564e-05, 0.0014293382344608696, 2.0385670431346519e-05, 1.0264808343843676e-05, 0.0052001900292979091, 8.627520798091905e-06, 0.02300769401815116, 0.016448690351257362, 8.0364561208884016e-05, 0.0031266189718532483, 4.4126342473783508e-05, 3.3833387745040062e-05, 1.4347416808810756e-05, 0.00019343910494707265, 1.5220410275340018e-06, 1.7843235828236268e-05, 3.5503246143824726e-05, 1.0502302251911285e-05, 9.2999143372004083e-06, 1.155332220109632e-05, 2.4873099911301028e-05, 0.037769719805028593, 6.4502029069147521e-05, 0.00016378673269103856, 3.9070295650911173e-05, 4.5942165175597322e-05, 8.9316428516585443e-06, 6.7014637767916743e-06, 0.045257528918175985, 0.00020101605726731059, 0.00013454474996785963, 4.0072587581357449e-05, 3.3224788953540697e-06, 8.4498208023399057e-06, 2.7435545970105992e-06, 5.2434367884872639e-06, 0.069286131173140725, 0.00042544196447152319, 2.5326597817818699e-06, 0.00030951916281387454, 0.48598762196938716, 0.0017381989567990977, 1.6471731250303133e-05, 0.056436363339792406, 1.1460797384548244e-05, 2.0581820717659193e-06, 0.053863991967483774, 1.7600830481553621e-05, 5.7120634075378581e-06, 8.0279885533145782e-06, 3.2857033648261302e-05, 8.8828621756579718e-05, 0.00010035242256405055, 1.6308054316136584e-05, 1.1069578495955234e-05, 0.00030126314198719145, 2.9200032421417837e-06, 7.8340249004632711e-06, 1.1227579565751844e-05, 0.00050205308466283449, 1.0908325403743013e-05, 3.7707355839047996e-05, 2.7830535313431379e-06, 8.4064382052572728e-06, 1.8695322163359856e-05, 2.7527663359284803e-05, 2.5537497788328068e-05, 6.585700162019957e-05, 0.0031988238920046953, 7.352181575755059e-06, 3.0261170862375649e-06, 0.0022099875213750764, 0.00028265002358045737, 5.3342336000511402e-05, 0.0038246646541853554, 8.2998239889598322e-06, 1.4714045301312335e-05, 0.0011003567422868488, 6.2412556797404784e-05, 1.7302723688831685e-05, 4.0419079959454045e-06, 0.00038271457409260433, 0.01553309339820649, 2.4065806229661738e-06, 1.3603110091289148e-05, 0.00010094294117042276, 0.0081792056255901874, 2.7651257672659824e-05, 1.8563040437167068e-06, 3.5112598756435721e-05, 0.00010048165836278553, 2.1734126437611031e-05, 0.19735919325049964, 2.7995297090157084e-06, 0.041243423125684145, 4.6208153894259907e-05, 0.02795964207933508, 3.2553920877383481e-05, 0.048950006442235239, 3.9713173217791128e-06, 0.0011027063212317543, 1.0890101873713242e-05, 8.6380298973267011e-06, 9.034374454632378e-06, 1.7117971111590914e-05, 0.042197114048019534, 9.1370378348804592e-06, 3.9539058344029845e-05, 1.1731293538465116e-05, 9.5277581402237256e-05, 9.1821923900735458e-06, 2.9797170964325053e-05, 0.0018015461077575234, 0.0024158249752420672, 2.2889912577489027e-05, 0.062377062478488302, 2.2938181132105168e-06, 2.1992175499243056e-05, 1.204804930199e-05, 3.3196307715331643e-06, 8.8068472029106053e-06, 0.0016163392050229923, 5.9191354822670351e-06, 2.0307029357209491e-05, 3.533599089171569e-06, 0.052646405559317565, 3.7883012954994685e-05, 4.0541443518453988e-05, 0.00010561102351773021, 8.382348128119487e-06, 3.9986788178417365e-06, 8.1552187975555133e-05, 5.9764967688910715e-06, 2.9794532494888368e-06, 9.6606419002576541e-06, 0.35807892921879048, 6.3077455241174726e-06, 0.0014780149584136264, 1.7249870257555533e-05, 0.00020721089265696421, 0.00067192301045293219, 5.3424071654914934e-05, 1.064403742278176e-05, 1.2203742268007164e-05, 1.7015923080785639e-05, 2.3918573732954145e-05, 0.025830908084227631, 2.649510757136485e-05, 1.5424317067889454e-05, 4.6787221463015237e-06, 0.024413407102853009, 3.4933787996684193e-06, 2.753607768948502e-06, 0.00020454948141516527, 0.00082094226267736745, 1.3014393274310439e-05, 8.3533060658399793e-06, 0.057149297895131311, 1.3289942140768066e-05, 0.00053617570323317456, 0.35424688644177171, 1.45106362708445e-05, 0.00013609398717734372, 2.2706397325612497e-05, 3.2997445171186619e-05, 0.034581457832708613, 0.0004065330425431038, 0.0050049854323116465, 0.0037279763528695561, 4.3337624879332701e-06, 2.1609506737638596e-06, 2.222491980231677e-05, 7.3284901125646851e-05, 2.303439563966182e-05, 2.4397593578578302e-05, 4.5935673905957005e-06, 0.00041721785666160819, 0.00016831513640059735, 2.7858525285088589e-06, 2.7229297496370542e-05, 1.0041516944540437e-05, 0.00022802377165125865, 5.0053064025901094e-05, 0.033361050962361256, 7.1542687201855886e-06, 0.00072490501452693366, 6.7320956967224145e-05, 3.4338833379169888e-05, 1.1871579659419743e-05, 2.2613590677678083e-05, 2.566619927713508e-06, 2.0686059072199778e-06, 0.0049329840616167868, 2.328517196040954e-05, 5.4337537871744192e-05, 0.007342755731687689, 0.00045619099897384796, 4.4720418240778638e-05, 4.6123589553391774e-05, 0.0001777152755019461, 0.021266658626061197, 2.8258627097832693e-05, 6.1146411233813123e-06, 9.8112076225352512e-06, 0.00016649657976118941, 9.4859988768154288e-05, 1.9588933160119508e-05, 0.00021658018496667681, 3.2851484147099623e-05, 0.00030453503474903621, 1.8806850231139694e-06, 0.015759273131892286, 1.1151303162866136e-05, 2.6665279969076645e-06, 2.528912046423214e-06, 1.0195679769364282e-05, 1.5899829745760515e-06, 0.00046761204538043992, 9.5789575985851429e-06, 3.0695582469812544e-06, 7.0405724635348634e-05, 3.4700555298925599e-05, 2.3693792180563245e-05, 3.2737459025207183e-05, 0.019778991027237684, 9.2874744574664106e-06, 3.0491263209167532e-05, 0.0069353529776454755, 0.0003335799591549456, 0.03534522113049568, 7.9251917489230265e-05, 0.005098848360059206, 0.088569497705785871, 1.2323270005760826e-05, 0.0029823262115732611, 2.5827085347597982e-05, 0.0065200190767798405, 3.0846481462004046e-06, 0.01737264571446108, 1.5623459973517329e-06, 5.840322871127959e-06, 0.00036665074135166706, 2.0203702768015705e-06, 3.0258445774776413e-05, 0.011892148518597923, 1.260049991988383e-05, 7.7629144123244628e-05, 0.00072992172076334996, 0.013909073686816653, 8.5635671882714642e-05, 4.3088478287459197e-06, 1.0404703583508077e-05, 1.7581576664740082e-05, 1.1236207997908218e-05, 0.016069533492322964, 0.0029488992888285523, 0.00016750430154542151, 0.00011771661187323412, 6.3822812852590299e-06, 2.7935253748177425e-06, 6.2144883716853138e-06, 2.4149855912679804e-05, 3.4900620322076876e-06, 2.1767775242563046e-05, 2.5420098477301807e-05, 3.6291983115264846e-06, 3.1673485959097984e-06, 1.1246532694719829e-05, 0.0011306204607412266, 0.00099613877004203657, 9.9226998120195356e-06, 2.9790346219841609e-05, 2.0877280764883104e-06, 0.00010445180584445415, 2.6135125541495721e-06, 0.051965285346397584, 0.0001465685563542363, 2.6981432235997853e-05, 5.7419359302112921e-06, 0.0008019124154617864, 3.1775823122162175e-06, 3.8022081529761976e-05, 3.6859586939101906e-06, 1.479861690141025e-05, 2.1636553393988522e-05, 1.0401679113257812e-05, 5.0208957375412486e-05, 2.2152309918255851e-05, 9.9165110138329348e-06, 0.00032042235422898393, 5.5640104488262344e-05, 4.2915449363410155e-05, 2.0621014696082473e-05, 2.119782895238831e-06, 3.6066269899828415e-05, 1.1034240774214559e-05, 1.9438130191122625e-05, 3.706314709887632e-06, 0.033437517902700789, 1.0486248716277844e-05, 1.4099071977368983e-05, 1.9913306445187243e-05, 0.00099650858994072009, 4.6847362131124557e-06, 2.868463038519529e-06, 4.259555570146841e-06, 2.8922504199106503e-05, 1.8961147686637934e-05, 9.5760725053388396e-06, 1.0290096282313416e-05, 5.5587580624142412e-06, 2.0661666755673247e-05, 0.0022014924612620769, 3.5950901810849065e-06, 2.8171786641508892e-05, 0.00014443599826766959, 6.2096598941648534e-06, 2.0455230230640449e-06, 5.8173946826603058e-06, 0.012706902139815644, 1.8232965059686568e-06, 2.8268694486124075e-06, 0.00055512032014173299, 6.5905107063438728e-06, 6.1565198761714911e-06, 3.9787468520532884e-06, 2.6254907462785504e-06, 4.1587676765809434e-06, 0.00012888593169982777, 0.0018636863994531592, 3.4645728883744069e-05, 0.058284843206173005, 0.00038400876071736299, 3.1137044092352338e-05, 6.1669344508291559e-06, 2.1487494945685866e-06, 0.025591198786566086, 2.2597638336268749e-05, 1.6495596896645057e-05, 0.0009747958225248117, 1.5309451043904813e-05, 8.6763053816858477e-05, 2.4461831786998486e-05, 0.00014378066820754684, 2.171025760300138e-05, 0.0019238042799573799, 1.048194079236396e-05, 4.2847691219838797e-05, 0.045995292778110576, 8.0551698582183401e-05, 7.3231947001188382e-05, 1.3015058364724386e-05, 0.0013967784112928186, 1.0637864085443929e-05, 2.6655296908408547e-06, 1.3371255700122935e-05, 1.4234154580677634e-05, 1.4465326031537145e-05, 3.151965746835837e-06, 7.4196053763492419e-06, 1.7440657554912639e-05, 2.5756273543628205e-06, 1.892643010723034e-05, 0.010933419566028637, 1.4910792526708124e-05, 3.3766827656048195e-06, 2.2015363852963989e-05, 0.00056414479744358234, 4.6622108790156491e-06, 3.14600862135258e-05, 2.6274031937777478e-05, 0.056759808341299262, 0.038258164359345474, 3.4269965464801279e-05, 2.8281024906390863e-05, 0.00015896842589567536, 2.9873785304452622e-06, 0.0013994895575749902, 4.320329043399235e-06, 5.530103005586248e-06, 7.8367090557540935e-05, 0.0005381240015391493, 0.00012969938043648168, 0.00012496560716385849, 1.8552257661943249e-05, 3.7870844926745738e-05, 0.00024220234392278382, 2.8194018101499058e-06, 5.5137976773968887e-06, 4.4903430090779538e-06, 0.00082568316330933558, 1.62661999492011e-05, 0.00022867602408055285, 5.5415173539112185e-06, 2.2948803503855591e-05, 1.0653393375006319e-05, 0.00086408825653264815, 6.053326125763363e-06, 2.2523622325165288e-06, 0.0049771296777988434, 3.243834862191476e-05, 7.8795184390620394e-06, 1.5611612811990432e-06, 3.3083105162394453e-05, 2.1722095185481516e-05, 3.3933721951783107e-05, 7.0090143916063497e-06, 0.25671806918676982, 4.0225325825291899e-05, 4.8487702515510151e-06, 5.9021081072823228e-05, 0.00027112053791246774, 1.623236836765668e-05, 4.3957673480860899e-06, 0.0009804478009424434, 0.0012116144090945872, 3.2217597455437102e-06, 0.091252903647351405, 0.00024773020401964898, 3.8806853689998901e-05, 5.6638646555907313e-05, 6.0198342587853867e-06, 5.6775684049552768e-06, 0.0032264910069814134, 0.0011442423893766617, 2.6404250586841509e-05, 6.0052921548378949e-05, 2.8274337932814917e-05, 0.00012371766314927648, 1.2531639813579776e-05, 0.00010252747998338828, 1.0243876549807515e-05, 5.7505196632829728e-05, 0.0046466102111358326, 0.018233631420813818, 0.045522071589112909, 0.041631086916247874, 2.4588389831939775e-05, 0.026675786654693306, 2.7236755906865999e-06, 3.8680037414916518e-05, 3.4361535377799845e-06, 0.00026569453910925644, 2.184941576801041e-05, 0.00072918450135759977, 0.029108438615253567, 0.00037540970387607727, 0.046724740515506145, 1.9102274907022403e-05, 8.6716939463676735e-05, 0.00035392300046193428, 3.1268805932504002e-06, 0.00035878788382858275, 1.6215356372675927e-05, 3.5489593599823143e-05, 3.435234301943726e-06, 2.4674580357868763e-06, 9.2693788003274281e-06, 0.0012041884798990835, 1.1645377850148996e-05, 0.00425292860483801, 0.022212807460007183, 1.0264509108908306e-05, 2.4198903328102289e-06, 0.00014696900663652582, 0.029825568658305865, 1.7270981015862077e-05, 0.0072551110131944298, 9.6437520460267547e-05, 7.3082318034575909e-06, 0.00024244341475948103, 9.2370651541875683e-06, 0.00033161865735707556, 1.5397233807582875e-05, 9.9552549955644862e-06, 2.3565269050821163e-06, 4.413184957305988e-06, 5.8368903205301541e-06, 7.8378053795748727e-05, 0.0058331008771991353, 4.3990490042715192e-05, 3.8434888861012949e-05, 2.2207783391187094e-06, 3.1789907897505164e-06, 1.9444776627168735e-05, 0.0030908402373819662, 5.7718885838418629e-05, 0.057161688218771919, 2.2758505407270222e-05, 0.0045319410077775246, 3.9111680946182591e-06, 4.7598337906145517e-06, 1.0774888059863347e-05, 4.5484131915422726e-06, 0.00014751600393583846, 0.07441890371139015, 4.7574509028822024e-06, 7.0426246324301866e-06, 5.7626741790308418e-05, 6.209817561099755e-06, 3.7500805426533083e-06, 4.4973917284715298e-05, 0.0002309414487239232, 9.2475906034397232e-05, 0.00017276714248808946, 0.025658808763690338, 7.7337551265538058e-06, 0.0027931146056639974, 4.5666606949736023e-06, 0.001417678421892914, 0.0059173799151129337, 1.155714896213745e-05, 1.1706479014234292e-05, 1.6624569216503521e-05, 3.9634263138380796e-05, 0.0020626479494810978, 5.4137141623811257e-05, 0.00061549592331816712, 1.9703909316738982e-06, 3.2892221502044892e-05, 0.0070795090705477884, 0.0002160179081928305, 0.039899386614793565, 0.00048185371153810662, 0.0015184720951906287, 1.1220833810003643e-05, 0.00011038080567728881, 4.5147144932950107e-06, 0.30712451738053681, 3.236636008022267e-06, 0.015352439976857845, 8.5220778245955524e-06, 0.0010805988880737683, 0.042108353075995315, 3.5140381894493201e-05, 3.4313686721484516e-06, 2.7197964587698321e-06, 1.6766187931578294e-05, 1.2135748033009317e-05, 2.3100282069764019e-05, 2.6287077615596495e-06, 5.3189577682530611e-05, 3.9690717495432209e-05, 7.7129285748465986e-05, 2.5986874025140943e-05, 0.010431695001082219, 2.9662467068834163e-06, 1.2892766452843336e-05, 5.6628989559764995e-05, 0.0005693651193651991, 3.4183620803567977e-05, 1.7042898219563226e-05, 0.0001073177796112136, 0.00068528886486895286, 7.6150760911743059e-05, 2.4190230805711136e-05, 1.6794686172756614e-05, 0.00091916662720028944, 0.010566174391115759, 2.7239441611910981e-06, 0.0012666244380904457, 0.00013592184229748488, 9.2285275474879891e-06, 0.00035277152060200534, 9.6429092358237995e-05, 0.0007847080999580856, 0.0014949918479976792, 1.0108165588378396e-05, 1.0550960416471487e-05, 8.7574584648617058e-06, 0.0013824422296927082, 1.5386261232011281e-05, 0.24089022868019691, 5.8328753009961695e-06, 2.7104896222452143e-06, 3.3973591885886774e-05, 4.4989056420115723e-05, 5.1058007788469114e-06, 6.0412917288009693e-06, 1.0718439097037698e-05, 2.4972103408501228e-05, 3.3463646763153106e-05, 6.8261148222161517e-05, 1.1538290816118693e-05, 5.0557671042403797e-05, 0.00046744344458761103, 0.030881466831284801, 0.059208451848766379, 1.860555923192943e-05, 7.4580021669216179e-05, 1.0102310815811069e-05, 7.605342228764959e-06, 2.5355989806292301e-05, 0.00092470098676480006, 2.7220742024285604e-05, 4.6475407051217017e-05, 1.0728535899437283e-05, 2.1955224390563702e-06, 0.0001175192391300076, 2.8485063265679519e-06, 0.00068420132881729181, 2.2618759982475158e-05, 0.00012164129392680711, 4.643020301033795e-06, 0.054661431402704477, 2.2971110625594677e-05, 0.00037340422509658263, 8.531375784876172e-05, 0.00010597792009452929, 0.036402079672071729, 3.251011081941108e-06, 1.2264329399918474e-05, 1.0476187628969684e-05, 8.307193645589699e-05, 9.8503028146917182e-06, 0.0016184918861693995, 0.001621123357656497, 0.054282020945857871, 4.2184653687830778e-06, 4.1828535410910536e-06, 9.8710747157487984e-06, 3.0296441635236911e-05, 0.0020331561132949367, 4.2888133077722853e-05, 0.00034343827303634007, 0.0014470933215573879, 0.00024587717914014692, 2.3079776709240012e-05, 1.0258734568855696e-05, 3.1739656110226449e-06, 7.8746771881806933e-06, 1.5189443494945461e-05, 3.6217817077321725e-05, 0.0015286257866538541, 6.8859430636432364e-06, 0.013533337575657901, 0.00021589727415879178, 0.0014907635005884283, 0.056621499128331455, 0.00067519765067252865, 1.0601980340544013e-05, 0.0074211230231827994, 0.0022293126381807576, 2.8711878487878627e-06, 0.0060962841783605811, 2.0935362420449658e-05, 2.3957203082006735e-05, 1.6514898303836964e-05, 5.0281024564931105e-05, 4.4212025759870443e-05, 0.056957014653655158, 3.6570455650388308e-05, 4.8796369987231192e-06, 1.0453564093388014e-05, 2.769235139524677e-06, 0.058971972030856183, 3.7755478935813074e-06, 0.0094650353385842458, 3.6780235045659189e-05, 1.2930408659671507e-05, 3.1291215168900285e-05, 0.00081771749255419592, 3.8353117315957652e-05, 1.4932791494672793e-05, 1.4772891365609811e-05, 4.3796661117621428e-05, 6.0087853861897389e-06, 1.1099005316712246e-05, 0.00010232887680576221, 0.00025144746961505297, 2.1733929726353332e-05, 0.0039957184398142932, 0.003886968168331961, 0.0003746128625972358, 0.013493182972981108, 7.2439367871370223e-05, 0.00011765943803968457, 0.0019582498010743466, 0.0051365789543270724, 3.0289231154447323e-05, 0.0012236460990302919, 4.4715083786868463e-06, 2.6220366894200615e-06, 0.0007813642703313337, 0.0072353294565174423, 0.0012899017474448853, 0.043220505127574374, 0.0011863230184724787, 0.00058931131271158007, 0.0014802742146755496, 3.181186151660353e-05, 7.1178876265567961e-06, 0.00034248515454116563, 2.6090915969870477e-05, 0.050449485445286997, 4.5940110108868445e-05, 2.7917452531032145e-05, 5.8464269175467756e-06, 0.00076105919176575314, 5.962132634979578e-06, 2.8516232692180957e-06, 0.0071377744521955895, 1.202306859784841e-05, 0.082215675087964388, 0.0001320615482879992, 3.1828189856182392e-05, 0.03024623303425104, 2.0232555282293662e-05, 6.5647147005702111e-06, 5.3932469189576178e-06, 0.0034595655899213769, 4.7725126869423641e-06, 6.3715503026057298e-06, 2.2464885577136657e-05, 0.002857643311349716, 2.9007150032750633e-06, 0.0014678920640863625, 2.8066446684591437e-06, 0.0035789988441163436, 0.00013206107461398466, 4.8890797278670798e-06, 0.00012157248339149127, 0.0010937769421519772, 0.11257700732310771, 2.4961382250532243e-05, 0.00013101331858500671, 9.6408267794519432e-05, 5.553086291993599e-06, 2.5257876238293508e-05, 2.4605340902463546e-06, 6.3013214922742433e-05, 1.8458106339709314e-05, 4.6452850886950553e-06, 0.068254752614990505, 1.9530525885921833e-05, 0.00057687445171436145, 1.2213649573301425e-05, 7.0041507899461233e-05, 1.4651756348400469e-05, 0.0025563542366639738, 0.00018201508522034147, 0.00089196294960825395, 0.16578023918098828, 6.9254069222448867e-06, 0.011649023784403269, 0.00051068634729437576, 0.0076216412449107906, 0.00019822942205553526, 5.5957992062393728e-05, 1.0201841193974558e-05, 7.5319676823849341e-05, 0.08118227932124629, 0.0039883580477144539, 1.6891804799462395e-05, 0.056502152487959791, 3.3441997002425802e-05, 0.00023279965846497081, 0.001658093146335678, 2.7932553351952782e-06, 0.47782504042539603, 0.00043526229008475782, 2.2942887908692414e-05, 0.0001388814832048711, 0.00061595936281798119, 0.0012157405102591549, 2.8064989742629419e-06, 9.8869530939361586e-05, 0.041100770641148816, 0.061892907475279355, 2.5871384477854315e-05, 3.1747098320364158e-05, 0.0037339095355137541, 0.043320954300008659, 3.338861002002977e-06, 0.0051686118840745861, 0.00081723174880060775, 1.3445355337371724e-05, 6.6097350360704764e-05, 0.0079139697371714834, 1.7732993919056062e-06, 0.01235905168354173, 1.4100336161584909e-05, 0.046485617392814711, 4.4251909291836698e-05, 0.0087635040937630894, 0.02738163803310209, 0.358293428877974, 0.0027384113785641796, 5.0683794973539413e-05, 0.054186708392522646, 0.0015711156514067507, 0.0051721261980033247, 4.8940176743449495e-06, 0.00047169601150384472, 0.016945437795516466, 8.9900310765151239e-06, 0.050523679233537275, 0.05277038722725088, 3.4811117792926057e-05, 0.00027953572350803395, 0.011089167596282559, 0.0013806805125274996, 0.021923783300692459, 2.404132956474779e-06, 2.1350753280282528e-05, 0.0019916408795089915, 8.7489652820358686e-05, 0.0014460294819041437, 4.0645573617601601e-05, 7.4486617588447374e-06, 1.7594961448770066e-05, 0.00086599273402908133, 1.2685951910147687e-05, 3.3903320982323095e-05, 1.1410837917286619e-05, 1.686617872161833e-05, 0.12349561606667032, 7.7044158181960592e-06, 9.6223762737828789e-06, 9.2877519646552783e-06, 0.0017822295392668438, 2.787222790794672e-06, 0.00011351074925306094, 0.00013693859633135926, 5.0096871650173084e-05, 0.0001420421973653198, 3.1998044441652488e-06, 1.29888609236075e-05, 1.253549919733521e-05, 1.285112809213372e-05, 5.5902513137174612e-05, 0.0048781894350934177, 0.0022892178065633891, 0.0084148550533003387, 1.084353929988629e-05, 4.8690158515258573e-05, 1.2399852597356162e-05, 1.418243932786685e-05, 0.0069196720132266437, 0.04737088035087756, 0.018965482586517413, 8.5082207062415224e-05, 3.90969868470393e-06, 0.00015508129035387067, 3.79938183783295e-05, 0.03065528111598061, 7.8943468013673761e-05, 0.00016285768884242145, 0.013019183670728051, 0.0033451596324625553, 0.004109137801493171, 0.008874288044629218, 6.1579707626914734e-05, 0.15430279659896268, 3.0302265967492153e-05, 0.0013236023151048115, 0.011298585742640636, 0.00031480398613141129, 6.675299324031103e-05, 0.0028734552399413277, 6.1270647411583004e-06, 2.7648664785671495e-05, 0.0032753561233385777, 0.20556916418293203, 9.5590729341336821e-05, 1.720432927841706e-05, 0.0081775670011845353, 0.00058435970798308655, 6.7416902466203506e-06, 4.16459581227734e-05, 0.27476828473567805, 8.9178363340490113e-06, 0.0073255517191162366, 1.5498729334720099e-05, 1.1457804078166531e-05, 6.805735961751097e-05, 0.00057674123585005962, 0.057548394587291128, 0.01252892475924804, 9.2941221200097318e-06, 1.7123005067310224e-05, 0.012318512048694783, 0.0016776198378507692, 0.0014634400182776358, 0.02107102145921233, 0.00027439988377291334, 0.00013798231902636306, 0.00097263247441582528, 0.041585578359254909, 1.0629916590386025e-05, 8.574866444386649e-06, 0.0069777097993238696, 0.0038451264782551091, 0.0024747634574429247, 0.00033839888055662041, 0.0032668679840191762, 3.6969684117539403e-05, 0.02526624678454514, 2.0578828447746959e-05, 1.1228548882264399e-05, 0.0032994039592954042, 0.19962473560381669, 0.00012944037706155213, 9.3289121054282993e-05, 0.062406547797761114, 0.11979124716225849, 1.4481991176282201e-05, 8.4711666977343455e-06, 0.014923023287149142, 0.018997522476995581, 0.020277823439207424, 0.0018627436418133319, 0.15569875019395429, 0.27547410673146561, 0.039377139685792734, 0.084742596711437856, 0.020124737086111528, 0.049792137752597873, 0.26519422893784456, 0.26161096139624795, 0.0034270060526307758, 0.0032145737409550266, 0.17460520925363451, 0.0032022657087656769, 0.0016344591128664367, 0.21486391900006147, 0.12372445188844057, 0.2385085889257417, 0.20202254118570726, 0.00021161499590026067, 0.0024951252853824225, 0.0084836035611763234, 0.0056546880003935053, 0.0011222200069303883, 1.9057697809023049e-05, 0.23160092657638157, 0.050130608814711285, 0.2222557138542629, 0.016988988710100447, 0.040292394623637269, 0.032120794106343546, 0.20638624679747083, 0.26902177125976406, 0.0015264763559049265, 0.016926541140711467, 0.027213612298308598, 0.049603445324552686, 0.1076408350977692, 0.012554124527429534, 0.076964810221944374, 0.020618366132097044, 0.13971592874182218, 0.44733283313536243, 0.020536425912867105, 0.036986282774817518, 0.001511506668708467, 0.050142624036730178, 0.030865422538506958, 0.22826055302349113, 0.022485120191604566, 0.22065840035952997, 0.22486541331861162, 0.20449196246164533, 0.29694950062223324, 0.013988598754467315, 0.0014262950011035718, 0.0051794086474662203, 0.0075834385208629713, 0.019468308054691612, 0.017945923552914675, 0.15614720864500836, 0.010949760839253607, 0.038039430949146649, 0.21398555066871178, 0.0040957738612052144, 0.05559007529617753, 0.026520221958546621, 0.0032244995813777849, 0.068059650940152955, 0.033315073292024551, 0.035594867754099514, 0.13968976487786997, 0.0038031920552571365, 0.17680521306174296, 0.0057188321766214077, 0.019819534659422419, 0.32093596114721545, 0.0082758956409006903, 1.8297085440918305e-05, 0.0031365778607509802, 0.17287898948073016, 0.093158519377845472, 0.0079955679229075944, 0.3329974886228837, 0.051795505197084875, 0.28744300234326559, 0.41690952466323872, 0.41920467398513406, 0.052721170834256988, 0.41820896181458656, 0.12363930541161207, 0.074305501009026095, 0.22627636021097325, 0.063566471084971835, 6.116395716907399e-06, 0.45909697884697898, 0.06235055012527254, 0.021147765594229446, 0.067967202483825193, 0.24774057467254987, 0.29917832583116111, 0.05147364855575029, 0.020561158992755822, 0.19520170985006777, 0.16053250401311084, 0.2003468018387968, 0.01996870109740001, 0.031274519024855126, 0.21334917631520939, 6.565626637279403e-05, 0.36616382298844308, 0.0062162915303290564, 0.024976139394685435, 0.0010355506244953136, 0.0073925804094271625, 0.48943018361400836, 0.00018477727643902842, 0.013607944963578906, 0.33049481203684694, 0.011957801068198335, 0.00093306626680303016, 0.16978770065988094, 0.31904705719837856, 0.25524112926385695, 0.014641905874524262, 0.22908184692764735, 0.0053692289341276218, 0.00013823180807145881, 0.03029504431100339, 6.0434923088404323e-06, 0.061888398465048025, 0.26520436965583438, 0.005836304550891366, 0.36671273203112681, 0.036842341304973672, 0.0051505202229462227, 0.14199800407966726, 0.19909724535282713, 0.040154562467376621, 0.024092099192285377, 0.0037990583477635668, 0.060117959843215975, 0.30083997461338091, 0.1708679916967929, 0.2553929670741682, 0.021632173532174077, 0.45665217555474508, 0.019492316030314809, 0.0032814480625739414, 0.17192550316309196, 0.008692389385369587, 0.022982813180294562, 0.28455655353190956, 0.079550025049924075, 0.13351563318602439, 0.015419089302256217, 0.0029797521388020081, 0.33384034308839533, 0.084981614060409327, 0.027594475672331174, 0.00040156893752221989, 0.0015018113147252147, 0.080258860981543501, 0.001917013841176581, 0.31611279570945444, 0.057120137559804565, 0.0020092419815600348, 0.00011546309618202957, 0.0036757486660164611, 0.30625333540493649, 0.0026200798391242341, 0.0061814893246387673, 0.0092083246048863168, 0.011098399421168246, 0.012234222255843762, 0.0018070097536880287, 0.0011400025139095458, 0.15153428252720214, 0.028248923681191362, 0.03550124931546101, 0.15267617585526549, 0.15792083762682646, 0.0017573672570234166, 0.028364812702695006, 0.35129491232549104, 0.036857679711134669, 0.019302018149307144, 0.018624049866707543, 0.47340854782459563, 0.0011285951442019911, 0.019723488771404504, 0.025246785982601477, 0.49551317637675618, 0.18521233541614238, 0.045526988576500789, 0.31386716888939203, 0.24569569004015654, 0.32512752101274756, 0.15981672276769632, 0.088595816980670511, 0.14449027430553152, 0.059703618871883885, 0.27959229917000183, 0.012650629894965919, 0.034791383467450927, 0.0018651471371403518, 0.19812763987574031, 0.016628254278596634, 0.21752680092943, 0.14783633172044425, 0.020582091629880242, 0.034320952559253444, 0.036690190353210535, 0.00019905078507520554, 0.020063428879491564, 0.026852263763094873, 0.20001631189517705, 0.17897015208904765, 0.0085257344629045516, 0.038351123705396901, 0.37910631797488725, 0.022375026127776605, 0.019028160985420511, 0.0014750304779165163, 0.1365930919392935, 0.29346081203837382, 0.37393026157228643, 0.29480297515126885, 0.14227700503156193, 0.31144378904761033, 0.019911870519442983, 0.066707759758901586, 0.213879847707524, 0.0040146307627279519, 0.025847096293719434, 0.074833060913391258, 0.12845505904992258, 0.020807126420692861, 0.37350667406742261, 0.1767590970213393, 0.0032797335004278814, 0.099301314697765847, 0.0085160917442008415, 1.7806679347735525e-05, 0.013800090897505751, 0.15485359978206625, 0.018459193398145828, 0.013451761017341701, 0.049791264733176931, 0.15359681566436714, 0.44048127402906601, 0.012318595748823534, 0.0025279597467707908, 0.04658356713861711, 0.02733158987168495, 0.12850705095491433, 0.0099078759090732264, 0.0094314543594764908, 0.0052253764628955573, 0.048297552589208037, 0.010167350309726538, 0.0093187848661469286, 0.029986939654350318, 0.0014433460939439963, 0.053590331744370209, 0.020070935068120285, 0.0782220961371798, 0.021975709492061499, 0.016634067520501453, 0.02101154308398236, 0.27394105586918793, 0.0016128551406639471, 0.10239102327017023, 0.0015742030191193, 0.24245505192863356, 0.43632917473908872, 0.0092870064739815471, 0.0025373183258997232, 0.35481097073870255, 0.00024343020798576944, 0.027712926190352448, 0.22497998068700706, 0.0011838508459576596, 0.010384546503859639, 0.21542429449450165, 0.2036105047865234, 0.018757947421504623, 0.010861928023636488, 0.014345723077101543, 0.33815379852246863, 0.01650672366326543, 0.00014010710674227105, 0.026838510735232034, 0.014909864343787936, 0.015511789353388592, 0.016350117317726287, 0.043780930636139248, 0.058590525004578807, 0.0071794055012801075, 0.027608073082962269, 0.068092033670066374, 0.32393196677242164, 0.28341026037531586, 0.05339816599789711, 0.011663643873286144, 0.014174231567996071, 0.0076237756240110687, 0.0027274247175533024, 0.0070886826790558365, 0.1941324475326198, 0.41434201152179195, 0.0077043179813266515, 0.054051353810293946, 0.0014947012240012383, 0.0052278101582203433, 0.00062874665270842194, 0.42632457174258842, 0.0041015103275540889, 0.19895536789354376, 0.20526629935955229, 0.14549913558097541, 0.27348909493961893, 0.0028302345946071422, 0.069505950172623801, 0.2337457947438342, 0.016681965829151699, 0.21753185217070845, 0.14147911998926124, 0.2750489885996123, 0.38375674619732469, 0.00017329135548302136, 0.040657676305076593, 0.19464350742470968, 0.010411449916262064, 0.0014597095681763035, 0.024226736000267333, 0.041640829673096652, 0.0014253894800407936, 0.025819956533099757, 0.0044331640024819685, 0.029607287419448139, 0.083429296240962736, 0.01825774935173511, 0.032554604352201859, 0.33862457155880094, 0.0015157099074586098, 0.23016286713909059, 0.0030906479158008078, 0.067953445683707051, 0.27658968632741598, 0.0063100828373174687, 0.016178704782599376, 0.48042065834226649, 0.27054184492535632, 0.029544809203117698, 0.0053235975841590824, 0.34681143490892336, 0.04527219838796237, 0.10093552658294191, 0.0028028248035609558, 0.20506784824913613, 0.0098038182367339629, 0.081782534352420153, 0.33334044712659994, 0.025162795304062985, 0.0011926255363511763, 0.025869730746119458, 0.43161519562707112, 0.33756268606550638, 0.062647323246726949, 0.034607333724621998, 0.0014136421474646235, 0.25771066142768817, 0.12141429903994384, 0.23962293549819727, 0.49186826695939095, 0.15679648293508269, 0.088716976312566517, 0.0055499143437153448, 0.0021776731716180143, 0.19829086743373278, 0.0043763332654172841, 0.061166595918925031, 0.023141993318925067, 0.075768436627515159, 0.2035157979190361, 0.18541821427836702, 2.1095776674338115e-05, 0.0095105882531102606, 0.22325913049126234, 0.2015704898926462, 0.014448138025824406, 0.066514567926824891, 0.0096734601763030694, 0.42408976919661118, 0.0068461142725483272, 0.04260516209717604, 0.23180586133129175, 0.23570629394228235, 0.21669386961903159, 0.018374534508215502, 0.19456131329080958, 0.085966263751229788, 0.131382213420491, 0.20526454222555493, 0.25998159909650276, 0.30817337471027689, 0.28109106478124291, 0.22565088434084449, 0.35548899244431592, 0.0027293872840382857, 0.31248945633264008, 0.025281935225852308, 0.002552086011316347, 0.20651315941640538, 0.014076342249043743, 0.037627513763420051, 0.0004345132162431102, 0.033192078706196809, 0.051894226822915807, 0.29839331450886974, 0.34613659251718659, 0.081876972625962247, 0.3122362758418657, 0.018263879578993426, 0.0034753335556544532, 0.0035460351966402092, 0.091151573996917673, 0.0053224919836451761, 0.049081996920522841, 0.026809978807133976, 0.11620372187028834, 0.014371267817302325, 0.0017124714458734093, 0.0051258483016024519, 0.023009978037631398, 0.26544049417607396, 0.0039005229119936148, 0.41002093922186111, 0.023417175597211428, 0.033119553693091323, 0.034251762764809797, 0.15338188466834407, 0.24653997536520642, 0.164717291100859, 0.17594874058158314, 0.0098459965203813223, 0.34981229474907266, 0.07755599149923717, 0.20206453157563567, 0.0050880983575144565, 0.048234902442497271, 0.047134047187398817, 0.013637619750814742, 0.030241768341644226, 0.085110074012633694, 3.8974253572248963e-05, 0.064364465581449135, 0.083008934260087611, 0.007710412816815929, 0.048866808209965834, 0.3017785096166577, 0.00050102649713862346, 0.022131268247284196, 0.15324411550649558, 0.025558457067853715, 0.067871726036481686, 0.002740963310418669, 0.032617462137780988, 0.2332820838453922, 0.22850071847529271, 0.0033089307717867021, 0.19536161261086696, 0.045891498771296911, 0.31035460566936757, 0.043834545480936786, 0.42270281505001295, 0.0014775285823960141, 0.22989242890707387, 0.00039236127737774613, 0.032632452743057705, 0.20841276608709924, 0.0052067713254122542, 0.13000759475355844, 0.1000406627542951, 0.014578946572613435, 0.018537611085234499, 0.031277208037825556, 0.022901245847837027, 0.17718735232484176, 0.28190221788641595, 0.00040272703685513312, 0.035243692622446546, 0.24230281540007936, 0.00083186827352235964, 0.0044422957198196984, 0.48741739072980977, 0.0010930782700499509, 0.20105287970188548, 0.061381613375469088, 0.052109849994465489, 0.0015783980919977297, 0.0097321354018534614, 0.025418528375146666, 0.21223942754880648, 0.026604345510304713, 0.1888445696413944, 0.24631495307112464, 0.034484374902106034, 0.20298525100562018, 0.0043289164253630585, 0.15434603509431077, 0.43985497316538613, 0.018444492584323954, 0.046267164055855299, 0.039516665104808148, 0.0337539096841728, 0.0043012276530678632, 0.18251929452151183, 0.01525691571099844, 0.38210218980002175, 0.18139222013879036, 0.019243784003712846, 0.1262542059854633, 0.03279839981382808, 0.017307154987660861, 0.0036858375528003038, 0.24256223490481402, 0.053581116361731726, 0.00048679290353589324, 0.36015413888571313, 0.3147329896897697, 0.00035406110724078377, 0.44335889236696119, 0.41708927627130998, 0.1545785340912682, 0.085714094097131474, 0.00014594223607460239, 0.47268751684780103, 0.014140232142477857, 0.40613141096061672, 0.48428347055854365, 0.4024724933819438, 0.085768959899816449, 0.0014782742533815698, 0.060731364685366648, 0.080029013140237706, 0.0011368694684769202, 0.2727058760955397, 0.01502522538593363, 0.086251103118769573, 0.22760659746240347, 0.023039415404551809, 0.030099973592159029, 0.0063704981881755902, 2.2205752542750766e-05, 0.045603006736576669, 0.024234618785193954, 0.078953685889884315, 0.0013870740074447105, 0.01038482539214218, 0.011877720118681961, 0.023900056020261511, 0.20035074666125011, 0.021399267520071777, 0.093332565413393173, 0.22956714229843189, 0.43835795525407417, 0.12521838626409484, 0.32960695720680322, 0.17487109154437486, 0.002271878892225878, 0.064334065245049601, 0.033697906180653728, 0.33752546394673322, 0.0012889834480155765, 0.0022090509883336755, 0.0085729489097673903, 0.002151441235731803, 0.32272519722608611, 0.20122014843673375, 0.065561585401321731, 0.091117345719030268, 0.0015324088608597746, 0.043512140740116355, 0.00078615195139990473, 0.18778711584260774, 0.26599187065050195, 0.020227303801632256, 0.00069427143754017357, 0.0051527671823703852, 0.28019613216542599, 0.010357543170015186, 0.18714286973336192, 0.30316773533063873, 0.0048388991860067619, 0.48238209371845925, 0.0067438289878458298, 0.48836825304143622, 0.0052037351004706909, 0.024539551944036848, 0.0099418626924334414, 0.024665590156285996, 0.24140611070219137, 0.3726052762783868, 0.052134814682659153, 0.29067836868275659, 0.47977469223256236, 0.0060117759505362951, 0.0053163118764784235, 4.7843023660084582e-05, 0.19566507216484039, 0.27981794563328188, 0.057425683540431254, 0.078937476621548361, 0.054344098324868063, 0.35377339598401986, 0.47331343477773274, 0.012644753281319214, 0.057147191696738459, 0.24670810646159272, 0.023637729460924, 0.24018499395217216, 0.26136083769117235, 0.00023573836212342138, 0.065198521018559982, 0.0042731041641329215, 0.00913795406286649, 0.048037821546732508, 0.0037804994532120045, 3.7497163520984178e-05, 0.0053207385153319475, 0.044761873252833602, 0.051225589054175659, 0.31119066357339331, 0.1477106031058536, 0.0012207010899468746, 0.17480270630691916, 0.26889371307706655, 0.16613770034573877, 0.019592775787412434, 0.021200021500624264, 0.040102791857132322, 0.20166214132603866, 0.30859057815186525, 0.013158279911984145, 0.011384080844354189, 0.080780464131381999, 0.037617293155358202, 0.032815436073571173, 0.0074875979438161133, 0.17035584625388916, 0.063044862052236694, 0.0014803967394615176, 0.040362632258700307, 0.019259660647303067, 0.011712923393163387, 0.2235662849256376, 0.33895400478769683, 0.26526144299841387, 0.0087083135382913929, 0.10131330764725952, 0.15856716107700758, 0.0017107740537741082, 0.32156810864756635, 0.33990363999870965, 0.0021013555307218008, 0.0089943766982949445, 0.035162397330026074, 0.047438173288715135, 0.04526725351289692, 0.36225876401505469, 0.039015755026383568, 0.30637145273933036, 0.0090681468880576682, 0.02156400156306227, 0.29666232342573085, 0.026849152254624239, 0.024190227351649288, 0.0014901535484811894, 0.016080464717139267, 0.21411970292620888, 0.1873331733598225, 4.4602986357411008e-05, 0.10121263827859964, 3.273795072673574e-06, 0.029697125838050648, 0.025817539599808544, 0.024325404313496869, 0.22485010558861282, 0.0088918697195287805, 0.16750052349687714, 0.26104358907701491, 0.03609858825823202, 0.001228948120128444, 0.0079012403212921078, 0.00055536233028714345, 0.21787931220909362, 0.05726975012771441, 0.0011178008578572132, 0.022172037903482687, 0.0099502173112478009, 0.01493349026141221, 0.014471379298822376, 0.15889315886668798, 0.49426358167276135, 0.4972297628219785, 0.019476833965260253, 0.14464335464158765, 0.44947040464402466, 0.0013706897526007148, 0.27742895252538136, 1.886164314140859e-05, 0.21351154779553883, 0.0014088246207045701, 0.0066853118121223999, 0.31281028780742265, 0.034650187472554689, 0.11668519074874317, 0.21928101804994862, 0.17766906536062665, 0.15314314579221749, 0.00094065465236693876, 0.028560304870452708, 0.42216256368208976, 0.10289853199003807, 0.003592064271254134, 0.035806227740328135, 0.29464009431528559, 0.28490487165659084, 0.001097786406567116, 0.026439814924647032, 0.14282415126593775, 0.0036513103644955666, 0.32357412445422012, 0.32183523060883268, 0.0016538902976393286, 0.0051204190983927585, 0.0034557600407685795, 0.063435093591867567, 0.22820623568619389, 0.0029139200278425308, 0.087953235240858213, 0.00094379767704455195, 0.022279218893954286, 0.4817864583214328, 0.0010238315768136255, 0.010325039367960745, 0.095075621389272405, 0.15627288848232268, 0.0050580754570968469, 0.058015146317447093, 0.044041829815388442, 0.29893864552635613, 1.0117780006257229e-05, 0.19826366407585919, 0.21554111463028616, 0.13748561984094931, 0.22981665767787285, 0.18455429738472701, 0.29720437556655666, 0.25368556152977684, 0.27169027632019171, 0.062696043145881453, 0.18037976587113713, 0.026860280876641128, 0.050859895251306915, 0.34732072053405133, 0.023629594420428963, 0.020095158396208221, 0.47285981621761008, 0.0051044412773430083, 0.23749277913038735, 0.033682567330626016, 0.046612041451938042, 0.009730349195107367, 0.098674549649160226, 0.26842447756251653, 0.01281481662746678, 0.19150783498205784, 0.22751566896061912, 0.010034809610376654, 0.0035113390029411955, 0.095760783512951184, 0.0096065134753374644, 0.0073262605863224362, 0.0070925397384778268, 0.14905234438570458, 0.16218127384949779, 0.02594055791347764, 0.0072725670360048724, 0.44542396923354816, 0.31473521778546448, 0.056604391958807135, 0.35921055957263542, 0.056953791855310368, 0.48089817919616956, 0.057631404331859384, 0.097131003970015631, 0.17127448780174509, 0.10536750216515513, 0.26653939594490039, 0.0034985604146517222, 0.018516410523781869, 0.0079888103743873378, 0.026167211889064474, 0.21577816223826177, 0.41684662298793468, 0.089371915664983009, 0.0033096212033962209, 0.32609206949947372, 0.060438515740999676, 0.0051524124935671111, 0.17281515593007699, 0.27164564300495464, 0.072649848219115118, 0.28590508451842861, 0.48660609985278025, 0.21330666910882135, 0.48602385505185647, 0.041607404433325557, 0.1752727341810095, 0.06748513904513713, 0.1477445749038368, 0.025025716375693247, 0.43065370662537805, 0.0011750377299163956, 0.01838110760993426, 3.9438748413959167e-05, 0.31161486006065814, 0.035458209610360558, 0.023951273691269301, 0.0041218984658981921, 0.00022470716309644053, 0.44645504180354723, 0.091033697123230117, 0.19582834689075876, 0.00013005558793580167, 0.069083103373292043, 0.14392802227026533, 0.18147473740794443, 0.03167097328225088, 0.32492464160372997, 0.42269282878420406, 0.019978940054478821, 0.21698231474902049, 0.066173955960278502, 0.18673036773404328, 0.048035821725461419, 0.0018036178467984996, 0.35160471273853405, 0.0015780018519840886, 0.015725615691150139, 0.00060595056452896986, 0.018898041871168982, 0.068065614721794107, 0.32943093427185743, 0.073152517245129806, 0.0041509956275340995, 0.053421986414859846, 0.011411473237483486, 2.9685075205150009e-06, 0.010947186209602017, 0.0020280432205841232, 0.055992131985395557, 0.14387136672002326, 0.012639397674351011, 0.0099868945295020772, 0.010387207922958781, 0.050980483431209075, 0.3178725772449067, 0.38009160201689424, 0.0011539772198208308, 0.064522357558125951, 0.045059405939904061, 0.029809375557041613, 0.0086766543774522559, 0.093760149587681169, 0.0098752815279801644, 0.0047744514586981757, 0.076464446535834688, 0.16721853566115755, 0.12681286350044768, 0.001549845498212844, 0.1201935711405575, 0.025384469637058874, 0.32092132571367848, 0.0013726491141407267, 0.006442254215001557, 0.21799755523573852, 0.017183253441263622, 0.06888037615563683, 0.098771144749457793, 0.024869268523340128, 0.02024795837353394, 0.012705920558050733, 0.0028394942593833587, 0.056317200006775453, 0.0052650809205302129, 0.09665354281437058, 0.25481978858032855, 0.10039186495323303, 0.032064598054652116, 0.18347677069206511, 0.021488530963594776, 0.30850230719417576, 0.016849524947909218, 0.0064512781750860832, 0.013023334744782645, 0.10322047806324765, 0.33899183276269829, 0.27607373876868607, 0.48652579073502183, 0.0017605594768471313, 0.20907768856128436, 0.0015505527698154403, 0.033963846144485263, 0.240978898522862, 0.16797979645591812, 0.076633502272313428, 0.038030191021761812, 0.21810871884966765, 0.254164501296201, 0.012005599514480348, 0.065407748920823419, 0.39453629155034098, 0.29102573676770449, 0.27384797040386927, 0.018225194140572502, 0.27406890630483999, 0.0035275255636825122, 0.0011499413540435571, 0.0024762794996741762, 0.012528700663711652, 0.10995306408993263, 0.005009834366015869, 0.33244446600620098, 0.055285563597101982, 0.00010506125187256056, 0.014034626878076174, 0.0030320112958175339, 0.06815601699233205, 0.0091196382627430125, 0.080147135399498859, 0.074226253379846188, 0.32500269998025977, 0.0060861986404807614, 0.11181935627503424, 0.025456961730193108, 0.017859007947275532, 0.30375059469695165, 0.11772767540262227, 0.036439819785009278, 0.14635619316174486, 0.39450430688106203, 0.026204580109856202, 0.0068358407832637526, 0.23471736323113165, 0.29098681198185666, 0.44854239006419522, 0.00091432166827439053, 0.31939832160701492, 0.0014734802563377278, 0.061448518530940743, 0.05884606530942707, 0.22239293068334995, 0.0052193780625604301, 0.0082372585032266799, 0.03670974574206496, 0.008973889905723573, 0.044224318307059043, 0.25289896850147947, 0.049734328541541979, 0.030930563659342832, 0.012541420650106544, 0.28257599048072729, 0.0014117376019279213, 0.31720759743790816, 0.0051313674989224949, 2.5471985581393408e-05, 0.29060971847471034, 0.0058459211424251156, 0.052122516929921099, 0.027279714798337133, 0.16309019692300059, 0.3044687597012139, 0.15351033465979658, 0.010497404601323297, 0.30287055076188629, 0.00011700747745308732, 0.027753331936112836, 0.17783864339436734, 0.43641007878651467, 0.24270639960182747, 0.49566745193237494, 0.0045899973168491825, 0.026086372778486286, 0.0014557311249364026, 0.24655320814225187, 0.0034632645121067869, 0.073305164978087048, 0.0011879166399137908, 0.0020962359749408764, 0.00086329397392257269, 0.02097975798087157, 0.085878935960174485, 0.093875398474497745, 0.32842846131747111, 0.054509325234264834, 0.032322050086240804, 0.06075639169631341, 0.082207158105364594, 0.34594514286494094, 0.054036521880083434, 0.14809922243898313, 0.32825764928866824, 0.11000991531542623, 0.0074786570125415265, 0.029714677855273746, 0.051309882256928549, 0.0061201587002112142, 0.25794139506238584, 0.0033537676675435657, 0.19198168088890866, 0.068402289806809513, 0.0011474639524940225, 0.15766068576997933, 0.3027701991940262, 0.0080240755880438084, 0.0015386052825954741, 0.0067236262644672015, 0.016742230489902667, 2.2817239831178946e-05, 0.02475789682296143, 0.16886357501425034, 0.0049475186585354793, 0.010068941618718741, 0.032220968837428331, 0.28425576369108935, 0.032769497155764916, 0.18939068727854866, 0.40937285417434155, 0.01934549702498704, 0.26330826473256869, 0.40064699438330581, 0.47737316347518161, 0.4910861469463072, 0.014835643464222011, 0.024325015864660765, 0.032981030195148309, 0.19488664075162401, 0.17093508575382596, 0.047499070881318578, 0.35896087712474556, 0.44626974780866602, 0.034127077324761737, 0.047566786102487449, 0.10752129405915158, 0.15807203310348847, 0.032801311663343526, 7.4478106738547479e-06, 0.0037055401067584669, 0.025475089111024807, 0.0018113455496850781, 0.11420955277530491, 0.00079648255704925432, 0.020678529273267177, 0.046102019693711124, 0.16003792313514045, 0.19839406424491696, 2.4934803727943339e-05, 0.041118614303692742, 0.15426222991146415, 0.31009288581494521, 0.17518402957993792, 0.056831375442985971, 0.24128176778571822, 0.3668960568630234, 0.00023169931069260728, 0.47330677843647534, 0.0015524974589021987, 0.0023173081935571414, 0.010244787020650539, 0.0072958246033558143, 0.019362191613735903, 0.01272909931972961, 0.14179678979310137, 0.081812787555540306, 0.4884639808097308, 0.19502402704185431, 0.20583943813172126, 0.14795337427389763, 0.4419545670104838, 0.05068708480042166, 0.0017282807002153599, 0.02505793821731225, 0.027432750858820423, 0.015799997342767592, 0.051034707003062181, 0.0014988213781912472, 0.16280569665532102, 0.0078994382549237834, 0.04194118352631155, 0.012616299848769899, 0.0094246110949142339, 0.28610536991637475, 0.016327091013155146, 0.3899943802443066, 0.49110327720372493, 0.011934727810234434, 0.23052171321731821, 0.3110797737394701, 0.016378260530676678, 0.19422820185231046, 0.12773462802652577, 0.00023423149721196184, 0.0024392379332922815, 0.14940818180218521, 0.14000198350934423, 0.0072854746971239793, 0.0012275035851386968, 0.35208656020616352, 0.24463988455068708, 0.0054042943266753261, 0.0019044466889651026, 0.074796858248920114, 0.20550695729770715, 0.098203174281875749, 0.012827181744970165, 0.076519519680649767, 0.0065725226940591183, 0.092799323662453193, 0.14957664150865876, 0.094121223234146845, 0.27746023730340275, 0.29097168842192983, 0.25986447286248759, 0.15738129760048167, 0.42565546787802594, 0.23997126234381522, 0.030586799173324523, 0.056616632832253211, 0.35193250802823606, 0.15059347238681545, 0.18568348280317529, 0.30983476702521345, 0.19920518202041382, 0.31382090025860393, 0.0049516620577841194, 0.015111603322519483, 0.0087289668727557179, 0.32904469161161087, 0.24761644743421685, 0.045605105410096207, 0.015998708884536507, 0.3368272441244709, 0.28789689346894154, 0.37956710915699282, 0.016189401341040105, 0.35142434348488366, 0.44547447328351308, 0.3531909886999573, 0.49604815650269862, 0.26586496891535877, 0.38382832390235866, 0.073240160343847727, 0.035380485657971854, 0.49571660119975564, 0.00076032113908346924, 0.044800091708849334, 0.18905870105952338, 0.0087967103963816403, 0.32046621982452383, 0.053385901867268055, 0.042143462519986324, 0.012574116023623088, 0.034490684074648267, 0.07253096632483752, 0.29073234283595478, 0.018811694525366709, 0.42082429183547804, 0.0019161314203656639, 0.0014748033127346106, 0.0079218228825893924, 0.4645758918277102, 0.0084452213226693801, 0.021935021744653869, 0.0051303885908867107, 0.39314665344533073, 0.32954635413334304, 0.0040434022708944733, 0.2061665092142099, 0.019991333021292926, 0.018481130795801246, 0.0055222320121712564, 0.0017502004501482378, 0.0089760760717753768, 0.00077960251972735166, 0.21059528383988932, 0.013133294976495805, 0.23373575762617294, 6.4660815741798269e-06, 0.30055464728656306, 0.32540439856316639, 0.25616995386437791, 0.030466811630701477, 5.5530740284741899e-06, 0.18531222013831872, 0.31241497134960738, 0.18549667365623285, 0.01268240507419759, 0.0026771308509635299, 0.2020800959331058, 0.015867486861193259, 0.037246499369367407, 0.0041268633768834018, 0.020257471770578763, 0.00068538760631124468, 0.15372954983133069, 0.16133890932828202, 0.22025547910575549, 0.30576398422423856, 0.25457459918840347, 0.0098203652154702243, 0.0049735151417588854, 0.42277765187802241, 0.013983900066526897, 0.12766521294919092, 0.092749758200184607, 0.49163320317320686, 0.29689095734716864, 0.40259286829146074, 0.018879993670532835, 0.4018523819025967, 0.26298134193751049, 0.0050979694025617504, 0.41272146295697931, 0.03742176608397256, 0.056537792585831977, 0.097870908461792652, 0.026841456429559429, 0.043812588697791137, 1.0826289056203926e-05, 0.18107194126342827, 0.36432379618827576, 0.037794781513186763, 0.029615377083054416, 0.24227497593679195, 0.13676465859727563, 0.037195529329334127, 0.099421668579990255, 0.30350555531823115, 0.19301055228813357, 0.41829109481879018, 0.25874963859869615, 0.013189774168065521, 0.11471594168055323, 0.26860176429215399, 0.001621726439566764, 6.6297013131642616e-05, 0.0018260012255836848, 0.00011640121017137658, 0.0095165044242097405, 0.062855617048412887, 0.045829111483304763, 0.040815608993887913, 0.00090390557638415426, 0.10829708110951489, 0.42988629742579482, 1.5115328812752176e-05, 0.27315983129481997, 0.059157988063728253, 0.012727915794377395, 0.12749973862894659, 0.027310042285790915, 0.013371335714791597, 0.060476742480066813, 0.040157672037480434, 0.069820132560209539, 0.10617170787307571, 0.45638914764380301, 0.005121373905376936, 0.0014620280204697758, 0.022100620511181931, 0.31768691885423134, 0.030714576564445716, 0.024628344356152496, 0.0029097072212285286, 0.043081649272260832, 0.0013148830801118284, 0.21237205486721683, 0.055798796573832445, 0.34320175135985881, 0.034919475958605721, 0.34036942533933007, 0.22766261040854835, 0.16294114380734623, 0.0063722462777179786, 0.0080211555940276659, 0.37863275643056449, 0.0033455491013702991, 0.4470123865955945, 0.20426633068996611, 0.10209848220974689, 0.0707987538827487, 0.024810119418189201, 0.41941014290313161, 0.37987841076084733, 0.065666129658722469, 0.18297073078704837, 0.032645415031509389, 0.29071661336724991, 0.029943645129516496, 0.21023639628338422, 0.018658358932041194, 0.094648315566941615, 0.069531457242388628, 0.00023576357085402239, 0.36841111134449067, 0.19138362743918796, 0.00613396494879588, 0.44686396646202559, 0.0037394916189857036, 0.31468039863650826, 0.26585400166051965, 0.12954816010865713, 0.24117979113599264, 0.00099568258019902306, 0.032095114165546772, 0.27921240575211942, 0.066611446668905894, 0.0019593299375332157, 0.39761232551833198, 0.20146659292307012, 0.019990718258303224, 0.21501683098869687, 0.0068689920875074197, 0.035752293486405719, 0.3841221756288134, 0.0037519865953029898, 0.019543385226803892, 0.0014009322477757649, 0.11843004198341944, 0.24093695910425428, 0.10283728508930649, 0.037915600457490858, 3.4084473021703601e-05, 0.060149061057841291, 0.069402299416894214, 0.0036654831209775524, 0.35374058506150929, 0.014357495214478409, 0.030707963234863574, 0.0025033565780368549, 0.34859990882824193, 0.020397836374141422, 0.0011338667659764848, 0.0098026817668728315, 0.026795698708433117, 0.20050661320188573, 0.048489250191180756, 0.091909750716184749, 0.20485955020936503, 0.37504923044516963, 0.0013977587291614509, 0.009770724894167972, 0.26848607950871478, 0.069450487785485251, 0.44378530857984649, 0.19106210479916724, 0.10229970780609331, 0.012715048782515228, 0.037068048563389168, 0.020015598065646335, 0.13139161240568767, 0.16901191878934202, 0.00082496973395031312, 0.019981368919149197, 0.066471872599284831, 0.070229926893268985, 0.0056841712944249107, 0.33950553154865371, 0.28386166613880254, 0.067914527066654587, 0.30529628891993704, 0.010822529720322568, 0.036181809785879253, 0.012621041425921915, 0.070586709123379818, 0.019967029106768227, 0.0060007507298895976, 0.30584453343101875, 0.024137455137312216, 0.00075082441199922562, 0.39556348226123561, 0.35621785521623789, 0.063028613145947029, 0.056147532491284527, 0.057728346911185849, 0.16201447252865867, 0.062781304459084808, 0.29087565847225161, 3.0270888546292401e-05, 0.0042572985062532369, 0.040339950870030089, 0.0091722443134513408, 0.31557922766061874, 0.36093702749208173, 0.02037475782055697, 0.46763934312919758, 0.11108263343854612, 0.010344360613038731, 0.33832108099551783, 0.051533390770328334, 0.17779999964398596, 0.48450468154424176, 0.0032015147326102588, 0.0009280472442656408, 0.34397291065875479, 0.004960308969028375, 0.042135531358389836, 0.0020251348620619492, 0.023879659655119338, 0.0057583175601740831, 0.01663082935641181, 0.033973199460940226, 0.28030853686136642, 0.052969734941378493, 0.02775663365836779, 0.018807470344129745, 0.018072628379743928, 0.086873392318431553, 0.031286086486504917, 0.045524467471471652, 0.41085218500053305, 0.060411883478993983, 0.037770112131592017, 0.046585981920586023, 0.0087064869050731061, 0.041564822926206446, 0.028199148494062905, 8.3606987473857473e-06, 0.0063939323023205659, 0.023443842129012221, 0.19047323593430412, 0.030888386684015289, 0.0080447490414020679, 0.024656050084289564, 0.20574042922852884, 0.052848556170630237, 0.20851291671334959, 0.062111282076632607, 0.47400816984122618, 0.22676310613450174, 0.029520799723902608, 0.19889038698639289, 0.013877319708936452, 0.0017946601574812793, 0.092120760692508574, 0.23205137886912824, 0.048974761702445503, 0.16397611222626854, 0.021265994972855064, 0.4966224602296393, 0.024003272620359853, 0.22181443152761543, 0.0036445002398038857, 0.37038031165609664, 0.0049499374175741772, 0.055874310243113429, 0.030992220936351407, 0.011500562675791992, 0.10706225941692624, 0.010085198825474142, 0.049129472515376416, 0.041640256696981306, 0.13220577082020096, 0.034974061656092882, 0.32120646600021774, 0.0059633530499393064, 0.0017757984874346466, 0.00048535368327147851, 0.0024752999279843081, 0.014334717492895081, 0.37246454316052352, 0.23813375852853377, 0.006722512355605898, 3.2526548096823454e-05, 0.01265537824372703, 0.057032921076903192, 0.0091418368143263255, 0.051510268598896659, 6.0493261554443924e-06, 0.46898705888161191, 0.18674100851417141, 0.068447721280048626, 0.017229383044545032, 0.00035225241802472405, 0.29730068902860673, 0.017316415153887439, 0.006194702201544223, 0.23095709662848757, 0.029136868114730749, 0.0072338947266170862, 0.0070683559759917762, 0.16862524593744793, 5.8513353742394962e-05, 0.074336020074728795, 0.30934374387797542, 0.061343833237862064, 0.0035904124107930756, 0.014661768152532645, 0.0060389135013804544, 0.29213723905667555, 0.023052675299289171, 0.0009177972003210058, 0.23136440073494557, 0.083568120397666187, 0.0058274688794304596, 0.15028339125625084, 4.7254460588866938e-05, 0.012162947211692398, 0.48649983924761203, 0.021296177468435575, 0.022141585186823787, 0.048590508877149018, 0.10998037109864088, 0.15579742388969317, 0.0058243012014844069, 0.027778527819757003, 0.0014409970398921918, 0.30227367362005547, 0.13385691232191949, 0.34691975810488979, 0.26407164848345138, 0.39514796031088156, 0.26500510151454904, 0.00078612436153869842, 0.2078167496113521, 3.5550695573836522e-05, 0.00012938506310088423, 0.3398765290541122, 0.24782121305833227, 0.25985228927215709, 0.0098375030682637827, 0.044715232465401003, 0.094399958248317803, 0.063149015558355032, 0.004536651383075521, 0.0085718286149836526, 0.48167085516061769, 0.001451011338050304, 0.45722294753487086, 0.20151609323296341, 0.0051008543682029119, 0.0010608221312558878, 0.00156176326356738, 0.040983977313143995, 0.077626718076313397, 0.29585903267668801, 0.0048647499263279126, 0.019496839172569582, 0.053451958389414418, 0.10175942516524483, 0.27425118982648095, 0.29328777033008763, 0.10582577373030903, 0.0041072217117481763, 0.032926750771529498, 0.0050872471169552342, 0.020877922282519494, 0.066885488526230732, 0.036829696616486857, 0.2088211552081834, 0.3210412187627576, 0.001545693740039152, 0.0033289505732656244, 0.011660294337251062, 0.019997253907643439, 0.018826532224105165, 0.0050027497205217073, 0.045503810965557424, 0.029723000494435676, 0.1998829933552681, 0.059328154768783219, 0.081454148525064871, 0.261771386622696, 0.23639931721358204, 0.033865318712386926, 0.0042024996330868244, 0.008538118816849476, 0.0044583539301302202, 0.25234837836616331, 0.03353141127187273, 0.0016677368552196795, 0.3699749018024468, 0.29199883387870934, 0.47531974444574698, 0.020683245428660967, 0.29601717765193952, 0.027096505735507977, 0.0055295321518558241, 0.17346929687326904, 0.38208375283381918, 0.040916092852129105, 0.35097449254544477, 0.089852630318889362, 0.0272461050674218, 0.095809464192540827, 0.0061993929507805764, 0.019785849519092649, 0.211712833267128, 0.028787158411734359, 0.00096173934186773993, 0.067767264159163176, 0.018724091730671841, 0.00011476861896023411, 0.22648208311955567, 0.17920765515377646, 0.35784328897848561, 0.19144319859120712, 0.45675853698606811, 0.28821877117908379, 0.015201434703222161, 0.0015477549175251619, 0.28328237154872526, 0.00057308376778456081, 0.0013665611044140966, 0.0050138380941723735, 0.046589299370236779, 0.30645132507728379, 0.43884881485630683, 0.19333872402528957, 0.089477286504814055, 0.32321549230752511, 0.16780755442542622, 0.0069112746629992573, 0.048567312443056315, 0.24066383716379439, 0.31691047400029487, 0.34304275112493315, 0.36421352577703714, 0.0098317541754806004, 0.19354522509345823, 0.0017519643973725257, 0.026329970228207638, 0.046613583356887527, 0.014553584741741912, 0.045283946980552651, 0.0011538054974619114, 0.017762451626567463, 0.013186650970349635, 0.0066250166668692266, 0.080002026299181836, 0.011721534011938166, 0.0015610683897436921, 0.42642934827202017, 0.016304129835852412, 0.015289178657637069, 0.19966809471203109, 0.040542700682273065, 0.1883758135326202, 0.36099632790957786, 0.21927422529902194, 0.022057662498803011, 0.0014858305801384532, 0.1849876116985236, 0.026720447217151017, 0.066503670533839571, 0.13019079759837485, 0.035807968578626462, 0.34051397616107432, 0.31252452043303447, 0.16177238209531392, 0.011149647846516448, 0.020024383547098422, 0.17823396714399287, 0.31673083437746097, 0.29654076967403648, 0.021116752150612803, 0.085605960946576173, 0.00048683407928324437, 0.39020794722968988, 0.0073369745739648735, 0.22208514155174047, 0.40536750655112064, 0.033769769213311776, 0.025877283406016707, 0.24395595910065054, 0.21076127276630272, 0.040634335825877554, 0.026495738044333292, 0.31950385440767998, 0.0080623656621150036, 0.49049492522532961, 0.062051658579828799, 0.24523229956600412, 0.19035019706050288, 0.052730933780517714, 0.15989566133046737, 0.42678700808261011, 0.30658085303995514, 0.054556032918695943, 0.020152181093377547, 3.2769109144757818e-05, 0.0010615798340631458, 0.020340293118659515, 0.00067528887168401231, 0.091075391133301931, 0.0095629181215035417, 0.044837450869400657, 0.018561013877733377, 0.37708372560507181, 0.16803005452147554, 0.089493405251078129, 0.0031441019368500696, 0.0041472966095874916, 0.26176164419941483, 0.0014772574858385186, 0.1640711397110674, 0.0055609211288353512, 0.49307284664952672, 0.024133884415286813, 0.07450182122095611, 0.045678040432287903, 0.17371805233284873, 0.0034029013576055687, 0.034416019396455354, 0.4803891224450566, 0.39608245269245257, 0.038800136874241477, 0.0059863253449504855, 0.050709148612227688, 3.6298251460587389e-05, 0.093888242925020307, 0.060770060661159996, 0.012623300385388078, 0.00010355264109134471, 0.33661362508986437, 0.22524109037166803])
('Average error:', 0.041277752827572942)
('Max error:', 0.4972297628219785, 'Median error:', 0.00013379193533892021)
2022 errors out of 16452 data
Error rate: 0.122902990518
